Running 6 processes.
Start training /work_bgfs/n/navarrodelacruz/odt/optimal_decision_tree/augmented_datasets/body/body_59.body with seed 1.
Any[]
(5, 497)
(5, 248)
(5, 124)
(5, 125)
dimension: 5, class: 2
cart cost: 70.040625
size of X: (5, 372)
ngroups: 12
UB: 54.50937499999999
Iter	left	lev	LB	UB	gap	
0      0      1          5.9478     54.5094    816.4672   % 
UB: 54.50937499999999
branching on 1 with d.
1      1      2          5.9478     54.5094    816.4672   % 
LB close or above UB, fathomed
2      0      2          5.9478     54.5094    816.4672   % 
UB: 54.50937499999999
branching on 2 with d.
3      1      3          5.9478     54.5094    816.4672   % 
UB: 54.50937499999999
branching on 3 with d.
4      2      3          5.9478     54.5094    816.4672   % 
UB: 54.50937499999999
branching on 3 with d.
5      3      4          5.9478     54.5094    816.4672   % 
UB: 54.50937499999999
branching on CartesianIndex(1, 1) with a.
6      4      4          5.9478     54.5094    816.4672   % 
UB: 54.50937499999999
branching on CartesianIndex(1, 1) with a.
7      5      5          5.9561     54.5094    815.1849   % 
UB: 54.50937499999999
branching on CartesianIndex(2, 1) with a.
8      6      6          5.9561     54.5094    815.1849   % 
UB: 54.50937499999999
branching on CartesianIndex(3, 1) with a.
9      7      7          5.9561     54.5094    815.1849   % 
UB: 54.50937499999999
branching on 1 with b.
10     8      7          5.9561     54.5094    815.1849   % 
UB: 54.50937499999999
branching on CartesianIndex(1, 2) with a.
11     9      6          5.9561     54.5094    815.1849   % 
UB: 54.50937499999999
branching on 1 with b.
12     10     5          5.9561     54.5094    815.1849   % 
UB: 54.50937499999999
branching on CartesianIndex(1, 2) with a.
13     11     8          5.9742     54.5094    812.4143   % 
UB: 54.50937499999999
branching on CartesianIndex(4, 1) with a.
14     12     9          5.9742     54.5094    812.4143   % 
UB: 54.50937499999999
branching on CartesianIndex(1, 2) with a.
15     13     9          5.9742     54.5094    812.4143   % 
UB: 54.50937499999999
branching on CartesianIndex(1, 2) with a.
16     14     8          5.9742     54.5094    812.4143   % 
UB: 54.50937499999999
branching on CartesianIndex(4, 1) with a.
17     15     10         7.9156     54.5094    588.6325   % 
UB: 54.50937499999999
branching on 1 with b.
18     16     11         7.9156     54.5094    588.6325   % 
UB: 54.50937499999999
branching on 2 with b.
19     17     11         7.9156     54.5094    588.6325   % 
UB: 54.50937499999999
branching on CartesianIndex(2, 2) with a.
20     18     12         7.9156     54.5094    588.6325   % 
UB: 54.50937499999999
branching on 2 with b.
21     19     13         7.9156     54.5094    588.6325   % 
UB: 54.50937499999999
branching on 3 with b.
22     20     14         7.9156     54.5094    588.6325   % 
UB: 54.50937499999999
branching on CartesianIndex(3, 2) with a.
23     21     14         7.9156     54.5094    588.6325   % 
UB: 54.50937499999999
branching on CartesianIndex(3, 2) with a.
24     22     15         7.9156     54.5094    588.6325   % 
UB: 54.50937499999999
branching on CartesianIndex(4, 2) with a.
25     23     15         7.9156     54.5094    588.6325   % 
UB: 54.50937499999999
branching on CartesianIndex(1, 3) with a.
26     24     13         7.9156     54.5094    588.6325   % 
LB close or above UB, fathomed
27     23     12         7.9156     54.5094    588.6325   % 
UB: 54.50937499999999
branching on 2 with b.
28     24     10         7.9156     54.5094    588.6325   % 
UB: 54.50937499999999
branching on CartesianIndex(1, 3) with a.
29     25     16         7.9156     54.5094    588.6301   % 
LB close or above UB, fathomed
30     24     16         7.9156     54.5094    588.6301   % 
UB: 54.50937499999999
branching on CartesianIndex(1, 3) with a.
31     25     17         11.7984    54.5094    362.0050   % 
UB: 54.50937499999999
branching on CartesianIndex(2, 3) with a.
32     26     18         11.7984    54.5094    362.0050   % 
UB: 54.50937499999999
branching on CartesianIndex(3, 3) with a.
33     27     19         11.7984    54.5094    362.0050   % 
UB: 54.50937499999999
branching on CartesianIndex(4, 3) with a.
34     28     19         11.7984    54.5094    362.0050   % 
UB: 54.50937499999999
branching on CartesianIndex(1, 4) with c.
35     29     18         11.7984    54.5094    362.0050   % 
UB: 54.50937499999999
branching on CartesianIndex(1, 4) with c.
36     30     17         11.7984    54.5094    362.0050   % 
UB: 54.50937499999999
branching on CartesianIndex(1, 4) with c.
37     31     16         13.7398    54.5094    296.7256   % 
UB: 54.50937499999999
branching on CartesianIndex(2, 3) with a.
38     32     16         13.7398    54.5094    296.7256   % 
UB: 54.50937499999999
branching on 1 with b.
39     33     20         13.7398    54.5094    296.7249   % 
LB close or above UB, fathomed
40     32     20         13.7398    54.5094    296.7249   % 
UB: 54.50937499999999
branching on CartesianIndex(1, 5) with c.
41     33     15         13.7398    54.5094    296.7249   % 
UB: 54.50937499999999
branching on CartesianIndex(4, 2) with a.
42     34     15         13.7398    54.5094    296.7249   % 
UB: 54.50937499999999
branching on CartesianIndex(1, 3) with a.
43     35     21         13.7398    54.5094    296.7249   % 
UB: 54.50937499999999
branching on 1 with b.
44     36     22         13.7398    54.5094    296.7249   % 
UB: 48.68515624999999
branching on CartesianIndex(1, 6) with c.
45     37     22         13.7398    48.6852    254.3356   % 
UB: 48.68515624999999
branching on CartesianIndex(1, 6) with c.
46     38     21         13.7398    48.6852    254.3356   % 
LB close or above UB, fathomed
47     37     16         15.6812    48.6852    210.4673   % 
LB close or above UB, fathomed
48     36     16         15.6812    48.6852    210.4673   % 
UB: 48.68515624999999
branching on CartesianIndex(1, 3) with a.
49     37     17         17.6226    48.6852    176.2650   % 
UB: 48.68515624999999
branching on CartesianIndex(3, 3) with a.
50     38     17         17.6226    48.6852    176.2650   % 
UB: 48.68515624999999
branching on 1 with b.
51     39     17         17.6227    48.6852    176.2646   % 
UB: 48.68515624999999
branching on CartesianIndex(2, 3) with a.
52     40     17         17.6227    48.6852    176.2646   % 
UB: 48.68515624999999
branching on CartesianIndex(1, 4) with c.
53     41     8          19.5460    48.6852    149.0802   % 
UB: 48.68515624999999
branching on 1 with b.
54     42     9          19.5460    48.6852    149.0802   % 
UB: 48.68515624999999
branching on CartesianIndex(2, 2) with a.
55     43     9          19.5460    48.6852    149.0802   % 
UB: 48.68515624999999
branching on 1 with b.
56     44     8          19.5460    48.6852    149.0802   % 
UB: 48.68515624999999
branching on 1 with b.
57     45     18         19.5640    48.6852    148.8503   % 
UB: 48.68515624999999
branching on 1 with b.
58     46     18         19.5640    48.6852    148.8503   % 
UB: 48.68515624999999
branching on 1 with b.
59     47     19         19.5640    48.6852    148.8503   % 
UB: 48.68515624999999
branching on 2 with b.
60     48     19         19.5640    48.6852    148.8503   % 
UB: 48.68515624999999
branching on CartesianIndex(1, 4) with c.
61     49     16         19.5641    48.6852    148.8499   % 
UB: 48.68515624999999
branching on 1 with b.
62     50     16         19.5641    48.6852    148.8499   % 
UB: 48.68515624999999
branching on CartesianIndex(1, 4) with c.
63     51     11         19.5641    48.6852    148.8499   % 
UB: 48.68515624999999
branching on 1 with b.
64     52     12         19.5641    48.6852    148.8499   % 
UB: 48.68515624999999
branching on 2 with b.
65     53     12         19.5641    48.6852    148.8499   % 
UB: 48.68515624999999
branching on 2 with b.
66     54     13         19.5641    48.6852    148.8499   % 
UB: 48.68515624999999
branching on CartesianIndex(2, 3) with a.
67     55     14         19.5641    48.6852    148.8499   % 
UB: 48.68515624999999
branching on CartesianIndex(3, 3) with a.
68     56     15         19.5641    48.6852    148.8499   % 
UB: 48.68515624999999
branching on CartesianIndex(4, 3) with a.
69     57     15         19.5641    48.6852    148.8499   % 
UB: 48.68515624999999
branching on CartesianIndex(1, 4) with c.
70     58     14         19.5641    48.6852    148.8499   % 
UB: 48.68515624999999
branching on CartesianIndex(1, 4) with c.
71     59     13         19.5641    48.6852    148.8499   % 
LB close or above UB, fathomed
72     58     11         19.5641    48.6852    148.8499   % 
UB: 48.68515624999999
branching on CartesianIndex(1, 4) with c.
73     59     10         19.5641    48.6852    148.8499   % 
UB: 48.68515624999999
branching on CartesianIndex(2, 2) with a.
74     60     10         19.5641    48.6852    148.8499   % 
UB: 48.68515624999999
branching on CartesianIndex(1, 3) with a.
75     61     23         19.5641    48.6852    148.8499   % 
LB close or above UB, fathomed
76     60     23         19.5641    48.6852    148.8499   % 
UB: 48.68515624999999
branching on CartesianIndex(1, 7) with c.
77     61     24         19.5641    48.6852    148.8499   % 
UB: 48.68515624999999
branching on 2 with b.
78     62     25         19.5641    48.6852    148.8499   % 
UB: 48.68515624999999
branching on 3 with b.
79     63     25         19.5641    48.6852    148.8499   % 
UB: 48.68515624999999
branching on 3 with b.
80     64     24         19.5641    48.6852    148.8499   % 
LB close or above UB, fathomed
81     63     10         21.4874    48.6852    126.5756   % 
UB: 48.68515624999999
branching on 1 with b.
82     64     10         21.4874    48.6852    126.5756   % 
UB: 48.68515624999999
branching on CartesianIndex(1, 3) with a.
83     65     18         21.5055    48.6852    126.3850   % 
LB close or above UB, fathomed
84     64     18         21.5055    48.6852    126.3850   % 
UB: 48.68515624999999
branching on CartesianIndex(1, 5) with c.
85     65     19         21.5055    48.6852    126.3850   % 
UB: 48.68515624999999
branching on CartesianIndex(1, 6) with c.
86     66     20         21.5055    48.6852    126.3850   % 
LB close or above UB, fathomed
87     65     20         21.5055    48.6852    126.3850   % 
UB: 48.68515624999999
branching on CartesianIndex(1, 7) with c.
88     66     21         21.5055    48.6852    126.3850   % 
UB: 48.68515624999999
branching on 1 with b.
89     67     22         21.5055    48.6852    126.3850   % 
UB: 48.68515624999999
branching on 2 with b.
90     68     22         21.5055    48.6852    126.3850   % 
UB: 48.68515624999999
branching on 2 with b.
91     69     21         21.5055    48.6852    126.3850   % 
LB close or above UB, fathomed
92     68     19         21.5055    48.6852    126.3850   % 
LB close or above UB, fathomed
93     67     11         21.5055    48.6852    126.3850   % 
UB: 48.68515624999999
branching on CartesianIndex(3, 2) with a.
94     68     11         21.5055    48.6852    126.3850   % 
UB: 48.68515624999999
branching on CartesianIndex(1, 3) with a.
95     69     16         21.5055    48.6852    126.3850   % 
LB close or above UB, fathomed
96     68     16         21.5055    48.6852    126.3850   % 
UB: 48.68515624999999
branching on CartesianIndex(1, 5) with c.
97     69     17         21.5055    48.6852    126.3850   % 
UB: 48.68515624999999
branching on 3 with b.
98     70     18         21.5055    48.6852    126.3850   % 
UB: 48.68515624999999
branching on 1 with b.
99     71     18         21.5055    48.6852    126.3850   % 
UB: 48.68515624999999
branching on CartesianIndex(1, 6) with c.
100    72     19         21.5055    48.6852    126.3850   % 
LB close or above UB, fathomed
101    71     19         21.5055    48.6852    126.3850   % 
UB: 48.68515624999999
branching on CartesianIndex(1, 7) with c.
102    72     20         21.5055    48.6852    126.3850   % 
UB: 48.68515624999999
branching on 1 with b.
103    73     21         21.5055    48.6852    126.3850   % 
UB: 48.68515624999999
branching on 2 with b.
104    74     21         21.5055    48.6852    126.3850   % 
UB: 48.68515624999999
branching on 2 with b.
105    75     20         21.5055    48.6852    126.3850   % 
LB close or above UB, fathomed
106    74     17         21.5055    48.6852    126.3850   % 
LB close or above UB, fathomed
107    73     18         21.5055    48.6852    126.3850   % 
UB: 48.68515624999999
branching on CartesianIndex(3, 3) with a.
108    74     18         21.5055    48.6852    126.3850   % 
UB: 48.68515624999999
branching on CartesianIndex(1, 4) with c.
109    75     19         23.4469    48.6852    107.6403   % 
UB: 48.68515624999999
branching on CartesianIndex(4, 3) with a.
110    76     19         23.4469    48.6852    107.6403   % 
UB: 48.68515624999999
branching on 1 with b.
111    77     12         23.4469    48.6852    107.6403   % 
UB: 48.68515624999999
branching on CartesianIndex(4, 2) with a.
112    78     12         23.4469    48.6852    107.6403   % 
UB: 48.68515624999999
branching on 1 with b.
113    79     17         23.4469    48.6852    107.6403   % 
UB: 48.68515624999999
branching on CartesianIndex(2, 3) with a.
114    80     17         23.4469    48.6852    107.6403   % 
UB: 48.68515624999999
branching on CartesianIndex(2, 3) with a.
115    81     20         23.4469    48.6852    107.6403   % 
LB close or above UB, fathomed
116    80     20         23.4469    48.6852    107.6403   % 
UB: 48.68515624999999
branching on CartesianIndex(1, 4) with c.
117    81     21         23.4469    48.6852    107.6403   % 
LB close or above UB, fathomed
118    80     21         23.4469    48.6852    107.6403   % 
UB: 48.68515624999999
branching on CartesianIndex(1, 5) with c.
119    81     22         23.4469    48.6852    107.6403   % 
UB: 48.68515624999999
branching on CartesianIndex(1, 6) with c.
120    82     23         23.4469    48.6852    107.6403   % 
LB close or above UB, fathomed
121    81     23         23.4469    48.6852    107.6403   % 
UB: 48.68515624999999
branching on 3 with b.
122    82     24         23.4469    48.6852    107.6403   % 
UB: 48.68515624999999
branching on CartesianIndex(1, 7) with c.
123    83     25         23.4469    48.6852    107.6403   % 
UB: 48.68515624999999
branching on 1 with b.
124    84     26         23.4469    48.6852    107.6403   % 
UB: 48.68515624999999
branching on 2 with b.
125    85     26         23.4469    48.6852    107.6403   % 
UB: 48.68515624999999
branching on 2 with b.
126    86     25         23.4469    48.6852    107.6403   % 
LB close or above UB, fathomed
127    85     24         23.4469    48.6852    107.6403   % 
LB close or above UB, fathomed
128    84     22         23.4469    48.6852    107.6403   % 
LB close or above UB, fathomed
129    83     23         23.4469    48.6852    107.6403   % 
LB close or above UB, fathomed
130    82     23         23.4469    48.6852    107.6403   % 
UB: 48.68515624999999
branching on CartesianIndex(1, 7) with c.
131    83     24         23.4469    48.6852    107.6403   % 
UB: 48.68515624999999
branching on 2 with b.
132    84     25         23.4469    48.6852    107.6403   % 
UB: 48.68515624999999
branching on 3 with b.
133    85     25         23.4469    48.6852    107.6403   % 
UB: 48.68515624999999
branching on 3 with b.
134    86     24         23.4469    48.6852    107.6403   % 
LB close or above UB, fathomed
135    85     6          25.3883    48.6852    91.7623    % 
UB: 48.68515624999999
branching on CartesianIndex(2, 2) with a.
136    86     7          25.3883    48.6852    91.7623    % 
UB: 48.68515624999999
branching on 1 with b.
137    87     7          25.3883    48.6852    91.7623    % 
UB: 48.68515624999999
branching on CartesianIndex(1, 3) with a.
138    88     6          25.3883    48.6852    91.7623    % 
UB: 48.68515624999999
branching on 1 with b.
139    89     12         25.3883    48.6852    91.7623    % 
LB close or above UB, fathomed
140    88     12         25.3883    48.6852    91.7623    % 
UB: 48.68515624999999
branching on CartesianIndex(1, 5) with c.
141    89     13         25.3883    48.6852    91.7623    % 
UB: 48.68515624999999
branching on CartesianIndex(1, 6) with c.
142    90     14         25.3883    48.6852    91.7623    % 
LB close or above UB, fathomed
143    89     14         25.3883    48.6852    91.7623    % 
UB: 48.68515624999999
branching on 1 with b.
144    90     15         25.3883    48.6852    91.7623    % 
LB close or above UB, fathomed
145    89     15         25.3883    48.6852    91.7623    % 
UB: 48.68515624999999
branching on CartesianIndex(1, 7) with c.
146    90     16         25.3883    48.6852    91.7623    % 
UB: 48.68515624999999
branching on 2 with b.
147    91     17         25.3883    48.6852    91.7623    % 
UB: 48.68515624999999
branching on 3 with b.
148    92     18         25.3883    48.6852    91.7623    % 
UB: 48.68515624999999
branching on 1 with b.
149    93     18         25.3883    48.6852    91.7623    % 
UB: 48.68515624999999
branching on 1 with b.
150    94     17         25.3883    48.6852    91.7623    % 
LB close or above UB, fathomed
151    93     16         25.3883    48.6852    91.7623    % 
LB close or above UB, fathomed
152    92     13         25.3883    48.6852    91.7623    % 
LB close or above UB, fathomed
153    91     22         25.3883    48.6852    91.7623    % 
UB: 48.68515624999999
branching on 3 with b.
154    92     22         25.3883    48.6852    91.7623    % 
UB: 48.68515624999999
branching on 3 with b.
155    93     26         25.3883    48.6852    91.7623    % 
UB: 48.68515624999999
branching on 1 with b.
156    94     27         25.3883    48.6852    91.7623    % 
UB: 48.68515624999999
branching on 2 with b.
157    95     27         25.3883    48.6852    91.7623    % 
UB: 48.68515624999999
branching on 2 with b.
158    96     26         25.3883    48.6852    91.7623    % 
LB close or above UB, fathomed
159    95     26         25.3883    48.6852    91.7623    % 
UB: 48.68515624999999
branching on 1 with b.
160    96     27         25.3883    48.6852    91.7623    % 
UB: 44.80234374999999
branching on 2 with b.
161    97     28         25.3883    44.8023    76.4686    % 
UB: 44.80234374999999
branching on 3 with b.
162    96     29         25.3883    44.8023    76.4686    % 
UB: 44.80234374999999
branching on 1 with b.
163    97     30         25.3883    44.8023    76.4686    % 
UB: 44.80234374999999
branching on 2 with b.
164    98     31         25.3883    44.8023    76.4686    % 
UB: 44.80234374999999
branching on 3 with b.
165    99     32         25.3883    44.8023    76.4686    % 
UB: 44.80234374999999
branching on 1 with b.
166    100    32         25.3883    44.8023    76.4686    % 
UB: 44.80234374999999
branching on 1 with b.
167    101    31         25.3883    44.8023    76.4686    % 
LB close or above UB, fathomed
168    100    30         25.3883    44.8023    76.4686    % 
UB: 44.80234374999999
branching on 2 with b.
169    101    29         25.3883    44.8023    76.4686    % 
UB: 44.80234374999999
branching on 1 with b.
170    102    28         25.3883    44.8023    76.4686    % 
LB close or above UB, fathomed
171    101    27         25.3883    44.8023    76.4686    % 
UB: 44.80234374999999
branching on 2 with b.
172    102    26         25.3883    44.8023    76.4686    % 
LB close or above UB, fathomed
173    101    11         27.3199    44.8023    63.9914    % 
LB close or above UB, fathomed
174    100    11         27.3199    44.8023    63.9914    % 
UB: 44.80234374999999
branching on CartesianIndex(3, 2) with a.
175    101    12         27.3199    44.8023    63.9914    % 
UB: 44.80234374999999
branching on CartesianIndex(4, 2) with a.
176    102    12         27.3199    44.8023    63.9914    % 
UB: 44.80234374999999
branching on 2 with b.
177    103    13         27.3199    44.8023    63.9914    % 
UB: 44.80234374999999
branching on 3 with b.
178    104    14         27.3199    44.8023    63.9914    % 
UB: 44.80234374999999
branching on CartesianIndex(1, 3) with a.
179    105    14         27.3199    44.8023    63.9914    % 
UB: 44.80234374999999
branching on CartesianIndex(1, 3) with a.
180    106    13         27.3199    44.8023    63.9914    % 
UB: 44.80234374999999
branching on 3 with b.
181    107    11         27.3214    44.8023    63.9829    % 
UB: 44.80234374999999
branching on 1 with b.
182    108    12         27.3214    44.8023    63.9829    % 
LB close or above UB, fathomed
183    107    12         27.3214    44.8023    63.9829    % 
UB: 44.80234374999999
branching on 2 with b.
184    108    13         27.3214    44.8023    63.9829    % 
UB: 44.80234374999999
branching on CartesianIndex(2, 3) with a.
185    109    13         27.3214    44.8023    63.9829    % 
UB: 44.80234374999999
branching on 3 with b.
186    110    14         27.3214    44.8023    63.9829    % 
UB: 44.80234374999999
branching on CartesianIndex(2, 3) with a.
187    111    14         27.3214    44.8023    63.9829    % 
UB: 44.80234374999999
branching on 1 with b.
188    112    11         27.3214    44.8023    63.9829    % 
LB close or above UB, fathomed
189    111    13         27.3297    44.8023    63.9329    % 
UB: 44.80234374999999
branching on CartesianIndex(1, 3) with a.
190    112    13         27.3297    44.8023    63.9329    % 
UB: 44.80234374999999
branching on CartesianIndex(1, 3) with a.
191    113    19         27.3297    44.8023    63.9329    % 
UB: 44.80234374999999
branching on 2 with b.
192    114    19         27.3297    44.8023    63.9329    % 
UB: 44.80234374999999
branching on 2 with b.
193    115    18         27.3297    44.8023    63.9329    % 
UB: 44.80234374999999
branching on CartesianIndex(3, 3) with a.
194    116    18         27.3297    44.8023    63.9329    % 
LB close or above UB, fathomed
195    115    13         27.3297    44.8023    63.9329    % 
UB: 44.80234374999999
branching on CartesianIndex(1, 3) with a.
196    116    13         27.3297    44.8023    63.9329    % 
UB: 44.80234374999999
branching on 2 with b.
197    117    14         27.3297    44.8023    63.9329    % 
UB: 44.80234374999999
branching on CartesianIndex(1, 3) with a.
198    118    14         27.3297    44.8023    63.9329    % 
UB: 44.80234374999999
branching on 3 with b.
199    119    13         27.3297    44.8023    63.9329    % 
UB: 44.80234374999999
branching on 1 with b.
200    120    13         27.3297    44.8023    63.9329    % 
UB: 44.80234374999999
branching on 1 with b.
201    121    26         27.3297    44.8023    63.9329    % 
UB: 44.80234374999999
branching on 1 with b.
202    122    27         27.3297    44.8023    63.9329    % 
LB close or above UB, fathomed
203    121    27         27.3297    44.8023    63.9329    % 
UB: 44.80234374999999
branching on 2 with b.
204    122    28         27.3297    44.8023    63.9329    % 
UB: 44.80234374999999
branching on 3 with b.
205    123    29         27.3297    44.8023    63.9329    % 
UB: 44.80234374999999
branching on 1 with b.
206    124    30         27.3297    44.8023    63.9329    % 
UB: 44.80234374999999
branching on 2 with b.
207    125    30         27.3297    44.8023    63.9329    % 
UB: 44.80234374999999
branching on 2 with b.
208    126    29         27.3297    44.8023    63.9329    % 
LB close or above UB, fathomed
209    125    28         27.3297    44.8023    63.9329    % 
LB close or above UB, fathomed
210    124    26         27.3297    44.8023    63.9329    % 
LB close or above UB, fathomed
211    123    23         27.3297    44.8023    63.9329    % 
UB: 44.80234374999999
branching on 3 with b.
212    124    23         27.3297    44.8023    63.9329    % 
UB: 44.80234374999999
branching on 3 with b.
213    125    28         27.3297    44.8023    63.9329    % 
LB close or above UB, fathomed
214    124    28         27.3297    44.8023    63.9329    % 
UB: 44.80234374999999
branching on 3 with b.
215    125    29         27.3297    44.8023    63.9329    % 
UB: 44.80234374999999
branching on 1 with b.
216    126    30         27.3297    44.8023    63.9329    % 
UB: 44.80234374999999
branching on 2 with b.
217    127    30         27.3297    44.8023    63.9329    % 
UB: 44.80234374999999
branching on 2 with b.
218    128    29         27.3297    44.8023    63.9329    % 
LB close or above UB, fathomed
219    127    20         29.2711    44.8023    53.0602    % 
LB close or above UB, fathomed
220    126    20         29.2711    44.8023    53.0602    % 
UB: 44.80234374999999
branching on CartesianIndex(1, 5) with c.
221    127    21         29.2711    44.8023    53.0602    % 
UB: 44.80234374999999
branching on CartesianIndex(1, 6) with c.
222    128    22         29.2711    44.8023    53.0602    % 
LB close or above UB, fathomed
223    127    22         29.2711    44.8023    53.0602    % 
UB: 44.80234374999999
branching on 2 with b.
224    128    23         29.2711    44.8023    53.0602    % 
LB close or above UB, fathomed
225    127    23         29.2711    44.8023    53.0602    % 
UB: 44.80234374999999
branching on CartesianIndex(1, 7) with c.
226    128    24         29.2711    44.8023    53.0602    % 
UB: 44.80234374999999
branching on 3 with b.
227    129    25         29.2711    44.8023    53.0602    % 
UB: 44.80234374999999
branching on 1 with b.
228    130    25         29.2711    44.8023    53.0602    % 
LB close or above UB, fathomed
229    129    24         29.2711    44.8023    53.0602    % 
LB close or above UB, fathomed
230    128    21         29.2711    44.8023    53.0602    % 
LB close or above UB, fathomed
231    127    19         29.2711    44.8023    53.0600    % 
UB: 44.80234374999999
branching on CartesianIndex(4, 3) with a.
232    128    19         29.2711    44.8023    53.0600    % 
UB: 44.80234374999999
branching on CartesianIndex(1, 4) with c.
233    129    8          29.2711    44.8023    53.0600    % 
UB: 44.80234374999999
branching on 1 with b.
234    130    9          29.2711    44.8023    53.0600    % 
LB close or above UB, fathomed
235    129    9          29.2711    44.8023    53.0600    % 
UB: 44.80234374999999
branching on CartesianIndex(3, 2) with a.
236    130    10         29.2711    44.8023    53.0600    % 
UB: 44.80234374999999
branching on 2 with b.
237    131    10         29.2711    44.8023    53.0600    % 
UB: 44.80234374999999
branching on CartesianIndex(1, 3) with a.
238    132    11         29.2711    44.8023    53.0600    % 
UB: 44.80234374999999
branching on CartesianIndex(2, 3) with a.
239    133    11         29.2711    44.8023    53.0600    % 
LB close or above UB, fathomed
240    132    8          29.2711    44.8023    53.0600    % 
LB close or above UB, fathomed
241    131    17         29.2711    44.8023    53.0600    % 
LB close or above UB, fathomed
242    130    17         29.2711    44.8023    53.0600    % 
UB: 44.80234374999999
branching on 2 with b.
243    131    7          29.2711    44.8023    53.0600    % 
UB: 44.80234374999999
branching on 1 with b.
244    132    7          29.2711    44.8023    53.0600    % 
UB: 44.80234374999999
branching on CartesianIndex(1, 2) with a.
245    133    31         29.2711    44.8023    53.0600    % 
UB: 44.80234374999999
branching on 3 with b.
246    134    32         29.2711    44.8023    53.0600    % 
UB: 44.80234374999999
branching on 1 with b.
247    135    32         29.2711    44.8023    53.0600    % 
UB: 44.80234374999999
branching on 1 with b.
248    136    31         29.2711    44.8023    53.0600    % 
LB close or above UB, fathomed
249    135    15         29.2711    44.8023    53.0600    % 
UB: 44.80234374999999
branching on CartesianIndex(2, 3) with a.
250    136    16         29.2711    44.8023    53.0600    % 
UB: 44.80234374999999
branching on CartesianIndex(3, 3) with a.
251    137    16         29.2711    44.8023    53.0600    % 
UB: 44.80234374999999
branching on CartesianIndex(1, 4) with c.
252    138    15         29.2711    44.8023    53.0600    % 
LB close or above UB, fathomed
253    137    33         29.2711    44.8023    53.0600    % 
UB: 44.80234374999999
branching on 2 with b.
254    138    33         29.2711    44.8023    53.0600    % 
UB: 44.80234374999999
branching on 2 with b.
255    139    33         29.2711    44.8023    53.0600    % 
UB: 44.80234374999999
branching on 2 with b.
256    140    33         29.2711    44.8023    53.0600    % 
UB: 44.80234374999999
branching on 2 with b.
257    141    20         29.2711    44.8023    53.0600    % 
LB close or above UB, fathomed
258    140    20         29.2711    44.8023    53.0600    % 
UB: 44.80234374999999
branching on 1 with b.
259    141    21         29.2711    44.8023    53.0600    % 
UB: 44.80234374999999
branching on 2 with b.
260    142    21         29.2711    44.8023    53.0600    % 
UB: 44.80234374999999
branching on CartesianIndex(1, 4) with c.
261    143    22         29.2711    44.8023    53.0600    % 
LB close or above UB, fathomed
262    142    22         29.2711    44.8023    53.0600    % 
UB: 44.80234374999999
branching on 2 with b.
263    143    10         29.2711    44.8023    53.0600    % 
UB: 44.80234374999999
branching on CartesianIndex(2, 2) with a.
264    144    11         29.2711    44.8023    53.0600    % 
UB: 44.80234374999999
branching on CartesianIndex(3, 2) with a.
265    145    11         29.2711    44.8023    53.0600    % 
LB close or above UB, fathomed
266    144    10         29.2711    44.8023    53.0600    % 
LB close or above UB, fathomed
267    143    27         29.2711    44.8023    53.0600    % 
UB: 44.80234374999999
branching on 3 with b.
268    144    27         29.2711    44.8023    53.0600    % 
UB: 44.80234374999999
branching on 3 with b.
269    145    24         29.2711    44.8023    53.0600    % 
UB: 44.80234374999999
branching on 1 with b.
270    146    25         29.2711    44.8023    53.0600    % 
UB: 44.80234374999999
branching on 2 with b.
271    147    25         29.2711    44.8023    53.0600    % 
UB: 44.80234374999999
branching on 2 with b.
272    148    24         29.2711    44.8023    53.0600    % 
LB close or above UB, fathomed
273    147    26         29.2711    44.8023    53.0600    % 
UB: 44.80234374999999
branching on 3 with b.
274    148    27         29.2711    44.8023    53.0600    % 
UB: 44.80234374999999
branching on 1 with b.
275    149    28         29.2711    44.8023    53.0600    % 
UB: 44.80234374999999
branching on 2 with b.
276    150    29         29.2711    44.8023    53.0600    % 
UB: 44.80234374999999
branching on 3 with b.
277    151    30         29.2711    44.8023    53.0600    % 
UB: 44.80234374999999
branching on 1 with b.
278    152    30         29.2711    44.8023    53.0600    % 
UB: 44.80234374999999
branching on 1 with b.
279    153    29         29.2711    44.8023    53.0600    % 
LB close or above UB, fathomed
280    152    28         29.2711    44.8023    53.0600    % 
UB: 44.80234374999999
branching on 2 with b.
281    153    27         29.2711    44.8023    53.0600    % 
LB close or above UB, fathomed
282    152    26         29.2711    44.8023    53.0600    % 
LB close or above UB, fathomed
283    151    18         29.4792    44.8023    51.9795    % 
LB close or above UB, fathomed
284    150    18         29.4792    44.8023    51.9795    % 
UB: 44.80234374999999
branching on 1 with b.
285    151    20         29.5991    44.8023    51.3641    % 
LB close or above UB, fathomed
286    150    20         29.5991    44.8023    51.3641    % 
UB: 44.80234374999999
branching on CartesianIndex(1, 4) with c.
287    151    21         30.5740    44.8023    46.5374    % 
LB close or above UB, fathomed
288    150    21         30.5740    44.8023    46.5374    % 
UB: 44.80234374999999
branching on CartesianIndex(1, 5) with c.
289    151    26         31.2125    44.8023    43.5399    % 
UB: 44.80234374999999
branching on 2 with b.
290    152    27         31.2125    44.8023    43.5399    % 
UB: 44.80234374999999
branching on 3 with b.
291    153    27         31.2125    44.8023    43.5399    % 
UB: 44.80234374999999
branching on 3 with b.
292    154    26         31.2125    44.8023    43.5399    % 
UB: 44.80234374999999
branching on 2 with b.
293    155    8          31.2125    44.8023    43.5397    % 
LB close or above UB, fathomed
294    154    8          31.2125    44.8023    43.5397    % 
UB: 44.80234374999999
branching on CartesianIndex(1, 2) with a.
295    155    9          31.2125    44.8023    43.5397    % 
UB: 44.80234374999999
branching on CartesianIndex(2, 2) with a.
296    156    10         31.2125    44.8023    43.5397    % 
UB: 44.80234374999999
branching on CartesianIndex(3, 2) with a.
297    157    11         31.2125    44.8023    43.5397    % 
UB: 44.80234374999999
branching on CartesianIndex(4, 2) with a.
298    158    11         31.2125    44.8023    43.5397    % 
UB: 44.80234374999999
branching on 2 with b.
299    159    12         31.2125    44.8023    43.5397    % 
UB: 44.80234374999999
branching on CartesianIndex(1, 3) with a.
300    160    12         31.2125    44.8023    43.5397    % 
UB: 44.80234374999999
branching on 3 with b.
301    161    10         31.2125    44.8023    43.5397    % 
UB: 44.80234374999999
branching on 2 with b.
302    162    9          31.2125    44.8023    43.5397    % 
UB: 44.80234374999999
branching on CartesianIndex(1, 3) with a.
303    163    10         31.2125    44.8023    43.5397    % 
UB: 44.80234374999999
branching on CartesianIndex(2, 3) with a.
304    164    10         31.2125    44.8023    43.5397    % 
LB close or above UB, fathomed
305    163    12         31.2125    44.8023    43.5397    % 
UB: 44.80234374999999
branching on CartesianIndex(3, 3) with a.
306    164    12         31.2125    44.8023    43.5397    % 
UB: 44.80234374999999
branching on CartesianIndex(1, 4) with c.
307    165    11         31.2125    44.8023    43.5397    % 
UB: 44.80234374999999
branching on 3 with b.
308    166    11         31.2125    44.8023    43.5397    % 
LB close or above UB, fathomed
309    165    14         31.2125    44.8023    43.5397    % 
UB: 44.80234374999999
branching on CartesianIndex(2, 3) with a.
310    166    14         31.2125    44.8023    43.5397    % 
LB close or above UB, fathomed
311    165    15         31.2125    44.8023    43.5397    % 
UB: 44.80234374999999
branching on CartesianIndex(2, 3) with a.
312    166    15         31.2125    44.8023    43.5397    % 
LB close or above UB, fathomed
313    165    11         31.2125    44.8023    43.5397    % 
UB: 44.80234374999999
branching on 1 with b.
314    166    11         31.2125    44.8023    43.5397    % 
LB close or above UB, fathomed
315    165    9          31.2125    44.8023    43.5397    % 
UB: 44.80234374999999
branching on CartesianIndex(1, 2) with a.
316    166    9          31.2125    44.8023    43.5397    % 
LB close or above UB, fathomed
317    165    12         31.2125    44.8023    43.5397    % 
UB: 44.80234374999999
branching on CartesianIndex(1, 3) with a.
318    166    12         31.2125    44.8023    43.5397    % 
UB: 44.80234374999999
branching on CartesianIndex(1, 3) with a.
319    167    13         31.2125    44.8023    43.5397    % 
UB: 44.80234374999999
branching on 2 with b.
320    168    13         31.2125    44.8023    43.5397    % 
LB close or above UB, fathomed
321    167    23         31.2125    44.8023    43.5397    % 
LB close or above UB, fathomed
322    166    23         31.2125    44.8023    43.5397    % 
UB: 44.80234374999999
branching on CartesianIndex(1, 5) with c.
323    167    34         31.2125    44.8023    43.5397    % 
UB: 44.80234374999999
branching on 3 with b.
324    168    34         31.2125    44.8023    43.5397    % 
LB close or above UB, fathomed
325    167    34         31.2125    44.8023    43.5397    % 
UB: 44.80234374999999
branching on 3 with b.
326    168    34         31.2125    44.8023    43.5397    % 
LB close or above UB, fathomed
327    167    18         31.2125    44.8023    43.5397    % 
LB close or above UB, fathomed
328    166    18         31.2125    44.8023    43.5397    % 
UB: 44.80234374999999
branching on 3 with b.
329    167    19         31.2125    44.8023    43.5397    % 
UB: 44.80234374999999
branching on CartesianIndex(1, 4) with c.
330    168    20         31.2125    44.8023    43.5397    % 
LB close or above UB, fathomed
331    167    20         31.2125    44.8023    43.5397    % 
UB: 44.80234374999999
branching on CartesianIndex(1, 5) with c.
332    168    21         31.2125    44.8023    43.5397    % 
UB: 44.80234374999999
branching on CartesianIndex(1, 6) with c.
333    169    22         31.2125    44.8023    43.5397    % 
LB close or above UB, fathomed
334    168    22         31.2125    44.8023    43.5397    % 
UB: 44.80234374999999
branching on CartesianIndex(1, 7) with c.
335    169    23         31.2125    44.8023    43.5397    % 
UB: 44.80234374999999
branching on 1 with b.
336    170    24         31.2125    44.8023    43.5397    % 
UB: 44.80234374999999
branching on 2 with b.
337    171    24         31.2125    44.8023    43.5397    % 
UB: 44.80234374999999
branching on 2 with b.
338    172    23         31.2125    44.8023    43.5397    % 
LB close or above UB, fathomed
339    171    21         31.2125    44.8023    43.5397    % 
LB close or above UB, fathomed
340    170    19         31.2125    44.8023    43.5397    % 
LB close or above UB, fathomed
341    169    14         31.2125    44.8023    43.5397    % 
UB: 44.80234374999999
branching on 2 with b.
342    170    14         31.2125    44.8023    43.5397    % 
UB: 44.80234374999999
branching on 2 with b.
343    171    15         31.2125    44.8023    43.5397    % 
UB: 44.80234374999999
branching on CartesianIndex(1, 3) with a.
344    172    16         31.2125    44.8023    43.5397    % 
UB: 44.80234374999999
branching on 3 with b.
345    173    17         31.2125    44.8023    43.5397    % 
UB: 44.80234374999999
branching on CartesianIndex(2, 3) with a.
346    174    17         31.2125    44.8023    43.5397    % 
UB: 44.80234374999999
branching on CartesianIndex(2, 3) with a.
347    175    16         31.2125    44.8023    43.5397    % 
LB close or above UB, fathomed
348    174    15         31.2125    44.8023    43.5397    % 
LB close or above UB, fathomed
349    173    31         31.2125    44.8023    43.5397    % 
UB: 44.80234374999999
branching on 3 with b.
350    174    32         31.2125    44.8023    43.5397    % 
UB: 44.80234374999999
branching on 1 with b.
351    175    32         31.2125    44.8023    43.5397    % 
UB: 44.80234374999999
branching on 1 with b.
352    176    31         31.2125    44.8023    43.5397    % 
LB close or above UB, fathomed
353    175    18         31.2125    44.8023    43.5397    % 
UB: 44.80234374999999
branching on CartesianIndex(3, 3) with a.
354    176    18         31.2125    44.8023    43.5397    % 
UB: 44.80234374999999
branching on CartesianIndex(1, 4) with c.
355    177    20         31.2125    44.8023    43.5397    % 
UB: 44.80234374999999
branching on CartesianIndex(1, 4) with c.
356    178    20         31.2125    44.8023    43.5397    % 
UB: 44.80234374999999
branching on CartesianIndex(1, 4) with c.
357    179    13         31.2125    44.8023    43.5397    % 
UB: 44.80234374999999
branching on CartesianIndex(1, 3) with a.
358    180    13         31.2125    44.8023    43.5397    % 
LB close or above UB, fathomed
359    179    23         31.2125    44.8023    43.5397    % 
UB: 44.80234374999999
branching on 1 with b.
360    180    24         31.2125    44.8023    43.5397    % 
LB close or above UB, fathomed
361    179    24         31.2125    44.8023    43.5397    % 
UB: 44.80234374999999
branching on 2 with b.
362    180    23         31.2125    44.8023    43.5397    % 
LB close or above UB, fathomed
363    179    22         31.2125    44.8023    43.5397    % 
LB close or above UB, fathomed
364    178    22         31.2125    44.8023    43.5397    % 
UB: 44.80234374999999
branching on 3 with b.
365    179    14         32.1832    44.8023    39.2103    % 
UB: 44.80234374999999
branching on 2 with b.
366    180    14         32.1832    44.8023    39.2103    % 
LB close or above UB, fathomed
367    179    15         33.1456    44.8023    35.1684    % 
LB close or above UB, fathomed
368    178    15         33.1456    44.8023    35.1684    % 
UB: 44.80234374999999
branching on 1 with b.
369    179    31         33.1539    44.8023    35.1344    % 
LB close or above UB, fathomed
370    178    31         33.1539    44.8023    35.1344    % 
UB: 44.80234374999999
branching on 2 with b.
371    179    10         33.1539    44.8023    35.1344    % 
UB: 44.80234374999999
branching on CartesianIndex(2, 2) with a.
372    180    11         33.1539    44.8023    35.1344    % 
UB: 44.80234374999999
branching on 1 with b.
373    181    11         33.1539    44.8023    35.1344    % 
LB close or above UB, fathomed
374    180    10         33.1539    44.8023    35.1344    % 
LB close or above UB, fathomed
375    179    12         33.1539    44.8023    35.1344    % 
UB: 44.80234374999999
branching on 2 with b.
376    180    12         33.1539    44.8023    35.1344    % 
UB: 44.80234374999999
branching on 2 with b.
377    181    13         33.1539    44.8023    35.1344    % 
UB: 44.80234374999999
branching on CartesianIndex(2, 3) with a.
378    182    14         33.1539    44.8023    35.1344    % 
UB: 44.80234374999999
branching on CartesianIndex(3, 3) with a.
379    183    14         33.1539    44.8023    35.1344    % 
LB close or above UB, fathomed
380    182    13         33.1539    44.8023    35.1344    % 
UB: 44.80234374999999
branching on 3 with b.
381    183    16         33.1539    44.8023    35.1344    % 
UB: 44.80234374999999
branching on CartesianIndex(3, 3) with a.
382    184    16         33.1539    44.8023    35.1344    % 
UB: 44.80234374999999
branching on CartesianIndex(1, 4) with c.
383    185    14         33.1539    44.8023    35.1344    % 
LB close or above UB, fathomed
384    184    14         33.1539    44.8023    35.1344    % 
LB close or above UB, fathomed
385    183    19         33.1539    44.8023    35.1344    % 
LB close or above UB, fathomed
386    182    19         33.1539    44.8023    35.1344    % 
UB: 44.80234374999999
branching on CartesianIndex(1, 5) with c.
387    183    20         33.1539    44.8023    35.1344    % 
UB: 44.80234374999999
branching on CartesianIndex(1, 6) with c.
388    184    21         33.1539    44.8023    35.1344    % 
LB close or above UB, fathomed
389    183    21         33.1539    44.8023    35.1344    % 
UB: 44.80234374999999
branching on CartesianIndex(1, 7) with c.
390    184    22         33.1539    44.8023    35.1344    % 
UB: 44.80234374999999
branching on 1 with b.
391    185    23         33.1539    44.8023    35.1344    % 
LB close or above UB, fathomed
392    184    23         33.1539    44.8023    35.1344    % 
UB: 44.80234374999999
branching on 2 with b.
393    185    22         33.1539    44.8023    35.1344    % 
LB close or above UB, fathomed
394    184    20         33.1539    44.8023    35.1344    % 
LB close or above UB, fathomed
395    183    25         33.1539    44.8023    35.1344    % 
LB close or above UB, fathomed
396    182    25         33.1539    44.8023    35.1344    % 
UB: 44.80234374999999
branching on 3 with b.
397    183    25         33.1539    44.8023    35.1344    % 
UB: 44.80234374999999
branching on 3 with b.
398    184    25         33.1539    44.8023    35.1344    % 
UB: 44.80234374999999
branching on 3 with b.
399    185    35         33.1539    44.8023    35.1344    % 
UB: 44.80234374999999
branching on 1 with b.
400    186    36         33.1539    44.8023    35.1344    % 
UB: 44.80234374999999
branching on 2 with b.
401    187    36         33.1539    44.8023    35.1344    % 
UB: 44.80234374999999
branching on 2 with b.
402    188    37         33.1539    44.8023    35.1344    % 
UB: 44.80234374999999
branching on 3 with b.
403    189    37         33.1539    44.8023    35.1344    % 
UB: 38.97812499999999
branching on 3 with b.
404    190    35         33.1539    38.9781    17.5672    % 
UB: 38.97812499999999
branching on 1 with b.
405    127    36         33.1539    38.9781    17.5672    % 
UB: 38.97812499999999
branching on 2 with b.
406    128    36         33.1539    38.9781    17.5672    % 
UB: 38.97812499999999
branching on 2 with b.
407    129    37         33.1539    38.9781    17.5672    % 
UB: 38.97812499999999
branching on 3 with b.
408    130    37         33.1539    38.9781    17.5672    % 
UB: 38.97812499999999
branching on 3 with b.
409    131    35         33.1539    38.9781    17.5672    % 
UB: 38.97812499999999
branching on 1 with b.
410    132    35         33.1539    38.9781    17.5672    % 
UB: 38.97812499999999
branching on 1 with b.
411    133    14         33.1539    38.9781    17.5672    % 
UB: 38.97812499999999
branching on CartesianIndex(2, 3) with a.
412    134    15         33.1539    38.9781    17.5672    % 
UB: 38.97812499999999
branching on CartesianIndex(3, 3) with a.
413    135    15         33.1539    38.9781    17.5672    % 
LB close or above UB, fathomed
414    134    14         33.1539    38.9781    17.5672    % 
UB: 38.97812499999999
branching on 3 with b.
415    135    15         33.1539    38.9781    17.5672    % 
UB: 38.97812499999999
branching on CartesianIndex(2, 3) with a.
416    136    15         33.1539    38.9781    17.5672    % 
LB close or above UB, fathomed
417    135    15         33.1539    38.9781    17.5672    % 
UB: 38.97812499999999
branching on 2 with b.
418    136    16         33.1539    38.9781    17.5672    % 
UB: 38.97812499999999
branching on 3 with b.
419    137    16         33.1539    38.9781    17.5672    % 
LB close or above UB, fathomed
420    136    15         33.1539    38.9781    17.5672    % 
UB: 38.97812499999999
branching on 2 with b.
421    137    11         33.1539    38.9781    17.5672    % 
UB: 38.97812499999999
branching on 2 with b.
422    138    11         33.1539    38.9781    17.5672    % 
LB close or above UB, fathomed
423    137    11         33.1539    38.9781    17.5672    % 
UB: 38.97812499999999
branching on CartesianIndex(1, 3) with a.
424    138    11         33.1539    38.9781    17.5672    % 
LB close or above UB, fathomed
425    137    27         33.1539    38.9781    17.5672    % 
LB close or above UB, fathomed
426    136    27         33.1539    38.9781    17.5672    % 
UB: 38.97812499999999
branching on 3 with b.
427    137    22         33.1539    38.9781    17.5672    % 
UB: 38.97812499999999
branching on 1 with b.
428    138    23         33.1539    38.9781    17.5672    % 
LB close or above UB, fathomed
429    137    23         33.1539    38.9781    17.5672    % 
UB: 38.97812499999999
branching on CartesianIndex(1, 6) with c.
430    138    24         33.1539    38.9781    17.5672    % 
LB close or above UB, fathomed
431    137    24         33.1539    38.9781    17.5672    % 
UB: 38.97812499999999
branching on CartesianIndex(1, 7) with c.
432    138    25         33.1539    38.9781    17.5672    % 
UB: 38.97812499999999
branching on 2 with b.
433    139    26         33.1539    38.9781    17.5672    % 
LB close or above UB, fathomed
434    138    26         33.1539    38.9781    17.5672    % 
UB: 38.97812499999999
branching on 3 with b.
435    139    25         33.1539    38.9781    17.5672    % 
LB close or above UB, fathomed
436    138    22         33.1539    38.9781    17.5672    % 
LB close or above UB, fathomed
437    137    19         33.1539    38.9781    17.5672    % 
LB close or above UB, fathomed
438    136    19         33.1539    38.9781    17.5672    % 
LB close or above UB, fathomed
439    135    28         33.1539    38.9781    17.5672    % 
UB: 38.97812499999999
branching on 1 with b.
440    136    29         33.1539    38.9781    17.5672    % 
LB close or above UB, fathomed
441    135    29         33.1539    38.9781    17.5672    % 
UB: 38.97812499999999
branching on 2 with b.
442    136    28         33.1539    38.9781    17.5672    % 
LB close or above UB, fathomed
443    135    34         33.1539    38.9781    17.5672    % 
UB: 38.97812499999999
branching on 3 with b.
444    136    34         33.1539    38.9781    17.5672    % 
LB close or above UB, fathomed
445    135    17         33.1539    38.9781    17.5672    % 
LB close or above UB, fathomed
446    134    17         33.1539    38.9781    17.5672    % 
LB close or above UB, fathomed
447    133    33         33.1539    38.9781    17.5672    % 
LB close or above UB, fathomed
448    132    33         33.1539    38.9781    17.5672    % 
UB: 38.97812499999999
branching on 2 with b.
449    133    31         33.1539    38.9781    17.5672    % 
LB close or above UB, fathomed
450    132    31         33.1539    38.9781    17.5672    % 
UB: 38.97812499999999
branching on 3 with b.
451    133    16         33.1539    38.9781    17.5672    % 
LB close or above UB, fathomed
452    132    16         33.1539    38.9781    17.5672    % 
UB: 38.97812499999999
branching on CartesianIndex(1, 4) with c.
453    133    27         33.1539    38.9781    17.5672    % 
UB: 38.97812499999999
branching on 1 with b.
454    134    28         33.1539    38.9781    17.5672    % 
LB close or above UB, fathomed
455    133    28         33.1539    38.9781    17.5672    % 
LB close or above UB, fathomed
456    132    27         33.1539    38.9781    17.5672    % 
LB close or above UB, fathomed
457    131    25         33.1539    38.9781    17.5672    % 
UB: 38.97812499999999
branching on 3 with b.
458    132    25         33.1539    38.9781    17.5672    % 
LB close or above UB, fathomed
459    131    24         33.1539    38.9781    17.5672    % 
UB: 38.97812499999999
branching on CartesianIndex(1, 6) with c.
460    132    25         33.1539    38.9781    17.5672    % 
LB close or above UB, fathomed
461    131    25         33.1539    38.9781    17.5672    % 
UB: 38.97812499999999
branching on CartesianIndex(1, 7) with c.
462    132    26         33.1539    38.9781    17.5672    % 
UB: 38.97812499999999
branching on 3 with b.
463    133    27         33.1539    38.9781    17.5672    % 
LB close or above UB, fathomed
464    132    27         33.1539    38.9781    17.5672    % 
UB: 38.97812499999999
branching on 1 with b.
465    133    28         33.1539    38.9781    17.5672    % 
LB close or above UB, fathomed
466    132    28         33.1539    38.9781    17.5672    % 
LB close or above UB, fathomed
467    131    26         33.1539    38.9781    17.5672    % 
LB close or above UB, fathomed
468    130    24         33.1539    38.9781    17.5672    % 
LB close or above UB, fathomed
469    129    20         33.1539    38.9781    17.5672    % 
LB close or above UB, fathomed
470    128    20         33.1539    38.9781    17.5672    % 
UB: 38.97812499999999
branching on 3 with b.
471    129    30         33.1539    38.9781    17.5672    % 
LB close or above UB, fathomed
472    128    30         33.1539    38.9781    17.5672    % 
LB close or above UB, fathomed
473    127    18         33.8010    38.9781    15.3163    % 
LB close or above UB, fathomed
474    126    18         33.8010    38.9781    15.3163    % 
LB close or above UB, fathomed
475    125    17         33.9305    38.9781    14.8765    % 
LB close or above UB, fathomed
476    124    17         33.9305    38.9781    14.8765    % 
LB close or above UB, fathomed
477    123    15         35.0856    38.9781    11.0945    % 
UB: 38.97812499999999
branching on CartesianIndex(2, 3) with a.
478    124    16         35.0856    38.9781    11.0945    % 
UB: 38.97812499999999
branching on CartesianIndex(3, 3) with a.
479    125    17         35.0856    38.9781    11.0945    % 
LB close or above UB, fathomed
480    124    17         35.0856    38.9781    11.0945    % 
LB close or above UB, fathomed
481    123    16         35.0856    38.9781    11.0945    % 
LB close or above UB, fathomed
482    122    15         35.0856    38.9781    11.0945    % 
LB close or above UB, fathomed
483    121    16         35.0870    38.9781    11.0900    % 
LB close or above UB, fathomed
484    120    16         35.0870    38.9781    11.0900    % 
UB: 38.97812499999999
branching on CartesianIndex(1, 4) with c.
485    121    17         35.0870    38.9781    11.0900    % 
LB close or above UB, fathomed
486    120    17         35.0870    38.9781    11.0900    % 
UB: 38.97812499999999
branching on CartesianIndex(1, 5) with c.
487    121    18         35.0870    38.9781    11.0900    % 
UB: 38.97812499999999
branching on CartesianIndex(1, 6) with c.
488    122    19         35.0870    38.9781    11.0900    % 
LB close or above UB, fathomed
489    121    19         35.0870    38.9781    11.0900    % 
UB: 38.97812499999999
branching on 2 with b.
490    122    20         35.0870    38.9781    11.0900    % 
UB: 38.97812499999999
branching on CartesianIndex(1, 7) with c.
491    123    20         35.0870    38.9781    11.0900    % 
LB close or above UB, fathomed
492    122    18         35.0870    38.9781    11.0900    % 
LB close or above UB, fathomed
493    121    32         35.0953    38.9781    11.0636    % 
UB: 38.97812499999999
branching on 3 with b.
494    122    32         35.0953    38.9781    11.0636    % 
LB close or above UB, fathomed
495    121    34         35.0953    38.9781    11.0636    % 
UB: 38.97812499999999
branching on 3 with b.
496    122    34         35.0953    38.9781    11.0636    % 
LB close or above UB, fathomed
497    121    38         35.0953    38.9781    11.0636    % 
UB: 38.97812499999999
branching on 1 with b.
498    122    39         35.0953    38.9781    11.0636    % 
UB: 38.97812499999999
branching on 2 with b.
499    123    39         35.0953    38.9781    11.0636    % 
LB close or above UB, fathomed
500    122    38         35.0953    38.9781    11.0636    % 
UB: 38.97812499999999
branching on 1 with b.
501    123    39         35.0953    38.9781    11.0636    % 
UB: 38.97812499999999
branching on 2 with b.
502    124    39         35.0953    38.9781    11.0636    % 
LB close or above UB, fathomed
503    123    15         35.0953    38.9781    11.0636    % 
LB close or above UB, fathomed
504    122    15         35.0953    38.9781    11.0636    % 
LB close or above UB, fathomed
505    121    12         35.0953    38.9781    11.0636    % 
LB close or above UB, fathomed
506    120    12         35.0953    38.9781    11.0636    % 
LB close or above UB, fathomed
507    119    13         35.0953    38.9781    11.0636    % 
LB close or above UB, fathomed
508    118    13         35.0953    38.9781    11.0636    % 
UB: 38.97812499999999
branching on CartesianIndex(1, 5) with c.
509    119    14         35.0953    38.9781    11.0636    % 
UB: 38.97812499999999
branching on 2 with b.
510    120    14         35.0953    38.9781    11.0636    % 
LB close or above UB, fathomed
511    119    13         35.0953    38.9781    11.0636    % 
LB close or above UB, fathomed
512    118    13         35.0953    38.9781    11.0636    % 
LB close or above UB, fathomed
513    117    29         35.0953    38.9781    11.0636    % 
UB: 38.97812499999999
branching on 3 with b.
514    118    30         35.0953    38.9781    11.0636    % 
LB close or above UB, fathomed
515    117    30         35.0953    38.9781    11.0636    % 
UB: 38.97812499999999
branching on 1 with b.
516    118    29         35.0953    38.9781    11.0636    % 
LB close or above UB, fathomed
517    117    19         35.0953    38.9781    11.0636    % 
LB close or above UB, fathomed
518    116    19         35.0953    38.9781    11.0636    % 
UB: 38.97812499999999
branching on CartesianIndex(1, 5) with c.
519    117    12         35.0953    38.9781    11.0636    % 
UB: 38.97812499999999
branching on 1 with b.
520    118    13         35.0953    38.9781    11.0636    % 
LB close or above UB, fathomed
521    117    13         35.0953    38.9781    11.0636    % 
UB: 38.97812499999999
branching on 2 with b.
522    118    14         35.0953    38.9781    11.0636    % 
LB close or above UB, fathomed
523    117    14         35.0953    38.9781    11.0636    % 
UB: 38.97812499999999
branching on 3 with b.
524    118    12         35.0953    38.9781    11.0636    % 
LB close or above UB, fathomed
525    117    19         35.0953    38.9781    11.0636    % 
LB close or above UB, fathomed
526    116    19         35.0953    38.9781    11.0636    % 
UB: 38.97812499999999
branching on 2 with b.
527    117    20         35.0953    38.9781    11.0636    % 
LB close or above UB, fathomed
528    116    20         35.0953    38.9781    11.0636    % 
UB: 38.97812499999999
branching on CartesianIndex(4, 3) with a.
529    117    15         35.0953    38.9781    11.0636    % 
UB: 38.97812499999999
branching on 1 with b.
530    118    15         35.0953    38.9781    11.0636    % 
LB close or above UB, fathomed
531    117    17         35.0953    38.9781    11.0636    % 
LB close or above UB, fathomed
532    116    17         35.0953    38.9781    11.0636    % 
UB: 38.97812499999999
branching on 3 with b.
533    117    18         35.0953    38.9781    11.0636    % 
UB: 38.97812499999999
branching on CartesianIndex(1, 5) with c.
534    118    18         35.0953    38.9781    11.0636    % 
LB close or above UB, fathomed
535    117    32         35.0953    38.9781    11.0636    % 
LB close or above UB, fathomed
536    116    32         35.0953    38.9781    11.0636    % 
LB close or above UB, fathomed
537    115    35         35.0953    38.9781    11.0636    % 
LB close or above UB, fathomed
538    114    35         35.0953    38.9781    11.0636    % 
LB close or above UB, fathomed
539    113    12         35.0953    38.9781    11.0636    % 
UB: 38.97812499999999
branching on CartesianIndex(2, 3) with a.
540    114    13         35.0953    38.9781    11.0636    % 
LB close or above UB, fathomed
541    113    13         35.0953    38.9781    11.0636    % 
LB close or above UB, fathomed
542    112    12         35.0953    38.9781    11.0636    % 
LB close or above UB, fathomed
543    111    38         35.0953    38.9781    11.0636    % 
UB: 38.97812499999999
branching on 1 with b.
544    112    39         35.0953    38.9781    11.0636    % 
UB: 38.97812499999999
branching on 2 with b.
545    113    39         35.0953    38.9781    11.0636    % 
LB close or above UB, fathomed
546    112    38         35.0953    38.9781    11.0636    % 
LB close or above UB, fathomed
547    111    23         35.0953    38.9781    11.0636    % 
UB: 38.97812499999999
branching on 1 with b.
548    112    23         35.0953    38.9781    11.0636    % 
LB close or above UB, fathomed
549    111    33         35.0953    38.9781    11.0636    % 
UB: 38.97812499999999
branching on 2 with b.
550    112    34         35.0953    38.9781    11.0636    % 
UB: 38.97812499999999
branching on 3 with b.
551    113    34         35.0953    38.9781    11.0636    % 
LB close or above UB, fathomed
552    112    33         35.0953    38.9781    11.0636    % 
LB close or above UB, fathomed
553    111    33         35.0953    38.9781    11.0636    % 
UB: 38.97812499999999
branching on 2 with b.
554    112    34         35.0953    38.9781    11.0636    % 
UB: 38.97812499999999
branching on 3 with b.
555    113    34         35.0953    38.9781    11.0636    % 
LB close or above UB, fathomed
556    112    33         35.0953    38.9781    11.0636    % 
LB close or above UB, fathomed
557    111    31         35.0953    38.9781    11.0636    % 
LB close or above UB, fathomed
558    110    31         35.0953    38.9781    11.0636    % 
UB: 38.97812499999999
branching on 2 with b.
559    111    31         35.0953    38.9781    11.0636    % 
LB close or above UB, fathomed
560    110    31         35.0953    38.9781    11.0636    % 
UB: 38.97812499999999
branching on 3 with b.
561    111    32         35.0953    38.9781    11.0636    % 
LB close or above UB, fathomed
562    110    32         35.0953    38.9781    11.0636    % 
LB close or above UB, fathomed
563    109    26         35.0953    38.9781    11.0636    % 
UB: 38.97812499999999
branching on 1 with b.
564    110    27         35.0953    38.9781    11.0636    % 
UB: 38.97812499999999
branching on 2 with b.
565    111    28         35.0953    38.9781    11.0636    % 
LB close or above UB, fathomed
566    110    28         35.0953    38.9781    11.0636    % 
UB: 38.97812499999999
branching on 3 with b.
567    111    29         35.0953    38.9781    11.0636    % 
UB: 38.97812499999999
branching on 1 with b.
568    112    30         35.0953    38.9781    11.0636    % 
UB: 38.97812499999999
branching on 2 with b.
569    113    31         35.0953    38.9781    11.0636    % 
LB close or above UB, fathomed
570    112    31         35.0953    38.9781    11.0636    % 
UB: 38.97812499999999
branching on 3 with b.
571    113    32         35.0953    38.9781    11.0636    % 
LB close or above UB, fathomed
572    112    32         35.0953    38.9781    11.0636    % 
LB close or above UB, fathomed
573    111    30         35.0953    38.9781    11.0636    % 
LB close or above UB, fathomed
574    110    29         35.0953    38.9781    11.0636    % 
LB close or above UB, fathomed
575    109    27         35.0953    38.9781    11.0636    % 
LB close or above UB, fathomed
576    108    26         35.0953    38.9781    11.0636    % 
LB close or above UB, fathomed
577    107    24         35.0953    38.9781    11.0636    % 
UB: 38.97812499999999
branching on 2 with b.
578    108    25         35.0953    38.9781    11.0636    % 
LB close or above UB, fathomed
579    107    25         35.0953    38.9781    11.0636    % 
LB close or above UB, fathomed
580    106    24         35.0953    38.9781    11.0636    % 
LB close or above UB, fathomed
581    105    16         35.0953    38.9781    11.0636    % 
UB: 38.97812499999999
branching on CartesianIndex(2, 3) with a.
582    106    16         35.0953    38.9781    11.0636    % 
LB close or above UB, fathomed
583    105    21         35.0953    38.9781    11.0636    % 
LB close or above UB, fathomed
584    104    21         35.0953    38.9781    11.0636    % 
UB: 38.97812499999999
branching on CartesianIndex(1, 4) with c.
585    105    22         35.0953    38.9781    11.0636    % 
LB close or above UB, fathomed
586    104    22         35.0953    38.9781    11.0636    % 
UB: 38.97812499999999
branching on CartesianIndex(1, 5) with c.
587    105    23         35.0953    38.9781    11.0636    % 
UB: 38.97812499999999
branching on CartesianIndex(1, 6) with c.
588    106    24         35.0953    38.9781    11.0636    % 
LB close or above UB, fathomed
589    105    24         35.0953    38.9781    11.0636    % 
UB: 38.97812499999999
branching on CartesianIndex(1, 7) with c.
590    106    25         35.0953    38.9781    11.0636    % 
UB: 38.97812499999999
branching on 3 with b.
591    107    26         35.0953    38.9781    11.0636    % 
UB: 38.97812499999999
branching on 1 with b.
592    108    27         35.0953    38.9781    11.0636    % 
LB close or above UB, fathomed
593    107    27         35.0953    38.9781    11.0636    % 
UB: 38.97812499999999
branching on 2 with b.
594    108    26         35.0953    38.9781    11.0636    % 
LB close or above UB, fathomed
595    107    25         35.0953    38.9781    11.0636    % 
LB close or above UB, fathomed
596    106    23         35.0953    38.9781    11.0636    % 
LB close or above UB, fathomed
597    105    26         35.0953    38.9781    11.0636    % 
UB: 38.97812499999999
branching on 1 with b.
598    106    27         35.0953    38.9781    11.0636    % 
LB close or above UB, fathomed
599    105    27         35.0953    38.9781    11.0636    % 
LB close or above UB, fathomed
600    104    26         35.0953    38.9781    11.0636    % 
LB close or above UB, fathomed
601    103    14         35.0953    38.9781    11.0636    % 
UB: 38.97812499999999
branching on 1 with b.
602    104    15         35.0953    38.9781    11.0636    % 
LB close or above UB, fathomed
603    103    15         35.0953    38.9781    11.0636    % 
UB: 38.97812499999999
branching on 2 with b.
604    104    14         35.0953    38.9781    11.0636    % 
LB close or above UB, fathomed
605    103    19         35.0953    38.9781    11.0636    % 
UB: 38.97812499999999
branching on CartesianIndex(4, 3) with a.
606    104    20         35.0953    38.9781    11.0636    % 
LB close or above UB, fathomed
607    103    20         35.0953    38.9781    11.0636    % 
UB: 38.97812499999999
branching on CartesianIndex(1, 4) with c.
608    104    21         35.0953    38.9781    11.0636    % 
LB close or above UB, fathomed
609    103    21         35.0953    38.9781    11.0636    % 
UB: 38.97812499999999
branching on CartesianIndex(1, 5) with c.
610    104    22         35.0953    38.9781    11.0636    % 
UB: 38.97812499999999
branching on 2 with b.
611    105    23         35.0953    38.9781    11.0636    % 
LB close or above UB, fathomed
612    104    23         35.0953    38.9781    11.0636    % 
UB: 38.97812499999999
branching on CartesianIndex(1, 6) with c.
613    105    24         35.0953    38.9781    11.0636    % 
LB close or above UB, fathomed
614    104    24         35.0953    38.9781    11.0636    % 
UB: 38.97812499999999
branching on CartesianIndex(1, 7) with c.
615    105    25         35.0953    38.9781    11.0636    % 
UB: 38.97812499999999
branching on 3 with b.
616    106    25         35.0953    38.9781    11.0636    % 
LB close or above UB, fathomed
617    105    22         35.0953    38.9781    11.0636    % 
LB close or above UB, fathomed
618    104    19         35.0953    38.9781    11.0636    % 
LB close or above UB, fathomed
619    103    15         35.0953    38.9781    11.0636    % 
LB close or above UB, fathomed
620    102    15         35.0953    38.9781    11.0636    % 
UB: 38.97812499999999
branching on CartesianIndex(2, 3) with a.
621    103    23         35.0953    38.9781    11.0636    % 
UB: 38.97812499999999
branching on 1 with b.
622    104    24         35.0953    38.9781    11.0636    % 
LB close or above UB, fathomed
623    103    24         35.0953    38.9781    11.0636    % 
LB close or above UB, fathomed
624    102    23         35.0953    38.9781    11.0636    % 
LB close or above UB, fathomed
625    101    21         35.0953    38.9781    11.0636    % 
UB: 38.97812499999999
branching on 3 with b.
626    102    22         35.0953    38.9781    11.0636    % 
LB close or above UB, fathomed
627    101    22         35.0953    38.9781    11.0636    % 
UB: 38.97812499999999
branching on 1 with b.
628    102    23         35.0953    38.9781    11.0636    % 
UB: 38.97812499999999
branching on 2 with b.
629    103    23         35.0953    38.9781    11.0636    % 
LB close or above UB, fathomed
630    102    21         35.0953    38.9781    11.0636    % 
LB close or above UB, fathomed
631    101    5          36.9867    38.9781    5.3841     % 
UB: 38.97812499999999
branching on 1 with b.
632    102    6          36.9867    38.9781    5.3841     % 
LB close or above UB, fathomed
633    101    6          36.9867    38.9781    5.3841     % 
UB: 38.97812499999999
branching on CartesianIndex(2, 1) with a.
634    102    7          36.9867    38.9781    5.3841     % 
LB close or above UB, fathomed
635    101    7          36.9867    38.9781    5.3841     % 
LB close or above UB, fathomed
636    100    5          36.9867    38.9781    5.3841     % 
LB close or above UB, fathomed
637    99     28         37.0367    38.9781    5.2419     % 
UB: 38.97812499999999
branching on 1 with b.
638    100    28         37.0367    38.9781    5.2419     % 
LB close or above UB, fathomed
639    99     33         37.0367    38.9781    5.2418     % 
LB close or above UB, fathomed
640    98     33         37.0367    38.9781    5.2418     % 
LB close or above UB, fathomed
641    97     20         37.0367    38.9781    5.2418     % 
UB: 38.97812499999999
branching on CartesianIndex(1, 6) with c.
642    98     21         37.0367    38.9781    5.2418     % 
LB close or above UB, fathomed
643    97     21         37.0367    38.9781    5.2418     % 
UB: 38.97812499999999
branching on 1 with b.
644    98     22         37.0367    38.9781    5.2418     % 
LB close or above UB, fathomed
645    97     22         37.0367    38.9781    5.2418     % 
LB close or above UB, fathomed
646    96     20         37.0367    38.9781    5.2418     % 
LB close or above UB, fathomed
647    95     31         37.0367    38.9781    5.2418     % 
UB: 38.97812499999999
branching on 2 with b.
648    96     32         37.0367    38.9781    5.2418     % 
LB close or above UB, fathomed
649    95     32         37.0367    38.9781    5.2418     % 
LB close or above UB, fathomed
650    94     31         37.0367    38.9781    5.2418     % 
LB close or above UB, fathomed
651    93     15         37.0367    38.9781    5.2418     % 
UB: 38.97812499999999
branching on 3 with b.
652    94     16         37.0367    38.9781    5.2418     % 
LB close or above UB, fathomed
653    93     16         37.0367    38.9781    5.2418     % 
LB close or above UB, fathomed
654    92     15         37.0367    38.9781    5.2418     % 
LB close or above UB, fathomed
655    91     40         37.0367    38.9781    5.2418     % 
LB close or above UB, fathomed
656    90     40         37.0367    38.9781    5.2418     % 
LB close or above UB, fathomed
657    89     40         37.0367    38.9781    5.2418     % 
LB close or above UB, fathomed
658    88     40         37.0367    38.9781    5.2418     % 
LB close or above UB, fathomed
659    87     35         37.0367    38.9781    5.2418     % 
LB close or above UB, fathomed
660    86     35         37.0367    38.9781    5.2418     % 
LB close or above UB, fathomed
661    85     36         37.0367    38.9781    5.2418     % 
LB close or above UB, fathomed
662    84     36         37.0367    38.9781    5.2418     % 
UB: 38.97812499999999
branching on 2 with b.
663    85     37         37.0367    38.9781    5.2418     % 
LB close or above UB, fathomed
664    84     37         37.0367    38.9781    5.2418     % 
LB close or above UB, fathomed
665    83     38         37.0367    38.9781    5.2418     % 
UB: 38.97812499999999
branching on 1 with b.
666    84     39         37.0367    38.9781    5.2418     % 
LB close or above UB, fathomed
667    83     39         37.0367    38.9781    5.2418     % 
LB close or above UB, fathomed
668    82     38         37.0367    38.9781    5.2418     % 
LB close or above UB, fathomed
669    81     38         37.0367    38.9781    5.2418     % 
UB: 38.97812499999999
branching on 1 with b.
670    82     39         37.0367    38.9781    5.2418     % 
LB close or above UB, fathomed
671    81     39         37.0367    38.9781    5.2418     % 
LB close or above UB, fathomed
672    80     38         37.0367    38.9781    5.2418     % 
UB: 38.97812499999999
branching on 1 with b.
673    81     39         37.0367    38.9781    5.2418     % 
LB close or above UB, fathomed
674    80     39         37.0367    38.9781    5.2418     % 
LB close or above UB, fathomed
675    79     37         37.0367    38.9781    5.2418     % 
LB close or above UB, fathomed
676    78     37         37.0367    38.9781    5.2418     % 
LB close or above UB, fathomed
677    77     18         37.0367    38.9781    5.2418     % 
LB close or above UB, fathomed
678    76     18         37.0367    38.9781    5.2418     % 
LB close or above UB, fathomed
679    75     13         37.0367    38.9781    5.2418     % 
UB: 38.97812499999999
branching on 2 with b.
680    76     14         37.0367    38.9781    5.2418     % 
UB: 38.97812499999999
branching on CartesianIndex(2, 3) with a.
681    77     15         37.0367    38.9781    5.2418     % 
LB close or above UB, fathomed
682    76     15         37.0367    38.9781    5.2418     % 
LB close or above UB, fathomed
683    75     14         37.0367    38.9781    5.2418     % 
UB: 38.97812499999999
branching on CartesianIndex(2, 3) with a.
684    76     15         37.0367    38.9781    5.2418     % 
LB close or above UB, fathomed
685    75     15         37.0367    38.9781    5.2418     % 
LB close or above UB, fathomed
686    74     13         37.0367    38.9781    5.2418     % 
LB close or above UB, fathomed
687    73     34         37.0367    38.9781    5.2418     % 
LB close or above UB, fathomed
688    72     34         37.0367    38.9781    5.2418     % 
LB close or above UB, fathomed
689    71     33         37.0367    38.9781    5.2418     % 
LB close or above UB, fathomed
690    70     33         37.0367    38.9781    5.2418     % 
LB close or above UB, fathomed
691    69     8          37.0367    38.9781    5.2418     % 
UB: 38.97812499999999
branching on CartesianIndex(2, 2) with a.
692    70     9          37.0367    38.9781    5.2418     % 
UB: 38.97812499999999
branching on 1 with b.
693    71     10         37.0367    38.9781    5.2418     % 
UB: 38.97812499999999
branching on 2 with b.
694    72     11         37.0367    38.9781    5.2418     % 
LB close or above UB, fathomed
695    71     11         37.0367    38.9781    5.2418     % 
LB close or above UB, fathomed
696    70     10         37.0367    38.9781    5.2418     % 
LB close or above UB, fathomed
697    69     9          37.0367    38.9781    5.2418     % 
LB close or above UB, fathomed
698    68     8          37.0367    38.9781    5.2418     % 
LB close or above UB, fathomed
699    67     9          37.0367    38.9781    5.2418     % 
UB: 38.97812499999999
branching on 1 with b.
700    68     10         37.0367    38.9781    5.2418     % 
LB close or above UB, fathomed
701    67     10         37.0367    38.9781    5.2418     % 
UB: 38.97812499999999
branching on CartesianIndex(1, 3) with a.
702    68     11         37.0367    38.9781    5.2418     % 
UB: 38.97812499999999
branching on CartesianIndex(2, 3) with a.
703    69     12         37.0367    38.9781    5.2418     % 
LB close or above UB, fathomed
704    68     12         37.0367    38.9781    5.2418     % 
LB close or above UB, fathomed
705    67     11         37.0367    38.9781    5.2418     % 
LB close or above UB, fathomed
706    66     9          37.0367    38.9781    5.2418     % 
LB close or above UB, fathomed
707    65     29         37.0367    38.9781    5.2418     % 
UB: 38.97812499999999
branching on 2 with b.
708    66     30         37.0367    38.9781    5.2418     % 
UB: 38.97812499999999
branching on 3 with b.
709    67     31         37.0367    38.9781    5.2418     % 
LB close or above UB, fathomed
710    66     31         37.0367    38.9781    5.2418     % 
LB close or above UB, fathomed
711    65     30         37.0367    38.9781    5.2418     % 
LB close or above UB, fathomed
712    64     29         37.0367    38.9781    5.2418     % 
UB: 38.97812499999999
branching on 2 with b.
713    65     30         37.0367    38.9781    5.2418     % 
UB: 38.97812499999999
branching on 3 with b.
714    66     31         37.0367    38.9781    5.2418     % 
LB close or above UB, fathomed
715    65     31         37.0367    38.9781    5.2418     % 
LB close or above UB, fathomed
716    64     30         37.0367    38.9781    5.2418     % 
LB close or above UB, fathomed
717    63     28         37.0367    38.9781    5.2418     % 
LB close or above UB, fathomed
718    62     28         37.0367    38.9781    5.2418     % 
LB close or above UB, fathomed
719    61     32         37.0367    38.9781    5.2418     % 
LB close or above UB, fathomed
720    60     32         37.0367    38.9781    5.2418     % 
LB close or above UB, fathomed
721    59     35         37.0367    38.9781    5.2418     % 
LB close or above UB, fathomed
722    58     35         37.0367    38.9781    5.2418     % 
LB close or above UB, fathomed
723    57     35         37.0367    38.9781    5.2418     % 
UB: 38.97812499999999
branching on 1 with b.
724    58     36         37.0367    38.9781    5.2418     % 
UB: 38.97812499999999
branching on 2 with b.
725    59     37         37.0367    38.9781    5.2418     % 
LB close or above UB, fathomed
726    58     37         37.0367    38.9781    5.2418     % 
LB close or above UB, fathomed
727    57     36         37.0367    38.9781    5.2418     % 
LB close or above UB, fathomed
728    56     35         37.0367    38.9781    5.2418     % 
UB: 38.97812499999999
branching on 1 with b.
729    57     36         37.0367    38.9781    5.2418     % 
UB: 38.97812499999999
branching on 2 with b.
730    58     37         37.0367    38.9781    5.2418     % 
LB close or above UB, fathomed
731    57     37         37.0367    38.9781    5.2418     % 
LB close or above UB, fathomed
732    56     36         37.0367    38.9781    5.2418     % 
LB close or above UB, fathomed
733    55     40         37.0367    38.9781    5.2418     % 
LB close or above UB, fathomed
734    54     40         37.0367    38.9781    5.2418     % 
LB close or above UB, fathomed
735    53     19         37.0367    38.9781    5.2418     % 
UB: 38.97812499999999
branching on CartesianIndex(1, 6) with c.
736    54     20         37.0367    38.9781    5.2418     % 
LB close or above UB, fathomed
737    53     20         37.0367    38.9781    5.2418     % 
UB: 38.97812499999999
branching on CartesianIndex(1, 7) with c.
738    54     21         37.0367    38.9781    5.2418     % 
UB: 38.97812499999999
branching on 1 with b.
739    55     22         37.0367    38.9781    5.2418     % 
LB close or above UB, fathomed
740    54     22         37.0367    38.9781    5.2418     % 
LB close or above UB, fathomed
741    53     21         37.0367    38.9781    5.2418     % 
LB close or above UB, fathomed
742    52     19         37.0367    38.9781    5.2418     % 
LB close or above UB, fathomed
743    51     21         37.0367    38.9781    5.2418     % 
UB: 38.97812499999999
branching on 1 with b.
744    52     22         37.0367    38.9781    5.2418     % 
LB close or above UB, fathomed
745    51     22         37.0367    38.9781    5.2418     % 
LB close or above UB, fathomed
746    50     21         37.0367    38.9781    5.2418     % 
LB close or above UB, fathomed
747    49     30         37.0367    38.9781    5.2418     % 
LB close or above UB, fathomed
748    48     30         37.0367    38.9781    5.2418     % 
LB close or above UB, fathomed
749    47     28         37.0367    38.9781    5.2418     % 
UB: 38.97812499999999
branching on 1 with b.
750    48     29         37.0367    38.9781    5.2418     % 
UB: 38.97812499999999
branching on 2 with b.
751    49     30         37.0367    38.9781    5.2418     % 
UB: 38.97812499999999
branching on 3 with b.
752    50     31         37.0367    38.9781    5.2418     % 
LB close or above UB, fathomed
753    49     31         37.0367    38.9781    5.2418     % 
LB close or above UB, fathomed
754    48     30         37.0367    38.9781    5.2418     % 
LB close or above UB, fathomed
755    47     29         37.0367    38.9781    5.2418     % 
LB close or above UB, fathomed
756    46     28         37.0367    38.9781    5.2418     % 
LB close or above UB, fathomed
757    45     12         37.0367    38.9781    5.2418     % 
UB: 38.97812499999999
branching on CartesianIndex(3, 3) with a.
758    46     13         37.0367    38.9781    5.2418     % 
LB close or above UB, fathomed
759    45     13         37.0367    38.9781    5.2418     % 
LB close or above UB, fathomed
760    44     12         37.0367    38.9781    5.2418     % 
UB: 38.97812499999999
branching on 3 with b.
761    45     13         37.0367    38.9781    5.2418     % 
LB close or above UB, fathomed
762    44     13         37.0367    38.9781    5.2418     % 
LB close or above UB, fathomed
763    43     17         37.0367    38.9781    5.2418     % 
LB close or above UB, fathomed
764    42     17         37.0367    38.9781    5.2418     % 
LB close or above UB, fathomed
765    41     16         37.0367    38.9781    5.2418     % 
LB close or above UB, fathomed
766    40     16         37.0367    38.9781    5.2418     % 
UB: 38.97812499999999
branching on CartesianIndex(1, 4) with c.
767    41     17         37.0367    38.9781    5.2418     % 
LB close or above UB, fathomed
768    40     17         37.0367    38.9781    5.2418     % 
LB close or above UB, fathomed
769    39     36         37.0367    38.9781    5.2418     % 
UB: 38.97812499999999
branching on 2 with b.
770    40     37         37.0367    38.9781    5.2418     % 
LB close or above UB, fathomed
771    39     37         37.0367    38.9781    5.2418     % 
LB close or above UB, fathomed
772    38     36         37.0367    38.9781    5.2418     % 
UB: 38.97812499999999
branching on 2 with b.
773    39     37         37.0367    38.9781    5.2418     % 
LB close or above UB, fathomed
774    38     37         37.0367    38.9781    5.2418     % 
LB close or above UB, fathomed
775    37     37         37.0367    38.9781    5.2418     % 
LB close or above UB, fathomed
776    36     37         37.0367    38.9781    5.2418     % 
LB close or above UB, fathomed
777    35     26         37.0367    38.9781    5.2418     % 
UB: 38.97812499999999
branching on 1 with b.
778    36     27         37.0367    38.9781    5.2418     % 
LB close or above UB, fathomed
779    35     27         37.0367    38.9781    5.2418     % 
UB: 38.97812499999999
branching on 2 with b.
780    36     28         37.0367    38.9781    5.2418     % 
UB: 38.97812499999999
branching on 3 with b.
781    37     29         37.0367    38.9781    5.2418     % 
LB close or above UB, fathomed
782    36     29         37.0367    38.9781    5.2418     % 
LB close or above UB, fathomed
783    35     28         37.0367    38.9781    5.2418     % 
LB close or above UB, fathomed
784    34     26         37.0367    38.9781    5.2418     % 
LB close or above UB, fathomed
785    33     26         37.0367    38.9781    5.2418     % 
UB: 38.97812499999999
branching on 1 with b.
786    34     27         37.0367    38.9781    5.2418     % 
UB: 38.97812499999999
branching on 2 with b.
787    35     28         37.0367    38.9781    5.2418     % 
UB: 38.97812499999999
branching on 3 with b.
788    36     29         37.0367    38.9781    5.2418     % 
LB close or above UB, fathomed
789    35     29         37.0367    38.9781    5.2418     % 
LB close or above UB, fathomed
790    34     28         37.0367    38.9781    5.2418     % 
LB close or above UB, fathomed
791    33     27         37.0367    38.9781    5.2418     % 
LB close or above UB, fathomed
792    32     26         37.0367    38.9781    5.2418     % 
LB close or above UB, fathomed
793    31     24         37.0367    38.9781    5.2418     % 
LB close or above UB, fathomed
794    30     24         37.0367    38.9781    5.2418     % 
UB: 38.97812499999999
branching on 3 with b.
795    31     13         37.0367    38.9781    5.2418     % 
UB: 38.97812499999999
branching on 3 with b.
796    32     14         37.0367    38.9781    5.2418     % 
LB close or above UB, fathomed
797    31     14         37.0367    38.9781    5.2418     % 
LB close or above UB, fathomed
798    30     13         37.0367    38.9781    5.2418     % 
LB close or above UB, fathomed
799    29     22         37.0367    38.9781    5.2418     % 
LB close or above UB, fathomed
800    28     22         37.0367    38.9781    5.2418     % 
LB close or above UB, fathomed
801    27     31         37.0367    38.9781    5.2418     % 
UB: 38.97812499999999
branching on 3 with b.
802    28     32         37.0367    38.9781    5.2418     % 
LB close or above UB, fathomed
803    27     32         37.0367    38.9781    5.2418     % 
LB close or above UB, fathomed
804    26     31         37.0367    38.9781    5.2418     % 
LB close or above UB, fathomed
805    25     18         37.0367    38.9781    5.2418     % 
LB close or above UB, fathomed
806    24     18         37.0367    38.9781    5.2418     % 
LB close or above UB, fathomed
807    23     12         37.0367    38.9781    5.2418     % 
LB close or above UB, fathomed
808    22     12         37.0367    38.9781    5.2418     % 
LB close or above UB, fathomed
809    21     25         37.0367    38.9781    5.2418     % 
UB: 38.97812499999999
branching on 1 with b.
810    22     26         37.0367    38.9781    5.2418     % 
LB close or above UB, fathomed
811    21     26         37.0367    38.9781    5.2418     % 
LB close or above UB, fathomed
812    20     25         37.0367    38.9781    5.2418     % 
LB close or above UB, fathomed
813    19     24         37.0367    38.9781    5.2418     % 
UB: 38.97812499999999
branching on 3 with b.
814    20     25         37.0367    38.9781    5.2418     % 
LB close or above UB, fathomed
815    19     25         37.0367    38.9781    5.2418     % 
LB close or above UB, fathomed
816    18     24         37.0367    38.9781    5.2418     % 
LB close or above UB, fathomed
817    17     26         37.0367    38.9781    5.2418     % 
LB close or above UB, fathomed
818    16     26         37.0367    38.9781    5.2418     % 
UB: 38.97812499999999
branching on 1 with b.
819    17     27         37.0367    38.9781    5.2418     % 
LB close or above UB, fathomed
820    16     27         37.0367    38.9781    5.2418     % 
LB close or above UB, fathomed
821    15     16         37.0367    38.9781    5.2418     % 
UB: 38.97812499999999
branching on CartesianIndex(2, 3) with a.
822    16     17         37.0367    38.9781    5.2418     % 
UB: 38.97812499999999
branching on CartesianIndex(3, 3) with a.
823    17     18         37.0367    38.9781    5.2418     % 
LB close or above UB, fathomed
824    16     18         37.0367    38.9781    5.2418     % 
LB close or above UB, fathomed
825    15     17         37.0367    38.9781    5.2418     % 
LB close or above UB, fathomed
826    14     16         37.0367    38.9781    5.2418     % 
LB close or above UB, fathomed
827    13     17         37.0367    38.9781    5.2418     % 
LB close or above UB, fathomed
828    12     17         37.0367    38.9781    5.2418     % 
LB close or above UB, fathomed
829    11     16         37.0367    38.9781    5.2418     % 
UB: 38.97812499999999
branching on CartesianIndex(3, 3) with a.
830    12     17         37.0367    38.9781    5.2418     % 
LB close or above UB, fathomed
831    11     17         37.0367    38.9781    5.2418     % 
LB close or above UB, fathomed
832    10     16         37.0367    38.9781    5.2418     % 
LB close or above UB, fathomed
833    9      21         37.0367    38.9781    5.2418     % 
LB close or above UB, fathomed
834    8      21         37.0367    38.9781    5.2418     % 
UB: 38.97812499999999
branching on CartesianIndex(1, 5) with c.
835    9      22         37.0367    38.9781    5.2418     % 
UB: 38.97812499999999
branching on CartesianIndex(1, 6) with c.
836    10     23         37.0367    38.9781    5.2418     % 
LB close or above UB, fathomed
837    9      23         37.0367    38.9781    5.2418     % 
UB: 38.97812499999999
branching on CartesianIndex(1, 7) with c.
838    10     24         37.0367    38.9781    5.2418     % 
UB: 38.97812499999999
branching on 2 with b.
839    11     25         37.0367    38.9781    5.2418     % 
LB close or above UB, fathomed
840    10     25         37.0367    38.9781    5.2418     % 
LB close or above UB, fathomed
841    9      24         37.0367    38.9781    5.2418     % 
LB close or above UB, fathomed
842    8      22         37.0367    38.9781    5.2418     % 
LB close or above UB, fathomed
843    7      28         37.0367    38.9781    5.2418     % 
UB: 38.97812499999999
branching on 1 with b.
844    8      29         37.0367    38.9781    5.2418     % 
UB: 38.97812499999999
branching on 2 with b.
845    9      30         37.0367    38.9781    5.2418     % 
LB close or above UB, fathomed
846    8      30         37.0367    38.9781    5.2418     % 
LB close or above UB, fathomed
847    7      29         37.0367    38.9781    5.2418     % 
LB close or above UB, fathomed
848    6      28         37.0367    38.9781    5.2418     % 
LB close or above UB, fathomed
849    5      16         37.0367    38.9781    5.2418     % 
LB close or above UB, fathomed
850    4      16         37.0367    38.9781    5.2418     % 
LB close or above UB, fathomed
851    3      15         37.0367    38.9781    5.2418     % 
LB close or above UB, fathomed
852    2      15         37.0367    38.9781    5.2418     % 
LB close or above UB, fathomed
853    1      16         37.1583    38.9781    4.8974     % 
UB: 38.97812499999999
branching on 3 with b.
854    2      17         37.1583    38.9781    4.8974     % 
LB close or above UB, fathomed
855    1      17         37.1583    38.9781    4.8974     % 
LB close or above UB, fathomed
856    0      16         37.1583    38.9781    4.8974     % 
LB close or above UB, fathomed
all node solved
solved nodes:  857
857                                                   3.8928e+01     3.8978e+01     0.1284  % 
5×3 Matrix{Float64}:
 0.0  0.0  0.0
 0.0  0.0  1.0
 1.0  0.0  0.0
 0.0  1.0  0.0
 0.0  0.0  0.0
3-element Vector{Float64}:
 0.4086183314512378
 0.18370476813871517
 0.36466434554312344
2×7 Matrix{Float64}:
 0.0  0.0  0.0  1.0  1.0  1.0  0.0
 0.0  0.0  0.0  0.0  0.0  0.0  1.0
3-element Vector{Float64}:
 1.0
 1.0
 1.0
5×3 Matrix{Float64}:
 0.0  0.0  0.0
 0.0  0.0  0.0
 0.0  0.0  1.0
 0.0  1.0  0.0
 1.0  0.0  0.0
3-element Vector{Float64}:
 0.3993779145532965
 0.2675551608366214
 0.59375
2×7 Matrix{Float64}:
 0.0  0.0  0.0  1.0  0.0  1.0  0.0
 0.0  0.0  0.0  0.0  1.0  0.0  1.0
3-element Vector{Float64}:
 1.0
 1.0
 1.0
comparison (CRT and Glb)on prediction: Dict{Bool, Int64}(0 => 20, 1 => 105)
Dataname	 time	 objv	 lb	 gap	 train_w	 train_g	 test_w	 test_g
/work_bgfs/n/navarrodelacruz/odt/optimal_decision_tree/augmented_datasets/body/body_59.body	 106.23	 38.97812499999999	 38.928	 0.0013	 90.323	 94.624	 89.6	 88.0
