Running 6 processes.
Start training /work_bgfs/n/navarrodelacruz/odt/optimal_decision_tree/augmented_datasets/seeds/seeds_630.seeds with seed 1.
Any[]
(7, 206)
(7, 102)
(7, 51)
(7, 53)
dimension: 7, class: 3
cart cost: 41.947101449275365
size of X: (7, 153)
Using method: Global linear DT optimization
Version identifier: 20.1.0.0 | 2020-11-10 | 9bedb6d68
CPXPARAM_Threads                                 1
CPXPARAM_TimeLimit                               72000
Tried aggregator 1 time.
No LP presolve or aggregator reductions.
Presolve time = 0.01 sec. (3.39 ticks)
Initializing dual steep norms . . .

Iteration log . . .
Iteration:     1   Dual objective     =             0.000000
Perturbation started.
Iteration:    51   Dual objective     =             0.000000
Iteration:   249   Dual objective     =             0.000045
Iteration:   338   Dual objective     =             0.000063
Iteration:   454   Dual objective     =             0.017159
Iteration:   581   Dual objective     =             0.022715
Iteration:   687   Dual objective     =             0.022942
Iteration:   786   Dual objective     =             0.023454
Iteration:   893   Dual objective     =             0.023614
Iteration:  1000   Dual objective     =             0.023797
Removing perturbation.
7×3 Matrix{Float64}:
 0.0  1.0  0.0
 0.0  0.0  0.0
 0.0  0.0  0.0
 0.0  0.0  0.0
 0.0  0.0  0.0
 0.0  0.0  1.0
 1.0  0.0  0.0
3-element Vector{Float64}:
 0.5154110517960455
 0.27058296102467805
 0.1767020257641977
3×7 Matrix{Float64}:
 0.0  0.0  0.0  0.0  1.0  0.0  0.0
 0.0  0.0  0.0  0.0  0.0  1.0  1.0
 0.0  0.0  0.0  1.0  0.0  0.0  0.0
3-element Vector{Float64}:
 1.0
 1.0
 1.0
7×3 Matrix{Float64}:
 0.110693   0.110693   0.0207223
 0.0        0.0        0.0
 0.0234419  0.0234419  0.00115494
 0.0        0.0        0.0
 0.0        0.0        0.0
 0.0438405  0.0438405  0.0
 0.0282308  0.0282308  0.0408551
3-element Vector{Float64}:
 0.20620602738451577
 0.20620602738451582
 0.06273232131134546
3×7 Matrix{Float64}:
 0.0  0.0  0.0  0.348457  0.348457  0.796538   0.285269
 0.0  0.0  0.0  0.288853  0.288098  0.0879169  0.445364
 0.0  0.0  0.0  0.362691  0.363445  0.115545   0.269367
3-element Vector{Float64}:
 0.20620602738451577
 0.20620602738451582
 0.06273232131134546
a: [0.11069285332437227 0.11069285332437201 0.020722316062716933; 0.0 0.0 0.0; 0.023441886184932537 0.023441886184932426 0.0011549355404052893; 0.0 0.0 0.0; 0.0 0.0 0.0; 0.04384046240920673 0.04384046240920712 0.0; 0.028230825466004195 0.02823082546600415 0.04085506970822325]
b: [0.20620602738451577, 0.20620602738451582, 0.06273232131134546]
c: [0.0 0.0 0.0 0.3484567168983789 0.3484567168983784 0.7965382726119477 0.2852690500451309; 0.0 0.0 0.0 0.28885261897310693 0.2880978244759751 0.08791690842038659 0.44536431549426025; 0.0 0.0 0.0 0.3626906641285142 0.3634454586256465 0.1155448189676658 0.2693666344606088]
d: [0.20620602738451577, 0.20620602738451582, 0.06273232131134546]
comparison (CRT and Glb)on prediction: Dict{Bool, Int64}(0 => 53, 1 => 0)
Dataname	 time	 objv	 lb	 gap	 train_w	 train_g	 test_w	 test_g
/work_bgfs/n/navarrodelacruz/odt/optimal_decision_tree/augmented_datasets/seeds/seeds_630.seeds	 32.34	 0.023757218804018862	 N/A	 N/A	 90.85	 0.0	 94.34	 0.0
