Running 6 processes.
Start training /work_bgfs/n/navarrodelacruz/odt/optimal_decision_tree/augmented_datasets/seeds/seeds_111.seeds with seed 1.
Any[]
(7, 206)
(7, 102)
(7, 51)
(7, 53)
dimension: 7, class: 3
cart cost: 41.947101449275365
size of X: (7, 153)
Using method: Global linear DT optimization
Version identifier: 20.1.0.0 | 2020-11-10 | 9bedb6d68
CPXPARAM_Threads                                 1
CPXPARAM_TimeLimit                               72000
Tried aggregator 1 time.
No LP presolve or aggregator reductions.
Presolve time = 0.01 sec. (3.42 ticks)
Initializing dual steep norms . . .

Iteration log . . .
Iteration:     1   Dual objective     =             0.000000
Perturbation started.
Iteration:    51   Dual objective     =             0.000000
Iteration:   175   Dual objective     =             0.000024
Iteration:   314   Dual objective     =             0.000047
Iteration:   436   Dual objective     =             0.016561
Iteration:   553   Dual objective     =             0.017543
Iteration:   672   Dual objective     =             0.022250
Iteration:   775   Dual objective     =             0.023278
Iteration:   876   Dual objective     =             0.023327
Iteration:   983   Dual objective     =             0.023518
Iteration:  1102   Dual objective     =             0.023612
Iteration:  1206   Dual objective     =             0.023612
Removing perturbation.
7×3 Matrix{Float64}:
 0.0  1.0  0.0
 0.0  0.0  0.0
 0.0  0.0  1.0
 0.0  0.0  0.0
 0.0  0.0  0.0
 0.0  0.0  0.0
 1.0  0.0  0.0
3-element Vector{Float64}:
 0.5577984319225529
 0.26443100250380025
 0.3819274089304402
3×7 Matrix{Float64}:
 0.0  0.0  0.0  0.0  1.0  0.0  0.0
 0.0  0.0  0.0  0.0  0.0  1.0  1.0
 0.0  0.0  0.0  1.0  0.0  0.0  0.0
3-element Vector{Float64}:
 1.0
 1.0
 1.0
7×3 Matrix{Float64}:
 0.0472298  0.0472298  0.0
 0.0        0.0        0.0
 0.0185792  0.0185792  0.00890806
 0.0        0.0        0.0
 0.0        0.0        0.0
 0.0480549  0.0480549  0.027772
 0.0992513  0.0992513  0.00879004
3-element Vector{Float64}:
 0.21311520940650133
 0.21311520940650136
 0.04547010100612058
3×7 Matrix{Float64}:
 0.0  0.0  0.0  0.359295  0.356931  0.853525   0.276173
 0.0  0.0  0.0  0.287271  0.287271  0.0725839  0.435565
 0.0  0.0  0.0  0.353434  0.355799  0.0738909  0.288262
3-element Vector{Float64}:
 0.21311520940650133
 0.21311520940650136
 0.04547010100612058
a: [0.04722984376771755 0.04722984376771698 0.0; 0.0 0.0 0.0; 0.018579202558278086 0.018579202558278163 0.008908059937770354; 0.0 0.0 0.0; 0.0 0.0 0.0; 0.048054885274624315 0.048054885274624246 0.027771998419741775; 0.09925127780588137 0.09925127780588196 0.00879004264860854]
b: [0.21311520940650133, 0.21311520940650136, 0.04547010100612058]
c: [0.0 0.0 0.0 0.3592954360004194 0.35693050475208304 0.8535252072902522 0.2761728257894498; 0.0 0.0 0.0 0.28727097807944074 0.28727097807944063 0.07258388777342953 0.4355651189089338; 0.0 0.0 0.0 0.3534335859201398 0.35579851716847627 0.07389090493631834 0.28826205530161636]
d: [0.21311520940650133, 0.21311520940650136, 0.04547010100612058]
comparison (CRT and Glb)on prediction: Dict{Bool, Int64}(0 => 53, 1 => 0)
Dataname	 time	 objv	 lb	 gap	 train_w	 train_g	 test_w	 test_g
/work_bgfs/n/navarrodelacruz/odt/optimal_decision_tree/augmented_datasets/seeds/seeds_111.seeds	 27.39	 0.02358502599095616	 N/A	 N/A	 90.85	 0.0	 94.34	 0.0
