Running 6 processes.
Start training /work_bgfs/n/navarrodelacruz/odt/optimal_decision_tree/augmented_datasets/seeds/seeds_108.seeds with seed 1.
Any[]
(7, 206)
(7, 102)
(7, 51)
(7, 53)
dimension: 7, class: 3
cart cost: 38.96159420289857
size of X: (7, 153)
Using method: Global linear DT optimization
Version identifier: 20.1.0.0 | 2020-11-10 | 9bedb6d68
CPXPARAM_Threads                                 1
CPXPARAM_TimeLimit                               72000
Tried aggregator 1 time.
No LP presolve or aggregator reductions.
Presolve time = 0.01 sec. (3.40 ticks)
Initializing dual steep norms . . .

Iteration log . . .
Iteration:     1   Dual objective     =             0.000000
Perturbation started.
Iteration:    51   Dual objective     =             0.000000
Iteration:   249   Dual objective     =             0.000042
Iteration:   371   Dual objective     =             0.006883
Iteration:   504   Dual objective     =             0.017066
Iteration:   632   Dual objective     =             0.022321
Iteration:   744   Dual objective     =             0.022477
Iteration:   851   Dual objective     =             0.022911
Iteration:   961   Dual objective     =             0.023384
Iteration:  1070   Dual objective     =             0.023377
Iteration:  1170   Dual objective     =             0.023397
Iteration:  1283   Dual objective     =             0.023471
Removing perturbation.
7×3 Matrix{Float64}:
 0.0  1.0  0.0
 0.0  0.0  0.0
 0.0  0.0  0.0
 0.0  0.0  0.0
 0.0  0.0  0.0
 0.0  0.0  1.0
 1.0  0.0  0.0
3-element Vector{Float64}:
 0.5321450168628493
 0.26373633252038997
 0.18684125907036403
3×7 Matrix{Float64}:
 0.0  0.0  0.0  0.0  1.0  0.0  0.0
 0.0  0.0  0.0  0.0  0.0  1.0  1.0
 0.0  0.0  0.0  1.0  0.0  0.0  0.0
3-element Vector{Float64}:
 1.0
 1.0
 1.0
7×3 Matrix{Float64}:
 0.0580372  0.0580372  0.0
 0.0        0.0        0.0
 0.0302661  0.0302661  0.00457863
 0.0297615  0.0297615  0.0
 0.0        0.0        0.0
 0.0523925  0.0523925  0.0108015
 0.0385779  0.0385779  0.0352037
3-element Vector{Float64}:
 0.20903521825063573
 0.20903521825063567
 0.0505838192413022
3×7 Matrix{Float64}:
 0.0  0.0  0.0  0.353233  0.349036  0.842682   0.300844
 0.0  0.0  0.0  0.295567  0.287843  0.072158   0.416836
 0.0  0.0  0.0  0.351201  0.363121  0.0851598  0.28232
3-element Vector{Float64}:
 0.20903521825063573
 0.20903521825063567
 0.0505838192413022
a: [0.05803717814394018 0.05803717814394016 0.0; 0.0 0.0 0.0; 0.030266136516410767 0.030266136516410747 0.004578633799634871; 0.02976148137494762 0.02976148137494741 0.0; 0.0 0.0 0.0; 0.0523925455974946 0.052392545597494566 0.010801504606824178; 0.038577876617842455 0.038577876617842705 0.03520368083484328]
b: [0.20903521825063573, 0.20903521825063567, 0.0505838192413022]
c: [0.0 0.0 0.0 0.3532327288527424 0.3490364359528677 0.8426822678721739 0.3008438345914603; 0.0 0.0 0.0 0.2955667536461041 0.28784257943632097 0.07215795255612226 0.4168364592510976; 0.0 0.0 0.0 0.35120051750115355 0.3631209846108113 0.08515977957170384 0.28231970615744206]
d: [0.20903521825063573, 0.20903521825063567, 0.0505838192413022]
comparison (CRT and Glb)on prediction: Dict{Bool, Int64}(0 => 53, 1 => 0)
Dataname	 time	 objv	 lb	 gap	 train_w	 train_g	 test_w	 test_g
/work_bgfs/n/navarrodelacruz/odt/optimal_decision_tree/augmented_datasets/seeds/seeds_108.seeds	 27.4	 0.023432712787128704	 N/A	 N/A	 91.503	 0.0	 90.566	 0.0
