Running 6 processes.
Start training /work_bgfs/n/navarrodelacruz/odt/optimal_decision_tree/augmented_datasets/seeds/seeds_274.seeds with seed 1.
Any[]
(7, 206)
(7, 102)
(7, 51)
(7, 53)
dimension: 7, class: 3
cart cost: 38.96159420289857
size of X: (7, 153)
Using method: Global linear DT optimization
Version identifier: 20.1.0.0 | 2020-11-10 | 9bedb6d68
CPXPARAM_Threads                                 1
CPXPARAM_TimeLimit                               72000
Tried aggregator 1 time.
No LP presolve or aggregator reductions.
Presolve time = 0.01 sec. (3.40 ticks)
Initializing dual steep norms . . .

Iteration log . . .
Iteration:     1   Dual objective     =             0.000000
Perturbation started.
Iteration:    51   Dual objective     =             0.000000
Iteration:   199   Dual objective     =             0.000033
Iteration:   344   Dual objective     =             0.008992
Iteration:   469   Dual objective     =             0.015784
Iteration:   607   Dual objective     =             0.022015
Iteration:   726   Dual objective     =             0.022265
Iteration:   838   Dual objective     =             0.023286
Iteration:   942   Dual objective     =             0.023354
Iteration:  1056   Dual objective     =             0.023348
Removing perturbation.
7×3 Matrix{Float64}:
 0.0  1.0  0.0
 0.0  0.0  0.0
 0.0  0.0  1.0
 0.0  0.0  0.0
 0.0  0.0  0.0
 0.0  0.0  0.0
 1.0  0.0  0.0
3-element Vector{Float64}:
 0.514950808347792
 0.2636236072432416
 0.28278671131911326
3×7 Matrix{Float64}:
 0.0  0.0  0.0  0.0  1.0  0.0  0.0
 0.0  0.0  0.0  0.0  0.0  1.0  1.0
 0.0  0.0  0.0  1.0  0.0  0.0  0.0
3-element Vector{Float64}:
 1.0
 1.0
 1.0
7×3 Matrix{Float64}:
 0.0575516  0.0575516  0.0
 0.0        0.0        0.0
 0.0502344  0.0502344  0.0261907
 0.0        0.0        0.0
 0.0        0.0        0.0
 0.0329074  0.0329074  0.0258167
 0.0663482  0.0663482  0.000407863
3-element Vector{Float64}:
 0.20704163325098618
 0.20704163325098623
 0.052415197815679465
3×7 Matrix{Float64}:
 0.0  0.0  0.0  0.358064  0.350495  0.826788   0.282798
 0.0  0.0  0.0  0.2883    0.295869  0.0875027  0.441282
 0.0  0.0  0.0  0.353636  0.353636  0.0857096  0.27592
3-element Vector{Float64}:
 0.20704163325098618
 0.20704163325098623
 0.052415197815679465
a: [0.057551631483552246 0.057551631483551954 0.0; 0.0 0.0 0.0; 0.05023438920115973 0.0502343892011603 0.026190682100694886; 0.0 0.0 0.0; 0.0 0.0 0.0; 0.03290740191201763 0.03290740191201706 0.025816652716517872; 0.06634821065425667 0.06634821065425697 0.00040786299846676255]
b: [0.20704163325098618, 0.20704163325098623, 0.052415197815679465]
c: [0.0 0.0 0.0 0.3580637850453137 0.35049503890625167 0.8267876306430988 0.2827980351251294; 0.0 0.0 0.0 0.2883002236169569 0.2958689697560193 0.08750273179012533 0.44128189814434704; 0.0 0.0 0.0 0.3536359913377293 0.35363599133772905 0.08570963756677584 0.2759200667305236]
d: [0.20704163325098618, 0.20704163325098623, 0.052415197815679465]
comparison (CRT and Glb)on prediction: Dict{Bool, Int64}(0 => 53, 1 => 0)
Dataname	 time	 objv	 lb	 gap	 train_w	 train_g	 test_w	 test_g
/work_bgfs/n/navarrodelacruz/odt/optimal_decision_tree/augmented_datasets/seeds/seeds_274.seeds	 28.51	 0.023324923215882594	 N/A	 N/A	 91.503	 0.0	 94.34	 0.0
