Running 6 processes.
Start training /work_bgfs/n/navarrodelacruz/odt/optimal_decision_tree/augmented_datasets/seeds/seeds_957.seeds with seed 1.
Any[]
(7, 206)
(7, 103)
(7, 52)
(7, 51)
dimension: 7, class: 3
cart cost: 47.2357142857143
size of X: (7, 155)
Using method: Global linear DT optimization
Version identifier: 20.1.0.0 | 2020-11-10 | 9bedb6d68
CPXPARAM_Threads                                 1
CPXPARAM_TimeLimit                               72000
Tried aggregator 1 time.
No LP presolve or aggregator reductions.
Presolve time = 0.01 sec. (3.45 ticks)
Initializing dual steep norms . . .

Iteration log . . .
Iteration:     1   Dual objective     =             0.000000
Perturbation started.
Iteration:    51   Dual objective     =             0.000000
Iteration:   189   Dual objective     =             0.000026
Iteration:   330   Dual objective     =             0.004524
Iteration:   478   Dual objective     =             0.008764
Iteration:   621   Dual objective     =             0.013419
Iteration:   751   Dual objective     =             0.020050
Iteration:   856   Dual objective     =             0.020951
Iteration:   966   Dual objective     =             0.022002
Iteration:  1067   Dual objective     =             0.022162
Iteration:  1170   Dual objective     =             0.022167
Iteration:  1278   Dual objective     =             0.023085
Iteration:  1384   Dual objective     =             0.023119
Iteration:  1499   Dual objective     =             0.023255
Iteration:  1621   Dual objective     =             0.023377
Removing perturbation.
7×3 Matrix{Float64}:
 0.0  1.0  0.0
 0.0  0.0  0.0
 0.0  0.0  1.0
 0.0  0.0  0.0
 0.0  0.0  0.0
 0.0  0.0  0.0
 1.0  0.0  0.0
3-element Vector{Float64}:
 0.5046482363514048
 0.2677826119446837
 0.437174741715761
3×7 Matrix{Float64}:
 0.0  0.0  0.0  0.0  1.0  0.0  0.0
 0.0  0.0  0.0  0.0  0.0  1.0  1.0
 0.0  0.0  0.0  1.0  0.0  0.0  0.0
3-element Vector{Float64}:
 1.0
 1.0
 1.0
7×3 Matrix{Float64}:
 0.0572818  0.0572818  0.0
 0.0        0.0        0.0
 0.0        0.0        0.0
 0.0982802  0.0982802  0.0379737
 0.0        0.0        0.0
 0.0498942  0.0498942  0.0182711
 0.0        0.0        0.0
3-element Vector{Float64}:
 0.20545622276284664
 0.20545622276284672
 0.0562447822990858
3×7 Matrix{Float64}:
 0.0  0.0  0.0  0.34942   0.351218  0.825701   0.29609
 0.0  0.0  0.0  0.290861  0.287927  0.0806715  0.439688
 0.0  0.0  0.0  0.359719  0.360855  0.0936279  0.264222
3-element Vector{Float64}:
 0.20545622276284664
 0.20545622276284672
 0.0562447822990858
a: [0.0572817929493323 0.05728179294933221 0.0; 0.0 0.0 0.0; 0.0 0.0 0.0; 0.0982801850896804 0.09828018508968062 0.03797369724261359; 0.0 0.0 0.0; 0.04989424472383393 0.04989424472383412 0.018271085056472208; 0.0 0.0 0.0]
b: [0.20545622276284664, 0.20545622276284672, 0.0562447822990858]
c: [0.0 0.0 0.0 0.34941975153825194 0.35121765107741804 0.8257005659944132 0.29609009608194586; 0.0 0.0 0.0 0.2908613964830525 0.2879273826171019 0.08067148946332292 0.43968770043798866; 0.0 0.0 0.0 0.3597188519786955 0.36085496630548003 0.09362794454226386 0.2642222034800654]
d: [0.20545622276284664, 0.20545622276284672, 0.0562447822990858]
comparison (CRT and Glb)on prediction: Dict{Bool, Int64}(0 => 51, 1 => 0)
Dataname	 time	 objv	 lb	 gap	 train_w	 train_g	 test_w	 test_g
/work_bgfs/n/navarrodelacruz/odt/optimal_decision_tree/augmented_datasets/seeds/seeds_957.seeds	 27.35	 0.02335786139123895	 N/A	 N/A	 89.677	 0.0	 96.078	 0.0
