Running 6 processes.
Start training /work_bgfs/n/navarrodelacruz/odt/optimal_decision_tree/augmented_datasets/seeds/seeds_333.seeds with seed 1.
Any[]
(7, 206)
(7, 102)
(7, 51)
(7, 53)
dimension: 7, class: 3
cart cost: 41.947101449275365
size of X: (7, 153)
Using method: Global linear DT optimization
Version identifier: 20.1.0.0 | 2020-11-10 | 9bedb6d68
CPXPARAM_Threads                                 1
CPXPARAM_TimeLimit                               72000
Tried aggregator 1 time.
No LP presolve or aggregator reductions.
Presolve time = 0.01 sec. (3.40 ticks)
Initializing dual steep norms . . .

Iteration log . . .
Iteration:     1   Dual objective     =             0.000000
Perturbation started.
Iteration:    51   Dual objective     =             0.000000
Iteration:   240   Dual objective     =             0.000042
Iteration:   385   Dual objective     =             0.008996
Iteration:   516   Dual objective     =             0.016100
Iteration:   636   Dual objective     =             0.019585
Iteration:   746   Dual objective     =             0.021616
Iteration:   862   Dual objective     =             0.022249
Iteration:   978   Dual objective     =             0.022694
Iteration:  1095   Dual objective     =             0.023157
Iteration:  1210   Dual objective     =             0.023243
Iteration:  1319   Dual objective     =             0.023468
Iteration:  1435   Dual objective     =             0.023476
Removing perturbation.
7×3 Matrix{Float64}:
 0.0  1.0  0.0
 0.0  0.0  0.0
 0.0  0.0  1.0
 0.0  0.0  0.0
 0.0  0.0  0.0
 0.0  0.0  0.0
 1.0  0.0  0.0
3-element Vector{Float64}:
 0.5449555544673919
 0.2682862792051205
 0.2951836421623829
3×7 Matrix{Float64}:
 0.0  0.0  0.0  0.0  1.0  0.0  0.0
 0.0  0.0  0.0  0.0  0.0  1.0  1.0
 0.0  0.0  0.0  1.0  0.0  0.0  0.0
3-element Vector{Float64}:
 1.0
 1.0
 1.0
7×3 Matrix{Float64}:
 0.0577726  0.0577726  0.0
 0.0        0.0        0.0
 0.0380828  0.0380828  0.0204899
 0.0        0.0        0.0
 0.0        0.0        0.0
 0.0336415  0.0336415  0.00107718
 0.0778417  0.0778417  0.0325559
3-element Vector{Float64}:
 0.2073385213226793
 0.20733852132267933
 0.05412291100264577
3×7 Matrix{Float64}:
 0.0  0.0  0.0  0.358815  0.354511  0.833253   0.296066
 0.0  0.0  0.0  0.288763  0.285835  0.0754956  0.425402
 0.0  0.0  0.0  0.352422  0.359654  0.0912512  0.278531
3-element Vector{Float64}:
 0.2073385213226793
 0.20733852132267933
 0.05412291100264577
a: [0.05777255084260853 0.05777255084260781 0.0; 0.0 0.0 0.0; 0.03808283439243006 0.038082834392429765 0.02048985829805562; 0.0 0.0 0.0; 0.0 0.0 0.0; 0.0336414764966142 0.03364147649661416 0.0010771800988082047; 0.07784165959102649 0.07784165959102758 0.03255587260578195]
b: [0.2073385213226793, 0.20733852132267933, 0.05412291100264577]
c: [0.0 0.0 0.0 0.358815103259543 0.35451096359176204 0.8332532416365064 0.2960664978073933; 0.0 0.0 0.0 0.2887626628067609 0.28583489435444287 0.07549555585627181 0.42540244283879625; 0.0 0.0 0.0 0.3524222339336961 0.3596541420537951 0.09125120250722187 0.2785310593538105]
d: [0.2073385213226793, 0.20733852132267933, 0.05412291100264577]
comparison (CRT and Glb)on prediction: Dict{Bool, Int64}(0 => 53, 1 => 0)
Dataname	 time	 objv	 lb	 gap	 train_w	 train_g	 test_w	 test_g
/work_bgfs/n/navarrodelacruz/odt/optimal_decision_tree/augmented_datasets/seeds/seeds_333.seeds	 31.74	 0.02343999768240023	 N/A	 N/A	 90.85	 0.0	 94.34	 0.0
