Running 6 processes.
Start training /work_bgfs/n/navarrodelacruz/odt/optimal_decision_tree/augmented_datasets/seeds/seeds_522.seeds with seed 1.
Any[]
(7, 206)
(7, 102)
(7, 51)
(7, 53)
dimension: 7, class: 3
cart cost: 41.947101449275365
size of X: (7, 153)
Using method: Global linear DT optimization
Version identifier: 20.1.0.0 | 2020-11-10 | 9bedb6d68
CPXPARAM_Threads                                 1
CPXPARAM_TimeLimit                               72000
Tried aggregator 1 time.
No LP presolve or aggregator reductions.
Presolve time = 0.01 sec. (3.41 ticks)
Initializing dual steep norms . . .

Iteration log . . .
Iteration:     1   Dual objective     =             0.000000
Perturbation started.
Iteration:    51   Dual objective     =             0.000000
Iteration:   185   Dual objective     =             0.000028
Iteration:   349   Dual objective     =             0.002446
Iteration:   475   Dual objective     =             0.009634
Iteration:   617   Dual objective     =             0.016901
Iteration:   766   Dual objective     =             0.017918
Iteration:   921   Dual objective     =             0.019315
Iteration:  1116   Dual objective     =             0.022563
Iteration:  1250   Dual objective     =             0.022987
Iteration:  1370   Dual objective     =             0.023078
Iteration:  1476   Dual objective     =             0.023552
Iteration:  1583   Dual objective     =             0.023583
Iteration:  1708   Dual objective     =             0.023584
Removing perturbation.
7×3 Matrix{Float64}:
 0.0  1.0  0.0
 0.0  0.0  0.0
 0.0  0.0  1.0
 0.0  0.0  0.0
 0.0  0.0  0.0
 0.0  0.0  0.0
 1.0  0.0  0.0
3-element Vector{Float64}:
 0.5034269405765043
 0.26451346684208055
 0.3746977380692509
3×7 Matrix{Float64}:
 0.0  0.0  0.0  0.0  1.0  0.0  0.0
 0.0  0.0  0.0  0.0  0.0  1.0  1.0
 0.0  0.0  0.0  1.0  0.0  0.0  0.0
3-element Vector{Float64}:
 1.0
 1.0
 1.0
7×3 Matrix{Float64}:
 0.0671548  0.0671548  0.0252002
 0.0        0.0        0.0
 0.0198407  0.0198407  0.0
 0.0358345  0.0358345  0.0217196
 0.0        0.0        0.0
 0.0435667  0.0435667  0.0064512
 0.0402781  0.0402781  0.00453796
3-element Vector{Float64}:
 0.2066749066577258
 0.2066749066577258
 0.057908950594481326
3×7 Matrix{Float64}:
 0.0  0.0  0.0  0.351764  0.350737  0.818718   0.294185
 0.0  0.0  0.0  0.292152  0.285529  0.0776883  0.450221
 0.0  0.0  0.0  0.356084  0.363734  0.103593   0.255594
3-element Vector{Float64}:
 0.2066749066577258
 0.2066749066577258
 0.057908950594481326
a: [0.0671548463080171 0.06715484630801613 0.025200156404423028; 0.0 0.0 0.0; 0.019840694639853898 0.019840694639854498 0.0; 0.035834489835558925 0.03583448983555991 0.021719636260580995; 0.0 0.0 0.0; 0.04356672617763353 0.0435667261776334 0.006451202016608218; 0.0402781496966623 0.040278149696661866 0.004537955912869131]
b: [0.2066749066577258, 0.2066749066577258, 0.057908950594481326]
c: [0.0 0.0 0.0 0.35176443310335964 0.35073660115940547 0.8187183652084088 0.29418502708580263; 0.0 0.0 0.0 0.29215156417602367 0.28552933703879585 0.07768833274265617 0.45022096283505764; 0.0 0.0 0.0 0.35608400272061674 0.3637340618017987 0.10359330204893502 0.25559401007913973]
d: [0.2066749066577258, 0.2066749066577258, 0.057908950594481326]
comparison (CRT and Glb)on prediction: Dict{Bool, Int64}(0 => 53, 1 => 0)
Dataname	 time	 objv	 lb	 gap	 train_w	 train_g	 test_w	 test_g
/work_bgfs/n/navarrodelacruz/odt/optimal_decision_tree/augmented_datasets/seeds/seeds_522.seeds	 27.29	 0.023562938195496652	 N/A	 N/A	 90.85	 0.0	 96.226	 0.0
