Running 6 processes.
Start training /work_bgfs/n/navarrodelacruz/odt/optimal_decision_tree/augmented_datasets/seeds/seeds_455.seeds with seed 1.
Any[]
(7, 206)
(7, 103)
(7, 52)
(7, 51)
dimension: 7, class: 3
cart cost: 35.4642857142857
size of X: (7, 155)
Using method: Global linear DT optimization
Version identifier: 20.1.0.0 | 2020-11-10 | 9bedb6d68
CPXPARAM_Threads                                 1
CPXPARAM_TimeLimit                               72000
Tried aggregator 1 time.
No LP presolve or aggregator reductions.
Presolve time = 0.01 sec. (3.45 ticks)
Initializing dual steep norms . . .

Iteration log . . .
Iteration:     1   Dual objective     =             0.000000
Perturbation started.
Iteration:    51   Dual objective     =             0.000000
Iteration:   196   Dual objective     =             0.000022
Iteration:   311   Dual objective     =             0.000034
Iteration:   432   Dual objective     =             0.000058
Iteration:   541   Dual objective     =             0.009123
Iteration:   671   Dual objective     =             0.021435
Iteration:   816   Dual objective     =             0.022446
Iteration:   928   Dual objective     =             0.022661
Iteration:  1047   Dual objective     =             0.023267
Iteration:  1174   Dual objective     =             0.023355
Iteration:  1283   Dual objective     =             0.023601
Iteration:  1403   Dual objective     =             0.023654
Removing perturbation.
7×3 Matrix{Float64}:
 0.0  1.0  0.0
 0.0  0.0  0.0
 0.0  0.0  0.0
 0.0  0.0  0.0
 0.0  0.0  0.0
 0.0  0.0  1.0
 1.0  0.0  0.0
3-element Vector{Float64}:
 0.5519704451020699
 0.27094179643617583
 0.1964260752693895
3×7 Matrix{Float64}:
 0.0  0.0  0.0  0.0  1.0  0.0  0.0
 0.0  0.0  0.0  0.0  0.0  1.0  1.0
 0.0  0.0  0.0  1.0  0.0  0.0  0.0
3-element Vector{Float64}:
 1.0
 1.0
 1.0
7×3 Matrix{Float64}:
 0.102726   0.102726   0.0296698
 0.0        0.0        0.0
 0.0        0.0        0.0
 0.0603521  0.0603521  0.000875826
 0.0        0.0        0.0
 0.0419442  0.0419442  0.0318355
 0.0        0.0        0.0
3-element Vector{Float64}:
 0.20502195866056674
 0.20502195866056672
 0.0623811254547516
3×7 Matrix{Float64}:
 0.0  0.0  0.0  0.34725   0.353694  0.797972  0.295954
 0.0  0.0  0.0  0.286023  0.273993  0.094169  0.451949
 0.0  0.0  0.0  0.366726  0.372313  0.107859  0.252097
3-element Vector{Float64}:
 0.20502195866056674
 0.20502195866056672
 0.0623811254547516
a: [0.10272556150851304 0.10272556150851334 0.02966983184059783; 0.0 0.0 0.0; 0.0 0.0 0.0; 0.06035214737727741 0.06035214737727715 0.000875826442462993; 0.0 0.0 0.0; 0.041944249774776274 0.04194424977477623 0.03183546717169082; 0.0 0.0 0.0]
b: [0.20502195866056674, 0.20502195866056672, 0.0623811254547516]
c: [0.0 0.0 0.0 0.3472502502353658 0.35369414003624955 0.7979719994320589 0.2959537500101069; 0.0 0.0 0.0 0.286023303587818 0.2739931093428537 0.09416895227331325 0.4519492069752172; 0.0 0.0 0.0 0.36672644617681616 0.37231275062089675 0.10785904829462789 0.25209704301467595]
d: [0.20502195866056674, 0.20502195866056672, 0.0623811254547516]
comparison (CRT and Glb)on prediction: Dict{Bool, Int64}(0 => 51, 1 => 0)
Dataname	 time	 objv	 lb	 gap	 train_w	 train_g	 test_w	 test_g
/work_bgfs/n/navarrodelacruz/odt/optimal_decision_tree/augmented_datasets/seeds/seeds_455.seeds	 27.8	 0.023621252138794253	 N/A	 N/A	 92.258	 0.0	 90.196	 0.0
