Running 6 processes.
Start training /work_bgfs/n/navarrodelacruz/odt/optimal_decision_tree/augmented_datasets/seeds/seeds_848.seeds with seed 1.
Any[]
(7, 206)
(7, 103)
(7, 52)
(7, 51)
dimension: 7, class: 3
cart cost: 35.4642857142857
size of X: (7, 155)
Using method: Global linear DT optimization
Version identifier: 20.1.0.0 | 2020-11-10 | 9bedb6d68
CPXPARAM_Threads                                 1
CPXPARAM_TimeLimit                               72000
Tried aggregator 1 time.
No LP presolve or aggregator reductions.
Presolve time = 0.01 sec. (3.45 ticks)
Initializing dual steep norms . . .

Iteration log . . .
Iteration:     1   Dual objective     =             0.000000
Perturbation started.
Iteration:    51   Dual objective     =             0.000000
Iteration:   260   Dual objective     =             0.000047
Iteration:   386   Dual objective     =             0.013100
Iteration:   503   Dual objective     =             0.017178
Iteration:   618   Dual objective     =             0.023040
Iteration:   734   Dual objective     =             0.023164
Iteration:   835   Dual objective     =             0.023659
Iteration:   943   Dual objective     =             0.023798
Iteration:  1057   Dual objective     =             0.024011
Iteration:  1179   Dual objective     =             0.024012
Removing perturbation.
7×3 Matrix{Float64}:
 0.0  1.0  0.0
 0.0  0.0  0.0
 0.0  0.0  0.0
 0.0  0.0  0.0
 0.0  0.0  0.0
 0.0  0.0  1.0
 1.0  0.0  0.0
3-element Vector{Float64}:
 0.5425400189503962
 0.26428200616985076
 0.18399579613746198
3×7 Matrix{Float64}:
 0.0  0.0  0.0  0.0  1.0  0.0  0.0
 0.0  0.0  0.0  0.0  0.0  1.0  1.0
 0.0  0.0  0.0  1.0  0.0  0.0  0.0
3-element Vector{Float64}:
 1.0
 1.0
 1.0
7×3 Matrix{Float64}:
 0.104399   0.104399   0.0
 0.0        0.0        0.0
 0.0        0.0        0.0
 0.0        0.0        0.0
 0.0        0.0        0.0
 0.0613114  0.0613114  0.0130051
 0.0401283  0.0401283  0.0548599
3-element Vector{Float64}:
 0.2058385876554454
 0.2058385876554455
 0.06786500160106776
3×7 Matrix{Float64}:
 0.0  0.0  0.0  0.354681  0.357273  0.78837    0.274492
 0.0  0.0  0.0  0.291976  0.284209  0.0945328  0.449894
 0.0  0.0  0.0  0.353342  0.358518  0.117097   0.275613
3-element Vector{Float64}:
 0.20583858765544544
 0.2058385876554455
 0.06786500160106776
a: [0.10439892511351101 0.10439892511351163 0.0; 0.0 0.0 0.0; 0.0 0.0 0.0; 0.0 0.0 0.0; 0.0 0.0 0.0; 0.06131139446292694 0.06131139446292662 0.013005127836129197; 0.04012826807900757 0.04012826807900725 0.0548598737649386]
b: [0.2058385876554454, 0.2058385876554455, 0.06786500160106776]
c: [0.0 0.0 0.0 0.3546814085631831 0.35727326302345935 0.7883704918332914 0.2744920835692319; 0.0 0.0 0.0 0.29197619379037143 0.284208886758548 0.09453280048289944 0.4498944223068489; 0.0 0.0 0.0 0.3533423976464455 0.3585178502179926 0.11709670768380909 0.2756134941239192]
d: [0.20583858765544544, 0.2058385876554455, 0.06786500160106776]
comparison (CRT and Glb)on prediction: Dict{Bool, Int64}(0 => 51, 1 => 0)
Dataname	 time	 objv	 lb	 gap	 train_w	 train_g	 test_w	 test_g
/work_bgfs/n/navarrodelacruz/odt/optimal_decision_tree/augmented_datasets/seeds/seeds_848.seeds	 27.32	 0.023977108845597936	 N/A	 N/A	 92.258	 0.0	 90.196	 0.0
