Running 6 processes.
Start training /work_bgfs/n/navarrodelacruz/odt/optimal_decision_tree/augmented_datasets/seeds/seeds_589.seeds with seed 1.
Any[]
(7, 206)
(7, 102)
(7, 51)
(7, 53)
dimension: 7, class: 3
cart cost: 38.96159420289857
size of X: (7, 153)
Using method: Global linear DT optimization
Version identifier: 20.1.0.0 | 2020-11-10 | 9bedb6d68
CPXPARAM_Threads                                 1
CPXPARAM_TimeLimit                               72000
Tried aggregator 1 time.
No LP presolve or aggregator reductions.
Presolve time = 0.01 sec. (3.40 ticks)
Initializing dual steep norms . . .

Iteration log . . .
Iteration:     1   Dual objective     =             0.000000
Perturbation started.
Iteration:    51   Dual objective     =             0.000000
Iteration:   179   Dual objective     =             0.000025
Iteration:   297   Dual objective     =             0.000048
Iteration:   395   Dual objective     =             0.000746
Iteration:   522   Dual objective     =             0.016614
Iteration:   646   Dual objective     =             0.022388
Iteration:   765   Dual objective     =             0.022393
Iteration:   877   Dual objective     =             0.022845
Iteration:  1003   Dual objective     =             0.023358
Iteration:  1110   Dual objective     =             0.023549
Iteration:  1223   Dual objective     =             0.023551
Removing perturbation.
7×3 Matrix{Float64}:
 0.0  1.0  0.0
 0.0  0.0  0.0
 0.0  0.0  0.0
 0.0  0.0  0.0
 0.0  0.0  0.0
 0.0  0.0  1.0
 1.0  0.0  0.0
3-element Vector{Float64}:
 0.48027842755352274
 0.26779063588941
 0.1896359745888302
3×7 Matrix{Float64}:
 0.0  0.0  0.0  0.0  1.0  0.0  0.0
 0.0  0.0  0.0  0.0  0.0  1.0  1.0
 0.0  0.0  0.0  1.0  0.0  0.0  0.0
3-element Vector{Float64}:
 1.0
 1.0
 1.0
7×3 Matrix{Float64}:
 0.0971191  0.0971191  0.0139466
 0.0        0.0        0.0
 0.0        0.0        0.0
 0.0640609  0.0640609  0.0219533
 0.0        0.0        0.0
 0.0437296  0.0437296  0.0120026
 0.0        0.0        0.0125004
3-element Vector{Float64}:
 0.20490954312644705
 0.20490954312644702
 0.06040293729173754
3×7 Matrix{Float64}:
 0.0  0.0  0.0  0.344607  0.349287  0.806384   0.298109
 0.0  0.0  0.0  0.286813  0.28077   0.0862238  0.456862
 0.0  0.0  0.0  0.36858   0.369943  0.107393   0.245029
3-element Vector{Float64}:
 0.20490954312644705
 0.20490954312644702
 0.06040293729173754
a: [0.09711908252530665 0.09711908252530639 0.013946623952491327; 0.0 0.0 0.0; 0.0 0.0 0.0; 0.06406087522235893 0.06406087522235887 0.02195328014261031; 0.0 0.0 0.0; 0.04372958537878151 0.0437295853787818 0.012002618109859014; 0.0 0.0 0.012500415086776897]
b: [0.20490954312644705, 0.20490954312644702, 0.06040293729173754]
c: [0.0 0.0 0.0 0.3446065485574902 0.3492867050566469 0.8063835382538412 0.29810909360238314; 0.0 0.0 0.0 0.2868132969842627 0.28076996872615817 0.08622377282063662 0.4568620864960784; 0.0 0.0 0.0 0.3685801544582471 0.369943326217195 0.10739268892552213 0.24502881990153846]
d: [0.20490954312644705, 0.20490954312644702, 0.06040293729173754]
comparison (CRT and Glb)on prediction: Dict{Bool, Int64}(0 => 53, 1 => 0)
Dataname	 time	 objv	 lb	 gap	 train_w	 train_g	 test_w	 test_g
/work_bgfs/n/navarrodelacruz/odt/optimal_decision_tree/augmented_datasets/seeds/seeds_589.seeds	 30.96	 0.02351110117723159	 N/A	 N/A	 91.503	 0.0	 90.566	 0.0
