Running 6 processes.
Start training /work_bgfs/n/navarrodelacruz/odt/optimal_decision_tree/augmented_datasets/seeds/seeds_597.seeds with seed 1.
Any[]
(7, 206)
(7, 103)
(7, 52)
(7, 51)
dimension: 7, class: 3
cart cost: 41.35
size of X: (7, 155)
Using method: Global linear DT optimization
Version identifier: 20.1.0.0 | 2020-11-10 | 9bedb6d68
CPXPARAM_Threads                                 1
CPXPARAM_TimeLimit                               72000
Tried aggregator 1 time.
No LP presolve or aggregator reductions.
Presolve time = 0.01 sec. (3.46 ticks)
Initializing dual steep norms . . .

Iteration log . . .
Iteration:     1   Dual objective     =             0.000000
Perturbation started.
Iteration:    51   Dual objective     =             0.000000
Iteration:   174   Dual objective     =             0.000027
Iteration:   305   Dual objective     =             0.006451
Iteration:   455   Dual objective     =             0.010265
Iteration:   611   Dual objective     =             0.016725
Iteration:   731   Dual objective     =             0.022172
Iteration:   839   Dual objective     =             0.022364
Iteration:   959   Dual objective     =             0.022377
Iteration:  1070   Dual objective     =             0.023228
Iteration:  1196   Dual objective     =             0.023637
Iteration:  1324   Dual objective     =             0.023638
Iteration:  1436   Dual objective     =             0.023697
Iteration:  1544   Dual objective     =             0.023902
Iteration:  1653   Dual objective     =             0.023887
Removing perturbation.
7×3 Matrix{Float64}:
 0.0  1.0  0.0
 0.0  0.0  1.0
 0.0  0.0  0.0
 0.0  0.0  0.0
 0.0  0.0  0.0
 0.0  0.0  0.0
 1.0  0.0  0.0
3-element Vector{Float64}:
 0.4885632070320909
 0.2690225886816066
 0.641374971994509
3×7 Matrix{Float64}:
 0.0  0.0  0.0  0.0  1.0  0.0  0.0
 0.0  0.0  0.0  0.0  0.0  1.0  1.0
 0.0  0.0  0.0  1.0  0.0  0.0  0.0
3-element Vector{Float64}:
 1.0
 1.0
 1.0
7×3 Matrix{Float64}:
 0.110741     0.110741     0.0
 0.0          0.0          0.0
 0.000783512  0.000783512  0.0
 0.0          0.0          0.0
 0.0          0.0          0.0
 0.0597515    0.0597515    0.0223058
 0.0324862    0.0324862    0.0475087
3-element Vector{Float64}:
 0.2037620653754961
 0.20376206537549602
 0.0698145254717453
3×7 Matrix{Float64}:
 0.0  0.0  0.0  0.3546    0.355951  0.787978   0.277088
 0.0  0.0  0.0  0.285977  0.282297  0.0992125  0.457137
 0.0  0.0  0.0  0.359423  0.361753  0.11281    0.265775
3-element Vector{Float64}:
 0.20376206537549604
 0.20376206537549602
 0.0698145254717453
a: [0.11074081775758843 0.11074081775758818 0.0; 0.0 0.0 0.0; 0.0007835120515826965 0.0007835120515822802 0.0; 0.0 0.0 0.0; 0.0 0.0 0.0; 0.05975152021802482 0.05975152021802497 0.022305824315241966; 0.032486215348300096 0.032486215348300596 0.04750870115650348]
b: [0.2037620653754961, 0.20376206537549602, 0.0698145254717453]
c: [0.0 0.0 0.0 0.3545999404804205 0.355950639074899 0.7879777313243043 0.27708778299890685; 0.0 0.0 0.0 0.28597675788597005 0.28229657407199976 0.09921251736920755 0.4571368246828507; 0.0 0.0 0.0 0.3594233016336094 0.3617527868531012 0.11280975130648814 0.2657753923182425]
d: [0.20376206537549604, 0.20376206537549602, 0.0698145254717453]
comparison (CRT and Glb)on prediction: Dict{Bool, Int64}(0 => 51, 1 => 0)
Dataname	 time	 objv	 lb	 gap	 train_w	 train_g	 test_w	 test_g
/work_bgfs/n/navarrodelacruz/odt/optimal_decision_tree/augmented_datasets/seeds/seeds_597.seeds	 27.35	 0.023866932811136873	 N/A	 N/A	 90.968	 0.0	 92.157	 0.0
