Running 6 processes.
Start training /work_bgfs/n/navarrodelacruz/odt/optimal_decision_tree/augmented_datasets/seeds/seeds_281.seeds with seed 1.
Any[]
(7, 206)
(7, 103)
(7, 52)
(7, 51)
dimension: 7, class: 3
cart cost: 41.35
size of X: (7, 155)
Using method: Global linear DT optimization
Version identifier: 20.1.0.0 | 2020-11-10 | 9bedb6d68
CPXPARAM_Threads                                 1
CPXPARAM_TimeLimit                               72000
Tried aggregator 1 time.
No LP presolve or aggregator reductions.
Presolve time = 0.01 sec. (3.45 ticks)
Initializing dual steep norms . . .

Iteration log . . .
Iteration:     1   Dual objective     =             0.000000
Perturbation started.
Iteration:    51   Dual objective     =             0.000000
Iteration:   210   Dual objective     =             0.000039
Iteration:   340   Dual objective     =             0.008492
Iteration:   488   Dual objective     =             0.011883
Iteration:   612   Dual objective     =             0.017712
Iteration:   741   Dual objective     =             0.018115
Iteration:   900   Dual objective     =             0.022301
Iteration:  1033   Dual objective     =             0.022615
Iteration:  1164   Dual objective     =             0.023415
Iteration:  1270   Dual objective     =             0.023755
Iteration:  1378   Dual objective     =             0.023812
Iteration:  1497   Dual objective     =             0.023965
Removing perturbation.
7×3 Matrix{Float64}:
 0.0  1.0  0.0
 0.0  0.0  0.0
 0.0  0.0  0.0
 0.0  0.0  0.0
 0.0  0.0  0.0
 0.0  0.0  1.0
 1.0  0.0  0.0
3-element Vector{Float64}:
 0.5491754736735537
 0.2773715941023364
 0.16898069436723168
3×7 Matrix{Float64}:
 0.0  0.0  0.0  0.0  1.0  0.0  0.0
 0.0  0.0  0.0  0.0  0.0  1.0  1.0
 0.0  0.0  0.0  1.0  0.0  0.0  0.0
3-element Vector{Float64}:
 1.0
 1.0
 1.0
7×3 Matrix{Float64}:
 0.102524   0.102524   0.000657188
 0.0        0.0        0.0
 0.0        0.0        0.0
 0.0375268  0.0375268  0.0609934
 0.0        0.0        0.0
 0.0629249  0.0629249  0.0108481
 0.0        0.0        0.0
3-element Vector{Float64}:
 0.20297530774786937
 0.2029753077478694
 0.07249867919457281
3×7 Matrix{Float64}:
 0.0  0.0  0.0  0.349373  0.356826  0.762836  0.27558
 0.0  0.0  0.0  0.291421  0.285788  0.106839  0.464707
 0.0  0.0  0.0  0.359206  0.357386  0.130325  0.259713
3-element Vector{Float64}:
 0.20297530774786937
 0.2029753077478694
 0.07249867919457281
a: [0.10252368251857336 0.10252368251857394 0.000657188021519015; 0.0 0.0 0.0; 0.0 0.0 0.0; 0.037526766299896486 0.03752676629989533 0.06099343724199061; 0.0 0.0 0.0; 0.06292485892939954 0.06292485892940036 0.01084805393106318; 0.0 0.0 0.0]
b: [0.20297530774786937, 0.2029753077478694, 0.07249867919457281]
c: [0.0 0.0 0.0 0.34937292713472173 0.3568261777585522 0.7628359918996863 0.2755804838340534; 0.0 0.0 0.0 0.29142114118804513 0.2857876028934725 0.1068392875606363 0.46470694494182097; 0.0 0.0 0.0 0.3592059316772332 0.3573862193479753 0.13032472053967742 0.2597125712241256]
d: [0.20297530774786937, 0.2029753077478694, 0.07249867919457281]
comparison (CRT and Glb)on prediction: Dict{Bool, Int64}(0 => 51, 1 => 0)
Dataname	 time	 objv	 lb	 gap	 train_w	 train_g	 test_w	 test_g
/work_bgfs/n/navarrodelacruz/odt/optimal_decision_tree/augmented_datasets/seeds/seeds_281.seeds	 27.14	 0.023922464734515578	 N/A	 N/A	 90.968	 0.0	 94.118	 0.0
