Running 6 processes.
Start training /work_bgfs/n/navarrodelacruz/odt/optimal_decision_tree/augmented_datasets/seeds/seeds_20.seeds with seed 1.
Any[]
(7, 206)
(7, 102)
(7, 51)
(7, 53)
dimension: 7, class: 3
cart cost: 41.947101449275365
size of X: (7, 153)
Using method: Global linear DT optimization
Version identifier: 20.1.0.0 | 2020-11-10 | 9bedb6d68
CPXPARAM_Threads                                 1
CPXPARAM_TimeLimit                               1728000
Tried aggregator 1 time.
No LP presolve or aggregator reductions.
Presolve time = 0.01 sec. (3.39 ticks)
Initializing dual steep norms . . .

Iteration log . . .
Iteration:     1   Dual objective     =             0.000000
Perturbation started.
Iteration:    51   Dual objective     =             0.000000
Iteration:   169   Dual objective     =             0.000020
Iteration:   280   Dual objective     =             0.005735
Iteration:   425   Dual objective     =             0.009624
Iteration:   556   Dual objective     =             0.012952
Iteration:   703   Dual objective     =             0.015987
Iteration:   858   Dual objective     =             0.020589
Iteration:   976   Dual objective     =             0.021537
Iteration:  1085   Dual objective     =             0.022476
Iteration:  1193   Dual objective     =             0.023300
Iteration:  1305   Dual objective     =             0.023344
Iteration:  1412   Dual objective     =             0.023407
Iteration:  1532   Dual objective     =             0.023517
Iteration:  1655   Dual objective     =             0.023503
Removing perturbation.
7×3 Matrix{Float64}:
 0.0  1.0  0.0
 0.0  0.0  0.0
 0.0  0.0  1.0
 0.0  0.0  0.0
 0.0  0.0  0.0
 0.0  0.0  0.0
 1.0  0.0  0.0
3-element Vector{Float64}:
 0.5134289306085063
 0.2612908366226327
 0.32567245740989437
3×7 Matrix{Float64}:
 0.0  0.0  0.0  0.0  1.0  0.0  0.0
 0.0  0.0  0.0  0.0  0.0  1.0  1.0
 0.0  0.0  0.0  1.0  0.0  0.0  0.0
3-element Vector{Float64}:
 1.0
 1.0
 1.0
7×3 Matrix{Float64}:
 0.141047   0.141047   0.0439569
 0.0        0.0        0.0
 0.0223434  0.0223434  0.0
 0.0        0.0        0.0
 0.0        0.0        0.0
 0.0271791  0.0271791  0.00893059
 0.0178096  0.0178096  0.0
3-element Vector{Float64}:
 0.2083795833808962
 0.20837958338089624
 0.05288750317298104
3×7 Matrix{Float64}:
 0.0  0.0  0.0  0.350345  0.350345  0.834887   0.287204
 0.0  0.0  0.0  0.277904  0.274602  0.0701662  0.467275
 0.0  0.0  0.0  0.371751  0.375053  0.0949465  0.245521
3-element Vector{Float64}:
 0.2083795833808962
 0.20837958338089624
 0.05288750317298104
a: [0.14104748517564447 0.1410474851756434 0.04395691704651712; 0.0 0.0 0.0; 0.022343443227268615 0.022343443227269416 0.0; 0.0 0.0 0.0; 0.0 0.0 0.0; 0.027179067797659755 0.027179067797659186 0.008930586126463934; 0.01780958718032337 0.017809587180324243 0.0]
b: [0.2083795833808962, 0.20837958338089624, 0.05288750317298104]
c: [0.0 0.0 0.0 0.3503452054481712 0.35034520544817105 0.8348873747043113 0.28720441708828254; 0.0 0.0 0.0 0.27790425162227034 0.27460171368192987 0.07016616875981702 0.46727481080529415; 0.0 0.0 0.0 0.3717505429295584 0.3750530808698991 0.0949464565358718 0.24552077210642326]
d: [0.2083795833808962, 0.20837958338089624, 0.05288750317298104]
comparison (CRT and Glb)on prediction: Dict{Bool, Int64}(0 => 53, 1 => 0)
Dataname	 time	 objv	 lb	 gap	 train_w	 train_g	 test_w	 test_g
/work_bgfs/n/navarrodelacruz/odt/optimal_decision_tree/augmented_datasets/seeds/seeds_20.seeds	 28.82	 0.02348233349673867	 N/A	 N/A	 90.85	 0.0	 94.34	 0.0
