Running 6 processes.
Start training /work_bgfs/n/navarrodelacruz/odt/optimal_decision_tree/augmented_datasets/seeds/seeds_441.seeds with seed 1.
Any[]
(7, 206)
(7, 103)
(7, 52)
(7, 51)
dimension: 7, class: 3
cart cost: 38.40714285714285
size of X: (7, 155)
Using method: Global linear DT optimization
Version identifier: 20.1.0.0 | 2020-11-10 | 9bedb6d68
CPXPARAM_Threads                                 1
CPXPARAM_TimeLimit                               72000
Tried aggregator 1 time.
No LP presolve or aggregator reductions.
Presolve time = 0.01 sec. (3.45 ticks)
Initializing dual steep norms . . .

Iteration log . . .
Iteration:     1   Dual objective     =             0.000000
Perturbation started.
Iteration:    51   Dual objective     =             0.000000
Iteration:   170   Dual objective     =             0.000020
Iteration:   280   Dual objective     =             0.000042
Iteration:   390   Dual objective     =             0.009605
Iteration:   522   Dual objective     =             0.020996
Iteration:   658   Dual objective     =             0.021985
Iteration:   795   Dual objective     =             0.022400
Iteration:   914   Dual objective     =             0.022421
Iteration:  1020   Dual objective     =             0.023172
Iteration:  1124   Dual objective     =             0.023247
Iteration:  1230   Dual objective     =             0.023299
Iteration:  1341   Dual objective     =             0.023444
Removing perturbation.
7×3 Matrix{Float64}:
 0.0  1.0  0.0
 0.0  0.0  0.0
 0.0  0.0  1.0
 0.0  0.0  0.0
 0.0  0.0  0.0
 0.0  0.0  0.0
 1.0  0.0  0.0
3-element Vector{Float64}:
 0.5615377980662355
 0.26160037022360605
 0.28990059333858276
3×7 Matrix{Float64}:
 0.0  0.0  0.0  0.0  1.0  0.0  0.0
 0.0  0.0  0.0  0.0  0.0  1.0  1.0
 0.0  0.0  0.0  1.0  0.0  0.0  0.0
3-element Vector{Float64}:
 1.0
 1.0
 1.0
7×3 Matrix{Float64}:
 0.0        0.0        0.0
 0.0        0.0        0.0
 0.0519325  0.0519325  0.00983977
 0.127276   0.127276   0.020998
 0.0        0.0        0.0
 0.029034   0.029034   0.0208844
 0.0        0.0        0.0
3-element Vector{Float64}:
 0.2082426614053779
 0.20824266140537787
 0.05172216651761577
3×7 Matrix{Float64}:
 0.0  0.0  0.0  0.347365  0.352783  0.835667   0.281605
 0.0  0.0  0.0  0.29746   0.286948  0.0788656  0.436341
 0.0  0.0  0.0  0.355174  0.360268  0.0854674  0.282054
3-element Vector{Float64}:
 0.2082426614053779
 0.20824266140537787
 0.05172216651761577
a: [0.0 0.0 0.0; 0.0 0.0 0.0; 0.05193245834484693 0.05193245834484542 0.009839768726874738; 0.1272761846637158 0.12727618466371565 0.020997967429766173; 0.0 0.0 0.0; 0.029034018396815214 0.02903401839681674 0.020884430360974867; 0.0 0.0 0.0]
b: [0.2082426614053779, 0.20824266140537787, 0.05172216651761577]
c: [0.0 0.0 0.0 0.3473652768707698 0.3527832054477556 0.8356669427789337 0.28160535176087903; 0.0 0.0 0.0 0.297460437740507 0.286948463513182 0.07886563979572778 0.4363410309524808; 0.0 0.0 0.0 0.3551742853887232 0.36026833103906236 0.08546741742533842 0.28205361728664025]
d: [0.2082426614053779, 0.20824266140537787, 0.05172216651761577]
comparison (CRT and Glb)on prediction: Dict{Bool, Int64}(0 => 51, 1 => 0)
Dataname	 time	 objv	 lb	 gap	 train_w	 train_g	 test_w	 test_g
/work_bgfs/n/navarrodelacruz/odt/optimal_decision_tree/augmented_datasets/seeds/seeds_441.seeds	 27.27	 0.023410374466418568	 N/A	 N/A	 91.613	 0.0	 92.157	 0.0
