Running 6 processes.
Start training /work_bgfs/n/navarrodelacruz/odt/optimal_decision_tree/augmented_datasets/seeds/seeds_617.seeds with seed 1.
Any[]
(7, 206)
(7, 103)
(7, 52)
(7, 51)
dimension: 7, class: 3
cart cost: 41.35
size of X: (7, 155)
Using method: Global linear DT optimization
Version identifier: 20.1.0.0 | 2020-11-10 | 9bedb6d68
CPXPARAM_Threads                                 1
CPXPARAM_TimeLimit                               1728000
Tried aggregator 1 time.
No LP presolve or aggregator reductions.
Presolve time = 0.01 sec. (3.45 ticks)
Initializing dual steep norms . . .

Iteration log . . .
Iteration:     1   Dual objective     =             0.000000
Perturbation started.
Iteration:    51   Dual objective     =             0.000000
Iteration:   166   Dual objective     =             0.000026
Iteration:   299   Dual objective     =             0.006410
Iteration:   458   Dual objective     =             0.016765
Iteration:   596   Dual objective     =             0.020709
Iteration:   775   Dual objective     =             0.021821
Iteration:   895   Dual objective     =             0.022742
Iteration:   990   Dual objective     =             0.022746
Iteration:  1113   Dual objective     =             0.023294
Iteration:  1222   Dual objective     =             0.023755
Iteration:  1325   Dual objective     =             0.023788
Iteration:  1442   Dual objective     =             0.023789
Removing perturbation.
7×3 Matrix{Float64}:
 0.0  1.0  0.0
 0.0  0.0  0.0
 0.0  0.0  1.0
 0.0  0.0  0.0
 0.0  0.0  0.0
 0.0  0.0  0.0
 1.0  0.0  0.0
3-element Vector{Float64}:
 0.502037007519387
 0.26739648256051435
 0.42627444445060136
3×7 Matrix{Float64}:
 0.0  0.0  0.0  0.0  1.0  0.0  0.0
 0.0  0.0  0.0  0.0  0.0  1.0  1.0
 0.0  0.0  0.0  1.0  0.0  0.0  0.0
3-element Vector{Float64}:
 1.0
 1.0
 1.0
7×3 Matrix{Float64}:
 0.0892922  0.0892922  0.00857347
 0.0        0.0        0.0
 0.0124429  0.0124429  0.0
 0.0        0.0        0.0
 0.0        0.0        0.0
 0.054184   0.054184   0.0190552
 0.0485223  0.0485223  0.0385332
3-element Vector{Float64}:
 0.20444136079848707
 0.20444136079848713
 0.06616195207512528
3×7 Matrix{Float64}:
 0.0  0.0  0.0  0.353689  0.356703  0.790361   0.280438
 0.0  0.0  0.0  0.285948  0.285948  0.0987701  0.440379
 0.0  0.0  0.0  0.360363  0.357349  0.110869   0.279182
3-element Vector{Float64}:
 0.20444136079848707
 0.20444136079848713
 0.06616195207512528
a: [0.08929221183030348 0.0892922118303045 0.008573472471253236; 0.0 0.0 0.0; 0.012442923445940137 0.01244292344594136 0.0; 0.0 0.0 0.0; 0.0 0.0 0.0; 0.05418396248091245 0.05418396248091174 0.019055241902685746; 0.04852226304133103 0.04852226304132945 0.03853323770118625]
b: [0.20444136079848707, 0.20444136079848713, 0.06616195207512528]
c: [0.0 0.0 0.0 0.35368925944857454 0.3567029060513168 0.7903612502790146 0.2804383522177063; 0.0 0.0 0.0 0.2859477498979077 0.28594774989790794 0.09877011833056895 0.44037928098720014; 0.0 0.0 0.0 0.36036299065351773 0.35734934405077523 0.11086863139041643 0.27918236679509356]
d: [0.20444136079848707, 0.20444136079848713, 0.06616195207512528]
comparison (CRT and Glb)on prediction: Dict{Bool, Int64}(0 => 51, 1 => 0)
Dataname	 time	 objv	 lb	 gap	 train_w	 train_g	 test_w	 test_g
/work_bgfs/n/navarrodelacruz/odt/optimal_decision_tree/augmented_datasets/seeds/seeds_617.seeds	 32.61	 0.023752233683604972	 N/A	 N/A	 90.968	 0.0	 92.157	 0.0
