Running 6 processes.
Start training /work_bgfs/n/navarrodelacruz/odt/optimal_decision_tree/augmented_datasets/seeds/seeds_53.seeds with seed 1.
Any[]
(7, 206)
(7, 102)
(7, 51)
(7, 53)
dimension: 7, class: 3
cart cost: 41.947101449275365
size of X: (7, 153)
Using method: Global linear DT optimization
Version identifier: 20.1.0.0 | 2020-11-10 | 9bedb6d68
CPXPARAM_Threads                                 1
CPXPARAM_TimeLimit                               72000
Tried aggregator 1 time.
No LP presolve or aggregator reductions.
Presolve time = 0.01 sec. (3.42 ticks)
Initializing dual steep norms . . .

Iteration log . . .
Iteration:     1   Dual objective     =             0.000000
Perturbation started.
Iteration:    51   Dual objective     =             0.000000
Iteration:   230   Dual objective     =             0.000026
Iteration:   330   Dual objective     =             0.004522
Iteration:   472   Dual objective     =             0.011283
Iteration:   598   Dual objective     =             0.017291
Iteration:   742   Dual objective     =             0.023111
Iteration:   915   Dual objective     =             0.023356
Iteration:  1046   Dual objective     =             0.023423
Iteration:  1165   Dual objective     =             0.023919
Removing perturbation.
7×3 Matrix{Float64}:
 0.0  1.0  0.0
 0.0  0.0  0.0
 0.0  0.0  0.0
 0.0  0.0  0.0
 0.0  0.0  0.0
 0.0  0.0  1.0
 1.0  0.0  0.0
3-element Vector{Float64}:
 0.5306381640622353
 0.2641182595585332
 0.18836081431305501
3×7 Matrix{Float64}:
 0.0  0.0  0.0  0.0  1.0  0.0  0.0
 0.0  0.0  0.0  0.0  0.0  1.0  1.0
 0.0  0.0  0.0  1.0  0.0  0.0  0.0
3-element Vector{Float64}:
 1.0
 1.0
 1.0
7×3 Matrix{Float64}:
 0.0710106  0.0710106  0.0
 0.0        0.0        0.0
 0.0        0.0        0.0
 0.100085   0.100085   0.0432654
 0.0        0.0        0.0
 0.0368982  0.0368982  0.0185082
 0.0        0.0        0.0
3-element Vector{Float64}:
 0.2079937085009655
 0.2079937085009655
 0.06177360998060598
3×7 Matrix{Float64}:
 0.0  0.0  0.0  0.348631  0.359669  0.794527   0.286632
 0.0  0.0  0.0  0.283661  0.271915  0.0937799  0.469695
 0.0  0.0  0.0  0.367708  0.368415  0.111693   0.243673
3-element Vector{Float64}:
 0.2079937085009655
 0.2079937085009655
 0.06177360998060598
a: [0.07101064536794374 0.07101064536794376 0.0; 0.0 0.0 0.0; 0.0 0.0 0.0; 0.1000849085017186 0.10008490850171856 0.043265408252310365; 0.0 0.0 0.0; 0.036898154631303165 0.03689815463130318 0.0185082017282956; 0.0 0.0 0.0]
b: [0.2079937085009655, 0.2079937085009655, 0.06177360998060598]
c: [0.0 0.0 0.0 0.34863098189817293 0.35966940537856645 0.794527436705475 0.2866315730894561; 0.0 0.0 0.0 0.28366110987056076 0.2719153258198446 0.0937798835226178 0.4696950382202889; 0.0 0.0 0.0 0.36770790823126626 0.368415268801589 0.11169267977190725 0.243673388690255]
d: [0.2079937085009655, 0.2079937085009655, 0.06177360998060598]
comparison (CRT and Glb)on prediction: Dict{Bool, Int64}(0 => 53, 1 => 0)
Dataname	 time	 objv	 lb	 gap	 train_w	 train_g	 test_w	 test_g
/work_bgfs/n/navarrodelacruz/odt/optimal_decision_tree/augmented_datasets/seeds/seeds_53.seeds	 71.61	 0.023888051349126853	 N/A	 N/A	 90.85	 0.0	 94.34	 0.0
