Running 6 processes.
Start training /work_bgfs/n/navarrodelacruz/odt/optimal_decision_tree/augmented_datasets/seeds/seeds_315.seeds with seed 1.
Any[]
(7, 206)
(7, 103)
(7, 52)
(7, 51)
dimension: 7, class: 3
cart cost: 35.4642857142857
size of X: (7, 155)
Using method: Global linear DT optimization
Version identifier: 20.1.0.0 | 2020-11-10 | 9bedb6d68
CPXPARAM_Threads                                 1
CPXPARAM_TimeLimit                               72000
Tried aggregator 1 time.
No LP presolve or aggregator reductions.
Presolve time = 0.01 sec. (3.45 ticks)
Initializing dual steep norms . . .

Iteration log . . .
Iteration:     1   Dual objective     =             0.000000
Perturbation started.
Iteration:    51   Dual objective     =             0.000000
Iteration:   189   Dual objective     =             0.000029
Iteration:   317   Dual objective     =             0.000054
Iteration:   442   Dual objective     =             0.006572
Iteration:   577   Dual objective     =             0.016876
Iteration:   705   Dual objective     =             0.022699
Iteration:   817   Dual objective     =             0.022749
Iteration:   939   Dual objective     =             0.023346
Iteration:  1038   Dual objective     =             0.023734
Iteration:  1159   Dual objective     =             0.023727
Removing perturbation.
7×3 Matrix{Float64}:
 0.0  1.0  0.0
 0.0  0.0  0.0
 0.0  0.0  0.0
 0.0  0.0  0.0
 0.0  0.0  0.0
 0.0  0.0  1.0
 1.0  0.0  0.0
3-element Vector{Float64}:
 0.5278555863862524
 0.2632297386303114
 0.19250701436809964
3×7 Matrix{Float64}:
 0.0  0.0  0.0  0.0  1.0  0.0  0.0
 0.0  0.0  0.0  0.0  0.0  1.0  1.0
 0.0  0.0  0.0  1.0  0.0  0.0  0.0
3-element Vector{Float64}:
 1.0
 1.0
 1.0
7×3 Matrix{Float64}:
 0.0979981  0.0979981  0.00911817
 0.0        0.0        0.0
 0.0173183  0.0173183  0.00729134
 0.0        0.0        0.0
 0.0        0.0        0.0
 0.0544831  0.0544831  0.0113294
 0.0350416  0.0350416  0.036358
3-element Vector{Float64}:
 0.2048411591693084
 0.20484115916930837
 0.06409687942703408
3×7 Matrix{Float64}:
 0.0  0.0  0.0  0.351855  0.351855  0.797006   0.28231
 0.0  0.0  0.0  0.291141  0.291141  0.0912768  0.436755
 0.0  0.0  0.0  0.357004  0.357004  0.111717   0.280935
3-element Vector{Float64}:
 0.2048411591693084
 0.20484115916930837
 0.06409687942703408
a: [0.0979980830549537 0.09799808305495314 0.009118167781621098; 0.0 0.0 0.0; 0.01731833426451275 0.017318334264512705 0.007291339986731157; 0.0 0.0 0.0; 0.0 0.0 0.0; 0.05448313350620668 0.05448313350620665 0.011329417489767379; 0.035041608343635296 0.035041608343635886 0.03635795416891447]
b: [0.2048411591693084, 0.20484115916930837, 0.06409687942703408]
c: [0.0 0.0 0.0 0.3518552017205575 0.3518552017205574 0.7970062666536312 0.28231040042574934; 0.0 0.0 0.0 0.2911410504611285 0.2911410504611285 0.09127678794313215 0.43675460325662574; 0.0 0.0 0.0 0.357003747818314 0.3570037478183141 0.1117169454032366 0.280934996317625]
d: [0.2048411591693084, 0.20484115916930837, 0.06409687942703408]
comparison (CRT and Glb)on prediction: Dict{Bool, Int64}(0 => 51, 1 => 0)
Dataname	 time	 objv	 lb	 gap	 train_w	 train_g	 test_w	 test_g
/work_bgfs/n/navarrodelacruz/odt/optimal_decision_tree/augmented_datasets/seeds/seeds_315.seeds	 30.61	 0.023688959888282547	 N/A	 N/A	 92.258	 0.0	 90.196	 0.0
