Running 6 processes.
Start training /work_bgfs/n/navarrodelacruz/odt/optimal_decision_tree/augmented_datasets/seeds/seeds_608.seeds with seed 1.
Any[]
(7, 206)
(7, 103)
(7, 52)
(7, 51)
dimension: 7, class: 3
cart cost: 44.29285714285715
size of X: (7, 155)
Using method: Global linear DT optimization
Version identifier: 20.1.0.0 | 2020-11-10 | 9bedb6d68
CPXPARAM_Threads                                 1
CPXPARAM_TimeLimit                               72000
Tried aggregator 1 time.
No LP presolve or aggregator reductions.
Presolve time = 0.01 sec. (3.47 ticks)
Initializing dual steep norms . . .

Iteration log . . .
Iteration:     1   Dual objective     =             0.000000
Perturbation started.
Iteration:    51   Dual objective     =             0.000000
Iteration:   195   Dual objective     =             0.000032
Iteration:   354   Dual objective     =             0.003332
Iteration:   468   Dual objective     =             0.017497
Iteration:   573   Dual objective     =             0.017600
Iteration:   686   Dual objective     =             0.023306
Iteration:   791   Dual objective     =             0.023309
Iteration:   905   Dual objective     =             0.023428
Iteration:  1016   Dual objective     =             0.023429
Iteration:  1141   Dual objective     =             0.023490
Iteration:  1250   Dual objective     =             0.023684
Removing perturbation.
7×3 Matrix{Float64}:
 0.0  1.0  0.0
 0.0  0.0  0.0
 0.0  0.0  0.0
 0.0  0.0  0.0
 0.0  0.0  0.0
 0.0  0.0  1.0
 1.0  0.0  0.0
3-element Vector{Float64}:
 0.5316990258403995
 0.2710670613095164
 0.18572783002406223
3×7 Matrix{Float64}:
 0.0  0.0  0.0  0.0  1.0  0.0  0.0
 0.0  0.0  0.0  0.0  0.0  1.0  1.0
 0.0  0.0  0.0  1.0  0.0  0.0  0.0
3-element Vector{Float64}:
 1.0
 1.0
 1.0
7×3 Matrix{Float64}:
 0.0639786  0.0639786  0.0
 0.0        0.0        0.0
 0.0432559  0.0432559  0.0132583
 0.0        0.0        0.0
 0.0        0.0        0.0
 0.0197636  0.0197636  0.0
 0.0846588  0.0846588  0.0363573
3-element Vector{Float64}:
 0.21165693387882964
 0.21165693387882967
 0.04961565903790066
3×7 Matrix{Float64}:
 0.0  0.0  0.0  0.352926  0.347339  0.851585   0.310424
 0.0  0.0  0.0  0.284143  0.286934  0.0686998  0.433566
 0.0  0.0  0.0  0.362931  0.365726  0.0797153  0.25601
3-element Vector{Float64}:
 0.21165693387882964
 0.21165693387882967
 0.04961565903790066
a: [0.06397863283014084 0.06397863283014059 0.0; 0.0 0.0 0.0; 0.04325589326487975 0.043255893264879774 0.013258316744671733; 0.0 0.0 0.0; 0.0 0.0 0.0; 0.019763592898949342 0.01976359289894873 0.0; 0.08465881488485966 0.08465881488486063 0.03635734229322925]
b: [0.21165693387882964, 0.21165693387882967, 0.04961565903790066]
c: [0.0 0.0 0.0 0.35292582678914497 0.3473392116762001 0.8515849028123983 0.31042362479718943; 0.0 0.0 0.0 0.2841428254277206 0.2869343148115443 0.06869975547597496 0.43356606346883053; 0.0 0.0 0.0 0.3629313477831344 0.36572647351225557 0.07971534171162674 0.25601031173398]
d: [0.21165693387882964, 0.21165693387882967, 0.04961565903790066]
comparison (CRT and Glb)on prediction: Dict{Bool, Int64}(0 => 51, 1 => 0)
Dataname	 time	 objv	 lb	 gap	 train_w	 train_g	 test_w	 test_g
/work_bgfs/n/navarrodelacruz/odt/optimal_decision_tree/augmented_datasets/seeds/seeds_608.seeds	 32.32	 0.023646476339777994	 N/A	 N/A	 90.323	 0.0	 92.157	 0.0
