Running 6 processes.
Start training /work_bgfs/n/navarrodelacruz/odt/optimal_decision_tree/augmented_datasets/seeds/seeds_955.seeds with seed 1.
Any[]
(7, 206)
(7, 103)
(7, 52)
(7, 51)
dimension: 7, class: 3
cart cost: 38.40714285714285
size of X: (7, 155)
Using method: Global linear DT optimization
Version identifier: 20.1.0.0 | 2020-11-10 | 9bedb6d68
CPXPARAM_Threads                                 1
CPXPARAM_TimeLimit                               72000
Tried aggregator 1 time.
No LP presolve or aggregator reductions.
Presolve time = 0.01 sec. (3.46 ticks)
Initializing dual steep norms . . .

Iteration log . . .
Iteration:     1   Dual objective     =             0.000000
Perturbation started.
Iteration:    51   Dual objective     =             0.000000
Iteration:   176   Dual objective     =             0.000028
Iteration:   315   Dual objective     =             0.000055
Iteration:   413   Dual objective     =             0.010765
Iteration:   529   Dual objective     =             0.016610
Iteration:   667   Dual objective     =             0.022628
Iteration:   785   Dual objective     =             0.023065
Iteration:   895   Dual objective     =             0.023583
Iteration:  1007   Dual objective     =             0.023640
Iteration:  1110   Dual objective     =             0.023683
Removing perturbation.
7×3 Matrix{Float64}:
 0.0  1.0  0.0
 0.0  0.0  0.0
 0.0  0.0  1.0
 0.0  0.0  0.0
 0.0  0.0  0.0
 0.0  0.0  0.0
 1.0  0.0  0.0
3-element Vector{Float64}:
 0.524153920224925
 0.26286619916648823
 0.6515022103812175
3×7 Matrix{Float64}:
 0.0  0.0  0.0  0.0  1.0  0.0  0.0
 0.0  0.0  0.0  0.0  0.0  1.0  1.0
 0.0  0.0  0.0  1.0  0.0  0.0  0.0
3-element Vector{Float64}:
 1.0
 1.0
 1.0
7×3 Matrix{Float64}:
 0.0816785  0.0816785  0.0281172
 0.0        0.0        0.0
 0.0292141  0.0292141  0.0
 0.0612402  0.0612402  0.00562322
 0.0        0.0        0.0
 0.0346457  0.0346457  0.0256423
 0.0        0.0        0.0
3-element Vector{Float64}:
 0.2067784891525545
 0.20677848915255442
 0.05938272336661014
3×7 Matrix{Float64}:
 0.0  0.0  0.0  0.345744  0.355041  0.804602   0.302836
 0.0  0.0  0.0  0.28941   0.280113  0.0913424  0.442778
 0.0  0.0  0.0  0.364846  0.364846  0.104056   0.254387
3-element Vector{Float64}:
 0.2067784891525545
 0.20677848915255442
 0.05938272336661014
a: [0.08167848796408278 0.08167848796408286 0.028117247234792125; 0.0 0.0 0.0; 0.02921412999853293 0.029214129998533567 0.0; 0.06124021907776811 0.06124021907776778 0.005623224369860104; 0.0 0.0 0.0; 0.034645652112170605 0.03464565211217019 0.025642251761957852; 0.0 0.0 0.0]
b: [0.2067784891525545, 0.20677848915255442, 0.05938272336661014]
c: [0.0 0.0 0.0 0.3457443402692164 0.3550413743034839 0.8046020672833143 0.30283560490232064; 0.0 0.0 0.0 0.2894096312420149 0.2801125972077475 0.09134236515508166 0.44277760223999685; 0.0 0.0 0.0 0.3648460284887687 0.36484602848876857 0.10405556756160403 0.2543867928576825]
d: [0.2067784891525545, 0.20677848915255442, 0.05938272336661014]
comparison (CRT and Glb)on prediction: Dict{Bool, Int64}(0 => 51, 1 => 0)
Dataname	 time	 objv	 lb	 gap	 train_w	 train_g	 test_w	 test_g
/work_bgfs/n/navarrodelacruz/odt/optimal_decision_tree/augmented_datasets/seeds/seeds_955.seeds	 27.36	 0.023646985083585967	 N/A	 N/A	 91.613	 0.0	 92.157	 0.0
