Running 6 processes.
Start training /work_bgfs/n/navarrodelacruz/odt/optimal_decision_tree/augmented_datasets/seeds/seeds_854.seeds with seed 1.
Any[]
(7, 206)
(7, 103)
(7, 52)
(7, 51)
dimension: 7, class: 3
cart cost: 38.40714285714285
size of X: (7, 155)
Using method: Global linear DT optimization
Version identifier: 20.1.0.0 | 2020-11-10 | 9bedb6d68
CPXPARAM_Threads                                 1
CPXPARAM_TimeLimit                               72000
Tried aggregator 1 time.
No LP presolve or aggregator reductions.
Presolve time = 0.01 sec. (3.45 ticks)
Initializing dual steep norms . . .

Iteration log . . .
Iteration:     1   Dual objective     =             0.000000
Perturbation started.
Iteration:    51   Dual objective     =             0.000000
Iteration:   257   Dual objective     =             0.000042
Iteration:   364   Dual objective     =             0.000065
Iteration:   467   Dual objective     =             0.016758
Iteration:   567   Dual objective     =             0.017047
Iteration:   695   Dual objective     =             0.023130
Iteration:   808   Dual objective     =             0.023133
Iteration:   910   Dual objective     =             0.023721
Iteration:  1020   Dual objective     =             0.023765
Removing perturbation.
7×3 Matrix{Float64}:
 0.0  1.0  0.0
 0.0  0.0  0.0
 0.0  0.0  0.0
 0.0  0.0  0.0
 0.0  0.0  0.0
 0.0  0.0  1.0
 1.0  0.0  0.0
3-element Vector{Float64}:
 0.5541617550000115
 0.269198614029597
 0.17669407440848872
3×7 Matrix{Float64}:
 0.0  0.0  0.0  0.0  1.0  0.0  0.0
 0.0  0.0  0.0  0.0  0.0  1.0  1.0
 0.0  0.0  0.0  1.0  0.0  0.0  0.0
3-element Vector{Float64}:
 1.0
 1.0
 1.0
7×3 Matrix{Float64}:
 0.0        0.0        0.0
 0.0        0.0        0.0
 0.0183636  0.0183636  0.014162
 0.146666   0.146666   0.0326871
 0.0        0.0        0.0
 0.0408246  0.0408246  0.0158826
 0.0        0.0        0.0
3-element Vector{Float64}:
 0.20585406502291617
 0.20585406502291614
 0.06273165377706925
3×7 Matrix{Float64}:
 0.0  0.0  0.0  0.350582  0.357792  0.803895   0.298202
 0.0  0.0  0.0  0.294846  0.283532  0.0923086  0.436608
 0.0  0.0  0.0  0.354572  0.358676  0.103797   0.265191
3-element Vector{Float64}:
 0.20585406502291617
 0.20585406502291614
 0.06273165377706925
a: [0.0 0.0 0.0; 0.0 0.0 0.0; 0.018363594299175834 0.018363594299175626 0.014161953991476661; 0.14666584359079438 0.1466658435907945 0.03268710106887025; 0.0 0.0 0.0; 0.04082462713294597 0.04082462713294603 0.015882598716722394; 0.0 0.0 0.0]
b: [0.20585406502291617, 0.20585406502291614, 0.06273165377706925]
c: [0.0 0.0 0.0 0.35058163029658995 0.3577919419366291 0.8038945918885011 0.29820151343087614; 0.0 0.0 0.0 0.29484637037591455 0.2835322973087844 0.09230863541996091 0.43660765361676696; 0.0 0.0 0.0 0.3545719993274955 0.3586757607545865 0.10379677269153795 0.26519083295235685]
d: [0.20585406502291617, 0.20585406502291614, 0.06273165377706925]
comparison (CRT and Glb)on prediction: Dict{Bool, Int64}(0 => 51, 1 => 0)
Dataname	 time	 objv	 lb	 gap	 train_w	 train_g	 test_w	 test_g
/work_bgfs/n/navarrodelacruz/odt/optimal_decision_tree/augmented_datasets/seeds/seeds_854.seeds	 33.82	 0.02372198919114508	 N/A	 N/A	 91.613	 0.0	 92.157	 0.0
