Running 6 processes.
Start training /work_bgfs/n/navarrodelacruz/odt/optimal_decision_tree/augmented_datasets/seeds/seeds_532.seeds with seed 1.
Any[]
(7, 206)
(7, 102)
(7, 51)
(7, 53)
dimension: 7, class: 3
cart cost: 41.947101449275365
size of X: (7, 153)
Using method: Global linear DT optimization
Version identifier: 20.1.0.0 | 2020-11-10 | 9bedb6d68
CPXPARAM_Threads                                 1
CPXPARAM_TimeLimit                               1728000
Tried aggregator 1 time.
No LP presolve or aggregator reductions.
Presolve time = 0.01 sec. (3.38 ticks)
Initializing dual steep norms . . .

Iteration log . . .
Iteration:     1   Dual objective     =             0.000000
Perturbation started.
Iteration:    51   Dual objective     =             0.000000
Iteration:   177   Dual objective     =             0.000023
Iteration:   317   Dual objective     =             0.000053
Iteration:   458   Dual objective     =             0.016225
Iteration:   573   Dual objective     =             0.021770
Iteration:   677   Dual objective     =             0.021775
Iteration:   791   Dual objective     =             0.022540
Iteration:   897   Dual objective     =             0.023469
Iteration:  1002   Dual objective     =             0.023561
Iteration:  1107   Dual objective     =             0.023558
Removing perturbation.
7×3 Matrix{Float64}:
 0.0  1.0  0.0
 0.0  0.0  0.0
 0.0  0.0  0.0
 0.0  0.0  0.0
 0.0  0.0  0.0
 0.0  0.0  1.0
 1.0  0.0  0.0
3-element Vector{Float64}:
 0.5035192134387793
 0.26589961351047586
 0.1981694952451821
3×7 Matrix{Float64}:
 0.0  0.0  0.0  0.0  1.0  0.0  0.0
 0.0  0.0  0.0  0.0  0.0  1.0  1.0
 0.0  0.0  0.0  1.0  0.0  0.0  0.0
3-element Vector{Float64}:
 1.0
 1.0
 1.0
7×3 Matrix{Float64}:
 0.104202    0.104202    0.0152917
 0.0         0.0         0.0
 0.0         0.0         0.0
 0.00215525  0.00215525  0.0229862
 0.0         0.0         0.0
 0.0582476   0.0582476   0.0166639
 0.0421896   0.0421896   0.00253538
3-element Vector{Float64}:
 0.20679445387941378
 0.2067944538794138
 0.057477188793800996
3×7 Matrix{Float64}:
 0.0  0.0  0.0  0.353173  0.345157  0.813689   0.282615
 0.0  0.0  0.0  0.288629  0.283912  0.0866966  0.449536
 0.0  0.0  0.0  0.358198  0.370931  0.0996144  0.267849
3-element Vector{Float64}:
 0.20679445387941378
 0.2067944538794138
 0.057477188793800996
a: [0.10420205124406563 0.10420205124406598 0.01529174360968823; 0.0 0.0 0.0; 0.0 0.0 0.0; 0.0021552508069998533 0.00215525080699977 0.0229861862248675; 0.0 0.0 0.0; 0.058247599549931334 0.05824759954993152 0.016663874165584406; 0.04218955227841696 0.042189552278416656 0.002535384793660926]
b: [0.20679445387941378, 0.2067944538794138, 0.057477188793800996]
c: [0.0 0.0 0.0 0.3531730990750879 0.3451573891359926 0.8136890204569748 0.2826145800335301; 0.0 0.0 0.0 0.28862874143038636 0.28391153955611825 0.08669655319198045 0.44953612833707757; 0.0 0.0 0.0 0.3581981594945257 0.37093107130788916 0.09961442635104474 0.2678492916293923]
d: [0.20679445387941378, 0.2067944538794138, 0.057477188793800996]
comparison (CRT and Glb)on prediction: Dict{Bool, Int64}(0 => 53, 1 => 0)
Dataname	 time	 objv	 lb	 gap	 train_w	 train_g	 test_w	 test_g
/work_bgfs/n/navarrodelacruz/odt/optimal_decision_tree/augmented_datasets/seeds/seeds_532.seeds	 31.28	 0.023553304827631433	 N/A	 N/A	 90.85	 0.0	 94.34	 0.0
