Running 6 processes.
Start training /work_bgfs/n/navarrodelacruz/odt/optimal_decision_tree/augmented_datasets/seeds/seeds_348.seeds with seed 1.
Any[]
(7, 206)
(7, 103)
(7, 52)
(7, 51)
dimension: 7, class: 3
cart cost: 41.35
size of X: (7, 155)
Using method: Global linear DT optimization
Version identifier: 20.1.0.0 | 2020-11-10 | 9bedb6d68
CPXPARAM_Threads                                 1
CPXPARAM_TimeLimit                               72000
Tried aggregator 1 time.
No LP presolve or aggregator reductions.
Presolve time = 0.01 sec. (3.45 ticks)
Initializing dual steep norms . . .

Iteration log . . .
Iteration:     1   Dual objective     =             0.000000
Perturbation started.
Iteration:    51   Dual objective     =             0.000000
Iteration:   259   Dual objective     =             0.000044
Iteration:   371   Dual objective     =             0.000059
Iteration:   491   Dual objective     =             0.016298
Iteration:   619   Dual objective     =             0.017848
Iteration:   747   Dual objective     =             0.023235
Iteration:   863   Dual objective     =             0.023298
Iteration:   977   Dual objective     =             0.023710
Iteration:  1096   Dual objective     =             0.023706
Removing perturbation.
7×3 Matrix{Float64}:
 0.0  1.0  0.0
 0.0  0.0  0.0
 0.0  0.0  0.0
 0.0  0.0  0.0
 0.0  0.0  0.0
 0.0  0.0  1.0
 1.0  0.0  0.0
3-element Vector{Float64}:
 0.5664725774960864
 0.2773829457084104
 0.17365887211272824
3×7 Matrix{Float64}:
 0.0  0.0  0.0  0.0  1.0  0.0  0.0
 0.0  0.0  0.0  0.0  0.0  1.0  1.0
 0.0  0.0  0.0  1.0  0.0  0.0  0.0
3-element Vector{Float64}:
 1.0
 1.0
 1.0
7×3 Matrix{Float64}:
 0.0992391  0.0992391  0.0119458
 0.0        0.0        0.0
 0.0        0.0        0.0
 0.0662703  0.0662703  0.0380409
 0.0        0.0        0.0
 0.0392535  0.0392535  0.0138176
 0.0        0.0        0.0
3-element Vector{Float64}:
 0.20476298311786426
 0.20476298311786417
 0.06380429505020463
3×7 Matrix{Float64}:
 0.0  0.0  0.0  0.344148  0.34602   0.79373    0.298253
 0.0  0.0  0.0  0.289531  0.285348  0.0958875  0.462737
 0.0  0.0  0.0  0.366321  0.368632  0.110383   0.239011
3-element Vector{Float64}:
 0.20476298311786426
 0.20476298311786417
 0.06380429505020463
a: [0.09923911974431408 0.09923911974431474 0.011945773894456817; 0.0 0.0 0.0; 0.0 0.0 0.0; 0.06627033388750934 0.06627033388750872 0.03804088733139824; 0.0 0.0 0.0; 0.03925352948604083 0.03925352948604072 0.013817633824349567; 0.0 0.0 0.0]
b: [0.20476298311786426, 0.20476298311786417, 0.06380429505020463]
c: [0.0 0.0 0.0 0.3441478975601687 0.3460195433578997 0.7937298017701931 0.29825252138956193; 0.0 0.0 0.0 0.28953123236809486 0.28534831033439667 0.09588748798456785 0.4627366166183725; 0.0 0.0 0.0 0.3663208700717364 0.36863214630770363 0.11038271024523905 0.23901086199206553]
d: [0.20476298311786426, 0.20476298311786417, 0.06380429505020463]
comparison (CRT and Glb)on prediction: Dict{Bool, Int64}(0 => 51, 1 => 0)
Dataname	 time	 objv	 lb	 gap	 train_w	 train_g	 test_w	 test_g
/work_bgfs/n/navarrodelacruz/odt/optimal_decision_tree/augmented_datasets/seeds/seeds_348.seeds	 27.26	 0.02366651306429665	 N/A	 N/A	 90.968	 0.0	 90.196	 0.0
