Running 6 processes.
Start training /work_bgfs/n/navarrodelacruz/odt/optimal_decision_tree/augmented_datasets/seeds/seeds_822.seeds with seed 1.
Any[]
(7, 206)
(7, 103)
(7, 52)
(7, 51)
dimension: 7, class: 3
cart cost: 44.29285714285715
size of X: (7, 155)
Using method: Global linear DT optimization
Version identifier: 20.1.0.0 | 2020-11-10 | 9bedb6d68
CPXPARAM_Threads                                 1
CPXPARAM_TimeLimit                               72000
Tried aggregator 1 time.
No LP presolve or aggregator reductions.
Presolve time = 0.01 sec. (3.45 ticks)
Initializing dual steep norms . . .

Iteration log . . .
Iteration:     1   Dual objective     =             0.000000
Perturbation started.
Iteration:    51   Dual objective     =             0.000000
Iteration:   237   Dual objective     =             0.000041
Iteration:   368   Dual objective     =             0.006121
Iteration:   524   Dual objective     =             0.013895
Iteration:   683   Dual objective     =             0.020483
Iteration:   784   Dual objective     =             0.022943
Iteration:   882   Dual objective     =             0.022992
Iteration:   978   Dual objective     =             0.023480
Iteration:  1072   Dual objective     =             0.023652
Iteration:  1179   Dual objective     =             0.023653
Iteration:  1290   Dual objective     =             0.023653
Removing perturbation.
7×3 Matrix{Float64}:
 0.0  1.0  0.0
 0.0  0.0  0.0
 0.0  0.0  0.0
 0.0  0.0  0.0
 0.0  0.0  0.0
 0.0  0.0  1.0
 1.0  0.0  0.0
3-element Vector{Float64}:
 0.550246485422589
 0.260228263772856
 0.1827388074240194
3×7 Matrix{Float64}:
 0.0  0.0  0.0  0.0  1.0  0.0  0.0
 0.0  0.0  0.0  0.0  0.0  1.0  1.0
 0.0  0.0  0.0  1.0  0.0  0.0  0.0
3-element Vector{Float64}:
 1.0
 1.0
 1.0
7×3 Matrix{Float64}:
 0.101135   0.101135   0.00239591
 0.0        0.0        0.0
 0.0236353  0.0236353  0.0128025
 0.0        0.0        0.0
 0.0        0.0        0.0
 0.0208318  0.0208318  0.0201118
 0.0645983  0.0645983  0.0165389
3-element Vector{Float64}:
 0.2102000887196801
 0.21020008871968013
 0.051849047589585695
3×7 Matrix{Float64}:
 0.0  0.0  0.0  0.353434  0.347806  0.837704   0.296962
 0.0  0.0  0.0  0.277207  0.275544  0.0780436  0.449047
 0.0  0.0  0.0  0.369359  0.37665   0.0842525  0.253991
3-element Vector{Float64}:
 0.2102000887196801
 0.21020008871968013
 0.051849047589585695
a: [0.10113464471267118 0.101134644712671 0.0023959088279017146; 0.0 0.0 0.0; 0.023635302355013765 0.023635302355013987 0.012802458873122903; 0.0 0.0 0.0; 0.0 0.0 0.0; 0.02083184766190283 0.02083184766190274 0.020111823785232505; 0.06459829399009233 0.0645982939900924 0.016538856103328496]
b: [0.2102000887196801, 0.21020008871968013, 0.051849047589585695]
c: [0.0 0.0 0.0 0.35343447333320904 0.3478061786553285 0.8377038808229889 0.2969617439371639; 0.0 0.0 0.0 0.2772065319578088 0.27554380453746996 0.0780436367239 0.4490472675790199; 0.0 0.0 0.0 0.3693589947089822 0.3766500168072015 0.0842524824531111 0.2539909884838162]
d: [0.2102000887196801, 0.21020008871968013, 0.051849047589585695]
comparison (CRT and Glb)on prediction: Dict{Bool, Int64}(0 => 51, 1 => 0)
Dataname	 time	 objv	 lb	 gap	 train_w	 train_g	 test_w	 test_g
/work_bgfs/n/navarrodelacruz/odt/optimal_decision_tree/augmented_datasets/seeds/seeds_822.seeds	 33.18	 0.0236124612514473	 N/A	 N/A	 90.323	 0.0	 94.118	 0.0
