Running 6 processes.
Start training /work_bgfs/n/navarrodelacruz/odt/optimal_decision_tree/augmented_datasets/seeds/seeds_765.seeds with seed 1.
Any[]
(7, 206)
(7, 103)
(7, 52)
(7, 51)
dimension: 7, class: 3
cart cost: 41.35
size of X: (7, 155)
Using method: Global linear DT optimization
Version identifier: 20.1.0.0 | 2020-11-10 | 9bedb6d68
CPXPARAM_Threads                                 1
CPXPARAM_TimeLimit                               1728000
Tried aggregator 1 time.
No LP presolve or aggregator reductions.
Presolve time = 0.01 sec. (3.45 ticks)
Initializing dual steep norms . . .

Iteration log . . .
Iteration:     1   Dual objective     =             0.000000
Perturbation started.
Iteration:    51   Dual objective     =             0.000000
Iteration:   241   Dual objective     =             0.000043
Iteration:   366   Dual objective     =             0.000063
Iteration:   483   Dual objective     =             0.019466
Iteration:   620   Dual objective     =             0.023810
Iteration:   723   Dual objective     =             0.023813
Iteration:   821   Dual objective     =             0.023822
Iteration:   931   Dual objective     =             0.023955
Removing perturbation.
7×3 Matrix{Float64}:
 0.0  1.0  0.0
 0.0  0.0  0.0
 0.0  0.0  1.0
 0.0  0.0  0.0
 0.0  0.0  0.0
 0.0  0.0  0.0
 1.0  0.0  0.0
3-element Vector{Float64}:
 0.5286970319268599
 0.2707484657210939
 0.39999418151742744
3×7 Matrix{Float64}:
 0.0  0.0  0.0  0.0  1.0  0.0  0.0
 0.0  0.0  0.0  0.0  0.0  1.0  1.0
 0.0  0.0  0.0  1.0  0.0  0.0  0.0
3-element Vector{Float64}:
 1.0
 1.0
 1.0
7×3 Matrix{Float64}:
 0.090994   0.090994   0.0291777
 0.0        0.0        0.0
 0.0        0.0        0.0
 0.0941033  0.0941033  0.0
 0.0        0.0        0.0
 0.02225    0.02225    0.0343056
 0.0        0.0        0.0
3-element Vector{Float64}:
 0.20734734962557563
 0.20734734962557563
 0.06348332038869957
3×7 Matrix{Float64}:
 0.0  0.0  0.0  0.350523  0.359636  0.792285   0.289366
 0.0  0.0  0.0  0.275425  0.266313  0.0964309  0.469375
 0.0  0.0  0.0  0.374052  0.374051  0.111284   0.241259
3-element Vector{Float64}:
 0.20734734962557563
 0.20734734962557563
 0.06348332038869957
a: [0.09099401082317154 0.0909940108231718 0.02917767344262399; 0.0 0.0 0.0; 0.0 0.0 0.0; 0.09410332857180759 0.0941033285718073 0.0; 0.0 0.0 0.0; 0.022250010230596508 0.022250010230596515 0.03430564694607558; 0.0 0.0 0.0]
b: [0.20734734962557563, 0.20734734962557563, 0.06348332038869957]
c: [0.0 0.0 0.0 0.3505230880655854 0.35963577881130254 0.7922849253185232 0.289365658311901; 0.0 0.0 0.0 0.27542492207287894 0.26631285384456443 0.09643092994224023 0.4693751712337181; 0.0 0.0 0.0 0.37405198986153565 0.3740513673441331 0.11128414473923649 0.24125917045438094]
d: [0.20734734962557563, 0.20734734962557563, 0.06348332038869957]
comparison (CRT and Glb)on prediction: Dict{Bool, Int64}(0 => 51, 1 => 0)
Dataname	 time	 objv	 lb	 gap	 train_w	 train_g	 test_w	 test_g
/work_bgfs/n/navarrodelacruz/odt/optimal_decision_tree/augmented_datasets/seeds/seeds_765.seeds	 31.63	 0.023908900981992547	 N/A	 N/A	 90.968	 0.0	 94.118	 0.0
