Running 6 processes.
Start training /work_bgfs/n/navarrodelacruz/odt/optimal_decision_tree/augmented_datasets/seeds/seeds_803.seeds with seed 1.
Any[]
(7, 206)
(7, 102)
(7, 51)
(7, 53)
dimension: 7, class: 3
cart cost: 41.947101449275365
size of X: (7, 153)
Using method: Global linear DT optimization
Version identifier: 20.1.0.0 | 2020-11-10 | 9bedb6d68
CPXPARAM_Threads                                 1
CPXPARAM_TimeLimit                               72000
Tried aggregator 1 time.
No LP presolve or aggregator reductions.
Presolve time = 0.01 sec. (3.38 ticks)
Initializing dual steep norms . . .

Iteration log . . .
Iteration:     1   Dual objective     =             0.000000
Perturbation started.
Iteration:    51   Dual objective     =             0.000000
Iteration:   194   Dual objective     =             0.000028
Iteration:   320   Dual objective     =             0.000051
Iteration:   438   Dual objective     =             0.019026
Iteration:   554   Dual objective     =             0.022132
Iteration:   675   Dual objective     =             0.022239
Iteration:   787   Dual objective     =             0.023231
Iteration:   903   Dual objective     =             0.023517
Iteration:  1015   Dual objective     =             0.023568
Iteration:  1124   Dual objective     =             0.023557
Iteration:  1243   Dual objective     =             0.023585
Removing perturbation.
7×3 Matrix{Float64}:
 0.0  1.0  0.0
 0.0  0.0  0.0
 0.0  0.0  1.0
 0.0  0.0  0.0
 0.0  0.0  0.0
 0.0  0.0  0.0
 1.0  0.0  0.0
3-element Vector{Float64}:
 0.5321055144437504
 0.265975905250027
 0.2617554798615043
3×7 Matrix{Float64}:
 0.0  0.0  0.0  0.0  1.0  0.0  0.0
 0.0  0.0  0.0  0.0  0.0  1.0  1.0
 0.0  0.0  0.0  1.0  0.0  0.0  0.0
3-element Vector{Float64}:
 1.0
 1.0
 1.0
7×3 Matrix{Float64}:
 0.113952    0.113952    0.00773979
 0.0         0.0         0.0
 0.00160395  0.00160395  0.0
 0.0447855   0.0447855   0.0264545
 0.0         0.0         0.0
 0.0481319   0.0481319   0.0199212
 0.0         0.0         0.0
3-element Vector{Float64}:
 0.2084729521037338
 0.20847295210373382
 0.054115493950708304
3×7 Matrix{Float64}:
 0.0  0.0  0.0  0.34778   0.360464  0.823092   0.295768
 0.0  0.0  0.0  0.285015  0.267833  0.0783531  0.451187
 0.0  0.0  0.0  0.367205  0.371703  0.0985552  0.253045
3-element Vector{Float64}:
 0.2084729521037338
 0.20847295210373382
 0.054115493950708304
a: [0.11395158965176044 0.11395158965175971 0.007739791677846743; 0.0 0.0 0.0; 0.0016039491177967657 0.0016039491177968367 0.0; 0.04478553325377064 0.04478553325377126 0.02645453675515409; 0.0 0.0 0.0; 0.04813188008040594 0.048131880080406045 0.01992116551770738; 0.0 0.0 0.0]
b: [0.2084729521037338, 0.20847295210373382, 0.054115493950708304]
c: [0.0 0.0 0.0 0.3477802976065238 0.3604638178183218 0.8230917164696756 0.2957675177799013; 0.0 0.0 0.0 0.28501495480466904 0.26783310252136816 0.0783531069645362 0.45118708132518814; 0.0 0.0 0.0 0.3672047475888071 0.37170307966031 0.09855517656578813 0.25304540089491057]
d: [0.2084729521037338, 0.20847295210373382, 0.054115493950708304]
comparison (CRT and Glb)on prediction: Dict{Bool, Int64}(0 => 53, 1 => 0)
Dataname	 time	 objv	 lb	 gap	 train_w	 train_g	 test_w	 test_g
/work_bgfs/n/navarrodelacruz/odt/optimal_decision_tree/augmented_datasets/seeds/seeds_803.seeds	 27.66	 0.023553069907908796	 N/A	 N/A	 90.85	 0.0	 92.453	 0.0
