Running 6 processes.
Start training /work_bgfs/n/navarrodelacruz/odt/optimal_decision_tree/augmented_datasets/seeds/seeds_936.seeds with seed 1.
Any[]
(7, 206)
(7, 103)
(7, 52)
(7, 51)
dimension: 7, class: 3
cart cost: 41.35
size of X: (7, 155)
Using method: Global linear DT optimization
Version identifier: 20.1.0.0 | 2020-11-10 | 9bedb6d68
CPXPARAM_Threads                                 1
CPXPARAM_TimeLimit                               72000
Tried aggregator 1 time.
No LP presolve or aggregator reductions.
Presolve time = 0.01 sec. (3.45 ticks)
Initializing dual steep norms . . .

Iteration log . . .
Iteration:     1   Dual objective     =             0.000000
Perturbation started.
Iteration:    51   Dual objective     =             0.000000
Iteration:   201   Dual objective     =             0.000032
Iteration:   360   Dual objective     =             0.000070
Iteration:   497   Dual objective     =             0.015186
Iteration:   633   Dual objective     =             0.017396
Iteration:   746   Dual objective     =             0.022970
Iteration:   863   Dual objective     =             0.023200
Iteration:   971   Dual objective     =             0.023328
Iteration:  1081   Dual objective     =             0.023658
Iteration:  1195   Dual objective     =             0.023738
Iteration:  1330   Dual objective     =             0.023775
Iteration:  1457   Dual objective     =             0.023822
Removing perturbation.
7×3 Matrix{Float64}:
 0.0  1.0  0.0
 0.0  0.0  0.0
 0.0  0.0  1.0
 0.0  0.0  0.0
 0.0  0.0  0.0
 0.0  0.0  0.0
 1.0  0.0  0.0
3-element Vector{Float64}:
 0.518569113025992
 0.2644794004956964
 0.4554344762763486
3×7 Matrix{Float64}:
 0.0  0.0  0.0  0.0  1.0  0.0  0.0
 0.0  0.0  0.0  0.0  0.0  1.0  1.0
 0.0  0.0  0.0  1.0  0.0  0.0  0.0
3-element Vector{Float64}:
 1.0
 1.0
 1.0
7×3 Matrix{Float64}:
 0.106376    0.106376    0.0109258
 0.0         0.0         0.0
 0.0         0.0         0.0
 0.0301874   0.0301874   0.0
 0.0         0.0         0.0
 0.0623061   0.0623061   0.0116891
 0.00362465  0.00362465  0.0480373
3-element Vector{Float64}:
 0.20249376120334706
 0.20249376120334697
 0.07065222203223101
3×7 Matrix{Float64}:
 0.0  0.0  0.0  0.350536  0.352234  0.782546   0.287038
 0.0  0.0  0.0  0.290268  0.284906  0.0990036  0.444665
 0.0  0.0  0.0  0.359196  0.362861  0.118451   0.268297
3-element Vector{Float64}:
 0.20249376120334706
 0.20249376120334697
 0.07065222203223101
a: [0.10637566169553889 0.10637566169553885 0.010925807436246826; 0.0 0.0 0.0; 0.0 0.0 0.0; 0.030187359017628257 0.03018735901762848 0.0; 0.0 0.0 0.0; 0.062306091035061545 0.06230609103506146 0.011689093630691155; 0.0036246494551183533 0.0036246494551181174 0.048037320965293145]
b: [0.20249376120334706, 0.20249376120334697, 0.07065222203223101]
c: [0.0 0.0 0.0 0.3505359488694338 0.3522338694606775 0.7825456499152696 0.28703826165097285; 0.0 0.0 0.0 0.29026803595580625 0.28490550501430056 0.09900361670057042 0.4446651518116859; 0.0 0.0 0.0 0.35919601517475996 0.36286062552502196 0.11845073338415991 0.2682965865373412]
d: [0.20249376120334706, 0.20249376120334697, 0.07065222203223101]
comparison (CRT and Glb)on prediction: Dict{Bool, Int64}(0 => 51, 1 => 0)
Dataname	 time	 objv	 lb	 gap	 train_w	 train_g	 test_w	 test_g
/work_bgfs/n/navarrodelacruz/odt/optimal_decision_tree/augmented_datasets/seeds/seeds_936.seeds	 28.32	 0.023781987221946254	 N/A	 N/A	 90.968	 0.0	 96.078	 0.0
