Running 6 processes.
Start training /work_bgfs/n/navarrodelacruz/odt/optimal_decision_tree/augmented_datasets/seeds/seeds_67.seeds with seed 1.
Any[]
(7, 206)
(7, 102)
(7, 51)
(7, 53)
dimension: 7, class: 3
cart cost: 41.947101449275365
size of X: (7, 153)
Using method: Global linear DT optimization
Version identifier: 20.1.0.0 | 2020-11-10 | 9bedb6d68
CPXPARAM_Threads                                 1
CPXPARAM_TimeLimit                               72000
Tried aggregator 1 time.
No LP presolve or aggregator reductions.
Presolve time = 0.01 sec. (3.39 ticks)
Initializing dual steep norms . . .

Iteration log . . .
Iteration:     1   Dual objective     =             0.000000
Perturbation started.
Iteration:    51   Dual objective     =             0.000000
Iteration:   191   Dual objective     =             0.000026
Iteration:   351   Dual objective     =             0.011614
Iteration:   473   Dual objective     =             0.011623
Iteration:   607   Dual objective     =             0.016027
Iteration:   760   Dual objective     =             0.017078
Iteration:   928   Dual objective     =             0.019385
Iteration:  1063   Dual objective     =             0.021176
Iteration:  1160   Dual objective     =             0.022237
Iteration:  1279   Dual objective     =             0.022623
Iteration:  1381   Dual objective     =             0.022625
Iteration:  1506   Dual objective     =             0.023622
Iteration:  1617   Dual objective     =             0.023631
Iteration:  1723   Dual objective     =             0.023633
Iteration:  1833   Dual objective     =             0.023648
Iteration:  1945   Dual objective     =             0.023682
Iteration:  2063   Dual objective     =             0.023682
Iteration:  2176   Dual objective     =             0.023700
Removing perturbation.
7×3 Matrix{Float64}:
 0.0  1.0  0.0
 0.0  0.0  1.0
 0.0  0.0  0.0
 0.0  0.0  0.0
 0.0  0.0  0.0
 0.0  0.0  0.0
 1.0  0.0  0.0
3-element Vector{Float64}:
 0.5312419778251175
 0.2664331535736092
 0.6266206623240592
3×7 Matrix{Float64}:
 0.0  0.0  0.0  0.0  1.0  0.0  0.0
 0.0  0.0  0.0  0.0  0.0  1.0  1.0
 0.0  0.0  0.0  1.0  0.0  0.0  0.0
3-element Vector{Float64}:
 1.0
 1.0
 1.0
7×3 Matrix{Float64}:
 0.0337855   0.0337855   0.0
 0.0         0.0         0.0
 0.0347787   0.0347787   0.0
 0.0732532   0.0732532   0.00683796
 0.0         0.0         0.0
 0.0637268   0.0637268   0.0295243
 0.00663676  0.00663676  0.0131327
3-element Vector{Float64}:
 0.21218094810529617
 0.21218094810529595
 0.0494949623806268
3×7 Matrix{Float64}:
 0.0  0.0  0.0  0.350795  0.35611   0.846867   0.290673
 0.0  0.0  0.0  0.29616   0.289357  0.0741184  0.417946
 0.0  0.0  0.0  0.353045  0.354533  0.0790148  0.291381
3-element Vector{Float64}:
 0.21218094810529617
 0.21218094810529595
 0.0494949623806268
a: [0.03378546202128536 0.0337854620212862 0.0; 0.0 0.0 0.0; 0.03477874460541752 0.0347787446054172 0.0; 0.07325317352924443 0.07325317352923616 0.006837956233901437; 0.0 0.0 0.0; 0.06372680614717874 0.06372680614717662 0.029524322424701974; 0.006636761802170071 0.006636761802179758 0.013132683722023322]
b: [0.21218094810529617, 0.21218094810529595, 0.0494949623806268]
c: [0.0 0.0 0.0 0.35079500207425146 0.35611023566563954 0.846866758002714 0.2906730095390082; 0.0 0.0 0.0 0.29616007495539304 0.2893568462266148 0.07411844457377706 0.4179456514070594; 0.0 0.0 0.0 0.3530449229703555 0.3545329181077457 0.07901479742350895 0.2913813390539324]
d: [0.21218094810529617, 0.21218094810529595, 0.0494949623806268]
comparison (CRT and Glb)on prediction: Dict{Bool, Int64}(0 => 53, 1 => 0)
Dataname	 time	 objv	 lb	 gap	 train_w	 train_g	 test_w	 test_g
/work_bgfs/n/navarrodelacruz/odt/optimal_decision_tree/augmented_datasets/seeds/seeds_67.seeds	 27.47	 0.02369284292956094	 N/A	 N/A	 90.85	 0.0	 90.566	 0.0
