Running 6 processes.
Start training /work_bgfs/n/navarrodelacruz/odt/optimal_decision_tree/augmented_datasets/seeds/seeds_344.seeds with seed 1.
Any[]
(7, 206)
(7, 103)
(7, 52)
(7, 51)
dimension: 7, class: 3
cart cost: 38.40714285714285
size of X: (7, 155)
Using method: Global linear DT optimization
Version identifier: 20.1.0.0 | 2020-11-10 | 9bedb6d68
CPXPARAM_Threads                                 1
CPXPARAM_TimeLimit                               72000
Tried aggregator 1 time.
No LP presolve or aggregator reductions.
Presolve time = 0.01 sec. (3.45 ticks)
Initializing dual steep norms . . .

Iteration log . . .
Iteration:     1   Dual objective     =             0.000000
Perturbation started.
Iteration:    51   Dual objective     =             0.000000
Iteration:   171   Dual objective     =             0.000019
Iteration:   292   Dual objective     =             0.004591
Iteration:   433   Dual objective     =             0.007987
Iteration:   567   Dual objective     =             0.012921
Iteration:   734   Dual objective     =             0.020082
Iteration:   870   Dual objective     =             0.020101
Iteration:  1029   Dual objective     =             0.021620
Iteration:  1169   Dual objective     =             0.022823
Iteration:  1275   Dual objective     =             0.023755
Iteration:  1371   Dual objective     =             0.023926
Iteration:  1472   Dual objective     =             0.023927
Removing perturbation.
Iteration:  1590    Objective     =             0.023892
7×3 Matrix{Float64}:
 0.0  1.0  0.0
 0.0  0.0  0.0
 0.0  0.0  0.0
 0.0  0.0  0.0
 0.0  0.0  0.0
 0.0  0.0  1.0
 1.0  0.0  0.0
3-element Vector{Float64}:
 0.506740720369962
 0.2759353445427077
 0.17077209118882836
3×7 Matrix{Float64}:
 0.0  0.0  0.0  0.0  1.0  0.0  0.0
 0.0  0.0  0.0  0.0  0.0  1.0  1.0
 0.0  0.0  0.0  1.0  0.0  0.0  0.0
3-element Vector{Float64}:
 1.0
 1.0
 1.0
7×3 Matrix{Float64}:
 0.0840888  0.0840888  0.0437455
 0.0        0.0        0.0
 0.0        0.0        0.0
 0.0851129  0.0851129  0.0136118
 0.0        0.0        0.0
 0.0332997  0.0332997  0.0154728
 0.0        0.0        0.0
3-element Vector{Float64}:
 0.20250145265757982
 0.2025014526575798
 0.072830070874237
3×7 Matrix{Float64}:
 0.0  0.0  0.0  0.353631  0.366809  0.131637  0.286982
 0.0  0.0  0.0  0.280117  0.260888  0.734992  0.478225
 0.0  0.0  0.0  0.366252  0.372304  0.133371  0.234794
3-element Vector{Float64}:
 0.20250145265757982
 0.2025014526575798
 0.072830070874237
a: [0.08408884529274113 0.08408884529274083 0.04374550250932463; 0.0 0.0 0.0; 0.0 0.0 0.0; 0.08511286108056401 0.08511286108056425 0.013611796944959294; 0.0 0.0 0.0; 0.03329974628427468 0.03329974628427471 0.015472771419953096; 0.0 0.0 0.0]
b: [0.20250145265757982, 0.2025014526575798, 0.072830070874237]
c: [0.0 0.0 0.0 0.35363076959753537 0.36680851733817005 0.13163665089607468 0.28698169199046597; 0.0 0.0 0.0 0.2801174701667726 0.260887724141784 0.7349924136617845 0.4782245517164323; 0.0 0.0 0.0 0.3662517602356921 0.372303758520046 0.13337093544214085 0.2347937562931017]
d: [0.20250145265757982, 0.2025014526575798, 0.072830070874237]
comparison (CRT and Glb)on prediction: Dict{Bool, Int64}(0 => 51, 1 => 0)
Dataname	 time	 objv	 lb	 gap	 train_w	 train_g	 test_w	 test_g
/work_bgfs/n/navarrodelacruz/odt/optimal_decision_tree/augmented_datasets/seeds/seeds_344.seeds	 28.73	 0.02389164880946983	 N/A	 N/A	 91.613	 0.0	 90.196	 0.0
