Running 6 processes.
Start training /work_bgfs/n/navarrodelacruz/odt/optimal_decision_tree/augmented_datasets/seeds/seeds_335.seeds with seed 1.
Any[]
(7, 206)
(7, 102)
(7, 51)
(7, 53)
dimension: 7, class: 3
cart cost: 44.93260869565216
size of X: (7, 153)
Using method: Global linear DT optimization
Version identifier: 20.1.0.0 | 2020-11-10 | 9bedb6d68
CPXPARAM_Threads                                 1
CPXPARAM_TimeLimit                               72000
Tried aggregator 1 time.
No LP presolve or aggregator reductions.
Presolve time = 0.01 sec. (3.43 ticks)
Initializing dual steep norms . . .

Iteration log . . .
Iteration:     1   Dual objective     =             0.000000
Perturbation started.
Iteration:    51   Dual objective     =             0.000000
Iteration:   232   Dual objective     =             0.000041
Iteration:   359   Dual objective     =             0.003441
Iteration:   481   Dual objective     =             0.016675
Iteration:   593   Dual objective     =             0.022313
Iteration:   725   Dual objective     =             0.022634
Iteration:   849   Dual objective     =             0.023147
Iteration:   947   Dual objective     =             0.023574
Iteration:  1050   Dual objective     =             0.023588
Iteration:  1159   Dual objective     =             0.023627
Iteration:  1276   Dual objective     =             0.023669
Removing perturbation.
7×3 Matrix{Float64}:
 0.0  1.0  0.0
 0.0  0.0  0.0
 0.0  0.0  0.0
 0.0  0.0  0.0
 0.0  0.0  0.0
 0.0  0.0  1.0
 1.0  0.0  0.0
3-element Vector{Float64}:
 0.5426472917159162
 0.2648450124031435
 0.18734808653371537
3×7 Matrix{Float64}:
 0.0  0.0  0.0  0.0  1.0  0.0  0.0
 0.0  0.0  0.0  0.0  0.0  1.0  1.0
 0.0  0.0  0.0  1.0  0.0  0.0  0.0
3-element Vector{Float64}:
 1.0
 1.0
 1.0
7×3 Matrix{Float64}:
 0.112017   0.112017   0.0114342
 0.0        0.0        0.0
 0.0        0.0        0.0
 0.0        0.0        0.00235257
 0.0        0.0        0.0
 0.0554199  0.0554199  0.0130539
 0.037052   0.037052   0.0373578
3-element Vector{Float64}:
 0.20448874503570807
 0.20448874503570802
 0.06419846349768182
3×7 Matrix{Float64}:
 0.0  0.0  0.0  0.357531  0.354979  0.801414   0.286809
 0.0  0.0  0.0  0.286588  0.281638  0.0898232  0.44976
 0.0  0.0  0.0  0.355881  0.363383  0.108763   0.26343
3-element Vector{Float64}:
 0.20448874503570807
 0.20448874503570802
 0.06419846349768182
a: [0.11201690188785615 0.1120169018878561 0.011434189266912847; 0.0 0.0 0.0; 0.0 0.0 0.0; 0.0 0.0 0.002352569769809243; 0.0 0.0 0.0; 0.055419853319855925 0.055419853319856105 0.013053938173291979; 0.03705198982799601 0.03705198982799582 0.03735776628766786]
b: [0.20448874503570807, 0.20448874503570802, 0.06419846349768182]
c: [0.0 0.0 0.0 0.3575308614965665 0.35497893171780015 0.801413658503945 0.28680936709123944; 0.0 0.0 0.0 0.28658804895751605 0.2816381511961905 0.08982317371911297 0.44976021866457977; 0.0 0.0 0.0 0.3558810895459174 0.36338291708600934 0.10876316777694209 0.26343041424418073]
d: [0.20448874503570807, 0.20448874503570802, 0.06419846349768182]
comparison (CRT and Glb)on prediction: Dict{Bool, Int64}(0 => 53, 1 => 0)
Dataname	 time	 objv	 lb	 gap	 train_w	 train_g	 test_w	 test_g
/work_bgfs/n/navarrodelacruz/odt/optimal_decision_tree/augmented_datasets/seeds/seeds_335.seeds	 34.99	 0.023658797678454906	 N/A	 N/A	 90.196	 0.0	 96.226	 0.0
