Running 6 processes.
Start training /work_bgfs/n/navarrodelacruz/odt/optimal_decision_tree/augmented_datasets/seeds/seeds_623.seeds with seed 1.
Any[]
(7, 206)
(7, 103)
(7, 52)
(7, 51)
dimension: 7, class: 3
cart cost: 38.40714285714285
size of X: (7, 155)
Using method: Global linear DT optimization
Version identifier: 20.1.0.0 | 2020-11-10 | 9bedb6d68
CPXPARAM_Threads                                 1
CPXPARAM_TimeLimit                               72000
Tried aggregator 1 time.
No LP presolve or aggregator reductions.
Presolve time = 0.01 sec. (3.46 ticks)
Initializing dual steep norms . . .

Iteration log . . .
Iteration:     1   Dual objective     =             0.000000
Perturbation started.
Iteration:    51   Dual objective     =             0.000000
Iteration:   208   Dual objective     =             0.000024
Iteration:   323   Dual objective     =             0.000042
Iteration:   435   Dual objective     =             0.000065
Iteration:   552   Dual objective     =             0.014618
Iteration:   710   Dual objective     =             0.020716
Iteration:   839   Dual objective     =             0.022896
Iteration:   946   Dual objective     =             0.022930
Iteration:  1050   Dual objective     =             0.023085
Iteration:  1168   Dual objective     =             0.023463
Iteration:  1274   Dual objective     =             0.023546
Iteration:  1389   Dual objective     =             0.023555
Removing perturbation.
7×3 Matrix{Float64}:
 0.0  1.0  0.0
 0.0  0.0  0.0
 0.0  0.0  0.0
 0.0  0.0  0.0
 0.0  0.0  0.0
 0.0  0.0  1.0
 1.0  0.0  0.0
3-element Vector{Float64}:
 0.5183760626737459
 0.2638285904345885
 0.19206592165542097
3×7 Matrix{Float64}:
 0.0  0.0  0.0  0.0  1.0  0.0  0.0
 0.0  0.0  0.0  0.0  0.0  1.0  1.0
 0.0  0.0  0.0  1.0  0.0  0.0  0.0
3-element Vector{Float64}:
 1.0
 1.0
 1.0
7×3 Matrix{Float64}:
 0.0699139  0.0699139  0.0
 0.0        0.0        0.0
 0.0125464  0.0125464  0.0
 0.0280343  0.0280343  0.0239563
 0.0        0.0        0.0
 0.0604493  0.0604493  0.0176226
 0.0370707  0.0370707  0.0129494
3-element Vector{Float64}:
 0.20801461894712095
 0.20801461894712087
 0.05452822817776132
3×7 Matrix{Float64}:
 0.0  0.0  0.0  0.353279  0.359969  0.831751   0.282752
 0.0  0.0  0.0  0.293349  0.287019  0.078239   0.428076
 0.0  0.0  0.0  0.353372  0.353012  0.0900103  0.289172
3-element Vector{Float64}:
 0.20801461894712098
 0.20801461894712087
 0.05452822817776132
a: [0.06991391835444793 0.06991391835444866 0.0; 0.0 0.0 0.0; 0.012546400572420263 0.012546400572420222 0.0; 0.028034256709917493 0.028034256709917486 0.023956305913551402; 0.0 0.0 0.0; 0.06044930511649466 0.06044930511649463 0.01762256176993285; 0.03707073819384066 0.03707073819383985 0.01294936049427707]
b: [0.20801461894712095, 0.20801461894712087, 0.05452822817776132]
c: [0.0 0.0 0.0 0.35327904078858535 0.35996872421888176 0.831750703894165 0.28275211459588806; 0.0 0.0 0.0 0.29334944305823324 0.2870188627286678 0.07823899963774633 0.4280761146756853; 0.0 0.0 0.0 0.35337151615318146 0.35301241305245046 0.09001029646808852 0.28917177072842665]
d: [0.20801461894712098, 0.20801461894712087, 0.05452822817776132]
comparison (CRT and Glb)on prediction: Dict{Bool, Int64}(0 => 51, 1 => 0)
Dataname	 time	 objv	 lb	 gap	 train_w	 train_g	 test_w	 test_g
/work_bgfs/n/navarrodelacruz/odt/optimal_decision_tree/augmented_datasets/seeds/seeds_623.seeds	 30.07	 0.023527873303600157	 N/A	 N/A	 91.613	 0.0	 94.118	 0.0
