Running 6 processes.
Start training /work_bgfs/n/navarrodelacruz/odt/optimal_decision_tree/augmented_datasets/seeds/seeds_501.seeds with seed 1.
Any[]
(7, 206)
(7, 103)
(7, 52)
(7, 51)
dimension: 7, class: 3
cart cost: 44.29285714285715
size of X: (7, 155)
Using method: Global linear DT optimization
Version identifier: 20.1.0.0 | 2020-11-10 | 9bedb6d68
CPXPARAM_Threads                                 1
CPXPARAM_TimeLimit                               72000
Tried aggregator 1 time.
No LP presolve or aggregator reductions.
Presolve time = 0.01 sec. (3.45 ticks)
Initializing dual steep norms . . .

Iteration log . . .
Iteration:     1   Dual objective     =             0.000000
Perturbation started.
Iteration:    51   Dual objective     =             0.000000
Iteration:   185   Dual objective     =             0.000028
Iteration:   349   Dual objective     =             0.003667
Iteration:   501   Dual objective     =             0.008526
Iteration:   640   Dual objective     =             0.015937
Iteration:   792   Dual objective     =             0.018299
Iteration:   934   Dual objective     =             0.020962
Iteration:  1069   Dual objective     =             0.021576
Iteration:  1207   Dual objective     =             0.023127
Iteration:  1318   Dual objective     =             0.023173
Iteration:  1428   Dual objective     =             0.023175
Iteration:  1566   Dual objective     =             0.023572
Removing perturbation.
7×3 Matrix{Float64}:
 0.0  0.0  0.0
 0.0  1.0  0.0
 0.0  0.0  1.0
 0.0  0.0  0.0
 0.0  0.0  0.0
 0.0  0.0  0.0
 1.0  0.0  0.0
3-element Vector{Float64}:
 0.5605646368812105
 0.3169012647751428
 0.6773674821072677
3×7 Matrix{Float64}:
 0.0  0.0  0.0  0.0  1.0  0.0  0.0
 0.0  0.0  0.0  0.0  0.0  1.0  1.0
 0.0  0.0  0.0  1.0  0.0  0.0  0.0
3-element Vector{Float64}:
 1.0
 1.0
 1.0
7×3 Matrix{Float64}:
 0.083823   0.083823   0.00726717
 0.0        0.0        0.0
 0.0        0.0        0.0
 0.0592404  0.0592404  0.0134471
 0.0        0.0        0.0
 0.0427812  0.0427812  0.0285584
 0.0199112  0.0199112  0.0106022
3-element Vector{Float64}:
 0.20575584724749293
 0.20575584724749302
 0.059874883049428784
3×7 Matrix{Float64}:
 0.0  0.0  0.0  0.349148  0.347558  0.813502   0.293882
 0.0  0.0  0.0  0.288447  0.289503  0.0880685  0.467877
 0.0  0.0  0.0  0.362405  0.362939  0.0984297  0.238241
3-element Vector{Float64}:
 0.20575584724749293
 0.20575584724749302
 0.059874883049428784
a: [0.08382300486087149 0.08382300486087142 0.007267170984407319; 0.0 0.0 0.0; 0.0 0.0 0.0; 0.05924042992374557 0.059240429923745785 0.013447074938450806; 0.0 0.0 0.0; 0.04278117718810953 0.04278117718810961 0.028558399700489345; 0.019911235274766362 0.01991123527476632 0.010602237426081308]
b: [0.20575584724749293, 0.20575584724749302, 0.059874883049428784]
c: [0.0 0.0 0.0 0.3491478889903481 0.34755824062999674 0.8135017925776674 0.2938819895192897; 0.0 0.0 0.0 0.28844697006867537 0.2895026241505332 0.0880685434043896 0.4678772845828141; 0.0 0.0 0.0 0.3624051409409765 0.3629391352194701 0.09842966401794292 0.23824072589789624]
d: [0.20575584724749293, 0.20575584724749302, 0.059874883049428784]
comparison (CRT and Glb)on prediction: Dict{Bool, Int64}(0 => 51, 1 => 0)
Dataname	 time	 objv	 lb	 gap	 train_w	 train_g	 test_w	 test_g
/work_bgfs/n/navarrodelacruz/odt/optimal_decision_tree/augmented_datasets/seeds/seeds_501.seeds	 27.39	 0.023569328877220748	 N/A	 N/A	 90.323	 0.0	 92.157	 0.0
