Running 6 processes.
Start training /work_bgfs/n/navarrodelacruz/odt/optimal_decision_tree/augmented_datasets/seeds/seeds_845.seeds with seed 1.
Any[]
(7, 206)
(7, 103)
(7, 52)
(7, 51)
dimension: 7, class: 3
cart cost: 41.35
size of X: (7, 155)
Using method: Global linear DT optimization
Version identifier: 20.1.0.0 | 2020-11-10 | 9bedb6d68
CPXPARAM_Threads                                 1
CPXPARAM_TimeLimit                               72000
Tried aggregator 1 time.
No LP presolve or aggregator reductions.
Presolve time = 0.01 sec. (3.46 ticks)
Initializing dual steep norms . . .

Iteration log . . .
Iteration:     1   Dual objective     =             0.000000
Perturbation started.
Iteration:    51   Dual objective     =             0.000000
Iteration:   192   Dual objective     =             0.000023
Iteration:   311   Dual objective     =             0.000033
Iteration:   443   Dual objective     =             0.012771
Iteration:   597   Dual objective     =             0.017859
Iteration:   787   Dual objective     =             0.020576
Iteration:   913   Dual objective     =             0.021421
Iteration:  1019   Dual objective     =             0.023100
Iteration:  1121   Dual objective     =             0.023088
Iteration:  1222   Dual objective     =             0.023160
Iteration:  1336   Dual objective     =             0.023468
Iteration:  1434   Dual objective     =             0.023561
Iteration:  1536   Dual objective     =             0.023562
Iteration:  1640   Dual objective     =             0.023570
Removing perturbation.
7×3 Matrix{Float64}:
 0.0  1.0  0.0
 0.0  0.0  0.0
 0.0  0.0  1.0
 0.0  0.0  0.0
 0.0  0.0  0.0
 0.0  0.0  0.0
 1.0  0.0  0.0
3-element Vector{Float64}:
 0.5268400863757219
 0.27018992272653497
 0.7400363698907124
3×7 Matrix{Float64}:
 0.0  0.0  0.0  0.0  1.0  0.0  0.0
 0.0  0.0  0.0  0.0  0.0  1.0  1.0
 0.0  0.0  0.0  1.0  0.0  0.0  0.0
3-element Vector{Float64}:
 1.0
 1.0
 1.0
7×3 Matrix{Float64}:
 0.0930614   0.0930614   0.00809155
 0.0         0.0         0.0
 0.00661306  0.00661306  0.00596351
 0.0419599   0.0419599   0.0116454
 0.0         0.0         0.0
 0.0585676   0.0585676   0.00876746
 0.00821772  0.00821772  0.0197662
3-element Vector{Float64}:
 0.20841976463813536
 0.20841976463813555
 0.05423408911569129
3×7 Matrix{Float64}:
 0.0  0.0  0.0  0.34725  0.361207  0.834198   0.290612
 0.0  0.0  0.0  0.291    0.268944  0.0753436  0.440987
 0.0  0.0  0.0  0.36175  0.369849  0.0904585  0.268401
3-element Vector{Float64}:
 0.20841976463813536
 0.20841976463813555
 0.05423408911569129
a: [0.09306144439684408 0.0930614443968438 0.008091546661124195; 0.0 0.0 0.0; 0.00661305519096007 0.006613055190960226 0.0059635130067054575; 0.04195992503291896 0.04195992503291884 0.011645413403653828; 0.0 0.0 0.0; 0.058567622162487405 0.058567622162487405 0.00876745710108029; 0.008217717854925026 0.00821771785492522 0.019766158943127412]
b: [0.20841976463813536, 0.20841976463813555, 0.05423408911569129]
c: [0.0 0.0 0.0 0.347250413877376 0.36120680370350955 0.8341978980249991 0.29061216291870123; 0.0 0.0 0.0 0.29100001728995006 0.26894381688946367 0.07534362854603555 0.4409867853209995; 0.0 0.0 0.0 0.361749568832674 0.3698493794070268 0.09045847342896528 0.2684010517602992]
d: [0.20841976463813536, 0.20841976463813555, 0.05423408911569129]
comparison (CRT and Glb)on prediction: Dict{Bool, Int64}(0 => 51, 1 => 0)
Dataname	 time	 objv	 lb	 gap	 train_w	 train_g	 test_w	 test_g
/work_bgfs/n/navarrodelacruz/odt/optimal_decision_tree/augmented_datasets/seeds/seeds_845.seeds	 29.15	 0.023553680919598106	 N/A	 N/A	 90.968	 0.0	 96.078	 0.0
