Running 6 processes.
Start training /work_bgfs/n/navarrodelacruz/odt/optimal_decision_tree/augmented_datasets/seeds/seeds_256.seeds with seed 1.
Any[]
(7, 206)
(7, 103)
(7, 52)
(7, 51)
dimension: 7, class: 3
cart cost: 44.29285714285715
size of X: (7, 155)
Using method: Global linear DT optimization
Version identifier: 20.1.0.0 | 2020-11-10 | 9bedb6d68
CPXPARAM_Threads                                 1
CPXPARAM_TimeLimit                               72000
Tried aggregator 1 time.
No LP presolve or aggregator reductions.
Presolve time = 0.01 sec. (3.46 ticks)
Initializing dual steep norms . . .

Iteration log . . .
Iteration:     1   Dual objective     =             0.000000
Perturbation started.
Iteration:    51   Dual objective     =             0.000000
Iteration:   161   Dual objective     =             0.000023
Iteration:   313   Dual objective     =             0.008464
Iteration:   453   Dual objective     =             0.011979
Iteration:   593   Dual objective     =             0.018442
Iteration:   724   Dual objective     =             0.018522
Iteration:   871   Dual objective     =             0.021107
Iteration:   989   Dual objective     =             0.021810
Iteration:  1116   Dual objective     =             0.022231
Iteration:  1264   Dual objective     =             0.023292
Iteration:  1384   Dual objective     =             0.023359
Iteration:  1493   Dual objective     =             0.023360
Iteration:  1612   Dual objective     =             0.023372
Removing perturbation.
7×3 Matrix{Float64}:
 0.0  1.0  0.0
 0.0  0.0  0.0
 0.0  0.0  1.0
 0.0  0.0  0.0
 0.0  0.0  0.0
 0.0  0.0  0.0
 1.0  0.0  0.0
3-element Vector{Float64}:
 0.5237491414998586
 0.269668348574603
 0.4319150411438857
3×7 Matrix{Float64}:
 0.0  0.0  0.0  0.0  1.0  0.0  0.0
 0.0  0.0  0.0  0.0  0.0  1.0  1.0
 0.0  0.0  0.0  1.0  0.0  0.0  0.0
3-element Vector{Float64}:
 1.0
 1.0
 1.0
7×3 Matrix{Float64}:
 0.0553393  0.0553393  0.0
 0.0        0.0        0.0
 0.0        0.0        0.0
 0.0        0.0        0.0
 0.0        0.0        0.0
 0.048507   0.048507   0.00756047
 0.104134   0.104134   0.0447164
3-element Vector{Float64}:
 0.20797988298065645
 0.20797988298065645
 0.052276838295314335
3×7 Matrix{Float64}:
 0.0  0.0  0.0  0.354804  0.363801  0.840908   0.290289
 0.0  0.0  0.0  0.290999  0.278579  0.0735652  0.449864
 0.0  0.0  0.0  0.354197  0.357619  0.0855271  0.259847
3-element Vector{Float64}:
 0.20797988298065645
 0.20797988298065645
 0.052276838295314335
a: [0.05533925638472152 0.055339256384721605 0.0; 0.0 0.0 0.0; 0.0 0.0 0.0; 0.0 0.0 0.0; 0.0 0.0 0.0; 0.04850698460266101 0.04850698460266101 0.007560465115904464; 0.10413364199327392 0.10413364199327382 0.044716373179409866]
b: [0.20797988298065645, 0.20797988298065645, 0.052276838295314335]
c: [0.0 0.0 0.0 0.35480396116819435 0.3638013229344613 0.840907685574889 0.2902890730919223; 0.0 0.0 0.0 0.29099869175273185 0.2785792256913715 0.07356519024676855 0.44986360714599094; 0.0 0.0 0.0 0.3541973470790738 0.3576194513741672 0.08552712417834236 0.25984731976208675]
d: [0.20797988298065645, 0.20797988298065645, 0.052276838295314335]
comparison (CRT and Glb)on prediction: Dict{Bool, Int64}(0 => 51, 1 => 0)
Dataname	 time	 objv	 lb	 gap	 train_w	 train_g	 test_w	 test_g
/work_bgfs/n/navarrodelacruz/odt/optimal_decision_tree/augmented_datasets/seeds/seeds_256.seeds	 27.33	 0.023411830212831365	 N/A	 N/A	 90.323	 0.0	 92.157	 0.0
