Running 6 processes.
Start training /work_bgfs/n/navarrodelacruz/odt/optimal_decision_tree/augmented_datasets/seeds/seeds_581.seeds with seed 1.
Any[]
(7, 206)
(7, 102)
(7, 51)
(7, 53)
dimension: 7, class: 3
cart cost: 41.947101449275365
size of X: (7, 153)
Using method: Global linear DT optimization
Version identifier: 20.1.0.0 | 2020-11-10 | 9bedb6d68
CPXPARAM_Threads                                 1
CPXPARAM_TimeLimit                               72000
Tried aggregator 1 time.
No LP presolve or aggregator reductions.
Presolve time = 0.01 sec. (3.39 ticks)
Initializing dual steep norms . . .

Iteration log . . .
Iteration:     1   Dual objective     =             0.000000
Perturbation started.
Iteration:    51   Dual objective     =             0.000000
Iteration:   250   Dual objective     =             0.000043
Iteration:   370   Dual objective     =             0.015720
Iteration:   526   Dual objective     =             0.017537
Iteration:   664   Dual objective     =             0.022357
Iteration:   787   Dual objective     =             0.023544
Iteration:   895   Dual objective     =             0.023678
Iteration:   996   Dual objective     =             0.023735
Iteration:  1116   Dual objective     =             0.023730
Removing perturbation.
7×3 Matrix{Float64}:
 0.0  1.0  0.0
 0.0  0.0  0.0
 0.0  0.0  1.0
 0.0  0.0  0.0
 0.0  0.0  0.0
 0.0  0.0  0.0
 1.0  0.0  0.0
3-element Vector{Float64}:
 0.520930852715529
 0.27395796609958856
 0.7156505623487902
3×7 Matrix{Float64}:
 0.0  0.0  0.0  0.0  1.0  0.0  0.0
 0.0  0.0  0.0  0.0  0.0  1.0  1.0
 0.0  0.0  0.0  1.0  0.0  0.0  0.0
3-element Vector{Float64}:
 1.0
 1.0
 1.0
7×3 Matrix{Float64}:
 0.0770795   0.0770795   0.00373581
 0.0         0.0         0.0
 0.0225574   0.0225574   0.0
 0.00444775  0.00444775  0.0
 0.0         0.0         0.0
 0.0530752   0.0530752   0.0266429
 0.0513319   0.0513319   0.0264561
3-element Vector{Float64}:
 0.20849166243960293
 0.20849166243960301
 0.05683480011001164
3×7 Matrix{Float64}:
 0.0  0.0  0.0  0.353496  0.353813  0.813764   0.290335
 0.0  0.0  0.0  0.292017  0.290004  0.0860109  0.429667
 0.0  0.0  0.0  0.354487  0.356182  0.100225   0.279998
3-element Vector{Float64}:
 0.20849166243960301
 0.20849166243960301
 0.05683480011001164
a: [0.07707945501334112 0.07707945501334036 0.0037358087848230644; 0.0 0.0 0.0; 0.02255738915912331 0.022557389159123843 0.0; 0.004447747801334001 0.0044477478013339455 0.0; 0.0 0.0 0.0; 0.0530751571793791 0.053075157179378836 0.026642901566403372; 0.05133191328642548 0.05133191328642604 0.026456089758785287]
b: [0.20849166243960293, 0.20849166243960301, 0.05683480011001164]
c: [0.0 0.0 0.0 0.3534962519496262 0.353813217941113 0.8137643894402959 0.2903351453253245; 0.0 0.0 0.0 0.2920168434600843 0.2900043402114886 0.08601092011803346 0.4296669063357616; 0.0 0.0 0.0 0.35448690459028953 0.35618244184739845 0.10022469044167062 0.27999794833891384]
d: [0.20849166243960301, 0.20849166243960301, 0.05683480011001164]
comparison (CRT and Glb)on prediction: Dict{Bool, Int64}(0 => 53, 1 => 0)
Dataname	 time	 objv	 lb	 gap	 train_w	 train_g	 test_w	 test_g
/work_bgfs/n/navarrodelacruz/odt/optimal_decision_tree/augmented_datasets/seeds/seeds_581.seeds	 32.66	 0.023690906249460884	 N/A	 N/A	 90.85	 0.0	 92.453	 0.0
