Running 6 processes.
Start training /work_bgfs/n/navarrodelacruz/odt/optimal_decision_tree/augmented_datasets/seeds/seeds_956.seeds with seed 1.
Any[]
(7, 206)
(7, 103)
(7, 52)
(7, 51)
dimension: 7, class: 3
cart cost: 41.35
size of X: (7, 155)
Using method: Global linear DT optimization
Version identifier: 20.1.0.0 | 2020-11-10 | 9bedb6d68
CPXPARAM_Threads                                 1
CPXPARAM_TimeLimit                               72000
Tried aggregator 1 time.
No LP presolve or aggregator reductions.
Presolve time = 0.01 sec. (3.45 ticks)
Initializing dual steep norms . . .

Iteration log . . .
Iteration:     1   Dual objective     =             0.000000
Perturbation started.
Iteration:    51   Dual objective     =             0.000000
Iteration:   199   Dual objective     =             0.000030
Iteration:   320   Dual objective     =             0.000052
Iteration:   455   Dual objective     =             0.007003
Iteration:   609   Dual objective     =             0.014414
Iteration:   736   Dual objective     =             0.021069
Iteration:   863   Dual objective     =             0.021314
Iteration:   973   Dual objective     =             0.021611
Iteration:  1072   Dual objective     =             0.022339
Iteration:  1192   Dual objective     =             0.022756
Iteration:  1314   Dual objective     =             0.023282
Iteration:  1435   Dual objective     =             0.023289
Removing perturbation.
7×3 Matrix{Float64}:
 0.0  1.0  0.0
 0.0  0.0  0.0
 0.0  0.0  0.0
 0.0  0.0  0.0
 0.0  0.0  0.0
 0.0  0.0  1.0
 1.0  0.0  0.0
3-element Vector{Float64}:
 0.5027378810110036
 0.2688409410531126
 0.18351510389704595
3×7 Matrix{Float64}:
 0.0  0.0  0.0  0.0  1.0  0.0  0.0
 0.0  0.0  0.0  0.0  0.0  1.0  1.0
 0.0  0.0  0.0  1.0  0.0  0.0  0.0
3-element Vector{Float64}:
 1.0
 1.0
 1.0
7×3 Matrix{Float64}:
 0.0        0.0        0.0
 0.0        0.0        0.0
 0.0318284  0.0318284  0.0184309
 0.124746   0.124746   0.00983953
 0.0        0.0        0.0
 0.0437457  0.0437457  0.0305634
 0.0        0.0        0.00579331
3-element Vector{Float64}:
 0.2003197251937385
 0.20031972519373842
 0.06462717186004889
3×7 Matrix{Float64}:
 0.0  0.0  0.0  0.34173   0.360605  0.112648  0.297104
 0.0  0.0  0.0  0.301737  0.288041  0.10327   0.427951
 0.0  0.0  0.0  0.356533  0.351354  0.784081  0.274945
3-element Vector{Float64}:
 0.2003197251937385
 0.20031972519373842
 0.06462717186004889
a: [0.0 0.0 0.0; 0.0 0.0 0.0; 0.0318283704127558 0.03182837041275613 0.01843088551169785; 0.12474566563216988 0.12474566563216971 0.009839525488165426; 0.0 0.0 0.0; 0.04374568914881282 0.04374568914881258 0.03056344874347148; 0.0 0.0 0.005793312116714104]
b: [0.2003197251937385, 0.20031972519373842, 0.06462717186004889]
c: [0.0 0.0 0.0 0.34173003942533553 0.3606047872616209 0.1126482881633657 0.29710398515216724; 0.0 0.0 0.0 0.3017372057850807 0.28804104957590665 0.10327025172789193 0.4279508617590025; 0.0 0.0 0.0 0.3565327547895838 0.3513541631624725 0.7840814601087424 0.2749451530888303]
d: [0.2003197251937385, 0.20031972519373842, 0.06462717186004889]
comparison (CRT and Glb)on prediction: Dict{Bool, Int64}(0 => 51, 1 => 0)
Dataname	 time	 objv	 lb	 gap	 train_w	 train_g	 test_w	 test_g
/work_bgfs/n/navarrodelacruz/odt/optimal_decision_tree/augmented_datasets/seeds/seeds_956.seeds	 27.47	 0.023263331112376294	 N/A	 N/A	 90.968	 0.0	 92.157	 0.0
