Running 6 processes.
Start training /work_bgfs/n/navarrodelacruz/odt/optimal_decision_tree/augmented_datasets/seeds/seeds_370.seeds with seed 1.
Any[]
(7, 206)
(7, 102)
(7, 51)
(7, 53)
dimension: 7, class: 3
cart cost: 47.91811594202897
size of X: (7, 153)
Using method: Global linear DT optimization
Version identifier: 20.1.0.0 | 2020-11-10 | 9bedb6d68
CPXPARAM_Threads                                 1
CPXPARAM_TimeLimit                               72000
Tried aggregator 1 time.
No LP presolve or aggregator reductions.
Presolve time = 0.01 sec. (3.39 ticks)
Initializing dual steep norms . . .

Iteration log . . .
Iteration:     1   Dual objective     =             0.000000
Perturbation started.
Iteration:    51   Dual objective     =             0.000000
Iteration:   179   Dual objective     =             0.000024
Iteration:   305   Dual objective     =             0.000047
Iteration:   411   Dual objective     =             0.010271
Iteration:   536   Dual objective     =             0.019201
Iteration:   665   Dual objective     =             0.019790
Iteration:   796   Dual objective     =             0.021596
Iteration:   913   Dual objective     =             0.021981
Iteration:  1008   Dual objective     =             0.022814
Iteration:  1102   Dual objective     =             0.022794
Iteration:  1222   Dual objective     =             0.022797
Iteration:  1328   Dual objective     =             0.023378
Iteration:  1435   Dual objective     =             0.023394
Iteration:  1546   Dual objective     =             0.023566
Iteration:  1654   Dual objective     =             0.023548
Removing perturbation.
7×3 Matrix{Float64}:
 0.0  1.0  0.0
 0.0  0.0  0.0
 0.0  0.0  0.0
 0.0  0.0  0.0
 0.0  0.0  0.0
 0.0  0.0  1.0
 1.0  0.0  0.0
3-element Vector{Float64}:
 0.5554014193550582
 0.27426457959023876
 0.183812730381181
3×7 Matrix{Float64}:
 0.0  0.0  0.0  0.0  1.0  0.0  0.0
 0.0  0.0  0.0  0.0  0.0  1.0  1.0
 0.0  0.0  0.0  1.0  0.0  0.0  0.0
3-element Vector{Float64}:
 1.0
 1.0
 1.0
7×3 Matrix{Float64}:
 0.0669682  0.0669682  0.0
 0.0        0.0        0.0
 0.0362249  0.0362249  0.0047431
 0.0707324  0.0707324  0.0297799
 0.0        0.0        0.0
 0.0344921  0.0344921  0.0194218
 0.0        0.0        0.0
3-element Vector{Float64}:
 0.20841755962313255
 0.20841755962313255
 0.05394481177776317
3×7 Matrix{Float64}:
 0.0  0.0  0.0  0.35061   0.34737   0.833729   0.300887
 0.0  0.0  0.0  0.289582  0.280449  0.0781003  0.441718
 0.0  0.0  0.0  0.359807  0.372181  0.0881707  0.257395
3-element Vector{Float64}:
 0.20841755962313255
 0.20841755962313255
 0.05394481177776317
a: [0.06696815405357796 0.06696815405357788 0.0; 0.0 0.0 0.0; 0.03622486103202488 0.03622486103202485 0.004743097522327035; 0.0707323961315735 0.07073239613157362 0.029779866917025923; 0.0 0.0 0.0; 0.0344921484059562 0.034492148405956186 0.019421847338410222; 0.0 0.0 0.0]
b: [0.20841755962313255, 0.20841755962313255, 0.05394481177776317]
c: [0.0 0.0 0.0 0.3506103437366355 0.3473703659860021 0.8337290344820552 0.3008869553155867; 0.0 0.0 0.0 0.2895821967126237 0.280449023496413 0.07810025887289707 0.44171842423834756; 0.0 0.0 0.0 0.35980745955074084 0.3721806105175849 0.08817070664504784 0.2573946204460657]
d: [0.20841755962313255, 0.20841755962313255, 0.05394481177776317]
comparison (CRT and Glb)on prediction: Dict{Bool, Int64}(0 => 53, 1 => 0)
Dataname	 time	 objv	 lb	 gap	 train_w	 train_g	 test_w	 test_g
/work_bgfs/n/navarrodelacruz/odt/optimal_decision_tree/augmented_datasets/seeds/seeds_370.seeds	 27.4	 0.02353899655120141	 N/A	 N/A	 89.542	 0.0	 94.34	 0.0
