Running 6 processes.
Start training /work_bgfs/n/navarrodelacruz/odt/optimal_decision_tree/augmented_datasets/seeds/seeds_203.seeds with seed 1.
Any[]
(7, 206)
(7, 102)
(7, 51)
(7, 53)
dimension: 7, class: 3
cart cost: 38.96159420289857
size of X: (7, 153)
Using method: Global linear DT optimization
Version identifier: 20.1.0.0 | 2020-11-10 | 9bedb6d68
CPXPARAM_Threads                                 1
CPXPARAM_TimeLimit                               72000
Tried aggregator 1 time.
No LP presolve or aggregator reductions.
Presolve time = 0.01 sec. (3.39 ticks)
Initializing dual steep norms . . .

Iteration log . . .
Iteration:     1   Dual objective     =             0.000000
Perturbation started.
Iteration:    51   Dual objective     =             0.000000
Iteration:   213   Dual objective     =             0.000038
Iteration:   343   Dual objective     =             0.000979
Iteration:   470   Dual objective     =             0.016134
Iteration:   591   Dual objective     =             0.017138
Iteration:   737   Dual objective     =             0.022793
Iteration:   862   Dual objective     =             0.023090
Iteration:   978   Dual objective     =             0.023366
Iteration:  1087   Dual objective     =             0.023434
Iteration:  1200   Dual objective     =             0.023434
Removing perturbation.
7×3 Matrix{Float64}:
 0.0  1.0  0.0
 0.0  0.0  0.0
 0.0  0.0  0.0
 0.0  0.0  0.0
 0.0  0.0  0.0
 0.0  0.0  1.0
 1.0  0.0  0.0
3-element Vector{Float64}:
 0.5138610285258123
 0.2655645341394275
 0.1764454952104777
3×7 Matrix{Float64}:
 0.0  0.0  0.0  0.0  1.0  0.0  0.0
 0.0  0.0  0.0  0.0  0.0  1.0  1.0
 0.0  0.0  0.0  1.0  0.0  0.0  0.0
3-element Vector{Float64}:
 1.0
 1.0
 1.0
7×3 Matrix{Float64}:
 0.0        0.0        0.0
 0.0        0.0        0.0
 0.038876   0.038876   0.0214716
 0.0386077  0.0386077  0.0
 0.0        0.0        0.0
 0.0586744  0.0586744  0.0236383
 0.0713066  0.0713066  0.00793586
3-element Vector{Float64}:
 0.20746467781370148
 0.20746467781370148
 0.05304573455168301
3×7 Matrix{Float64}:
 0.0  0.0  0.0  0.353743  0.350288  0.827634   0.292462
 0.0  0.0  0.0  0.299     0.294924  0.0832419  0.41452
 0.0  0.0  0.0  0.347257  0.354787  0.0891242  0.293018
3-element Vector{Float64}:
 0.20746467781370148
 0.20746467781370148
 0.05304573455168301
a: [0.0 0.0 0.0; 0.0 0.0 0.0; 0.038875982625498476 0.03887598262549841 0.021471591779512734; 0.038607699068359924 0.03860769906836002 0.0; 0.0 0.0 0.0; 0.05867438817094328 0.05867438817094328 0.02363828504297527; 0.07130660794889983 0.07130660794889977 0.007935857729194865]
b: [0.20746467781370148, 0.20746467781370148, 0.05304573455168301]
c: [0.0 0.0 0.0 0.3537429480390043 0.3502883424096058 0.8276339214096025 0.2924617341716367; 0.0 0.0 0.0 0.2990001591165773 0.2949242899695762 0.08324191981748906 0.4145201126439546; 0.0 0.0 0.0 0.3472568928444184 0.354787367620818 0.08912415877290847 0.29301815318440866]
d: [0.20746467781370148, 0.20746467781370148, 0.05304573455168301]
comparison (CRT and Glb)on prediction: Dict{Bool, Int64}(0 => 53, 1 => 0)
Dataname	 time	 objv	 lb	 gap	 train_w	 train_g	 test_w	 test_g
/work_bgfs/n/navarrodelacruz/odt/optimal_decision_tree/augmented_datasets/seeds/seeds_203.seeds	 27.07	 0.023398754508954293	 N/A	 N/A	 91.503	 0.0	 92.453	 0.0
