Running 6 processes.
Start training /work_bgfs/n/navarrodelacruz/odt/optimal_decision_tree/augmented_datasets/seeds/seeds_929.seeds with seed 1.
Any[]
(7, 206)
(7, 103)
(7, 52)
(7, 51)
dimension: 7, class: 3
cart cost: 38.40714285714285
size of X: (7, 155)
Using method: Global linear DT optimization
Version identifier: 20.1.0.0 | 2020-11-10 | 9bedb6d68
CPXPARAM_Threads                                 1
CPXPARAM_TimeLimit                               72000
Tried aggregator 1 time.
No LP presolve or aggregator reductions.
Presolve time = 0.01 sec. (3.45 ticks)
Initializing dual steep norms . . .

Iteration log . . .
Iteration:     1   Dual objective     =             0.000000
Perturbation started.
Iteration:    51   Dual objective     =             0.000000
Iteration:   212   Dual objective     =             0.000027
Iteration:   349   Dual objective     =             0.005786
Iteration:   478   Dual objective     =             0.010344
Iteration:   611   Dual objective     =             0.021419
Iteration:   774   Dual objective     =             0.022335
Iteration:   908   Dual objective     =             0.022633
Iteration:  1017   Dual objective     =             0.022917
Iteration:  1121   Dual objective     =             0.023549
Iteration:  1225   Dual objective     =             0.023585
Iteration:  1333   Dual objective     =             0.023717
Iteration:  1439   Dual objective     =             0.023745
Removing perturbation.
7×3 Matrix{Float64}:
 0.0  1.0  0.0
 0.0  0.0  0.0
 0.0  0.0  1.0
 0.0  0.0  0.0
 0.0  0.0  0.0
 0.0  0.0  0.0
 1.0  0.0  0.0
3-element Vector{Float64}:
 0.533250655775852
 0.2593277872959524
 0.7440428066309568
3×7 Matrix{Float64}:
 0.0  0.0  0.0  0.0  1.0  0.0  0.0
 0.0  0.0  0.0  0.0  0.0  1.0  1.0
 0.0  0.0  0.0  1.0  0.0  0.0  0.0
3-element Vector{Float64}:
 1.0
 1.0
 1.0
7×3 Matrix{Float64}:
 0.0816883   0.0816883   0.00195562
 0.0         0.0         0.0
 0.0         0.0         0.0
 0.00236177  0.00236177  0.0
 0.0         0.0         0.0
 0.0591811   0.0591811   0.0266673
 0.064892    0.064892    0.0294048
3-element Vector{Float64}:
 0.20812330423380349
 0.20812330423380343
 0.05802766943509212
3×7 Matrix{Float64}:
 0.0  0.0  0.0  0.357948  0.360869  0.820481   0.277966
 0.0  0.0  0.0  0.286022  0.283102  0.0859004  0.446191
 0.0  0.0  0.0  0.35603   0.35603   0.0936189  0.275843
3-element Vector{Float64}:
 0.20812330423380349
 0.20812330423380343
 0.05802766943509212
a: [0.08168834192229996 0.08168834192230107 0.0019556193489826297; 0.0 0.0 0.0; 0.0 0.0 0.0; 0.0023617733448192367 0.0023617733448177414 0.0; 0.0 0.0 0.0; 0.0591811408088624 0.05918114080886248 0.026667298494061107; 0.06489204815782196 0.06489204815782221 0.02940475159204841]
b: [0.20812330423380349, 0.20812330423380343, 0.05802766943509212]
c: [0.0 0.0 0.0 0.3579483711357627 0.3608689055990427 0.8204807162028718 0.27796645251541124; 0.0 0.0 0.0 0.2860220627022756 0.2831015282389958 0.08590038624484099 0.4461909785673826; 0.0 0.0 0.0 0.3560295661619617 0.3560295661619614 0.09361889755228728 0.2758425689172061]
d: [0.20812330423380349, 0.20812330423380343, 0.05802766943509212]
comparison (CRT and Glb)on prediction: Dict{Bool, Int64}(0 => 51, 1 => 0)
Dataname	 time	 objv	 lb	 gap	 train_w	 train_g	 test_w	 test_g
/work_bgfs/n/navarrodelacruz/odt/optimal_decision_tree/augmented_datasets/seeds/seeds_929.seeds	 29.99	 0.02371371389513495	 N/A	 N/A	 91.613	 0.0	 90.196	 0.0
