Running 6 processes.
Start training /work_bgfs/n/navarrodelacruz/odt/optimal_decision_tree/augmented_datasets/seeds/seeds_396.seeds with seed 1.
Any[]
(7, 206)
(7, 102)
(7, 51)
(7, 53)
dimension: 7, class: 3
cart cost: 44.93260869565216
size of X: (7, 153)
Using method: Global linear DT optimization
Version identifier: 20.1.0.0 | 2020-11-10 | 9bedb6d68
CPXPARAM_Threads                                 1
CPXPARAM_TimeLimit                               72000
Tried aggregator 1 time.
No LP presolve or aggregator reductions.
Presolve time = 0.01 sec. (3.40 ticks)
Initializing dual steep norms . . .

Iteration log . . .
Iteration:     1   Dual objective     =             0.000000
Perturbation started.
Iteration:    51   Dual objective     =             0.000000
Iteration:   175   Dual objective     =             0.000023
Iteration:   313   Dual objective     =             0.000053
Iteration:   456   Dual objective     =             0.003960
Iteration:   580   Dual objective     =             0.018519
Iteration:   732   Dual objective     =             0.021564
Iteration:   881   Dual objective     =             0.021922
Iteration:   996   Dual objective     =             0.023652
Iteration:  1121   Dual objective     =             0.023893
Iteration:  1224   Dual objective     =             0.023911
Removing perturbation.
7×3 Matrix{Float64}:
 0.0  1.0  0.0
 0.0  0.0  0.0
 0.0  0.0  1.0
 0.0  0.0  0.0
 0.0  0.0  0.0
 0.0  0.0  0.0
 1.0  0.0  0.0
3-element Vector{Float64}:
 0.5052698390740006
 0.2754998635782704
 0.3890987169714498
3×7 Matrix{Float64}:
 0.0  0.0  0.0  0.0  1.0  0.0  0.0
 0.0  0.0  0.0  0.0  0.0  1.0  1.0
 0.0  0.0  0.0  1.0  0.0  0.0  0.0
3-element Vector{Float64}:
 1.0
 1.0
 1.0
7×3 Matrix{Float64}:
 0.106107    0.106107    0.0230569
 0.0         0.0         0.0
 0.00546368  0.00546368  0.0
 0.0         0.0         0.0
 0.0         0.0         0.0
 0.0470823   0.0470823   0.0267397
 0.044533    0.044533    0.0212779
3-element Vector{Float64}:
 0.2031860539411446
 0.2031860539411446
 0.07107448839344586
3×7 Matrix{Float64}:
 0.0  0.0  0.0  0.353422  0.349571  0.775423  0.280877
 0.0  0.0  0.0  0.289156  0.288709  0.10334   0.45818
 0.0  0.0  0.0  0.357422  0.361721  0.121238  0.260943
3-element Vector{Float64}:
 0.2031860539411446
 0.2031860539411446
 0.07107448839344586
a: [0.10610706995212987 0.10610706995212987 0.023056916960725232; 0.0 0.0 0.0; 0.005463683445599415 0.0054636834455994016 0.0; 0.0 0.0 0.0; 0.0 0.0 0.0; 0.047082280072348257 0.04708228007234826 0.02673965507578547; 0.04453302047106705 0.04453302047106705 0.02127791635693516]
b: [0.2031860539411446, 0.2031860539411446, 0.07107448839344586]
c: [0.0 0.0 0.0 0.35342238577154433 0.3495705582849142 0.7754227484942573 0.2808768121538818; 0.0 0.0 0.0 0.28915573465499894 0.2887088820065335 0.10333960134631404 0.45818007266761374; 0.0 0.0 0.0 0.3574218795734568 0.36172055970855227 0.12123765015942865 0.26094311517850444]
d: [0.2031860539411446, 0.2031860539411446, 0.07107448839344586]
comparison (CRT and Glb)on prediction: Dict{Bool, Int64}(0 => 53, 1 => 0)
Dataname	 time	 objv	 lb	 gap	 train_w	 train_g	 test_w	 test_g
/work_bgfs/n/navarrodelacruz/odt/optimal_decision_tree/augmented_datasets/seeds/seeds_396.seeds	 27.85	 0.023872329813786758	 N/A	 N/A	 90.196	 0.0	 98.113	 0.0
