Running 6 processes.
Start training /work_bgfs/n/navarrodelacruz/odt/optimal_decision_tree/augmented_datasets/seeds/seeds_776.seeds with seed 1.
Any[]
(7, 206)
(7, 102)
(7, 51)
(7, 53)
dimension: 7, class: 3
cart cost: 38.96159420289857
size of X: (7, 153)
Using method: Global linear DT optimization
Version identifier: 20.1.0.0 | 2020-11-10 | 9bedb6d68
CPXPARAM_Threads                                 1
CPXPARAM_TimeLimit                               72000
Tried aggregator 1 time.
No LP presolve or aggregator reductions.
Presolve time = 0.01 sec. (3.39 ticks)
Initializing dual steep norms . . .

Iteration log . . .
Iteration:     1   Dual objective     =             0.000000
Perturbation started.
Iteration:    51   Dual objective     =             0.000000
Iteration:   202   Dual objective     =             0.000029
Iteration:   324   Dual objective     =             0.000045
Iteration:   442   Dual objective     =             0.010126
Iteration:   560   Dual objective     =             0.010583
Iteration:   695   Dual objective     =             0.016457
Iteration:   829   Dual objective     =             0.018637
Iteration:   963   Dual objective     =             0.022072
Iteration:  1086   Dual objective     =             0.023366
Iteration:  1188   Dual objective     =             0.023493
Iteration:  1292   Dual objective     =             0.023621
Iteration:  1390   Dual objective     =             0.023663
Iteration:  1506   Dual objective     =             0.023664
Removing perturbation.
7×3 Matrix{Float64}:
 0.0  1.0  0.0
 0.0  0.0  0.0
 0.0  0.0  1.0
 0.0  0.0  0.0
 0.0  0.0  0.0
 0.0  0.0  0.0
 1.0  0.0  0.0
3-element Vector{Float64}:
 0.5023553558816988
 0.266093146472566
 0.7809119943189403
3×7 Matrix{Float64}:
 0.0  0.0  0.0  0.0  1.0  0.0  0.0
 0.0  0.0  0.0  0.0  0.0  1.0  1.0
 0.0  0.0  0.0  1.0  0.0  0.0  0.0
3-element Vector{Float64}:
 1.0
 1.0
 1.0
7×3 Matrix{Float64}:
 0.115616   0.115616   0.013054
 0.0        0.0        0.0
 0.0        0.0        0.000553168
 0.0        0.0        0.0
 0.0        0.0        0.0
 0.0549169  0.0549169  0.0138867
 0.0389856  0.0389856  0.0260225
3-element Vector{Float64}:
 0.20951826880607055
 0.2095182688060706
 0.05351628444833631
3×7 Matrix{Float64}:
 0.0  0.0  0.0  0.353894  0.356639  0.833582   0.282132
 0.0  0.0  0.0  0.283442  0.275752  0.0767055  0.451184
 0.0  0.0  0.0  0.362664  0.367608  0.0897121  0.266684
3-element Vector{Float64}:
 0.20951826880607055
 0.2095182688060706
 0.05351628444833631
a: [0.1156157437554198 0.11561574375541954 0.013053986821896273; 0.0 0.0 0.0; 0.0 0.0 0.0005531676281023412; 0.0 0.0 0.0; 0.0 0.0 0.0; 0.05491689128101068 0.054916891281010655 0.013886666882150244; 0.038985633769640066 0.03898563376964041 0.026022463116187465]
b: [0.20951826880607055, 0.2095182688060706, 0.05351628444833631]
c: [0.0 0.0 0.0 0.3538941143620658 0.356639377448815 0.8335823647153171 0.28213230782405724; 0.0 0.0 0.0 0.28344183608414014 0.27575216280549864 0.07670549507693886 0.4511839789193064; 0.0 0.0 0.0 0.3626640495537941 0.36760845974568634 0.08971214020774404 0.2666837132566364]
d: [0.20951826880607055, 0.2095182688060706, 0.05351628444833631]
comparison (CRT and Glb)on prediction: Dict{Bool, Int64}(0 => 53, 1 => 0)
Dataname	 time	 objv	 lb	 gap	 train_w	 train_g	 test_w	 test_g
/work_bgfs/n/navarrodelacruz/odt/optimal_decision_tree/augmented_datasets/seeds/seeds_776.seeds	 31.89	 0.02362764110302388	 N/A	 N/A	 91.503	 0.0	 90.566	 0.0
