Running 6 processes.
Start training /work_bgfs/n/navarrodelacruz/odt/optimal_decision_tree/augmented_datasets/seeds/seeds_637.seeds with seed 1.
Any[]
(7, 206)
(7, 103)
(7, 52)
(7, 51)
dimension: 7, class: 3
cart cost: 35.4642857142857
size of X: (7, 155)
Using method: Global linear DT optimization
Version identifier: 20.1.0.0 | 2020-11-10 | 9bedb6d68
CPXPARAM_Threads                                 1
CPXPARAM_TimeLimit                               72000
Tried aggregator 1 time.
No LP presolve or aggregator reductions.
Presolve time = 0.01 sec. (3.45 ticks)
Initializing dual steep norms . . .

Iteration log . . .
Iteration:     1   Dual objective     =             0.000000
Perturbation started.
Iteration:    51   Dual objective     =             0.000000
Iteration:   233   Dual objective     =             0.000043
Iteration:   389   Dual objective     =             0.000074
Iteration:   515   Dual objective     =             0.011667
Iteration:   632   Dual objective     =             0.017635
Iteration:   736   Dual objective     =             0.022581
Iteration:   855   Dual objective     =             0.023247
Iteration:   955   Dual objective     =             0.023260
Iteration:  1059   Dual objective     =             0.023252
Iteration:  1170   Dual objective     =             0.023369
Removing perturbation.
7×3 Matrix{Float64}:
 0.0  1.0  0.0
 0.0  0.0  0.0
 0.0  0.0  0.0
 0.0  0.0  0.0
 0.0  0.0  0.0
 0.0  0.0  1.0
 1.0  0.0  0.0
3-element Vector{Float64}:
 0.5495685477237275
 0.25794315924511535
 0.19450889188875498
3×7 Matrix{Float64}:
 0.0  0.0  0.0  0.0  1.0  0.0  0.0
 0.0  0.0  0.0  0.0  0.0  1.0  1.0
 0.0  0.0  0.0  1.0  0.0  0.0  0.0
3-element Vector{Float64}:
 1.0
 1.0
 1.0
7×3 Matrix{Float64}:
 0.0556547  0.0556547  0.0
 0.0        0.0        0.0
 0.0283654  0.0283654  0.00659994
 0.0819838  0.0819838  0.0443749
 0.0        0.0        0.0
 0.0397648  0.0397648  0.00442238
 0.0        0.0        0.0
3-element Vector{Float64}:
 0.20576869786469593
 0.20576869786469587
 0.055397252764465776
3×7 Matrix{Float64}:
 0.0  0.0  0.0  0.346376  0.347189  0.826696   0.312219
 0.0  0.0  0.0  0.29099   0.286496  0.0763578  0.442227
 0.0  0.0  0.0  0.362634  0.366314  0.0969461  0.245554
3-element Vector{Float64}:
 0.20576869786469593
 0.20576869786469587
 0.055397252764465776
a: [0.05565470339366969 0.05565470339367035 0.0; 0.0 0.0 0.0; 0.028365370850205317 0.02836537085020529 0.0065999393737360135; 0.08198381705057427 0.08198381705057312 0.044374937789572404; 0.0 0.0 0.0; 0.03976480657024665 0.03976480657024712 0.004422375601157352; 0.0 0.0 0.0]
b: [0.20576869786469593, 0.20576869786469587, 0.055397252764465776]
c: [0.0 0.0 0.0 0.34637588961775806 0.34718933932970053 0.8266960471418265 0.31221861269747875; 0.0 0.0 0.0 0.2909904377913705 0.2864963716825656 0.07635783597370815 0.4422274882063689; 0.0 0.0 0.0 0.36263367259087137 0.3663142889877339 0.09694611688446533 0.24555389909615238]
d: [0.20576869786469593, 0.20576869786469587, 0.055397252764465776]
comparison (CRT and Glb)on prediction: Dict{Bool, Int64}(0 => 51, 1 => 0)
Dataname	 time	 objv	 lb	 gap	 train_w	 train_g	 test_w	 test_g
/work_bgfs/n/navarrodelacruz/odt/optimal_decision_tree/augmented_datasets/seeds/seeds_637.seeds	 72.9	 0.02334673242469288	 N/A	 N/A	 92.258	 0.0	 94.118	 0.0
