Running 6 processes.
Start training /work_bgfs/n/navarrodelacruz/odt/optimal_decision_tree/augmented_datasets/seeds/seeds_731.seeds with seed 1.
Any[]
(7, 206)
(7, 103)
(7, 52)
(7, 51)
dimension: 7, class: 3
cart cost: 44.29285714285715
size of X: (7, 155)
Using method: Global linear DT optimization
Version identifier: 20.1.0.0 | 2020-11-10 | 9bedb6d68
CPXPARAM_Threads                                 1
CPXPARAM_TimeLimit                               72000
Tried aggregator 1 time.
No LP presolve or aggregator reductions.
Presolve time = 0.01 sec. (3.46 ticks)
Initializing dual steep norms . . .

Iteration log . . .
Iteration:     1   Dual objective     =             0.000000
Perturbation started.
Iteration:    51   Dual objective     =             0.000000
Iteration:   233   Dual objective     =             0.000039
Iteration:   364   Dual objective     =             0.011409
Iteration:   503   Dual objective     =             0.016219
Iteration:   624   Dual objective     =             0.021860
Iteration:   733   Dual objective     =             0.022041
Iteration:   849   Dual objective     =             0.022331
Iteration:   968   Dual objective     =             0.023331
Iteration:  1078   Dual objective     =             0.023493
Iteration:  1187   Dual objective     =             0.023623
Iteration:  1304   Dual objective     =             0.023641
Iteration:  1419   Dual objective     =             0.023641
Removing perturbation.
7×3 Matrix{Float64}:
 0.0  1.0  0.0
 0.0  0.0  0.0
 0.0  0.0  0.0
 0.0  0.0  0.0
 0.0  0.0  0.0
 0.0  0.0  1.0
 1.0  0.0  0.0
3-element Vector{Float64}:
 0.5287662539773756
 0.273295248303675
 0.19044749868479638
3×7 Matrix{Float64}:
 0.0  0.0  0.0  0.0  1.0  0.0  0.0
 0.0  0.0  0.0  0.0  0.0  1.0  1.0
 0.0  0.0  0.0  1.0  0.0  0.0  0.0
3-element Vector{Float64}:
 1.0
 1.0
 1.0
7×3 Matrix{Float64}:
 0.0822969  0.0822969  0.0
 0.0        0.0        0.0
 0.0        0.0        0.0
 0.0        0.0        0.0
 0.0028074  0.0028074  0.00791944
 0.0589637  0.0589637  0.0288837
 0.058947   0.058947   0.0292605
3-element Vector{Float64}:
 0.20301500641848907
 0.20301500641848905
 0.06606368816136605
3×7 Matrix{Float64}:
 0.0  0.0  0.0  0.356097  0.360811  0.795339   0.27951
 0.0  0.0  0.0  0.290203  0.279641  0.0970574  0.434661
 0.0  0.0  0.0  0.3537    0.359548  0.107604   0.285828
3-element Vector{Float64}:
 0.20301500641848907
 0.20301500641848905
 0.06606368816136605
a: [0.08229687486361702 0.08229687486361666 0.0; 0.0 0.0 0.0; 0.0 0.0 0.0; 0.0 0.0 0.0; 0.002807404159184332 0.0028074041591844984 0.007919443781650014; 0.05896374400721672 0.058963744007216684 0.02888371047245568; 0.058946983388470986 0.05894698338847125 0.029260533907260355]
b: [0.20301500641848907, 0.20301500641848905, 0.06606368816136605]
c: [0.0 0.0 0.0 0.3560971852798092 0.36081053291811027 0.7953386244883602 0.2795104844101456; 0.0 0.0 0.0 0.29020304457322593 0.2796411643986658 0.09705743518359747 0.43466139261791115; 0.0 0.0 0.0 0.3536997701469648 0.3595483026832239 0.10760394032804227 0.28582812297194327]
d: [0.20301500641848907, 0.20301500641848905, 0.06606368816136605]
comparison (CRT and Glb)on prediction: Dict{Bool, Int64}(0 => 51, 1 => 0)
Dataname	 time	 objv	 lb	 gap	 train_w	 train_g	 test_w	 test_g
/work_bgfs/n/navarrodelacruz/odt/optimal_decision_tree/augmented_datasets/seeds/seeds_731.seeds	 28.1	 0.02360468504991721	 N/A	 N/A	 90.323	 0.0	 94.118	 0.0
