Running 6 processes.
Start training /work_bgfs/n/navarrodelacruz/odt/optimal_decision_tree/augmented_datasets/seeds/seeds_445.seeds with seed 1.
Any[]
(7, 206)
(7, 103)
(7, 52)
(7, 51)
dimension: 7, class: 3
cart cost: 41.35
size of X: (7, 155)
Using method: Global linear DT optimization
Version identifier: 20.1.0.0 | 2020-11-10 | 9bedb6d68
CPXPARAM_Threads                                 1
CPXPARAM_TimeLimit                               1728000
Tried aggregator 1 time.
No LP presolve or aggregator reductions.
Presolve time = 0.01 sec. (3.46 ticks)
Initializing dual steep norms . . .

Iteration log . . .
Iteration:     1   Dual objective     =             0.000000
Perturbation started.
Iteration:    51   Dual objective     =             0.000000
Iteration:   250   Dual objective     =             0.000043
Iteration:   389   Dual objective     =             0.011857
Iteration:   516   Dual objective     =             0.017148
Iteration:   652   Dual objective     =             0.021929
Iteration:   782   Dual objective     =             0.022251
Iteration:   879   Dual objective     =             0.023200
Iteration:   978   Dual objective     =             0.023274
Iteration:  1091   Dual objective     =             0.023338
Iteration:  1202   Dual objective     =             0.023395
Removing perturbation.
7×3 Matrix{Float64}:
 0.0  1.0  0.0
 0.0  0.0  0.0
 0.0  0.0  1.0
 0.0  0.0  0.0
 0.0  0.0  0.0
 0.0  0.0  0.0
 1.0  0.0  0.0
3-element Vector{Float64}:
 0.5037574188460603
 0.2729545721893383
 0.3554835289665443
3×7 Matrix{Float64}:
 0.0  0.0  0.0  0.0  1.0  0.0  0.0
 0.0  0.0  0.0  0.0  0.0  1.0  1.0
 0.0  0.0  0.0  1.0  0.0  0.0  0.0
3-element Vector{Float64}:
 1.0
 1.0
 1.0
7×3 Matrix{Float64}:
 0.00957729  0.00957729  0.0
 0.0         0.0         0.0
 0.0208773   0.0208773   0.0
 0.0         0.0         0.0
 0.0         0.0         0.0
 0.0477456   0.0477456   0.0134778
 0.128541    0.128541    0.0401778
3-element Vector{Float64}:
 0.20674143481782323
 0.20674143481782323
 0.05365560877912848
3×7 Matrix{Float64}:
 0.0  0.0  0.0  0.357457  0.359938  0.833837   0.282605
 0.0  0.0  0.0  0.297362  0.296104  0.0777806  0.416492
 0.0  0.0  0.0  0.345181  0.343958  0.0883824  0.300904
3-element Vector{Float64}:
 0.20674143481782323
 0.20674143481782323
 0.05365560877912848
a: [0.00957729075006597 0.00957729075006658 0.0; 0.0 0.0 0.0; 0.020877281632375677 0.020877281632376527 0.0; 0.0 0.0 0.0; 0.0 0.0 0.0; 0.047745617774375845 0.04774561777437419 0.013477793975086414; 0.12854124466100575 0.12854124466100592 0.04017781480404206]
b: [0.20674143481782323, 0.20674143481782323, 0.05365560877912848]
c: [0.0 0.0 0.0 0.3574570728738917 0.35993820153448597 0.8338370263618524 0.2826047255916223; 0.0 0.0 0.0 0.2973618746375856 0.29610396872844236 0.0777805938235325 0.4164915042346081; 0.0 0.0 0.0 0.34518105248852265 0.3439578297370717 0.08838237981461503 0.30090377017376957]
d: [0.20674143481782323, 0.20674143481782323, 0.05365560877912848]
comparison (CRT and Glb)on prediction: Dict{Bool, Int64}(0 => 51, 1 => 0)
Dataname	 time	 objv	 lb	 gap	 train_w	 train_g	 test_w	 test_g
/work_bgfs/n/navarrodelacruz/odt/optimal_decision_tree/augmented_datasets/seeds/seeds_445.seeds	 31.6	 0.02335692392073874	 N/A	 N/A	 90.968	 0.0	 94.118	 0.0
