Running 6 processes.
Start training /work_bgfs/n/navarrodelacruz/odt/optimal_decision_tree/augmented_datasets/seeds/seeds_158.seeds with seed 1.
Any[]
(7, 206)
(7, 103)
(7, 52)
(7, 51)
dimension: 7, class: 3
cart cost: 44.29285714285715
size of X: (7, 155)
Using method: Global linear DT optimization
Version identifier: 20.1.0.0 | 2020-11-10 | 9bedb6d68
CPXPARAM_Threads                                 1
CPXPARAM_TimeLimit                               72000
Tried aggregator 1 time.
No LP presolve or aggregator reductions.
Presolve time = 0.01 sec. (3.45 ticks)
Initializing dual steep norms . . .

Iteration log . . .
Iteration:     1   Dual objective     =             0.000000
Perturbation started.
Iteration:    51   Dual objective     =             0.000000
Iteration:   160   Dual objective     =             0.000021
Iteration:   318   Dual objective     =             0.000053
Iteration:   471   Dual objective     =             0.009929
Iteration:   606   Dual objective     =             0.010902
Iteration:   751   Dual objective     =             0.012804
Iteration:   901   Dual objective     =             0.018752
Iteration:  1056   Dual objective     =             0.022183
Iteration:  1165   Dual objective     =             0.022816
Iteration:  1274   Dual objective     =             0.022910
Iteration:  1375   Dual objective     =             0.023136
Iteration:  1488   Dual objective     =             0.023137
Iteration:  1610   Dual objective     =             0.023131
Removing perturbation.
7×3 Matrix{Float64}:
 0.0  1.0  0.0
 0.0  0.0  0.0
 0.0  0.0  1.0
 0.0  0.0  0.0
 0.0  0.0  0.0
 0.0  0.0  0.0
 1.0  0.0  0.0
3-element Vector{Float64}:
 0.49065759008503634
 0.27095989376531526
 0.290815599815916
3×7 Matrix{Float64}:
 0.0  0.0  0.0  0.0  1.0  0.0  0.0
 0.0  0.0  0.0  0.0  0.0  1.0  1.0
 0.0  0.0  0.0  1.0  0.0  0.0  0.0
3-element Vector{Float64}:
 1.0
 1.0
 1.0
7×3 Matrix{Float64}:
 0.0995189   0.0995189   0.0141892
 0.0         0.0         0.0
 0.0309024   0.0309024   0.0215519
 0.067084    0.067084    0.015791
 0.0         0.0         0.0
 0.00778719  0.00778719  0.0
 0.0         0.0         0.0
3-element Vector{Float64}:
 0.2052925122603879
 0.2052925122603879
 0.05153210242161964
3×7 Matrix{Float64}:
 0.0  0.0  0.0  0.351542  0.352006  0.839486   0.310911
 0.0  0.0  0.0  0.278456  0.268681  0.0717082  0.452863
 0.0  0.0  0.0  0.370002  0.379314  0.0888062  0.236226
3-element Vector{Float64}:
 0.2052925122603879
 0.2052925122603879
 0.05153210242161964
a: [0.09951890121995446 0.09951890121995513 0.014189162969624532; 0.0 0.0 0.0; 0.030902435768324493 0.03090243576832452 0.021551929836348155; 0.06708398769281448 0.06708398769281368 0.015791009615646952; 0.0 0.0 0.0; 0.007787187579294336 0.007787187579294565 0.0; 0.0 0.0 0.0]
b: [0.2052925122603879, 0.2052925122603879, 0.05153210242161964]
c: [0.0 0.0 0.0 0.3515418494326953 0.35200553917232685 0.8394855858480186 0.310911077394689; 0.0 0.0 0.0 0.27845600664636627 0.2686808941209775 0.07170822547412355 0.45286309923265633; 0.0 0.0 0.0 0.37000214392093844 0.37931356670669564 0.0888061886778578 0.23622582337265463]
d: [0.2052925122603879, 0.2052925122603879, 0.05153210242161964]
comparison (CRT and Glb)on prediction: Dict{Bool, Int64}(0 => 51, 1 => 0)
Dataname	 time	 objv	 lb	 gap	 train_w	 train_g	 test_w	 test_g
/work_bgfs/n/navarrodelacruz/odt/optimal_decision_tree/augmented_datasets/seeds/seeds_158.seeds	 27.39	 0.023105856347119782	 N/A	 N/A	 90.323	 0.0	 96.078	 0.0
