Running 6 processes.
Start training /work_bgfs/n/navarrodelacruz/odt/optimal_decision_tree/augmented_datasets/seeds/seeds_74.seeds with seed 1.
Any[]
(7, 206)
(7, 102)
(7, 51)
(7, 53)
dimension: 7, class: 3
cart cost: 38.96159420289857
size of X: (7, 153)
Using method: Global linear DT optimization
Version identifier: 20.1.0.0 | 2020-11-10 | 9bedb6d68
CPXPARAM_Threads                                 1
CPXPARAM_TimeLimit                               72000
Tried aggregator 1 time.
No LP presolve or aggregator reductions.
Presolve time = 0.01 sec. (3.39 ticks)
Initializing dual steep norms . . .

Iteration log . . .
Iteration:     1   Dual objective     =             0.000000
Perturbation started.
Iteration:    51   Dual objective     =             0.000000
Iteration:   159   Dual objective     =             0.000018
Iteration:   291   Dual objective     =             0.000048
Iteration:   431   Dual objective     =             0.010378
Iteration:   580   Dual objective     =             0.013355
Iteration:   751   Dual objective     =             0.017943
Iteration:   900   Dual objective     =             0.022634
Iteration:  1037   Dual objective     =             0.022660
Iteration:  1154   Dual objective     =             0.023644
Iteration:  1250   Dual objective     =             0.023646
Iteration:  1359   Dual objective     =             0.024113
Iteration:  1465   Dual objective     =             0.024123
Removing perturbation.
7×3 Matrix{Float64}:
 0.0  1.0  0.0
 0.0  0.0  0.0
 0.0  0.0  1.0
 0.0  0.0  0.0
 0.0  0.0  0.0
 0.0  0.0  0.0
 1.0  0.0  0.0
3-element Vector{Float64}:
 0.5311032448780347
 0.2728886121690929
 0.6567667485337774
3×7 Matrix{Float64}:
 0.0  0.0  0.0  0.0  1.0  0.0  0.0
 0.0  0.0  0.0  0.0  0.0  1.0  1.0
 0.0  0.0  0.0  1.0  0.0  0.0  0.0
3-element Vector{Float64}:
 1.0
 1.0
 1.0
7×3 Matrix{Float64}:
 0.104684   0.104684   0.00146804
 0.0        0.0        0.0
 0.0        0.0        0.0
 0.0        0.0        0.0
 0.0        0.0        0.0
 0.0531286  0.0531286  0.0477338
 0.0413674  0.0413674  0.0341565
3-element Vector{Float64}:
 0.19918008400619006
 0.19918008400619008
 0.08335834366286678
3×7 Matrix{Float64}:
 0.0  0.0  0.0  0.349805  0.34269   0.156863  0.270761
 0.0  0.0  0.0  0.292746  0.292746  0.132473  0.451423
 0.0  0.0  0.0  0.357448  0.364563  0.710664  0.277815
3-element Vector{Float64}:
 0.19918008400619006
 0.19918008400619008
 0.08335834366286678
a: [0.1046841148163632 0.1046841148163632 0.0014680395846760896; 0.0 0.0 0.0; 0.0 0.0 0.0; 0.0 0.0 0.0; 0.0 0.0 0.0; 0.05312860308944512 0.053128603089445 0.04773381595033444; 0.041367366100381706 0.041367366100381886 0.03415648812785624]
b: [0.19918008400619006, 0.19918008400619008, 0.08335834366286678]
c: [0.0 0.0 0.0 0.34980511455186375 0.34269020439565956 0.15686329800063759 0.27076123940130425; 0.0 0.0 0.0 0.29274644704982483 0.2927464470498249 0.132472586203385 0.4514233274375814; 0.0 0.0 0.0 0.35744843839831136 0.36456334855451555 0.7106641157959774 0.27781543316111434]
d: [0.19918008400619006, 0.19918008400619008, 0.08335834366286678]
comparison (CRT and Glb)on prediction: Dict{Bool, Int64}(0 => 53, 1 => 0)
Dataname	 time	 objv	 lb	 gap	 train_w	 train_g	 test_w	 test_g
/work_bgfs/n/navarrodelacruz/odt/optimal_decision_tree/augmented_datasets/seeds/seeds_74.seeds	 27.5	 0.02408592558376235	 N/A	 N/A	 91.503	 0.0	 92.453	 0.0
