Running 6 processes.
Start training /work_bgfs/n/navarrodelacruz/odt/optimal_decision_tree/augmented_datasets/seeds/seeds_332.seeds with seed 1.
Any[]
(7, 206)
(7, 103)
(7, 52)
(7, 51)
dimension: 7, class: 3
cart cost: 44.29285714285715
size of X: (7, 155)
Using method: Global linear DT optimization
Version identifier: 20.1.0.0 | 2020-11-10 | 9bedb6d68
CPXPARAM_Threads                                 1
CPXPARAM_TimeLimit                               72000
Tried aggregator 1 time.
No LP presolve or aggregator reductions.
Presolve time = 0.01 sec. (3.45 ticks)
Initializing dual steep norms . . .

Iteration log . . .
Iteration:     1   Dual objective     =             0.000000
Perturbation started.
Iteration:    51   Dual objective     =             0.000000
Iteration:   183   Dual objective     =             0.000021
Iteration:   327   Dual objective     =             0.003278
Iteration:   471   Dual objective     =             0.008245
Iteration:   608   Dual objective     =             0.010440
Iteration:   747   Dual objective     =             0.012395
Iteration:   882   Dual objective     =             0.012731
Iteration:  1046   Dual objective     =             0.017469
Iteration:  1169   Dual objective     =             0.021023
Iteration:  1299   Dual objective     =             0.021862
Iteration:  1423   Dual objective     =             0.021884
Iteration:  1550   Dual objective     =             0.022615
Iteration:  1657   Dual objective     =             0.022868
Iteration:  1771   Dual objective     =             0.023133
Iteration:  1895   Dual objective     =             0.023182
Removing perturbation.
7×3 Matrix{Float64}:
 0.0  1.0  0.0
 0.0  0.0  0.0
 0.0  0.0  0.0
 0.0  0.0  0.0
 0.0  0.0  0.0
 0.0  0.0  1.0
 1.0  0.0  0.0
3-element Vector{Float64}:
 0.5279831975018934
 0.2672433714248112
 0.1895812652927932
3×7 Matrix{Float64}:
 0.0  0.0  0.0  0.0  1.0  0.0  0.0
 0.0  0.0  0.0  0.0  0.0  1.0  1.0
 0.0  0.0  0.0  1.0  0.0  0.0  0.0
3-element Vector{Float64}:
 1.0
 1.0
 1.0
7×3 Matrix{Float64}:
 0.0464039  0.0464039  0.0
 0.0        0.0        0.0
 0.030752   0.030752   0.00820602
 0.0        0.0        0.0
 0.0        0.0        0.0
 0.0453795  0.0453795  0.00949838
 0.0851161  0.0851161  0.0304082
3-element Vector{Float64}:
 0.20765147477375573
 0.20765147477375573
 0.04811257035035559
3×7 Matrix{Float64}:
 0.0  0.0  0.0  0.352327  0.357414  0.854593   0.290259
 0.0  0.0  0.0  0.29525   0.288321  0.069016   0.434054
 0.0  0.0  0.0  0.352423  0.354265  0.0763911  0.275687
3-element Vector{Float64}:
 0.20765147477375573
 0.20765147477375573
 0.04811257035035559
a: [0.04640390652807122 0.046403906528071345 0.0; 0.0 0.0 0.0; 0.030751956523106916 0.03075195652310736 0.008206020025701165; 0.0 0.0 0.0; 0.0 0.0 0.0; 0.04537953116524818 0.045379531165247934 0.009498377939325564; 0.08511608055732922 0.0851160805573291 0.03040817238532889]
b: [0.20765147477375573, 0.20765147477375573, 0.04811257035035559]
c: [0.0 0.0 0.0 0.35232671278817385 0.3574139691378961 0.8545928684592897 0.2902593180739301; 0.0 0.0 0.0 0.295250101783877 0.2883211038845966 0.06901598272595096 0.43405375286177206; 0.0 0.0 0.0 0.3524231854279491 0.35426492697750733 0.07639114881475931 0.27568692906429787]
d: [0.20765147477375573, 0.20765147477375573, 0.04811257035035559]
comparison (CRT and Glb)on prediction: Dict{Bool, Int64}(0 => 51, 1 => 0)
Dataname	 time	 objv	 lb	 gap	 train_w	 train_g	 test_w	 test_g
/work_bgfs/n/navarrodelacruz/odt/optimal_decision_tree/augmented_datasets/seeds/seeds_332.seeds	 31.71	 0.02317077599489336	 N/A	 N/A	 90.323	 0.0	 94.118	 0.0
