Running 6 processes.
Start training /work_bgfs/n/navarrodelacruz/odt/optimal_decision_tree/augmented_datasets/seeds/seeds_794.seeds with seed 1.
Any[]
(7, 206)
(7, 102)
(7, 51)
(7, 53)
dimension: 7, class: 3
cart cost: 41.947101449275365
size of X: (7, 153)
Using method: Global linear DT optimization
Version identifier: 20.1.0.0 | 2020-11-10 | 9bedb6d68
CPXPARAM_Threads                                 1
CPXPARAM_TimeLimit                               72000
Tried aggregator 1 time.
No LP presolve or aggregator reductions.
Presolve time = 0.01 sec. (3.40 ticks)
Initializing dual steep norms . . .

Iteration log . . .
Iteration:     1   Dual objective     =             0.000000
Perturbation started.
Iteration:    51   Dual objective     =             0.000000
Iteration:   231   Dual objective     =             0.000044
Iteration:   349   Dual objective     =             0.006831
Iteration:   491   Dual objective     =             0.011810
Iteration:   605   Dual objective     =             0.019064
Iteration:   736   Dual objective     =             0.022487
Iteration:   849   Dual objective     =             0.023509
Iteration:   958   Dual objective     =             0.023510
Iteration:  1071   Dual objective     =             0.023572
Iteration:  1169   Dual objective     =             0.023656
Removing perturbation.
7×3 Matrix{Float64}:
 0.0  1.0  0.0
 0.0  0.0  0.0
 0.0  0.0  0.0
 0.0  0.0  0.0
 0.0  0.0  0.0
 0.0  0.0  1.0
 1.0  0.0  0.0
3-element Vector{Float64}:
 0.5268409006346644
 0.2607590510857172
 0.1745737809222984
3×7 Matrix{Float64}:
 0.0  0.0  0.0  0.0  1.0  0.0  0.0
 0.0  0.0  0.0  0.0  0.0  1.0  1.0
 0.0  0.0  0.0  1.0  0.0  0.0  0.0
3-element Vector{Float64}:
 1.0
 1.0
 1.0
7×3 Matrix{Float64}:
 0.0778133  0.0778133  0.0
 0.0        0.0        0.0
 0.0        0.0        0.0
 0.0        0.0        0.0
 0.0        0.0        0.0
 0.0471243  0.0471243  0.0148955
 0.0811031  0.0811031  0.0455314
3-element Vector{Float64}:
 0.20604071503772628
 0.20604071503772622
 0.06042697377595162
3×7 Matrix{Float64}:
 0.0  0.0  0.0  0.357444  0.357404  0.811909   0.285152
 0.0  0.0  0.0  0.2873    0.282638  0.0879623  0.443178
 0.0  0.0  0.0  0.355256  0.359958  0.100128   0.27167
3-element Vector{Float64}:
 0.20604071503772628
 0.20604071503772622
 0.06042697377595162
a: [0.07781333027434974 0.07781333027434945 0.0; 0.0 0.0 0.0; 0.0 0.0 0.0; 0.0 0.0 0.0; 0.0 0.0 0.0; 0.04712427273101183 0.04712427273101172 0.014895528476599182; 0.08110311203236471 0.08110311203236498 0.045531445299352435]
b: [0.20604071503772628, 0.20604071503772622, 0.06042697377595162]
c: [0.0 0.0 0.0 0.35744413626289767 0.3574043145195222 0.8119094240284113 0.28515154921758024; 0.0 0.0 0.0 0.2872996726723324 0.28263767723209104 0.0879622604195951 0.44317804754057016; 0.0 0.0 0.0 0.35525619106476986 0.3599580082483867 0.1001283155519936 0.2716704032418496]
d: [0.20604071503772628, 0.20604071503772622, 0.06042697377595162]
comparison (CRT and Glb)on prediction: Dict{Bool, Int64}(0 => 53, 1 => 0)
Dataname	 time	 objv	 lb	 gap	 train_w	 train_g	 test_w	 test_g
/work_bgfs/n/navarrodelacruz/odt/optimal_decision_tree/augmented_datasets/seeds/seeds_794.seeds	 27.39	 0.023625420192570204	 N/A	 N/A	 90.85	 0.0	 90.566	 0.0
