Running 6 processes.
Start training /work_bgfs/n/navarrodelacruz/odt/optimal_decision_tree/augmented_datasets/seeds/seeds_817.seeds with seed 1.
Any[]
(7, 206)
(7, 103)
(7, 52)
(7, 51)
dimension: 7, class: 3
cart cost: 44.29285714285715
size of X: (7, 155)
Using method: Global linear DT optimization
Version identifier: 20.1.0.0 | 2020-11-10 | 9bedb6d68
CPXPARAM_Threads                                 1
CPXPARAM_TimeLimit                               72000
Tried aggregator 1 time.
No LP presolve or aggregator reductions.
Presolve time = 0.01 sec. (3.45 ticks)
Initializing dual steep norms . . .

Iteration log . . .
Iteration:     1   Dual objective     =             0.000000
Perturbation started.
Iteration:    51   Dual objective     =             0.000000
Iteration:   243   Dual objective     =             0.000039
Iteration:   357   Dual objective     =             0.000064
Iteration:   471   Dual objective     =             0.021359
Iteration:   613   Dual objective     =             0.022834
Iteration:   738   Dual objective     =             0.023213
Iteration:   838   Dual objective     =             0.023255
Iteration:   937   Dual objective     =             0.023542
Iteration:  1042   Dual objective     =             0.023542
Iteration:  1144   Dual objective     =             0.023526
Removing perturbation.
7×3 Matrix{Float64}:
 0.0  1.0  0.0
 0.0  0.0  0.0
 0.0  0.0  0.0
 0.0  0.0  0.0
 0.0  0.0  0.0
 0.0  0.0  1.0
 1.0  0.0  0.0
3-element Vector{Float64}:
 0.5226770503380886
 0.26723945196294385
 0.19371861385886655
3×7 Matrix{Float64}:
 0.0  0.0  0.0  0.0  1.0  0.0  0.0
 0.0  0.0  0.0  0.0  0.0  1.0  1.0
 0.0  0.0  0.0  1.0  0.0  0.0  0.0
3-element Vector{Float64}:
 1.0
 1.0
 1.0
7×3 Matrix{Float64}:
 0.0060248  0.00931581  0.0
 0.0        0.0         0.0
 0.0169767  0.0200429   0.00794924
 0.131704   0.125825    0.0203573
 0.0        0.0         0.0
 0.0536208  0.0522425   0.0258651
 0.0        0.0         0.0
3-element Vector{Float64}:
 0.20832620790752343
 0.20742582508491286
 0.05417160021330247
3×7 Matrix{Float64}:
 0.0  0.0  0.0  0.347078  0.351563  0.829623   0.288138
 0.0  0.0  0.0  0.29655   0.287619  0.0836682  0.440027
 0.0  0.0  0.0  0.356371  0.360818  0.0867092  0.271835
3-element Vector{Float64}:
 0.20832620790752343
 0.20742582508491286
 0.05417160021330247
a: [0.006024797895816445 0.009315805481586304 0.0; 0.0 0.0 0.0; 0.016976697182524213 0.02004294837516057 0.007949244368893438; 0.13170392819786347 0.12582456919716598 0.020357289674994502; 0.0 0.0 0.0; 0.05362078463131926 0.052242502031000185 0.025865066169414537; 0.0 0.0 0.0]
b: [0.20832620790752343, 0.20742582508491286, 0.05417160021330247]
c: [0.0 0.0 0.0 0.3470784880581987 0.35156298205458175 0.8296225816670075 0.28813824400840365; 0.0 0.0 0.0 0.2965502580585216 0.2876187977934806 0.08366821164540124 0.4400266300609167; 0.0 0.0 0.0 0.3563712538832797 0.36081822015193765 0.08670920668759123 0.2718351259306796]
d: [0.20832620790752343, 0.20742582508491286, 0.05417160021330247]
comparison (CRT and Glb)on prediction: Dict{Bool, Int64}(0 => 51, 1 => 0)
Dataname	 time	 objv	 lb	 gap	 train_w	 train_g	 test_w	 test_g
/work_bgfs/n/navarrodelacruz/odt/optimal_decision_tree/augmented_datasets/seeds/seeds_817.seeds	 27.35	 0.02349618166028694	 N/A	 N/A	 90.323	 0.0	 96.078	 0.0
