Running 6 processes.
Start training /work_bgfs/n/navarrodelacruz/odt/optimal_decision_tree/augmented_datasets/seeds/seeds_384.seeds with seed 1.
Any[]
(7, 206)
(7, 102)
(7, 51)
(7, 53)
dimension: 7, class: 3
cart cost: 41.947101449275365
size of X: (7, 153)
Using method: Global linear DT optimization
Version identifier: 20.1.0.0 | 2020-11-10 | 9bedb6d68
CPXPARAM_Threads                                 1
CPXPARAM_TimeLimit                               72000
Tried aggregator 1 time.
No LP presolve or aggregator reductions.
Presolve time = 0.01 sec. (3.38 ticks)
Initializing dual steep norms . . .

Iteration log . . .
Iteration:     1   Dual objective     =             0.000000
Perturbation started.
Iteration:    51   Dual objective     =             0.000000
Iteration:   180   Dual objective     =             0.001226
Iteration:   311   Dual objective     =             0.006669
Iteration:   466   Dual objective     =             0.012102
Iteration:   629   Dual objective     =             0.021114
Iteration:   753   Dual objective     =             0.022107
Iteration:   889   Dual objective     =             0.023078
Iteration:  1018   Dual objective     =             0.023348
Iteration:  1129   Dual objective     =             0.023639
Iteration:  1243   Dual objective     =             0.023863
Iteration:  1347   Dual objective     =             0.023901
Removing perturbation.
7×3 Matrix{Float64}:
 0.0  1.0  0.0
 0.0  0.0  0.0
 0.0  0.0  1.0
 0.0  0.0  0.0
 0.0  0.0  0.0
 0.0  0.0  0.0
 1.0  0.0  0.0
3-element Vector{Float64}:
 0.5412789293352226
 0.26644905650624723
 0.6701340671232909
3×7 Matrix{Float64}:
 0.0  0.0  0.0  0.0  1.0  0.0  0.0
 0.0  0.0  0.0  0.0  0.0  1.0  1.0
 0.0  0.0  0.0  1.0  0.0  0.0  0.0
3-element Vector{Float64}:
 1.0
 1.0
 1.0
7×3 Matrix{Float64}:
 0.111491   0.111491   0.0239172
 0.0        0.0        0.0
 0.0        0.0        0.0
 0.05972    0.05972    0.00694441
 0.0        0.0        0.0
 0.0318189  0.0318189  0.0404477
 0.0        0.0        0.0
3-element Vector{Float64}:
 0.20302976849579898
 0.203029768495799
 0.0713092931320565
3×7 Matrix{Float64}:
 0.0  0.0  0.0  0.3515    0.355436  0.128062  0.285538
 0.0  0.0  0.0  0.283987  0.269238  0.110941  0.480305
 0.0  0.0  0.0  0.364513  0.375325  0.760997  0.234157
3-element Vector{Float64}:
 0.20302976849579898
 0.203029768495799
 0.0713092931320565
a: [0.11149082452334971 0.11149082452334973 0.02391716414412515; 0.0 0.0 0.0; 0.0 0.0 0.0; 0.05972000829755132 0.059720008297551266 0.006944410806809392; 0.0 0.0 0.0; 0.031818935674897984 0.03181893567489802 0.040447718181121965; 0.0 0.0 0.0]
b: [0.20302976849579898, 0.203029768495799, 0.0713092931320565]
c: [0.0 0.0 0.0 0.35150015902892484 0.35543645562837656 0.12806195196106596 0.28553789482429376; 0.0 0.0 0.0 0.28398733850061597 0.26923821094227174 0.11094099172202333 0.4803047593221188; 0.0 0.0 0.0 0.3645125024704592 0.3753253334293517 0.7609970563169107 0.2341573458535875]
d: [0.20302976849579898, 0.203029768495799, 0.0713092931320565]
comparison (CRT and Glb)on prediction: Dict{Bool, Int64}(0 => 53, 1 => 0)
Dataname	 time	 objv	 lb	 gap	 train_w	 train_g	 test_w	 test_g
/work_bgfs/n/navarrodelacruz/odt/optimal_decision_tree/augmented_datasets/seeds/seeds_384.seeds	 27.52	 0.023868441506182714	 N/A	 N/A	 90.85	 0.0	 92.453	 0.0
