Running 6 processes.
Start training /work_bgfs/n/navarrodelacruz/odt/optimal_decision_tree/augmented_datasets/seeds/seeds_325.seeds with seed 1.
Any[]
(7, 206)
(7, 103)
(7, 52)
(7, 51)
dimension: 7, class: 3
cart cost: 41.35
size of X: (7, 155)
Using method: Global linear DT optimization
Version identifier: 20.1.0.0 | 2020-11-10 | 9bedb6d68
CPXPARAM_Threads                                 1
CPXPARAM_TimeLimit                               72000
Tried aggregator 1 time.
No LP presolve or aggregator reductions.
Presolve time = 0.01 sec. (3.44 ticks)
Initializing dual steep norms . . .

Iteration log . . .
Iteration:     1   Dual objective     =             0.000000
Perturbation started.
Iteration:    51   Dual objective     =             0.000000
Iteration:   183   Dual objective     =             0.000029
Iteration:   332   Dual objective     =             0.002296
Iteration:   471   Dual objective     =             0.010573
Iteration:   626   Dual objective     =             0.014650
Iteration:   764   Dual objective     =             0.018708
Iteration:   899   Dual objective     =             0.022044
Iteration:  1032   Dual objective     =             0.022542
Iteration:  1157   Dual objective     =             0.022552
Iteration:  1269   Dual objective     =             0.022776
Iteration:  1390   Dual objective     =             0.022789
Iteration:  1504   Dual objective     =             0.023869
Iteration:  1607   Dual objective     =             0.023858
Iteration:  1719   Dual objective     =             0.023864
Removing perturbation.
7×3 Matrix{Float64}:
 0.0  1.0  0.0
 0.0  0.0  0.0
 0.0  0.0  1.0
 0.0  0.0  0.0
 0.0  0.0  0.0
 0.0  0.0  0.0
 1.0  0.0  0.0
3-element Vector{Float64}:
 0.5440220723616445
 0.2717494656421653
 0.6758766479623979
3×7 Matrix{Float64}:
 0.0  0.0  0.0  0.0  1.0  0.0  0.0
 0.0  0.0  0.0  0.0  0.0  1.0  1.0
 0.0  0.0  0.0  1.0  0.0  0.0  0.0
3-element Vector{Float64}:
 1.0
 1.0
 1.0
7×3 Matrix{Float64}:
 0.0665786  0.0665786  0.0
 0.0        0.0        0.0
 0.0        0.0        0.0
 0.0        0.0        0.0
 0.0        0.0        0.0
 0.0534145  0.0534145  0.0360591
 0.089279   0.089279   0.0223305
3-element Vector{Float64}:
 0.20927201293039943
 0.20927201293039935
 0.05838960713578663
3×7 Matrix{Float64}:
 0.0  0.0  0.0  0.358528  0.358275  0.812899   0.283198
 0.0  0.0  0.0  0.281873  0.281869  0.0938908  0.436749
 0.0  0.0  0.0  0.359599  0.359856  0.0932102  0.280054
3-element Vector{Float64}:
 0.20927201293039943
 0.20927201293039935
 0.05838960713578663
a: [0.06657855994785332 0.06657855994785672 0.0; 0.0 0.0 0.0; 0.0 0.0 0.0; 0.0 0.0 0.0; 0.0 0.0 0.0; 0.053414459145111885 0.053414459145112114 0.036059060234221056; 0.08927899383743412 0.08927899383743051 0.02233054690156557]
b: [0.20927201293039943, 0.20927201293039935, 0.05838960713578663]
c: [0.0 0.0 0.0 0.3585275074375044 0.35827496353141247 0.8128989875373177 0.28319752903108314; 0.0 0.0 0.0 0.2818734754612806 0.2818692065413954 0.09389083210128531 0.436748701593702; 0.0 0.0 0.0 0.359599017101215 0.3598558299271922 0.09321018036139696 0.2800537693752149]
d: [0.20927201293039943, 0.20927201293039935, 0.05838960713578663]
comparison (CRT and Glb)on prediction: Dict{Bool, Int64}(0 => 51, 1 => 0)
Dataname	 time	 objv	 lb	 gap	 train_w	 train_g	 test_w	 test_g
/work_bgfs/n/navarrodelacruz/odt/optimal_decision_tree/augmented_datasets/seeds/seeds_325.seeds	 48.94	 0.023846681649829272	 N/A	 N/A	 90.968	 0.0	 94.118	 0.0
