Running 6 processes.
Start training /work_bgfs/n/navarrodelacruz/odt/optimal_decision_tree/augmented_datasets/seeds/seeds_517.seeds with seed 1.
Any[]
(7, 206)
(7, 103)
(7, 52)
(7, 51)
dimension: 7, class: 3
cart cost: 38.40714285714285
size of X: (7, 155)
Using method: Global linear DT optimization
Version identifier: 20.1.0.0 | 2020-11-10 | 9bedb6d68
CPXPARAM_Threads                                 1
CPXPARAM_TimeLimit                               72000
Tried aggregator 1 time.
No LP presolve or aggregator reductions.
Presolve time = 0.01 sec. (3.46 ticks)
Initializing dual steep norms . . .

Iteration log . . .
Iteration:     1   Dual objective     =             0.000000
Perturbation started.
Iteration:    51   Dual objective     =             0.000000
Iteration:   212   Dual objective     =             0.000028
Iteration:   366   Dual objective     =             0.000059
Iteration:   479   Dual objective     =             0.015375
Iteration:   614   Dual objective     =             0.021465
Iteration:   752   Dual objective     =             0.022273
Iteration:   859   Dual objective     =             0.023316
Iteration:   964   Dual objective     =             0.023484
Iteration:  1083   Dual objective     =             0.023771
Iteration:  1200   Dual objective     =             0.023895
Iteration:  1314   Dual objective     =             0.023895
Removing perturbation.
7×3 Matrix{Float64}:
 0.0  1.0  0.0
 0.0  0.0  0.0
 0.0  0.0  1.0
 0.0  0.0  0.0
 0.0  0.0  0.0
 0.0  0.0  0.0
 1.0  0.0  0.0
3-element Vector{Float64}:
 0.5506919087007005
 0.2722730604030332
 0.7275757418277788
3×7 Matrix{Float64}:
 0.0  0.0  0.0  0.0  1.0  0.0  0.0
 0.0  0.0  0.0  0.0  0.0  1.0  1.0
 0.0  0.0  0.0  1.0  0.0  0.0  0.0
3-element Vector{Float64}:
 1.0
 1.0
 1.0
7×3 Matrix{Float64}:
 0.105217   0.105217   0.0
 0.0        0.0        0.0
 0.0        0.0        0.0
 0.0        0.0        0.0
 0.0        0.0        0.0
 0.0514349  0.0514349  0.022324
 0.0491779  0.0491779  0.0432338
3-element Vector{Float64}:
 0.2058295365133996
 0.20582953651339972
 0.06555781991512036
3×7 Matrix{Float64}:
 0.0  0.0  0.0  0.357354  0.359185  0.793195   0.281303
 0.0  0.0  0.0  0.285307  0.282268  0.0978165  0.454449
 0.0  0.0  0.0  0.357339  0.358547  0.108989   0.264247
3-element Vector{Float64}:
 0.2058295365133996
 0.20582953651339972
 0.06555781991512036
a: [0.10521673252334607 0.10521673252334657 0.0; 0.0 0.0 0.0; 0.0 0.0 0.0; 0.0 0.0 0.0; 0.0 0.0 0.0; 0.05143491830125792 0.05143491830125724 0.022324021451130188; 0.049177885688795664 0.04917788568879588 0.04323379846399017]
b: [0.2058295365133996, 0.20582953651339972, 0.06555781991512036]
c: [0.0 0.0 0.0 0.3573537830462654 0.3591849680551295 0.7931949640807805 0.2813034771396773; 0.0 0.0 0.0 0.28530683008094526 0.28226781818238483 0.09781650196953273 0.45444934603513987; 0.0 0.0 0.0 0.3573393868727893 0.3585472137624856 0.10898853394968676 0.26424717682518284]
d: [0.2058295365133996, 0.20582953651339972, 0.06555781991512036]
comparison (CRT and Glb)on prediction: Dict{Bool, Int64}(0 => 51, 1 => 0)
Dataname	 time	 objv	 lb	 gap	 train_w	 train_g	 test_w	 test_g
/work_bgfs/n/navarrodelacruz/odt/optimal_decision_tree/augmented_datasets/seeds/seeds_517.seeds	 27.39	 0.023860844647095987	 N/A	 N/A	 91.613	 0.0	 90.196	 0.0
