Running 6 processes.
Start training /work_bgfs/n/navarrodelacruz/odt/optimal_decision_tree/augmented_datasets/seeds/seeds_628.seeds with seed 1.
Any[]
(7, 206)
(7, 102)
(7, 51)
(7, 53)
dimension: 7, class: 3
cart cost: 41.947101449275365
size of X: (7, 153)
Using method: Global linear DT optimization
Version identifier: 20.1.0.0 | 2020-11-10 | 9bedb6d68
CPXPARAM_Threads                                 1
CPXPARAM_TimeLimit                               72000
Tried aggregator 1 time.
No LP presolve or aggregator reductions.
Presolve time = 0.01 sec. (3.38 ticks)
Initializing dual steep norms . . .

Iteration log . . .
Iteration:     1   Dual objective     =             0.000000
Perturbation started.
Iteration:    51   Dual objective     =             0.000000
Iteration:   226   Dual objective     =             0.000037
Iteration:   347   Dual objective     =             0.000058
Iteration:   475   Dual objective     =             0.010733
Iteration:   594   Dual objective     =             0.021930
Iteration:   730   Dual objective     =             0.022403
Iteration:   827   Dual objective     =             0.022684
Iteration:   934   Dual objective     =             0.022976
Iteration:  1052   Dual objective     =             0.023430
Removing perturbation.
7×3 Matrix{Float64}:
 0.0  1.0  0.0
 0.0  0.0  1.0
 0.0  0.0  0.0
 0.0  0.0  0.0
 0.0  0.0  0.0
 0.0  0.0  0.0
 1.0  0.0  0.0
3-element Vector{Float64}:
 0.4877845963464281
 0.2663173014932121
 0.6201481831114283
3×7 Matrix{Float64}:
 0.0  0.0  0.0  0.0  1.0  0.0  0.0
 0.0  0.0  0.0  0.0  0.0  1.0  1.0
 0.0  0.0  0.0  1.0  0.0  0.0  0.0
3-element Vector{Float64}:
 1.0
 1.0
 1.0
7×3 Matrix{Float64}:
 0.086857   0.086857   0.00759486
 0.0        0.0        0.0
 0.015206   0.015206   0.00757347
 0.0881325  0.0881325  0.0278087
 0.0        0.0        0.0
 0.0161523  0.0161523  0.0122264
 0.0        0.0        0.0
3-element Vector{Float64}:
 0.20634768440256226
 0.20634768440256215
 0.0552033673239306
3×7 Matrix{Float64}:
 0.0  0.0  0.0  0.354258  0.354258  0.827065   0.315437
 0.0  0.0  0.0  0.274885  0.266074  0.0767987  0.466137
 0.0  0.0  0.0  0.370856  0.379668  0.0961359  0.218426
3-element Vector{Float64}:
 0.20634768440256226
 0.20634768440256215
 0.0552033673239306
a: [0.08685695519143563 0.08685695519143563 0.007594856690602704; 0.0 0.0 0.0; 0.015205992873235319 0.015205992873232876 0.007573469477599393; 0.08813247072375452 0.08813247072375532 0.027808689125399917; 0.0 0.0 0.0; 0.016152265614136824 0.016152265614138427 0.012226352030328597; 0.0 0.0 0.0]
b: [0.20634768440256226, 0.20634768440256215, 0.0552033673239306]
c: [0.0 0.0 0.0 0.3542582058166939 0.354258205816693 0.8270653829422576 0.3154370685423718; 0.0 0.0 0.0 0.2748854554698909 0.26607400770870754 0.07679870110210962 0.4661368972608216; 0.0 0.0 0.0 0.3708563387134152 0.3796677864745994 0.09613591595563274 0.21842603419680667]
d: [0.20634768440256226, 0.20634768440256215, 0.0552033673239306]
comparison (CRT and Glb)on prediction: Dict{Bool, Int64}(0 => 53, 1 => 0)
Dataname	 time	 objv	 lb	 gap	 train_w	 train_g	 test_w	 test_g
/work_bgfs/n/navarrodelacruz/odt/optimal_decision_tree/augmented_datasets/seeds/seeds_628.seeds	 31.67	 0.023394936806452753	 N/A	 N/A	 90.85	 0.0	 92.453	 0.0
