Running 6 processes.
Start training /work_bgfs/n/navarrodelacruz/odt/optimal_decision_tree/augmented_datasets/seeds/seeds_353.seeds with seed 1.
Any[]
(7, 206)
(7, 103)
(7, 52)
(7, 51)
dimension: 7, class: 3
cart cost: 38.40714285714285
size of X: (7, 155)
Using method: Global linear DT optimization
Version identifier: 20.1.0.0 | 2020-11-10 | 9bedb6d68
CPXPARAM_Threads                                 1
CPXPARAM_TimeLimit                               72000
Tried aggregator 1 time.
No LP presolve or aggregator reductions.
Presolve time = 0.01 sec. (3.45 ticks)
Initializing dual steep norms . . .

Iteration log . . .
Iteration:     1   Dual objective     =             0.000000
Perturbation started.
Iteration:    51   Dual objective     =             0.000000
Iteration:   258   Dual objective     =             0.000044
Iteration:   386   Dual objective     =             0.016655
Iteration:   509   Dual objective     =             0.016767
Iteration:   628   Dual objective     =             0.022552
Iteration:   732   Dual objective     =             0.022776
Iteration:   830   Dual objective     =             0.023370
Iteration:   927   Dual objective     =             0.023633
Iteration:  1040   Dual objective     =             0.023661
Iteration:  1161   Dual objective     =             0.023655
Removing perturbation.
7×3 Matrix{Float64}:
 0.0  1.0  0.0
 0.0  0.0  0.0
 0.0  0.0  0.0
 0.0  0.0  0.0
 0.0  0.0  0.0
 0.0  0.0  1.0
 1.0  0.0  0.0
3-element Vector{Float64}:
 0.5141523592631577
 0.26477476630373664
 0.19843317157009027
3×7 Matrix{Float64}:
 0.0  0.0  0.0  0.0  1.0  0.0  0.0
 0.0  0.0  0.0  0.0  0.0  1.0  1.0
 0.0  0.0  0.0  1.0  0.0  0.0  0.0
3-element Vector{Float64}:
 1.0
 1.0
 1.0
7×3 Matrix{Float64}:
 0.108941   0.108941   0.00401486
 0.0        0.0        0.0
 0.0202623  0.0202623  0.00244688
 0.0405263  0.0405263  0.0
 0.0        0.0        0.0
 0.023679   0.023679   0.0133624
 0.0172192  0.0172192  0.0313007
3-element Vector{Float64}:
 0.21062816910349946
 0.21062816910349932
 0.05112479509737506
3×7 Matrix{Float64}:
 0.0  0.0  0.0  0.34972   0.345584  0.843977   0.307935
 0.0  0.0  0.0  0.279274  0.27371   0.0728982  0.466019
 0.0  0.0  0.0  0.371005  0.380706  0.0831247  0.226046
3-element Vector{Float64}:
 0.21062816910349946
 0.21062816910349932
 0.05112479509737506
a: [0.10894143714562673 0.10894143714562861 0.004014863076639442; 0.0 0.0 0.0; 0.020262257487885175 0.02026225748788406 0.002446876372541488; 0.040526267114148154 0.04052626711414706 0.0; 0.0 0.0 0.0; 0.02367901692823943 0.02367901692823863 0.013362352931598263; 0.01721919042760002 0.017219190427600905 0.03130070271659588]
b: [0.21062816910349946, 0.21062816910349932, 0.05112479509737506]
c: [0.0 0.0 0.0 0.3497203727873498 0.3455838994458862 0.8439771416796064 0.30793469163393905; 0.0 0.0 0.0 0.2792744993113524 0.27371011207143914 0.07289818801696273 0.4660190871711294; 0.0 0.0 0.0 0.37100512790129786 0.3807059884826747 0.08312467030343099 0.22604622119493156]
d: [0.21062816910349946, 0.21062816910349932, 0.05112479509737506]
comparison (CRT and Glb)on prediction: Dict{Bool, Int64}(0 => 51, 1 => 0)
Dataname	 time	 objv	 lb	 gap	 train_w	 train_g	 test_w	 test_g
/work_bgfs/n/navarrodelacruz/odt/optimal_decision_tree/augmented_datasets/seeds/seeds_353.seeds	 27.29	 0.023619056665218685	 N/A	 N/A	 91.613	 0.0	 94.118	 0.0
