Running 6 processes.
Start training /work_bgfs/n/navarrodelacruz/odt/optimal_decision_tree/augmented_datasets/seeds/seeds_905.seeds with seed 1.
Any[]
(7, 206)
(7, 103)
(7, 52)
(7, 51)
dimension: 7, class: 3
cart cost: 44.29285714285715
size of X: (7, 155)
Using method: Global linear DT optimization
Version identifier: 20.1.0.0 | 2020-11-10 | 9bedb6d68
CPXPARAM_Threads                                 1
CPXPARAM_TimeLimit                               72000
Tried aggregator 1 time.
No LP presolve or aggregator reductions.
Presolve time = 0.01 sec. (3.47 ticks)
Initializing dual steep norms . . .

Iteration log . . .
Iteration:     1   Dual objective     =             0.000000
Perturbation started.
Iteration:    51   Dual objective     =             0.000000
Iteration:   178   Dual objective     =             0.000024
Iteration:   298   Dual objective     =             0.000045
Iteration:   409   Dual objective     =             0.000060
Iteration:   523   Dual objective     =             0.019058
Iteration:   641   Dual objective     =             0.022379
Iteration:   747   Dual objective     =             0.023041
Iteration:   859   Dual objective     =             0.023147
Iteration:   972   Dual objective     =             0.023665
Iteration:  1080   Dual objective     =             0.023659
Iteration:  1203   Dual objective     =             0.023704
Removing perturbation.
7×3 Matrix{Float64}:
 0.0  1.0  0.0
 0.0  0.0  0.0
 0.0  0.0  0.0
 0.0  0.0  0.0
 0.0  0.0  0.0
 0.0  0.0  1.0
 1.0  0.0  0.0
3-element Vector{Float64}:
 0.5357984999301342
 0.2695979072824516
 0.1933871065596478
3×7 Matrix{Float64}:
 0.0  0.0  0.0  0.0  1.0  0.0  0.0
 0.0  0.0  0.0  0.0  0.0  1.0  1.0
 0.0  0.0  0.0  1.0  0.0  0.0  0.0
3-element Vector{Float64}:
 1.0
 1.0
 1.0
7×3 Matrix{Float64}:
 0.159694   0.159694   0.0233178
 0.0        0.0        0.0
 0.0        0.0        0.0
 0.0141905  0.0141905  0.0205212
 0.0        0.0        0.0
 0.0309454  0.0309454  0.0198197
 0.0        0.0        0.0
3-element Vector{Float64}:
 0.2048296678619083
 0.2048296678619082
 0.06365870662726343
3×7 Matrix{Float64}:
 0.0  0.0  0.0  0.344852  0.349538  0.793073   0.295139
 0.0  0.0  0.0  0.279845  0.273639  0.0920838  0.477386
 0.0  0.0  0.0  0.375303  0.376823  0.114843   0.227475
3-element Vector{Float64}:
 0.2048296678619083
 0.2048296678619082
 0.06365870662726343
a: [0.15969381629644908 0.15969381629644852 0.023317810817008865; 0.0 0.0 0.0; 0.0 0.0 0.0; 0.014190460085101664 0.014190460085102163 0.020521191007060506; 0.0 0.0 0.0; 0.03094539148035755 0.030945391480357465 0.01981970480319413; 0.0 0.0 0.0]
b: [0.2048296678619083, 0.2048296678619082, 0.06365870662726343]
c: [0.0 0.0 0.0 0.3448519662878745 0.34953767171924405 0.7930730647195494 0.2951387089434757; 0.0 0.0 0.0 0.279845127382085 0.27363916401739025 0.09208379906420205 0.4773862084809939; 0.0 0.0 0.0 0.3753029063300405 0.37682316426336565 0.11484313621624848 0.22747508257553037]
d: [0.2048296678619083, 0.2048296678619082, 0.06365870662726343]
comparison (CRT and Glb)on prediction: Dict{Bool, Int64}(0 => 51, 1 => 0)
Dataname	 time	 objv	 lb	 gap	 train_w	 train_g	 test_w	 test_g
/work_bgfs/n/navarrodelacruz/odt/optimal_decision_tree/augmented_datasets/seeds/seeds_905.seeds	 30.55	 0.023665902117553997	 N/A	 N/A	 90.323	 0.0	 96.078	 0.0
