Running 6 processes.
Start training /work_bgfs/n/navarrodelacruz/odt/optimal_decision_tree/augmented_datasets/seeds/seeds_567.seeds with seed 1.
Any[]
(7, 206)
(7, 103)
(7, 52)
(7, 51)
dimension: 7, class: 3
cart cost: 47.2357142857143
size of X: (7, 155)
Using method: Global linear DT optimization
Version identifier: 20.1.0.0 | 2020-11-10 | 9bedb6d68
CPXPARAM_Threads                                 1
CPXPARAM_TimeLimit                               72000
Tried aggregator 1 time.
No LP presolve or aggregator reductions.
Presolve time = 0.01 sec. (3.46 ticks)
Initializing dual steep norms . . .

Iteration log . . .
Iteration:     1   Dual objective     =             0.000000
Perturbation started.
Iteration:    51   Dual objective     =             0.000000
Iteration:   182   Dual objective     =             0.000028
Iteration:   305   Dual objective     =             0.000048
Iteration:   442   Dual objective     =             0.015811
Iteration:   588   Dual objective     =             0.017235
Iteration:   738   Dual objective     =             0.021180
Iteration:   868   Dual objective     =             0.023026
Iteration:   975   Dual objective     =             0.023413
Iteration:  1089   Dual objective     =             0.023659
Iteration:  1190   Dual objective     =             0.023659
Iteration:  1307   Dual objective     =             0.023685
Removing perturbation.
7×3 Matrix{Float64}:
 0.0  1.0  0.0
 0.0  0.0  0.0
 0.0  0.0  0.0
 0.0  0.0  0.0
 0.0  0.0  0.0
 0.0  0.0  1.0
 1.0  0.0  0.0
3-element Vector{Float64}:
 0.570482427563488
 0.2645908159019915
 0.1924877002883748
3×7 Matrix{Float64}:
 0.0  0.0  0.0  0.0  1.0  0.0  0.0
 0.0  0.0  0.0  0.0  0.0  1.0  1.0
 0.0  0.0  0.0  1.0  0.0  0.0  0.0
3-element Vector{Float64}:
 1.0
 1.0
 1.0
7×3 Matrix{Float64}:
 0.149262   0.149262   0.0412904
 0.0        0.0        0.0
 0.0152229  0.0152229  0.0
 0.0        0.0        0.0
 0.0        0.0        0.0
 0.041702   0.041702   0.0152508
 0.0        0.0        0.00405601
3-element Vector{Float64}:
 0.2061871459379981
 0.2061871459379981
 0.06059725808163052
3×7 Matrix{Float64}:
 0.0  0.0  0.0  0.343027  0.347197  0.802357   0.300815
 0.0  0.0  0.0  0.284104  0.273323  0.0897335  0.458766
 0.0  0.0  0.0  0.37287   0.37948   0.107909   0.240419
3-element Vector{Float64}:
 0.2061871459379981
 0.2061871459379981
 0.06059725808163052
a: [0.14926222743281511 0.14926222743281484 0.041290405959994184; 0.0 0.0 0.0; 0.01522288288657403 0.01522288288657453 0.0; 0.0 0.0 0.0; 0.0 0.0 0.0; 0.041702035618608954 0.0417020356186088 0.015250841020248547; 0.0 0.0 0.004056011101387785]
b: [0.2061871459379981, 0.2061871459379981, 0.06059725808163052]
c: [0.0 0.0 0.0 0.3430265089960761 0.34719659747270754 0.8023573546902568 0.3008148760120549; 0.0 0.0 0.0 0.2841038387698972 0.27332346718867273 0.08973345380812082 0.45876634691522544; 0.0 0.0 0.0 0.3728696522340267 0.3794799353386197 0.10790919150162234 0.2404187770727196]
d: [0.2061871459379981, 0.2061871459379981, 0.06059725808163052]
comparison (CRT and Glb)on prediction: Dict{Bool, Int64}(0 => 51, 1 => 0)
Dataname	 time	 objv	 lb	 gap	 train_w	 train_g	 test_w	 test_g
/work_bgfs/n/navarrodelacruz/odt/optimal_decision_tree/augmented_datasets/seeds/seeds_567.seeds	 27.31	 0.023648577497881337	 N/A	 N/A	 89.677	 0.0	 94.118	 0.0
