Running 6 processes.
Start training /work_bgfs/n/navarrodelacruz/odt/optimal_decision_tree/augmented_datasets/seeds/seeds_824.seeds with seed 1.
Any[]
(7, 206)
(7, 103)
(7, 52)
(7, 51)
dimension: 7, class: 3
cart cost: 47.2357142857143
size of X: (7, 155)
Using method: Global linear DT optimization
Version identifier: 20.1.0.0 | 2020-11-10 | 9bedb6d68
CPXPARAM_Threads                                 1
CPXPARAM_TimeLimit                               72000
Tried aggregator 1 time.
No LP presolve or aggregator reductions.
Presolve time = 0.01 sec. (3.45 ticks)
Initializing dual steep norms . . .

Iteration log . . .
Iteration:     1   Dual objective     =             0.000000
Perturbation started.
Iteration:    51   Dual objective     =             0.000000
Iteration:   192   Dual objective     =             0.000030
Iteration:   310   Dual objective     =             0.000128
Iteration:   466   Dual objective     =             0.022884
Iteration:   593   Dual objective     =             0.022974
Iteration:   716   Dual objective     =             0.022976
Iteration:   834   Dual objective     =             0.023732
Iteration:   934   Dual objective     =             0.023742
Iteration:  1044   Dual objective     =             0.023752
Removing perturbation.
7×3 Matrix{Float64}:
 0.0  1.0  0.0
 0.0  0.0  0.0
 0.0  0.0  1.0
 0.0  0.0  0.0
 0.0  0.0  0.0
 0.0  0.0  0.0
 1.0  0.0  0.0
3-element Vector{Float64}:
 0.5240892324360105
 0.2778011402181946
 0.7471099787525597
3×7 Matrix{Float64}:
 0.0  0.0  0.0  0.0  1.0  0.0  0.0
 0.0  0.0  0.0  0.0  0.0  1.0  1.0
 0.0  0.0  0.0  1.0  0.0  0.0  0.0
3-element Vector{Float64}:
 1.0
 1.0
 1.0
7×3 Matrix{Float64}:
 0.112507    0.112507    0.0
 0.0         0.0         0.0
 0.00196169  0.00196169  0.0
 0.0439492   0.0439492   0.0146953
 0.0         0.0         0.0
 0.0457752   0.0457752   0.0510662
 0.0         0.0         0.0
3-element Vector{Float64}:
 0.20419309125477242
 0.2041930912547724
 0.06576157101929682
3×7 Matrix{Float64}:
 0.0  0.0  0.0  0.351809  0.359848  0.783349  0.288343
 0.0  0.0  0.0  0.285419  0.27538   0.111212  0.442764
 0.0  0.0  0.0  0.362771  0.364772  0.105439  0.268893
3-element Vector{Float64}:
 0.20419309125477242
 0.2041930912547724
 0.06576157101929682
a: [0.11250699870253643 0.11250699870253775 0.0; 0.0 0.0 0.0; 0.001961692588500097 0.0019616925884998124 0.0; 0.04394915053630921 0.04394915053630788 0.014695322737126664; 0.0 0.0 0.0; 0.04577524942742676 0.04577524942742696 0.05106624828217016; 0.0 0.0 0.0]
b: [0.20419309125477242, 0.2041930912547724, 0.06576157101929682]
c: [0.0 0.0 0.0 0.3518094585363331 0.35984781010020506 0.7833488081591874 0.2883427313634618; 0.0 0.0 0.0 0.2854193179268268 0.27537976276006526 0.1112118135574364 0.4427639804365535; 0.0 0.0 0.0 0.36277122353684005 0.3647724271397296 0.10543937828337628 0.2688932881999847]
d: [0.20419309125477242, 0.2041930912547724, 0.06576157101929682]
comparison (CRT and Glb)on prediction: Dict{Bool, Int64}(0 => 51, 1 => 0)
Dataname	 time	 objv	 lb	 gap	 train_w	 train_g	 test_w	 test_g
/work_bgfs/n/navarrodelacruz/odt/optimal_decision_tree/augmented_datasets/seeds/seeds_824.seeds	 29.13	 0.023707387676442076	 N/A	 N/A	 89.677	 0.0	 94.118	 0.0
