Running 6 processes.
Start training /work_bgfs/n/navarrodelacruz/odt/optimal_decision_tree/augmented_datasets/seeds/seeds_415.seeds with seed 1.
Any[]
(7, 206)
(7, 103)
(7, 52)
(7, 51)
dimension: 7, class: 3
cart cost: 44.29285714285715
size of X: (7, 155)
Using method: Global linear DT optimization
Version identifier: 20.1.0.0 | 2020-11-10 | 9bedb6d68
CPXPARAM_Threads                                 1
CPXPARAM_TimeLimit                               72000
Tried aggregator 1 time.
No LP presolve or aggregator reductions.
Presolve time = 0.01 sec. (3.45 ticks)
Initializing dual steep norms . . .

Iteration log . . .
Iteration:     1   Dual objective     =             0.000000
Perturbation started.
Iteration:    51   Dual objective     =             0.000000
Iteration:   162   Dual objective     =             0.000021
Iteration:   292   Dual objective     =             0.000049
Iteration:   434   Dual objective     =             0.010948
Iteration:   572   Dual objective     =             0.011646
Iteration:   734   Dual objective     =             0.015852
Iteration:   905   Dual objective     =             0.019186
Iteration:  1043   Dual objective     =             0.021923
Iteration:  1194   Dual objective     =             0.022235
Iteration:  1322   Dual objective     =             0.022426
Iteration:  1440   Dual objective     =             0.023431
Iteration:  1548   Dual objective     =             0.023568
Iteration:  1666   Dual objective     =             0.023616
Removing perturbation.
7×3 Matrix{Float64}:
 0.0  1.0  0.0
 0.0  0.0  0.0
 0.0  0.0  0.0
 0.0  0.0  0.0
 0.0  0.0  0.0
 0.0  0.0  1.0
 1.0  0.0  0.0
3-element Vector{Float64}:
 0.527955975974661
 0.2679371552688665
 0.18013764836063123
3×7 Matrix{Float64}:
 0.0  0.0  0.0  0.0  1.0  0.0  0.0
 0.0  0.0  0.0  0.0  0.0  1.0  1.0
 0.0  0.0  0.0  1.0  0.0  0.0  0.0
3-element Vector{Float64}:
 1.0
 1.0
 1.0
7×3 Matrix{Float64}:
 0.0567237  0.0567237  0.0
 0.0        0.0        0.0
 0.0086373  0.0086373  0.0
 0.0964974  0.0964974  0.0541778
 0.0        0.0        0.0
 0.0418459  0.0418459  0.0104005
 0.0        0.0        0.0
3-element Vector{Float64}:
 0.2037041986706697
 0.2037041986706697
 0.06457834565251624
3×7 Matrix{Float64}:
 0.0  0.0  0.0  0.350328  0.354626  0.78072    0.293576
 0.0  0.0  0.0  0.291743  0.271576  0.0992345  0.451906
 0.0  0.0  0.0  0.357929  0.373797  0.120046   0.254518
3-element Vector{Float64}:
 0.2037041986706697
 0.2037041986706697
 0.06457834565251624
a: [0.05672365266326462 0.0567236526632639 0.0; 0.0 0.0 0.0; 0.008637296083362542 0.008637296083362838 0.0; 0.09649739175913431 0.09649739175913459 0.05417781988178927; 0.0 0.0 0.0; 0.041845858164908156 0.041845858164908295 0.010400525770726976; 0.0 0.0 0.0]
b: [0.2037041986706697, 0.2037041986706697, 0.06457834565251624]
c: [0.0 0.0 0.0 0.3503279274011408 0.3546263597599496 0.7807197618848384 0.29357633285389506; 0.0 0.0 0.0 0.29174287295730184 0.27157638352401003 0.09923452013841372 0.4519058269130007; 0.0 0.0 0.0 0.35792919964155734 0.37379725671604036 0.12004571797674794 0.25451784023310425]
d: [0.2037041986706697, 0.2037041986706697, 0.06457834565251624]
comparison (CRT and Glb)on prediction: Dict{Bool, Int64}(0 => 51, 1 => 0)
Dataname	 time	 objv	 lb	 gap	 train_w	 train_g	 test_w	 test_g
/work_bgfs/n/navarrodelacruz/odt/optimal_decision_tree/augmented_datasets/seeds/seeds_415.seeds	 27.37	 0.023599337149692784	 N/A	 N/A	 90.323	 0.0	 96.078	 0.0
