Running 6 processes.
Start training /work_bgfs/n/navarrodelacruz/odt/optimal_decision_tree/augmented_datasets/seeds/seeds_670.seeds with seed 1.
Any[]
(7, 206)
(7, 103)
(7, 52)
(7, 51)
dimension: 7, class: 3
cart cost: 35.4642857142857
size of X: (7, 155)
Using method: Global linear DT optimization
Version identifier: 20.1.0.0 | 2020-11-10 | 9bedb6d68
CPXPARAM_Threads                                 1
CPXPARAM_TimeLimit                               72000
Tried aggregator 1 time.
No LP presolve or aggregator reductions.
Presolve time = 0.01 sec. (3.45 ticks)
Initializing dual steep norms . . .

Iteration log . . .
Iteration:     1   Dual objective     =             0.000000
Perturbation started.
Iteration:    51   Dual objective     =             0.000000
Iteration:   228   Dual objective     =             0.000031
Iteration:   346   Dual objective     =             0.000060
Iteration:   468   Dual objective     =             0.015187
Iteration:   602   Dual objective     =             0.021927
Iteration:   712   Dual objective     =             0.023486
Iteration:   818   Dual objective     =             0.023571
Iteration:   931   Dual objective     =             0.023762
Iteration:  1047   Dual objective     =             0.023896
Iteration:  1163   Dual objective     =             0.023878
Removing perturbation.
7×3 Matrix{Float64}:
 0.0  1.0  0.0
 0.0  0.0  0.0
 0.0  0.0  1.0
 0.0  0.0  0.0
 0.0  0.0  0.0
 0.0  0.0  0.0
 1.0  0.0  0.0
3-element Vector{Float64}:
 0.565118444639085
 0.26721529525262777
 0.452587559545775
3×7 Matrix{Float64}:
 0.0  0.0  0.0  0.0  1.0  0.0  0.0
 0.0  0.0  0.0  0.0  0.0  1.0  1.0
 0.0  0.0  0.0  1.0  0.0  0.0  0.0
3-element Vector{Float64}:
 1.0
 1.0
 1.0
7×3 Matrix{Float64}:
 0.065127    0.065127    0.0
 0.0         0.0         0.0
 0.00476572  0.00476572  0.0
 0.0872694   0.0872694   0.0555337
 0.0         0.0         0.0
 0.0496543   0.0496543   0.00786455
 0.0         0.0         0.0
3-element Vector{Float64}:
 0.20681645222563919
 0.20681645222563913
 0.0633982126416699
3×7 Matrix{Float64}:
 0.0  0.0  0.0  0.350224  0.35666   0.799179   0.293116
 0.0  0.0  0.0  0.28817   0.282628  0.0899352  0.4579
 0.0  0.0  0.0  0.361606  0.360712  0.110886   0.248984
3-element Vector{Float64}:
 0.20681645222563919
 0.20681645222563913
 0.0633982126416699
a: [0.0651270136308928 0.06512701363089234 0.0; 0.0 0.0 0.0; 0.004765720023002608 0.004765720023002684 0.0; 0.08726944132815373 0.08726944132815403 0.055533663150135915; 0.0 0.0 0.0; 0.04965427724359008 0.04965427724359006 0.007864549491533979; 0.0 0.0 0.0]
b: [0.20681645222563919, 0.20681645222563913, 0.0633982126416699]
c: [0.0 0.0 0.0 0.35022390084973437 0.3566601022284931 0.7991788095057785 0.2931159969217726; 0.0 0.0 0.0 0.2881701962092866 0.28262798202956163 0.08993521408722885 0.45790033475864345; 0.0 0.0 0.0 0.3616059029409791 0.3607119157419453 0.1108859764069927 0.24898366831958396]
d: [0.20681645222563919, 0.20681645222563913, 0.0633982126416699]
comparison (CRT and Glb)on prediction: Dict{Bool, Int64}(0 => 51, 1 => 0)
Dataname	 time	 objv	 lb	 gap	 train_w	 train_g	 test_w	 test_g
/work_bgfs/n/navarrodelacruz/odt/optimal_decision_tree/augmented_datasets/seeds/seeds_670.seeds	 27.41	 0.023851555854647415	 N/A	 N/A	 92.258	 0.0	 90.196	 0.0
