Running 6 processes.
Start training /work_bgfs/n/navarrodelacruz/odt/optimal_decision_tree/augmented_datasets/seeds/seeds_575.seeds with seed 1.
Any[]
(7, 206)
(7, 102)
(7, 51)
(7, 53)
dimension: 7, class: 3
cart cost: 38.96159420289857
size of X: (7, 153)
Using method: Global linear DT optimization
Version identifier: 20.1.0.0 | 2020-11-10 | 9bedb6d68
CPXPARAM_Threads                                 1
CPXPARAM_TimeLimit                               72000
Tried aggregator 1 time.
No LP presolve or aggregator reductions.
Presolve time = 0.01 sec. (3.38 ticks)
Initializing dual steep norms . . .

Iteration log . . .
Iteration:     1   Dual objective     =             0.000000
Perturbation started.
Iteration:    51   Dual objective     =             0.000000
Iteration:   165   Dual objective     =             0.000022
Iteration:   291   Dual objective     =             0.000050
Iteration:   417   Dual objective     =             0.014382
Iteration:   578   Dual objective     =             0.021890
Iteration:   693   Dual objective     =             0.022230
Iteration:   807   Dual objective     =             0.022965
Iteration:   922   Dual objective     =             0.023488
Iteration:  1030   Dual objective     =             0.023490
Iteration:  1133   Dual objective     =             0.023618
Iteration:  1246   Dual objective     =             0.023620
Iteration:  1351   Dual objective     =             0.023718
Iteration:  1460   Dual objective     =             0.023731
Removing perturbation.
7×3 Matrix{Float64}:
 0.0  1.0  0.0
 0.0  0.0  0.0
 0.0  0.0  0.0
 0.0  0.0  0.0
 0.0  0.0  0.0
 0.0  0.0  1.0
 1.0  0.0  0.0
3-element Vector{Float64}:
 0.5333880764511372
 0.26422191681374696
 0.17491334552221416
3×7 Matrix{Float64}:
 0.0  0.0  0.0  0.0  1.0  0.0  0.0
 0.0  0.0  0.0  0.0  0.0  1.0  1.0
 0.0  0.0  0.0  1.0  0.0  0.0  0.0
3-element Vector{Float64}:
 1.0
 1.0
 1.0
7×3 Matrix{Float64}:
 0.0720592  0.0720592  0.0
 0.0        0.0        0.0
 0.0165797  0.0165797  0.0
 0.0        0.0        0.0
 0.0        0.0        0.0
 0.0665981  0.0665981  0.0106709
 0.0514581  0.0514581  0.0498337
3-element Vector{Float64}:
 0.20669509844815426
 0.2066950984481543
 0.06050460805417711
3×7 Matrix{Float64}:
 0.0  0.0  0.0  0.355837  0.352925  0.812576   0.279025
 0.0  0.0  0.0  0.293332  0.291077  0.0856503  0.427804
 0.0  0.0  0.0  0.350831  0.355998  0.101774   0.293171
3-element Vector{Float64}:
 0.20669509844815434
 0.2066950984481543
 0.06050460805417711
a: [0.07205923058040832 0.07205923058040795 0.0; 0.0 0.0 0.0; 0.016579667995881883 0.01657966799588184 0.0; 0.0 0.0 0.0; 0.0 0.0 0.0; 0.06659809532648922 0.06659809532648937 0.010670941761084504; 0.05145810454537493 0.05145810454537515 0.049833666293092604]
b: [0.20669509844815426, 0.2066950984481543, 0.06050460805417711]
c: [0.0 0.0 0.0 0.3558372348322084 0.3529249207504877 0.8125756480837256 0.27902544747094743; 0.0 0.0 0.0 0.2933315500507907 0.29107712518851886 0.0856502857941226 0.42780372170704684; 0.0 0.0 0.0 0.3508312151170009 0.3559979540609934 0.10177406612215184 0.2931708308220057]
d: [0.20669509844815434, 0.2066950984481543, 0.06050460805417711]
comparison (CRT and Glb)on prediction: Dict{Bool, Int64}(0 => 53, 1 => 0)
Dataname	 time	 objv	 lb	 gap	 train_w	 train_g	 test_w	 test_g
/work_bgfs/n/navarrodelacruz/odt/optimal_decision_tree/augmented_datasets/seeds/seeds_575.seeds	 27.57	 0.023694740247524285	 N/A	 N/A	 91.503	 0.0	 92.453	 0.0
