Running 6 processes.
Start training /work_bgfs/n/navarrodelacruz/odt/optimal_decision_tree/augmented_datasets/seeds/seeds_561.seeds with seed 1.
Any[]
(7, 206)
(7, 102)
(7, 51)
(7, 53)
dimension: 7, class: 3
cart cost: 38.96159420289857
size of X: (7, 153)
Using method: Global linear DT optimization
Version identifier: 20.1.0.0 | 2020-11-10 | 9bedb6d68
CPXPARAM_Threads                                 1
CPXPARAM_TimeLimit                               72000
Tried aggregator 1 time.
No LP presolve or aggregator reductions.
Presolve time = 0.01 sec. (3.39 ticks)
Initializing dual steep norms . . .

Iteration log . . .
Iteration:     1   Dual objective     =             0.000000
Perturbation started.
Iteration:    51   Dual objective     =             0.000000
Iteration:   247   Dual objective     =             0.000045
Iteration:   389   Dual objective     =             0.010080
Iteration:   500   Dual objective     =             0.016545
Iteration:   611   Dual objective     =             0.017162
Iteration:   728   Dual objective     =             0.022918
Iteration:   831   Dual objective     =             0.022984
Iteration:   932   Dual objective     =             0.023057
Iteration:  1034   Dual objective     =             0.023355
Iteration:  1142   Dual objective     =             0.023399
Removing perturbation.
7×3 Matrix{Float64}:
 0.0  1.0  0.0
 0.0  0.0  0.0
 0.0  0.0  0.0
 0.0  0.0  0.0
 0.0  0.0  0.0
 0.0  0.0  1.0
 1.0  0.0  0.0
3-element Vector{Float64}:
 0.5708163295038877
 0.27213082715676734
 0.17995871412735048
3×7 Matrix{Float64}:
 0.0  0.0  0.0  0.0  1.0  0.0  0.0
 0.0  0.0  0.0  0.0  0.0  1.0  1.0
 0.0  0.0  0.0  1.0  0.0  0.0  0.0
3-element Vector{Float64}:
 1.0
 1.0
 1.0
7×3 Matrix{Float64}:
 0.0551086   0.0551086   0.0
 0.0         0.0         0.0
 0.0157418   0.0157418   0.0
 0.0787199   0.0787199   0.0345751
 0.0         0.0         0.0
 0.0523771   0.0523771   0.0102722
 0.00334284  0.00334284  0.0118346
3-element Vector{Float64}:
 0.2052902366611737
 0.20529023666117366
 0.05668187352373931
3×7 Matrix{Float64}:
 0.0  0.0  0.0  0.351765  0.350024  0.821208   0.298211
 0.0  0.0  0.0  0.290111  0.281355  0.0784976  0.439008
 0.0  0.0  0.0  0.358124  0.368621  0.100294   0.26278
3-element Vector{Float64}:
 0.2052902366611737
 0.20529023666117366
 0.05668187352373931
a: [0.05510860265536224 0.05510860265536208 0.0; 0.0 0.0 0.0; 0.01574180820849628 0.01574180820849655 0.0; 0.07871990965857173 0.07871990965857201 0.03457512169525695; 0.0 0.0 0.0; 0.05237707415046478 0.0523770741504645 0.010272201550850985; 0.003342841988278708 0.0033428419882785276 0.011834550277631372]
b: [0.2052902366611737, 0.20529023666117366, 0.05668187352373931]
c: [0.0 0.0 0.0 0.35176491269832216 0.35002374386734353 0.821208316418545 0.2982113434343344; 0.0 0.0 0.0 0.29011108462527885 0.2813553250032323 0.0784976147395664 0.43900829725008506; 0.0 0.0 0.0 0.358124002676399 0.36862093112942423 0.10029406884188864 0.2627803593155805]
d: [0.2052902366611737, 0.20529023666117366, 0.05668187352373931]
comparison (CRT and Glb)on prediction: Dict{Bool, Int64}(0 => 53, 1 => 0)
Dataname	 time	 objv	 lb	 gap	 train_w	 train_g	 test_w	 test_g
/work_bgfs/n/navarrodelacruz/odt/optimal_decision_tree/augmented_datasets/seeds/seeds_561.seeds	 27.41	 0.023363117342304333	 N/A	 N/A	 91.503	 0.0	 92.453	 0.0
