Running 6 processes.
Start training /work_bgfs/n/navarrodelacruz/odt/optimal_decision_tree/augmented_datasets/seeds/seeds_677.seeds with seed 1.
Any[]
(7, 206)
(7, 102)
(7, 51)
(7, 53)
dimension: 7, class: 3
cart cost: 38.96159420289857
size of X: (7, 153)
Using method: Global linear DT optimization
Version identifier: 20.1.0.0 | 2020-11-10 | 9bedb6d68
CPXPARAM_Threads                                 1
CPXPARAM_TimeLimit                               72000
Tried aggregator 1 time.
No LP presolve or aggregator reductions.
Presolve time = 0.01 sec. (3.39 ticks)
Initializing dual steep norms . . .

Iteration log . . .
Iteration:     1   Dual objective     =             0.000000
Perturbation started.
Iteration:    51   Dual objective     =             0.000000
Iteration:   193   Dual objective     =             0.000021
Iteration:   324   Dual objective     =             0.000041
Iteration:   427   Dual objective     =             0.014552
Iteration:   533   Dual objective     =             0.021599
Iteration:   633   Dual objective     =             0.022326
Iteration:   726   Dual objective     =             0.022375
Iteration:   834   Dual objective     =             0.022518
Iteration:   942   Dual objective     =             0.022519
Iteration:  1043   Dual objective     =             0.023113
Iteration:  1154   Dual objective     =             0.023134
Removing perturbation.
7×3 Matrix{Float64}:
 0.0  1.0  0.0
 0.0  0.0  0.0
 0.0  0.0  1.0
 0.0  0.0  0.0
 0.0  0.0  0.0
 0.0  0.0  0.0
 1.0  0.0  0.0
3-element Vector{Float64}:
 0.5068351226146492
 0.26917270746997757
 0.29422527762548956
3×7 Matrix{Float64}:
 0.0  0.0  0.0  0.0  1.0  0.0  0.0
 0.0  0.0  0.0  0.0  0.0  1.0  1.0
 0.0  0.0  0.0  1.0  0.0  0.0  0.0
3-element Vector{Float64}:
 1.0
 1.0
 1.0
7×3 Matrix{Float64}:
 0.0510832  0.0510832  0.0153796
 0.0        0.0        0.0
 0.0350706  0.0350706  0.0157506
 0.0895863  0.0895863  0.00206879
 0.0        0.0        0.0
 0.0326239  0.0326239  0.0122365
 0.0        0.0        0.0
3-element Vector{Float64}:
 0.20836393107621803
 0.2083639310762173
 0.04543540369517504
3×7 Matrix{Float64}:
 0.0  0.0  0.0  0.344175  0.360221  0.854796   0.309903
 0.0  0.0  0.0  0.295397  0.28146   0.0692793  0.450444
 0.0  0.0  0.0  0.360427  0.358318  0.0759248  0.239653
3-element Vector{Float64}:
 0.20836393107621803
 0.2083639310762173
 0.04543540369517504
a: [0.051083151517333975 0.05108315151732007 0.01537957690163285; 0.0 0.0 0.0; 0.03507059339790608 0.035070593397910535 0.01575057348627368; 0.08958628683625416 0.0895862868362653 0.0020687906838518103; 0.0 0.0 0.0; 0.03262389932472372 0.03262389932472143 0.012236462623416652; 0.0 0.0 0.0]
b: [0.20836393107621803, 0.2083639310762173, 0.04543540369517504]
c: [0.0 0.0 0.0 0.3441752564822707 0.36022127053968467 0.8547958922435174 0.30990264529978934; 0.0 0.0 0.0 0.29539734687747526 0.28146046908645206 0.06927930214818608 0.45044429440257033; 0.0 0.0 0.0 0.36042739664025397 0.3583182603738633 0.07592480560829654 0.23965306029764027]
d: [0.20836393107621803, 0.2083639310762173, 0.04543540369517504]
comparison (CRT and Glb)on prediction: Dict{Bool, Int64}(0 => 53, 1 => 0)
Dataname	 time	 objv	 lb	 gap	 train_w	 train_g	 test_w	 test_g
/work_bgfs/n/navarrodelacruz/odt/optimal_decision_tree/augmented_datasets/seeds/seeds_677.seeds	 26.88	 0.02310816329238052	 N/A	 N/A	 91.503	 0.0	 92.453	 0.0
