Running 6 processes.
Start training /work_bgfs/n/navarrodelacruz/odt/optimal_decision_tree/augmented_datasets/seeds/seeds_867.seeds with seed 1.
Any[]
(7, 206)
(7, 103)
(7, 52)
(7, 51)
dimension: 7, class: 3
cart cost: 44.29285714285715
size of X: (7, 155)
Using method: Global linear DT optimization
Version identifier: 20.1.0.0 | 2020-11-10 | 9bedb6d68
CPXPARAM_Threads                                 1
CPXPARAM_TimeLimit                               72000
Tried aggregator 1 time.
No LP presolve or aggregator reductions.
Presolve time = 0.01 sec. (3.45 ticks)
Initializing dual steep norms . . .

Iteration log . . .
Iteration:     1   Dual objective     =             0.000000
Perturbation started.
Iteration:    51   Dual objective     =             0.000000
Iteration:   257   Dual objective     =             0.000044
Iteration:   387   Dual objective     =             0.017355
Iteration:   498   Dual objective     =             0.021840
Iteration:   589   Dual objective     =             0.021887
Iteration:   691   Dual objective     =             0.021930
Iteration:   795   Dual objective     =             0.021933
Iteration:   897   Dual objective     =             0.023046
Iteration:  1007   Dual objective     =             0.023722
Iteration:  1115   Dual objective     =             0.023742
Removing perturbation.
7×3 Matrix{Float64}:
 0.0  1.0  0.0
 0.0  0.0  1.0
 0.0  0.0  0.0
 0.0  0.0  0.0
 0.0  0.0  0.0
 0.0  0.0  0.0
 1.0  0.0  0.0
3-element Vector{Float64}:
 0.4906160941582288
 0.2759470129851621
 0.6272465108925358
3×7 Matrix{Float64}:
 0.0  0.0  0.0  0.0  1.0  0.0  0.0
 0.0  0.0  0.0  0.0  0.0  1.0  1.0
 0.0  0.0  0.0  1.0  0.0  0.0  0.0
3-element Vector{Float64}:
 1.0
 1.0
 1.0
7×3 Matrix{Float64}:
 0.109578   0.109578   0.00337843
 0.0        0.0        0.0
 0.0        0.0        0.0
 0.031553   0.031553   0.0
 0.0        0.0        0.0
 0.0467962  0.0467962  0.020262
 0.0216855  0.0216855  0.0313617
3-element Vector{Float64}:
 0.20961265273335888
 0.20961265273335888
 0.05500208723713934
3×7 Matrix{Float64}:
 0.0  0.0  0.0  0.355503  0.352984  0.832239   0.286767
 0.0  0.0  0.0  0.278676  0.271779  0.0780652  0.455234
 0.0  0.0  0.0  0.365821  0.375237  0.089696   0.257999
3-element Vector{Float64}:
 0.20961265273335888
 0.20961265273335888
 0.05500208723713934
a: [0.1095779204055191 0.1095779204055194 0.0033784263587694416; 0.0 0.0 0.0; 0.0 0.0 0.0; 0.03155304890715496 0.03155304890715449 0.0; 0.0 0.0 0.0; 0.0467962270038637 0.0467962270038637 0.020261971137948812; 0.02168545641682111 0.021685456416821278 0.0313616897404211]
b: [0.20961265273335888, 0.20961265273335888, 0.05500208723713934]
c: [0.0 0.0 0.0 0.35550252411027844 0.3529837510215614 0.8322388612701694 0.2867667392089847; 0.0 0.0 0.0 0.2786760759560534 0.2717789586353339 0.07806516926083336 0.45523424578889987; 0.0 0.0 0.0 0.3658213999336682 0.37523729034310477 0.08969596946899715 0.25799901500211536]
d: [0.20961265273335888, 0.20961265273335888, 0.05500208723713934]
comparison (CRT and Glb)on prediction: Dict{Bool, Int64}(0 => 51, 1 => 0)
Dataname	 time	 objv	 lb	 gap	 train_w	 train_g	 test_w	 test_g
/work_bgfs/n/navarrodelacruz/odt/optimal_decision_tree/augmented_datasets/seeds/seeds_867.seeds	 27.13	 0.023711369635192856	 N/A	 N/A	 90.323	 0.0	 94.118	 0.0
