Running 6 processes.
Start training /work_bgfs/n/navarrodelacruz/odt/optimal_decision_tree/augmented_datasets/seeds/seeds_772.seeds with seed 1.
Any[]
(7, 206)
(7, 102)
(7, 51)
(7, 53)
dimension: 7, class: 3
cart cost: 44.93260869565216
size of X: (7, 153)
Using method: Global linear DT optimization
Version identifier: 20.1.0.0 | 2020-11-10 | 9bedb6d68
CPXPARAM_Threads                                 1
CPXPARAM_TimeLimit                               72000
Tried aggregator 1 time.
No LP presolve or aggregator reductions.
Presolve time = 0.01 sec. (3.39 ticks)
Initializing dual steep norms . . .

Iteration log . . .
Iteration:     1   Dual objective     =             0.000000
Perturbation started.
Iteration:    51   Dual objective     =             0.000000
Iteration:   204   Dual objective     =             0.000030
Iteration:   351   Dual objective     =             0.003166
Iteration:   490   Dual objective     =             0.010649
Iteration:   603   Dual objective     =             0.011271
Iteration:   750   Dual objective     =             0.015122
Iteration:   900   Dual objective     =             0.017509
Iteration:  1042   Dual objective     =             0.021284
Iteration:  1179   Dual objective     =             0.023338
Iteration:  1295   Dual objective     =             0.023375
Iteration:  1401   Dual objective     =             0.023885
Removing perturbation.
7×3 Matrix{Float64}:
 0.0  1.0  0.0
 0.0  0.0  0.0
 0.0  0.0  0.0
 0.0  0.0  0.0
 0.0  0.0  0.0
 0.0  0.0  1.0
 1.0  0.0  0.0
3-element Vector{Float64}:
 0.5032984103012565
 0.26936578774698605
 0.19150459770971415
3×7 Matrix{Float64}:
 0.0  0.0  0.0  0.0  1.0  0.0  0.0
 0.0  0.0  0.0  0.0  0.0  1.0  1.0
 0.0  0.0  0.0  1.0  0.0  0.0  0.0
3-element Vector{Float64}:
 1.0
 1.0
 1.0
7×3 Matrix{Float64}:
 0.104347   0.104347   0.0
 0.0        0.0        0.0
 0.0        0.0        0.0
 0.0        0.0        0.0
 0.0        0.0        0.0
 0.0516205  0.0516205  0.0259
 0.0501898  0.0501898  0.0388676
3-element Vector{Float64}:
 0.20615692944732256
 0.20615692944732256
 0.06476752237017748
3×7 Matrix{Float64}:
 0.0  0.0  0.0  0.356959  0.359702  0.801437   0.279008
 0.0  0.0  0.0  0.287167  0.279045  0.0897361  0.448149
 0.0  0.0  0.0  0.355874  0.361253  0.108827   0.272843
3-element Vector{Float64}:
 0.20615692944732256
 0.20615692944732256
 0.06476752237017748
a: [0.10434663363722739 0.10434663363722736 0.0; 0.0 0.0 0.0; 0.0 0.0 0.0; 0.0 0.0 0.0; 0.0 0.0 0.0; 0.05162049521377454 0.05162049521377454 0.025899970748883356; 0.05018980059632065 0.050189800596320666 0.03886755162129413]
b: [0.20615692944732256, 0.20615692944732256, 0.06476752237017748]
c: [0.0 0.0 0.0 0.3569592654761988 0.3597021495587286 0.8014371885573677 0.27900836382584104; 0.0 0.0 0.0 0.28716720684079294 0.27904502871792836 0.08973613805201408 0.44814868047735856; 0.0 0.0 0.0 0.35587352768300823 0.36125282172334305 0.1088266733906183 0.2728429556968004]
d: [0.20615692944732256, 0.20615692944732256, 0.06476752237017748]
comparison (CRT and Glb)on prediction: Dict{Bool, Int64}(0 => 53, 1 => 0)
Dataname	 time	 objv	 lb	 gap	 train_w	 train_g	 test_w	 test_g
/work_bgfs/n/navarrodelacruz/odt/optimal_decision_tree/augmented_datasets/seeds/seeds_772.seeds	 27.48	 0.023854069063241133	 N/A	 N/A	 90.196	 0.0	 92.453	 0.0
