Running 6 processes.
Start training /work_bgfs/n/navarrodelacruz/odt/optimal_decision_tree/augmented_datasets/seeds/seeds_852.seeds with seed 1.
Any[]
(7, 206)
(7, 102)
(7, 51)
(7, 53)
dimension: 7, class: 3
cart cost: 50.90362318840582
size of X: (7, 153)
Using method: Global linear DT optimization
Version identifier: 20.1.0.0 | 2020-11-10 | 9bedb6d68
CPXPARAM_Threads                                 1
CPXPARAM_TimeLimit                               72000
Tried aggregator 1 time.
No LP presolve or aggregator reductions.
Presolve time = 0.02 sec. (3.39 ticks)
Initializing dual steep norms . . .

Iteration log . . .
Iteration:     1   Dual objective     =             0.000000
Perturbation started.
Iteration:    51   Dual objective     =             0.000000
Iteration:   199   Dual objective     =             0.000027
Iteration:   309   Dual objective     =             0.000048
Iteration:   417   Dual objective     =             0.012795
Iteration:   541   Dual objective     =             0.016640
Iteration:   674   Dual objective     =             0.022370
Iteration:   780   Dual objective     =             0.022913
Iteration:   885   Dual objective     =             0.022972
Iteration:   998   Dual objective     =             0.023379
Iteration:  1103   Dual objective     =             0.023694
Removing perturbation.
7×3 Matrix{Float64}:
 0.0  1.0  1.0
 0.0  0.0  0.0
 0.0  0.0  0.0
 0.0  0.0  0.0
 0.0  0.0  0.0
 0.0  0.0  0.0
 1.0  0.0  0.0
3-element Vector{Float64}:
 0.47455029466963594
 0.2698436272690435
 0.5718329885545299
3×7 Matrix{Float64}:
 0.0  0.0  0.0  0.0  1.0  0.0  0.0
 0.0  0.0  0.0  0.0  0.0  1.0  1.0
 0.0  0.0  0.0  1.0  0.0  0.0  0.0
3-element Vector{Float64}:
 1.0
 1.0
 1.0
7×3 Matrix{Float64}:
 0.114376   0.114376   0.0273962
 0.0        0.0        0.0
 0.0        0.0        0.0
 0.0        0.0        0.0321407
 0.0        0.0        0.0
 0.0576411  0.0576411  0.0021188
 0.0339568  0.0339568  0.0
3-element Vector{Float64}:
 0.20597374100866378
 0.20597374100866372
 0.06165569626339637
3×7 Matrix{Float64}:
 0.0  0.0  0.0  0.354811  0.356382  0.801131   0.289812
 0.0  0.0  0.0  0.285842  0.288435  0.0845759  0.451123
 0.0  0.0  0.0  0.359347  0.355183  0.114293   0.259065
3-element Vector{Float64}:
 0.20597374100866378
 0.20597374100866372
 0.06165569626339637
a: [0.11437588110682059 0.1143758811068199 0.02739622917904861; 0.0 0.0 0.0; 0.0 0.0 0.0; 0.0 0.0 0.03214066347301749; 0.0 0.0 0.0; 0.05764108568123272 0.05764108568123272 0.002118803611330121; 0.033956774220612884 0.03395677422061105 0.0]
b: [0.20597374100866378, 0.20597374100866372, 0.06165569626339637]
c: [0.0 0.0 0.0 0.35481137608982405 0.3563817261133849 0.8011313306384846 0.2898115813774362; 0.0 0.0 0.0 0.2858416958873824 0.2884351804871199 0.0845758834767597 0.4511230512592375; 0.0 0.0 0.0 0.35934692802279355 0.35518309339949516 0.11429278588475564 0.2590653673633263]
d: [0.20597374100866378, 0.20597374100866372, 0.06165569626339637]
comparison (CRT and Glb)on prediction: Dict{Bool, Int64}(0 => 53, 1 => 0)
Dataname	 time	 objv	 lb	 gap	 train_w	 train_g	 test_w	 test_g
/work_bgfs/n/navarrodelacruz/odt/optimal_decision_tree/augmented_datasets/seeds/seeds_852.seeds	 33.8	 0.023680158914036135	 N/A	 N/A	 88.889	 0.0	 98.113	 0.0
