Running 6 processes.
Start training /work_bgfs/n/navarrodelacruz/odt/optimal_decision_tree/augmented_datasets/seeds/seeds_407.seeds with seed 1.
Any[]
(7, 206)
(7, 102)
(7, 51)
(7, 53)
dimension: 7, class: 3
cart cost: 35.97608695652176
size of X: (7, 153)
Using method: Global linear DT optimization
Version identifier: 20.1.0.0 | 2020-11-10 | 9bedb6d68
CPXPARAM_Threads                                 1
CPXPARAM_TimeLimit                               72000
Tried aggregator 1 time.
No LP presolve or aggregator reductions.
Presolve time = 0.01 sec. (3.39 ticks)
Initializing dual steep norms . . .

Iteration log . . .
Iteration:     1   Dual objective     =             0.000000
Perturbation started.
Iteration:    51   Dual objective     =             0.000000
Iteration:   239   Dual objective     =             0.000042
Iteration:   360   Dual objective     =             0.013166
Iteration:   487   Dual objective     =             0.016374
Iteration:   612   Dual objective     =             0.021952
Iteration:   766   Dual objective     =             0.023234
Iteration:   887   Dual objective     =             0.023634
Iteration:  1000   Dual objective     =             0.023719
Iteration:  1113   Dual objective     =             0.023717
Removing perturbation.
7×3 Matrix{Float64}:
 0.0  1.0  0.0
 0.0  0.0  0.0
 0.0  0.0  1.0
 0.0  0.0  0.0
 0.0  0.0  0.0
 0.0  0.0  0.0
 1.0  0.0  0.0
3-element Vector{Float64}:
 0.49805331398730446
 0.2715855288167097
 0.7285413185612519
3×7 Matrix{Float64}:
 0.0  0.0  0.0  0.0  1.0  0.0  0.0
 0.0  0.0  0.0  0.0  0.0  1.0  1.0
 0.0  0.0  0.0  1.0  0.0  0.0  0.0
3-element Vector{Float64}:
 1.0
 1.0
 1.0
7×3 Matrix{Float64}:
 0.0792663   0.0792663   0.0
 0.0         0.0         0.0
 0.0         0.0         0.0
 0.00131581  0.00131581  0.0
 0.0         0.0         0.0
 0.0576144   0.0576144   0.0388774
 0.0657229   0.0657229   0.0269476
3-element Vector{Float64}:
 0.20391946169721692
 0.2039194616972168
 0.06582501046595096
3×7 Matrix{Float64}:
 0.0  0.0  0.0  0.353918  0.366963  0.118099  0.274874
 0.0  0.0  0.0  0.290001  0.28145   0.105875  0.433187
 0.0  0.0  0.0  0.356081  0.351588  0.776027  0.291938
3-element Vector{Float64}:
 0.20391946169721692
 0.2039194616972168
 0.06582501046595096
a: [0.0792662989512451 0.0792662989512453 0.0; 0.0 0.0 0.0; 0.0 0.0 0.0; 0.0013158097741856056 0.001315809774184662 0.0; 0.0 0.0 0.0; 0.05761444291619873 0.057614442916198494 0.038877440081102416; 0.06572291005558746 0.06572291005558833 0.02694757038484849]
b: [0.20391946169721692, 0.2039194616972168, 0.06582501046595096]
c: [0.0 0.0 0.0 0.35391777527467605 0.3669627248392924 0.11809866714709594 0.2748741458082609; 0.0 0.0 0.0 0.29000091353086843 0.28144951214784775 0.1058746191939534 0.4331874985412232; 0.0 0.0 0.0 0.3560813111944555 0.3515877630128599 0.7760267136589507 0.29193835565051596]
d: [0.20391946169721692, 0.2039194616972168, 0.06582501046595096]
comparison (CRT and Glb)on prediction: Dict{Bool, Int64}(0 => 53, 1 => 0)
Dataname	 time	 objv	 lb	 gap	 train_w	 train_g	 test_w	 test_g
/work_bgfs/n/navarrodelacruz/odt/optimal_decision_tree/augmented_datasets/seeds/seeds_407.seeds	 27.84	 0.023683196693019243	 N/A	 N/A	 92.157	 0.0	 92.453	 0.0
