Running 6 processes.
Start training /work_bgfs/n/navarrodelacruz/odt/optimal_decision_tree/augmented_datasets/seeds/seeds_487.seeds with seed 1.
Any[]
(7, 206)
(7, 102)
(7, 51)
(7, 53)
dimension: 7, class: 3
cart cost: 41.947101449275365
size of X: (7, 153)
Using method: Global linear DT optimization
Version identifier: 20.1.0.0 | 2020-11-10 | 9bedb6d68
CPXPARAM_Threads                                 1
CPXPARAM_TimeLimit                               72000
Tried aggregator 1 time.
No LP presolve or aggregator reductions.
Presolve time = 0.01 sec. (3.38 ticks)
Initializing dual steep norms . . .

Iteration log . . .
Iteration:     1   Dual objective     =             0.000000
Perturbation started.
Iteration:    51   Dual objective     =             0.000000
Iteration:   242   Dual objective     =             0.000043
Iteration:   381   Dual objective     =             0.006227
Iteration:   508   Dual objective     =             0.016122
Iteration:   643   Dual objective     =             0.021753
Iteration:   762   Dual objective     =             0.023057
Iteration:   862   Dual objective     =             0.023475
Iteration:   970   Dual objective     =             0.023585
Iteration:  1071   Dual objective     =             0.023587
Iteration:  1183   Dual objective     =             0.023599
Removing perturbation.
7×3 Matrix{Float64}:
 0.0  1.0  0.0
 0.0  0.0  0.0
 0.0  0.0  0.0
 0.0  0.0  0.0
 0.0  0.0  0.0
 0.0  0.0  1.0
 1.0  0.0  0.0
3-element Vector{Float64}:
 0.5304006243158661
 0.26116051963678333
 0.19380398323037198
3×7 Matrix{Float64}:
 0.0  0.0  0.0  0.0  1.0  0.0  0.0
 0.0  0.0  0.0  0.0  0.0  1.0  1.0
 0.0  0.0  0.0  1.0  0.0  0.0  0.0
3-element Vector{Float64}:
 1.0
 1.0
 1.0
7×3 Matrix{Float64}:
 0.105091    0.105091    0.0
 0.0         0.0         0.0
 0.00466368  0.00466368  0.0
 0.0153275   0.0153275   0.0
 0.0         0.0         0.0
 0.0473778   0.0473778   0.0285491
 0.0331626   0.0331626   0.0316764
3-element Vector{Float64}:
 0.20562222948544925
 0.20562222948544923
 0.06022546931338747
3×7 Matrix{Float64}:
 0.0  0.0  0.0  0.352926  0.361243  0.805346   0.288277
 0.0  0.0  0.0  0.287899  0.273789  0.0910228  0.442584
 0.0  0.0  0.0  0.359174  0.364968  0.103631   0.269138
3-element Vector{Float64}:
 0.20562222948544925
 0.20562222948544923
 0.06022546931338747
a: [0.10509070192728844 0.10509070192728712 0.0; 0.0 0.0 0.0; 0.004663683945548058 0.00466368394554828 0.0; 0.015327470206844971 0.015327470206846064 0.0; 0.0 0.0 0.0; 0.04737775335475888 0.04737775335475822 0.028549083127005714; 0.033162620051008965 0.03316262005100956 0.03167638618638176]
b: [0.20562222948544925, 0.20562222948544923, 0.06022546931338747]
c: [0.0 0.0 0.0 0.3529264234428072 0.3612425251539898 0.8053464809862045 0.2882772931935248; 0.0 0.0 0.0 0.287899243840252 0.2737890253975491 0.09102279125920176 0.44258427933313693; 0.0 0.0 0.0 0.3591743327169407 0.3649684494484611 0.10363072775459369 0.26913842747333827]
d: [0.20562222948544925, 0.20562222948544923, 0.06022546931338747]
comparison (CRT and Glb)on prediction: Dict{Bool, Int64}(0 => 53, 1 => 0)
Dataname	 time	 objv	 lb	 gap	 train_w	 train_g	 test_w	 test_g
/work_bgfs/n/navarrodelacruz/odt/optimal_decision_tree/augmented_datasets/seeds/seeds_487.seeds	 27.26	 0.0235734964142143	 N/A	 N/A	 90.85	 0.0	 94.34	 0.0
