Running 6 processes.
Start training /work_bgfs/n/navarrodelacruz/odt/optimal_decision_tree/augmented_datasets/seeds/seeds_560.seeds with seed 1.
Any[]
(7, 206)
(7, 103)
(7, 52)
(7, 51)
dimension: 7, class: 3
cart cost: 44.29285714285715
size of X: (7, 155)
Using method: Global linear DT optimization
Version identifier: 20.1.0.0 | 2020-11-10 | 9bedb6d68
CPXPARAM_Threads                                 1
CPXPARAM_TimeLimit                               72000
Tried aggregator 1 time.
No LP presolve or aggregator reductions.
Presolve time = 0.01 sec. (3.46 ticks)
Initializing dual steep norms . . .

Iteration log . . .
Iteration:     1   Dual objective     =             0.000000
Perturbation started.
Iteration:    51   Dual objective     =             0.000000
Iteration:   249   Dual objective     =             0.000042
Iteration:   352   Dual objective     =             0.015399
Iteration:   474   Dual objective     =             0.016727
Iteration:   603   Dual objective     =             0.022163
Iteration:   711   Dual objective     =             0.023473
Iteration:   822   Dual objective     =             0.023475
Iteration:   929   Dual objective     =             0.023720
Iteration:  1041   Dual objective     =             0.023721
Iteration:  1161   Dual objective     =             0.023751
Removing perturbation.
7×3 Matrix{Float64}:
 0.0  1.0  0.0
 0.0  0.0  1.0
 0.0  0.0  0.0
 0.0  0.0  0.0
 0.0  0.0  0.0
 0.0  0.0  0.0
 1.0  0.0  0.0
3-element Vector{Float64}:
 0.5301845660224893
 0.2697089504363262
 0.6347907012276344
3×7 Matrix{Float64}:
 0.0  0.0  0.0  0.0  1.0  0.0  0.0
 0.0  0.0  0.0  0.0  0.0  1.0  1.0
 0.0  0.0  0.0  1.0  0.0  0.0  0.0
3-element Vector{Float64}:
 1.0
 1.0
 1.0
7×3 Matrix{Float64}:
 0.0318429  0.0318429  0.0
 0.0        0.0        0.0
 0.0389663  0.0389663  0.00659986
 0.0        0.0        0.0
 0.0        0.0        0.0
 0.0354032  0.0354032  0.00863579
 0.103869   0.103869   0.0389276
3-element Vector{Float64}:
 0.21008104642949826
 0.21008104642949832
 0.05416322709244781
3×7 Matrix{Float64}:
 0.0  0.0  0.0  0.351203  0.355372  0.834587   0.293425
 0.0  0.0  0.0  0.294853  0.292476  0.0755931  0.440332
 0.0  0.0  0.0  0.353943  0.352152  0.0898201  0.266243
3-element Vector{Float64}:
 0.21008104642949826
 0.21008104642949832
 0.05416322709244781
a: [0.03184291389486471 0.031842913894864065 0.0; 0.0 0.0 0.0; 0.038966332557299366 0.03896633255729969 0.00659985875367114; 0.0 0.0 0.0; 0.0 0.0 0.0; 0.03540320847807882 0.035403208478078804 0.00863578770060248; 0.10386859149925537 0.10386859149925577 0.03892758063817419]
b: [0.21008104642949826, 0.21008104642949832, 0.05416322709244781]
c: [0.0 0.0 0.0 0.3512034239494911 0.35537191327918405 0.834586848894528 0.2934246627713249; 0.0 0.0 0.0 0.294853403742808 0.2924760508249404 0.07559307578308798 0.44033213828415096; 0.0 0.0 0.0 0.3539431723077009 0.35215203589587557 0.08982007532238404 0.2662431989445242]
d: [0.21008104642949826, 0.21008104642949832, 0.05416322709244781]
comparison (CRT and Glb)on prediction: Dict{Bool, Int64}(0 => 51, 1 => 0)
Dataname	 time	 objv	 lb	 gap	 train_w	 train_g	 test_w	 test_g
/work_bgfs/n/navarrodelacruz/odt/optimal_decision_tree/augmented_datasets/seeds/seeds_560.seeds	 27.36	 0.023716265997572223	 N/A	 N/A	 90.323	 0.0	 92.157	 0.0
