Running 6 processes.
Start training /work_bgfs/n/navarrodelacruz/odt/optimal_decision_tree/augmented_datasets/seeds/seeds_484.seeds with seed 1.
Any[]
(7, 206)
(7, 102)
(7, 51)
(7, 53)
dimension: 7, class: 3
cart cost: 41.947101449275365
size of X: (7, 153)
Using method: Global linear DT optimization
Version identifier: 20.1.0.0 | 2020-11-10 | 9bedb6d68
CPXPARAM_Threads                                 1
CPXPARAM_TimeLimit                               72000
Tried aggregator 1 time.
No LP presolve or aggregator reductions.
Presolve time = 0.01 sec. (3.43 ticks)
Initializing dual steep norms . . .

Iteration log . . .
Iteration:     1   Dual objective     =             0.000000
Perturbation started.
Iteration:    51   Dual objective     =             0.000000
Iteration:   192   Dual objective     =             0.000030
Iteration:   337   Dual objective     =             0.007223
Iteration:   483   Dual objective     =             0.016089
Iteration:   621   Dual objective     =             0.021952
Iteration:   744   Dual objective     =             0.022670
Iteration:   850   Dual objective     =             0.022861
Iteration:   961   Dual objective     =             0.022963
Iteration:  1060   Dual objective     =             0.023252
Iteration:  1174   Dual objective     =             0.023258
Iteration:  1293   Dual objective     =             0.023405
Removing perturbation.
7×3 Matrix{Float64}:
 0.0  1.0  0.0
 0.0  0.0  1.0
 0.0  0.0  0.0
 0.0  0.0  0.0
 0.0  0.0  0.0
 0.0  0.0  0.0
 1.0  0.0  0.0
3-element Vector{Float64}:
 0.47258670407013037
 0.2606163240082493
 0.626934413464243
3×7 Matrix{Float64}:
 0.0  0.0  0.0  0.0  1.0  0.0  0.0
 0.0  0.0  0.0  0.0  0.0  1.0  1.0
 0.0  0.0  0.0  1.0  0.0  0.0  0.0
3-element Vector{Float64}:
 1.0
 1.0
 1.0
7×3 Matrix{Float64}:
 0.068365   0.068365   0.0
 0.0        0.0        0.0
 0.0494772  0.0494772  0.0235826
 0.0496094  0.0496094  0.0
 0.0        0.0        0.0
 0.0395833  0.0395833  0.0298747
 0.0        0.0        0.0
3-element Vector{Float64}:
 0.2070348083946293
 0.20703480839462932
 0.0534573035180204
3×7 Matrix{Float64}:
 0.0  0.0  0.0  0.346731  0.344278  0.831765   0.286638
 0.0  0.0  0.0  0.292699  0.301675  0.0871797  0.436296
 0.0  0.0  0.0  0.360571  0.354047  0.0810552  0.277065
3-element Vector{Float64}:
 0.2070348083946293
 0.20703480839462932
 0.0534573035180204
a: [0.06836498436135242 0.06836498436135229 0.0; 0.0 0.0 0.0; 0.049477216415383496 0.04947721641538427 0.023582599534310415; 0.0496093510998421 0.04960935109984172 0.0; 0.0 0.0 0.0; 0.03958325651805127 0.03958325651805113 0.029874703983709977; 0.0 0.0 0.0]
b: [0.2070348083946293, 0.20703480839462932, 0.0534573035180204]
c: [0.0 0.0 0.0 0.346730542567536 0.3442784216342691 0.8317650881283184 0.2866383507950015; 0.0 0.0 0.0 0.2926989195919525 0.3016749917110722 0.08717974278378796 0.4362964978738967; 0.0 0.0 0.0 0.36057053784051146 0.35404658665465866 0.08105516908789363 0.2770651513311019]
d: [0.2070348083946293, 0.20703480839462932, 0.0534573035180204]
comparison (CRT and Glb)on prediction: Dict{Bool, Int64}(0 => 53, 1 => 0)
Dataname	 time	 objv	 lb	 gap	 train_w	 train_g	 test_w	 test_g
/work_bgfs/n/navarrodelacruz/odt/optimal_decision_tree/augmented_datasets/seeds/seeds_484.seeds	 33.06	 0.023376346015363952	 N/A	 N/A	 90.85	 0.0	 86.792	 0.0
