Running 6 processes.
Start training /work_bgfs/n/navarrodelacruz/odt/optimal_decision_tree/augmented_datasets/seeds/seeds_83.seeds with seed 1.
Any[]
(7, 206)
(7, 102)
(7, 51)
(7, 53)
dimension: 7, class: 3
cart cost: 41.947101449275365
size of X: (7, 153)
Using method: Global linear DT optimization
Version identifier: 20.1.0.0 | 2020-11-10 | 9bedb6d68
CPXPARAM_Threads                                 1
CPXPARAM_TimeLimit                               72000
Tried aggregator 1 time.
No LP presolve or aggregator reductions.
Presolve time = 0.01 sec. (3.39 ticks)
Initializing dual steep norms . . .

Iteration log . . .
Iteration:     1   Dual objective     =             0.000000
Perturbation started.
Iteration:    51   Dual objective     =             0.000000
Iteration:   222   Dual objective     =             0.000032
Iteration:   354   Dual objective     =             0.006005
Iteration:   481   Dual objective     =             0.008375
Iteration:   595   Dual objective     =             0.011426
Iteration:   745   Dual objective     =             0.012581
Iteration:   890   Dual objective     =             0.018748
Iteration:  1047   Dual objective     =             0.019600
Iteration:  1208   Dual objective     =             0.021897
Iteration:  1332   Dual objective     =             0.022675
Iteration:  1441   Dual objective     =             0.023127
Iteration:  1538   Dual objective     =             0.023135
Iteration:  1645   Dual objective     =             0.023196
Iteration:  1745   Dual objective     =             0.023383
Iteration:  1856   Dual objective     =             0.023384
Iteration:  1968   Dual objective     =             0.023552
Removing perturbation.
7×3 Matrix{Float64}:
 0.0  1.0  0.0
 0.0  0.0  0.0
 0.0  0.0  0.0
 0.0  0.0  0.0
 0.0  0.0  0.0
 0.0  0.0  1.0
 1.0  0.0  0.0
3-element Vector{Float64}:
 0.5091280184499978
 0.27131968620737895
 0.1820678978520538
3×7 Matrix{Float64}:
 0.0  0.0  0.0  0.0  1.0  0.0  0.0
 0.0  0.0  0.0  0.0  0.0  1.0  1.0
 0.0  0.0  0.0  1.0  0.0  0.0  0.0
3-element Vector{Float64}:
 1.0
 1.0
 1.0
7×3 Matrix{Float64}:
 0.00972765  0.00972765  0.0
 0.0         0.0         0.0
 0.0210892   0.0210892   0.0
 0.0         0.0         0.0
 0.0         0.0         0.0
 0.0677807   0.0677807   0.0306139
 0.107606    0.107606    0.0276
3-element Vector{Float64}:
 0.2062036019133301
 0.20620360191333023
 0.05821389407262689
3×7 Matrix{Float64}:
 0.0  0.0  0.0  0.362137  0.364966  0.809859   0.280496
 0.0  0.0  0.0  0.297635  0.297028  0.0926104  0.40206
 0.0  0.0  0.0  0.340228  0.338006  0.0975311  0.317444
3-element Vector{Float64}:
 0.2062036019133301
 0.20620360191333023
 0.05821389407262689
a: [0.009727653191578034 0.009727653191576383 0.0; 0.0 0.0 0.0; 0.021089227763967704 0.0210892277639666 0.0; 0.0 0.0 0.0; 0.0 0.0 0.0; 0.06778072551939554 0.06778072551939558 0.03061390301884674; 0.10760599543838888 0.10760599543839167 0.027599991053780082]
b: [0.2062036019133301, 0.20620360191333023, 0.05821389407262689]
c: [0.0 0.0 0.0 0.36213681464570296 0.36496623281955987 0.8098585533983393 0.2804963358573349; 0.0 0.0 0.0 0.2976353797445132 0.29702782121029614 0.09261035253347927 0.4020596115613112; 0.0 0.0 0.0 0.3402278056097838 0.338005945970144 0.09753109406818135 0.3174440525813539]
d: [0.2062036019133301, 0.20620360191333023, 0.05821389407262689]
comparison (CRT and Glb)on prediction: Dict{Bool, Int64}(0 => 53, 1 => 0)
Dataname	 time	 objv	 lb	 gap	 train_w	 train_g	 test_w	 test_g
/work_bgfs/n/navarrodelacruz/odt/optimal_decision_tree/augmented_datasets/seeds/seeds_83.seeds	 27.53	 0.023531054894964355	 N/A	 N/A	 90.85	 0.0	 92.453	 0.0
