Running 6 processes.
Start training /work_bgfs/n/navarrodelacruz/odt/optimal_decision_tree/augmented_datasets/seeds/seeds_788.seeds with seed 1.
Any[]
(7, 206)
(7, 103)
(7, 52)
(7, 51)
dimension: 7, class: 3
cart cost: 38.40714285714285
size of X: (7, 155)
Using method: Global linear DT optimization
Version identifier: 20.1.0.0 | 2020-11-10 | 9bedb6d68
CPXPARAM_Threads                                 1
CPXPARAM_TimeLimit                               72000
Tried aggregator 1 time.
No LP presolve or aggregator reductions.
Presolve time = 0.01 sec. (3.45 ticks)
Initializing dual steep norms . . .

Iteration log . . .
Iteration:     1   Dual objective     =             0.000000
Perturbation started.
Iteration:    51   Dual objective     =             0.000000
Iteration:   246   Dual objective     =             0.000040
Iteration:   384   Dual objective     =             0.013223
Iteration:   532   Dual objective     =             0.016148
Iteration:   640   Dual objective     =             0.021759
Iteration:   763   Dual objective     =             0.022619
Iteration:   880   Dual objective     =             0.023578
Iteration:   985   Dual objective     =             0.023579
Removing perturbation.
7×3 Matrix{Float64}:
 0.0  1.0  0.0
 0.0  0.0  0.0
 0.0  0.0  0.0
 0.0  0.0  0.0
 0.0  0.0  0.0
 0.0  0.0  1.0
 1.0  0.0  0.0
3-element Vector{Float64}:
 0.5469234344504035
 0.26001617113439274
 0.19213658643960252
3×7 Matrix{Float64}:
 0.0  0.0  0.0  0.0  1.0  0.0  0.0
 0.0  0.0  0.0  0.0  0.0  1.0  1.0
 0.0  0.0  0.0  1.0  0.0  0.0  0.0
3-element Vector{Float64}:
 1.0
 1.0
 1.0
7×3 Matrix{Float64}:
 0.121849   0.121849   0.0266386
 0.0        0.0        0.0
 0.0        0.0        0.0
 0.0408809  0.0408809  0.0212653
 0.0        0.0        0.0
 0.0418707  0.0418707  0.0135891
 0.0        0.0        0.0
3-element Vector{Float64}:
 0.2046004647998392
 0.20460046479983923
 0.06149311460080249
3×7 Matrix{Float64}:
 0.0  0.0  0.0  0.346888  0.349668  0.80509    0.29571
 0.0  0.0  0.0  0.287857  0.277571  0.0867522  0.465942
 0.0  0.0  0.0  0.365255  0.372762  0.108158   0.238348
3-element Vector{Float64}:
 0.2046004647998392
 0.20460046479983923
 0.06149311460080249
a: [0.12184891530673603 0.12184891530673586 0.02663864864128562; 0.0 0.0 0.0; 0.0 0.0 0.0; 0.04088088441124047 0.0408808844112406 0.02126531723940192; 0.0 0.0 0.0; 0.04187066508186271 0.04187066508186277 0.013589148720114954; 0.0 0.0 0.0]
b: [0.2046004647998392, 0.20460046479983923, 0.06149311460080249]
c: [0.0 0.0 0.0 0.3468879941529059 0.349667678056002 0.8050897270514856 0.2957096169534563; 0.0 0.0 0.0 0.2878565802182678 0.2775705096599302 0.08675222472099722 0.4659424387965777; 0.0 0.0 0.0 0.36525542562882624 0.37276181228406785 0.10815804822751714 0.23834794424996597]
d: [0.2046004647998392, 0.20460046479983923, 0.06149311460080249]
comparison (CRT and Glb)on prediction: Dict{Bool, Int64}(0 => 51, 1 => 0)
Dataname	 time	 objv	 lb	 gap	 train_w	 train_g	 test_w	 test_g
/work_bgfs/n/navarrodelacruz/odt/optimal_decision_tree/augmented_datasets/seeds/seeds_788.seeds	 27.66	 0.023534702210024048	 N/A	 N/A	 91.613	 0.0	 94.118	 0.0
