Running 6 processes.
Start training /work_bgfs/n/navarrodelacruz/odt/optimal_decision_tree/augmented_datasets/seeds/seeds_241.seeds with seed 1.
Any[]
(7, 206)
(7, 103)
(7, 52)
(7, 51)
dimension: 7, class: 3
cart cost: 41.35
size of X: (7, 155)
Using method: Global linear DT optimization
Version identifier: 20.1.0.0 | 2020-11-10 | 9bedb6d68
CPXPARAM_Threads                                 1
CPXPARAM_TimeLimit                               72000
Tried aggregator 1 time.
No LP presolve or aggregator reductions.
Presolve time = 0.01 sec. (3.45 ticks)
Initializing dual steep norms . . .

Iteration log . . .
Iteration:     1   Dual objective     =             0.000000
Perturbation started.
Iteration:    51   Dual objective     =             0.000000
Iteration:   180   Dual objective     =             0.000030
Iteration:   319   Dual objective     =             0.000056
Iteration:   448   Dual objective     =             0.015046
Iteration:   574   Dual objective     =             0.020915
Iteration:   716   Dual objective     =             0.022194
Iteration:   824   Dual objective     =             0.022791
Iteration:   951   Dual objective     =             0.023604
Iteration:  1058   Dual objective     =             0.023720
Iteration:  1165   Dual objective     =             0.023721
Iteration:  1289   Dual objective     =             0.023828
Removing perturbation.
7×3 Matrix{Float64}:
 0.0  1.0  0.0
 0.0  0.0  0.0
 0.0  0.0  0.0
 0.0  0.0  0.0
 0.0  0.0  0.0
 0.0  0.0  1.0
 1.0  0.0  0.0
3-element Vector{Float64}:
 0.5692928844235665
 0.26940942639843696
 0.20066386903819744
3×7 Matrix{Float64}:
 0.0  0.0  0.0  0.0  1.0  0.0  0.0
 0.0  0.0  0.0  0.0  0.0  1.0  1.0
 0.0  0.0  0.0  1.0  0.0  0.0  0.0
3-element Vector{Float64}:
 1.0
 1.0
 1.0
7×3 Matrix{Float64}:
 0.0798703  0.0798703  0.0
 0.0        0.0        0.0
 0.0184245  0.0184245  0.00848368
 0.0741795  0.0741795  0.0284222
 0.0        0.0        0.0
 0.0361603  0.0361603  0.021614
 0.0        0.0        0.0
3-element Vector{Float64}:
 0.20863448896587725
 0.20863448896587727
 0.05851984582837797
3×7 Matrix{Float64}:
 0.0  0.0  0.0  0.346859  0.352569  0.807808   0.297199
 0.0  0.0  0.0  0.285294  0.275373  0.0934435  0.448306
 0.0  0.0  0.0  0.367847  0.372058  0.0987484  0.254495
3-element Vector{Float64}:
 0.20863448896587725
 0.20863448896587727
 0.05851984582837797
a: [0.07987026331758433 0.07987026331758436 0.0; 0.0 0.0 0.0; 0.01842446060144055 0.01842446060144054 0.008483680706226591; 0.07417950551950246 0.0741795055195025 0.02842218227592128; 0.0 0.0 0.0; 0.03616025952734987 0.03616025952734991 0.02161398284623013; 0.0 0.0 0.0]
b: [0.20863448896587725, 0.20863448896587727, 0.05851984582837797]
c: [0.0 0.0 0.0 0.3468587626628851 0.35256899635279537 0.8078081511205065 0.2971989999373835; 0.0 0.0 0.0 0.28529428086891967 0.27537295700266695 0.09344349259436383 0.44830640469168515; 0.0 0.0 0.0 0.36784695646819526 0.3720580466445377 0.09874835628512968 0.25449459537093133]
d: [0.20863448896587725, 0.20863448896587727, 0.05851984582837797]
comparison (CRT and Glb)on prediction: Dict{Bool, Int64}(0 => 51, 1 => 0)
Dataname	 time	 objv	 lb	 gap	 train_w	 train_g	 test_w	 test_g
/work_bgfs/n/navarrodelacruz/odt/optimal_decision_tree/augmented_datasets/seeds/seeds_241.seeds	 28.23	 0.02378944118800662	 N/A	 N/A	 90.968	 0.0	 94.118	 0.0
