Running 6 processes.
Start training /work_bgfs/n/navarrodelacruz/odt/optimal_decision_tree/augmented_datasets/seeds/seeds_985.seeds with seed 1.
Any[]
(7, 206)
(7, 102)
(7, 51)
(7, 53)
dimension: 7, class: 3
cart cost: 41.947101449275365
size of X: (7, 153)
Using method: Global linear DT optimization
Version identifier: 20.1.0.0 | 2020-11-10 | 9bedb6d68
CPXPARAM_Threads                                 1
CPXPARAM_TimeLimit                               72000
Tried aggregator 1 time.
No LP presolve or aggregator reductions.
Presolve time = 0.01 sec. (3.38 ticks)
Initializing dual steep norms . . .

Iteration log . . .
Iteration:     1   Dual objective     =             0.000000
Perturbation started.
Iteration:    51   Dual objective     =             0.000000
Iteration:   203   Dual objective     =             0.000031
Iteration:   337   Dual objective     =             0.000057
Iteration:   451   Dual objective     =             0.020759
Iteration:   568   Dual objective     =             0.022293
Iteration:   680   Dual objective     =             0.023271
Iteration:   783   Dual objective     =             0.023522
Iteration:   900   Dual objective     =             0.023670
Removing perturbation.
7×3 Matrix{Float64}:
 0.0  1.0  0.0
 0.0  0.0  0.0
 0.0  0.0  0.0
 0.0  0.0  0.0
 0.0  0.0  0.0
 0.0  0.0  1.0
 1.0  0.0  0.0
3-element Vector{Float64}:
 0.5006652489434322
 0.28239991972253853
 0.1899265139366558
3×7 Matrix{Float64}:
 0.0  0.0  0.0  0.0  1.0  0.0  0.0
 0.0  0.0  0.0  0.0  0.0  1.0  1.0
 0.0  0.0  0.0  1.0  0.0  0.0  0.0
3-element Vector{Float64}:
 1.0
 1.0
 1.0
7×3 Matrix{Float64}:
 0.105554   0.105554   0.0
 0.0        0.0        0.0
 0.0012707  0.0012707  0.0
 0.0        0.0        0.0
 0.0        0.0        0.0
 0.066519   0.066519   0.00625604
 0.033676   0.033676   0.0524297
3-element Vector{Float64}:
 0.2070192396768627
 0.20701923967686275
 0.05868569665085742
3×7 Matrix{Float64}:
 0.0  0.0  0.0  0.354378  0.356838  0.818351   0.28164
 0.0  0.0  0.0  0.291514  0.284174  0.0801876  0.440968
 0.0  0.0  0.0  0.354108  0.358988  0.101461   0.277392
3-element Vector{Float64}:
 0.2070192396768627
 0.20701923967686275
 0.05868569665085742
a: [0.10555353639305856 0.10555353639305902 0.0; 0.0 0.0 0.0; 0.0012707012902630366 0.0012707012902626325 0.0; 0.0 0.0 0.0; 0.0 0.0 0.0; 0.06651895794170702 0.06651895794170738 0.006256044476677075; 0.033676044051834095 0.03367604405183387 0.052429652174180386]
b: [0.2070192396768627, 0.20701923967686275, 0.05868569665085742]
c: [0.0 0.0 0.0 0.35437840854268127 0.35683759122780834 0.8183514574815803 0.2816403494357116; 0.0 0.0 0.0 0.2915138441091752 0.2841742445331068 0.08018763948464044 0.44096803740609386; 0.0 0.0 0.0 0.3541077473481436 0.35898816423908486 0.10146090303377917 0.27739161315819455]
d: [0.2070192396768627, 0.20701923967686275, 0.05868569665085742]
comparison (CRT and Glb)on prediction: Dict{Bool, Int64}(0 => 53, 1 => 0)
Dataname	 time	 objv	 lb	 gap	 train_w	 train_g	 test_w	 test_g
/work_bgfs/n/navarrodelacruz/odt/optimal_decision_tree/augmented_datasets/seeds/seeds_985.seeds	 27.74	 0.023636208800229146	 N/A	 N/A	 90.85	 0.0	 92.453	 0.0
