Running 6 processes.
Start training /work_bgfs/n/navarrodelacruz/odt/optimal_decision_tree/augmented_datasets/seeds/seeds_26.seeds with seed 1.
Any[]
(7, 206)
(7, 103)
(7, 52)
(7, 51)
dimension: 7, class: 3
cart cost: 38.357142857142854
size of X: (7, 155)
Using method: Global linear DT optimization
Version identifier: 20.1.0.0 | 2020-11-10 | 9bedb6d68
CPXPARAM_Threads                                 1
CPXPARAM_TimeLimit                               1728000
Tried aggregator 1 time.
No LP presolve or aggregator reductions.
Presolve time = 0.01 sec. (3.46 ticks)
Initializing dual steep norms . . .

Iteration log . . .
Iteration:     1   Dual objective     =             0.000000
Perturbation started.
Iteration:    51   Dual objective     =             0.000000
Iteration:   186   Dual objective     =             0.000026
Iteration:   334   Dual objective     =             0.000057
Iteration:   473   Dual objective     =             0.008936
Iteration:   612   Dual objective     =             0.015805
Iteration:   743   Dual objective     =             0.017170
Iteration:   874   Dual objective     =             0.017193
Iteration:  1035   Dual objective     =             0.018285
Iteration:  1165   Dual objective     =             0.019137
Iteration:  1306   Dual objective     =             0.020005
Iteration:  1457   Dual objective     =             0.023125
Iteration:  1561   Dual objective     =             0.023195
Iteration:  1662   Dual objective     =             0.023380
Iteration:  1780   Dual objective     =             0.023710
Removing perturbation.
7×3 Matrix{Float64}:
 0.0  1.0  0.0
 0.0  0.0  0.0
 0.0  0.0  0.0
 0.0  0.0  0.0
 0.0  0.0  0.0
 0.0  0.0  0.0
 1.0  0.0  0.0
3-element Vector{Float64}:
 0.5551541975900784
 0.2677332468762214
 0.0
3×7 Matrix{Float64}:
 0.0  0.0  0.0  0.0  1.0  0.0  0.0
 0.0  0.0  0.0  0.0  0.0  0.0  1.0
 0.0  0.0  0.0  1.0  0.0  0.0  0.0
3-element Vector{Float64}:
 1.0
 1.0
 0.0
7×3 Matrix{Float64}:
 0.110079   0.110079   0.0
 0.0        0.0        0.0
 0.0        0.0        0.0
 0.0521131  0.0521131  0.0414544
 0.0        0.0        0.0
 0.0454117  0.0454117  0.017997
 0.0        0.0        0.0
3-element Vector{Float64}:
 0.20760398081833284
 0.20760398081833278
 0.059451369156733505
3×7 Matrix{Float64}:
 0.0  0.0  0.0  0.348394  0.361123  0.809653   0.289779
 0.0  0.0  0.0  0.285214  0.262031  0.0883265  0.456697
 0.0  0.0  0.0  0.366392  0.376846  0.102021   0.253524
3-element Vector{Float64}:
 0.20760398081833284
 0.20760398081833278
 0.059451369156733505
a: [0.11007923877490128 0.11007923877490118 0.0; 0.0 0.0 0.0; 0.0 0.0 0.0; 0.05211307184856689 0.05211307184856695 0.0414544146027153; 0.0 0.0 0.0; 0.04541167019486469 0.04541167019486461 0.017996954554018195; 0.0 0.0 0.0]
b: [0.20760398081833284, 0.20760398081833278, 0.059451369156733505]
c: [0.0 0.0 0.0 0.348394283399369 0.361123214518687 0.8096528261922014 0.2897792505424192; 0.0 0.0 0.0 0.28521404578732884 0.2620306997689946 0.088326491058865 0.45669711208767716; 0.0 0.0 0.0 0.3663916708133022 0.37684608571231837 0.10202068274893365 0.2535236373699036]
d: [0.20760398081833284, 0.20760398081833278, 0.059451369156733505]
comparison (CRT and Glb)on prediction: Dict{Bool, Int64}(0 => 51, 1 => 0)
Dataname	 time	 objv	 lb	 gap	 train_w	 train_g	 test_w	 test_g
/work_bgfs/n/navarrodelacruz/odt/optimal_decision_tree/augmented_datasets/seeds/seeds_26.seeds	 32.2	 0.02373296653966996	 N/A	 N/A	 91.613	 0.0	 96.078	 0.0
