Running 6 processes.
Start training /work_bgfs/n/navarrodelacruz/odt/optimal_decision_tree/augmented_datasets/seeds/seeds_63.seeds with seed 1.
Any[]
(7, 206)
(7, 103)
(7, 52)
(7, 51)
dimension: 7, class: 3
cart cost: 35.4642857142857
size of X: (7, 155)
Using method: Global linear DT optimization
Version identifier: 20.1.0.0 | 2020-11-10 | 9bedb6d68
CPXPARAM_Threads                                 1
CPXPARAM_TimeLimit                               72000
Tried aggregator 1 time.
No LP presolve or aggregator reductions.
Presolve time = 0.01 sec. (3.45 ticks)
Initializing dual steep norms . . .

Iteration log . . .
Iteration:     1   Dual objective     =             0.000000
Perturbation started.
Iteration:    51   Dual objective     =             0.000000
Iteration:   198   Dual objective     =             0.000030
Iteration:   322   Dual objective     =             0.000048
Iteration:   454   Dual objective     =             0.010565
Iteration:   597   Dual objective     =             0.016389
Iteration:   725   Dual objective     =             0.021201
Iteration:   843   Dual objective     =             0.021208
Iteration:   960   Dual objective     =             0.022230
Iteration:  1075   Dual objective     =             0.023545
Iteration:  1189   Dual objective     =             0.023682
Iteration:  1297   Dual objective     =             0.023711
Removing perturbation.
7×3 Matrix{Float64}:
 0.0  1.0  0.0
 0.0  0.0  0.0
 0.0  0.0  0.0
 0.0  0.0  0.0
 0.0  0.0  0.0
 0.0  0.0  1.0
 1.0  0.0  0.0
3-element Vector{Float64}:
 0.5122320934704473
 0.2704270951294132
 0.1709753813522985
3×7 Matrix{Float64}:
 0.0  0.0  0.0  0.0  1.0  0.0  0.0
 0.0  0.0  0.0  0.0  0.0  1.0  1.0
 0.0  0.0  0.0  1.0  0.0  0.0  0.0
3-element Vector{Float64}:
 1.0
 1.0
 1.0
7×3 Matrix{Float64}:
 0.0593524  0.0593524  0.0
 0.0        0.0        0.0
 0.0        0.0        0.0
 0.087837   0.087837   0.0568919
 0.0        0.0        0.0
 0.055742   0.055742   0.0107179
 0.0        0.0        0.0
3-element Vector{Float64}:
 0.20293135069511797
 0.202931350695118
 0.067609850480417
3×7 Matrix{Float64}:
 0.0  0.0  0.0  0.351393  0.352849  0.128831  0.295795
 0.0  0.0  0.0  0.28659   0.274617  0.100043  0.447651
 0.0  0.0  0.0  0.362017  0.372534  0.771126  0.256554
3-element Vector{Float64}:
 0.20293135069511797
 0.202931350695118
 0.067609850480417
a: [0.05935235865000882 0.05935235865000883 0.0; 0.0 0.0 0.0; 0.0 0.0 0.0; 0.0878370158767644 0.08783701587676439 0.0568919319924603; 0.0 0.0 0.0; 0.05574197616834478 0.05574197616834478 0.010717918487956703; 0.0 0.0 0.0]
b: [0.20293135069511797, 0.202931350695118, 0.067609850480417]
c: [0.0 0.0 0.0 0.35139299037303806 0.35284899339484266 0.12883137631097108 0.29579478970946166; 0.0 0.0 0.0 0.28658970722739463 0.2746174177963634 0.10004301686896078 0.44765073376081715; 0.0 0.0 0.0 0.3620173023995673 0.37253358880879395 0.7711256068200681 0.25655447652972113]
d: [0.20293135069511797, 0.202931350695118, 0.067609850480417]
comparison (CRT and Glb)on prediction: Dict{Bool, Int64}(0 => 51, 1 => 0)
Dataname	 time	 objv	 lb	 gap	 train_w	 train_g	 test_w	 test_g
/work_bgfs/n/navarrodelacruz/odt/optimal_decision_tree/augmented_datasets/seeds/seeds_63.seeds	 27.32	 0.023673627593532653	 N/A	 N/A	 92.258	 0.0	 90.196	 0.0
