Running 6 processes.
Start training /work_bgfs/n/navarrodelacruz/odt/optimal_decision_tree/augmented_datasets/seeds/seeds_692.seeds with seed 1.
Any[]
(7, 206)
(7, 102)
(7, 51)
(7, 53)
dimension: 7, class: 3
cart cost: 41.947101449275365
size of X: (7, 153)
Using method: Global linear DT optimization
Version identifier: 20.1.0.0 | 2020-11-10 | 9bedb6d68
CPXPARAM_Threads                                 1
CPXPARAM_TimeLimit                               72000
Tried aggregator 1 time.
No LP presolve or aggregator reductions.
Presolve time = 0.01 sec. (3.39 ticks)
Initializing dual steep norms . . .

Iteration log . . .
Iteration:     1   Dual objective     =             0.000000
Perturbation started.
Iteration:    51   Dual objective     =             0.000000
Iteration:   178   Dual objective     =             0.000018
Iteration:   310   Dual objective     =             0.000035
Iteration:   436   Dual objective     =             0.006406
Iteration:   579   Dual objective     =             0.010790
Iteration:   725   Dual objective     =             0.013091
Iteration:   883   Dual objective     =             0.018280
Iteration:  1029   Dual objective     =             0.019426
Iteration:  1161   Dual objective     =             0.021756
Iteration:  1275   Dual objective     =             0.022849
Iteration:  1377   Dual objective     =             0.022986
Iteration:  1476   Dual objective     =             0.023635
Iteration:  1596   Dual objective     =             0.023621
Iteration:  1702   Dual objective     =             0.023654
Iteration:  1809   Dual objective     =             0.023655
Removing perturbation.
7×3 Matrix{Float64}:
 0.0  1.0  0.0
 0.0  0.0  0.0
 0.0  0.0  0.0
 0.0  0.0  0.0
 0.0  0.0  0.0
 0.0  0.0  1.0
 1.0  0.0  0.0
3-element Vector{Float64}:
 0.5440621667305452
 0.2665738117712002
 0.17494643043741645
3×7 Matrix{Float64}:
 0.0  0.0  0.0  0.0  1.0  0.0  0.0
 0.0  0.0  0.0  0.0  0.0  1.0  1.0
 0.0  0.0  0.0  1.0  0.0  0.0  0.0
3-element Vector{Float64}:
 1.0
 1.0
 1.0
7×3 Matrix{Float64}:
 0.0876489   0.0876489   0.00203746
 0.0         0.0         0.0
 0.0227939   0.0227939   0.0110308
 0.00119491  0.00119491  0.0
 0.0         0.0         0.0
 0.0484772   0.0484772   0.0254209
 0.0471021   0.0471021   0.0197812
3-element Vector{Float64}:
 0.20721704285868767
 0.20721704285868767
 0.05827038562774864
3×7 Matrix{Float64}:
 0.0  0.0  0.0  0.352548  0.356397  0.813152   0.283924
 0.0  0.0  0.0  0.288087  0.284132  0.091252   0.447283
 0.0  0.0  0.0  0.359365  0.359472  0.0955962  0.268793
3-element Vector{Float64}:
 0.20721704285868767
 0.20721704285868767
 0.05827038562774864
a: [0.08764890336643916 0.0876489033664396 0.0020374633413337666; 0.0 0.0 0.0; 0.02279392167533014 0.022793921675330203 0.011030845021980547; 0.0011949147049565567 0.0011949147049566677 0.0; 0.0 0.0 0.0; 0.048477220075867286 0.04847722007586734 0.02542085900568046; 0.04710208303609453 0.04710208303609384 0.019781218258753994]
b: [0.20721704285868767, 0.20721704285868767, 0.05827038562774864]
c: [0.0 0.0 0.0 0.35254786976826136 0.3563965962210083 0.8131517578752085 0.2839242210392173; 0.0 0.0 0.0 0.28808731748902905 0.28413172907536755 0.09125201768333793 0.447282891595553; 0.0 0.0 0.0 0.3593648127427096 0.3594716747036242 0.09559622444145353 0.26879288736522977]
d: [0.20721704285868767, 0.20721704285868767, 0.05827038562774864]
comparison (CRT and Glb)on prediction: Dict{Bool, Int64}(0 => 53, 1 => 0)
Dataname	 time	 objv	 lb	 gap	 train_w	 train_g	 test_w	 test_g
/work_bgfs/n/navarrodelacruz/odt/optimal_decision_tree/augmented_datasets/seeds/seeds_692.seeds	 33.55	 0.0236352235672562	 N/A	 N/A	 90.85	 0.0	 94.34	 0.0
