Running 6 processes.
Start training /work_bgfs/n/navarrodelacruz/odt/optimal_decision_tree/augmented_datasets/seeds/seeds_54.seeds with seed 1.
Any[]
(7, 206)
(7, 102)
(7, 51)
(7, 53)
dimension: 7, class: 3
cart cost: 44.93260869565216
size of X: (7, 153)
Using method: Global linear DT optimization
Version identifier: 20.1.0.0 | 2020-11-10 | 9bedb6d68
CPXPARAM_Threads                                 1
CPXPARAM_TimeLimit                               72000
Tried aggregator 1 time.
No LP presolve or aggregator reductions.
Presolve time = 0.01 sec. (3.40 ticks)
Initializing dual steep norms . . .

Iteration log . . .
Iteration:     1   Dual objective     =             0.000000
Perturbation started.
Iteration:    51   Dual objective     =             0.000000
Iteration:   255   Dual objective     =             0.000044
Iteration:   352   Dual objective     =             0.000065
Iteration:   483   Dual objective     =             0.016381
Iteration:   600   Dual objective     =             0.017410
Iteration:   718   Dual objective     =             0.022800
Iteration:   827   Dual objective     =             0.023236
Iteration:   918   Dual objective     =             0.023374
Iteration:  1031   Dual objective     =             0.023388
Iteration:  1141   Dual objective     =             0.023699
Removing perturbation.
7×3 Matrix{Float64}:
 0.0  1.0  0.0
 0.0  0.0  1.0
 0.0  0.0  0.0
 0.0  0.0  0.0
 0.0  0.0  0.0
 0.0  0.0  0.0
 1.0  0.0  0.0
3-element Vector{Float64}:
 0.46265459343403015
 0.27541311345066066
 0.6359572227952959
3×7 Matrix{Float64}:
 0.0  0.0  0.0  0.0  1.0  0.0  0.0
 0.0  0.0  0.0  0.0  0.0  1.0  1.0
 0.0  0.0  0.0  1.0  0.0  0.0  0.0
3-element Vector{Float64}:
 1.0
 1.0
 1.0
7×3 Matrix{Float64}:
 0.117186   0.117186   0.0
 0.0        0.0        0.0
 0.0        0.0        0.0
 0.0        0.0        0.0166386
 0.0        0.0        0.0
 0.0525518  0.0525518  0.0228625
 0.0347439  0.0347439  0.0248841
3-element Vector{Float64}:
 0.2044817808489155
 0.2044817808489155
 0.06438517295050733
3×7 Matrix{Float64}:
 0.0  0.0  0.0  0.352917  0.35736   0.796416   0.284581
 0.0  0.0  0.0  0.283171  0.278728  0.0960296  0.446225
 0.0  0.0  0.0  0.363912  0.363912  0.107554   0.269194
3-element Vector{Float64}:
 0.2044817808489155
 0.2044817808489155
 0.06438517295050733
a: [0.11718610414643368 0.11718610414643371 0.0; 0.0 0.0 0.0; 0.0 0.0 0.0; 0.0 0.0 0.01663857857749315; 0.0 0.0 0.0; 0.052551820146025996 0.05255182014602594 0.022862519529985165; 0.03474385655645581 0.03474385655645584 0.024884074843029014]
b: [0.2044817808489155, 0.2044817808489155, 0.06438517295050733]
c: [0.0 0.0 0.0 0.3529173553067145 0.35736007243642287 0.7964160855954387 0.2845807865262597; 0.0 0.0 0.0 0.2831709045695371 0.27872818743982875 0.09602957712211235 0.44622512908725; 0.0 0.0 0.0 0.36391174012374844 0.36391174012374844 0.10755433728244894 0.2691940843864903]
d: [0.2044817808489155, 0.2044817808489155, 0.06438517295050733]
comparison (CRT and Glb)on prediction: Dict{Bool, Int64}(0 => 53, 1 => 0)
Dataname	 time	 objv	 lb	 gap	 train_w	 train_g	 test_w	 test_g
/work_bgfs/n/navarrodelacruz/odt/optimal_decision_tree/augmented_datasets/seeds/seeds_54.seeds	 27.46	 0.02366743673241692	 N/A	 N/A	 90.196	 0.0	 90.566	 0.0
