Running 6 processes.
Start training /work_bgfs/n/navarrodelacruz/odt/optimal_decision_tree/augmented_datasets/seeds/seeds_586.seeds with seed 1.
Any[]
(7, 206)
(7, 103)
(7, 52)
(7, 51)
dimension: 7, class: 3
cart cost: 50.1785714285714
size of X: (7, 155)
Using method: Global linear DT optimization
Version identifier: 20.1.0.0 | 2020-11-10 | 9bedb6d68
CPXPARAM_Threads                                 1
CPXPARAM_TimeLimit                               72000
Tried aggregator 1 time.
No LP presolve or aggregator reductions.
Presolve time = 0.01 sec. (3.46 ticks)
Initializing dual steep norms . . .

Iteration log . . .
Iteration:     1   Dual objective     =             0.000000
Perturbation started.
Iteration:    51   Dual objective     =             0.000000
Iteration:   230   Dual objective     =             0.000037
Iteration:   344   Dual objective     =             0.000062
Iteration:   461   Dual objective     =             0.016007
Iteration:   580   Dual objective     =             0.017311
Iteration:   702   Dual objective     =             0.023281
Iteration:   808   Dual objective     =             0.023421
Iteration:   937   Dual objective     =             0.023548
Iteration:  1058   Dual objective     =             0.023679
Removing perturbation.
7×3 Matrix{Float64}:
 0.0  1.0  0.0
 0.0  0.0  1.0
 0.0  0.0  0.0
 0.0  0.0  0.0
 0.0  0.0  0.0
 0.0  0.0  0.0
 1.0  0.0  0.0
3-element Vector{Float64}:
 0.5185899919560513
 0.2580615418265827
 0.6012741793815413
3×7 Matrix{Float64}:
 0.0  0.0  0.0  0.0  1.0  0.0  0.0
 0.0  0.0  0.0  0.0  0.0  1.0  1.0
 0.0  0.0  0.0  1.0  0.0  0.0  0.0
3-element Vector{Float64}:
 1.0
 1.0
 1.0
7×3 Matrix{Float64}:
 0.108917   0.108917   0.0327654
 0.0        0.0        0.0
 0.0        0.0        0.0
 0.0371276  0.0371276  0.0
 0.0        0.0        0.0
 0.0566078  0.0566078  0.00380685
 0.0        0.0        0.030925
3-element Vector{Float64}:
 0.20265239127968346
 0.2026523912796835
 0.06749729450153051
3×7 Matrix{Float64}:
 0.0  0.0  0.0  0.35069   0.351135  0.787225   0.291725
 0.0  0.0  0.0  0.289703  0.282723  0.0930696  0.452926
 0.0  0.0  0.0  0.359607  0.366142  0.119705   0.255349
3-element Vector{Float64}:
 0.20265239127968346
 0.2026523912796835
 0.06749729450153051
a: [0.10891700096184868 0.10891700096183837 0.0327654368221274; 0.0 0.0 0.0; 0.0 0.0 0.0; 0.037127555332877815 0.03712755533288803 0.0; 0.0 0.0 0.0; 0.05660783498495693 0.05660783498495712 0.003806849315178544; 0.0 0.0 0.030925008364224574]
b: [0.20265239127968346, 0.2026523912796835, 0.06749729450153051]
c: [0.0 0.0 0.0 0.35069014524957126 0.3511350238926477 0.7872250339411915 0.2917254229864248; 0.0 0.0 0.0 0.28970322816174593 0.28272342400123796 0.09306959531151704 0.4529257899806254; 0.0 0.0 0.0 0.35960662658868287 0.3661415521061143 0.11970537074729143 0.25534878703294983]
d: [0.20265239127968346, 0.2026523912796835, 0.06749729450153051]
comparison (CRT and Glb)on prediction: Dict{Bool, Int64}(0 => 51, 1 => 0)
Dataname	 time	 objv	 lb	 gap	 train_w	 train_g	 test_w	 test_g
/work_bgfs/n/navarrodelacruz/odt/optimal_decision_tree/augmented_datasets/seeds/seeds_586.seeds	 28.77	 0.023640103853044873	 N/A	 N/A	 89.032	 0.0	 96.078	 0.0
