Running 6 processes.
Start training /work_bgfs/n/navarrodelacruz/odt/optimal_decision_tree/augmented_datasets/seeds/seeds_373.seeds with seed 1.
Any[]
(7, 206)
(7, 103)
(7, 52)
(7, 51)
dimension: 7, class: 3
cart cost: 41.35
size of X: (7, 155)
Using method: Global linear DT optimization
Version identifier: 20.1.0.0 | 2020-11-10 | 9bedb6d68
CPXPARAM_Threads                                 1
CPXPARAM_TimeLimit                               72000
Tried aggregator 1 time.
No LP presolve or aggregator reductions.
Presolve time = 0.01 sec. (3.45 ticks)
Initializing dual steep norms . . .

Iteration log . . .
Iteration:     1   Dual objective     =             0.000000
Perturbation started.
Iteration:    51   Dual objective     =             0.000000
Iteration:   181   Dual objective     =             0.000023
Iteration:   312   Dual objective     =             0.000053
Iteration:   451   Dual objective     =             0.013519
Iteration:   585   Dual objective     =             0.021846
Iteration:   693   Dual objective     =             0.022457
Iteration:   794   Dual objective     =             0.022606
Iteration:   898   Dual objective     =             0.022999
Iteration:  1000   Dual objective     =             0.023407
Iteration:  1109   Dual objective     =             0.023560
Iteration:  1214   Dual objective     =             0.023645
Iteration:  1329   Dual objective     =             0.023655
Iteration:  1451   Dual objective     =             0.023658
Removing perturbation.
7×3 Matrix{Float64}:
 0.0  1.0  0.0
 0.0  0.0  0.0
 0.0  0.0  1.0
 0.0  0.0  0.0
 0.0  0.0  0.0
 0.0  0.0  0.0
 1.0  0.0  0.0
3-element Vector{Float64}:
 0.5130161293216502
 0.2621688143632159
 0.41772649040109144
3×7 Matrix{Float64}:
 0.0  0.0  0.0  0.0  1.0  0.0  0.0
 0.0  0.0  0.0  0.0  0.0  1.0  1.0
 0.0  0.0  0.0  1.0  0.0  0.0  0.0
3-element Vector{Float64}:
 1.0
 1.0
 1.0
7×3 Matrix{Float64}:
 0.0        0.0        0.0
 0.0        0.0        0.0
 0.0328366  0.0328366  0.0129693
 0.100498   0.100498   0.0135598
 0.0        0.0        0.0
 0.0616203  0.0616203  0.0241175
 0.0146836  0.0146836  0.00254465
3-element Vector{Float64}:
 0.2096384865204008
 0.2096384865204008
 0.05319125553352415
3×7 Matrix{Float64}:
 0.0  0.0  0.0  0.349826  0.348971  0.832074   0.296132
 0.0  0.0  0.0  0.304764  0.297175  0.0822225  0.407324
 0.0  0.0  0.0  0.34541   0.353854  0.0857037  0.296543
3-element Vector{Float64}:
 0.2096384865204008
 0.2096384865204008
 0.05319125553352415
a: [0.0 0.0 0.0; 0.0 0.0 0.0; 0.03283660286599789 0.03283660286599796 0.012969290900787977; 0.10049794571550352 0.10049794571550308 0.013559846014293456; 0.0 0.0 0.0; 0.06162029579837702 0.06162029579837701 0.024117465059950306; 0.014683642140522368 0.01468364214052274 0.0025446535584923748]
b: [0.2096384865204008, 0.2096384865204008, 0.05319125553352415]
c: [0.0 0.0 0.0 0.349825922589959 0.3489709725983682 0.832073818869819 0.296132467429358; 0.0 0.0 0.0 0.3047639857841697 0.29717504118964333 0.08222246047847878 0.4073241135374229; 0.0 0.0 0.0 0.3454100916258713 0.3538539862119885 0.08570372065170218 0.29654341903321907]
d: [0.2096384865204008, 0.2096384865204008, 0.05319125553352415]
comparison (CRT and Glb)on prediction: Dict{Bool, Int64}(0 => 51, 1 => 0)
Dataname	 time	 objv	 lb	 gap	 train_w	 train_g	 test_w	 test_g
/work_bgfs/n/navarrodelacruz/odt/optimal_decision_tree/augmented_datasets/seeds/seeds_373.seeds	 27.67	 0.02362341142871628	 N/A	 N/A	 90.968	 0.0	 96.078	 0.0
