Running 6 processes.
Start training /work_bgfs/n/navarrodelacruz/odt/optimal_decision_tree/augmented_datasets/seeds/seeds_406.seeds with seed 1.
Any[]
(7, 206)
(7, 103)
(7, 52)
(7, 51)
dimension: 7, class: 3
cart cost: 41.35
size of X: (7, 155)
Using method: Global linear DT optimization
Version identifier: 20.1.0.0 | 2020-11-10 | 9bedb6d68
CPXPARAM_Threads                                 1
CPXPARAM_TimeLimit                               72000
Tried aggregator 1 time.
No LP presolve or aggregator reductions.
Presolve time = 0.01 sec. (3.45 ticks)
Initializing dual steep norms . . .

Iteration log . . .
Iteration:     1   Dual objective     =             0.000000
Perturbation started.
Iteration:    51   Dual objective     =             0.000000
Iteration:   249   Dual objective     =             0.000041
Iteration:   357   Dual objective     =             0.016641
Iteration:   483   Dual objective     =             0.016887
Iteration:   592   Dual objective     =             0.017274
Iteration:   706   Dual objective     =             0.022525
Iteration:   813   Dual objective     =             0.022761
Iteration:   916   Dual objective     =             0.023289
Iteration:  1023   Dual objective     =             0.023373
Iteration:  1142   Dual objective     =             0.023384
Iteration:  1249   Dual objective     =             0.023388
Removing perturbation.
7×3 Matrix{Float64}:
 0.0  1.0  0.0
 0.0  0.0  0.0
 0.0  0.0  0.0
 0.0  0.0  0.0
 0.0  0.0  0.0
 0.0  0.0  1.0
 1.0  0.0  0.0
3-element Vector{Float64}:
 0.5075712646647474
 0.2659085194209003
 0.18496349552925315
3×7 Matrix{Float64}:
 0.0  0.0  0.0  0.0  1.0  0.0  0.0
 0.0  0.0  0.0  0.0  0.0  1.0  1.0
 0.0  0.0  0.0  1.0  0.0  0.0  0.0
3-element Vector{Float64}:
 1.0
 1.0
 1.0
7×3 Matrix{Float64}:
 0.0157935  0.0157935  0.0
 0.0        0.0        0.0
 0.0467114  0.0467114  0.0266532
 0.0602066  0.0602066  0.0
 0.0        0.0        0.0
 0.0479048  0.0479048  0.00336244
 0.0387237  0.0387237  0.0183533
3-element Vector{Float64}:
 0.20934002509025862
 0.20934002509025862
 0.048368893719727565
3×7 Matrix{Float64}:
 0.0  0.0  0.0  0.346743  0.34678   0.843587   0.303637
 0.0  0.0  0.0  0.299976  0.297986  0.0755425  0.406799
 0.0  0.0  0.0  0.353281  0.355235  0.0808705  0.289564
3-element Vector{Float64}:
 0.20934002509025862
 0.20934002509025862
 0.048368893719727565
a: [0.015793497610162723 0.015793497610162653 0.0; 0.0 0.0 0.0; 0.046711380729286635 0.046711380729286704 0.026653159987720016; 0.06020663627266565 0.06020663627266573 0.0; 0.0 0.0 0.0; 0.04790478776838158 0.04790478776838143 0.0033624355647171866; 0.03872372270976204 0.03872372270976209 0.018353298167290363]
b: [0.20934002509025862, 0.20934002509025862, 0.048368893719727565]
c: [0.0 0.0 0.0 0.3467425950438827 0.3467795517397155 0.8435870125743838 0.30363682605526604; 0.0 0.0 0.0 0.2999760455503109 0.29798580665968094 0.07554245617753863 0.40679948468115046; 0.0 0.0 0.0 0.3532813594058064 0.35523464160060364 0.08087053124807755 0.28956368926358356]
d: [0.20934002509025862, 0.20934002509025862, 0.048368893719727565]
comparison (CRT and Glb)on prediction: Dict{Bool, Int64}(0 => 51, 1 => 0)
Dataname	 time	 objv	 lb	 gap	 train_w	 train_g	 test_w	 test_g
/work_bgfs/n/navarrodelacruz/odt/optimal_decision_tree/augmented_datasets/seeds/seeds_406.seeds	 27.6	 0.023352447195012248	 N/A	 N/A	 90.968	 0.0	 94.118	 0.0
