Running 6 processes.
Start training /work_bgfs/n/navarrodelacruz/odt/optimal_decision_tree/augmented_datasets/seeds/seeds_367.seeds with seed 1.
Any[]
(7, 206)
(7, 102)
(7, 51)
(7, 53)
dimension: 7, class: 3
cart cost: 38.96159420289857
size of X: (7, 153)
Using method: Global linear DT optimization
Version identifier: 20.1.0.0 | 2020-11-10 | 9bedb6d68
CPXPARAM_Threads                                 1
CPXPARAM_TimeLimit                               72000
Tried aggregator 1 time.
No LP presolve or aggregator reductions.
Presolve time = 0.01 sec. (3.39 ticks)
Initializing dual steep norms . . .

Iteration log . . .
Iteration:     1   Dual objective     =             0.000000
Perturbation started.
Iteration:    51   Dual objective     =             0.000000
Iteration:   230   Dual objective     =             0.000042
Iteration:   349   Dual objective     =             0.006109
Iteration:   487   Dual objective     =             0.015745
Iteration:   629   Dual objective     =             0.022046
Iteration:   744   Dual objective     =             0.023234
Iteration:   853   Dual objective     =             0.023245
Iteration:   958   Dual objective     =             0.023356
Iteration:  1067   Dual objective     =             0.023354
Removing perturbation.
7×3 Matrix{Float64}:
 0.0  1.0  0.0
 0.0  0.0  0.0
 0.0  0.0  1.0
 0.0  0.0  0.0
 0.0  0.0  0.0
 0.0  0.0  0.0
 1.0  0.0  0.0
3-element Vector{Float64}:
 0.5366358602519182
 0.27603064873171057
 0.29722407833653053
3×7 Matrix{Float64}:
 0.0  0.0  0.0  0.0  1.0  0.0  0.0
 0.0  0.0  0.0  0.0  0.0  1.0  1.0
 0.0  0.0  0.0  1.0  0.0  0.0  0.0
3-element Vector{Float64}:
 1.0
 1.0
 1.0
7×3 Matrix{Float64}:
 0.0268453  0.0268453  0.0
 0.0        0.0        0.0
 0.0374656  0.0374656  0.0188247
 0.110922   0.110922   0.032802
 0.0        0.0        0.0
 0.0302412  0.0302412  0.00372143
 0.0        0.0        0.0
3-element Vector{Float64}:
 0.2054742275518496
 0.20547422755184955
 0.05534813479479495
3×7 Matrix{Float64}:
 0.0  0.0  0.0  0.350597  0.354376  0.825096   0.295027
 0.0  0.0  0.0  0.292168  0.282017  0.0793729  0.425815
 0.0  0.0  0.0  0.357235  0.363607  0.0955308  0.279158
3-element Vector{Float64}:
 0.2054742275518496
 0.20547422755184955
 0.05534813479479495
a: [0.02684533304664962 0.02684533304665005 0.0; 0.0 0.0 0.0; 0.03746556615953376 0.03746556615953369 0.01882471219454969; 0.11092216836354662 0.11092216836354613 0.032801993626375925; 0.0 0.0 0.0; 0.0302411599821196 0.030241159982119577 0.003721428973869338; 0.0 0.0 0.0]
b: [0.2054742275518496, 0.20547422755184955, 0.05534813479479495]
c: [0.0 0.0 0.0 0.3505970589672383 0.35437585958647916 0.8250963081980739 0.29502708144628237; 0.0 0.0 0.0 0.29216827875581003 0.28201714097653513 0.07937286351726924 0.4258145802676549; 0.0 0.0 0.0 0.3572346622769517 0.36360699943698577 0.09553082828465687 0.2791583382860628]
d: [0.2054742275518496, 0.20547422755184955, 0.05534813479479495]
comparison (CRT and Glb)on prediction: Dict{Bool, Int64}(0 => 53, 1 => 0)
Dataname	 time	 objv	 lb	 gap	 train_w	 train_g	 test_w	 test_g
/work_bgfs/n/navarrodelacruz/odt/optimal_decision_tree/augmented_datasets/seeds/seeds_367.seeds	 27.27	 0.023314829494924704	 N/A	 N/A	 91.503	 0.0	 88.679	 0.0
