Running 6 processes.
Start training /work_bgfs/n/navarrodelacruz/odt/optimal_decision_tree/augmented_datasets/seeds/seeds_593.seeds with seed 1.
Any[]
(7, 206)
(7, 103)
(7, 52)
(7, 51)
dimension: 7, class: 3
cart cost: 38.40714285714285
size of X: (7, 155)
Using method: Global linear DT optimization
Version identifier: 20.1.0.0 | 2020-11-10 | 9bedb6d68
CPXPARAM_Threads                                 1
CPXPARAM_TimeLimit                               72000
Tried aggregator 1 time.
No LP presolve or aggregator reductions.
Presolve time = 0.01 sec. (3.45 ticks)
Initializing dual steep norms . . .

Iteration log . . .
Iteration:     1   Dual objective     =             0.000000
Perturbation started.
Iteration:    51   Dual objective     =             0.000000
Iteration:   257   Dual objective     =             0.000044
Iteration:   370   Dual objective     =             0.008232
Iteration:   503   Dual objective     =             0.016206
Iteration:   646   Dual objective     =             0.016534
Iteration:   774   Dual objective     =             0.022440
Iteration:   879   Dual objective     =             0.022518
Iteration:   982   Dual objective     =             0.023181
Iteration:  1081   Dual objective     =             0.023258
Iteration:  1189   Dual objective     =             0.023508
Iteration:  1296   Dual objective     =             0.023658
Iteration:  1416   Dual objective     =             0.023658
Removing perturbation.
7×3 Matrix{Float64}:
 0.0  1.0  0.0
 0.0  0.0  0.0
 0.0  0.0  0.0
 0.0  0.0  0.0
 0.0  0.0  0.0
 0.0  0.0  1.0
 1.0  0.0  0.0
3-element Vector{Float64}:
 0.5279665013572596
 0.273520405433872
 0.18459612625321753
3×7 Matrix{Float64}:
 0.0  0.0  0.0  0.0  1.0  0.0  0.0
 0.0  0.0  0.0  0.0  0.0  1.0  1.0
 0.0  0.0  0.0  1.0  0.0  0.0  0.0
3-element Vector{Float64}:
 1.0
 1.0
 1.0
7×3 Matrix{Float64}:
 0.0969904  0.0969904  0.00740669
 0.0        0.0        0.0
 0.0201877  0.0201877  0.0140042
 0.0288771  0.0288771  0.0
 0.0        0.0        0.0
 0.0489431  0.0489431  0.0161698
 0.0138057  0.0138057  0.0172194
3-element Vector{Float64}:
 0.20880404350280488
 0.20880404350280496
 0.05480006751529412
3×7 Matrix{Float64}:
 0.0  0.0  0.0  0.349964  0.353967  0.834694   0.29607
 0.0  0.0  0.0  0.290489  0.278071  0.0791519  0.433601
 0.0  0.0  0.0  0.359548  0.367963  0.086154   0.270329
3-element Vector{Float64}:
 0.20880404350280488
 0.20880404350280496
 0.05480006751529412
a: [0.09699043844162436 0.09699043844162844 0.007406691919659418; 0.0 0.0 0.0; 0.02018771160666768 0.020187711606667602 0.01400422104376384; 0.028877064175145156 0.028877064175140903 0.0; 0.0 0.0 0.0; 0.0489431275009051 0.0489431275009048 0.01616975166661451; 0.01380570177846259 0.013805701778463214 0.017219402885256377]
b: [0.20880404350280488, 0.20880404350280496, 0.05480006751529412]
c: [0.0 0.0 0.0 0.34996363451251683 0.35396663167301434 0.8346941242561117 0.2960697338144688; 0.0 0.0 0.0 0.2904885753979813 0.278070681680592 0.07915191711953162 0.4336010175354424; 0.0 0.0 0.0 0.35954779008950194 0.36796268664639364 0.08615395862435671 0.2703292486500887]
d: [0.20880404350280488, 0.20880404350280496, 0.05480006751529412]
comparison (CRT and Glb)on prediction: Dict{Bool, Int64}(0 => 51, 1 => 0)
Dataname	 time	 objv	 lb	 gap	 train_w	 train_g	 test_w	 test_g
/work_bgfs/n/navarrodelacruz/odt/optimal_decision_tree/augmented_datasets/seeds/seeds_593.seeds	 33.01	 0.0236204077260452	 N/A	 N/A	 91.613	 0.0	 94.118	 0.0
