Running 6 processes.
Start training /work_bgfs/n/navarrodelacruz/odt/optimal_decision_tree/augmented_datasets/seeds/seeds_371.seeds with seed 1.
Any[]
(7, 206)
(7, 102)
(7, 51)
(7, 53)
dimension: 7, class: 3
cart cost: 38.96159420289857
size of X: (7, 153)
Using method: Global linear DT optimization
Version identifier: 20.1.0.0 | 2020-11-10 | 9bedb6d68
CPXPARAM_Threads                                 1
CPXPARAM_TimeLimit                               72000
Tried aggregator 1 time.
No LP presolve or aggregator reductions.
Presolve time = 0.01 sec. (3.43 ticks)
Initializing dual steep norms . . .

Iteration log . . .
Iteration:     1   Dual objective     =             0.000000
Perturbation started.
Iteration:    51   Dual objective     =             0.000000
Iteration:   207   Dual objective     =             0.000033
Iteration:   321   Dual objective     =             0.000061
Iteration:   445   Dual objective     =             0.012882
Iteration:   566   Dual objective     =             0.016547
Iteration:   672   Dual objective     =             0.016666
Iteration:   807   Dual objective     =             0.021941
Iteration:   930   Dual objective     =             0.022632
Iteration:  1038   Dual objective     =             0.022683
Iteration:  1161   Dual objective     =             0.023511
Iteration:  1269   Dual objective     =             0.023512
Removing perturbation.
7×3 Matrix{Float64}:
 0.0  1.0  0.0
 0.0  0.0  0.0
 0.0  0.0  1.0
 0.0  0.0  0.0
 0.0  0.0  0.0
 0.0  0.0  0.0
 1.0  0.0  0.0
3-element Vector{Float64}:
 0.5259869115679712
 0.25442649126304795
 0.6709008075307676
3×7 Matrix{Float64}:
 0.0  0.0  0.0  0.0  1.0  0.0  0.0
 0.0  0.0  0.0  0.0  0.0  1.0  1.0
 0.0  0.0  0.0  1.0  0.0  0.0  0.0
3-element Vector{Float64}:
 1.0
 1.0
 1.0
7×3 Matrix{Float64}:
 0.0894419   0.0894419   0.0219616
 0.0         0.0         0.0
 0.00992722  0.00992722  0.0
 0.0639656   0.0639656   0.00439279
 0.0         0.0         0.0
 0.0420686   0.0420686   0.0324845
 0.0         0.0         0.0
3-element Vector{Float64}:
 0.20540331150056226
 0.20540331150056226
 0.05883891376725134
3×7 Matrix{Float64}:
 0.0  0.0  0.0  0.346993  0.357468  0.81062    0.2938
 0.0  0.0  0.0  0.285233  0.270517  0.0892094  0.455638
 0.0  0.0  0.0  0.367773  0.372015  0.10017    0.250562
3-element Vector{Float64}:
 0.20540331150056226
 0.20540331150056226
 0.05883891376725134
a: [0.08944193847090258 0.08944193847090169 0.02196160447704814; 0.0 0.0 0.0; 0.009927216824638808 0.009927216824638846 0.0; 0.06396556049348184 0.06396556049348279 0.004392793027012018; 0.0 0.0 0.0; 0.042068595711539 0.04206859571153894 0.03248451626319107; 0.0 0.0 0.0]
b: [0.20540331150056226, 0.20540331150056226, 0.05883891376725134]
c: [0.0 0.0 0.0 0.34699330964404923 0.35746808256854984 0.8106203549883194 0.2938000421917466; 0.0 0.0 0.0 0.28523342744813446 0.2705168612174614 0.08920943936260907 0.4556376672553548; 0.0 0.0 0.0 0.36777326290781637 0.37201505621398884 0.10017020564907149 0.25056229055289864]
d: [0.20540331150056226, 0.20540331150056226, 0.05883891376725134]
comparison (CRT and Glb)on prediction: Dict{Bool, Int64}(0 => 53, 1 => 0)
Dataname	 time	 objv	 lb	 gap	 train_w	 train_g	 test_w	 test_g
/work_bgfs/n/navarrodelacruz/odt/optimal_decision_tree/augmented_datasets/seeds/seeds_371.seeds	 27.5	 0.023482276838418782	 N/A	 N/A	 91.503	 0.0	 92.453	 0.0
