Running 6 processes.
Start training /work_bgfs/n/navarrodelacruz/odt/optimal_decision_tree/augmented_datasets/seeds/seeds_125.seeds with seed 1.
Any[]
(7, 206)
(7, 103)
(7, 52)
(7, 51)
dimension: 7, class: 3
cart cost: 44.29285714285715
size of X: (7, 155)
Using method: Global linear DT optimization
Version identifier: 20.1.0.0 | 2020-11-10 | 9bedb6d68
CPXPARAM_Threads                                 1
CPXPARAM_TimeLimit                               72000
Tried aggregator 1 time.
No LP presolve or aggregator reductions.
Presolve time = 0.01 sec. (3.46 ticks)
Initializing dual steep norms . . .

Iteration log . . .
Iteration:     1   Dual objective     =             0.000000
Perturbation started.
Iteration:    51   Dual objective     =             0.000000
Iteration:   209   Dual objective     =             0.000027
Iteration:   325   Dual objective     =             0.002605
Iteration:   479   Dual objective     =             0.014841
Iteration:   623   Dual objective     =             0.019528
Iteration:   722   Dual objective     =             0.020472
Iteration:   855   Dual objective     =             0.021821
Iteration:   982   Dual objective     =             0.023235
Iteration:  1083   Dual objective     =             0.023223
Iteration:  1191   Dual objective     =             0.023519
Iteration:  1298   Dual objective     =             0.023625
Iteration:  1416   Dual objective     =             0.023626
Removing perturbation.
7×3 Matrix{Float64}:
 0.0  1.0  0.0
 0.0  0.0  1.0
 0.0  0.0  0.0
 0.0  0.0  0.0
 0.0  0.0  0.0
 0.0  0.0  0.0
 1.0  0.0  0.0
3-element Vector{Float64}:
 0.4733593643461825
 0.258697653492509
 0.6162920981612813
3×7 Matrix{Float64}:
 0.0  0.0  0.0  0.0  1.0  0.0  0.0
 0.0  0.0  0.0  0.0  0.0  1.0  1.0
 0.0  0.0  0.0  1.0  0.0  0.0  0.0
3-element Vector{Float64}:
 1.0
 1.0
 1.0
7×3 Matrix{Float64}:
 0.10734     0.10734     0.0
 0.0         0.0         0.0
 0.0         0.0         0.0
 0.0         0.0         0.0
 0.00244905  0.00244905  0.0
 0.0600116   0.0600116   0.00460263
 0.0360041   0.0360041   0.0555825
3-element Vector{Float64}:
 0.20580496903036313
 0.20580496903036313
 0.06018511030799702
3×7 Matrix{Float64}:
 0.0  0.0  0.0  0.348422  0.356139  0.78892   0.284885
 0.0  0.0  0.0  0.290622  0.275506  0.105119  0.449153
 0.0  0.0  0.0  0.360956  0.368355  0.105961  0.265962
3-element Vector{Float64}:
 0.20580496903036313
 0.20580496903036313
 0.06018511030799702
a: [0.10734025337688445 0.10734025337688444 0.0; 0.0 0.0 0.0; 0.0 0.0 0.0; 0.0 0.0 0.0; 0.0024490469842051443 0.0024490469842039925 0.0; 0.06001155127988832 0.06001155127988834 0.004602626768483553; 0.03600411738938522 0.036004117389386275 0.055582483539513394]
b: [0.20580496903036313, 0.20580496903036313, 0.06018511030799702]
c: [0.0 0.0 0.0 0.34842178759381726 0.3561393965133086 0.788919573033494 0.28488547119923724; 0.0 0.0 0.0 0.29062249673240437 0.27550586307619673 0.1051190274287362 0.4491529405156086; 0.0 0.0 0.0 0.36095571567377843 0.36835474041049465 0.10596139953776978 0.26596158828515415]
d: [0.20580496903036313, 0.20580496903036313, 0.06018511030799702]
comparison (CRT and Glb)on prediction: Dict{Bool, Int64}(0 => 51, 1 => 0)
Dataname	 time	 objv	 lb	 gap	 train_w	 train_g	 test_w	 test_g
/work_bgfs/n/navarrodelacruz/odt/optimal_decision_tree/augmented_datasets/seeds/seeds_125.seeds	 27.3	 0.02358975241843616	 N/A	 N/A	 90.323	 0.0	 96.078	 0.0
