Running 6 processes.
Start training /work_bgfs/n/navarrodelacruz/odt/optimal_decision_tree/augmented_datasets/seeds/seeds_342.seeds with seed 1.
Any[]
(7, 206)
(7, 103)
(7, 52)
(7, 51)
dimension: 7, class: 3
cart cost: 41.35
size of X: (7, 155)
Using method: Global linear DT optimization
Version identifier: 20.1.0.0 | 2020-11-10 | 9bedb6d68
CPXPARAM_Threads                                 1
CPXPARAM_TimeLimit                               72000
Tried aggregator 1 time.
No LP presolve or aggregator reductions.
Presolve time = 0.01 sec. (3.45 ticks)
Initializing dual steep norms . . .

Iteration log . . .
Iteration:     1   Dual objective     =             0.000000
Perturbation started.
Iteration:    51   Dual objective     =             0.000000
Iteration:   196   Dual objective     =             0.000028
Iteration:   342   Dual objective     =             0.000054
Iteration:   470   Dual objective     =             0.021437
Iteration:   576   Dual objective     =             0.022031
Iteration:   685   Dual objective     =             0.022224
Iteration:   788   Dual objective     =             0.022928
Iteration:   892   Dual objective     =             0.023581
Iteration:   996   Dual objective     =             0.023607
Iteration:  1111   Dual objective     =             0.023600
Removing perturbation.
7×3 Matrix{Float64}:
 0.0  1.0  0.0
 0.0  0.0  0.0
 0.0  0.0  0.0
 0.0  0.0  0.0
 0.0  0.0  0.0
 0.0  0.0  1.0
 1.0  0.0  0.0
3-element Vector{Float64}:
 0.5219621108631333
 0.2684546323746184
 0.1995973114537128
3×7 Matrix{Float64}:
 0.0  0.0  0.0  0.0  1.0  0.0  0.0
 0.0  0.0  0.0  0.0  0.0  1.0  1.0
 0.0  0.0  0.0  1.0  0.0  0.0  0.0
3-element Vector{Float64}:
 1.0
 1.0
 1.0
7×3 Matrix{Float64}:
 0.0632365   0.0632365   0.0
 0.0         0.0         0.0
 0.00651225  0.00651225  0.00838514
 0.0         0.0         0.0
 0.0         0.0         0.0
 0.0676194   0.0676194   0.0296441
 0.0702545   0.0702545   0.0180225
3-element Vector{Float64}:
 0.20762258916777138
 0.20762258916777132
 0.056051826001703164
3×7 Matrix{Float64}:
 0.0  0.0  0.0  0.356865  0.356535  0.823604   0.281346
 0.0  0.0  0.0  0.293176  0.290648  0.0860113  0.42143
 0.0  0.0  0.0  0.349959  0.352817  0.0903848  0.297224
3-element Vector{Float64}:
 0.20762258916777138
 0.20762258916777132
 0.056051826001703164
a: [0.06323651094843209 0.06323651094843355 0.0; 0.0 0.0 0.0; 0.006512252840409349 0.006512252840408905 0.00838514427686073; 0.0 0.0 0.0; 0.0 0.0 0.0; 0.0676193544359159 0.06761935443591627 0.029644141721094003; 0.07025447094301403 0.07025447094301251 0.018022540003748432]
b: [0.20762258916777138, 0.20762258916777132, 0.056051826001703164]
c: [0.0 0.0 0.0 0.35686548385702327 0.35653461045621193 0.8236038307711302 0.2813462692188695; 0.0 0.0 0.0 0.29317554703663823 0.290648189321771 0.0860113206670634 0.421429900109486; 0.0 0.0 0.0 0.34995896910633845 0.35281720022201707 0.09038484856180638 0.2972238306716445]
d: [0.20762258916777138, 0.20762258916777132, 0.056051826001703164]
comparison (CRT and Glb)on prediction: Dict{Bool, Int64}(0 => 51, 1 => 0)
Dataname	 time	 objv	 lb	 gap	 train_w	 train_g	 test_w	 test_g
/work_bgfs/n/navarrodelacruz/odt/optimal_decision_tree/augmented_datasets/seeds/seeds_342.seeds	 30.23	 0.023564850216862297	 N/A	 N/A	 90.968	 0.0	 94.118	 0.0
