Running 6 processes.
Start training /work_bgfs/n/navarrodelacruz/odt/optimal_decision_tree/augmented_datasets/seeds/seeds_259.seeds with seed 1.
Any[]
(7, 206)
(7, 103)
(7, 52)
(7, 51)
dimension: 7, class: 3
cart cost: 44.29285714285715
size of X: (7, 155)
Using method: Global linear DT optimization
Version identifier: 20.1.0.0 | 2020-11-10 | 9bedb6d68
CPXPARAM_Threads                                 1
CPXPARAM_TimeLimit                               72000
Tried aggregator 1 time.
No LP presolve or aggregator reductions.
Presolve time = 0.01 sec. (3.46 ticks)
Initializing dual steep norms . . .

Iteration log . . .
Iteration:     1   Dual objective     =             0.000000
Perturbation started.
Iteration:    51   Dual objective     =             0.000000
Iteration:   186   Dual objective     =             0.000030
Iteration:   336   Dual objective     =             0.000060
Iteration:   453   Dual objective     =             0.009269
Iteration:   589   Dual objective     =             0.017951
Iteration:   730   Dual objective     =             0.020747
Iteration:   854   Dual objective     =             0.022029
Iteration:   968   Dual objective     =             0.022300
Iteration:  1082   Dual objective     =             0.023348
Iteration:  1191   Dual objective     =             0.023383
Iteration:  1321   Dual objective     =             0.023437
Iteration:  1428   Dual objective     =             0.023536
Iteration:  1550   Dual objective     =             0.023541
Removing perturbation.
7×3 Matrix{Float64}:
 0.0  1.0  0.0
 0.0  0.0  0.0
 0.0  0.0  1.0
 0.0  0.0  0.0
 0.0  0.0  0.0
 0.0  0.0  0.0
 1.0  0.0  0.0
3-element Vector{Float64}:
 0.5464757459814147
 0.2657811514387891
 0.3805026024390169
3×7 Matrix{Float64}:
 0.0  0.0  0.0  0.0  1.0  0.0  0.0
 0.0  0.0  0.0  0.0  0.0  1.0  1.0
 0.0  0.0  0.0  1.0  0.0  0.0  0.0
3-element Vector{Float64}:
 1.0
 1.0
 1.0
7×3 Matrix{Float64}:
 0.0579719  0.0579719  0.0
 0.0        0.0        0.0
 0.0239002  0.0239002  0.00225765
 0.0528269  0.0528269  0.0151953
 0.0        0.0        0.0
 0.0506908  0.0506908  0.0120715
 0.0216394  0.0216394  0.0263944
3-element Vector{Float64}:
 0.20702920283948312
 0.20702920283948306
 0.05591876421957048
3×7 Matrix{Float64}:
 0.0  0.0  0.0  0.349592  0.349592  0.828697   0.289634
 0.0  0.0  0.0  0.294331  0.300814  0.0786762  0.433932
 0.0  0.0  0.0  0.356077  0.349594  0.0926272  0.276433
3-element Vector{Float64}:
 0.20702920283948315
 0.20702920283948306
 0.05591876421957048
a: [0.05797193124759481 0.057971931247594165 0.0; 0.0 0.0 0.0; 0.02390023751568987 0.02390023751569037 0.0022576451183733554; 0.0528268780343966 0.052826878034397534 0.015195286439393024; 0.0 0.0 0.0; 0.050690762536831774 0.05069076253683133 0.012071482077908592; 0.021639393504970163 0.021639393504969663 0.026394350583895554]
b: [0.20702920283948312, 0.20702920283948306, 0.05591876421957048]
c: [0.0 0.0 0.0 0.3495922610371186 0.3495922610371186 0.8286966085765972 0.2896342356603566; 0.0 0.0 0.0 0.2943307865317708 0.3008139665378283 0.07867621734671808 0.4339324428629243; 0.0 0.0 0.0 0.3560769524311106 0.349593772425053 0.09262717407668478 0.27643332147671906]
d: [0.20702920283948315, 0.20702920283948306, 0.05591876421957048]
comparison (CRT and Glb)on prediction: Dict{Bool, Int64}(0 => 51, 1 => 0)
Dataname	 time	 objv	 lb	 gap	 train_w	 train_g	 test_w	 test_g
/work_bgfs/n/navarrodelacruz/odt/optimal_decision_tree/augmented_datasets/seeds/seeds_259.seeds	 27.51	 0.02349885849492683	 N/A	 N/A	 90.323	 0.0	 98.039	 0.0
