Running 6 processes.
Start training /work_bgfs/n/navarrodelacruz/odt/optimal_decision_tree/augmented_datasets/seeds/seeds_87.seeds with seed 1.
Any[]
(7, 206)
(7, 102)
(7, 51)
(7, 53)
dimension: 7, class: 3
cart cost: 41.947101449275365
size of X: (7, 153)
Using method: Global linear DT optimization
Version identifier: 20.1.0.0 | 2020-11-10 | 9bedb6d68
CPXPARAM_Threads                                 1
CPXPARAM_TimeLimit                               72000
Tried aggregator 1 time.
No LP presolve or aggregator reductions.
Presolve time = 0.01 sec. (3.39 ticks)
Initializing dual steep norms . . .

Iteration log . . .
Iteration:     1   Dual objective     =             0.000000
Perturbation started.
Iteration:    51   Dual objective     =             0.000000
Iteration:   192   Dual objective     =             0.000027
Iteration:   343   Dual objective     =             0.000054
Iteration:   466   Dual objective     =             0.014379
Iteration:   574   Dual objective     =             0.016956
Iteration:   713   Dual objective     =             0.021682
Iteration:   854   Dual objective     =             0.021830
Iteration:   957   Dual objective     =             0.023197
Iteration:  1066   Dual objective     =             0.023353
Iteration:  1173   Dual objective     =             0.023499
Iteration:  1279   Dual objective     =             0.023506
Removing perturbation.
7×3 Matrix{Float64}:
 0.0  1.0  0.0
 0.0  0.0  0.0
 0.0  0.0  1.0
 0.0  0.0  0.0
 0.0  0.0  0.0
 0.0  0.0  0.0
 1.0  0.0  0.0
3-element Vector{Float64}:
 0.5092633631971137
 0.27381937034631976
 0.4805998695271576
3×7 Matrix{Float64}:
 0.0  0.0  0.0  0.0  1.0  0.0  0.0
 0.0  0.0  0.0  0.0  0.0  1.0  1.0
 0.0  0.0  0.0  1.0  0.0  0.0  0.0
3-element Vector{Float64}:
 1.0
 1.0
 1.0
7×3 Matrix{Float64}:
 0.0260275  0.0260275  0.0
 0.0        0.0        0.0
 0.0157288  0.0157288  0.0
 0.0547857  0.0547857  0.043862
 0.0        0.0        0.0
 0.0652923  0.0652923  0.00282514
 0.0441836  0.0441836  0.0106314
3-element Vector{Float64}:
 0.2060177745554162
 0.20601777455541612
 0.05731860429972943
3×7 Matrix{Float64}:
 0.0  0.0  0.0  0.356915  0.357624  0.816727   0.285462
 0.0  0.0  0.0  0.295179  0.295954  0.0808171  0.419101
 0.0  0.0  0.0  0.347907  0.346422  0.102456   0.295437
3-element Vector{Float64}:
 0.2060177745554162
 0.20601777455541612
 0.05731860429972943
a: [0.026027461064209972 0.02602746106420971 0.0; 0.0 0.0 0.0; 0.015728829101672226 0.015728829101672115 0.0; 0.05478565929376286 0.05478565929376218 0.04386204079295039; 0.0 0.0 0.0; 0.06529227232435626 0.06529227232435648 0.002825137448748183; 0.04418355277141498 0.04418355277141561 0.010631426058030854]
b: [0.2060177745554162, 0.20601777455541612, 0.05731860429972943]
c: [0.0 0.0 0.0 0.35691457404985955 0.35762390656033466 0.8167272608455629 0.28546151938980563; 0.0 0.0 0.0 0.29517887825026873 0.29595443643798697 0.0808170846644749 0.41910135012284566; 0.0 0.0 0.0 0.3479065476998717 0.3464216570016784 0.10245565448996213 0.29543713048734876]
d: [0.2060177745554162, 0.20601777455541612, 0.05731860429972943]
comparison (CRT and Glb)on prediction: Dict{Bool, Int64}(0 => 53, 1 => 0)
Dataname	 time	 objv	 lb	 gap	 train_w	 train_g	 test_w	 test_g
/work_bgfs/n/navarrodelacruz/odt/optimal_decision_tree/augmented_datasets/seeds/seeds_87.seeds	 27.26	 0.023467707670528082	 N/A	 N/A	 90.85	 0.0	 92.453	 0.0
