Running 6 processes.
Start training /work_bgfs/n/navarrodelacruz/odt/optimal_decision_tree/augmented_datasets/seeds/seeds_369.seeds with seed 1.
Any[]
(7, 206)
(7, 103)
(7, 52)
(7, 51)
dimension: 7, class: 3
cart cost: 35.4642857142857
size of X: (7, 155)
Using method: Global linear DT optimization
Version identifier: 20.1.0.0 | 2020-11-10 | 9bedb6d68
CPXPARAM_Threads                                 1
CPXPARAM_TimeLimit                               72000
Tried aggregator 1 time.
No LP presolve or aggregator reductions.
Presolve time = 0.01 sec. (3.46 ticks)
Initializing dual steep norms . . .

Iteration log . . .
Iteration:     1   Dual objective     =             0.000000
Perturbation started.
Iteration:    51   Dual objective     =             0.000000
Iteration:   151   Dual objective     =             0.000017
Iteration:   270   Dual objective     =             0.006335
Iteration:   415   Dual objective     =             0.007605
Iteration:   555   Dual objective     =             0.015316
Iteration:   705   Dual objective     =             0.018250
Iteration:   833   Dual objective     =             0.022132
Iteration:   948   Dual objective     =             0.022687
Iteration:  1053   Dual objective     =             0.022829
Iteration:  1162   Dual objective     =             0.023397
Iteration:  1276   Dual objective     =             0.023504
Iteration:  1403   Dual objective     =             0.023627
Removing perturbation.
7×3 Matrix{Float64}:
 0.0  1.0  0.0
 0.0  0.0  0.0
 0.0  0.0  1.0
 0.0  0.0  0.0
 0.0  0.0  0.0
 0.0  0.0  0.0
 1.0  0.0  0.0
3-element Vector{Float64}:
 0.5438426409188946
 0.26633657399683974
 0.3496006829216852
3×7 Matrix{Float64}:
 0.0  0.0  0.0  0.0  1.0  0.0  0.0
 0.0  0.0  0.0  0.0  0.0  1.0  1.0
 0.0  0.0  0.0  1.0  0.0  0.0  0.0
3-element Vector{Float64}:
 1.0
 1.0
 1.0
7×3 Matrix{Float64}:
 0.0591948  0.0591948  0.000774077
 0.0        0.0        0.0
 0.0386538  0.0386538  0.0112347
 0.0783473  0.0783473  0.039017
 0.0        0.0        0.0
 0.0341553  0.0341553  0.0
 0.0        0.0        0.0
3-element Vector{Float64}:
 0.210351294273962
 0.2103512942739619
 0.05102580728962783
3×7 Matrix{Float64}:
 0.0  0.0  0.0  0.351194  0.342846  0.838057   0.30596
 0.0  0.0  0.0  0.285728  0.291383  0.0738622  0.439978
 0.0  0.0  0.0  0.363078  0.365771  0.0880811  0.254062
3-element Vector{Float64}:
 0.210351294273962
 0.2103512942739619
 0.05102580728962783
a: [0.05919477828291794 0.05919477828291797 0.0007740771433088281; 0.0 0.0 0.0; 0.03865384798860971 0.03865384798860949 0.011234736470606126; 0.07834732972913028 0.07834732972912992 0.039016993675712874; 0.0 0.0 0.0; 0.03415533827330405 0.03415533827330454 0.0; 0.0 0.0 0.0]
b: [0.210351294273962, 0.2103512942739619, 0.05102580728962783]
c: [0.0 0.0 0.0 0.3511939346798236 0.3428462047782286 0.8380567051974684 0.30595986054194785; 0.0 0.0 0.0 0.28572790186731895 0.29138251664677023 0.0738622038108957 0.4399781871745452; 0.0 0.0 0.0 0.3630781634528574 0.3657712785750012 0.08808109099163587 0.25406195228350703]
d: [0.210351294273962, 0.2103512942739619, 0.05102580728962783]
comparison (CRT and Glb)on prediction: Dict{Bool, Int64}(0 => 51, 1 => 0)
Dataname	 time	 objv	 lb	 gap	 train_w	 train_g	 test_w	 test_g
/work_bgfs/n/navarrodelacruz/odt/optimal_decision_tree/augmented_datasets/seeds/seeds_369.seeds	 27.43	 0.02358641979187759	 N/A	 N/A	 92.258	 0.0	 90.196	 0.0
