Running 6 processes.
Start training /work_bgfs/n/navarrodelacruz/odt/optimal_decision_tree/augmented_datasets/seeds/seeds_664.seeds with seed 1.
Any[]
(7, 206)
(7, 102)
(7, 51)
(7, 53)
dimension: 7, class: 3
cart cost: 44.93260869565216
size of X: (7, 153)
Using method: Global linear DT optimization
Version identifier: 20.1.0.0 | 2020-11-10 | 9bedb6d68
CPXPARAM_Threads                                 1
CPXPARAM_TimeLimit                               72000
Tried aggregator 1 time.
No LP presolve or aggregator reductions.
Presolve time = 0.01 sec. (3.39 ticks)
Initializing dual steep norms . . .

Iteration log . . .
Iteration:     1   Dual objective     =             0.000000
Perturbation started.
Iteration:    51   Dual objective     =             0.000000
Iteration:   178   Dual objective     =             0.000023
Iteration:   336   Dual objective     =             0.008028
Iteration:   469   Dual objective     =             0.015966
Iteration:   583   Dual objective     =             0.016470
Iteration:   737   Dual objective     =             0.022270
Iteration:   845   Dual objective     =             0.022680
Iteration:   951   Dual objective     =             0.023239
Iteration:  1056   Dual objective     =             0.023672
Iteration:  1162   Dual objective     =             0.023678
Iteration:  1275   Dual objective     =             0.023690
Removing perturbation.
7×3 Matrix{Float64}:
 0.0  1.0  0.0
 0.0  0.0  0.0
 0.0  0.0  0.0
 0.0  0.0  0.0
 0.0  0.0  0.0
 0.0  0.0  1.0
 1.0  0.0  0.0
3-element Vector{Float64}:
 0.5194499632341482
 0.2715559355692111
 0.18275100632971397
3×7 Matrix{Float64}:
 0.0  0.0  0.0  0.0  1.0  0.0  0.0
 0.0  0.0  0.0  0.0  0.0  1.0  1.0
 0.0  0.0  0.0  1.0  0.0  0.0  0.0
3-element Vector{Float64}:
 1.0
 1.0
 1.0
7×3 Matrix{Float64}:
 0.0993996  0.0993996  0.0
 0.0        0.0        0.0
 0.0        0.0        0.0
 0.0527973  0.0527973  0.0604185
 0.0        0.0        0.0
 0.0513846  0.0513846  0.0054572
 0.0        0.0        0.0
3-element Vector{Float64}:
 0.2035814657567731
 0.20358146575677313
 0.06587567166680486
3×7 Matrix{Float64}:
 0.0  0.0  0.0  0.349018  0.354235  0.782783   0.291158
 0.0  0.0  0.0  0.286103  0.273387  0.0940381  0.453429
 0.0  0.0  0.0  0.364879  0.372377  0.123179   0.255413
3-element Vector{Float64}:
 0.20358146575677308
 0.20358146575677313
 0.06587567166680486
a: [0.09939960494141609 0.09939960494141412 0.0; 0.0 0.0 0.0; 0.0 0.0 0.0; 0.05279728109734873 0.05279728109735066 0.06041847270735223; 0.0 0.0 0.0; 0.05138457971800836 0.05138457971800836 0.0054571989594525; 0.0 0.0 0.0]
b: [0.2035814657567731, 0.20358146575677313, 0.06587567166680486]
c: [0.0 0.0 0.0 0.34901818904034393 0.3542353504629575 0.7827830834257286 0.2911579837253901; 0.0 0.0 0.0 0.2861030741820125 0.2733872467658477 0.09403814623664197 0.4534289920995423; 0.0 0.0 0.0 0.36487873677764354 0.37237740277119474 0.12317877033762942 0.25541302417506767]
d: [0.20358146575677308, 0.20358146575677313, 0.06587567166680486]
comparison (CRT and Glb)on prediction: Dict{Bool, Int64}(0 => 53, 1 => 0)
Dataname	 time	 objv	 lb	 gap	 train_w	 train_g	 test_w	 test_g
/work_bgfs/n/navarrodelacruz/odt/optimal_decision_tree/augmented_datasets/seeds/seeds_664.seeds	 27.37	 0.023651930159017558	 N/A	 N/A	 90.196	 0.0	 94.34	 0.0
