Running 6 processes.
Start training /work_bgfs/n/navarrodelacruz/odt/optimal_decision_tree/augmented_datasets/seeds/seeds_995.seeds with seed 1.
Any[]
(7, 206)
(7, 103)
(7, 52)
(7, 51)
dimension: 7, class: 3
cart cost: 41.35
size of X: (7, 155)
Using method: Global linear DT optimization
Version identifier: 20.1.0.0 | 2020-11-10 | 9bedb6d68
CPXPARAM_Threads                                 1
CPXPARAM_TimeLimit                               72000
Tried aggregator 1 time.
No LP presolve or aggregator reductions.
Presolve time = 0.01 sec. (3.45 ticks)
Initializing dual steep norms . . .

Iteration log . . .
Iteration:     1   Dual objective     =             0.000000
Perturbation started.
Iteration:    51   Dual objective     =             0.000000
Iteration:   243   Dual objective     =             0.000040
Iteration:   368   Dual objective     =             0.000065
Iteration:   483   Dual objective     =             0.011353
Iteration:   587   Dual objective     =             0.022289
Iteration:   706   Dual objective     =             0.022576
Iteration:   838   Dual objective     =             0.023051
Iteration:   951   Dual objective     =             0.023305
Iteration:  1049   Dual objective     =             0.023514
Iteration:  1170   Dual objective     =             0.023783
Iteration:  1288   Dual objective     =             0.023789
Removing perturbation.
7×3 Matrix{Float64}:
 0.0  1.0  0.0
 0.0  0.0  0.0
 0.0  0.0  0.0
 0.0  0.0  0.0
 0.0  0.0  0.0
 0.0  0.0  1.0
 1.0  0.0  0.0
3-element Vector{Float64}:
 0.4946505767765019
 0.27038929835541203
 0.18367170761308532
3×7 Matrix{Float64}:
 0.0  0.0  0.0  0.0  1.0  0.0  0.0
 0.0  0.0  0.0  0.0  0.0  1.0  1.0
 0.0  0.0  0.0  1.0  0.0  0.0  0.0
3-element Vector{Float64}:
 1.0
 1.0
 1.0
7×3 Matrix{Float64}:
 0.0850885  0.0850885  0.00656635
 0.0        0.0        0.0
 0.0        0.0        0.0
 0.0        0.0        0.0
 0.0        0.0        0.0
 0.0543817  0.0543817  0.0282934
 0.0665987  0.0665987  0.0281265
3-element Vector{Float64}:
 0.2060688368850526
 0.20606883688505265
 0.06298618202046087
3×7 Matrix{Float64}:
 0.0  0.0  0.0  0.355751  0.35992   0.803013   0.271506
 0.0  0.0  0.0  0.289522  0.282129  0.0920786  0.44935
 0.0  0.0  0.0  0.354727  0.357951  0.104908   0.279144
3-element Vector{Float64}:
 0.2060688368850526
 0.20606883688505265
 0.06298618202046087
a: [0.08508847783465971 0.08508847783466009 0.0065663464188532965; 0.0 0.0 0.0; 0.0 0.0 0.0; 0.0 0.0 0.0; 0.0 0.0 0.0; 0.054381672617384136 0.05438167261738387 0.028293356656661703; 0.06659868643300874 0.06659868643300867 0.028126478944945854]
b: [0.2060688368850526, 0.20606883688505265, 0.06298618202046087]
c: [0.0 0.0 0.0 0.3557509051493299 0.35991983564969443 0.8030134949370751 0.2715057851797298; 0.0 0.0 0.0 0.28952187270191154 0.28212887270918663 0.09207863738891467 0.44935027449496556; 0.0 0.0 0.0 0.35472722214875857 0.35795129164111894 0.10490786767401034 0.27914394032530465]
d: [0.2060688368850526, 0.20606883688505265, 0.06298618202046087]
comparison (CRT and Glb)on prediction: Dict{Bool, Int64}(0 => 51, 1 => 0)
Dataname	 time	 objv	 lb	 gap	 train_w	 train_g	 test_w	 test_g
/work_bgfs/n/navarrodelacruz/odt/optimal_decision_tree/augmented_datasets/seeds/seeds_995.seeds	 27.36	 0.023756192789528306	 N/A	 N/A	 90.968	 0.0	 94.118	 0.0
