Running 6 processes.
Start training /work_bgfs/n/navarrodelacruz/odt/optimal_decision_tree/augmented_datasets/seeds/seeds_80.seeds with seed 1.
Any[]
(7, 206)
(7, 103)
(7, 52)
(7, 51)
dimension: 7, class: 3
cart cost: 41.35
size of X: (7, 155)
Using method: Global linear DT optimization
Version identifier: 20.1.0.0 | 2020-11-10 | 9bedb6d68
CPXPARAM_Threads                                 1
CPXPARAM_TimeLimit                               72000
Tried aggregator 1 time.
No LP presolve or aggregator reductions.
Presolve time = 0.01 sec. (3.46 ticks)
Initializing dual steep norms . . .

Iteration log . . .
Iteration:     1   Dual objective     =             0.000000
Perturbation started.
Iteration:    51   Dual objective     =             0.000000
Iteration:   261   Dual objective     =             0.000043
Iteration:   369   Dual objective     =             0.009953
Iteration:   495   Dual objective     =             0.016707
Iteration:   611   Dual objective     =             0.022494
Iteration:   751   Dual objective     =             0.022962
Iteration:   854   Dual objective     =             0.023513
Iteration:   953   Dual objective     =             0.023555
Iteration:  1065   Dual objective     =             0.023627
Iteration:  1178   Dual objective     =             0.023631
Iteration:  1283   Dual objective     =             0.023694
Iteration:  1397   Dual objective     =             0.023695
Removing perturbation.
7×3 Matrix{Float64}:
 0.0  1.0  0.0
 0.0  0.0  0.0
 0.0  0.0  0.0
 0.0  0.0  0.0
 0.0  0.0  0.0
 0.0  0.0  1.0
 1.0  0.0  0.0
3-element Vector{Float64}:
 0.5331423971537728
 0.2711236758677865
 0.18388817499055354
3×7 Matrix{Float64}:
 0.0  0.0  0.0  0.0  1.0  0.0  0.0
 0.0  0.0  0.0  0.0  0.0  1.0  1.0
 0.0  0.0  0.0  1.0  0.0  0.0  0.0
3-element Vector{Float64}:
 1.0
 1.0
 1.0
7×3 Matrix{Float64}:
 0.0384103  0.0384103  0.0
 0.0        0.0        0.0
 0.0557253  0.0557253  0.0222759
 0.0975804  0.0975804  0.0212146
 0.0        0.0        0.0
 0.0176346  0.0176346  0.0109534
 0.0        0.0        0.0
3-element Vector{Float64}:
 0.2093506084807219
 0.209350608480722
 0.05444395925013534
3×7 Matrix{Float64}:
 0.0  0.0  0.0  0.342132  0.346017  0.828882   0.316706
 0.0  0.0  0.0  0.289216  0.287261  0.0808424  0.436963
 0.0  0.0  0.0  0.368652  0.366721  0.090276   0.24633
3-element Vector{Float64}:
 0.2093506084807219
 0.209350608480722
 0.05444395925013534
a: [0.03841028406580295 0.03841028406580511 0.0; 0.0 0.0 0.0; 0.05572531989243157 0.05572531989243117 0.022275913765119063; 0.0975804305172387 0.09758043051723678 0.021214633977484312; 0.0 0.0 0.0; 0.017634574005248677 0.017634574005248985 0.010953411507531992; 0.0 0.0 0.0]
b: [0.2093506084807219, 0.209350608480722, 0.05444395925013534]
c: [0.0 0.0 0.0 0.34213241191188887 0.34601738158515527 0.8288816618921621 0.31670639869916445; 0.0 0.0 0.0 0.2892158268085108 0.2872613580852317 0.08084235306413472 0.4369631574075053; 0.0 0.0 0.0 0.36865176127960037 0.36672126032961305 0.09027598504370325 0.2463304438933302]
d: [0.2093506084807219, 0.209350608480722, 0.05444395925013534]
comparison (CRT and Glb)on prediction: Dict{Bool, Int64}(0 => 51, 1 => 0)
Dataname	 time	 objv	 lb	 gap	 train_w	 train_g	 test_w	 test_g
/work_bgfs/n/navarrodelacruz/odt/optimal_decision_tree/augmented_datasets/seeds/seeds_80.seeds	 27.48	 0.023657258810578966	 N/A	 N/A	 90.968	 0.0	 94.118	 0.0
