Running 6 processes.
Start training /work_bgfs/n/navarrodelacruz/odt/optimal_decision_tree/augmented_datasets/seeds/seeds_856.seeds with seed 1.
Any[]
(7, 206)
(7, 103)
(7, 52)
(7, 51)
dimension: 7, class: 3
cart cost: 35.4642857142857
size of X: (7, 155)
Using method: Global linear DT optimization
Version identifier: 20.1.0.0 | 2020-11-10 | 9bedb6d68
CPXPARAM_Threads                                 1
CPXPARAM_TimeLimit                               72000
Tried aggregator 1 time.
No LP presolve or aggregator reductions.
Presolve time = 0.01 sec. (3.46 ticks)
Initializing dual steep norms . . .

Iteration log . . .
Iteration:     1   Dual objective     =             0.000000
Perturbation started.
Iteration:    51   Dual objective     =             0.000000
Iteration:   248   Dual objective     =             0.000045
Iteration:   367   Dual objective     =             0.012917
Iteration:   490   Dual objective     =             0.017107
Iteration:   610   Dual objective     =             0.021544
Iteration:   730   Dual objective     =             0.022477
Iteration:   853   Dual objective     =             0.022519
Iteration:   948   Dual objective     =             0.023400
Iteration:  1058   Dual objective     =             0.023605
Iteration:  1166   Dual objective     =             0.023606
Removing perturbation.
7×3 Matrix{Float64}:
 0.0  1.0  0.0
 0.0  0.0  0.0
 0.0  0.0  0.0
 0.0  0.0  0.0
 0.0  0.0  0.0
 0.0  0.0  1.0
 1.0  0.0  0.0
3-element Vector{Float64}:
 0.5337532604697605
 0.26400011846628796
 0.17501249248278586
3×7 Matrix{Float64}:
 0.0  0.0  0.0  0.0  1.0  0.0  0.0
 0.0  0.0  0.0  0.0  0.0  1.0  1.0
 0.0  0.0  0.0  1.0  0.0  0.0  0.0
3-element Vector{Float64}:
 1.0
 1.0
 1.0
7×3 Matrix{Float64}:
 0.107787   0.107787   0.00667894
 0.0        0.0        0.0
 0.0        0.0        0.0
 0.0510704  0.0510704  0.0425398
 0.0        0.0        0.0
 0.0444591  0.0444591  0.0155583
 0.0        0.0        0.0
3-element Vector{Float64}:
 0.20331623164954987
 0.20331623164954987
 0.0647769845726227
3×7 Matrix{Float64}:
 0.0  0.0  0.0  0.350569  0.351714  0.792228   0.291763
 0.0  0.0  0.0  0.286412  0.282545  0.0972776  0.458738
 0.0  0.0  0.0  0.36302   0.365741  0.110495   0.249498
3-element Vector{Float64}:
 0.20331623164954987
 0.20331623164954987
 0.0647769845726227
a: [0.10778674429903745 0.10778674429903742 0.006678937467954255; 0.0 0.0 0.0; 0.0 0.0 0.0; 0.05107035987014985 0.05107035987014988 0.042539791335771085; 0.0 0.0 0.0; 0.04445912748036258 0.04445912748036258 0.01555825576889732; 0.0 0.0 0.0]
b: [0.20331623164954987, 0.20331623164954987, 0.0647769845726227]
c: [0.0 0.0 0.0 0.3505688207654978 0.3517139975907464 0.7922277326793765 0.2917632167644487; 0.0 0.0 0.0 0.286411518787137 0.28254532904010166 0.09727757951075296 0.45873838852834814; 0.0 0.0 0.0 0.3630196604473652 0.36574067336915195 0.11049468780987053 0.24949839470720309]
d: [0.20331623164954987, 0.20331623164954987, 0.0647769845726227]
comparison (CRT and Glb)on prediction: Dict{Bool, Int64}(0 => 51, 1 => 0)
Dataname	 time	 objv	 lb	 gap	 train_w	 train_g	 test_w	 test_g
/work_bgfs/n/navarrodelacruz/odt/optimal_decision_tree/augmented_datasets/seeds/seeds_856.seeds	 27.53	 0.023570472393586128	 N/A	 N/A	 92.258	 0.0	 88.235	 0.0
