Running 6 processes.
Start training /work_bgfs/n/navarrodelacruz/odt/optimal_decision_tree/augmented_datasets/seeds/seeds_24.seeds with seed 1.
Any[]
(7, 206)
(7, 102)
(7, 51)
(7, 53)
dimension: 7, class: 3
cart cost: 44.93260869565216
size of X: (7, 153)
Using method: Global linear DT optimization
Version identifier: 20.1.0.0 | 2020-11-10 | 9bedb6d68
CPXPARAM_Threads                                 1
CPXPARAM_TimeLimit                               72000
Tried aggregator 1 time.
No LP presolve or aggregator reductions.
Presolve time = 0.01 sec. (3.38 ticks)
Initializing dual steep norms . . .

Iteration log . . .
Iteration:     1   Dual objective     =             0.000000
Perturbation started.
Iteration:    51   Dual objective     =             0.000000
Iteration:   172   Dual objective     =             0.000020
Iteration:   304   Dual objective     =             0.000050
Iteration:   403   Dual objective     =             0.008897
Iteration:   528   Dual objective     =             0.020961
Iteration:   646   Dual objective     =             0.021495
Iteration:   770   Dual objective     =             0.022570
Iteration:   879   Dual objective     =             0.022882
Iteration:   986   Dual objective     =             0.023558
Iteration:  1084   Dual objective     =             0.023623
Iteration:  1194   Dual objective     =             0.023624
Removing perturbation.
7×3 Matrix{Float64}:
 0.0  1.0  0.0
 0.0  0.0  1.0
 0.0  0.0  0.0
 0.0  0.0  0.0
 0.0  0.0  0.0
 0.0  0.0  0.0
 1.0  0.0  0.0
3-element Vector{Float64}:
 0.5058148891348189
 0.2705711122444582
 0.6324617971439042
3×7 Matrix{Float64}:
 0.0  0.0  0.0  0.0  1.0  0.0  0.0
 0.0  0.0  0.0  0.0  0.0  1.0  1.0
 0.0  0.0  0.0  1.0  0.0  0.0  0.0
3-element Vector{Float64}:
 1.0
 1.0
 1.0
7×3 Matrix{Float64}:
 0.0657764  0.0657764  0.0
 0.0        0.0        0.0
 0.0280413  0.0280413  0.007895
 0.0587777  0.0587777  0.0294614
 0.0        0.0        0.0
 0.0549469  0.0549469  0.0195663
 0.0        0.0        0.0
3-element Vector{Float64}:
 0.20754237908549028
 0.20754237908549034
 0.05692266516252064
3×7 Matrix{Float64}:
 0.0  0.0  0.0  0.349455  0.347251  0.822015   0.294747
 0.0  0.0  0.0  0.295325  0.291187  0.0831956  0.425058
 0.0  0.0  0.0  0.35522   0.361562  0.094789   0.280195
3-element Vector{Float64}:
 0.20754237908549028
 0.20754237908549034
 0.05692266516252064
a: [0.06577643376774603 0.0657764337677455 0.0; 0.0 0.0 0.0; 0.028041327836989448 0.02804132783698987 0.007895000166392222; 0.058777718473248725 0.05877771847324914 0.029461364584546915; 0.0 0.0 0.0; 0.054946899007506086 0.05494689900750583 0.019566300411581503; 0.0 0.0 0.0]
b: [0.20754237908549028, 0.20754237908549034, 0.05692266516252064]
c: [0.0 0.0 0.0 0.3494546161879754 0.34725074372861575 0.8220153700226562 0.2947471596026479; 0.0 0.0 0.0 0.2953252940091861 0.2911868072894792 0.08319560671738668 0.4250576402398167; 0.0 0.0 0.0 0.3552200898028384 0.36156244898190504 0.09478902325995711 0.28019520015753535]
d: [0.20754237908549028, 0.20754237908549034, 0.05692266516252064]
comparison (CRT and Glb)on prediction: Dict{Bool, Int64}(0 => 53, 1 => 0)
Dataname	 time	 objv	 lb	 gap	 train_w	 train_g	 test_w	 test_g
/work_bgfs/n/navarrodelacruz/odt/optimal_decision_tree/augmented_datasets/seeds/seeds_24.seeds	 29.75	 0.023600371166675065	 N/A	 N/A	 90.196	 0.0	 92.453	 0.0
