Running 6 processes.
Start training /work_bgfs/n/navarrodelacruz/odt/optimal_decision_tree/augmented_datasets/seeds/seeds_122.seeds with seed 1.
Any[]
(7, 206)
(7, 103)
(7, 52)
(7, 51)
dimension: 7, class: 3
cart cost: 44.29285714285715
size of X: (7, 155)
Using method: Global linear DT optimization
Version identifier: 20.1.0.0 | 2020-11-10 | 9bedb6d68
CPXPARAM_Threads                                 1
CPXPARAM_TimeLimit                               72000
Tried aggregator 1 time.
No LP presolve or aggregator reductions.
Presolve time = 0.01 sec. (3.46 ticks)
Initializing dual steep norms . . .

Iteration log . . .
Iteration:     1   Dual objective     =             0.000000
Perturbation started.
Iteration:    51   Dual objective     =             0.000000
Iteration:   176   Dual objective     =             0.000021
Iteration:   305   Dual objective     =             0.000050
Iteration:   426   Dual objective     =             0.017221
Iteration:   563   Dual objective     =             0.018790
Iteration:   729   Dual objective     =             0.021704
Iteration:   877   Dual objective     =             0.022858
Iteration:  1023   Dual objective     =             0.023278
Iteration:  1122   Dual objective     =             0.023686
Iteration:  1226   Dual objective     =             0.023926
Iteration:  1342   Dual objective     =             0.023940
Removing perturbation.
7×3 Matrix{Float64}:
 0.0  1.0  0.0
 0.0  0.0  0.0
 0.0  0.0  1.0
 0.0  0.0  0.0
 0.0  0.0  0.0
 0.0  0.0  0.0
 1.0  0.0  0.0
3-element Vector{Float64}:
 0.522839729444089
 0.26467009032639144
 0.3576375789705305
3×7 Matrix{Float64}:
 0.0  0.0  0.0  0.0  1.0  0.0  0.0
 0.0  0.0  0.0  0.0  0.0  1.0  1.0
 0.0  0.0  0.0  1.0  0.0  0.0  0.0
3-element Vector{Float64}:
 1.0
 1.0
 1.0
7×3 Matrix{Float64}:
 0.119166   0.119166   0.0
 0.0        0.0        0.0
 0.0        0.0        0.0
 0.0474198  0.0474198  0.0353665
 0.0        0.0        0.0
 0.0399044  0.0399044  0.0296543
 0.0        0.0        0.0
3-element Vector{Float64}:
 0.20649061061067897
 0.20649061061067894
 0.06502077419729953
3×7 Matrix{Float64}:
 0.0  0.0  0.0  0.348326  0.35231   0.789402  0.286418
 0.0  0.0  0.0  0.28463   0.274338  0.100286  0.475511
 0.0  0.0  0.0  0.367045  0.373351  0.110312  0.238071
3-element Vector{Float64}:
 0.20649061061067897
 0.20649061061067894
 0.06502077419729953
a: [0.11916644186752469 0.1191664418675252 0.0; 0.0 0.0 0.0; 0.0 0.0 0.0; 0.04741975610467687 0.047419756104676525 0.03536645542187913; 0.0 0.0 0.0; 0.0399044126384774 0.0399044126384772 0.02965431877542039; 0.0 0.0 0.0]
b: [0.20649061061067897, 0.20649061061067894, 0.06502077419729953]
c: [0.0 0.0 0.0 0.34832555620501154 0.3523103684410416 0.7894019402342982 0.2864179190805576; 0.0 0.0 0.0 0.28462984526160057 0.27433849851479164 0.10028630604927179 0.4755109243887185; 0.0 0.0 0.0 0.36704459853338794 0.3733511330441668 0.11031175371643002 0.23807115653072392]
d: [0.20649061061067897, 0.20649061061067894, 0.06502077419729953]
comparison (CRT and Glb)on prediction: Dict{Bool, Int64}(0 => 51, 1 => 0)
Dataname	 time	 objv	 lb	 gap	 train_w	 train_g	 test_w	 test_g
/work_bgfs/n/navarrodelacruz/odt/optimal_decision_tree/augmented_datasets/seeds/seeds_122.seeds	 27.43	 0.023900099770932874	 N/A	 N/A	 90.323	 0.0	 96.078	 0.0
