Running 6 processes.
Start training /work_bgfs/n/navarrodelacruz/odt/optimal_decision_tree/augmented_datasets/seeds/seeds_323.seeds with seed 1.
Any[]
(7, 206)
(7, 102)
(7, 51)
(7, 53)
dimension: 7, class: 3
cart cost: 44.93260869565216
size of X: (7, 153)
Using method: Global linear DT optimization
Version identifier: 20.1.0.0 | 2020-11-10 | 9bedb6d68
CPXPARAM_Threads                                 1
CPXPARAM_TimeLimit                               72000
Tried aggregator 1 time.
No LP presolve or aggregator reductions.
Presolve time = 0.01 sec. (3.38 ticks)
Initializing dual steep norms . . .

Iteration log . . .
Iteration:     1   Dual objective     =             0.000000
Perturbation started.
Iteration:    51   Dual objective     =             0.000000
Iteration:   228   Dual objective     =             0.000036
Iteration:   346   Dual objective     =             0.011391
Iteration:   455   Dual objective     =             0.016829
Iteration:   568   Dual objective     =             0.022745
Iteration:   684   Dual objective     =             0.022951
Iteration:   795   Dual objective     =             0.022952
Iteration:   913   Dual objective     =             0.023191
Iteration:  1025   Dual objective     =             0.023641
Iteration:  1135   Dual objective     =             0.023640
Removing perturbation.
7×3 Matrix{Float64}:
 0.0  1.0  0.0
 0.0  0.0  1.0
 0.0  0.0  0.0
 0.0  0.0  0.0
 0.0  0.0  0.0
 0.0  0.0  0.0
 1.0  0.0  0.0
3-element Vector{Float64}:
 0.47884018807843165
 0.26805408417221543
 0.6246896358249393
3×7 Matrix{Float64}:
 0.0  0.0  0.0  0.0  1.0  0.0  0.0
 0.0  0.0  0.0  0.0  0.0  1.0  1.0
 0.0  0.0  0.0  1.0  0.0  0.0  0.0
3-element Vector{Float64}:
 1.0
 1.0
 1.0
7×3 Matrix{Float64}:
 0.108536   0.108536   0.0
 0.0        0.0        0.0
 0.0        0.0        0.0
 0.0        0.0        0.0
 0.0        0.0        0.0
 0.0606475  0.0606475  0.0118075
 0.0363471  0.0363471  0.0492505
3-element Vector{Float64}:
 0.20553057903617047
 0.2055305790361705
 0.06105799481879694
3×7 Matrix{Float64}:
 0.0  0.0  0.0  0.351355  0.351355  0.806503   0.280593
 0.0  0.0  0.0  0.291012  0.283991  0.0868785  0.442465
 0.0  0.0  0.0  0.357633  0.364654  0.106618   0.276942
3-element Vector{Float64}:
 0.20553057903617047
 0.2055305790361705
 0.06105799481879694
a: [0.1085359572251117 0.10853595722511214 0.0; 0.0 0.0 0.0; 0.0 0.0 0.0; 0.0 0.0 0.0; 0.0 0.0 0.0; 0.06064747435045392 0.060647474350453714 0.011807541139022089; 0.036347147460604856 0.03634714746060462 0.04925045367977485]
b: [0.20553057903617047, 0.2055305790361705, 0.06105799481879694]
c: [0.0 0.0 0.0 0.35135497828276263 0.35135497828276263 0.806503267797662 0.28059259244113477; 0.0 0.0 0.0 0.2910119421742581 0.2839907088464747 0.0868784605762436 0.44246518298065574; 0.0 0.0 0.0 0.3576330795429793 0.36465431287076266 0.1066182716260944 0.2769422245782095]
d: [0.20553057903617047, 0.2055305790361705, 0.06105799481879694]
comparison (CRT and Glb)on prediction: Dict{Bool, Int64}(0 => 53, 1 => 0)
Dataname	 time	 objv	 lb	 gap	 train_w	 train_g	 test_w	 test_g
/work_bgfs/n/navarrodelacruz/odt/optimal_decision_tree/augmented_datasets/seeds/seeds_323.seeds	 33.39	 0.023605957644556898	 N/A	 N/A	 90.196	 0.0	 90.566	 0.0
