Running 6 processes.
Start training /work_bgfs/n/navarrodelacruz/odt/optimal_decision_tree/augmented_datasets/seeds/seeds_142.seeds with seed 1.
Any[]
(7, 206)
(7, 103)
(7, 52)
(7, 51)
dimension: 7, class: 3
cart cost: 38.40714285714285
size of X: (7, 155)
Using method: Global linear DT optimization
Version identifier: 20.1.0.0 | 2020-11-10 | 9bedb6d68
CPXPARAM_Threads                                 1
CPXPARAM_TimeLimit                               72000
Tried aggregator 1 time.
No LP presolve or aggregator reductions.
Presolve time = 0.01 sec. (3.48 ticks)
Initializing dual steep norms . . .

Iteration log . . .
Iteration:     1   Dual objective     =             0.000000
Perturbation started.
Iteration:    51   Dual objective     =             0.000000
Iteration:   185   Dual objective     =             0.000025
Iteration:   335   Dual objective     =             0.000055
Iteration:   468   Dual objective     =             0.009600
Iteration:   572   Dual objective     =             0.021727
Iteration:   679   Dual objective     =             0.022087
Iteration:   793   Dual objective     =             0.022949
Iteration:   912   Dual objective     =             0.023220
Iteration:  1022   Dual objective     =             0.023252
Iteration:  1137   Dual objective     =             0.023715
Iteration:  1266   Dual objective     =             0.023729
Removing perturbation.
7×3 Matrix{Float64}:
 0.0  1.0  0.0
 0.0  0.0  0.0
 0.0  0.0  0.0
 0.0  0.0  0.0
 0.0  0.0  0.0
 0.0  0.0  1.0
 1.0  0.0  0.0
3-element Vector{Float64}:
 0.527909546209425
 0.2705336738277665
 0.1947594457345842
3×7 Matrix{Float64}:
 0.0  0.0  0.0  0.0  1.0  0.0  0.0
 0.0  0.0  0.0  0.0  0.0  1.0  1.0
 0.0  0.0  0.0  1.0  0.0  0.0  0.0
3-element Vector{Float64}:
 1.0
 1.0
 1.0
7×3 Matrix{Float64}:
 0.112438   0.112438   0.0
 0.0        0.0        0.0
 0.0100912  0.0100912  0.0
 0.0340647  0.0340647  0.0350364
 0.0        0.0        0.0
 0.0501695  0.0501695  0.0252547
 0.0        0.0        0.0
3-element Vector{Float64}:
 0.20676376393279836
 0.2067637639327983
 0.06029106231625529
3×7 Matrix{Float64}:
 0.0  0.0  0.0  0.346686  0.352161  0.810616   0.290867
 0.0  0.0  0.0  0.288546  0.274611  0.0887886  0.447129
 0.0  0.0  0.0  0.364768  0.373227  0.100595   0.262004
3-element Vector{Float64}:
 0.20676376393279836
 0.2067637639327983
 0.06029106231625529
a: [0.11243839480426518 0.11243839480426525 0.0; 0.0 0.0 0.0; 0.010091189741826434 0.010091189741827211 0.0; 0.03406471231948875 0.03406471231948814 0.03503635416616109; 0.0 0.0 0.0; 0.050169467067218004 0.05016946706721771 0.025254708150094195; 0.0 0.0 0.0]
b: [0.20676376393279836, 0.2067637639327983, 0.06029106231625529]
c: [0.0 0.0 0.0 0.34668620001944733 0.35216140520369765 0.8106158878927706 0.29086675474761314; 0.0 0.0 0.0 0.28854556813723325 0.27461116440819655 0.08878861916274285 0.44712890748381207; 0.0 0.0 0.0 0.36476823184331947 0.37322743038810574 0.10059549294448653 0.2620043377685748]
d: [0.20676376393279836, 0.2067637639327983, 0.06029106231625529]
comparison (CRT and Glb)on prediction: Dict{Bool, Int64}(0 => 51, 1 => 0)
Dataname	 time	 objv	 lb	 gap	 train_w	 train_g	 test_w	 test_g
/work_bgfs/n/navarrodelacruz/odt/optimal_decision_tree/augmented_datasets/seeds/seeds_142.seeds	 38.96	 0.0236909295090926	 N/A	 N/A	 91.613	 0.0	 92.157	 0.0
