Running 6 processes.
Start training /work_bgfs/n/navarrodelacruz/odt/optimal_decision_tree/augmented_datasets/seeds/seeds_376.seeds with seed 1.
Any[]
(7, 206)
(7, 102)
(7, 51)
(7, 53)
dimension: 7, class: 3
cart cost: 44.93260869565216
size of X: (7, 153)
Using method: Global linear DT optimization
Version identifier: 20.1.0.0 | 2020-11-10 | 9bedb6d68
CPXPARAM_Threads                                 1
CPXPARAM_TimeLimit                               72000
Tried aggregator 1 time.
No LP presolve or aggregator reductions.
Presolve time = 0.01 sec. (3.39 ticks)
Initializing dual steep norms . . .

Iteration log . . .
Iteration:     1   Dual objective     =             0.000000
Perturbation started.
Iteration:    51   Dual objective     =             0.000000
Iteration:   211   Dual objective     =             0.000029
Iteration:   315   Dual objective     =             0.000047
Iteration:   443   Dual objective     =             0.016568
Iteration:   550   Dual objective     =             0.016833
Iteration:   697   Dual objective     =             0.021735
Iteration:   812   Dual objective     =             0.021837
Iteration:   912   Dual objective     =             0.022982
Iteration:  1016   Dual objective     =             0.023675
Iteration:  1133   Dual objective     =             0.023705
Removing perturbation.
7×3 Matrix{Float64}:
 0.0  1.0  0.0
 0.0  0.0  0.0
 0.0  0.0  0.0
 0.0  0.0  0.0
 0.0  0.0  0.0
 0.0  0.0  1.0
 1.0  0.0  0.0
3-element Vector{Float64}:
 0.5096066845813401
 0.27092910957755045
 0.18837025208386077
3×7 Matrix{Float64}:
 0.0  0.0  0.0  0.0  1.0  0.0  0.0
 0.0  0.0  0.0  0.0  0.0  1.0  1.0
 0.0  0.0  0.0  1.0  0.0  0.0  0.0
3-element Vector{Float64}:
 1.0
 1.0
 1.0
7×3 Matrix{Float64}:
 0.113587    0.113587    0.0361284
 0.0         0.0         0.0
 0.00925961  0.00925961  0.000332056
 0.0359968   0.0359968   0.0282455
 0.0         0.0         0.0
 0.0463698   0.0463698   0.0
 0.0         0.0         0.0
3-element Vector{Float64}:
 0.2052127504721684
 0.20521275047216841
 0.06470602423125374
3×7 Matrix{Float64}:
 0.0  0.0  0.0  0.347523  0.349203  0.790518   0.294399
 0.0  0.0  0.0  0.28991   0.283902  0.0915396  0.458227
 0.0  0.0  0.0  0.362567  0.366895  0.117942   0.247374
3-element Vector{Float64}:
 0.2052127504721684
 0.20521275047216841
 0.06470602423125374
a: [0.11358654765911827 0.11358654765911795 0.0361284381070229; 0.0 0.0 0.0; 0.00925960989268058 0.009259609892680341 0.0003320562437340545; 0.035996811959609604 0.03599681195960999 0.028245529880496778; 0.0 0.0 0.0; 0.046369780960760054 0.04636978096076014 0.0; 0.0 0.0 0.0]
b: [0.2052127504721684, 0.20521275047216841, 0.06470602423125374]
c: [0.0 0.0 0.0 0.34752274812402895 0.3492029145231862 0.7905183952408621 0.29439887497364736; 0.0 0.0 0.0 0.2899101212338151 0.28390169137440774 0.09153957620406103 0.45822666732170764; 0.0 0.0 0.0 0.36256713064215595 0.36689539410240607 0.11794202855507681 0.247374457704645]
d: [0.2052127504721684, 0.20521275047216841, 0.06470602423125374]
comparison (CRT and Glb)on prediction: Dict{Bool, Int64}(0 => 53, 1 => 0)
Dataname	 time	 objv	 lb	 gap	 train_w	 train_g	 test_w	 test_g
/work_bgfs/n/navarrodelacruz/odt/optimal_decision_tree/augmented_datasets/seeds/seeds_376.seeds	 29.37	 0.02375657625877952	 N/A	 N/A	 90.196	 0.0	 92.453	 0.0
