Running 6 processes.
Start training /work_bgfs/n/navarrodelacruz/odt/optimal_decision_tree/augmented_datasets/seeds/seeds_270.seeds with seed 1.
Any[]
(7, 206)
(7, 103)
(7, 52)
(7, 51)
dimension: 7, class: 3
cart cost: 44.29285714285715
size of X: (7, 155)
Using method: Global linear DT optimization
Version identifier: 20.1.0.0 | 2020-11-10 | 9bedb6d68
CPXPARAM_Threads                                 1
CPXPARAM_TimeLimit                               72000
Tried aggregator 1 time.
No LP presolve or aggregator reductions.
Presolve time = 0.01 sec. (3.45 ticks)
Initializing dual steep norms . . .

Iteration log . . .
Iteration:     1   Dual objective     =             0.000000
Perturbation started.
Iteration:    51   Dual objective     =             0.000000
Iteration:   255   Dual objective     =             0.000044
Iteration:   380   Dual objective     =             0.008992
Iteration:   493   Dual objective     =             0.016799
Iteration:   615   Dual objective     =             0.017560
Iteration:   735   Dual objective     =             0.023583
Iteration:   838   Dual objective     =             0.023587
Iteration:   946   Dual objective     =             0.023588
Iteration:  1057   Dual objective     =             0.023583
Iteration:  1168   Dual objective     =             0.023593
Removing perturbation.
7×3 Matrix{Float64}:
 0.0  1.0  0.0
 0.0  0.0  0.0
 0.0  0.0  0.0
 0.0  0.0  0.0
 0.0  0.0  0.0
 0.0  0.0  1.0
 1.0  0.0  0.0
3-element Vector{Float64}:
 0.5324744245002132
 0.2641513172068017
 0.1924044784147546
3×7 Matrix{Float64}:
 0.0  0.0  0.0  0.0  1.0  0.0  0.0
 0.0  0.0  0.0  0.0  0.0  1.0  1.0
 0.0  0.0  0.0  1.0  0.0  0.0  0.0
3-element Vector{Float64}:
 1.0
 1.0
 1.0
7×3 Matrix{Float64}:
 0.00888609  0.00888609  0.0
 0.0         0.0         0.0
 0.0665575   0.0665575   0.0394116
 0.0546699   0.0546699   0.0
 0.0         0.0         0.0
 0.0263438   0.0263438   0.000851438
 0.0520021   0.0520021   0.0139321
3-element Vector{Float64}:
 0.2084594676725646
 0.20845946767256465
 0.05419517416277288
3×7 Matrix{Float64}:
 0.0  0.0  0.0  0.35254   0.368975  0.827941   0.294206
 0.0  0.0  0.0  0.299285  0.279591  0.0821144  0.406667
 0.0  0.0  0.0  0.348175  0.351434  0.0899449  0.299127
3-element Vector{Float64}:
 0.2084594676725646
 0.20845946767256465
 0.05419517416277288
a: [0.00888608841903378 0.008886088419033836 0.0; 0.0 0.0 0.0; 0.06655749204849863 0.06655749204849876 0.039411607208456816; 0.0546699470554714 0.05466994705547141 0.0; 0.0 0.0 0.0; 0.026343794156907793 0.026343794156908167 0.0008514379780293901; 0.052002145992653015 0.05200214599265253 0.01393212897628672]
b: [0.2084594676725646, 0.20845946767256465, 0.05419517416277288]
c: [0.0 0.0 0.0 0.35253984583813774 0.3689748358724324 0.8279407493467197 0.2942055545509109; 0.0 0.0 0.0 0.29928542502619376 0.27959147665236395 0.08211435686000494 0.4066673283483342; 0.0 0.0 0.0 0.34817472913566855 0.35143368747520365 0.08994489379327542 0.2991271171007549]
d: [0.2084594676725646, 0.20845946767256465, 0.05419517416277288]
comparison (CRT and Glb)on prediction: Dict{Bool, Int64}(0 => 51, 1 => 0)
Dataname	 time	 objv	 lb	 gap	 train_w	 train_g	 test_w	 test_g
/work_bgfs/n/navarrodelacruz/odt/optimal_decision_tree/augmented_datasets/seeds/seeds_270.seeds	 34.04	 0.023555705475395115	 N/A	 N/A	 90.323	 0.0	 96.078	 0.0
