Running 6 processes.
Start training /work_bgfs/n/navarrodelacruz/odt/optimal_decision_tree/augmented_datasets/seeds/seeds_22.seeds with seed 1.
Any[]
(7, 206)
(7, 103)
(7, 52)
(7, 51)
dimension: 7, class: 3
cart cost: 32.52142857142855
size of X: (7, 155)
Using method: Global linear DT optimization
Version identifier: 20.1.0.0 | 2020-11-10 | 9bedb6d68
CPXPARAM_Threads                                 1
CPXPARAM_TimeLimit                               72000
Tried aggregator 1 time.
No LP presolve or aggregator reductions.
Presolve time = 0.01 sec. (3.45 ticks)
Initializing dual steep norms . . .

Iteration log . . .
Iteration:     1   Dual objective     =             0.000000
Perturbation started.
Iteration:    51   Dual objective     =             0.000000
Iteration:   267   Dual objective     =             0.000040
Iteration:   373   Dual objective     =             0.000059
Iteration:   492   Dual objective     =             0.017880
Iteration:   656   Dual objective     =             0.021665
Iteration:   773   Dual objective     =             0.022591
Iteration:   880   Dual objective     =             0.023465
Iteration:   980   Dual objective     =             0.023714
Iteration:  1076   Dual objective     =             0.023720
Iteration:  1184   Dual objective     =             0.023720
Removing perturbation.
7×3 Matrix{Float64}:
 0.0  1.0  0.0
 0.0  0.0  0.0
 0.0  0.0  0.0
 0.0  0.0  0.0
 0.0  0.0  0.0
 0.0  0.0  1.0
 1.0  0.0  0.0
3-element Vector{Float64}:
 0.5286196363292338
 0.2625176735832071
 0.17906864849550777
3×7 Matrix{Float64}:
 0.0  0.0  0.0  0.0  1.0  0.0  0.0
 0.0  0.0  0.0  0.0  0.0  1.0  1.0
 0.0  0.0  0.0  1.0  0.0  0.0  0.0
3-element Vector{Float64}:
 1.0
 1.0
 1.0
7×3 Matrix{Float64}:
 0.0403419  0.0403419  0.0
 0.0        0.0        0.0
 0.032985   0.032985   0.00772779
 0.0528526  0.0528526  0.0
 0.0        0.0        0.0
 0.043318   0.043318   0.0173458
 0.0388302  0.0388302  0.0319704
3-element Vector{Float64}:
 0.2083276089481719
 0.20832760894817196
 0.05704401650851315
3×7 Matrix{Float64}:
 0.0  0.0  0.0  0.350018  0.354152  0.827248   0.289917
 0.0  0.0  0.0  0.296218  0.286955  0.0819053  0.42844
 0.0  0.0  0.0  0.353764  0.358893  0.0908465  0.281643
3-element Vector{Float64}:
 0.2083276089481719
 0.20832760894817196
 0.05704401650851315
a: [0.04034194883922579 0.04034194883922616 0.0; 0.0 0.0 0.0; 0.0329849882049353 0.03298498820493556 0.007727785698324004; 0.05285256470954842 0.052852564709547564 0.0; 0.0 0.0 0.0; 0.04331795336502118 0.043317953365021 0.017345827739801166; 0.038830153829441244 0.038830153829441674 0.03197040307038798]
b: [0.2083276089481719, 0.20832760894817196, 0.05704401650851315]
c: [0.0 0.0 0.0 0.35001768642563996 0.3541518592952647 0.8272482023037824 0.2899174011639707; 0.0 0.0 0.0 0.29621826033037285 0.28695508945562725 0.08190533707830114 0.42843994106248523; 0.0 0.0 0.0 0.35376405324398724 0.3588930512491081 0.09084646061791649 0.281642657773544]
d: [0.2083276089481719, 0.20832760894817196, 0.05704401650851315]
comparison (CRT and Glb)on prediction: Dict{Bool, Int64}(0 => 51, 1 => 0)
Dataname	 time	 objv	 lb	 gap	 train_w	 train_g	 test_w	 test_g
/work_bgfs/n/navarrodelacruz/odt/optimal_decision_tree/augmented_datasets/seeds/seeds_22.seeds	 31.26	 0.023684961720242856	 N/A	 N/A	 92.903	 0.0	 90.196	 0.0
