Running 6 processes.
Start training /work_bgfs/n/navarrodelacruz/odt/optimal_decision_tree/augmented_datasets/seeds/seeds_534.seeds with seed 1.
Any[]
(7, 206)
(7, 103)
(7, 52)
(7, 51)
dimension: 7, class: 3
cart cost: 47.2357142857143
size of X: (7, 155)
Using method: Global linear DT optimization
Version identifier: 20.1.0.0 | 2020-11-10 | 9bedb6d68
CPXPARAM_Threads                                 1
CPXPARAM_TimeLimit                               72000
Tried aggregator 1 time.
No LP presolve or aggregator reductions.
Presolve time = 0.01 sec. (3.44 ticks)
Initializing dual steep norms . . .

Iteration log . . .
Iteration:     1   Dual objective     =             0.000000
Perturbation started.
Iteration:    51   Dual objective     =             0.000000
Iteration:   195   Dual objective     =             0.000026
Iteration:   330   Dual objective     =             0.000059
Iteration:   437   Dual objective     =             0.016553
Iteration:   537   Dual objective     =             0.018755
Iteration:   650   Dual objective     =             0.022665
Iteration:   748   Dual objective     =             0.022666
Iteration:   852   Dual objective     =             0.022704
Iteration:   957   Dual objective     =             0.023391
Iteration:  1066   Dual objective     =             0.023698
Iteration:  1165   Dual objective     =             0.023714
Removing perturbation.
7×3 Matrix{Float64}:
 0.0  1.0  0.0
 0.0  0.0  0.0
 0.0  0.0  0.0
 0.0  0.0  0.0
 0.0  0.0  0.0
 0.0  0.0  1.0
 1.0  0.0  0.0
3-element Vector{Float64}:
 0.5266835917783455
 0.27040303601996035
 0.17285317754652743
3×7 Matrix{Float64}:
 0.0  0.0  0.0  0.0  1.0  0.0  0.0
 0.0  0.0  0.0  0.0  0.0  1.0  1.0
 0.0  0.0  0.0  1.0  0.0  0.0  0.0
3-element Vector{Float64}:
 1.0
 1.0
 1.0
7×3 Matrix{Float64}:
 0.0326537  0.0326537  0.0
 0.0        0.0        0.0
 0.0270656  0.0270656  0.0249491
 0.110282   0.110282   0.0162007
 0.0        0.0        0.0
 0.0350885  0.0350885  0.0222125
 0.0        0.0        0.0
3-element Vector{Float64}:
 0.2050900535023342
 0.20509005350233422
 0.06336231220666791
3×7 Matrix{Float64}:
 0.0  0.0  0.0  0.345996  0.344247  0.791064  0.303876
 0.0  0.0  0.0  0.290996  0.287139  0.103446  0.443968
 0.0  0.0  0.0  0.363008  0.368614  0.105489  0.252156
3-element Vector{Float64}:
 0.2050900535023342
 0.20509005350233422
 0.06336231220666791
a: [0.032653698372522445 0.03265369837252196 0.0; 0.0 0.0 0.0; 0.027065613549232304 0.027065613549232315 0.02494910455492507; 0.11028225409401163 0.11028225409401218 0.0162006998340889; 0.0 0.0 0.0; 0.03508848748656784 0.03508848748656777 0.02221250781765397; 0.0 0.0 0.0]
b: [0.2050900535023342, 0.20509005350233422, 0.06336231220666791]
c: [0.0 0.0 0.0 0.34599585113650544 0.34424720007366405 0.7910643383350527 0.30387560075753606; 0.0 0.0 0.0 0.29099601820784793 0.2871391642887683 0.10344647110669879 0.44396843728389923; 0.0 0.0 0.0 0.36300813065564663 0.36861363563756766 0.10548919055824842 0.25215596195856477]
d: [0.2050900535023342, 0.20509005350233422, 0.06336231220666791]
comparison (CRT and Glb)on prediction: Dict{Bool, Int64}(0 => 51, 1 => 0)
Dataname	 time	 objv	 lb	 gap	 train_w	 train_g	 test_w	 test_g
/work_bgfs/n/navarrodelacruz/odt/optimal_decision_tree/augmented_datasets/seeds/seeds_534.seeds	 32.78	 0.023677120960566823	 N/A	 N/A	 89.677	 0.0	 96.078	 0.0
