Running 6 processes.
Start training /work_bgfs/n/navarrodelacruz/odt/optimal_decision_tree/augmented_datasets/seeds/seeds_101.seeds with seed 1.
Any[]
(7, 206)
(7, 103)
(7, 52)
(7, 51)
dimension: 7, class: 3
cart cost: 41.35
size of X: (7, 155)
Using method: Global linear DT optimization
Version identifier: 20.1.0.0 | 2020-11-10 | 9bedb6d68
CPXPARAM_Threads                                 1
CPXPARAM_TimeLimit                               72000
Tried aggregator 1 time.
No LP presolve or aggregator reductions.
Presolve time = 0.01 sec. (3.45 ticks)
Initializing dual steep norms . . .

Iteration log . . .
Iteration:     1   Dual objective     =             0.000000
Perturbation started.
Iteration:    51   Dual objective     =             0.000000
Iteration:   256   Dual objective     =             0.000042
Iteration:   361   Dual objective     =             0.009353
Iteration:   523   Dual objective     =             0.016654
Iteration:   653   Dual objective     =             0.022650
Iteration:   767   Dual objective     =             0.022674
Iteration:   871   Dual objective     =             0.023249
Iteration:   972   Dual objective     =             0.023459
Iteration:  1077   Dual objective     =             0.023647
Iteration:  1193   Dual objective     =             0.023648
Iteration:  1305   Dual objective     =             0.023664
Removing perturbation.
7×3 Matrix{Float64}:
 0.0  1.0  0.0
 0.0  0.0  0.0
 0.0  0.0  1.0
 0.0  0.0  0.0
 0.0  0.0  0.0
 0.0  0.0  0.0
 1.0  0.0  0.0
3-element Vector{Float64}:
 0.5321177851516068
 0.2701776151789591
 0.38881134040915183
3×7 Matrix{Float64}:
 0.0  0.0  0.0  0.0  1.0  0.0  0.0
 0.0  0.0  0.0  0.0  0.0  1.0  1.0
 0.0  0.0  0.0  1.0  0.0  0.0  0.0
3-element Vector{Float64}:
 1.0
 1.0
 1.0
7×3 Matrix{Float64}:
 0.103328   0.103328   0.00879944
 0.0        0.0        0.0
 0.0333508  0.0333508  0.0159965
 0.0        0.0        0.0
 0.0        0.0        0.0
 0.0252058  0.0252058  0.0234367
 0.0446251  0.0446251  0.0112276
3-element Vector{Float64}:
 0.20651012844641792
 0.206510128446418
 0.05946029254006389
3×7 Matrix{Float64}:
 0.0  0.0  0.0  0.350364  0.354089  0.812274   0.308397
 0.0  0.0  0.0  0.282258  0.275643  0.0916823  0.462178
 0.0  0.0  0.0  0.367378  0.370268  0.0960432  0.229426
3-element Vector{Float64}:
 0.20651012844641792
 0.206510128446418
 0.05946029254006389
a: [0.10332841759049571 0.10332841759049549 0.00879943820595376; 0.0 0.0 0.0; 0.03335084991866294 0.03335084991866322 0.015996545536961927; 0.0 0.0 0.0; 0.0 0.0 0.0; 0.025205787244596094 0.02520578724459597 0.023436744214920986; 0.04462507369266315 0.04462507369266333 0.011227564582227258]
b: [0.20651012844641792, 0.206510128446418, 0.05946029254006389]
c: [0.0 0.0 0.0 0.35036382623565615 0.35408942340450633 0.8122744945930633 0.3083965910964754; 0.0 0.0 0.0 0.2822579707795682 0.2756426900517037 0.09168225651741865 0.46217751340784063; 0.0 0.0 0.0 0.3673782029847756 0.37026788654378995 0.09604324888951796 0.22942589549568393]
d: [0.20651012844641792, 0.206510128446418, 0.05946029254006389]
comparison (CRT and Glb)on prediction: Dict{Bool, Int64}(0 => 51, 1 => 0)
Dataname	 time	 objv	 lb	 gap	 train_w	 train_g	 test_w	 test_g
/work_bgfs/n/navarrodelacruz/odt/optimal_decision_tree/augmented_datasets/seeds/seeds_101.seeds	 66.19	 0.023624027471644993	 N/A	 N/A	 90.968	 0.0	 94.118	 0.0
