Running 6 processes.
Start training /work_bgfs/n/navarrodelacruz/odt/optimal_decision_tree/augmented_datasets/seeds/seeds_279.seeds with seed 1.
Any[]
(7, 206)
(7, 103)
(7, 52)
(7, 51)
dimension: 7, class: 3
cart cost: 38.40714285714285
size of X: (7, 155)
Using method: Global linear DT optimization
Version identifier: 20.1.0.0 | 2020-11-10 | 9bedb6d68
CPXPARAM_Threads                                 1
CPXPARAM_TimeLimit                               72000
Tried aggregator 1 time.
No LP presolve or aggregator reductions.
Presolve time = 0.01 sec. (3.47 ticks)
Initializing dual steep norms . . .

Iteration log . . .
Iteration:     1   Dual objective     =             0.000000
Perturbation started.
Iteration:    51   Dual objective     =             0.000000
Iteration:   215   Dual objective     =             0.000035
Iteration:   315   Dual objective     =             0.000052
Iteration:   425   Dual objective     =             0.020701
Iteration:   536   Dual objective     =             0.021651
Iteration:   665   Dual objective     =             0.021767
Iteration:   775   Dual objective     =             0.022849
Iteration:   885   Dual objective     =             0.023261
Iteration:  1003   Dual objective     =             0.023508
Iteration:  1110   Dual objective     =             0.023592
Iteration:  1222   Dual objective     =             0.023593
Iteration:  1328   Dual objective     =             0.023645
Removing perturbation.
7×3 Matrix{Float64}:
 0.0  1.0  0.0
 0.0  0.0  0.0
 0.0  0.0  0.0
 0.0  0.0  0.0
 0.0  0.0  0.0
 0.0  0.0  1.0
 1.0  0.0  0.0
3-element Vector{Float64}:
 0.5417743587533448
 0.26258883205266353
 0.18663130302738717
3×7 Matrix{Float64}:
 0.0  0.0  0.0  0.0  1.0  0.0  0.0
 0.0  0.0  0.0  0.0  0.0  1.0  1.0
 0.0  0.0  0.0  1.0  0.0  0.0  0.0
3-element Vector{Float64}:
 1.0
 1.0
 1.0
7×3 Matrix{Float64}:
 0.0777528  0.0777528  0.0
 0.0        0.0        0.0
 0.0        0.0        0.0
 0.0984556  0.0984556  0.0391953
 0.0        0.0        0.0
 0.0298466  0.0298466  0.0208942
 0.0        0.0        0.0
3-element Vector{Float64}:
 0.20605494100969612
 0.20605494100969618
 0.06008953835918221
3×7 Matrix{Float64}:
 0.0  0.0  0.0  0.34715   0.354268  0.80949    0.298581
 0.0  0.0  0.0  0.282242  0.268822  0.0889313  0.476342
 0.0  0.0  0.0  0.370608  0.376909  0.101578   0.225077
3-element Vector{Float64}:
 0.20605494100969612
 0.20605494100969618
 0.06008953835918221
a: [0.07775276672411868 0.07775276672411814 0.0; 0.0 0.0 0.0; 0.0 0.0 0.0; 0.09845559106842947 0.09845559106843016 0.039195306526618734; 0.0 0.0 0.0; 0.029846583217147962 0.02984658321714788 0.020894231832563184; 0.0 0.0 0.0]
b: [0.20605494100969612, 0.20605494100969618, 0.06008953835918221]
c: [0.0 0.0 0.0 0.34715008075981657 0.3542684504571457 0.8094904337115179 0.29858146878303776; 0.0 0.0 0.0 0.2822416597798194 0.2688220953093027 0.08893128072060874 0.4763417450990906; 0.0 0.0 0.0 0.370608259460364 0.3769094542335516 0.10157828556787343 0.22507678611787166]
d: [0.20605494100969612, 0.20605494100969618, 0.06008953835918221]
comparison (CRT and Glb)on prediction: Dict{Bool, Int64}(0 => 51, 1 => 0)
Dataname	 time	 objv	 lb	 gap	 train_w	 train_g	 test_w	 test_g
/work_bgfs/n/navarrodelacruz/odt/optimal_decision_tree/augmented_datasets/seeds/seeds_279.seeds	 27.28	 0.023609971018928737	 N/A	 N/A	 91.613	 0.0	 90.196	 0.0
