Running 6 processes.
Start training /work_bgfs/n/navarrodelacruz/odt/optimal_decision_tree/augmented_datasets/seeds/seeds_944.seeds with seed 1.
Any[]
(7, 206)
(7, 102)
(7, 51)
(7, 53)
dimension: 7, class: 3
cart cost: 41.947101449275365
size of X: (7, 153)
Using method: Global linear DT optimization
Version identifier: 20.1.0.0 | 2020-11-10 | 9bedb6d68
CPXPARAM_Threads                                 1
CPXPARAM_TimeLimit                               1728000
Tried aggregator 1 time.
No LP presolve or aggregator reductions.
Presolve time = 0.01 sec. (3.39 ticks)
Initializing dual steep norms . . .

Iteration log . . .
Iteration:     1   Dual objective     =             0.000000
Perturbation started.
Iteration:    51   Dual objective     =             0.000000
Iteration:   241   Dual objective     =             0.000042
Iteration:   359   Dual objective     =             0.000551
Iteration:   488   Dual objective     =             0.016509
Iteration:   619   Dual objective     =             0.021562
Iteration:   737   Dual objective     =             0.021837
Iteration:   849   Dual objective     =             0.022327
Iteration:   958   Dual objective     =             0.023202
Iteration:  1077   Dual objective     =             0.023575
Iteration:  1185   Dual objective     =             0.023739
Iteration:  1302   Dual objective     =             0.023749
Removing perturbation.
7×3 Matrix{Float64}:
 0.0  1.0  0.0
 0.0  0.0  0.0
 0.0  0.0  0.0
 0.0  0.0  0.0
 0.0  0.0  0.0
 0.0  0.0  1.0
 1.0  0.0  0.0
3-element Vector{Float64}:
 0.5124166317790472
 0.27098190222628626
 0.16904285736835642
3×7 Matrix{Float64}:
 0.0  0.0  0.0  0.0  1.0  0.0  0.0
 0.0  0.0  0.0  0.0  0.0  1.0  1.0
 0.0  0.0  0.0  1.0  0.0  0.0  0.0
3-element Vector{Float64}:
 1.0
 1.0
 1.0
7×3 Matrix{Float64}:
 0.0728778  0.0728778  0.0
 0.0        0.0        0.0
 0.0289198  0.0289198  0.00839205
 0.0276984  0.0276984  0.0
 0.0        0.0        0.0
 0.0303559  0.0303559  0.0154951
 0.0510691  0.0510691  0.0284376
3-element Vector{Float64}:
 0.21092095205350117
 0.21092095205350112
 0.05232474063107123
3×7 Matrix{Float64}:
 0.0  0.0  0.0  0.353099  0.34999   0.840188   0.29909
 0.0  0.0  0.0  0.28849   0.281665  0.0756583  0.450131
 0.0  0.0  0.0  0.358411  0.368345  0.0841534  0.25078
3-element Vector{Float64}:
 0.21092095205350114
 0.21092095205350112
 0.05232474063107123
a: [0.07287783560037991 0.07287783560038105 0.0; 0.0 0.0 0.0; 0.028919825691235454 0.02891982569123508 0.008392049634060221; 0.027698365466704598 0.027698365466703574 0.0; 0.0 0.0 0.0; 0.030355867500521425 0.030355867500521536 0.015495079495446894; 0.05106905779465984 0.05106905779465989 0.028437611501564136]
b: [0.21092095205350117, 0.21092095205350112, 0.05232474063107123]
c: [0.0 0.0 0.0 0.35309933237384006 0.34998969969893967 0.8401883186539068 0.29908950997476674; 0.0 0.0 0.0 0.28848987180653685 0.28166505073016934 0.07565832870810407 0.4501306954265522; 0.0 0.0 0.0 0.3584107958196231 0.36834524957089093 0.08415335263798912 0.25077979459868105]
d: [0.21092095205350114, 0.21092095205350112, 0.05232474063107123]
comparison (CRT and Glb)on prediction: Dict{Bool, Int64}(0 => 53, 1 => 0)
Dataname	 time	 objv	 lb	 gap	 train_w	 train_g	 test_w	 test_g
/work_bgfs/n/navarrodelacruz/odt/optimal_decision_tree/augmented_datasets/seeds/seeds_944.seeds	 30.78	 0.023708332236903662	 N/A	 N/A	 90.85	 0.0	 90.566	 0.0
