Running 6 processes.
Start training /work_bgfs/n/navarrodelacruz/odt/optimal_decision_tree/augmented_datasets/seeds/seeds_439.seeds with seed 1.
Any[]
(7, 206)
(7, 102)
(7, 51)
(7, 53)
dimension: 7, class: 3
cart cost: 44.93260869565216
size of X: (7, 153)
Using method: Global linear DT optimization
Version identifier: 20.1.0.0 | 2020-11-10 | 9bedb6d68
CPXPARAM_Threads                                 1
CPXPARAM_TimeLimit                               72000
Tried aggregator 1 time.
No LP presolve or aggregator reductions.
Presolve time = 0.01 sec. (3.39 ticks)
Initializing dual steep norms . . .

Iteration log . . .
Iteration:     1   Dual objective     =             0.000000
Perturbation started.
Iteration:    51   Dual objective     =             0.000000
Iteration:   202   Dual objective     =             0.000030
Iteration:   328   Dual objective     =             0.001895
Iteration:   466   Dual objective     =             0.010722
Iteration:   604   Dual objective     =             0.021148
Iteration:   756   Dual objective     =             0.022664
Iteration:   861   Dual objective     =             0.023428
Iteration:   970   Dual objective     =             0.023728
Iteration:  1085   Dual objective     =             0.023719
Removing perturbation.
7×3 Matrix{Float64}:
 0.0  1.0  0.0
 0.0  0.0  0.0
 0.0  0.0  0.0
 0.0  0.0  0.0
 0.0  0.0  0.0
 0.0  0.0  1.0
 1.0  0.0  0.0
3-element Vector{Float64}:
 0.5454408320720034
 0.2709799637410532
 0.1827583092737896
3×7 Matrix{Float64}:
 0.0  0.0  0.0  0.0  1.0  0.0  0.0
 0.0  0.0  0.0  0.0  0.0  1.0  1.0
 0.0  0.0  0.0  1.0  0.0  0.0  0.0
3-element Vector{Float64}:
 1.0
 1.0
 1.0
7×3 Matrix{Float64}:
 0.0769278  0.0769278  0.0329294
 0.0        0.0        0.0
 0.0        0.0        0.0
 0.0809346  0.0809346  0.000952903
 0.0        0.0        0.0
 0.0493525  0.0493525  0.025411
 0.0        0.0        0.0
3-element Vector{Float64}:
 0.20721483210964653
 0.2072148321096465
 0.05929321772876027
3×7 Matrix{Float64}:
 0.0  0.0  0.0  0.356768  0.350126  0.809106   0.291623
 0.0  0.0  0.0  0.282963  0.274694  0.0885301  0.446475
 0.0  0.0  0.0  0.360269  0.37518   0.102364   0.261902
3-element Vector{Float64}:
 0.20721483210964653
 0.2072148321096465
 0.05929321772876027
a: [0.07692781514864848 0.07692781514864946 0.032929362277079495; 0.0 0.0 0.0; 0.0 0.0 0.0; 0.08093455138512606 0.08093455138512488 0.0009529027992452033; 0.0 0.0 0.0; 0.04935246557587199 0.049352465575872154 0.025410952652435467; 0.0 0.0 0.0]
b: [0.20721483210964653, 0.2072148321096465, 0.05929321772876027]
c: [0.0 0.0 0.0 0.35676807076722494 0.35012605938249786 0.8091061665355646 0.29162255705242934; 0.0 0.0 0.0 0.2829628767062753 0.27469352306605344 0.08853013920722896 0.4464754041373944; 0.0 0.0 0.0 0.3602690525264998 0.3751804175514487 0.10236369425720644 0.26190203881017626]
d: [0.20721483210964653, 0.2072148321096465, 0.05929321772876027]
comparison (CRT and Glb)on prediction: Dict{Bool, Int64}(0 => 53, 1 => 0)
Dataname	 time	 objv	 lb	 gap	 train_w	 train_g	 test_w	 test_g
/work_bgfs/n/navarrodelacruz/odt/optimal_decision_tree/augmented_datasets/seeds/seeds_439.seeds	 32.86	 0.023686144097402658	 N/A	 N/A	 90.196	 0.0	 96.226	 0.0
