Running 6 processes.
Start training /work_bgfs/n/navarrodelacruz/odt/optimal_decision_tree/augmented_datasets/seeds/seeds_789.seeds with seed 1.
Any[]
(7, 206)
(7, 103)
(7, 52)
(7, 51)
dimension: 7, class: 3
cart cost: 47.2357142857143
size of X: (7, 155)
Using method: Global linear DT optimization
Version identifier: 20.1.0.0 | 2020-11-10 | 9bedb6d68
CPXPARAM_Threads                                 1
CPXPARAM_TimeLimit                               72000
Tried aggregator 1 time.
No LP presolve or aggregator reductions.
Presolve time = 0.01 sec. (3.46 ticks)
Initializing dual steep norms . . .

Iteration log . . .
Iteration:     1   Dual objective     =             0.000000
Perturbation started.
Iteration:    51   Dual objective     =             0.000000
Iteration:   218   Dual objective     =             0.000037
Iteration:   368   Dual objective     =             0.008950
Iteration:   513   Dual objective     =             0.015626
Iteration:   677   Dual objective     =             0.016803
Iteration:   798   Dual objective     =             0.022319
Iteration:   899   Dual objective     =             0.023048
Iteration:  1005   Dual objective     =             0.023345
Iteration:  1112   Dual objective     =             0.023452
Iteration:  1228   Dual objective     =             0.023544
Removing perturbation.
7×3 Matrix{Float64}:
 0.0  1.0  1.0
 0.0  0.0  0.0
 0.0  0.0  0.0
 0.0  0.0  0.0
 0.0  0.0  0.0
 0.0  0.0  0.0
 1.0  0.0  0.0
3-element Vector{Float64}:
 0.49292622224094973
 0.28407288592955315
 0.5948623595431421
3×7 Matrix{Float64}:
 0.0  0.0  0.0  0.0  1.0  0.0  0.0
 0.0  0.0  0.0  0.0  0.0  1.0  1.0
 0.0  0.0  0.0  1.0  0.0  0.0  0.0
3-element Vector{Float64}:
 1.0
 1.0
 1.0
7×3 Matrix{Float64}:
 0.0375041  0.0375041  0.0
 0.0        0.0        0.0
 0.0275986  0.0275986  0.0
 0.095969   0.095969   0.0387311
 0.0        0.0        0.0
 0.0460087  0.0460087  0.0171698
 0.0        0.0        0.0
3-element Vector{Float64}:
 0.2070804144925895
 0.20708041449258946
 0.05590086667727409
3×7 Matrix{Float64}:
 0.0  0.0  0.0  0.345586  0.355484  0.820672   0.305522
 0.0  0.0  0.0  0.299085  0.282214  0.0841173  0.425222
 0.0  0.0  0.0  0.355329  0.362302  0.0952106  0.269256
3-element Vector{Float64}:
 0.2070804144925895
 0.20708041449258946
 0.05590086667727409
a: [0.037504131729715534 0.03750413172971569 0.0; 0.0 0.0 0.0; 0.027598555736096743 0.027598555736096837 0.0; 0.09596904500580605 0.09596904500580572 0.03873107366325197; 0.0 0.0 0.0; 0.04600868202097116 0.04600868202097123 0.01716979301402212; 0.0 0.0 0.0]
b: [0.2070804144925895, 0.20708041449258946, 0.05590086667727409]
c: [0.0 0.0 0.0 0.34558564219703347 0.35548425442445547 0.8206721364778301 0.30552159769689946; 0.0 0.0 0.0 0.2990848812354834 0.28221401620306724 0.08411726911470474 0.4252219380546264; 0.0 0.0 0.0 0.35532947656748315 0.36230172937247734 0.09521059440746515 0.26925646424847416]
d: [0.2070804144925895, 0.20708041449258946, 0.05590086667727409]
comparison (CRT and Glb)on prediction: Dict{Bool, Int64}(0 => 51, 1 => 0)
Dataname	 time	 objv	 lb	 gap	 train_w	 train_g	 test_w	 test_g
/work_bgfs/n/navarrodelacruz/odt/optimal_decision_tree/augmented_datasets/seeds/seeds_789.seeds	 33.84	 0.023503084783122654	 N/A	 N/A	 89.677	 0.0	 96.078	 0.0
