Running 6 processes.
Start training /work_bgfs/n/navarrodelacruz/odt/optimal_decision_tree/augmented_datasets/seeds/seeds_251.seeds with seed 1.
Any[]
(7, 206)
(7, 102)
(7, 51)
(7, 53)
dimension: 7, class: 3
cart cost: 47.91811594202897
size of X: (7, 153)
Using method: Global linear DT optimization
Version identifier: 20.1.0.0 | 2020-11-10 | 9bedb6d68
CPXPARAM_Threads                                 1
CPXPARAM_TimeLimit                               72000
Tried aggregator 1 time.
No LP presolve or aggregator reductions.
Presolve time = 0.01 sec. (3.39 ticks)
Initializing dual steep norms . . .

Iteration log . . .
Iteration:     1   Dual objective     =             0.000000
Perturbation started.
Iteration:    51   Dual objective     =             0.000000
Iteration:   183   Dual objective     =             0.000027
Iteration:   313   Dual objective     =             0.000053
Iteration:   425   Dual objective     =             0.008419
Iteration:   535   Dual objective     =             0.021631
Iteration:   664   Dual objective     =             0.022398
Iteration:   790   Dual objective     =             0.023292
Iteration:   886   Dual objective     =             0.023606
Iteration:   988   Dual objective     =             0.023606
Iteration:  1107   Dual objective     =             0.023625
Removing perturbation.
7×3 Matrix{Float64}:
 0.0  1.0  0.0
 0.0  0.0  0.0
 0.0  0.0  0.0
 0.0  0.0  0.0
 0.0  0.0  0.0
 0.0  0.0  1.0
 1.0  0.0  0.0
3-element Vector{Float64}:
 0.5577640290341453
 0.27139362996384575
 0.18836806729720962
3×7 Matrix{Float64}:
 0.0  0.0  0.0  0.0  1.0  0.0  0.0
 0.0  0.0  0.0  0.0  0.0  1.0  1.0
 0.0  0.0  0.0  1.0  0.0  0.0  0.0
3-element Vector{Float64}:
 1.0
 1.0
 1.0
7×3 Matrix{Float64}:
 0.0913574   0.0913574   0.0
 0.0         0.0         0.0
 0.00223663  0.00223663  0.0
 0.0651336   0.0651336   0.0618692
 0.0         0.0         0.0
 0.0462592   0.0462592   0.0
 0.0         0.0         0.0
3-element Vector{Float64}:
 0.20498685883267806
 0.20498685883267803
 0.06186924910452073
3×7 Matrix{Float64}:
 0.0  0.0  0.0  0.35317   0.357869  0.78589   0.297247
 0.0  0.0  0.0  0.286892  0.280511  0.101684  0.448531
 0.0  0.0  0.0  0.359939  0.36162   0.112426  0.254222
3-element Vector{Float64}:
 0.20498685883267806
 0.20498685883267803
 0.06186924910452073
a: [0.09135742330638646 0.0913574233063862 0.0; 0.0 0.0 0.0; 0.002236634068524368 0.0022366340685233688 0.0; 0.0651336349813533 0.06513363498135422 0.06186924910452073; 0.0 0.0 0.0; 0.046259166476413933 0.04625916647641448 0.0; 0.0 0.0 0.0]
b: [0.20498685883267806, 0.20498685883267803, 0.06186924910452073]
c: [0.0 0.0 0.0 0.35316966198260685 0.3578689764001162 0.7858896265298319 0.29724689342041055; 0.0 0.0 0.0 0.2868915837667911 0.2805108660421622 0.1016843137565042 0.44853071913429854; 0.0 0.0 0.0 0.3599387542506021 0.36162015755772164 0.11242605971366393 0.2542223874452909]
d: [0.20498685883267806, 0.20498685883267803, 0.06186924910452073]
comparison (CRT and Glb)on prediction: Dict{Bool, Int64}(0 => 53, 1 => 0)
Dataname	 time	 objv	 lb	 gap	 train_w	 train_g	 test_w	 test_g
/work_bgfs/n/navarrodelacruz/odt/optimal_decision_tree/augmented_datasets/seeds/seeds_251.seeds	 27.52	 0.023592148338493824	 N/A	 N/A	 89.542	 0.0	 96.226	 0.0
