Running 6 processes.
Start training /work_bgfs/n/navarrodelacruz/odt/optimal_decision_tree/augmented_datasets/seeds/seeds_948.seeds with seed 1.
Any[]
(7, 206)
(7, 103)
(7, 52)
(7, 51)
dimension: 7, class: 3
cart cost: 35.4642857142857
size of X: (7, 155)
Using method: Global linear DT optimization
Version identifier: 20.1.0.0 | 2020-11-10 | 9bedb6d68
CPXPARAM_Threads                                 1
CPXPARAM_TimeLimit                               72000
Tried aggregator 1 time.
No LP presolve or aggregator reductions.
Presolve time = 0.01 sec. (3.46 ticks)
Initializing dual steep norms . . .

Iteration log . . .
Iteration:     1   Dual objective     =             0.000000
Perturbation started.
Iteration:    51   Dual objective     =             0.000000
Iteration:   169   Dual objective     =             0.000022
Iteration:   319   Dual objective     =             0.000057
Iteration:   465   Dual objective     =             0.010353
Iteration:   591   Dual objective     =             0.011165
Iteration:   729   Dual objective     =             0.021601
Iteration:   847   Dual objective     =             0.022678
Iteration:   956   Dual objective     =             0.022731
Iteration:  1091   Dual objective     =             0.022900
Iteration:  1229   Dual objective     =             0.023367
Iteration:  1341   Dual objective     =             0.023480
Iteration:  1451   Dual objective     =             0.023779
Iteration:  1557   Dual objective     =             0.023830
Removing perturbation.
7×3 Matrix{Float64}:
 0.0  1.0  0.0
 0.0  0.0  0.0
 0.0  0.0  1.0
 0.0  0.0  0.0
 0.0  0.0  0.0
 0.0  0.0  0.0
 1.0  0.0  0.0
3-element Vector{Float64}:
 0.517208652079302
 0.2701450211566697
 0.4851252159989634
3×7 Matrix{Float64}:
 0.0  0.0  0.0  0.0  1.0  0.0  0.0
 0.0  0.0  0.0  0.0  0.0  1.0  1.0
 0.0  0.0  0.0  1.0  0.0  0.0  0.0
3-element Vector{Float64}:
 1.0
 1.0
 1.0
7×3 Matrix{Float64}:
 0.106654   0.106654   0.0
 0.0        0.0        0.0
 0.0127534  0.0127534  0.0
 0.0        0.0        0.0
 0.0        0.0        0.0
 0.0437969  0.0437969  0.00248249
 0.0438489  0.0438489  0.0597331
3-element Vector{Float64}:
 0.2070528132016686
 0.20705281320166866
 0.062215545564308875
3×7 Matrix{Float64}:
 0.0  0.0  0.0  0.355835  0.355835  0.806741   0.285767
 0.0  0.0  0.0  0.282764  0.279968  0.0843803  0.451012
 0.0  0.0  0.0  0.361401  0.364197  0.108878   0.263221
3-element Vector{Float64}:
 0.20705281320166857
 0.20705281320166866
 0.062215545564308875
a: [0.10665358274345293 0.10665358274345198 0.0; 0.0 0.0 0.0; 0.012753374811301219 0.01275337481130151 0.0; 0.0 0.0 0.0; 0.0 0.0 0.0; 0.04379693056156012 0.04379693056155981 0.0024824903997667097; 0.04384892508535429 0.043848925085355414 0.059733055164542165]
b: [0.2070528132016686, 0.20705281320166866, 0.062215545564308875]
c: [0.0 0.0 0.0 0.3558347310500965 0.35583473105009644 0.806741443099117 0.2857668749842777; 0.0 0.0 0.0 0.2827642045976439 0.2799680201819271 0.08438033544607593 0.45101172358222363; 0.0 0.0 0.0 0.36140106435225955 0.36419724876797643 0.10887822145480708 0.2632214014334987]
d: [0.20705281320166857, 0.20705281320166866, 0.062215545564308875]
comparison (CRT and Glb)on prediction: Dict{Bool, Int64}(0 => 51, 1 => 0)
Dataname	 time	 objv	 lb	 gap	 train_w	 train_g	 test_w	 test_g
/work_bgfs/n/navarrodelacruz/odt/optimal_decision_tree/augmented_datasets/seeds/seeds_948.seeds	 34.02	 0.023816058598382303	 N/A	 N/A	 92.258	 0.0	 88.235	 0.0
