Running 6 processes.
Start training /work_bgfs/n/navarrodelacruz/odt/optimal_decision_tree/augmented_datasets/seeds/seeds_719.seeds with seed 1.
Any[]
(7, 206)
(7, 102)
(7, 51)
(7, 53)
dimension: 7, class: 3
cart cost: 38.96159420289857
size of X: (7, 153)
Using method: Global linear DT optimization
Version identifier: 20.1.0.0 | 2020-11-10 | 9bedb6d68
CPXPARAM_Threads                                 1
CPXPARAM_TimeLimit                               72000
Tried aggregator 1 time.
No LP presolve or aggregator reductions.
Presolve time = 0.01 sec. (3.38 ticks)
Initializing dual steep norms . . .

Iteration log . . .
Iteration:     1   Dual objective     =             0.000000
Perturbation started.
Iteration:    51   Dual objective     =             0.000000
Iteration:   234   Dual objective     =             0.000041
Iteration:   348   Dual objective     =             0.003495
Iteration:   481   Dual objective     =             0.016223
Iteration:   606   Dual objective     =             0.017013
Iteration:   737   Dual objective     =             0.022502
Iteration:   857   Dual objective     =             0.023054
Iteration:   974   Dual objective     =             0.023140
Iteration:  1088   Dual objective     =             0.023263
Removing perturbation.
7×3 Matrix{Float64}:
 0.0  1.0  0.0
 0.0  0.0  0.0
 0.0  0.0  1.0
 0.0  0.0  0.0
 0.0  0.0  0.0
 0.0  0.0  0.0
 1.0  0.0  0.0
3-element Vector{Float64}:
 0.5135763112380445
 0.26063303316999586
 0.38092462768003055
3×7 Matrix{Float64}:
 0.0  0.0  0.0  0.0  1.0  0.0  0.0
 0.0  0.0  0.0  0.0  0.0  1.0  1.0
 0.0  0.0  0.0  1.0  0.0  0.0  0.0
3-element Vector{Float64}:
 1.0
 1.0
 1.0
7×3 Matrix{Float64}:
 0.0564632  0.0564632  0.0
 0.0        0.0        0.0
 0.0267921  0.0267921  0.00145788
 0.0307518  0.0307518  0.000587637
 0.0        0.0        0.0
 0.0578511  0.0578511  0.0179694
 0.0335953  0.0335953  0.0336699
3-element Vector{Float64}:
 0.20545359124777643
 0.20545359124777643
 0.053684867963848276
3×7 Matrix{Float64}:
 0.0  0.0  0.0  0.353407  0.353952  0.834779   0.284527
 0.0  0.0  0.0  0.295008  0.291292  0.0769323  0.42847
 0.0  0.0  0.0  0.351585  0.354756  0.0882889  0.287003
3-element Vector{Float64}:
 0.20545359124777643
 0.20545359124777643
 0.053684867963848276
a: [0.05646324855334757 0.056463248553346994 0.0; 0.0 0.0 0.0; 0.026792146771264777 0.02679214677126507 0.0014578783906269363; 0.030751815831133306 0.030751815831134267 0.0005876372499142354; 0.0 0.0 0.0; 0.057851092852174005 0.05785109285217415 0.017969424276067916; 0.033595287239856775 0.033595287239856025 0.03366992804723918]
b: [0.20545359124777643, 0.20545359124777643, 0.053684867963848276]
c: [0.0 0.0 0.0 0.3534067990663671 0.3539516523369224 0.8347788291698184 0.28452658198013686; 0.0 0.0 0.0 0.2950078001351513 0.29129243516024006 0.07693225293241526 0.42847029429107947; 0.0 0.0 0.0 0.35158540079848155 0.35475591250283756 0.08828891789776637 0.28700312372878367]
d: [0.20545359124777643, 0.20545359124777643, 0.053684867963848276]
comparison (CRT and Glb)on prediction: Dict{Bool, Int64}(0 => 53, 1 => 0)
Dataname	 time	 objv	 lb	 gap	 train_w	 train_g	 test_w	 test_g
/work_bgfs/n/navarrodelacruz/odt/optimal_decision_tree/augmented_datasets/seeds/seeds_719.seeds	 27.13	 0.02322960252297005	 N/A	 N/A	 91.503	 0.0	 90.566	 0.0
