Running 6 processes.
Start training /work_bgfs/n/navarrodelacruz/odt/optimal_decision_tree/augmented_datasets/seeds/seeds_437.seeds with seed 1.
Any[]
(7, 206)
(7, 102)
(7, 51)
(7, 53)
dimension: 7, class: 3
cart cost: 44.93260869565216
size of X: (7, 153)
Using method: Global linear DT optimization
Version identifier: 20.1.0.0 | 2020-11-10 | 9bedb6d68
CPXPARAM_Threads                                 1
CPXPARAM_TimeLimit                               72000
Tried aggregator 1 time.
No LP presolve or aggregator reductions.
Presolve time = 0.01 sec. (3.39 ticks)
Initializing dual steep norms . . .

Iteration log . . .
Iteration:     1   Dual objective     =             0.000000
Perturbation started.
Iteration:    51   Dual objective     =             0.000000
Iteration:   195   Dual objective     =             0.000025
Iteration:   322   Dual objective     =             0.000044
Iteration:   443   Dual objective     =             0.008014
Iteration:   561   Dual objective     =             0.010514
Iteration:   730   Dual objective     =             0.015321
Iteration:   868   Dual objective     =             0.021999
Iteration:   984   Dual objective     =             0.022003
Iteration:  1081   Dual objective     =             0.022272
Iteration:  1191   Dual objective     =             0.022658
Iteration:  1302   Dual objective     =             0.023125
Iteration:  1421   Dual objective     =             0.023161
Iteration:  1526   Dual objective     =             0.023172
Removing perturbation.
7×3 Matrix{Float64}:
 0.0  1.0  0.0
 0.0  0.0  1.0
 0.0  0.0  0.0
 0.0  0.0  0.0
 0.0  0.0  0.0
 0.0  0.0  0.0
 1.0  0.0  0.0
3-element Vector{Float64}:
 0.49235330242753234
 0.26954320163043144
 0.6346410832975173
3×7 Matrix{Float64}:
 0.0  0.0  0.0  0.0  1.0  0.0  0.0
 0.0  0.0  0.0  0.0  0.0  1.0  1.0
 0.0  0.0  0.0  1.0  0.0  0.0  0.0
3-element Vector{Float64}:
 1.0
 1.0
 1.0
7×3 Matrix{Float64}:
 0.0         0.0         0.0
 0.0         0.0         0.0
 0.0333711   0.0333711   0.0012239
 0.118615    0.118615    0.0329114
 0.00867279  0.00867279  0.0
 0.0420995   0.0420995   0.023117
 0.0         0.0         0.0
3-element Vector{Float64}:
 0.20275801219518766
 0.2027580121951876
 0.05725229516779365
3×7 Matrix{Float64}:
 0.0  0.0  0.0  0.34343   0.348602  0.101269   0.30359
 0.0  0.0  0.0  0.30672   0.297983  0.0849117  0.422899
 0.0  0.0  0.0  0.349849  0.353415  0.81382    0.27351
3-element Vector{Float64}:
 0.2027580121951876
 0.2027580121951876
 0.05725229516779365
a: [0.0 0.0 0.0; 0.0 0.0 0.0; 0.03337114651653206 0.033371146516532016 0.0012239044069135459; 0.11861459376218889 0.11861459376218886 0.03291137683274574; 0.008672789730506995 0.008672789730506975 0.0; 0.04209948218595971 0.042099482185959755 0.023117013928134082; 0.0 0.0 0.0]
b: [0.20275801219518766, 0.2027580121951876, 0.05725229516779365]
c: [0.0 0.0 0.0 0.3434304522360597 0.3486018814792863 0.10126859673468315 0.30359041945166104; 0.0 0.0 0.0 0.3067204584549975 0.2979834734479466 0.08491166373661085 0.4228993996366161; 0.0 0.0 0.0 0.3498490893089428 0.3534146450727671 0.813819739528706 0.2735101809117229]
d: [0.2027580121951876, 0.2027580121951876, 0.05725229516779365]
comparison (CRT and Glb)on prediction: Dict{Bool, Int64}(0 => 53, 1 => 0)
Dataname	 time	 objv	 lb	 gap	 train_w	 train_g	 test_w	 test_g
/work_bgfs/n/navarrodelacruz/odt/optimal_decision_tree/augmented_datasets/seeds/seeds_437.seeds	 30.35	 0.023138415977908444	 N/A	 N/A	 90.196	 0.0	 96.226	 0.0
