Running 6 processes.
Start training /work_bgfs/n/navarrodelacruz/odt/optimal_decision_tree/augmented_datasets/seeds/seeds_642.seeds with seed 1.
Any[]
(7, 206)
(7, 102)
(7, 51)
(7, 53)
dimension: 7, class: 3
cart cost: 41.947101449275365
size of X: (7, 153)
Using method: Global linear DT optimization
Version identifier: 20.1.0.0 | 2020-11-10 | 9bedb6d68
CPXPARAM_Threads                                 1
CPXPARAM_TimeLimit                               72000
Tried aggregator 1 time.
No LP presolve or aggregator reductions.
Presolve time = 0.01 sec. (3.38 ticks)
Initializing dual steep norms . . .

Iteration log . . .
Iteration:     1   Dual objective     =             0.000000
Perturbation started.
Iteration:    51   Dual objective     =             0.000000
Iteration:   207   Dual objective     =             0.000033
Iteration:   339   Dual objective     =             0.000055
Iteration:   477   Dual objective     =             0.015329
Iteration:   641   Dual objective     =             0.019643
Iteration:   762   Dual objective     =             0.022330
Iteration:   878   Dual objective     =             0.022515
Iteration:   980   Dual objective     =             0.023343
Iteration:  1092   Dual objective     =             0.023374
Iteration:  1196   Dual objective     =             0.023622
Iteration:  1302   Dual objective     =             0.023694
Removing perturbation.
7×3 Matrix{Float64}:
 0.0  1.0  0.0
 0.0  0.0  0.0
 0.0  0.0  0.0
 0.0  0.0  0.0
 0.0  0.0  0.0
 0.0  0.0  1.0
 1.0  0.0  0.0
3-element Vector{Float64}:
 0.5366561901107695
 0.27579699110006384
 0.17219272375722236
3×7 Matrix{Float64}:
 0.0  0.0  0.0  0.0  1.0  0.0  0.0
 0.0  0.0  0.0  0.0  0.0  1.0  1.0
 0.0  0.0  0.0  1.0  0.0  0.0  0.0
3-element Vector{Float64}:
 1.0
 1.0
 1.0
7×3 Matrix{Float64}:
 0.00636618  0.00636618  0.0
 0.0         0.0         0.0
 0.0119443   0.0119443   0.0
 0.138009    0.138009    0.0355277
 0.0         0.0         0.0
 0.0479728   0.0479728   0.0290438
 0.0         0.0         0.0
3-element Vector{Float64}:
 0.20429252354190539
 0.20429252354190544
 0.06457150195609697
3×7 Matrix{Float64}:
 0.0  0.0  0.0  0.352767  0.351198  0.795015   0.284065
 0.0  0.0  0.0  0.29603   0.294802  0.0983216  0.442369
 0.0  0.0  0.0  0.351203  0.354001  0.106663   0.273566
3-element Vector{Float64}:
 0.20429252354190539
 0.20429252354190544
 0.06457150195609697
a: [0.006366177952303827 0.006366177952304215 0.0; 0.0 0.0 0.0; 0.011944266340668341 0.011944266340668808 0.0; 0.1380093205450148 0.13800932054501414 0.03552770954997031; 0.0 0.0 0.0; 0.04797275870391843 0.04797275870391828 0.02904379240612661; 0.0 0.0 0.0]
b: [0.20429252354190539, 0.20429252354190544, 0.06457150195609697]
c: [0.0 0.0 0.0 0.35276710159368885 0.3511979124764355 0.7950154931989085 0.2840645046573547; 0.0 0.0 0.0 0.2960301717822432 0.2948015574961973 0.09832164950995642 0.44236930320546; 0.0 0.0 0.0 0.35120272662406793 0.3540005300273672 0.10666285729113516 0.27356619213718536]
d: [0.20429252354190539, 0.20429252354190544, 0.06457150195609697]
comparison (CRT and Glb)on prediction: Dict{Bool, Int64}(0 => 53, 1 => 0)
Dataname	 time	 objv	 lb	 gap	 train_w	 train_g	 test_w	 test_g
/work_bgfs/n/navarrodelacruz/odt/optimal_decision_tree/augmented_datasets/seeds/seeds_642.seeds	 27.2	 0.023657827451995392	 N/A	 N/A	 90.85	 0.0	 92.453	 0.0
