Running 6 processes.
Start training /work_bgfs/n/navarrodelacruz/odt/optimal_decision_tree/augmented_datasets/seeds/seeds_172.seeds with seed 1.
Any[]
(7, 206)
(7, 102)
(7, 51)
(7, 53)
dimension: 7, class: 3
cart cost: 44.93260869565216
size of X: (7, 153)
Using method: Global linear DT optimization
Version identifier: 20.1.0.0 | 2020-11-10 | 9bedb6d68
CPXPARAM_Threads                                 1
CPXPARAM_TimeLimit                               72000
Tried aggregator 1 time.
No LP presolve or aggregator reductions.
Presolve time = 0.01 sec. (3.40 ticks)
Initializing dual steep norms . . .

Iteration log . . .
Iteration:     1   Dual objective     =             0.000000
Perturbation started.
Iteration:    51   Dual objective     =             0.000000
Iteration:   242   Dual objective     =             0.000040
Iteration:   390   Dual objective     =             0.010980
Iteration:   527   Dual objective     =             0.016093
Iteration:   667   Dual objective     =             0.021734
Iteration:   797   Dual objective     =             0.023109
Iteration:   910   Dual objective     =             0.023209
Iteration:  1028   Dual objective     =             0.023250
Iteration:  1128   Dual objective     =             0.023580
Iteration:  1247   Dual objective     =             0.023620
Removing perturbation.
7×3 Matrix{Float64}:
 0.0  1.0  0.0
 0.0  0.0  1.0
 0.0  0.0  0.0
 0.0  0.0  0.0
 0.0  0.0  0.0
 0.0  0.0  0.0
 1.0  0.0  0.0
3-element Vector{Float64}:
 0.5005780009334551
 0.2736633984859813
 0.6293530701343708
3×7 Matrix{Float64}:
 0.0  0.0  0.0  0.0  1.0  0.0  0.0
 0.0  0.0  0.0  0.0  0.0  1.0  1.0
 0.0  0.0  0.0  1.0  0.0  0.0  0.0
3-element Vector{Float64}:
 1.0
 1.0
 1.0
7×3 Matrix{Float64}:
 0.088159   0.088159   0.0278113
 0.0        0.0        0.0
 0.0161434  0.0161434  0.0
 0.0735953  0.0735953  0.0159567
 0.0        0.0        0.0
 0.0271369  0.0271369  0.0179014
 0.0        0.0        0.0
3-element Vector{Float64}:
 0.20503451104817078
 0.20503451104817078
 0.06166938609484082
3×7 Matrix{Float64}:
 0.0  0.0  0.0  0.34842   0.348339  0.803308   0.300297
 0.0  0.0  0.0  0.281135  0.279599  0.0875526  0.458977
 0.0  0.0  0.0  0.370445  0.372062  0.109139   0.240726
3-element Vector{Float64}:
 0.20503451104817078
 0.20503451104817078
 0.06166938609484082
a: [0.08815897963002535 0.08815897963002517 0.027811306851689782; 0.0 0.0 0.0; 0.016143354182409 0.0161433541824091 0.0; 0.07359530864501423 0.07359530864501422 0.015956724745263193; 0.0 0.0 0.0; 0.02713686859072234 0.02713686859072227 0.017901354497887875; 0.0 0.0 0.0]
b: [0.20503451104817078, 0.20503451104817078, 0.06166938609484082]
c: [0.0 0.0 0.0 0.34842014989133246 0.348339326303115 0.8033080815347228 0.3002971315412329; 0.0 0.0 0.0 0.2811349184936129 0.27959891187719393 0.0875526209859187 0.4589765150130241; 0.0 0.0 0.0 0.37044493161505465 0.3720617618196911 0.10913929747935842 0.24072635344574306]
d: [0.20503451104817078, 0.20503451104817078, 0.06166938609484082]
comparison (CRT and Glb)on prediction: Dict{Bool, Int64}(0 => 53, 1 => 0)
Dataname	 time	 objv	 lb	 gap	 train_w	 train_g	 test_w	 test_g
/work_bgfs/n/navarrodelacruz/odt/optimal_decision_tree/augmented_datasets/seeds/seeds_172.seeds	 27.3	 0.02358692040955912	 N/A	 N/A	 90.196	 0.0	 92.453	 0.0
