Running 6 processes.
Start training /work_bgfs/n/navarrodelacruz/odt/optimal_decision_tree/augmented_datasets/seeds/seeds_219.seeds with seed 1.
Any[]
(7, 206)
(7, 103)
(7, 52)
(7, 51)
dimension: 7, class: 3
cart cost: 44.29285714285715
size of X: (7, 155)
Using method: Global linear DT optimization
Version identifier: 20.1.0.0 | 2020-11-10 | 9bedb6d68
CPXPARAM_Threads                                 1
CPXPARAM_TimeLimit                               72000
Tried aggregator 1 time.
No LP presolve or aggregator reductions.
Presolve time = 0.01 sec. (3.46 ticks)
Initializing dual steep norms . . .

Iteration log . . .
Iteration:     1   Dual objective     =             0.000000
Perturbation started.
Iteration:    51   Dual objective     =             0.000000
Iteration:   186   Dual objective     =             0.000025
Iteration:   336   Dual objective     =             0.000060
Iteration:   466   Dual objective     =             0.010720
Iteration:   582   Dual objective     =             0.014600
Iteration:   684   Dual objective     =             0.021180
Iteration:   804   Dual objective     =             0.021430
Iteration:   920   Dual objective     =             0.022833
Iteration:  1027   Dual objective     =             0.023167
Iteration:  1136   Dual objective     =             0.023445
Iteration:  1239   Dual objective     =             0.023510
Iteration:  1343   Dual objective     =             0.023510
Removing perturbation.
7×3 Matrix{Float64}:
 0.0  1.0  0.0
 0.0  0.0  0.0
 0.0  0.0  0.0
 0.0  0.0  0.0
 0.0  0.0  0.0
 0.0  0.0  1.0
 1.0  0.0  0.0
3-element Vector{Float64}:
 0.5104244255600001
 0.26066602649647247
 0.19021137568423652
3×7 Matrix{Float64}:
 0.0  0.0  0.0  0.0  1.0  0.0  0.0
 0.0  0.0  0.0  0.0  0.0  1.0  1.0
 0.0  0.0  0.0  1.0  0.0  0.0  0.0
3-element Vector{Float64}:
 1.0
 1.0
 1.0
7×3 Matrix{Float64}:
 0.0773505  0.0773505  0.0
 0.0        0.0        0.0
 0.0182132  0.0182132  0.0049958
 0.0        0.0        0.0
 0.0        0.0        0.0
 0.0446171  0.0446171  0.00754349
 0.0679306  0.0679306  0.0413393
3-element Vector{Float64}:
 0.20811138432221424
 0.20811138432221432
 0.05387863626541341
3×7 Matrix{Float64}:
 0.0  0.0  0.0  0.355186  0.355133  0.831997   0.28968
 0.0  0.0  0.0  0.284165  0.279696  0.0773334  0.447645
 0.0  0.0  0.0  0.360648  0.365171  0.0906692  0.262675
3-element Vector{Float64}:
 0.20811138432221424
 0.20811138432221432
 0.05387863626541341
a: [0.07735050609356493 0.07735050609356477 0.0; 0.0 0.0 0.0; 0.018213162938424725 0.018213162938424787 0.00499579901235001; 0.0 0.0 0.0; 0.0 0.0 0.0; 0.04461710602894603 0.04461710602894614 0.007543492914501652; 0.0679306092612786 0.06793060926127889 0.041339344338561734]
b: [0.20811138432221424, 0.20811138432221432, 0.05387863626541341]
c: [0.0 0.0 0.0 0.35518642772567466 0.35513308376629893 0.8319974185632542 0.28968048850802636; 0.0 0.0 0.0 0.2841653486440303 0.27969622575958986 0.07733342868732007 0.4476449666121606; 0.0 0.0 0.0 0.36064822363029503 0.3651706904741112 0.09066915274942577 0.262674544879813]
d: [0.20811138432221424, 0.20811138432221432, 0.05387863626541341]
comparison (CRT and Glb)on prediction: Dict{Bool, Int64}(0 => 51, 1 => 0)
Dataname	 time	 objv	 lb	 gap	 train_w	 train_g	 test_w	 test_g
/work_bgfs/n/navarrodelacruz/odt/optimal_decision_tree/augmented_datasets/seeds/seeds_219.seeds	 27.23	 0.023505070245492095	 N/A	 N/A	 90.323	 0.0	 94.118	 0.0
