Running 6 processes.
Start training /work_bgfs/n/navarrodelacruz/odt/optimal_decision_tree/augmented_datasets/seeds/seeds_798.seeds with seed 1.
Any[]
(7, 206)
(7, 102)
(7, 51)
(7, 53)
dimension: 7, class: 3
cart cost: 41.947101449275365
size of X: (7, 153)
Using method: Global linear DT optimization
Version identifier: 20.1.0.0 | 2020-11-10 | 9bedb6d68
CPXPARAM_Threads                                 1
CPXPARAM_TimeLimit                               72000
Tried aggregator 1 time.
No LP presolve or aggregator reductions.
Presolve time = 0.01 sec. (3.39 ticks)
Initializing dual steep norms . . .

Iteration log . . .
Iteration:     1   Dual objective     =             0.000000
Perturbation started.
Iteration:    51   Dual objective     =             0.000000
Iteration:   263   Dual objective     =             0.000043
Iteration:   387   Dual objective     =             0.000067
Iteration:   509   Dual objective     =             0.022080
Iteration:   621   Dual objective     =             0.022479
Iteration:   750   Dual objective     =             0.023346
Iteration:   857   Dual objective     =             0.023531
Iteration:   955   Dual objective     =             0.023729
Iteration:  1070   Dual objective     =             0.023714
Removing perturbation.
7×3 Matrix{Float64}:
 0.0  1.0  0.0
 0.0  0.0  0.0
 0.0  0.0  0.0
 0.0  0.0  0.0
 0.0  0.0  0.0
 0.0  0.0  1.0
 1.0  0.0  0.0
3-element Vector{Float64}:
 0.5378225885989122
 0.26118602276779257
 0.19159501696561027
3×7 Matrix{Float64}:
 0.0  0.0  0.0  0.0  1.0  0.0  0.0
 0.0  0.0  0.0  0.0  0.0  1.0  1.0
 0.0  0.0  0.0  1.0  0.0  0.0  0.0
3-element Vector{Float64}:
 1.0
 1.0
 1.0
7×3 Matrix{Float64}:
 0.100604   0.100604   0.00121795
 0.0        0.0        0.0
 0.0241509  0.0241509  0.0213939
 0.0555583  0.0555583  0.0
 0.0        0.0        0.0
 0.02846    0.02846    0.00343423
 0.0        0.0        0.030081
3-element Vector{Float64}:
 0.20877311818595096
 0.20877311818595093
 0.056127054665691054
3×7 Matrix{Float64}:
 0.0  0.0  0.0  0.349836  0.346655  0.830027   0.296819
 0.0  0.0  0.0  0.282626  0.285029  0.0768879  0.462188
 0.0  0.0  0.0  0.367538  0.368316  0.0930855  0.240992
3-element Vector{Float64}:
 0.20877311818595096
 0.20877311818595093
 0.056127054665691054
a: [0.10060404377348389 0.10060404377348384 0.0012179465101947481; 0.0 0.0 0.0; 0.024150870347830665 0.0241508703478306 0.021393888881069998; 0.0555582520069501 0.05555825200695016 0.0; 0.0 0.0 0.0; 0.02845995205768631 0.028459952057686262 0.00343422514548394; 0.0 0.0 0.030080994128942534]
b: [0.20877311818595096, 0.20877311818595093, 0.056127054665691054]
c: [0.0 0.0 0.0 0.3498364027005071 0.3466549767410828 0.8300266142786488 0.2968193845174126; 0.0 0.0 0.0 0.2826259635364977 0.2850293153808005 0.07688791813866178 0.462188187281086; 0.0 0.0 0.0 0.3675376337629952 0.3683157078781167 0.09308546758268942 0.24099242820150146]
d: [0.20877311818595096, 0.20877311818595093, 0.056127054665691054]
comparison (CRT and Glb)on prediction: Dict{Bool, Int64}(0 => 53, 1 => 0)
Dataname	 time	 objv	 lb	 gap	 train_w	 train_g	 test_w	 test_g
/work_bgfs/n/navarrodelacruz/odt/optimal_decision_tree/augmented_datasets/seeds/seeds_798.seeds	 27.72	 0.023683664551879657	 N/A	 N/A	 90.85	 0.0	 94.34	 0.0
