Running 6 processes.
Start training /work_bgfs/n/navarrodelacruz/odt/optimal_decision_tree/augmented_datasets/seeds/seeds_727.seeds with seed 1.
Any[]
(7, 206)
(7, 102)
(7, 51)
(7, 53)
dimension: 7, class: 3
cart cost: 44.93260869565216
size of X: (7, 153)
Using method: Global linear DT optimization
Version identifier: 20.1.0.0 | 2020-11-10 | 9bedb6d68
CPXPARAM_Threads                                 1
CPXPARAM_TimeLimit                               72000
Tried aggregator 1 time.
No LP presolve or aggregator reductions.
Presolve time = 0.01 sec. (3.40 ticks)
Initializing dual steep norms . . .

Iteration log . . .
Iteration:     1   Dual objective     =             0.000000
Perturbation started.
Iteration:    51   Dual objective     =             0.000000
Iteration:   186   Dual objective     =             0.000027
Iteration:   322   Dual objective     =             0.000052
Iteration:   496   Dual objective     =             0.016141
Iteration:   662   Dual objective     =             0.021817
Iteration:   810   Dual objective     =             0.022025
Iteration:   910   Dual objective     =             0.022494
Iteration:  1016   Dual objective     =             0.023527
Iteration:  1131   Dual objective     =             0.023649
Iteration:  1247   Dual objective     =             0.023751
Iteration:  1373   Dual objective     =             0.023810
Iteration:  1480   Dual objective     =             0.023810
Removing perturbation.
7×3 Matrix{Float64}:
 0.0  1.0  0.0
 0.0  0.0  0.0
 0.0  0.0  0.0
 0.0  0.0  0.0
 0.0  0.0  0.0
 0.0  0.0  1.0
 1.0  0.0  0.0
3-element Vector{Float64}:
 0.5339657600345424
 0.264662681614081
 0.184479277756186
3×7 Matrix{Float64}:
 0.0  0.0  0.0  0.0  1.0  0.0  0.0
 0.0  0.0  0.0  0.0  0.0  1.0  1.0
 0.0  0.0  0.0  1.0  0.0  0.0  0.0
3-element Vector{Float64}:
 1.0
 1.0
 1.0
7×3 Matrix{Float64}:
 0.112458   0.112458   0.0
 0.0        0.0        0.0
 0.0        0.0        0.0
 0.0        0.0        0.0
 0.0        0.0        0.0
 0.0360973  0.0360973  0.0385297
 0.0540421  0.0540421  0.0320011
3-element Vector{Float64}:
 0.20259769791960894
 0.20259769791960897
 0.07053086118239388
3×7 Matrix{Float64}:
 0.0  0.0  0.0  0.353853  0.363814  0.126075  0.283078
 0.0  0.0  0.0  0.282986  0.270761  0.11349   0.460434
 0.0  0.0  0.0  0.363161  0.365426  0.760435  0.256488
3-element Vector{Float64}:
 0.20259769791960894
 0.20259769791960897
 0.07053086118239388
a: [0.1124582695530613 0.1124582695530611 0.0; 0.0 0.0 0.0; 0.0 0.0 0.0; 0.0 0.0 0.0; 0.0 0.0 0.0; 0.03609731228859165 0.0360973122885917 0.0385297390599643; 0.05404211607795598 0.054042116077956254 0.03200112212242978]
b: [0.20259769791960894, 0.20259769791960897, 0.07053086118239388]
c: [0.0 0.0 0.0 0.35385265185690395 0.36381365463840654 0.12607503494412609 0.2830777267578117; 0.0 0.0 0.0 0.28298607553422406 0.27076056177564256 0.11349028907937575 0.4604339206838964; 0.0 0.0 0.0 0.363161272608872 0.3654257835859509 0.7604346759764982 0.2564883525582919]
d: [0.20259769791960894, 0.20259769791960897, 0.07053086118239388]
comparison (CRT and Glb)on prediction: Dict{Bool, Int64}(0 => 53, 1 => 0)
Dataname	 time	 objv	 lb	 gap	 train_w	 train_g	 test_w	 test_g
/work_bgfs/n/navarrodelacruz/odt/optimal_decision_tree/augmented_datasets/seeds/seeds_727.seeds	 27.19	 0.023786312851080578	 N/A	 N/A	 90.196	 0.0	 94.34	 0.0
