Running 6 processes.
Start training /work_bgfs/n/navarrodelacruz/odt/optimal_decision_tree/augmented_datasets/seeds/seeds_565.seeds with seed 1.
Any[]
(7, 206)
(7, 102)
(7, 51)
(7, 53)
dimension: 7, class: 3
cart cost: 38.96159420289857
size of X: (7, 153)
Using method: Global linear DT optimization
Version identifier: 20.1.0.0 | 2020-11-10 | 9bedb6d68
CPXPARAM_Threads                                 1
CPXPARAM_TimeLimit                               72000
Tried aggregator 1 time.
No LP presolve or aggregator reductions.
Presolve time = 0.01 sec. (3.38 ticks)
Initializing dual steep norms . . .

Iteration log . . .
Iteration:     1   Dual objective     =             0.000000
Perturbation started.
Iteration:    51   Dual objective     =             0.000000
Iteration:   239   Dual objective     =             0.000041
Iteration:   372   Dual objective     =             0.012161
Iteration:   497   Dual objective     =             0.015584
Iteration:   636   Dual objective     =             0.015871
Iteration:   761   Dual objective     =             0.021812
Iteration:   864   Dual objective     =             0.023148
Iteration:   965   Dual objective     =             0.023437
Iteration:  1071   Dual objective     =             0.023752
Iteration:  1181   Dual objective     =             0.023794
Removing perturbation.
7×3 Matrix{Float64}:
 0.0  1.0  0.0
 0.0  0.0  0.0
 0.0  0.0  0.0
 0.0  0.0  0.0
 0.0  0.0  0.0
 0.0  0.0  1.0
 1.0  0.0  0.0
3-element Vector{Float64}:
 0.5472739534470753
 0.2734655081470332
 0.18669501677364325
3×7 Matrix{Float64}:
 0.0  0.0  0.0  0.0  1.0  0.0  0.0
 0.0  0.0  0.0  0.0  0.0  1.0  1.0
 0.0  0.0  0.0  1.0  0.0  0.0  0.0
3-element Vector{Float64}:
 1.0
 1.0
 1.0
7×3 Matrix{Float64}:
 0.0855476  0.0855476  0.00300114
 0.0        0.0        0.0
 0.0143945  0.0143945  0.0
 0.0        0.0        0.0
 0.0        0.0        0.0
 0.0632728  0.0632728  0.016959
 0.043279   0.043279   0.0423413
3-element Vector{Float64}:
 0.20649383486168593
 0.2064938348616859
 0.06230136202900997
3×7 Matrix{Float64}:
 0.0  0.0  0.0  0.354143  0.354446  0.810257   0.275684
 0.0  0.0  0.0  0.29002   0.291408  0.0867974  0.438094
 0.0  0.0  0.0  0.355837  0.354147  0.102945   0.286222
3-element Vector{Float64}:
 0.20649383486168588
 0.2064938348616859
 0.06230136202900997
a: [0.08554764800998621 0.08554764800998926 0.0030011370608214807; 0.0 0.0 0.0; 0.014394453901191859 0.014394453901192948 0.0; 0.0 0.0 0.0; 0.0 0.0 0.0; 0.0632727728102832 0.06327277281028539 0.0169589628451263; 0.0432789601402245 0.043278960140218314 0.042341262123062134]
b: [0.20649383486168593, 0.2064938348616859, 0.06230136202900997]
c: [0.0 0.0 0.0 0.3541426252817151 0.35444580974519546 0.8102574449725968 0.275684010743363; 0.0 0.0 0.0 0.29002027905747857 0.2914075433234302 0.08679735188656978 0.4380941513167933; 0.0 0.0 0.0 0.3558370956608064 0.35414664693137426 0.10294520314083343 0.2862218379398437]
d: [0.20649383486168588, 0.2064938348616859, 0.06230136202900997]
comparison (CRT and Glb)on prediction: Dict{Bool, Int64}(0 => 53, 1 => 0)
Dataname	 time	 objv	 lb	 gap	 train_w	 train_g	 test_w	 test_g
/work_bgfs/n/navarrodelacruz/odt/optimal_decision_tree/augmented_datasets/seeds/seeds_565.seeds	 27.2	 0.023764451587619098	 N/A	 N/A	 91.503	 0.0	 92.453	 0.0
