Running 6 processes.
Start training /work_bgfs/n/navarrodelacruz/odt/optimal_decision_tree/augmented_datasets/seeds/seeds_291.seeds with seed 1.
Any[]
(7, 206)
(7, 102)
(7, 51)
(7, 53)
dimension: 7, class: 3
cart cost: 41.947101449275365
size of X: (7, 153)
Using method: Global linear DT optimization
Version identifier: 20.1.0.0 | 2020-11-10 | 9bedb6d68
CPXPARAM_Threads                                 1
CPXPARAM_TimeLimit                               72000
Tried aggregator 1 time.
No LP presolve or aggregator reductions.
Presolve time = 0.01 sec. (3.40 ticks)
Initializing dual steep norms . . .

Iteration log . . .
Iteration:     1   Dual objective     =             0.000000
Perturbation started.
Iteration:    51   Dual objective     =             0.000000
Iteration:   206   Dual objective     =             0.000026
Iteration:   344   Dual objective     =             0.000045
Iteration:   454   Dual objective     =             0.002203
Iteration:   591   Dual objective     =             0.015548
Iteration:   714   Dual objective     =             0.021171
Iteration:   819   Dual objective     =             0.021506
Iteration:   919   Dual objective     =             0.021953
Iteration:  1015   Dual objective     =             0.022345
Iteration:  1117   Dual objective     =             0.022413
Iteration:  1219   Dual objective     =             0.022415
Iteration:  1329   Dual objective     =             0.023438
Iteration:  1435   Dual objective     =             0.023648
Removing perturbation.
7×3 Matrix{Float64}:
 0.0  1.0  0.0
 0.0  0.0  0.0
 0.0  0.0  0.0
 0.0  0.0  0.0
 0.0  0.0  0.0
 0.0  0.0  1.0
 1.0  0.0  0.0
3-element Vector{Float64}:
 0.5121412073927806
 0.2695039780216029
 0.22262352552367226
3×7 Matrix{Float64}:
 0.0  0.0  0.0  0.0  1.0  0.0  0.0
 0.0  0.0  0.0  0.0  0.0  1.0  1.0
 0.0  0.0  0.0  1.0  0.0  0.0  0.0
3-element Vector{Float64}:
 1.0
 1.0
 1.0
7×3 Matrix{Float64}:
 0.0841778  0.0841778  0.0110173
 0.0        0.0        0.0
 0.0267088  0.0267088  0.0
 0.0253846  0.0253846  0.0339795
 0.0        0.0        0.0
 0.067312   0.067312   0.0190082
 0.0        0.0        0.00115794
3-element Vector{Float64}:
 0.20358315400544622
 0.20358315400544635
 0.06516298137225221
3×7 Matrix{Float64}:
 0.0  0.0  0.0  0.34966   0.346767  0.783804   0.296699
 0.0  0.0  0.0  0.297161  0.300054  0.0967451  0.40966
 0.0  0.0  0.0  0.353179  0.353179  0.119451   0.293641
3-element Vector{Float64}:
 0.20358315400544622
 0.20358315400544635
 0.06516298137225221
a: [0.08417775736916809 0.08417775736916112 0.01101733997909815; 0.0 0.0 0.0; 0.026708804898783467 0.02670880489878416 0.0; 0.02538461337250414 0.02538461337251123 0.03397954253214247; 0.0 0.0 0.0; 0.06731197836499052 0.06731197836498945 0.019008158912027544; 0.0 0.0 0.0011579399489840443]
b: [0.20358315400544622, 0.20358315400544635, 0.06516298137225221]
c: [0.0 0.0 0.0 0.3496595089485686 0.3467666713208297 0.7838041444411277 0.29669931466824306; 0.0 0.0 0.0 0.29716104454386655 0.30005388217160545 0.09674506537203387 0.4096595783468866; 0.0 0.0 0.0 0.3531794465075648 0.35317944650756483 0.11945079018683842 0.29364110698487034]
d: [0.20358315400544622, 0.20358315400544635, 0.06516298137225221]
comparison (CRT and Glb)on prediction: Dict{Bool, Int64}(0 => 53, 1 => 0)
Dataname	 time	 objv	 lb	 gap	 train_w	 train_g	 test_w	 test_g
/work_bgfs/n/navarrodelacruz/odt/optimal_decision_tree/augmented_datasets/seeds/seeds_291.seeds	 27.63	 0.023616464469157248	 N/A	 N/A	 90.85	 0.0	 94.34	 0.0
