Running 6 processes.
Start training /work_bgfs/n/navarrodelacruz/odt/optimal_decision_tree/augmented_datasets/seeds/seeds_224.seeds with seed 1.
Any[]
(7, 206)
(7, 102)
(7, 51)
(7, 53)
dimension: 7, class: 3
cart cost: 38.96159420289857
size of X: (7, 153)
Using method: Global linear DT optimization
Version identifier: 20.1.0.0 | 2020-11-10 | 9bedb6d68
CPXPARAM_Threads                                 1
CPXPARAM_TimeLimit                               72000
Tried aggregator 1 time.
No LP presolve or aggregator reductions.
Presolve time = 0.01 sec. (3.39 ticks)
Initializing dual steep norms . . .

Iteration log . . .
Iteration:     1   Dual objective     =             0.000000
Perturbation started.
Iteration:    51   Dual objective     =             0.000000
Iteration:   213   Dual objective     =             0.000034
Iteration:   326   Dual objective     =             0.002468
Iteration:   443   Dual objective     =             0.016365
Iteration:   556   Dual objective     =             0.021333
Iteration:   705   Dual objective     =             0.021734
Iteration:   846   Dual objective     =             0.023099
Iteration:   949   Dual objective     =             0.023799
Iteration:  1048   Dual objective     =             0.023801
Iteration:  1158   Dual objective     =             0.023788
Removing perturbation.
7×3 Matrix{Float64}:
 0.0  1.0  0.0
 0.0  0.0  0.0
 0.0  0.0  1.0
 0.0  0.0  0.0
 0.0  0.0  0.0
 0.0  0.0  0.0
 1.0  0.0  0.0
3-element Vector{Float64}:
 0.5326246644570024
 0.2700345472412652
 0.36693652939697463
3×7 Matrix{Float64}:
 0.0  0.0  0.0  0.0  1.0  0.0  0.0
 0.0  0.0  0.0  0.0  0.0  1.0  1.0
 0.0  0.0  0.0  1.0  0.0  0.0  0.0
3-element Vector{Float64}:
 1.0
 1.0
 1.0
7×3 Matrix{Float64}:
 0.0962429  0.0962429  0.00354703
 0.0        0.0        0.0
 0.0231122  0.0231122  0.0
 0.0        0.0        0.0
 0.0        0.0        0.0
 0.0275302  0.0275302  0.0
 0.0623588  0.0623588  0.0530539
3-element Vector{Float64}:
 0.2092441522215015
 0.20924415222150125
 0.05660089260175554
3×7 Matrix{Float64}:
 0.0  0.0  0.0  0.351852  0.353522  0.82229    0.292588
 0.0  0.0  0.0  0.27961   0.275576  0.0761651  0.469727
 0.0  0.0  0.0  0.368537  0.370902  0.101545   0.237685
3-element Vector{Float64}:
 0.2092441522215015
 0.20924415222150125
 0.05660089260175554
a: [0.09624290223287996 0.09624290223288082 0.00354702902282384; 0.0 0.0 0.0; 0.023112188345617405 0.023112188345616513 0.0; 0.0 0.0 0.0; 0.0 0.0 0.0; 0.027530212732412226 0.027530212732412622 0.0; 0.062358848910592055 0.062358848910591576 0.05305386357893169]
b: [0.2092441522215015, 0.20924415222150125, 0.05660089260175554]
c: [0.0 0.0 0.0 0.3518524908665882 0.3535223439431275 0.8222899070283857 0.29258779036485233; 0.0 0.0 0.0 0.2796102875170807 0.27557587125342714 0.07616512027354261 0.4697268104381037; 0.0 0.0 0.0 0.36853722161633107 0.37090178480344543 0.10154497269807175 0.2376853991970439]
d: [0.2092441522215015, 0.20924415222150125, 0.05660089260175554]
comparison (CRT and Glb)on prediction: Dict{Bool, Int64}(0 => 53, 1 => 0)
Dataname	 time	 objv	 lb	 gap	 train_w	 train_g	 test_w	 test_g
/work_bgfs/n/navarrodelacruz/odt/optimal_decision_tree/augmented_datasets/seeds/seeds_224.seeds	 28.66	 0.023754459852237918	 N/A	 N/A	 91.503	 0.0	 88.679	 0.0
