Running 6 processes.
Start training /work_bgfs/n/navarrodelacruz/odt/optimal_decision_tree/augmented_datasets/seeds/seeds_390.seeds with seed 1.
Any[]
(7, 206)
(7, 102)
(7, 51)
(7, 53)
dimension: 7, class: 3
cart cost: 41.947101449275365
size of X: (7, 153)
Using method: Global linear DT optimization
Version identifier: 20.1.0.0 | 2020-11-10 | 9bedb6d68
CPXPARAM_Threads                                 1
CPXPARAM_TimeLimit                               72000
Tried aggregator 1 time.
No LP presolve or aggregator reductions.
Presolve time = 0.01 sec. (3.40 ticks)
Initializing dual steep norms . . .

Iteration log . . .
Iteration:     1   Dual objective     =             0.000000
Perturbation started.
Iteration:    51   Dual objective     =             0.000000
Iteration:   184   Dual objective     =             0.000030
Iteration:   319   Dual objective     =             0.000056
Iteration:   471   Dual objective     =             0.020587
Iteration:   598   Dual objective     =             0.023059
Iteration:   717   Dual objective     =             0.023112
Iteration:   826   Dual objective     =             0.023676
Iteration:   935   Dual objective     =             0.023745
Iteration:  1035   Dual objective     =             0.023820
Removing perturbation.
7×3 Matrix{Float64}:
 0.0  1.0  0.0
 0.0  0.0  0.0
 0.0  0.0  0.0
 0.0  0.0  0.0
 0.0  0.0  0.0
 0.0  0.0  1.0
 1.0  0.0  0.0
3-element Vector{Float64}:
 0.5353414402217208
 0.2623971644026539
 0.18273868400978113
3×7 Matrix{Float64}:
 0.0  0.0  0.0  0.0  1.0  0.0  0.0
 0.0  0.0  0.0  0.0  0.0  1.0  1.0
 0.0  0.0  0.0  1.0  0.0  0.0  0.0
3-element Vector{Float64}:
 1.0
 1.0
 1.0
7×3 Matrix{Float64}:
 0.108952   0.108952   0.010608
 0.0        0.0        0.0
 0.0        0.0        0.0
 0.0        0.0        0.0
 0.0        0.0        0.0
 0.0477454  0.0477454  0.0216926
 0.0479557  0.0479557  0.0338929
3-element Vector{Float64}:
 0.2046528272858395
 0.20465282728583944
 0.06619346844886166
3×7 Matrix{Float64}:
 0.0  0.0  0.0  0.353751  0.354132  0.794383   0.276616
 0.0  0.0  0.0  0.287315  0.28098   0.0945158  0.460035
 0.0  0.0  0.0  0.358934  0.364889  0.111101   0.263349
3-element Vector{Float64}:
 0.2046528272858395
 0.20465282728583944
 0.06619346844886166
a: [0.10895173154511684 0.10895173154511673 0.010607985094178297; 0.0 0.0 0.0; 0.0 0.0 0.0; 0.0 0.0 0.0; 0.0 0.0 0.0; 0.04774541397110679 0.047745413971106765 0.021692614526434936; 0.04795568176961586 0.04795568176961584 0.03389286882824842]
b: [0.2046528272858395, 0.20465282728583944, 0.06619346844886166]
c: [0.0 0.0 0.0 0.35375066481413053 0.3541315604886224 0.7943828224460074 0.2766161043459748; 0.0 0.0 0.0 0.28731545080467447 0.28097950558057094 0.0945158367319062 0.4600346122885424; 0.0 0.0 0.0 0.358933884381195 0.3648889339308067 0.1111013408220863 0.26334928336548286]
d: [0.2046528272858395, 0.20465282728583944, 0.06619346844886166]
comparison (CRT and Glb)on prediction: Dict{Bool, Int64}(0 => 53, 1 => 0)
Dataname	 time	 objv	 lb	 gap	 train_w	 train_g	 test_w	 test_g
/work_bgfs/n/navarrodelacruz/odt/optimal_decision_tree/augmented_datasets/seeds/seeds_390.seeds	 30.17	 0.023774956151027038	 N/A	 N/A	 90.85	 0.0	 94.34	 0.0
