Running 6 processes.
Start training /work_bgfs/n/navarrodelacruz/odt/optimal_decision_tree/augmented_datasets/seeds/seeds_458.seeds with seed 1.
Any[]
(7, 206)
(7, 103)
(7, 52)
(7, 51)
dimension: 7, class: 3
cart cost: 44.29285714285715
size of X: (7, 155)
Using method: Global linear DT optimization
Version identifier: 20.1.0.0 | 2020-11-10 | 9bedb6d68
CPXPARAM_Threads                                 1
CPXPARAM_TimeLimit                               72000
Tried aggregator 1 time.
No LP presolve or aggregator reductions.
Presolve time = 0.01 sec. (3.45 ticks)
Initializing dual steep norms . . .

Iteration log . . .
Iteration:     1   Dual objective     =             0.000000
Perturbation started.
Iteration:    51   Dual objective     =             0.000000
Iteration:   179   Dual objective     =             0.000026
Iteration:   294   Dual objective     =             0.000058
Iteration:   418   Dual objective     =             0.007531
Iteration:   545   Dual objective     =             0.018899
Iteration:   686   Dual objective     =             0.020567
Iteration:   826   Dual objective     =             0.022180
Iteration:   933   Dual objective     =             0.023151
Iteration:  1038   Dual objective     =             0.023193
Iteration:  1147   Dual objective     =             0.023188
Iteration:  1256   Dual objective     =             0.023208
Iteration:  1365   Dual objective     =             0.023426
Iteration:  1489   Dual objective     =             0.023539
Removing perturbation.
7×3 Matrix{Float64}:
 0.0  1.0  0.0
 0.0  0.0  0.0
 0.0  0.0  1.0
 0.0  0.0  0.0
 0.0  0.0  0.0
 0.0  0.0  0.0
 1.0  0.0  0.0
3-element Vector{Float64}:
 0.5229130432556459
 0.2629712701200381
 0.3881825879813714
3×7 Matrix{Float64}:
 0.0  0.0  0.0  0.0  1.0  0.0  0.0
 0.0  0.0  0.0  0.0  0.0  1.0  1.0
 0.0  0.0  0.0  1.0  0.0  0.0  0.0
3-element Vector{Float64}:
 1.0
 1.0
 1.0
7×3 Matrix{Float64}:
 0.0        0.0        0.0
 0.0        0.0        0.0
 0.0565415  0.0565415  0.00319597
 0.0        0.0        0.0
 0.0        0.0        0.0
 0.0512587  0.0512587  0.0403606
 0.102009   0.102009   0.00686465
3-element Vector{Float64}:
 0.2098088060028132
 0.20980880600281318
 0.05042126117118681
3×7 Matrix{Float64}:
 0.0  0.0  0.0  0.36095   0.361647  0.832793   0.271405
 0.0  0.0  0.0  0.300683  0.294668  0.0851231  0.410647
 0.0  0.0  0.0  0.338367  0.343685  0.0820836  0.317947
3-element Vector{Float64}:
 0.2098088060028132
 0.20980880600281318
 0.05042126117118681
a: [0.0 0.0 0.0; 0.0 0.0 0.0; 0.05654154946613858 0.056541549466137875 0.003195972038355699; 0.0 0.0 0.0; 0.0 0.0 0.0; 0.05125873023749389 0.05125873023749432 0.040360640863654935; 0.10200852629918081 0.10200852629918108 0.006864648269176177]
b: [0.2098088060028132, 0.20980880600281318, 0.05042126117118681]
c: [0.0 0.0 0.0 0.3609495088167516 0.36164698061805595 0.832793247981885 0.27140516347155275; 0.0 0.0 0.0 0.3006832215678734 0.2946677532715361 0.0851231444381314 0.4106473722542302; 0.0 0.0 0.0 0.33836726961537505 0.34368526611040795 0.08208360757998359 0.31794746427421705]
d: [0.2098088060028132, 0.20980880600281318, 0.05042126117118681]
comparison (CRT and Glb)on prediction: Dict{Bool, Int64}(0 => 51, 1 => 0)
Dataname	 time	 objv	 lb	 gap	 train_w	 train_g	 test_w	 test_g
/work_bgfs/n/navarrodelacruz/odt/optimal_decision_tree/augmented_datasets/seeds/seeds_458.seeds	 27.25	 0.023501943658840656	 N/A	 N/A	 90.323	 0.0	 96.078	 0.0
