Running 6 processes.
Start training /work_bgfs/n/navarrodelacruz/odt/optimal_decision_tree/augmented_datasets/seeds/seeds_612.seeds with seed 1.
Any[]
(7, 206)
(7, 102)
(7, 51)
(7, 53)
dimension: 7, class: 3
cart cost: 38.96159420289857
size of X: (7, 153)
Using method: Global linear DT optimization
Version identifier: 20.1.0.0 | 2020-11-10 | 9bedb6d68
CPXPARAM_Threads                                 1
CPXPARAM_TimeLimit                               72000
Tried aggregator 1 time.
No LP presolve or aggregator reductions.
Presolve time = 0.01 sec. (3.39 ticks)
Initializing dual steep norms . . .

Iteration log . . .
Iteration:     1   Dual objective     =             0.000000
Perturbation started.
Iteration:    51   Dual objective     =             0.000000
Iteration:   155   Dual objective     =             0.000020
Iteration:   292   Dual objective     =             0.000050
Iteration:   431   Dual objective     =             0.006405
Iteration:   609   Dual objective     =             0.011853
Iteration:   766   Dual objective     =             0.020725
Iteration:   885   Dual objective     =             0.022515
Iteration:   990   Dual objective     =             0.022896
Iteration:  1107   Dual objective     =             0.023448
Iteration:  1236   Dual objective     =             0.023581
Iteration:  1345   Dual objective     =             0.023585
Removing perturbation.
7×3 Matrix{Float64}:
 0.0  1.0  0.0
 0.0  0.0  0.0
 0.0  0.0  1.0
 0.0  0.0  0.0
 0.0  0.0  0.0
 0.0  0.0  0.0
 1.0  0.0  0.0
3-element Vector{Float64}:
 0.5472213957544589
 0.2711393378249639
 0.4191972241037738
3×7 Matrix{Float64}:
 0.0  0.0  0.0  0.0  1.0  0.0  0.0
 0.0  0.0  0.0  0.0  0.0  1.0  1.0
 0.0  0.0  0.0  1.0  0.0  0.0  0.0
3-element Vector{Float64}:
 1.0
 1.0
 1.0
7×3 Matrix{Float64}:
 0.0631317  0.0631317  0.0
 0.0        0.0        0.0
 0.0308356  0.0308356  0.0198962
 0.0628298  0.0628298  0.0294641
 0.0        0.0        0.0
 0.0495217  0.0495217  0.00899849
 0.0        0.0        0.0
3-element Vector{Float64}:
 0.20631880409085648
 0.20631880409085648
 0.058358715296270965
3×7 Matrix{Float64}:
 0.0  0.0  0.0  0.347227  0.34929   0.821259   0.312976
 0.0  0.0  0.0  0.295744  0.294703  0.0818123  0.416029
 0.0  0.0  0.0  0.357028  0.356008  0.0969284  0.270995
3-element Vector{Float64}:
 0.20631880409085648
 0.20631880409085648
 0.058358715296270965
a: [0.06313173485774529 0.06313173485774509 0.0; 0.0 0.0 0.0; 0.030835613898775132 0.03083561389877565 0.019896155864811922; 0.06282977570579687 0.06282977570579629 0.029464067549035827; 0.0 0.0 0.0; 0.0495216796285392 0.04952167962853946 0.008998491882423215; 0.0 0.0 0.0]
b: [0.20631880409085648, 0.20631880409085648, 0.058358715296270965]
c: [0.0 0.0 0.0 0.3472273118577162 0.3492896041924824 0.8212593188743414 0.3129759616268782; 0.0 0.0 0.0 0.2957443866968134 0.2947026985386328 0.08181227991583151 0.41602907349792906; 0.0 0.0 0.0 0.3570283014454704 0.35600769726888487 0.09692840120982708 0.2709949648751928]
d: [0.20631880409085648, 0.20631880409085648, 0.058358715296270965]
comparison (CRT and Glb)on prediction: Dict{Bool, Int64}(0 => 53, 1 => 0)
Dataname	 time	 objv	 lb	 gap	 train_w	 train_g	 test_w	 test_g
/work_bgfs/n/navarrodelacruz/odt/optimal_decision_tree/augmented_datasets/seeds/seeds_612.seeds	 28.44	 0.023549816173899195	 N/A	 N/A	 91.503	 0.0	 92.453	 0.0
