Running 6 processes.
Start training /work_bgfs/n/navarrodelacruz/odt/optimal_decision_tree/augmented_datasets/seeds/seeds_68.seeds with seed 1.
Any[]
(7, 206)
(7, 102)
(7, 51)
(7, 53)
dimension: 7, class: 3
cart cost: 44.93260869565216
size of X: (7, 153)
Using method: Global linear DT optimization
Version identifier: 20.1.0.0 | 2020-11-10 | 9bedb6d68
CPXPARAM_Threads                                 1
CPXPARAM_TimeLimit                               72000
Tried aggregator 1 time.
No LP presolve or aggregator reductions.
Presolve time = 0.01 sec. (3.39 ticks)
Initializing dual steep norms . . .

Iteration log . . .
Iteration:     1   Dual objective     =             0.000000
Perturbation started.
Iteration:    51   Dual objective     =             0.000000
Iteration:   250   Dual objective     =             0.000042
Iteration:   355   Dual objective     =             0.000064
Iteration:   489   Dual objective     =             0.020111
Iteration:   621   Dual objective     =             0.021717
Iteration:   726   Dual objective     =             0.022321
Iteration:   828   Dual objective     =             0.022479
Iteration:   955   Dual objective     =             0.022656
Iteration:  1064   Dual objective     =             0.023087
Iteration:  1172   Dual objective     =             0.023502
Iteration:  1271   Dual objective     =             0.023557
Iteration:  1391   Dual objective     =             0.023913
Removing perturbation.
7×3 Matrix{Float64}:
 0.0  1.0  0.0
 0.0  0.0  1.0
 0.0  0.0  0.0
 0.0  0.0  0.0
 0.0  0.0  0.0
 0.0  0.0  0.0
 1.0  0.0  0.0
3-element Vector{Float64}:
 0.471356675385045
 0.26762023738109075
 0.640047607534621
3×7 Matrix{Float64}:
 0.0  0.0  0.0  0.0  1.0  0.0  0.0
 0.0  0.0  0.0  0.0  0.0  1.0  1.0
 0.0  0.0  0.0  1.0  0.0  0.0  0.0
3-element Vector{Float64}:
 1.0
 1.0
 1.0
7×3 Matrix{Float64}:
 0.0709983  0.0709983  0.0
 0.0        0.0        0.0
 0.0100906  0.0100906  0.0
 0.0        0.0        0.0
 0.0        0.0        0.0
 0.0621644  0.0621644  0.0144086
 0.063109   0.063109   0.0503718
3-element Vector{Float64}:
 0.20636234056422187
 0.2063623405642219
 0.06478038468369901
3×7 Matrix{Float64}:
 0.0  0.0  0.0  0.357137  0.366099  0.803381   0.284771
 0.0  0.0  0.0  0.29313   0.279837  0.0897655  0.436594
 0.0  0.0  0.0  0.349732  0.354064  0.106854   0.278635
3-element Vector{Float64}:
 0.20636234056422187
 0.2063623405642219
 0.06478038468369901
a: [0.07099825652632842 0.07099825652632846 0.0; 0.0 0.0 0.0; 0.01009064137741373 0.010090641377414028 0.0; 0.0 0.0 0.0; 0.0 0.0 0.0; 0.06216442406844174 0.06216442406844162 0.014408601575692966; 0.06310901859203795 0.06310901859203777 0.050371783108006024]
b: [0.20636234056422187, 0.2063623405642219, 0.06478038468369901]
c: [0.0 0.0 0.0 0.3571374630327594 0.36609920769697757 0.8033810066063426 0.284771227370277; 0.0 0.0 0.0 0.29313021068367817 0.2798367069116898 0.08976545261770287 0.4365936292200793; 0.0 0.0 0.0 0.34973232628356243 0.3540640853913326 0.10685354077595455 0.27863514340964374]
d: [0.20636234056422187, 0.2063623405642219, 0.06478038468369901]
comparison (CRT and Glb)on prediction: Dict{Bool, Int64}(0 => 53, 1 => 0)
Dataname	 time	 objv	 lb	 gap	 train_w	 train_g	 test_w	 test_g
/work_bgfs/n/navarrodelacruz/odt/optimal_decision_tree/augmented_datasets/seeds/seeds_68.seeds	 27.4	 0.023875253290607135	 N/A	 N/A	 90.196	 0.0	 90.566	 0.0
