Running 6 processes.
Start training /work_bgfs/n/navarrodelacruz/odt/optimal_decision_tree/augmented_datasets/seeds/seeds_830.seeds with seed 1.
Any[]
(7, 206)
(7, 102)
(7, 51)
(7, 53)
dimension: 7, class: 3
cart cost: 41.947101449275365
size of X: (7, 153)
Using method: Global linear DT optimization
Version identifier: 20.1.0.0 | 2020-11-10 | 9bedb6d68
CPXPARAM_Threads                                 1
CPXPARAM_TimeLimit                               72000
Tried aggregator 1 time.
No LP presolve or aggregator reductions.
Presolve time = 0.01 sec. (3.38 ticks)
Initializing dual steep norms . . .

Iteration log . . .
Iteration:     1   Dual objective     =             0.000000
Perturbation started.
Iteration:    51   Dual objective     =             0.000000
Iteration:   171   Dual objective     =             0.000027
Iteration:   344   Dual objective     =             0.000464
Iteration:   467   Dual objective     =             0.015399
Iteration:   619   Dual objective     =             0.022419
Iteration:   737   Dual objective     =             0.023042
Iteration:   833   Dual objective     =             0.023656
Iteration:   945   Dual objective     =             0.023725
Iteration:  1049   Dual objective     =             0.023773
Iteration:  1153   Dual objective     =             0.023791
Iteration:  1269   Dual objective     =             0.023792
Removing perturbation.
7×3 Matrix{Float64}:
 0.0  1.0  0.0
 0.0  0.0  0.0
 0.0  0.0  0.0
 0.0  0.0  0.0
 0.0  0.0  0.0
 0.0  0.0  1.0
 1.0  0.0  0.0
3-element Vector{Float64}:
 0.558922805045641
 0.26323422614290426
 0.17140021311302517
3×7 Matrix{Float64}:
 0.0  0.0  0.0  0.0  1.0  0.0  0.0
 0.0  0.0  0.0  0.0  0.0  1.0  1.0
 0.0  0.0  0.0  1.0  0.0  0.0  0.0
3-element Vector{Float64}:
 1.0
 1.0
 1.0
7×3 Matrix{Float64}:
 0.0828797  0.0828797  0.00603766
 0.0        0.0        0.0
 0.0265797  0.0265797  0.0137547
 0.0        0.0        0.0
 0.0        0.0        0.0
 0.049265   0.049265   0.0197643
 0.0479686  0.0479686  0.0221962
3-element Vector{Float64}:
 0.20669295003259108
 0.20669295003259108
 0.06175284298988383
3×7 Matrix{Float64}:
 0.0  0.0  0.0  0.35318   0.351117  0.803799   0.288971
 0.0  0.0  0.0  0.290765  0.288461  0.0904496  0.427506
 0.0  0.0  0.0  0.356055  0.360422  0.105752   0.283523
3-element Vector{Float64}:
 0.20669295003259108
 0.20669295003259108
 0.06175284298988383
a: [0.0828796766112342 0.08287967661123408 0.006037659325520455; 0.0 0.0 0.0; 0.026579732961946156 0.0265797329619461 0.013754653200407366; 0.0 0.0 0.0; 0.0 0.0 0.0; 0.04926495783626153 0.04926495783626157 0.01976431857042814; 0.04796858262314915 0.04796858262314933 0.02219621189352789]
b: [0.20669295003259108, 0.20669295003259108, 0.06175284298988383]
c: [0.0 0.0 0.0 0.3531802205310652 0.351116594390382 0.80379877688095 0.2889706720905281; 0.0 0.0 0.0 0.2907648898525251 0.2884613480191436 0.09044961983972559 0.4275062751163557; 0.0 0.0 0.0 0.35605488961640974 0.3604220575904744 0.10575160327932444 0.28352305279311624]
d: [0.20669295003259108, 0.20669295003259108, 0.06175284298988383]
comparison (CRT and Glb)on prediction: Dict{Bool, Int64}(0 => 53, 1 => 0)
Dataname	 time	 objv	 lb	 gap	 train_w	 train_g	 test_w	 test_g
/work_bgfs/n/navarrodelacruz/odt/optimal_decision_tree/augmented_datasets/seeds/seeds_830.seeds	 30.2	 0.02375693715275331	 N/A	 N/A	 90.85	 0.0	 92.453	 0.0
