Running 6 processes.
Start training /work_bgfs/n/navarrodelacruz/odt/optimal_decision_tree/augmented_datasets/seeds/seeds_166.seeds with seed 1.
Any[]
(7, 206)
(7, 102)
(7, 51)
(7, 53)
dimension: 7, class: 3
cart cost: 41.947101449275365
size of X: (7, 153)
Using method: Global linear DT optimization
Version identifier: 20.1.0.0 | 2020-11-10 | 9bedb6d68
CPXPARAM_Threads                                 1
CPXPARAM_TimeLimit                               72000
Tried aggregator 1 time.
No LP presolve or aggregator reductions.
Presolve time = 0.01 sec. (3.39 ticks)
Initializing dual steep norms . . .

Iteration log . . .
Iteration:     1   Dual objective     =             0.000000
Perturbation started.
Iteration:    51   Dual objective     =             0.000000
Iteration:   193   Dual objective     =             0.000023
Iteration:   341   Dual objective     =             0.000044
Iteration:   455   Dual objective     =             0.000059
Iteration:   590   Dual objective     =             0.003390
Iteration:   730   Dual objective     =             0.010560
Iteration:   898   Dual objective     =             0.016830
Iteration:  1025   Dual objective     =             0.022154
Iteration:  1127   Dual objective     =             0.022711
Iteration:  1231   Dual objective     =             0.022718
Iteration:  1347   Dual objective     =             0.022726
Iteration:  1461   Dual objective     =             0.023095
Iteration:  1563   Dual objective     =             0.023307
Iteration:  1684   Dual objective     =             0.023585
Removing perturbation.
Iteration:  1730    Objective     =             0.023569
7×3 Matrix{Float64}:
 0.0  1.0  0.0
 0.0  0.0  0.0
 0.0  0.0  0.0
 0.0  0.0  0.0
 0.0  0.0  0.0
 0.0  0.0  1.0
 1.0  0.0  0.0
3-element Vector{Float64}:
 0.5264772638453497
 0.26927137976495197
 0.1930399894917727
3×7 Matrix{Float64}:
 0.0  0.0  0.0  0.0  1.0  0.0  0.0
 0.0  0.0  0.0  0.0  0.0  1.0  1.0
 0.0  0.0  0.0  1.0  0.0  0.0  0.0
3-element Vector{Float64}:
 1.0
 1.0
 1.0
7×3 Matrix{Float64}:
 0.0824814   0.0824814   0.0
 0.0         0.0         0.0
 0.0         0.0         0.0
 0.070678    0.070678    0.0534363
 0.00348897  0.00348897  0.0
 0.0471489   0.0471489   0.0103426
 0.0         0.0         0.0
3-element Vector{Float64}:
 0.20379729928192772
 0.20379729928192772
 0.06377894985907043
3×7 Matrix{Float64}:
 0.0  0.0  0.0  0.344766  0.354801  0.792063   0.300433
 0.0  0.0  0.0  0.287643  0.27344   0.0915892  0.452416
 0.0  0.0  0.0  0.367591  0.371759  0.116347   0.24715
3-element Vector{Float64}:
 0.20379729928192772
 0.20379729928192772
 0.06377894985907043
a: [0.0824814476145552 0.08248144761455484 0.0; 0.0 0.0 0.0; 0.0 0.0 0.0; 0.07067802970346711 0.07067802970346732 0.053436347975217194; 0.003488970174273548 0.0034889701742736867 0.0; 0.047148851789631886 0.04714885178963187 0.010342601883853235; 0.0 0.0 0.0]
b: [0.20379729928192772, 0.20379729928192772, 0.06377894985907043]
c: [0.0 0.0 0.0 0.3447658140960529 0.3548006963163635 0.7920633971716137 0.30043348958758387; 0.0 0.0 0.0 0.2876433829932107 0.27343996935727605 0.09158921143080423 0.4524163974255412; 0.0 0.0 0.0 0.3675908029107364 0.3717593343263605 0.11634739139758213 0.24715011298687495]
d: [0.20379729928192772, 0.20379729928192772, 0.06377894985907043]
comparison (CRT and Glb)on prediction: Dict{Bool, Int64}(0 => 53, 1 => 0)
Dataname	 time	 objv	 lb	 gap	 train_w	 train_g	 test_w	 test_g
/work_bgfs/n/navarrodelacruz/odt/optimal_decision_tree/augmented_datasets/seeds/seeds_166.seeds	 27.69	 0.023568677421146295	 N/A	 N/A	 90.85	 0.0	 92.453	 0.0
