Running 6 processes.
Start training /work_bgfs/n/navarrodelacruz/odt/optimal_decision_tree/augmented_datasets/seeds/seeds_645.seeds with seed 1.
Any[]
(7, 206)
(7, 103)
(7, 52)
(7, 51)
dimension: 7, class: 3
cart cost: 44.29285714285715
size of X: (7, 155)
Using method: Global linear DT optimization
Version identifier: 20.1.0.0 | 2020-11-10 | 9bedb6d68
CPXPARAM_Threads                                 1
CPXPARAM_TimeLimit                               72000
Tried aggregator 1 time.
No LP presolve or aggregator reductions.
Presolve time = 0.01 sec. (3.45 ticks)
Initializing dual steep norms . . .

Iteration log . . .
Iteration:     1   Dual objective     =             0.000000
Perturbation started.
Iteration:    51   Dual objective     =             0.000000
Iteration:   186   Dual objective     =             0.000032
Iteration:   319   Dual objective     =             0.000059
Iteration:   442   Dual objective     =             0.008661
Iteration:   551   Dual objective     =             0.015409
Iteration:   671   Dual objective     =             0.020866
Iteration:   805   Dual objective     =             0.022746
Iteration:   911   Dual objective     =             0.022748
Iteration:  1013   Dual objective     =             0.023291
Iteration:  1116   Dual objective     =             0.023312
Iteration:  1218   Dual objective     =             0.023313
Removing perturbation.
7×3 Matrix{Float64}:
 0.0  1.0  0.0
 0.0  0.0  1.0
 0.0  0.0  0.0
 0.0  0.0  0.0
 0.0  0.0  0.0
 0.0  0.0  0.0
 1.0  0.0  0.0
3-element Vector{Float64}:
 0.49872559087600427
 0.26610006551911586
 0.6172117837074154
3×7 Matrix{Float64}:
 0.0  0.0  0.0  0.0  1.0  0.0  0.0
 0.0  0.0  0.0  0.0  0.0  1.0  1.0
 0.0  0.0  0.0  1.0  0.0  0.0  0.0
3-element Vector{Float64}:
 1.0
 1.0
 1.0
7×3 Matrix{Float64}:
 0.0        0.0        0.0
 0.0        0.0        0.0
 0.0399585  0.0399585  0.0
 0.0        0.0        0.0
 0.0        0.0        0.0
 0.0483898  0.0483898  0.0269838
 0.119637   0.119637   0.0228148
3-element Vector{Float64}:
 0.20798504228731635
 0.20798504228731637
 0.04979856545496088
3×7 Matrix{Float64}:
 0.0  0.0  0.0  0.357839  0.363239  0.836394   0.278922
 0.0  0.0  0.0  0.299527  0.291664  0.0796095  0.410396
 0.0  0.0  0.0  0.342634  0.345097  0.0839964  0.310683
3-element Vector{Float64}:
 0.20798504228731635
 0.20798504228731637
 0.04979856545496088
a: [0.0 0.0 0.0; 0.0 0.0 0.0; 0.03995852532975021 0.03995852532974983 0.0; 0.0 0.0 0.0; 0.0 0.0 0.0; 0.04838979438723934 0.04838979438723923 0.026983797840411397; 0.11963672257032687 0.11963672257032731 0.02281476761454948]
b: [0.20798504228731635, 0.20798504228731637, 0.04979856545496088]
c: [0.0 0.0 0.0 0.35783915358883667 0.36323890060659364 0.8363940868698919 0.2789219458045697; 0.0 0.0 0.0 0.2995271419702382 0.29166440716091707 0.07960951812054762 0.4103955294667172; 0.0 0.0 0.0 0.3426337044409251 0.3450966922324893 0.08399639500956045 0.31068252472871305]
d: [0.20798504228731635, 0.20798504228731637, 0.04979856545496088]
comparison (CRT and Glb)on prediction: Dict{Bool, Int64}(0 => 51, 1 => 0)
Dataname	 time	 objv	 lb	 gap	 train_w	 train_g	 test_w	 test_g
/work_bgfs/n/navarrodelacruz/odt/optimal_decision_tree/augmented_datasets/seeds/seeds_645.seeds	 28.28	 0.02328843250147967	 N/A	 N/A	 90.323	 0.0	 94.118	 0.0
