Running 6 processes.
Start training /work_bgfs/n/navarrodelacruz/odt/optimal_decision_tree/augmented_datasets/seeds/seeds_713.seeds with seed 1.
Any[]
(7, 206)
(7, 103)
(7, 52)
(7, 51)
dimension: 7, class: 3
cart cost: 50.1785714285714
size of X: (7, 155)
Using method: Global linear DT optimization
Version identifier: 20.1.0.0 | 2020-11-10 | 9bedb6d68
CPXPARAM_Threads                                 1
CPXPARAM_TimeLimit                               72000
Tried aggregator 1 time.
No LP presolve or aggregator reductions.
Presolve time = 0.01 sec. (3.45 ticks)
Initializing dual steep norms . . .

Iteration log . . .
Iteration:     1   Dual objective     =             0.000000
Perturbation started.
Iteration:    51   Dual objective     =             0.000000
Iteration:   183   Dual objective     =             0.000026
Iteration:   296   Dual objective     =             0.000047
Iteration:   412   Dual objective     =             0.008049
Iteration:   542   Dual objective     =             0.016106
Iteration:   662   Dual objective     =             0.021610
Iteration:   780   Dual objective     =             0.022396
Iteration:   897   Dual objective     =             0.023347
Iteration:  1019   Dual objective     =             0.023579
Iteration:  1129   Dual objective     =             0.023595
Iteration:  1239   Dual objective     =             0.023815
Iteration:  1360   Dual objective     =             0.023836
Removing perturbation.
7×3 Matrix{Float64}:
 0.0  1.0  0.0
 0.0  0.0  1.0
 0.0  0.0  0.0
 0.0  0.0  0.0
 0.0  0.0  0.0
 0.0  0.0  0.0
 1.0  0.0  0.0
3-element Vector{Float64}:
 0.5082355462062056
 0.27861139019870895
 0.6399026047044332
3×7 Matrix{Float64}:
 0.0  0.0  0.0  0.0  1.0  0.0  0.0
 0.0  0.0  0.0  0.0  0.0  1.0  1.0
 0.0  0.0  0.0  1.0  0.0  0.0  0.0
3-element Vector{Float64}:
 1.0
 1.0
 1.0
7×3 Matrix{Float64}:
 0.098185   0.098185   0.0
 0.0        0.0        0.0
 0.0125553  0.0125553  0.0
 0.0        0.0        0.0
 0.0        0.0        0.0
 0.058805   0.058805   0.00817137
 0.0367853  0.0367853  0.0552361
3-element Vector{Float64}:
 0.20633074740998145
 0.20633074740998145
 0.06340744060706059
3×7 Matrix{Float64}:
 0.0  0.0  0.0  0.34956   0.354818  0.803307   0.279998
 0.0  0.0  0.0  0.292479  0.289707  0.0865735  0.446871
 0.0  0.0  0.0  0.357961  0.355474  0.110119   0.273131
3-element Vector{Float64}:
 0.20633074740998145
 0.20633074740998145
 0.06340744060706059
a: [0.09818503458579744 0.09818503458579751 0.0; 0.0 0.0 0.0; 0.012555327593712215 0.012555327593712196 0.0; 0.0 0.0 0.0; 0.0 0.0 0.0; 0.05880503710187585 0.05880503710187586 0.008171374472777514; 0.03678534812859598 0.036785348128595866 0.055236066134283]
b: [0.20633074740998145, 0.20633074740998145, 0.06340744060706059]
c: [0.0 0.0 0.0 0.34955970086184385 0.35481823115018607 0.8033071553497831 0.27999798602756654; 0.0 0.0 0.0 0.29247907726021705 0.2897073703537304 0.08657350352973023 0.4468709532935504; 0.0 0.0 0.0 0.3579612218779391 0.35547439849608353 0.11011934112048657 0.27313106067888304]
d: [0.20633074740998145, 0.20633074740998145, 0.06340744060706059]
comparison (CRT and Glb)on prediction: Dict{Bool, Int64}(0 => 51, 1 => 0)
Dataname	 time	 objv	 lb	 gap	 train_w	 train_g	 test_w	 test_g
/work_bgfs/n/navarrodelacruz/odt/optimal_decision_tree/augmented_datasets/seeds/seeds_713.seeds	 28.13	 0.023803446771351173	 N/A	 N/A	 89.032	 0.0	 100.0	 0.0
