Running 6 processes.
Start training /work_bgfs/n/navarrodelacruz/odt/optimal_decision_tree/augmented_datasets/seeds/seeds_548.seeds with seed 1.
Any[]
(7, 206)
(7, 102)
(7, 51)
(7, 53)
dimension: 7, class: 3
cart cost: 38.96159420289857
size of X: (7, 153)
Using method: Global linear DT optimization
Version identifier: 20.1.0.0 | 2020-11-10 | 9bedb6d68
CPXPARAM_Threads                                 1
CPXPARAM_TimeLimit                               72000
Tried aggregator 1 time.
No LP presolve or aggregator reductions.
Presolve time = 0.01 sec. (3.42 ticks)
Initializing dual steep norms . . .

Iteration log . . .
Iteration:     1   Dual objective     =             0.000000
Perturbation started.
Iteration:    51   Dual objective     =             0.000000
Iteration:   184   Dual objective     =             0.000029
Iteration:   334   Dual objective     =             0.004387
Iteration:   453   Dual objective     =             0.014503
Iteration:   566   Dual objective     =             0.020467
Iteration:   683   Dual objective     =             0.021340
Iteration:   789   Dual objective     =             0.023276
Iteration:   891   Dual objective     =             0.023277
Iteration:   997   Dual objective     =             0.023468
Iteration:  1112   Dual objective     =             0.023462
Removing perturbation.
7×3 Matrix{Float64}:
 0.0  1.0  0.0
 0.0  0.0  0.0
 0.0  0.0  0.0
 0.0  0.0  0.0
 0.0  0.0  0.0
 0.0  0.0  1.0
 1.0  0.0  0.0
3-element Vector{Float64}:
 0.5191183094932799
 0.2588860863633721
 0.18849262742025102
3×7 Matrix{Float64}:
 0.0  0.0  0.0  0.0  1.0  0.0  0.0
 0.0  0.0  0.0  0.0  0.0  1.0  1.0
 0.0  0.0  0.0  1.0  0.0  0.0  0.0
3-element Vector{Float64}:
 1.0
 1.0
 1.0
7×3 Matrix{Float64}:
 0.0191136  0.0191136  0.0
 0.0        0.0        0.0
 0.0301384  0.0301384  0.0204677
 0.0621019  0.0621019  0.0232517
 0.0        0.0        0.0
 0.0507484  0.0507484  0.00463225
 0.0448053  0.0448053  0.00637082
3-element Vector{Float64}:
 0.20690768686499497
 0.20690768686499497
 0.0547224808127475
3×7 Matrix{Float64}:
 0.0  0.0  0.0  0.350853  0.352562  0.823884   0.290633
 0.0  0.0  0.0  0.296897  0.297009  0.080539   0.41942
 0.0  0.0  0.0  0.352251  0.350429  0.0955775  0.289947
3-element Vector{Float64}:
 0.206907686864995
 0.20690768686499497
 0.0547224808127475
a: [0.019113645786426867 0.01911364578642606 0.0; 0.0 0.0 0.0; 0.030138406060920518 0.03013840606092003 0.020467749996168516; 0.06210191318941625 0.06210191318941719 0.023251669856571316; 0.0 0.0 0.0; 0.050748383739564785 0.05074838373956517 0.0046322455909201705; 0.04480533808866659 0.044805338088666505 0.006370815369087494]
b: [0.20690768686499497, 0.20690768686499497, 0.0547224808127475]
c: [0.0 0.0 0.0 0.3508526685687975 0.3525622765156499 0.8238835446550453 0.290633156976964; 0.0 0.0 0.0 0.2968967479813416 0.29700919321336683 0.08053896801292193 0.4194195029517909; 0.0 0.0 0.0 0.35225058344986093 0.3504285302709832 0.09557748733203278 0.28994734007124506]
d: [0.206907686864995, 0.20690768686499497, 0.0547224808127475]
comparison (CRT and Glb)on prediction: Dict{Bool, Int64}(0 => 53, 1 => 0)
Dataname	 time	 objv	 lb	 gap	 train_w	 train_g	 test_w	 test_g
/work_bgfs/n/navarrodelacruz/odt/optimal_decision_tree/augmented_datasets/seeds/seeds_548.seeds	 27.24	 0.023426892727136876	 N/A	 N/A	 91.503	 0.0	 92.453	 0.0
