Running 6 processes.
Start training /work_bgfs/n/navarrodelacruz/odt/optimal_decision_tree/augmented_datasets/seeds/seeds_933.seeds with seed 1.
Any[]
(7, 206)
(7, 103)
(7, 52)
(7, 51)
dimension: 7, class: 3
cart cost: 41.35
size of X: (7, 155)
Using method: Global linear DT optimization
Version identifier: 20.1.0.0 | 2020-11-10 | 9bedb6d68
CPXPARAM_Threads                                 1
CPXPARAM_TimeLimit                               72000
Tried aggregator 1 time.
No LP presolve or aggregator reductions.
Presolve time = 0.01 sec. (3.47 ticks)
Initializing dual steep norms . . .

Iteration log . . .
Iteration:     1   Dual objective     =             0.000000
Perturbation started.
Iteration:    51   Dual objective     =             0.000000
Iteration:   203   Dual objective     =             0.000027
Iteration:   345   Dual objective     =             0.000054
Iteration:   445   Dual objective     =             0.000076
Iteration:   576   Dual objective     =             0.015772
Iteration:   723   Dual objective     =             0.021480
Iteration:   833   Dual objective     =             0.023078
Iteration:   948   Dual objective     =             0.023097
Iteration:  1055   Dual objective     =             0.023086
Iteration:  1177   Dual objective     =             0.023473
Iteration:  1293   Dual objective     =             0.023553
Removing perturbation.
7×3 Matrix{Float64}:
 0.0  1.0  0.0
 0.0  0.0  0.0
 0.0  0.0  1.0
 0.0  0.0  0.0
 0.0  0.0  0.0
 0.0  0.0  0.0
 1.0  0.0  0.0
3-element Vector{Float64}:
 0.5236823847554809
 0.25760217211095926
 0.7098903619738276
3×7 Matrix{Float64}:
 0.0  0.0  0.0  0.0  1.0  0.0  0.0
 0.0  0.0  0.0  0.0  0.0  1.0  1.0
 0.0  0.0  0.0  1.0  0.0  0.0  0.0
3-element Vector{Float64}:
 1.0
 1.0
 1.0
7×3 Matrix{Float64}:
 0.0833253   0.0833253   0.0
 0.0         0.0         0.0
 0.0         0.0         0.0
 0.00722046  0.00722046  0.0
 0.0         0.0         0.0
 0.0452482   0.0452482   0.0338166
 0.0723417   0.0723417   0.0206287
3-element Vector{Float64}:
 0.20813559346157154
 0.20813559346157157
 0.05444529902904678
3×7 Matrix{Float64}:
 0.0  0.0  0.0  0.353874  0.360729  0.828425   0.290826
 0.0  0.0  0.0  0.286636  0.274722  0.082859   0.445251
 0.0  0.0  0.0  0.35949   0.364549  0.0887163  0.263923
3-element Vector{Float64}:
 0.20813559346157154
 0.20813559346157157
 0.05444529902904678
a: [0.08332525510668164 0.08332525510668173 0.0; 0.0 0.0 0.0; 0.0 0.0 0.0; 0.007220455641780319 0.007220455641780199 0.0; 0.0 0.0 0.0; 0.04524821477434142 0.04524821477434158 0.03381658290759734; 0.07234166793876816 0.07234166793876806 0.020628716121449526]
b: [0.20813559346157154, 0.20813559346157157, 0.05444529902904678]
c: [0.0 0.0 0.0 0.35387411274296904 0.36072898581808616 0.8284247627908817 0.29082615202538753; 0.0 0.0 0.0 0.2866356851604061 0.2747223384174727 0.082858975027055 0.44525091124889715; 0.0 0.0 0.0 0.3594902020966249 0.3645486757644412 0.08871626218206333 0.2639229367257153]
d: [0.20813559346157154, 0.20813559346157157, 0.05444529902904678]
comparison (CRT and Glb)on prediction: Dict{Bool, Int64}(0 => 51, 1 => 0)
Dataname	 time	 objv	 lb	 gap	 train_w	 train_g	 test_w	 test_g
/work_bgfs/n/navarrodelacruz/odt/optimal_decision_tree/augmented_datasets/seeds/seeds_933.seeds	 30.72	 0.023535824297609496	 N/A	 N/A	 90.968	 0.0	 94.118	 0.0
