Running 2 processes.
Start training /work_bgfs/n/navarrodelacruz/odt/optimal_decision_tree/augmented_datasets/small_toy/small_toy_798.small_toy with seed 1.
Any[]
(2, 13)
(2, 6)
(2, 3)
(2, 4)
dimension: 2, class: 3
cart cost: 7.9
size of X: (2, 9)
Using method: Global linear DT optimization
Version identifier: 20.1.0.0 | 2020-11-10 | 9bedb6d68
CPXPARAM_Threads                                 1
CPXPARAM_TimeLimit                               1728000
Tried aggregator 1 time.
No LP presolve or aggregator reductions.
Presolve time = 0.00 sec. (0.14 ticks)
Initializing dual steep norms . . .

Iteration log . . .
Iteration:     1   Dual objective     =             0.000000
Iteration:    62   Dual objective     =             0.023790
2×3 Matrix{Float64}:
 1.0  0.0  0.0
 0.0  0.0  1.0
3-element Vector{Float64}:
 0.18564780303559814
 0.0
 0.153535323361617
3×7 Matrix{Float64}:
 0.0  0.0  0.0  0.0  1.0  1.0  0.0
 0.0  0.0  0.0  0.0  0.0  0.0  1.0
 0.0  0.0  0.0  0.0  0.0  0.0  0.0
3-element Vector{Float64}:
 1.0
 0.0
 1.0
2×3 Matrix{Float64}:
 0.0       0.0       0.174468
 0.199264  0.102063  0.0
3-element Vector{Float64}:
 0.19926364814372124
 0.1020633878024009
 0.17446771885558687
3×7 Matrix{Float64}:
 0.0  0.0  0.0  0.202423  0.3952    0.528645  0.171887
 0.0  0.0  0.0  0.630833  0.334523  0.230873  0.367406
 0.0  0.0  0.0  0.166745  0.270277  0.240482  0.460707
3-element Vector{Float64}:
 0.19926364814372124
 0.1020633878024009
 0.17446771885558687
a: [0.0 0.0 0.17446771885558687; 0.19926364814372124 0.1020633878024009 0.0]
b: [0.19926364814372124, 0.1020633878024009, 0.17446771885558687]
c: [0.0 0.0 0.0 0.20242266430128458 0.3952002713621166 0.5286453237337608 0.17188656456494822; 0.0 0.0 0.0 0.6308328059875252 0.3345230699059353 0.23087314030767572 0.3674064392253159; 0.0 0.0 0.0 0.16674452971119025 0.27027665873194817 0.24048153595856347 0.4607069962097359]
d: [0.19926364814372124, 0.1020633878024009, 0.17446771885558687]
comparison (CRT and Glb)on prediction: Dict{Bool, Int64}(0 => 2, 1 => 2)
Dataname	 time	 objv	 lb	 gap	 train_w	 train_g	 test_w	 test_g
/work_bgfs/n/navarrodelacruz/odt/optimal_decision_tree/augmented_datasets/small_toy/small_toy_798.small_toy	 28.15	 0.023789737740085453	 N/A	 N/A	 66.667	 33.333	 75.0	 25.0
