Running 2 processes.
Start training /work_bgfs/n/navarrodelacruz/odt/optimal_decision_tree/augmented_datasets/small_toy/small_toy_970.small_toy with seed 1.
Any[]
(2, 13)
(2, 6)
(2, 3)
(2, 4)
dimension: 2, class: 3
cart cost: 2.7500000000000004
size of X: (2, 9)
Using method: Global linear DT optimization
Version identifier: 20.1.0.0 | 2020-11-10 | 9bedb6d68
CPXPARAM_Threads                                 1
CPXPARAM_TimeLimit                               1728000
Tried aggregator 1 time.
No LP presolve or aggregator reductions.
Presolve time = 0.00 sec. (0.14 ticks)
Initializing dual steep norms . . .

Iteration log . . .
Iteration:     1   Dual objective     =             0.000000
Iteration:    62   Dual objective     =             0.022953
2×3 Matrix{Float64}:
 0.0  1.0  1.0
 1.0  0.0  0.0
3-element Vector{Float64}:
 0.3533803859769483
 0.668117292972925
 0.8046945102856433
3×7 Matrix{Float64}:
 0.0  0.0  0.0  1.0  0.0  0.0  0.0
 0.0  0.0  0.0  0.0  1.0  1.0  0.0
 0.0  0.0  0.0  0.0  0.0  0.0  1.0
3-element Vector{Float64}:
 1.0
 1.0
 1.0
2×3 Matrix{Float64}:
 0.0       0.0       0.156105
 0.197824  0.115135  0.0
3-element Vector{Float64}:
 0.19782382008687127
 0.1151348798051319
 0.15610450577279836
3×7 Matrix{Float64}:
 0.0  0.0  0.0  0.617281  0.393765  0.538744  0.166832
 0.0  0.0  0.0  0.197621  0.339551  0.24635   0.39508
 0.0  0.0  0.0  0.185098  0.266685  0.214907  0.438088
3-element Vector{Float64}:
 0.19782382008687127
 0.1151348798051319
 0.15610450577279836
a: [0.0 0.0 0.15610450577279836; 0.19782382008687127 0.1151348798051319 0.0]
b: [0.19782382008687127, 0.1151348798051319, 0.15610450577279836]
c: [0.0 0.0 0.0 0.617281031876528 0.393764602601154 0.5387436587155974 0.16683181340886927; 0.0 0.0 0.0 0.19762101091016454 0.33955082398874814 0.24634982767953495 0.3950800997451442; 0.0 0.0 0.0 0.18509795721330735 0.2666845734100979 0.21490651360486768 0.43808808684598655]
d: [0.19782382008687127, 0.1151348798051319, 0.15610450577279836]
comparison (CRT and Glb)on prediction: Dict{Bool, Int64}(0 => 3, 1 => 1)
Dataname	 time	 objv	 lb	 gap	 train_w	 train_g	 test_w	 test_g
/work_bgfs/n/navarrodelacruz/odt/optimal_decision_tree/augmented_datasets/small_toy/small_toy_970.small_toy	 28.04	 0.023453160283240078	 N/A	 N/A	 88.889	 33.333	 75.0	 50.0
