Running 2 processes.
Start training /work_bgfs/n/navarrodelacruz/odt/optimal_decision_tree/augmented_datasets/small_toy/small_toy_325.small_toy with seed 1.
Any[]
(2, 13)
(2, 6)
(2, 3)
(2, 4)
dimension: 2, class: 3
cart cost: 2.7000000000000006
size of X: (2, 9)
Using method: Global linear DT optimization
Version identifier: 20.1.0.0 | 2020-11-10 | 9bedb6d68
CPXPARAM_Threads                                 1
CPXPARAM_TimeLimit                               1728000
Tried aggregator 1 time.
No LP presolve or aggregator reductions.
Presolve time = 0.41 sec. (0.14 ticks)
Initializing dual steep norms . . .

Iteration log . . .
Iteration:     1   Dual objective     =             0.000000
Iteration:    62   Dual objective     =             0.023789
2×3 Matrix{Float64}:
 1.0  0.0  0.0
 0.0  1.0  0.0
3-element Vector{Float64}:
 0.7180342143621148
 0.2453272410299844
 0.0
3×7 Matrix{Float64}:
 0.0  0.0  0.0  1.0  0.0  0.0  0.0
 0.0  0.0  0.0  0.0  1.0  0.0  0.0
 0.0  0.0  0.0  0.0  0.0  0.0  1.0
3-element Vector{Float64}:
 1.0
 1.0
 0.0
2×3 Matrix{Float64}:
 0.173667    0.0       0.0
 0.00653537  0.123527  0.180203
3-element Vector{Float64}:
 0.18020279120029775
 0.12352748778939311
 0.18020279120029775
3×7 Matrix{Float64}:
 0.0  0.0  0.0  0.238252  0.346809  0.572945  0.186114
 0.0  0.0  0.0  0.192528  0.427931  0.241242  0.352332
 0.0  0.0  0.0  0.56922   0.225261  0.185813  0.461554
3-element Vector{Float64}:
 0.18020279120029775
 0.12352748778939311
 0.18020279120029775
a: [0.173667425180056 0.0 0.0; 0.006535366020241518 0.12352748778939311 0.18020279120029775]
b: [0.18020279120029775, 0.12352748778939311, 0.18020279120029775]
c: [0.0 0.0 0.0 0.23825155973182788 0.3468086270128236 0.5729450887197115 0.18611396559088464; 0.0 0.0 0.0 0.1925281531291067 0.42793072033214935 0.2412423800401736 0.3523321353994593; 0.0 0.0 0.0 0.5692202871390655 0.22526065265502698 0.18581253124011488 0.46155389900965604]
d: [0.18020279120029775, 0.12352748778939311, 0.18020279120029775]
comparison (CRT and Glb)on prediction: Dict{Bool, Int64}(0 => 4, 1 => 0)
Dataname	 time	 objv	 lb	 gap	 train_w	 train_g	 test_w	 test_g
/work_bgfs/n/navarrodelacruz/odt/optimal_decision_tree/augmented_datasets/small_toy/small_toy_325.small_toy	 40.42	 0.024196653509499434	 N/A	 N/A	 88.889	 33.333	 75.0	 0.0
