Running 2 processes.
Start training /work_bgfs/n/navarrodelacruz/odt/optimal_decision_tree/augmented_datasets/small_toy/small_toy_57.small_toy with seed 1.
Any[]
(2, 13)
(2, 6)
(2, 3)
(2, 4)
dimension: 2, class: 3
cart cost: 2.7500000000000004
size of X: (2, 9)
Using method: Global linear DT optimization
Version identifier: 20.1.0.0 | 2020-11-10 | 9bedb6d68
CPXPARAM_Threads                                 1
CPXPARAM_TimeLimit                               1728000
Tried aggregator 1 time.
No LP presolve or aggregator reductions.
Presolve time = 0.00 sec. (0.14 ticks)
Initializing dual steep norms . . .

Iteration log . . .
Iteration:     1   Dual objective     =             0.000000
Iteration:    62   Dual objective     =             0.023989
2×3 Matrix{Float64}:
 1.0  0.0  1.0
 0.0  1.0  0.0
3-element Vector{Float64}:
 0.6446548402761021
 0.47275709452729475
 0.842129126902408
3×7 Matrix{Float64}:
 0.0  0.0  0.0  1.0  0.0  0.0  0.0
 0.0  0.0  0.0  0.0  1.0  1.0  0.0
 0.0  0.0  0.0  0.0  0.0  0.0  1.0
3-element Vector{Float64}:
 1.0
 1.0
 1.0
2×3 Matrix{Float64}:
 0.0       0.16318  0.042288
 0.219291  0.0      0.0550114
3-element Vector{Float64}:
 0.21929079122508938
 0.16318022425317058
 0.09729941742436346
3×7 Matrix{Float64}:
 0.0  0.0  0.0  0.572575  0.431654  0.740361  0.18328
 0.0  0.0  0.0  0.210254  0.300529  0.143563  0.361821
 0.0  0.0  0.0  0.217171  0.267817  0.116076  0.454899
3-element Vector{Float64}:
 0.21929079122508938
 0.16318022425317058
 0.09729941742436346
a: [0.0 0.16318022425317058 0.04228797780699381; 0.21929079122508938 0.0 0.05501143961736965]
b: [0.21929079122508938, 0.16318022425317058, 0.09729941742436346]
c: [0.0 0.0 0.0 0.572574550548713 0.4316540424154591 0.7403611950957175 0.18328032833516933; 0.0 0.0 0.0 0.21025444483827466 0.3005290046522482 0.14356306203687033 0.36182097924400203; 0.0 0.0 0.0 0.21717100461301242 0.2678169529322927 0.11607574286741218 0.4548986924208286]
d: [0.21929079122508938, 0.16318022425317058, 0.09729941742436346]
comparison (CRT and Glb)on prediction: Dict{Bool, Int64}(0 => 2, 1 => 2)
Dataname	 time	 objv	 lb	 gap	 train_w	 train_g	 test_w	 test_g
/work_bgfs/n/navarrodelacruz/odt/optimal_decision_tree/augmented_datasets/small_toy/small_toy_57.small_toy	 31.53	 0.023988521645131166	 N/A	 N/A	 88.889	 33.333	 50.0	 50.0
