Running 2 processes.
Start training /work_bgfs/n/navarrodelacruz/odt/optimal_decision_tree/augmented_datasets/small_toy/small_toy_741.small_toy with seed 1.
Any[]
(2, 13)
(2, 6)
(2, 3)
(2, 4)
dimension: 2, class: 3
cart cost: 2.7000000000000006
size of X: (2, 9)
Using method: Global linear DT optimization
Version identifier: 20.1.0.0 | 2020-11-10 | 9bedb6d68
CPXPARAM_Threads                                 1
CPXPARAM_TimeLimit                               1728000
Tried aggregator 1 time.
No LP presolve or aggregator reductions.
Presolve time = 0.00 sec. (0.14 ticks)
Initializing dual steep norms . . .

Iteration log . . .
Iteration:     1   Dual objective     =             0.000000
Iteration:    62   Dual objective     =             0.024104
2×3 Matrix{Float64}:
 1.0  0.0  0.0
 0.0  1.0  0.0
3-element Vector{Float64}:
 0.613374149704714
 0.24524142248129982
 0.0
3×7 Matrix{Float64}:
 0.0  0.0  0.0  1.0  0.0  0.0  0.0
 0.0  0.0  0.0  0.0  1.0  0.0  0.0
 0.0  0.0  0.0  0.0  0.0  0.0  1.0
3-element Vector{Float64}:
 1.0
 1.0
 0.0
2×3 Matrix{Float64}:
 0.0      0.15203  0.0688269
 0.21196  0.0      0.0501961
3-element Vector{Float64}:
 0.21196026644684907
 0.1520302655602379
 0.11902292576357557
3×7 Matrix{Float64}:
 0.0  0.0  0.0  0.579167  0.388703  0.673728  0.213421
 0.0  0.0  0.0  0.211068  0.34747   0.177842  0.350749
 0.0  0.0  0.0  0.209765  0.263827  0.14843   0.43583
3-element Vector{Float64}:
 0.21196026644684907
 0.1520302655602379
 0.11902292576357557
a: [0.0 0.1520302655602379 0.06882686320624667; 0.21196026644684907 0.0 0.05019606255732889]
b: [0.21196026644684907, 0.1520302655602379, 0.11902292576357557]
c: [0.0 0.0 0.0 0.5791672935598773 0.38870282888101737 0.6737283686721586 0.21342066854055802; 0.0 0.0 0.0 0.21106787654218076 0.3474704401693123 0.1778416090482784 0.3507494837041315; 0.0 0.0 0.0 0.20976482989794198 0.26382673094967035 0.14843002227956303 0.4358298477553104]
d: [0.21196026644684907, 0.1520302655602379, 0.11902292576357557]
comparison (CRT and Glb)on prediction: Dict{Bool, Int64}(0 => 3, 1 => 1)
Dataname	 time	 objv	 lb	 gap	 train_w	 train_g	 test_w	 test_g
/work_bgfs/n/navarrodelacruz/odt/optimal_decision_tree/augmented_datasets/small_toy/small_toy_741.small_toy	 36.72	 0.024150672888533134	 N/A	 N/A	 88.889	 33.333	 75.0	 50.0
