Running 2 processes.
Start training /work_bgfs/n/navarrodelacruz/odt/optimal_decision_tree/augmented_datasets/small_toy/small_toy_122.small_toy with seed 1.
Any[]
(2, 13)
(2, 6)
(2, 3)
(2, 4)
dimension: 2, class: 3
cart cost: 0.15000000000000002
size of X: (2, 9)
Using method: Global linear DT optimization
Version identifier: 20.1.0.0 | 2020-11-10 | 9bedb6d68
CPXPARAM_Threads                                 1
CPXPARAM_TimeLimit                               1728000
Tried aggregator 1 time.
No LP presolve or aggregator reductions.
Presolve time = 0.00 sec. (0.14 ticks)
Initializing dual steep norms . . .

Iteration log . . .
Iteration:     1   Dual objective     =             0.000000
Iteration:    62   Dual objective     =             0.024065
2×3 Matrix{Float64}:
 1.0  1.0  0.0
 0.0  0.0  1.0
3-element Vector{Float64}:
 0.6191012057090941
 0.20332659798132316
 0.25122211662372285
3×7 Matrix{Float64}:
 0.0  0.0  0.0  1.0  0.0  1.0  0.0
 0.0  0.0  0.0  0.0  1.0  0.0  0.0
 0.0  0.0  0.0  0.0  0.0  0.0  1.0
3-element Vector{Float64}:
 1.0
 1.0
 1.0
2×3 Matrix{Float64}:
 0.151017   0.0       0.0
 0.0271915  0.129267  0.178209
3-element Vector{Float64}:
 0.17820885390473024
 0.1292674387158375
 0.1782088539047302
3×7 Matrix{Float64}:
 0.0  0.0  0.0  0.641013  0.341206  0.336696  0.174846
 0.0  0.0  0.0  0.167054  0.284889  0.385754  0.357144
 0.0  0.0  0.0  0.191932  0.373905  0.27755   0.468011
3-element Vector{Float64}:
 0.1782088539047302
 0.1292674387158375
 0.1782088539047302
a: [0.15101735518817122 0.0 0.0; 0.027191498716558946 0.1292674387158375 0.1782088539047302]
b: [0.17820885390473024, 0.1292674387158375, 0.1782088539047302]
c: [0.0 0.0 0.0 0.6410133802988067 0.34120577640689753 0.3366959285473458 0.1748455088648076; 0.0 0.0 0.0 0.16705412954744148 0.28488873309554563 0.3857544780027769 0.357143981191248; 0.0 0.0 0.0 0.1919324901537518 0.37390549049755684 0.27754959344987723 0.46801050994394444]
d: [0.1782088539047302, 0.1292674387158375, 0.1782088539047302]
comparison (CRT and Glb)on prediction: Dict{Bool, Int64}(0 => 3, 1 => 1)
Dataname	 time	 objv	 lb	 gap	 train_w	 train_g	 test_w	 test_g
/work_bgfs/n/navarrodelacruz/odt/optimal_decision_tree/augmented_datasets/small_toy/small_toy_122.small_toy	 31.8	 0.024284257326264897	 N/A	 N/A	 100.0	 33.333	 75.0	 50.0
