Running 2 processes.
Start training /work_bgfs/n/navarrodelacruz/odt/optimal_decision_tree/augmented_datasets/small_toy/small_toy_700.small_toy with seed 1.
Any[]
(2, 13)
(2, 6)
(2, 3)
(2, 4)
dimension: 2, class: 3
cart cost: 0.1
size of X: (2, 9)
Using method: Global linear DT optimization
Version identifier: 20.1.0.0 | 2020-11-10 | 9bedb6d68
CPXPARAM_Threads                                 1
CPXPARAM_TimeLimit                               1728000
Tried aggregator 1 time.
No LP presolve or aggregator reductions.
Presolve time = 0.00 sec. (0.14 ticks)
Initializing dual steep norms . . .

Iteration log . . .
Iteration:     1   Dual objective     =             0.000000
Iteration:    62   Dual objective     =             0.023702
2×3 Matrix{Float64}:
 1.0  0.0  0.0
 0.0  1.0  0.0
3-element Vector{Float64}:
 0.6422999015092044
 0.3676474847361898
 0.0
3×7 Matrix{Float64}:
 0.0  0.0  0.0  1.0  0.0  0.0  0.0
 0.0  0.0  0.0  0.0  1.0  0.0  0.0
 0.0  0.0  0.0  0.0  0.0  0.0  1.0
3-element Vector{Float64}:
 1.0
 1.0
 0.0
2×3 Matrix{Float64}:
 0.0       0.130388   0.0
 0.212562  0.0526778  0.078407
3-element Vector{Float64}:
 0.21256203284415803
 0.18306573927840603
 0.07840703661098183
3×7 Matrix{Float64}:
 0.0  0.0  0.0  0.502982  0.399059  0.772199  0.177611
 0.0  0.0  0.0  0.264373  0.271565  0.126297  0.373493
 0.0  0.0  0.0  0.232645  0.329375  0.101504  0.448896
3-element Vector{Float64}:
 0.21256203284415803
 0.18306573927840603
 0.07840703661098183
a: [0.0 0.13038796265026797 0.0; 0.21256203284415803 0.05267777662813805 0.07840703661098183]
b: [0.21256203284415803, 0.18306573927840603, 0.07840703661098183]
c: [0.0 0.0 0.0 0.5029821257899254 0.3990594529206475 0.7721992577438686 0.17761148006455268; 0.0 0.0 0.0 0.2643732113282432 0.27156546468058174 0.1262970007651084 0.3734926939852987; 0.0 0.0 0.0 0.23264466288183142 0.3293750823987708 0.10150374149102304 0.44889582595014854]
d: [0.21256203284415803, 0.18306573927840603, 0.07840703661098183]
comparison (CRT and Glb)on prediction: Dict{Bool, Int64}(0 => 2, 1 => 2)
Dataname	 time	 objv	 lb	 gap	 train_w	 train_g	 test_w	 test_g
/work_bgfs/n/navarrodelacruz/odt/optimal_decision_tree/augmented_datasets/small_toy/small_toy_700.small_toy	 36.27	 0.023701740436677294	 N/A	 N/A	 100.0	 33.333	 50.0	 50.0
