Running 2 processes.
Start training /work_bgfs/n/navarrodelacruz/odt/optimal_decision_tree/augmented_datasets/small_toy/small_toy_565.small_toy with seed 1.
Any[]
(2, 13)
(2, 6)
(2, 3)
(2, 4)
dimension: 2, class: 3
cart cost: 2.7500000000000004
size of X: (2, 9)
Using method: Global linear DT optimization
Version identifier: 20.1.0.0 | 2020-11-10 | 9bedb6d68
CPXPARAM_Threads                                 1
CPXPARAM_TimeLimit                               1728000
Tried aggregator 1 time.
No LP presolve or aggregator reductions.
Presolve time = 0.00 sec. (0.14 ticks)
Initializing dual steep norms . . .

Iteration log . . .
Iteration:     1   Dual objective     =             0.000000
Iteration:    62   Dual objective     =             0.024271
2×3 Matrix{Float64}:
 1.0  0.0  1.0
 0.0  1.0  0.0
3-element Vector{Float64}:
 0.6393418573784881
 0.48057272274542406
 0.8428333893001694
3×7 Matrix{Float64}:
 0.0  0.0  0.0  1.0  0.0  0.0  0.0
 0.0  0.0  0.0  0.0  1.0  1.0  0.0
 0.0  0.0  0.0  0.0  0.0  0.0  1.0
3-element Vector{Float64}:
 1.0
 1.0
 1.0
2×3 Matrix{Float64}:
 0.0       0.0       0.184577
 0.190472  0.110368  0.0
3-element Vector{Float64}:
 0.19047179999184916
 0.11036788912269443
 0.184576840574438
3×7 Matrix{Float64}:
 0.0  0.0  0.0  0.636233  0.372215  0.527551  0.165294
 0.0  0.0  0.0  0.184155  0.317812  0.241779  0.373795
 0.0  0.0  0.0  0.179612  0.309972  0.23067   0.460912
3-element Vector{Float64}:
 0.19047179999184916
 0.11036788912269443
 0.184576840574438
a: [0.0 0.0 0.184576840574438; 0.19047179999184916 0.11036788912269443 0.0]
b: [0.19047179999184916, 0.11036788912269443, 0.184576840574438]
c: [0.0 0.0 0.0 0.6362333141816158 0.37221508922879354 0.5275508990940979 0.16529375428825394; 0.0 0.0 0.0 0.18415478567884047 0.3178124886158522 0.24177865013207547 0.37379454798221073; 0.0 0.0 0.0 0.17961190013954376 0.30997242215535425 0.23067045077382664 0.4609116977295354]
d: [0.19047179999184916, 0.11036788912269443, 0.184576840574438]
comparison (CRT and Glb)on prediction: Dict{Bool, Int64}(0 => 2, 1 => 2)
Dataname	 time	 objv	 lb	 gap	 train_w	 train_g	 test_w	 test_g
/work_bgfs/n/navarrodelacruz/odt/optimal_decision_tree/augmented_datasets/small_toy/small_toy_565.small_toy	 33.06	 0.024270826484449073	 N/A	 N/A	 88.889	 33.333	 50.0	 50.0
