Running 2 processes.
Start training /work_bgfs/n/navarrodelacruz/odt/optimal_decision_tree/augmented_datasets/small_toy/small_toy_631.small_toy with seed 1.
Any[]
(2, 13)
(2, 6)
(2, 3)
(2, 4)
dimension: 2, class: 3
cart cost: 2.7000000000000006
size of X: (2, 9)
Using method: Global linear DT optimization
Version identifier: 20.1.0.0 | 2020-11-10 | 9bedb6d68
CPXPARAM_Threads                                 1
CPXPARAM_TimeLimit                               1728000
Tried aggregator 1 time.
No LP presolve or aggregator reductions.
Presolve time = 0.00 sec. (0.14 ticks)
Initializing dual steep norms . . .

Iteration log . . .
Iteration:     1   Dual objective     =             0.000000
2×3 Matrix{Float64}:
 0.0  0.0  1.0
 1.0  0.0  0.0
3-element Vector{Float64}:
 0.3562741498026788
 0.0
 0.7714406598430192
3×7 Matrix{Float64}:
 0.0  0.0  0.0  0.0  1.0  0.0  0.0
 0.0  0.0  0.0  0.0  0.0  1.0  0.0
 0.0  0.0  0.0  0.0  0.0  0.0  1.0
3-element Vector{Float64}:
 1.0
 0.0
 1.0
2×3 Matrix{Float64}:
 0.0       0.0       0.114039
 0.191243  0.191243  0.0
3-element Vector{Float64}:
 0.19124268262608435
 0.19124268262608438
 0.11403871818008302
3×7 Matrix{Float64}:
 0.0  0.0  0.0  0.406456  0.406456  0.662453  0.152719
 0.0  0.0  0.0  0.299384  0.299384  0.185229  0.371637
 0.0  0.0  0.0  0.294161  0.294161  0.152317  0.475644
3-element Vector{Float64}:
 0.19124268262608435
 0.19124268262608438
 0.11403871818008302
a: [0.0 0.0 0.11403871818008302; 0.19124268262608435 0.19124268262608438 0.0]
b: [0.19124268262608435, 0.19124268262608438, 0.11403871818008302]
c: [0.0 0.0 0.0 0.40645553657326483 0.4064555365732649 0.6624533368211659 0.15271949712390936; 0.0 0.0 0.0 0.2993838686328919 0.29938386863289185 0.18522942848150636 0.37163655514748994; 0.0 0.0 0.0 0.2941605947938433 0.29416059479384327 0.15231723469732775 0.47564394772860064]
d: [0.19124268262608435, 0.19124268262608438, 0.11403871818008302]
comparison (CRT and Glb)on prediction: Dict{Bool, Int64}(0 => 4, 1 => 0)
Dataname	 time	 objv	 lb	 gap	 train_w	 train_g	 test_w	 test_g
/work_bgfs/n/navarrodelacruz/odt/optimal_decision_tree/augmented_datasets/small_toy/small_toy_631.small_toy	 37.13	 0.024826204171612597	 N/A	 N/A	 88.889	 0.0	 50.0	 0.0
