Running 2 processes.
Start training /work_bgfs/n/navarrodelacruz/odt/optimal_decision_tree/augmented_datasets/small_toy/small_toy_348.small_toy with seed 1.
Any[]
(2, 13)
(2, 6)
(2, 3)
(2, 4)
dimension: 2, class: 3
cart cost: 2.7000000000000006
size of X: (2, 9)
Using method: Global linear DT optimization
Version identifier: 20.1.0.0 | 2020-11-10 | 9bedb6d68
CPXPARAM_Threads                                 1
CPXPARAM_TimeLimit                               1728000
Tried aggregator 1 time.
No LP presolve or aggregator reductions.
Presolve time = 0.00 sec. (0.14 ticks)
Initializing dual steep norms . . .

Iteration log . . .
Iteration:     1   Dual objective     =             0.000000
2×3 Matrix{Float64}:
 0.0  0.0  1.0
 1.0  0.0  0.0
3-element Vector{Float64}:
 0.3080365731388086
 0.0
 0.605429464512033
3×7 Matrix{Float64}:
 0.0  0.0  0.0  0.0  1.0  0.0  0.0
 0.0  0.0  0.0  0.0  0.0  1.0  0.0
 0.0  0.0  0.0  0.0  0.0  0.0  1.0
3-element Vector{Float64}:
 1.0
 0.0
 1.0
2×3 Matrix{Float64}:
 0.0       0.0       0.145903
 0.159435  0.159435  0.0
3-element Vector{Float64}:
 0.15943513998941986
 0.15943513998941983
 0.14590330369032295
3×7 Matrix{Float64}:
 0.0  0.0  0.0  0.467044  0.467044  0.580358  0.172499
 0.0  0.0  0.0  0.264923  0.264923  0.226289  0.350908
 0.0  0.0  0.0  0.268033  0.268033  0.193353  0.476593
3-element Vector{Float64}:
 0.15943513998941986
 0.15943513998941983
 0.14590330369032295
a: [0.0 0.0 0.14590330369032295; 0.15943513998941986 0.15943513998941983 0.0]
b: [0.15943513998941986, 0.15943513998941983, 0.14590330369032295]
c: [0.0 0.0 0.0 0.46704379633220516 0.4670437963322051 0.5803582819553077 0.17249937071833676; 0.0 0.0 0.0 0.26492308904237394 0.264923089042374 0.22628886438646356 0.3509075479017408; 0.0 0.0 0.0 0.2680331146254209 0.2680331146254209 0.19335285365822874 0.4765930813799225]
d: [0.15943513998941986, 0.15943513998941983, 0.14590330369032295]
comparison (CRT and Glb)on prediction: Dict{Bool, Int64}(0 => 4, 1 => 0)
Dataname	 time	 objv	 lb	 gap	 train_w	 train_g	 test_w	 test_g
/work_bgfs/n/navarrodelacruz/odt/optimal_decision_tree/augmented_datasets/small_toy/small_toy_348.small_toy	 27.53	 0.023238679183458132	 N/A	 N/A	 88.889	 0.0	 75.0	 0.0
