Running 2 processes.
Start training /work_bgfs/n/navarrodelacruz/odt/optimal_decision_tree/augmented_datasets/small_toy/small_toy_555.small_toy with seed 1.
Any[]
(2, 13)
(2, 6)
(2, 3)
(2, 4)
dimension: 2, class: 3
cart cost: 2.7000000000000006
size of X: (2, 9)
Using method: Global linear DT optimization
Version identifier: 20.1.0.0 | 2020-11-10 | 9bedb6d68
CPXPARAM_Threads                                 1
CPXPARAM_TimeLimit                               1728000
Tried aggregator 1 time.
No LP presolve or aggregator reductions.
Presolve time = 0.00 sec. (0.14 ticks)
Initializing dual steep norms . . .

Iteration log . . .
Iteration:     1   Dual objective     =             0.000000
2×3 Matrix{Float64}:
 0.0  0.0  0.0
 1.0  0.0  1.0
3-element Vector{Float64}:
 0.3128451095030088
 0.0
 0.6077950592935306
3×7 Matrix{Float64}:
 0.0  0.0  0.0  0.0  1.0  0.0  0.0
 0.0  0.0  0.0  0.0  0.0  1.0  0.0
 0.0  0.0  0.0  0.0  0.0  0.0  1.0
3-element Vector{Float64}:
 1.0
 0.0
 1.0
2×3 Matrix{Float64}:
 0.0       0.0       0.137397
 0.168947  0.168947  0.0
3-element Vector{Float64}:
 0.1689469356324276
 0.1689469356324276
 0.1373971167723327
3×7 Matrix{Float64}:
 0.0  0.0  0.0  0.469386  0.469386  0.638944  0.185507
 0.0  0.0  0.0  0.25452   0.25452   0.183066  0.359913
 0.0  0.0  0.0  0.276094  0.276094  0.17799   0.45458
3-element Vector{Float64}:
 0.1689469356324276
 0.1689469356324276
 0.1373971167723327
a: [0.0 0.0 0.1373971167723327; 0.1689469356324276 0.1689469356324276 0.0]
b: [0.1689469356324276, 0.1689469356324276, 0.1373971167723327]
c: [0.0 0.0 0.0 0.4693861530262844 0.4693861530262844 0.638943967741787 0.18550706991177784; 0.0 0.0 0.0 0.2545202268959097 0.2545202268959097 0.1830659352308056 0.3599128417499711; 0.0 0.0 0.0 0.2760936200778059 0.27609362007780586 0.17799009702740745 0.4545800883382511]
d: [0.1689469356324276, 0.1689469356324276, 0.1373971167723327]
comparison (CRT and Glb)on prediction: Dict{Bool, Int64}(0 => 4, 1 => 0)
Dataname	 time	 objv	 lb	 gap	 train_w	 train_g	 test_w	 test_g
/work_bgfs/n/navarrodelacruz/odt/optimal_decision_tree/augmented_datasets/small_toy/small_toy_555.small_toy	 29.13	 0.023764549401859396	 N/A	 N/A	 88.889	 0.0	 75.0	 0.0
