Running 2 processes.
Start training /work_bgfs/n/navarrodelacruz/odt/optimal_decision_tree/augmented_datasets/small_toy/small_toy_479.small_toy with seed 1.
Any[]
(2, 13)
(2, 6)
(2, 3)
(2, 4)
dimension: 2, class: 3
cart cost: 7.9
size of X: (2, 9)
Using method: Global linear DT optimization
Version identifier: 20.1.0.0 | 2020-11-10 | 9bedb6d68
CPXPARAM_Threads                                 1
CPXPARAM_TimeLimit                               1728000
Tried aggregator 1 time.
No LP presolve or aggregator reductions.
Presolve time = 0.00 sec. (0.14 ticks)
Initializing dual steep norms . . .

Iteration log . . .
Iteration:     1   Dual objective     =             0.000000
2×3 Matrix{Float64}:
 1.0  0.0  0.0
 0.0  0.0  1.0
3-element Vector{Float64}:
 0.15880184120586205
 0.0
 0.16096511240644273
3×7 Matrix{Float64}:
 0.0  0.0  0.0  0.0  1.0  1.0  0.0
 0.0  0.0  0.0  0.0  0.0  0.0  1.0
 0.0  0.0  0.0  0.0  0.0  0.0  0.0
3-element Vector{Float64}:
 1.0
 0.0
 1.0
2×3 Matrix{Float64}:
 0.144014   0.0       0.0
 0.0301449  0.127099  0.174159
3-element Vector{Float64}:
 0.17415852560042172
 0.12709860717159643
 0.1741585256004217
3×7 Matrix{Float64}:
 0.0  0.0  0.0  0.654881  0.332647  0.564614  0.180546
 0.0  0.0  0.0  0.178867  0.29261   0.245095  0.363827
 0.0  0.0  0.0  0.166252  0.374743  0.190291  0.455628
3-element Vector{Float64}:
 0.1741585256004217
 0.12709860717159643
 0.1741585256004217
a: [0.14401362241154095 0.0 0.0; 0.03014490318888069 0.12709860717159643 0.1741585256004217]
b: [0.17415852560042172, 0.12709860717159643, 0.1741585256004217]
c: [0.0 0.0 0.0 0.6548811253243929 0.33264709223361505 0.5646139989300618 0.1805457223432372; 0.0 0.0 0.0 0.17886729960977016 0.29260963101755183 0.2450952521935113 0.36382659672349454; 0.0 0.0 0.0 0.1662515750658369 0.37474327674883307 0.1902907488764269 0.4556276809332683]
d: [0.1741585256004217, 0.12709860717159643, 0.1741585256004217]
comparison (CRT and Glb)on prediction: Dict{Bool, Int64}(0 => 2, 1 => 2)
Dataname	 time	 objv	 lb	 gap	 train_w	 train_g	 test_w	 test_g
/work_bgfs/n/navarrodelacruz/odt/optimal_decision_tree/augmented_datasets/small_toy/small_toy_479.small_toy	 29.15	 0.023770782918621995	 N/A	 N/A	 66.667	 33.333	 75.0	 50.0
