Running 2 processes.
Start training /work_bgfs/n/navarrodelacruz/odt/optimal_decision_tree/augmented_datasets/small_toy/small_toy_408.small_toy with seed 1.
Any[]
(2, 13)
(2, 6)
(2, 3)
(2, 4)
dimension: 2, class: 3
cart cost: 2.7500000000000004
size of X: (2, 9)
Using method: Global linear DT optimization
Version identifier: 20.1.0.0 | 2020-11-10 | 9bedb6d68
CPXPARAM_Threads                                 1
CPXPARAM_TimeLimit                               1728000
Tried aggregator 1 time.
No LP presolve or aggregator reductions.
Presolve time = 0.00 sec. (0.14 ticks)
Initializing dual steep norms . . .

Iteration log . . .
Iteration:     1   Dual objective     =             0.000000
Iteration:    62   Dual objective     =             0.023736
2×3 Matrix{Float64}:
 0.0  1.0  1.0
 1.0  0.0  0.0
3-element Vector{Float64}:
 0.346557293547624
 0.8029803708804728
 0.8690753085704699
3×7 Matrix{Float64}:
 0.0  0.0  0.0  1.0  0.0  0.0  0.0
 0.0  0.0  0.0  0.0  0.0  1.0  0.0
 0.0  0.0  0.0  0.0  1.0  0.0  1.0
3-element Vector{Float64}:
 1.0
 1.0
 1.0
2×3 Matrix{Float64}:
 0.0       0.156586  0.0266556
 0.219709  0.0       0.071775
3-element Vector{Float64}:
 0.2197088914719678
 0.1565862860876903
 0.09843065779207313
3×7 Matrix{Float64}:
 0.0  0.0  0.0  0.575808  0.435861  0.721244  0.177981
 0.0  0.0  0.0  0.206262  0.303759  0.150888  0.366173
 0.0  0.0  0.0  0.217931  0.260379  0.127867  0.455846
3-element Vector{Float64}:
 0.2197088914719678
 0.1565862860876903
 0.09843065779207318
a: [0.0 0.1565862860876903 0.026655648141389543; 0.2197088914719678 0.0 0.07177500965068363]
b: [0.2197088914719678, 0.1565862860876903, 0.09843065779207313]
c: [0.0 0.0 0.0 0.5758075958634858 0.43586145738563403 0.721244317803619 0.17798112669252703; 0.0 0.0 0.0 0.2062616754436971 0.30375912755226026 0.15088823432966547 0.3661727447692332; 0.0 0.0 0.0 0.21793072869281702 0.2603794150621057 0.12786744786671556 0.4558461285382397]
d: [0.2197088914719678, 0.1565862860876903, 0.09843065779207318]
comparison (CRT and Glb)on prediction: Dict{Bool, Int64}(0 => 2, 1 => 2)
Dataname	 time	 objv	 lb	 gap	 train_w	 train_g	 test_w	 test_g
/work_bgfs/n/navarrodelacruz/odt/optimal_decision_tree/augmented_datasets/small_toy/small_toy_408.small_toy	 27.98	 0.023736291767586567	 N/A	 N/A	 88.889	 33.333	 50.0	 50.0
