Running 2 processes.
Start training /work_bgfs/n/navarrodelacruz/odt/optimal_decision_tree/augmented_datasets/small_toy/small_toy_64.small_toy with seed 1.
Any[]
(2, 13)
(2, 6)
(2, 3)
(2, 4)
dimension: 2, class: 3
cart cost: 0.15000000000000002
size of X: (2, 9)
Using method: Global linear DT optimization
Version identifier: 20.1.0.0 | 2020-11-10 | 9bedb6d68
CPXPARAM_Threads                                 1
CPXPARAM_TimeLimit                               1728000
Tried aggregator 1 time.
No LP presolve or aggregator reductions.
Presolve time = 0.00 sec. (0.14 ticks)
Initializing dual steep norms . . .

Iteration log . . .
Iteration:     1   Dual objective     =             0.000000
Iteration:    62   Dual objective     =             0.023798
2×3 Matrix{Float64}:
 1.0  0.0  0.0
 0.0  1.0  1.0
3-element Vector{Float64}:
 0.6912683257595532
 0.3234090741202481
 0.13922785585368205
3×7 Matrix{Float64}:
 0.0  0.0  0.0  1.0  0.0  1.0  0.0
 0.0  0.0  0.0  0.0  1.0  0.0  0.0
 0.0  0.0  0.0  0.0  0.0  0.0  1.0
3-element Vector{Float64}:
 1.0
 1.0
 1.0
2×3 Matrix{Float64}:
 0.0       0.146027   0.0
 0.200612  0.0216019  0.107725
3-element Vector{Float64}:
 0.20061235397087931
 0.16762909233481688
 0.10772500650266964
3×7 Matrix{Float64}:
 0.0  0.0  0.0  0.321662  0.394893  0.711454  0.165222
 0.0  0.0  0.0  0.231779  0.265194  0.174694  0.372672
 0.0  0.0  0.0  0.446559  0.339913  0.113851  0.462106
3-element Vector{Float64}:
 0.20061235397087931
 0.16762909233481688
 0.10772500650266964
a: [0.0 0.14602719167694855 0.0; 0.20061235397087931 0.021601900657868323 0.10772500650266964]
b: [0.20061235397087931, 0.16762909233481688, 0.10772500650266964]
c: [0.0 0.0 0.0 0.3216618111099635 0.3948932545110371 0.7114542860214823 0.16522162877837085; 0.0 0.0 0.0 0.2317790933965008 0.26519363209457986 0.17469442443046257 0.37267187604287577; 0.0 0.0 0.0 0.4465590954935357 0.33991311339438307 0.11385128954805508 0.46210649517875335]
d: [0.20061235397087931, 0.16762909233481688, 0.10772500650266964]
comparison (CRT and Glb)on prediction: Dict{Bool, Int64}(0 => 4, 1 => 0)
Dataname	 time	 objv	 lb	 gap	 train_w	 train_g	 test_w	 test_g
/work_bgfs/n/navarrodelacruz/odt/optimal_decision_tree/augmented_datasets/small_toy/small_toy_64.small_toy	 32.32	 0.023798322640418288	 N/A	 N/A	 100.0	 0.0	 75.0	 0.0
