Running 2 processes.
Start training /work_bgfs/n/navarrodelacruz/odt/optimal_decision_tree/augmented_datasets/small_toy/small_toy_817.small_toy with seed 1.
Any[]
(2, 13)
(2, 6)
(2, 3)
(2, 4)
dimension: 2, class: 3
cart cost: 0.1
size of X: (2, 9)
Using method: Global linear DT optimization
Version identifier: 20.1.0.0 | 2020-11-10 | 9bedb6d68
CPXPARAM_Threads                                 1
CPXPARAM_TimeLimit                               1728000
Tried aggregator 1 time.
No LP presolve or aggregator reductions.
Presolve time = 0.00 sec. (0.14 ticks)
Initializing dual steep norms . . .

Iteration log . . .
Iteration:     1   Dual objective     =             0.000000
Iteration:    62   Dual objective     =             0.023142
2×3 Matrix{Float64}:
 1.0  0.0  0.0
 0.0  1.0  0.0
3-element Vector{Float64}:
 0.6471309740257207
 0.35007581163888013
 0.0
3×7 Matrix{Float64}:
 0.0  0.0  0.0  1.0  0.0  0.0  0.0
 0.0  0.0  0.0  0.0  1.0  0.0  0.0
 0.0  0.0  0.0  0.0  0.0  0.0  1.0
3-element Vector{Float64}:
 1.0
 1.0
 0.0
2×3 Matrix{Float64}:
 0.0       0.168987  0.0
 0.226438  0.0       0.0877016
3-element Vector{Float64}:
 0.22643764913697653
 0.16898684476009995
 0.08770158793490712
3×7 Matrix{Float64}:
 0.0  0.0  0.0  0.501696  0.438657  0.770409   0.161034
 0.0  0.0  0.0  0.278975  0.296088  0.136478   0.362571
 0.0  0.0  0.0  0.219329  0.265255  0.0931132  0.476395
3-element Vector{Float64}:
 0.22643764913697653
 0.16898684476009995
 0.08770158793490712
a: [0.0 0.16898684476009995 0.0; 0.2264376491369765 0.0 0.08770158793490712]
b: [0.22643764913697653, 0.16898684476009995, 0.08770158793490712]
c: [0.0 0.0 0.0 0.5016963176509674 0.43865725537411915 0.7704092521504997 0.16103429336060446; 0.0 0.0 0.0 0.2789750546619729 0.29608811568100046 0.13647752030680604 0.36257115415846697; 0.0 0.0 0.0 0.21932862768705963 0.2652546289448804 0.0931132275426943 0.47639455248092855]
d: [0.22643764913697653, 0.16898684476009995, 0.08770158793490712]
comparison (CRT and Glb)on prediction: Dict{Bool, Int64}(0 => 3, 1 => 1)
Dataname	 time	 objv	 lb	 gap	 train_w	 train_g	 test_w	 test_g
/work_bgfs/n/navarrodelacruz/odt/optimal_decision_tree/augmented_datasets/small_toy/small_toy_817.small_toy	 28.44	 0.024156304091599183	 N/A	 N/A	 100.0	 33.333	 75.0	 50.0
