Running 2 processes.
Start training /work_bgfs/n/navarrodelacruz/odt/optimal_decision_tree/augmented_datasets/small_toy/small_toy_67.small_toy with seed 1.
Any[]
(2, 13)
(2, 6)
(2, 3)
(2, 4)
dimension: 2, class: 3
cart cost: 2.7000000000000006
size of X: (2, 9)
Using method: Global linear DT optimization
Version identifier: 20.1.0.0 | 2020-11-10 | 9bedb6d68
CPXPARAM_Threads                                 1
CPXPARAM_TimeLimit                               1728000
Tried aggregator 1 time.
No LP presolve or aggregator reductions.
Presolve time = 0.00 sec. (0.14 ticks)
Initializing dual steep norms . . .

Iteration log . . .
Iteration:     1   Dual objective     =             0.000000
Iteration:    62   Dual objective     =             0.024554
2×3 Matrix{Float64}:
 0.0  0.0  0.0
 1.0  0.0  1.0
3-element Vector{Float64}:
 0.32378943234868407
 0.0
 0.7046305680167257
3×7 Matrix{Float64}:
 0.0  0.0  0.0  0.0  1.0  0.0  0.0
 0.0  0.0  0.0  0.0  0.0  1.0  0.0
 0.0  0.0  0.0  0.0  0.0  0.0  1.0
3-element Vector{Float64}:
 1.0
 0.0
 1.0
2×3 Matrix{Float64}:
 0.0       0.18357  0.014626
 0.227523  0.0      0.0653586
3-element Vector{Float64}:
 0.2275225762624287
 0.18356983742485972
 0.07998456019522732
3×7 Matrix{Float64}:
 0.0  0.0  0.0  0.491786  0.446794  0.779177   0.167192
 0.0  0.0  0.0  0.284246  0.299926  0.123766   0.362926
 0.0  0.0  0.0  0.223968  0.25328   0.0970573  0.469882
3-element Vector{Float64}:
 0.2275225762624287
 0.18356983742485972
 0.07998456019522732
a: [0.0 0.1835698374248598 0.01462600050337401; 0.2275225762624287 0.0 0.06535855969185325]
b: [0.2275225762624287, 0.18356983742485972, 0.07998456019522732]
c: [0.0 0.0 0.0 0.49178634735132487 0.4467936625795082 0.7791771007451095 0.16719204039957297; 0.0 0.0 0.0 0.2842458717717474 0.2999264162458051 0.12376558209385578 0.36292564676077027; 0.0 0.0 0.0 0.2239677808769277 0.2532799211746867 0.09705731716103472 0.4698823128396567]
d: [0.2275225762624287, 0.18356983742485972, 0.07998456019522732]
comparison (CRT and Glb)on prediction: Dict{Bool, Int64}(0 => 4, 1 => 0)
Dataname	 time	 objv	 lb	 gap	 train_w	 train_g	 test_w	 test_g
/work_bgfs/n/navarrodelacruz/odt/optimal_decision_tree/augmented_datasets/small_toy/small_toy_67.small_toy	 29.18	 0.024553848694125788	 N/A	 N/A	 88.889	 0.0	 75.0	 0.0
