Running 2 processes.
Start training /work_bgfs/n/navarrodelacruz/odt/optimal_decision_tree/augmented_datasets/small_toy/small_toy_888.small_toy with seed 1.
Any[]
(2, 13)
(2, 6)
(2, 3)
(2, 4)
dimension: 2, class: 3
cart cost: 5.349999999999999
size of X: (2, 9)
Using method: Global linear DT optimization
Version identifier: 20.1.0.0 | 2020-11-10 | 9bedb6d68
CPXPARAM_Threads                                 1
CPXPARAM_TimeLimit                               1728000
Tried aggregator 1 time.
No LP presolve or aggregator reductions.
Presolve time = 0.00 sec. (0.14 ticks)
Initializing dual steep norms . . .

Iteration log . . .
Iteration:     1   Dual objective     =             0.000000
Iteration:    62   Dual objective     =             0.023580
2×3 Matrix{Float64}:
 0.0  0.0  1.0
 1.0  1.0  0.0
3-element Vector{Float64}:
 0.32682033124086424
 0.20701326062954792
 0.8220646201118247
3×7 Matrix{Float64}:
 0.0  0.0  0.0  1.0  0.0  0.0  0.0
 0.0  0.0  0.0  0.0  1.0  1.0  0.0
 0.0  0.0  0.0  0.0  0.0  0.0  1.0
3-element Vector{Float64}:
 1.0
 1.0
 1.0
2×3 Matrix{Float64}:
 0.0       0.162029  0.00146798
 0.225462  0.0       0.0934711
3-element Vector{Float64}:
 0.22546233773876123
 0.16202859627370872
 0.09493903274171445
3×7 Matrix{Float64}:
 0.0  0.0  0.0  0.50987   0.44616   0.720952  0.162264
 0.0  0.0  0.0  0.265005  0.287592  0.15852   0.383359
 0.0  0.0  0.0  0.225126  0.266248  0.120528  0.454378
3-element Vector{Float64}:
 0.22546233773876123
 0.16202859627370872
 0.09493903274171445
a: [0.0 0.16202859627370872 0.0014679824664231844; 0.22546233773876123 0.0 0.09347105027529126]
b: [0.22546233773876123, 0.16202859627370872, 0.09493903274171445]
c: [0.0 0.0 0.0 0.5098697541429003 0.4461601071699959 0.7209523393611933 0.1622635608261462; 0.0 0.0 0.0 0.2650046682173441 0.28759234768477004 0.1585195203052383 0.3833586748436745; 0.0 0.0 0.0 0.2251255776397556 0.2662475451452341 0.12052814033356837 0.4543777643301793]
d: [0.22546233773876123, 0.16202859627370872, 0.09493903274171445]
comparison (CRT and Glb)on prediction: Dict{Bool, Int64}(0 => 3, 1 => 1)
Dataname	 time	 objv	 lb	 gap	 train_w	 train_g	 test_w	 test_g
/work_bgfs/n/navarrodelacruz/odt/optimal_decision_tree/augmented_datasets/small_toy/small_toy_888.small_toy	 28.97	 0.024121498337709216	 N/A	 N/A	 77.778	 33.333	 75.0	 50.0
