Running 2 processes.
Start training /work_bgfs/n/navarrodelacruz/odt/optimal_decision_tree/augmented_datasets/small_toy/small_toy_603.small_toy with seed 1.
Any[]
(2, 13)
(2, 6)
(2, 3)
(2, 4)
dimension: 2, class: 3
cart cost: 2.7500000000000004
size of X: (2, 9)
Using method: Global linear DT optimization
Version identifier: 20.1.0.0 | 2020-11-10 | 9bedb6d68
CPXPARAM_Threads                                 1
CPXPARAM_TimeLimit                               1728000
Tried aggregator 1 time.
No LP presolve or aggregator reductions.
Presolve time = 0.00 sec. (0.14 ticks)
Initializing dual steep norms . . .

Iteration log . . .
Iteration:     1   Dual objective     =             0.000000
Iteration:    62   Dual objective     =             0.023554
2×3 Matrix{Float64}:
 1.0  0.0  1.0
 0.0  1.0  0.0
3-element Vector{Float64}:
 0.6414194647066327
 0.5387472857874489
 0.8460179883716052
3×7 Matrix{Float64}:
 0.0  0.0  0.0  1.0  0.0  0.0  0.0
 0.0  0.0  0.0  0.0  1.0  1.0  0.0
 0.0  0.0  0.0  0.0  0.0  0.0  1.0
3-element Vector{Float64}:
 1.0
 1.0
 1.0
2×3 Matrix{Float64}:
 0.18481  0.0       0.0
 0.0      0.126772  0.169932
3-element Vector{Float64}:
 0.18480971270599125
 0.12677240321194164
 0.16993164681583064
3×7 Matrix{Float64}:
 0.0  0.0  0.0  0.251396  0.455267  0.508266  0.160227
 0.0  0.0  0.0  0.210879  0.301692  0.215089  0.384044
 0.0  0.0  0.0  0.537725  0.243041  0.276645  0.455729
3-element Vector{Float64}:
 0.18480971270599125
 0.12677240321194164
 0.16993164681583064
a: [0.18480971270599125 0.0 0.0; 0.0 0.12677240321194164 0.16993164681583064]
b: [0.18480971270599125, 0.12677240321194164, 0.16993164681583064]
c: [0.0 0.0 0.0 0.2513955481913357 0.455267311211353 0.5082659616147815 0.16022657604480783; 0.0 0.0 0.0 0.21087908656785623 0.30169212881881213 0.21508862032671888 0.38404416263575925; 0.0 0.0 0.0 0.537725365240808 0.24304055996983487 0.2766454180584996 0.4557292613194329]
d: [0.18480971270599125, 0.12677240321194164, 0.16993164681583064]
comparison (CRT and Glb)on prediction: Dict{Bool, Int64}(0 => 4, 1 => 0)
Dataname	 time	 objv	 lb	 gap	 train_w	 train_g	 test_w	 test_g
/work_bgfs/n/navarrodelacruz/odt/optimal_decision_tree/augmented_datasets/small_toy/small_toy_603.small_toy	 30.77	 0.024075688136688176	 N/A	 N/A	 88.889	 22.222	 50.0	 0.0
