Running 2 processes.
Start training /work_bgfs/n/navarrodelacruz/odt/optimal_decision_tree/augmented_datasets/small_toy/small_toy_341.small_toy with seed 1.
Any[]
(2, 13)
(2, 6)
(2, 3)
(2, 4)
dimension: 2, class: 3
cart cost: 0.1
size of X: (2, 9)
Using method: Global linear DT optimization
Version identifier: 20.1.0.0 | 2020-11-10 | 9bedb6d68
CPXPARAM_Threads                                 1
CPXPARAM_TimeLimit                               1728000
Tried aggregator 1 time.
No LP presolve or aggregator reductions.
Presolve time = 0.00 sec. (0.14 ticks)
Initializing dual steep norms . . .

Iteration log . . .
Iteration:     1   Dual objective     =             0.000000
Iteration:    62   Dual objective     =             0.023529
2×3 Matrix{Float64}:
 1.0  0.0  0.0
 0.0  1.0  0.0
3-element Vector{Float64}:
 0.6785949526579815
 0.3194436456144245
 0.0
3×7 Matrix{Float64}:
 0.0  0.0  0.0  1.0  0.0  0.0  0.0
 0.0  0.0  0.0  0.0  1.0  0.0  0.0
 0.0  0.0  0.0  0.0  0.0  0.0  1.0
3-element Vector{Float64}:
 1.0
 1.0
 0.0
2×3 Matrix{Float64}:
 0.147335   0.0       0.0
 0.0293415  0.131328  0.176677
3-element Vector{Float64}:
 0.17667684434793404
 0.1313278519976129
 0.17667684434793404
3×7 Matrix{Float64}:
 0.0  0.0  0.0  0.256614  0.503077  0.596621  0.144703
 0.0  0.0  0.0  0.218992  0.281069  0.227371  0.37799
 0.0  0.0  0.0  0.524394  0.215854  0.176008  0.477307
3-element Vector{Float64}:
 0.17667684434793404
 0.1313278519976129
 0.17667684434793404
a: [0.1473353307093089 0.0 0.0; 0.029341513638625142 0.1313278519976129 0.17667684434793404]
b: [0.17667684434793404, 0.1313278519976129, 0.17667684434793404]
c: [0.0 0.0 0.0 0.256613587147908 0.5030765114189345 0.596621311814896 0.1447034800238095; 0.0 0.0 0.0 0.21899234784450208 0.28106917601595915 0.22737067790030022 0.3779895354977255; 0.0 0.0 0.0 0.5243940650075899 0.21585431256510632 0.17600801028480384 0.477306984478465]
d: [0.17667684434793404, 0.1313278519976129, 0.17667684434793404]
comparison (CRT and Glb)on prediction: Dict{Bool, Int64}(0 => 3, 1 => 1)
Dataname	 time	 objv	 lb	 gap	 train_w	 train_g	 test_w	 test_g
/work_bgfs/n/navarrodelacruz/odt/optimal_decision_tree/augmented_datasets/small_toy/small_toy_341.small_toy	 29.47	 0.024234077034674048	 N/A	 N/A	 100.0	 22.222	 75.0	 25.0
