Running 2 processes.
Start training /work_bgfs/n/navarrodelacruz/odt/optimal_decision_tree/augmented_datasets/small_toy/small_toy_982.small_toy with seed 1.
Any[]
(2, 13)
(2, 6)
(2, 3)
(2, 4)
dimension: 2, class: 3
cart cost: 2.7000000000000006
size of X: (2, 9)
Using method: Global linear DT optimization
Version identifier: 20.1.0.0 | 2020-11-10 | 9bedb6d68
CPXPARAM_Threads                                 1
CPXPARAM_TimeLimit                               1728000
Tried aggregator 1 time.
No LP presolve or aggregator reductions.
Presolve time = 0.00 sec. (0.14 ticks)
Initializing dual steep norms . . .

Iteration log . . .
Iteration:     1   Dual objective     =             0.000000
Iteration:    62   Dual objective     =             0.023207
2×3 Matrix{Float64}:
 0.0  0.0  1.0
 1.0  0.0  0.0
3-element Vector{Float64}:
 0.3234977821051426
 0.0
 0.6695417177520842
3×7 Matrix{Float64}:
 0.0  0.0  0.0  0.0  1.0  0.0  0.0
 0.0  0.0  0.0  0.0  0.0  1.0  0.0
 0.0  0.0  0.0  0.0  0.0  0.0  1.0
3-element Vector{Float64}:
 1.0
 0.0
 1.0
2×3 Matrix{Float64}:
 0.0       0.160364   0.0
 0.200273  0.0092673  0.0942366
3-element Vector{Float64}:
 0.20027266110472894
 0.16963089089423264
 0.09423664282557409
3×7 Matrix{Float64}:
 0.0  0.0  0.0  0.538358  0.396823  0.741711  0.173133
 0.0  0.0  0.0  0.24207   0.272593  0.154678  0.370246
 0.0  0.0  0.0  0.219571  0.330584  0.103612  0.45662
3-element Vector{Float64}:
 0.20027266110472894
 0.16963089089423264
 0.09423664282557409
a: [0.0 0.16036359151080792 0.0; 0.20027266110472894 0.009267299383424715 0.09423664282557409]
b: [0.20027266110472894, 0.16963089089423264, 0.09423664282557409]
c: [0.0 0.0 0.0 0.5383582093836993 0.39682273557213493 0.7417106547165199 0.17313334847754375; 0.0 0.0 0.0 0.24207049245928025 0.2725934901373415 0.1546776422563373 0.37024628604007565; 0.0 0.0 0.0 0.21957129815702048 0.33058377429052355 0.10361170302714284 0.45662036548238066]
d: [0.20027266110472894, 0.16963089089423264, 0.09423664282557409]
comparison (CRT and Glb)on prediction: Dict{Bool, Int64}(0 => 2, 1 => 2)
Dataname	 time	 objv	 lb	 gap	 train_w	 train_g	 test_w	 test_g
/work_bgfs/n/navarrodelacruz/odt/optimal_decision_tree/augmented_datasets/small_toy/small_toy_982.small_toy	 31.95	 0.023207009741226782	 N/A	 N/A	 88.889	 33.333	 50.0	 50.0
