Running 2 processes.
Start training /work_bgfs/n/navarrodelacruz/odt/optimal_decision_tree/augmented_datasets/small_toy/small_toy_88.small_toy with seed 1.
Any[]
(2, 13)
(2, 6)
(2, 3)
(2, 4)
dimension: 2, class: 3
cart cost: 2.7000000000000006
size of X: (2, 9)
Using method: Global linear DT optimization
Version identifier: 20.1.0.0 | 2020-11-10 | 9bedb6d68
CPXPARAM_Threads                                 1
CPXPARAM_TimeLimit                               1728000
Tried aggregator 1 time.
No LP presolve or aggregator reductions.
Presolve time = 0.00 sec. (0.14 ticks)
Initializing dual steep norms . . .

Iteration log . . .
Iteration:     1   Dual objective     =             0.000000
Iteration:    62   Dual objective     =             0.023304
2×3 Matrix{Float64}:
 0.0  0.0  1.0
 1.0  0.0  0.0
3-element Vector{Float64}:
 0.30171405877474544
 0.0
 0.6403135897225247
3×7 Matrix{Float64}:
 0.0  0.0  0.0  0.0  1.0  0.0  0.0
 0.0  0.0  0.0  0.0  0.0  1.0  0.0
 0.0  0.0  0.0  0.0  0.0  0.0  1.0
3-element Vector{Float64}:
 1.0
 0.0
 1.0
2×3 Matrix{Float64}:
 0.0       0.146331   0.0
 0.221678  0.0381082  0.059958
3-element Vector{Float64}:
 0.22167833372518922
 0.18443921104630281
 0.05995803103201708
3×7 Matrix{Float64}:
 0.0  0.0  0.0  0.355235  0.439209  0.821998   0.168579
 0.0  0.0  0.0  0.406514  0.297062  0.0982158  0.372365
 0.0  0.0  0.0  0.238252  0.263729  0.0797864  0.459056
3-element Vector{Float64}:
 0.22167833372518922
 0.18443921104630281
 0.05995803103201708
a: [0.0 0.14633097495693806 0.0; 0.22167833372518922 0.038108236089364755 0.05995803103201708]
b: [0.22167833372518922, 0.18443921104630281, 0.05995803103201708]
c: [0.0 0.0 0.0 0.35523471186570105 0.43920909888384463 0.8219977349131142 0.1685792410509546; 0.0 0.0 0.0 0.40651357713838493 0.2970622272029877 0.09821581993707149 0.37236486506760075; 0.0 0.0 0.0 0.23825171099591397 0.2637286739131677 0.07978644514981426 0.4590558938814447]
d: [0.22167833372518922, 0.18443921104630281, 0.05995803103201708]
comparison (CRT and Glb)on prediction: Dict{Bool, Int64}(0 => 4, 1 => 0)
Dataname	 time	 objv	 lb	 gap	 train_w	 train_g	 test_w	 test_g
/work_bgfs/n/navarrodelacruz/odt/optimal_decision_tree/augmented_datasets/small_toy/small_toy_88.small_toy	 31.77	 0.023303778790175457	 N/A	 N/A	 88.889	 0.0	 75.0	 0.0
