Running 2 processes.
Start training /work_bgfs/n/navarrodelacruz/odt/optimal_decision_tree/augmented_datasets/small_toy/small_toy_275.small_toy with seed 1.
Any[]
(2, 13)
(2, 6)
(2, 3)
(2, 4)
dimension: 2, class: 3
cart cost: 5.349999999999999
size of X: (2, 9)
Using method: Global linear DT optimization
Version identifier: 20.1.0.0 | 2020-11-10 | 9bedb6d68
CPXPARAM_Threads                                 1
CPXPARAM_TimeLimit                               1728000
Tried aggregator 1 time.
No LP presolve or aggregator reductions.
Presolve time = 0.00 sec. (0.14 ticks)
Initializing dual steep norms . . .

Iteration log . . .
Iteration:     1   Dual objective     =             0.000000
Iteration:    62   Dual objective     =             0.024026
2×3 Matrix{Float64}:
 0.0  0.0  1.0
 1.0  1.0  0.0
3-element Vector{Float64}:
 0.36023651980561333
 0.19374836365194245
 0.7584126998556284
3×7 Matrix{Float64}:
 0.0  0.0  0.0  1.0  0.0  0.0  0.0
 0.0  0.0  0.0  0.0  1.0  1.0  0.0
 0.0  0.0  0.0  0.0  0.0  0.0  1.0
3-element Vector{Float64}:
 1.0
 1.0
 1.0
2×3 Matrix{Float64}:
 0.135773   0.0       0.0
 0.0388101  0.131359  0.174583
3-element Vector{Float64}:
 0.17458323259980746
 0.13135878957190406
 0.17458323259980746
3×7 Matrix{Float64}:
 0.0  0.0  0.0  0.682414  0.332098  0.541976  0.163788
 0.0  0.0  0.0  0.178347  0.260721  0.237033  0.379643
 0.0  0.0  0.0  0.139239  0.407181  0.220991  0.456568
3-element Vector{Float64}:
 0.17458323259980746
 0.13135878957190406
 0.17458323259980746
a: [0.13577317287867735 0.0 0.0; 0.03881005972113016 0.13135878957190406 0.17458323259980746]
b: [0.17458323259980746, 0.13135878957190406, 0.17458323259980746]
c: [0.0 0.0 0.0 0.6824144601363935 0.33209799691492337 0.5419759165034905 0.16378847566224458; 0.0 0.0 0.0 0.17834656935050525 0.2607211777016355 0.23703263939755886 0.3796431143851389; 0.0 0.0 0.0 0.13923897051310122 0.40718082538344114 0.22099144409895063 0.45656840995261655]
d: [0.17458323259980746, 0.13135878957190406, 0.17458323259980746]
comparison (CRT and Glb)on prediction: Dict{Bool, Int64}(0 => 3, 1 => 1)
Dataname	 time	 objv	 lb	 gap	 train_w	 train_g	 test_w	 test_g
/work_bgfs/n/navarrodelacruz/odt/optimal_decision_tree/augmented_datasets/small_toy/small_toy_275.small_toy	 31.21	 0.02402626273857595	 N/A	 N/A	 77.778	 33.333	 75.0	 50.0
