Running 2 processes.
Start training /work_bgfs/n/navarrodelacruz/odt/optimal_decision_tree/augmented_datasets/small_toy/small_toy_682.small_toy with seed 1.
Any[]
(2, 13)
(2, 6)
(2, 3)
(2, 4)
dimension: 2, class: 3
cart cost: 2.7500000000000004
size of X: (2, 9)
Using method: Global linear DT optimization
Version identifier: 20.1.0.0 | 2020-11-10 | 9bedb6d68
CPXPARAM_Threads                                 1
CPXPARAM_TimeLimit                               1728000
Tried aggregator 1 time.
No LP presolve or aggregator reductions.
Presolve time = 0.00 sec. (0.14 ticks)
Initializing dual steep norms . . .

Iteration log . . .
Iteration:     1   Dual objective     =             0.000000
Iteration:    62   Dual objective     =             0.023950
2×3 Matrix{Float64}:
 1.0  0.0  1.0
 0.0  1.0  0.0
3-element Vector{Float64}:
 0.6204789358177842
 0.4681148301465292
 0.8062385246629302
3×7 Matrix{Float64}:
 0.0  0.0  0.0  1.0  0.0  0.0  0.0
 0.0  0.0  0.0  0.0  1.0  1.0  0.0
 0.0  0.0  0.0  0.0  0.0  0.0  1.0
3-element Vector{Float64}:
 1.0
 1.0
 1.0
2×3 Matrix{Float64}:
 0.0       0.172357  0.000547023
 0.227269  0.0       0.0788251
3-element Vector{Float64}:
 0.22726900165863265
 0.17235723814073753
 0.07937207643277781
3×7 Matrix{Float64}:
 0.0  0.0  0.0  0.479421  0.448469  0.784073  0.16002
 0.0  0.0  0.0  0.294413  0.29541   0.113303  0.37147
 0.0  0.0  0.0  0.226165  0.256121  0.102624  0.46851
3-element Vector{Float64}:
 0.22726900165863265
 0.17235723814073753
 0.07937207643277781
a: [0.0 0.17235723814073753 0.0005470233219399961; 0.22726900165863265 0.0 0.07882505311083782]
b: [0.22726900165863265, 0.17235723814073753, 0.07937207643277781]
c: [0.0 0.0 0.0 0.47942146846617406 0.44846860496050667 0.7840728014653895 0.16002003165168244; 0.0 0.0 0.0 0.2944133423668146 0.2954100626402597 0.1133029662900572 0.3714703556959807; 0.0 0.0 0.0 0.22616518916701134 0.2561213323992336 0.10262423224455328 0.46850961265233687]
d: [0.22726900165863265, 0.17235723814073753, 0.07937207643277781]
comparison (CRT and Glb)on prediction: Dict{Bool, Int64}(0 => 4, 1 => 0)
Dataname	 time	 objv	 lb	 gap	 train_w	 train_g	 test_w	 test_g
/work_bgfs/n/navarrodelacruz/odt/optimal_decision_tree/augmented_datasets/small_toy/small_toy_682.small_toy	 30.59	 0.0239499158116074	 N/A	 N/A	 88.889	 0.0	 75.0	 0.0
