Running 2 processes.
Start training /work_bgfs/n/navarrodelacruz/odt/optimal_decision_tree/augmented_datasets/small_toy/small_toy_148.small_toy with seed 1.
Any[]
(2, 13)
(2, 6)
(2, 3)
(2, 4)
dimension: 2, class: 3
cart cost: 0.1
size of X: (2, 9)
Using method: Global linear DT optimization
Version identifier: 20.1.0.0 | 2020-11-10 | 9bedb6d68
CPXPARAM_Threads                                 1
CPXPARAM_TimeLimit                               1728000
Tried aggregator 1 time.
No LP presolve or aggregator reductions.
Presolve time = 0.23 sec. (0.14 ticks)
Initializing dual steep norms . . .

Iteration log . . .
Iteration:     1   Dual objective     =             0.000000
Iteration:    62   Dual objective     =             0.023232
2×3 Matrix{Float64}:
 0.0  0.0  1.0
 1.0  0.0  0.0
3-element Vector{Float64}:
 0.35531037594739723
 0.0
 0.6607951801085905
3×7 Matrix{Float64}:
 0.0  0.0  0.0  0.0  1.0  0.0  0.0
 0.0  0.0  0.0  0.0  0.0  1.0  0.0
 0.0  0.0  0.0  0.0  0.0  0.0  1.0
3-element Vector{Float64}:
 1.0
 0.0
 1.0
2×3 Matrix{Float64}:
 0.0       0.118938   0.0
 0.241549  0.0845345  0.0440091
3-element Vector{Float64}:
 0.2415486725276342
 0.20347253968500056
 0.04400905462244703
3×7 Matrix{Float64}:
 0.0  0.0  0.0  0.38629   0.446038  0.880012   0.165271
 0.0  0.0  0.0  0.3629    0.316164  0.0706367  0.353652
 0.0  0.0  0.0  0.250811  0.237798  0.0493509  0.481077
3-element Vector{Float64}:
 0.2415486725276342
 0.20347253968500056
 0.04400905462244703
a: [0.0 0.11893801006597171 0.0; 0.2415486725276342 0.08453452961902888 0.04400905462244703]
b: [0.2415486725276342, 0.20347253968500056, 0.04400905462244703]
c: [0.0 0.0 0.0 0.3862896099492019 0.44603802749132815 0.8800123363275034 0.16527076127375026; 0.0 0.0 0.0 0.3628996664617661 0.31616352464999586 0.0706367367866364 0.3536519154194763; 0.0 0.0 0.0 0.250810723589032 0.237798447858676 0.04935092688586018 0.4810773233067734]
d: [0.2415486725276342, 0.20347253968500056, 0.04400905462244703]
comparison (CRT and Glb)on prediction: Dict{Bool, Int64}(0 => 4, 1 => 0)
Dataname	 time	 objv	 lb	 gap	 train_w	 train_g	 test_w	 test_g
/work_bgfs/n/navarrodelacruz/odt/optimal_decision_tree/augmented_datasets/small_toy/small_toy_148.small_toy	 36.57	 0.024451513341754088	 N/A	 N/A	 100.0	 0.0	 75.0	 0.0
