Running 2 processes.
Start training /work_bgfs/n/navarrodelacruz/odt/optimal_decision_tree/augmented_datasets/small_toy/small_toy_550.small_toy with seed 1.
Any[]
(2, 13)
(2, 6)
(2, 3)
(2, 4)
dimension: 2, class: 3
cart cost: 2.7500000000000004
size of X: (2, 9)
Using method: Global linear DT optimization
Version identifier: 20.1.0.0 | 2020-11-10 | 9bedb6d68
CPXPARAM_Threads                                 1
CPXPARAM_TimeLimit                               1728000
Tried aggregator 1 time.
No LP presolve or aggregator reductions.
Presolve time = 0.00 sec. (0.14 ticks)
Initializing dual steep norms . . .

Iteration log . . .
Iteration:     1   Dual objective     =             0.000000
Iteration:    62   Dual objective     =             0.022529
2×3 Matrix{Float64}:
 0.0  1.0  1.0
 1.0  0.0  0.0
3-element Vector{Float64}:
 0.3992333407566356
 0.5994030529553867
 0.7540475995250491
3×7 Matrix{Float64}:
 0.0  0.0  0.0  1.0  0.0  0.0  0.0
 0.0  0.0  0.0  0.0  1.0  1.0  0.0
 0.0  0.0  0.0  0.0  0.0  0.0  1.0
3-element Vector{Float64}:
 1.0
 1.0
 1.0
2×3 Matrix{Float64}:
 0.0       0.174098  0.0245556
 0.206919  0.0       0.0653993
3-element Vector{Float64}:
 0.2069193934441084
 0.17409760191906748
 0.08995482770458157
3×7 Matrix{Float64}:
 0.0  0.0  0.0  0.528307  0.397281  0.737648  0.200743
 0.0  0.0  0.0  0.243765  0.281628  0.137253  0.361398
 0.0  0.0  0.0  0.227928  0.32109   0.125098  0.437859
3-element Vector{Float64}:
 0.2069193934441084
 0.17409760191906748
 0.08995482770458157
a: [0.0 0.17409760191906748 0.024555550764570888; 0.2069193934441084 0.0 0.06539927694001069]
b: [0.2069193934441084, 0.17409760191906748, 0.08995482770458157]
c: [0.0 0.0 0.0 0.5283067997940912 0.39728146342800086 0.7376484707861266 0.2007430281073211; 0.0 0.0 0.0 0.24376507671610692 0.28162811245558017 0.13725322142836205 0.36139770224264234; 0.0 0.0 0.0 0.22792812348980185 0.321090424116419 0.12509830778551131 0.43785926965003663]
d: [0.2069193934441084, 0.17409760191906748, 0.08995482770458157]
comparison (CRT and Glb)on prediction: Dict{Bool, Int64}(0 => 2, 1 => 2)
Dataname	 time	 objv	 lb	 gap	 train_w	 train_g	 test_w	 test_g
/work_bgfs/n/navarrodelacruz/odt/optimal_decision_tree/augmented_datasets/small_toy/small_toy_550.small_toy	 29.54	 0.023548591153387866	 N/A	 N/A	 88.889	 33.333	 50.0	 50.0
