Running 2 processes.
Start training /work_bgfs/n/navarrodelacruz/odt/optimal_decision_tree/augmented_datasets/small_toy/small_toy_885.small_toy with seed 1.
Any[]
(2, 13)
(2, 6)
(2, 3)
(2, 4)
dimension: 2, class: 3
cart cost: 2.7500000000000004
size of X: (2, 9)
Using method: Global linear DT optimization
Version identifier: 20.1.0.0 | 2020-11-10 | 9bedb6d68
CPXPARAM_Threads                                 1
CPXPARAM_TimeLimit                               1728000
Tried aggregator 1 time.
No LP presolve or aggregator reductions.
Presolve time = 0.00 sec. (0.14 ticks)
Initializing dual steep norms . . .

Iteration log . . .
Iteration:     1   Dual objective     =             0.000000
Iteration:    62   Dual objective     =             0.024408
2×3 Matrix{Float64}:
 0.0  1.0  1.0
 1.0  0.0  0.0
3-element Vector{Float64}:
 0.38537625802070197
 0.8270213514011804
 0.8381248166909239
3×7 Matrix{Float64}:
 0.0  0.0  0.0  1.0  0.0  0.0  0.0
 0.0  0.0  0.0  0.0  0.0  1.0  0.0
 0.0  0.0  0.0  0.0  1.0  0.0  1.0
3-element Vector{Float64}:
 1.0
 1.0
 1.0
2×3 Matrix{Float64}:
 0.0       0.164016  0.0
 0.228483  0.0       0.0956546
3-element Vector{Float64}:
 0.22848319439143974
 0.1640160887455997
 0.09565460689552237
3×7 Matrix{Float64}:
 0.0  0.0  0.0  0.552542  0.446848  0.69476   0.174002
 0.0  0.0  0.0  0.220726  0.298319  0.151194  0.374385
 0.0  0.0  0.0  0.226732  0.254834  0.154046  0.451614
3-element Vector{Float64}:
 0.22848319439143974
 0.1640160887455997
 0.09565460689552237
a: [0.0 0.1640160887455997 0.0; 0.22848319439143974 0.0 0.09565460689552237]
b: [0.22848319439143974, 0.1640160887455997, 0.09565460689552237]
c: [0.0 0.0 0.0 0.5525420454581447 0.44684781838294896 0.6947604531225934 0.1740017221086157; 0.0 0.0 0.0 0.22072560009934644 0.2983185847241717 0.15119359222981785 0.374384603626429; 0.0 0.0 0.0 0.2267323544425089 0.2548335968928793 0.15404595464758877 0.45161367426495536]
d: [0.22848319439143974, 0.1640160887455997, 0.09565460689552237]
comparison (CRT and Glb)on prediction: Dict{Bool, Int64}(0 => 2, 1 => 2)
Dataname	 time	 objv	 lb	 gap	 train_w	 train_g	 test_w	 test_g
/work_bgfs/n/navarrodelacruz/odt/optimal_decision_tree/augmented_datasets/small_toy/small_toy_885.small_toy	 29.99	 0.02440769450162809	 N/A	 N/A	 88.889	 33.333	 50.0	 50.0
