Running 2 processes.
Start training /work_bgfs/n/navarrodelacruz/odt/optimal_decision_tree/augmented_datasets/small_toy/small_toy_887.small_toy with seed 1.
Any[]
(2, 13)
(2, 6)
(2, 3)
(2, 4)
dimension: 2, class: 3
cart cost: 2.7000000000000006
size of X: (2, 9)
Using method: Global linear DT optimization
Version identifier: 20.1.0.0 | 2020-11-10 | 9bedb6d68
CPXPARAM_Threads                                 1
CPXPARAM_TimeLimit                               1728000
Tried aggregator 1 time.
No LP presolve or aggregator reductions.
Presolve time = 0.00 sec. (0.14 ticks)
Initializing dual steep norms . . .

Iteration log . . .
Iteration:     1   Dual objective     =             0.000000
Iteration:    62   Dual objective     =             0.022903
2×3 Matrix{Float64}:
 1.0  0.0  0.0
 0.0  1.0  0.0
3-element Vector{Float64}:
 0.6951200012714116
 0.20079679414644294
 0.0
3×7 Matrix{Float64}:
 0.0  0.0  0.0  1.0  0.0  0.0  0.0
 0.0  0.0  0.0  0.0  1.0  0.0  0.0
 0.0  0.0  0.0  0.0  0.0  0.0  1.0
3-element Vector{Float64}:
 1.0
 1.0
 0.0
2×3 Matrix{Float64}:
 0.0       0.0       0.157777
 0.159702  0.159702  0.0
3-element Vector{Float64}:
 0.159702436588878
 0.159702436588878
 0.15777699413816537
3×7 Matrix{Float64}:
 0.0  0.0  0.0  0.480262  0.480262  0.573092  0.183676
 0.0  0.0  0.0  0.266818  0.266818  0.22379   0.337695
 0.0  0.0  0.0  0.252921  0.252921  0.203118  0.478628
3-element Vector{Float64}:
 0.159702436588878
 0.159702436588878
 0.15777699413816537
a: [0.0 0.0 0.15777699413816537; 0.159702436588878 0.159702436588878 0.0]
b: [0.159702436588878, 0.159702436588878, 0.15777699413816537]
c: [0.0 0.0 0.0 0.48026158879525777 0.4802615887952579 0.5730921163169544 0.18367620963232734; 0.0 0.0 0.0 0.26681783876712967 0.26681783876712967 0.2237896299071307 0.337695435496041; 0.0 0.0 0.0 0.2529205724376126 0.2529205724376125 0.20311825377591486 0.4786283548716317]
d: [0.159702436588878, 0.159702436588878, 0.15777699413816537]
comparison (CRT and Glb)on prediction: Dict{Bool, Int64}(0 => 4, 1 => 0)
Dataname	 time	 objv	 lb	 gap	 train_w	 train_g	 test_w	 test_g
/work_bgfs/n/navarrodelacruz/odt/optimal_decision_tree/augmented_datasets/small_toy/small_toy_887.small_toy	 28.68	 0.02385909336579607	 N/A	 N/A	 88.889	 0.0	 75.0	 0.0
