Running 2 processes.
Start training /work_bgfs/n/navarrodelacruz/odt/optimal_decision_tree/augmented_datasets/small_toy/small_toy_943.small_toy with seed 1.
Any[]
(2, 13)
(2, 6)
(2, 3)
(2, 4)
dimension: 2, class: 3
cart cost: 2.7000000000000006
size of X: (2, 9)
Using method: Global linear DT optimization
Version identifier: 20.1.0.0 | 2020-11-10 | 9bedb6d68
CPXPARAM_Threads                                 1
CPXPARAM_TimeLimit                               1728000
Tried aggregator 1 time.
No LP presolve or aggregator reductions.
Presolve time = 0.00 sec. (0.14 ticks)
Initializing dual steep norms . . .

Iteration log . . .
Iteration:     1   Dual objective     =             0.000000
Iteration:    62   Dual objective     =             0.023807
2×3 Matrix{Float64}:
 0.0  0.0  1.0
 1.0  0.0  0.0
3-element Vector{Float64}:
 0.3402717616333752
 0.0
 0.6242312278884041
3×7 Matrix{Float64}:
 0.0  0.0  0.0  0.0  1.0  0.0  0.0
 0.0  0.0  0.0  0.0  0.0  1.0  0.0
 0.0  0.0  0.0  0.0  0.0  0.0  1.0
3-element Vector{Float64}:
 1.0
 0.0
 1.0
2×3 Matrix{Float64}:
 0.0       0.142555   0.0
 0.233203  0.0366719  0.0637165
3-element Vector{Float64}:
 0.2332028544325088
 0.17922655811740226
 0.0637164586739028
3×7 Matrix{Float64}:
 0.0  0.0  0.0  0.346529  0.455164  0.81319   0.162788
 0.0  0.0  0.0  0.244977  0.3085    0.101947  0.362562
 0.0  0.0  0.0  0.408495  0.236336  0.084863  0.47465
3-element Vector{Float64}:
 0.2332028544325088
 0.17922655811740226
 0.0637164586739028
a: [0.0 0.1425546731739231 0.0; 0.2332028544325088 0.03667188494347917 0.0637164586739028]
b: [0.2332028544325088, 0.17922655811740226, 0.0637164586739028]
c: [0.0 0.0 0.0 0.34652851755160424 0.4551640504138589 0.8131902336199203 0.16278813337395714; 0.0 0.0 0.0 0.24497697566952886 0.3085001716720569 0.10194677676593299 0.36256210572906766; 0.0 0.0 0.0 0.40849450677886695 0.23633577791408422 0.08486298961414673 0.4746497608969752]
d: [0.2332028544325088, 0.17922655811740226, 0.0637164586739028]
comparison (CRT and Glb)on prediction: Dict{Bool, Int64}(0 => 4, 1 => 0)
Dataname	 time	 objv	 lb	 gap	 train_w	 train_g	 test_w	 test_g
/work_bgfs/n/navarrodelacruz/odt/optimal_decision_tree/augmented_datasets/small_toy/small_toy_943.small_toy	 28.16	 0.023807293561190695	 N/A	 N/A	 88.889	 0.0	 50.0	 0.0
