Running 2 processes.
Start training /work_bgfs/n/navarrodelacruz/odt/optimal_decision_tree/augmented_datasets/small_toy/small_toy_79.small_toy with seed 1.
Any[]
(2, 13)
(2, 6)
(2, 3)
(2, 4)
dimension: 2, class: 3
cart cost: 2.7000000000000006
size of X: (2, 9)
Using method: Global linear DT optimization
Version identifier: 20.1.0.0 | 2020-11-10 | 9bedb6d68
CPXPARAM_Threads                                 1
CPXPARAM_TimeLimit                               1728000
Tried aggregator 1 time.
No LP presolve or aggregator reductions.
Presolve time = 0.00 sec. (0.14 ticks)
Initializing dual steep norms . . .

Iteration log . . .
Iteration:     1   Dual objective     =             0.000000
Iteration:    62   Dual objective     =             0.023335
2×3 Matrix{Float64}:
 0.0  0.0  1.0
 1.0  0.0  0.0
3-element Vector{Float64}:
 0.3378308847854681
 0.0
 0.6428490164090173
3×7 Matrix{Float64}:
 0.0  0.0  0.0  0.0  1.0  0.0  0.0
 0.0  0.0  0.0  0.0  0.0  1.0  0.0
 0.0  0.0  0.0  0.0  0.0  0.0  1.0
3-element Vector{Float64}:
 1.0
 0.0
 1.0
2×3 Matrix{Float64}:
 0.141928   0.0       0.0
 0.0290426  0.131393  0.17097
3-element Vector{Float64}:
 0.17097011152804495
 0.13139305856113156
 0.17097011152804495
3×7 Matrix{Float64}:
 0.0  0.0  0.0  0.648233  0.3279    0.49646   0.168598
 0.0  0.0  0.0  0.178321  0.266933  0.232033  0.366658
 0.0  0.0  0.0  0.173446  0.405167  0.271507  0.464744
3-element Vector{Float64}:
 0.17097011152804495
 0.13139305856113156
 0.17097011152804495
a: [0.1419275331205062 0.0 0.0; 0.029042578407538593 0.13139305856113156 0.17097011152804495]
b: [0.17097011152804495, 0.13139305856113156, 0.17097011152804495]
c: [0.0 0.0 0.0 0.6482329829538228 0.3279004344234536 0.4964596122537657 0.1685982581039815; 0.0 0.0 0.0 0.1783207394785247 0.26693252028308023 0.23203293271556108 0.36665806651891775; 0.0 0.0 0.0 0.17344627756765252 0.40516704529346614 0.27150745503067325 0.4647436753771007]
d: [0.17097011152804495, 0.13139305856113156, 0.17097011152804495]
comparison (CRT and Glb)on prediction: Dict{Bool, Int64}(0 => 3, 1 => 1)
Dataname	 time	 objv	 lb	 gap	 train_w	 train_g	 test_w	 test_g
/work_bgfs/n/navarrodelacruz/odt/optimal_decision_tree/augmented_datasets/small_toy/small_toy_79.small_toy	 33.32	 0.02366666408086108	 N/A	 N/A	 88.889	 33.333	 75.0	 50.0
