Running 2 processes.
Start training /work_bgfs/n/navarrodelacruz/odt/optimal_decision_tree/augmented_datasets/small_toy/small_toy_29.small_toy with seed 1.
Any[]
(2, 13)
(2, 6)
(2, 3)
(2, 4)
dimension: 2, class: 3
cart cost: 2.7000000000000006
size of X: (2, 9)
Using method: Global linear DT optimization
Version identifier: 20.1.0.0 | 2020-11-10 | 9bedb6d68
CPXPARAM_Threads                                 1
CPXPARAM_TimeLimit                               1728000
Tried aggregator 1 time.
No LP presolve or aggregator reductions.
Presolve time = 0.00 sec. (0.14 ticks)
Initializing dual steep norms . . .

Iteration log . . .
Iteration:     1   Dual objective     =             0.000000
Iteration:    62   Dual objective     =             0.022789
2×3 Matrix{Float64}:
 1.0  0.0  0.0
 0.0  1.0  0.0
3-element Vector{Float64}:
 0.6418959639004567
 0.16796141304685952
 0.0
3×7 Matrix{Float64}:
 0.0  0.0  0.0  1.0  0.0  0.0  0.0
 0.0  0.0  0.0  0.0  1.0  0.0  0.0
 0.0  0.0  0.0  0.0  0.0  0.0  1.0
3-element Vector{Float64}:
 1.0
 1.0
 0.0
2×3 Matrix{Float64}:
 0.166788    0.0       0.0
 0.00754938  0.123371  0.174337
3-element Vector{Float64}:
 0.17433746993548166
 0.12337080366863598
 0.17433746993548166
3×7 Matrix{Float64}:
 0.0  0.0  0.0  0.245319  0.475884  0.579888  0.165599
 0.0  0.0  0.0  0.171189  0.291324  0.241911  0.364481
 0.0  0.0  0.0  0.583491  0.232791  0.178201  0.469919
3-element Vector{Float64}:
 0.17433746993548166
 0.12337080366863598
 0.17433746993548166
a: [0.16678809441900372 0.0 0.0; 0.007549375516478163 0.12337080366863598 0.17433746993548166]
b: [0.17433746993548166, 0.12337080366863598, 0.17433746993548166]
c: [0.0 0.0 0.0 0.24531916911612237 0.4758844591910828 0.5798877811589878 0.16559917132511232; 0.0 0.0 0.0 0.1711894085230301 0.29132422820529646 0.2419107882430367 0.36448146601787307; 0.0 0.0 0.0 0.5834914223608475 0.23279131260362074 0.17820143059797552 0.46991936265701456]
d: [0.17433746993548166, 0.12337080366863598, 0.17433746993548166]
comparison (CRT and Glb)on prediction: Dict{Bool, Int64}(0 => 3, 1 => 1)
Dataname	 time	 objv	 lb	 gap	 train_w	 train_g	 test_w	 test_g
/work_bgfs/n/navarrodelacruz/odt/optimal_decision_tree/augmented_datasets/small_toy/small_toy_29.small_toy	 30.48	 0.02360228717697997	 N/A	 N/A	 88.889	 22.222	 75.0	 25.0
