Running 2 processes.
Start training /work_bgfs/n/navarrodelacruz/odt/optimal_decision_tree/augmented_datasets/small_toy/small_toy_193.small_toy with seed 1.
Any[]
(2, 13)
(2, 6)
(2, 3)
(2, 4)
dimension: 2, class: 3
cart cost: 0.1
size of X: (2, 9)
Using method: Global linear DT optimization
Version identifier: 20.1.0.0 | 2020-11-10 | 9bedb6d68
CPXPARAM_Threads                                 1
CPXPARAM_TimeLimit                               1728000
Tried aggregator 1 time.
No LP presolve or aggregator reductions.
Presolve time = 0.00 sec. (0.14 ticks)
Initializing dual steep norms . . .

Iteration log . . .
Iteration:     1   Dual objective     =             0.000000
Iteration:    62   Dual objective     =             0.024238
2×3 Matrix{Float64}:
 1.0  0.0  0.0
 0.0  1.0  0.0
3-element Vector{Float64}:
 0.7448894529349114
 0.3622686455853647
 0.0
3×7 Matrix{Float64}:
 0.0  0.0  0.0  1.0  0.0  0.0  0.0
 0.0  0.0  0.0  0.0  1.0  0.0  0.0
 0.0  0.0  0.0  0.0  0.0  0.0  1.0
3-element Vector{Float64}:
 1.0
 1.0
 0.0
2×3 Matrix{Float64}:
 0.0       0.121807   0.0
 0.231666  0.0863738  0.0449164
3-element Vector{Float64}:
 0.2316656951012312
 0.20818111018041224
 0.044916366727249794
3×7 Matrix{Float64}:
 0.0  0.0  0.0  0.436046  0.439319  0.885317   0.150186
 0.0  0.0  0.0  0.300135  0.303774  0.0686538  0.370656
 0.0  0.0  0.0  0.263819  0.256907  0.0460293  0.479159
3-element Vector{Float64}:
 0.2316656951012312
 0.20818111018041224
 0.044916366727249794
a: [0.0 0.12180728273075604 0.0; 0.2316656951012312 0.0863738274496562 0.044916366727249794]
b: [0.2316656951012312, 0.20818111018041224, 0.044916366727249794]
c: [0.0 0.0 0.0 0.43604584152646836 0.43931942080952197 0.8853168951558047 0.15018558492012002; 0.0 0.0 0.0 0.30013474934225987 0.30377396584071265 0.06865379072308424 0.37065564422754; 0.0 0.0 0.0 0.26381940913127183 0.25690661334976544 0.04602931412111111 0.47915877085234]
d: [0.2316656951012312, 0.20818111018041224, 0.044916366727249794]
comparison (CRT and Glb)on prediction: Dict{Bool, Int64}(0 => 4, 1 => 0)
Dataname	 time	 objv	 lb	 gap	 train_w	 train_g	 test_w	 test_g
/work_bgfs/n/navarrodelacruz/odt/optimal_decision_tree/augmented_datasets/small_toy/small_toy_193.small_toy	 30.38	 0.024238158600444665	 N/A	 N/A	 100.0	 0.0	 75.0	 0.0
