Running 2 processes.
Start training /work_bgfs/n/navarrodelacruz/odt/optimal_decision_tree/augmented_datasets/small_toy/small_toy_775.small_toy with seed 1.
Any[]
(2, 13)
(2, 6)
(2, 3)
(2, 4)
dimension: 2, class: 3
cart cost: 2.7000000000000006
size of X: (2, 9)
Using method: Global linear DT optimization
Version identifier: 20.1.0.0 | 2020-11-10 | 9bedb6d68
CPXPARAM_Threads                                 1
CPXPARAM_TimeLimit                               1728000
Tried aggregator 1 time.
No LP presolve or aggregator reductions.
Presolve time = 0.00 sec. (0.14 ticks)
Initializing dual steep norms . . .

Iteration log . . .
Iteration:     1   Dual objective     =             0.000000
Iteration:    62   Dual objective     =             0.023892
2×3 Matrix{Float64}:
 1.0  0.0  0.0
 0.0  1.0  0.0
3-element Vector{Float64}:
 0.7033065648089374
 0.23122325916511605
 0.0
3×7 Matrix{Float64}:
 0.0  0.0  0.0  1.0  0.0  0.0  0.0
 0.0  0.0  0.0  0.0  1.0  0.0  0.0
 0.0  0.0  0.0  0.0  0.0  0.0  1.0
3-element Vector{Float64}:
 1.0
 1.0
 0.0
2×3 Matrix{Float64}:
 0.0       0.147271   0.0
 0.206155  0.0272991  0.0971165
3-element Vector{Float64}:
 0.20615529402568272
 0.17457014089832845
 0.09711648368815651
3×7 Matrix{Float64}:
 0.0  0.0  0.0  0.522893  0.376262  0.732195  0.205541
 0.0  0.0  0.0  0.258116  0.279722  0.159324  0.352211
 0.0  0.0  0.0  0.218991  0.344016  0.108481  0.442248
3-element Vector{Float64}:
 0.20615529402568272
 0.17457014089832845
 0.09711648368815651
a: [0.0 0.14727103343585546 0.0; 0.20615529402568272 0.027299107462472993 0.09711648368815651]
b: [0.20615529402568272, 0.17457014089832845, 0.09711648368815651]
c: [0.0 0.0 0.0 0.5228929155551073 0.37626159271404824 0.7321949103077775 0.20554093193941464; 0.0 0.0 0.0 0.2581164304435406 0.27972242974843853 0.1593237584874169 0.35221122694596685; 0.0 0.0 0.0 0.2189906540013521 0.34401597753751323 0.10848133120480563 0.44224784111461857]
d: [0.20615529402568272, 0.17457014089832845, 0.09711648368815651]
comparison (CRT and Glb)on prediction: Dict{Bool, Int64}(0 => 3, 1 => 1)
Dataname	 time	 objv	 lb	 gap	 train_w	 train_g	 test_w	 test_g
/work_bgfs/n/navarrodelacruz/odt/optimal_decision_tree/augmented_datasets/small_toy/small_toy_775.small_toy	 31.72	 0.023892095930608388	 N/A	 N/A	 88.889	 33.333	 75.0	 50.0
