Running 2 processes.
Start training /work_bgfs/n/navarrodelacruz/odt/optimal_decision_tree/augmented_datasets/small_toy/small_toy_911.small_toy with seed 1.
Any[]
(2, 13)
(2, 6)
(2, 3)
(2, 4)
dimension: 2, class: 3
cart cost: 2.7000000000000006
size of X: (2, 9)
Using method: Global linear DT optimization
Version identifier: 20.1.0.0 | 2020-11-10 | 9bedb6d68
CPXPARAM_Threads                                 1
CPXPARAM_TimeLimit                               1728000
Tried aggregator 1 time.
No LP presolve or aggregator reductions.
Presolve time = 0.00 sec. (0.14 ticks)
Initializing dual steep norms . . .

Iteration log . . .
Iteration:     1   Dual objective     =             0.000000
Iteration:    62   Dual objective     =             0.023531
2×3 Matrix{Float64}:
 0.0  0.0  0.0
 1.0  0.0  1.0
3-element Vector{Float64}:
 0.3026251039931034
 0.0
 0.6060043303832439
3×7 Matrix{Float64}:
 0.0  0.0  0.0  0.0  1.0  0.0  0.0
 0.0  0.0  0.0  0.0  0.0  1.0  0.0
 0.0  0.0  0.0  0.0  0.0  0.0  1.0
3-element Vector{Float64}:
 1.0
 0.0
 1.0
2×3 Matrix{Float64}:
 0.0      0.163058   0.0
 0.22345  0.0109414  0.0731628
3-element Vector{Float64}:
 0.22345035329267457
 0.17399986809370563
 0.0731627808265751
3×7 Matrix{Float64}:
 0.0  0.0  0.0  0.527809  0.44554   0.778645  0.166683
 0.0  0.0  0.0  0.248753  0.316142  0.119546  0.353353
 0.0  0.0  0.0  0.223438  0.238318  0.101809  0.479964
3-element Vector{Float64}:
 0.22345035329267457
 0.17399986809370563
 0.0731627808265751
a: [0.0 0.16305847748610725 0.0; 0.22345035329267457 0.010941390607598384 0.0731627808265751]
b: [0.22345035329267457, 0.17399986809370563, 0.0731627808265751]
c: [0.0 0.0 0.0 0.5278085140784701 0.44554037092962223 0.7786450003619946 0.1666832614366138; 0.0 0.0 0.0 0.24875301201159172 0.3161416467005587 0.11954618958680763 0.3533525776269273; 0.0 0.0 0.0 0.22343847390993823 0.23831798236981905 0.1018088100511978 0.4799641609364589]
d: [0.22345035329267457, 0.17399986809370563, 0.0731627808265751]
comparison (CRT and Glb)on prediction: Dict{Bool, Int64}(0 => 3, 1 => 1)
Dataname	 time	 objv	 lb	 gap	 train_w	 train_g	 test_w	 test_g
/work_bgfs/n/navarrodelacruz/odt/optimal_decision_tree/augmented_datasets/small_toy/small_toy_911.small_toy	 32.41	 0.02353065011064777	 N/A	 N/A	 88.889	 33.333	 75.0	 50.0
