Running 2 processes.
Start training /work_bgfs/n/navarrodelacruz/odt/optimal_decision_tree/augmented_datasets/small_toy/small_toy_1000.small_toy with seed 1.
Any[]
(2, 13)
(2, 6)
(2, 3)
(2, 4)
dimension: 2, class: 3
cart cost: 0.1
size of X: (2, 9)
Using method: Global linear DT optimization
Version identifier: 20.1.0.0 | 2020-11-10 | 9bedb6d68
CPXPARAM_Threads                                 1
CPXPARAM_TimeLimit                               1728000
Tried aggregator 1 time.
No LP presolve or aggregator reductions.
Presolve time = 0.00 sec. (0.14 ticks)
Initializing dual steep norms . . .

Iteration log . . .
Iteration:     1   Dual objective     =             0.000000
Iteration:    62   Dual objective     =             0.023482
2×3 Matrix{Float64}:
 1.0  0.0  0.0
 0.0  1.0  0.0
3-element Vector{Float64}:
 0.617286509187404
 0.3594072915542706
 0.0
3×7 Matrix{Float64}:
 0.0  0.0  0.0  1.0  0.0  0.0  0.0
 0.0  0.0  0.0  0.0  1.0  0.0  0.0
 0.0  0.0  0.0  0.0  0.0  0.0  1.0
3-element Vector{Float64}:
 1.0
 1.0
 0.0
2×3 Matrix{Float64}:
 0.131015   0.0       0.0
 0.0381853  0.133728  0.1692
3-element Vector{Float64}:
 0.1692003715519065
 0.13372765253273386
 0.1692003715519065
3×7 Matrix{Float64}:
 0.0  0.0  0.0  0.256602  0.324034  0.546138  0.165827
 0.0  0.0  0.0  0.532119  0.273042  0.226843  0.361928
 0.0  0.0  0.0  0.211279  0.402924  0.227018  0.472245
3-element Vector{Float64}:
 0.1692003715519065
 0.13372765253273386
 0.1692003715519065
a: [0.13101504307607137 0.0 0.0; 0.038185328475835056 0.13372765253273386 0.1692003715519065]
b: [0.1692003715519065, 0.13372765253273386, 0.1692003715519065]
c: [0.0 0.0 0.0 0.2566018589770441 0.3240338356583643 0.546138372164926 0.16582659186669818; 0.0 0.0 0.0 0.5321187279273958 0.27304239382329853 0.226843194063628 0.3619280519649856; 0.0 0.0 0.0 0.21127941309556025 0.40292377051833717 0.22701843377144604 0.47224535616831625]
d: [0.1692003715519065, 0.13372765253273386, 0.1692003715519065]
comparison (CRT and Glb)on prediction: Dict{Bool, Int64}(0 => 2, 1 => 2)
Dataname	 time	 objv	 lb	 gap	 train_w	 train_g	 test_w	 test_g
/work_bgfs/n/navarrodelacruz/odt/optimal_decision_tree/augmented_datasets/small_toy/small_toy_1000.small_toy	 28.3	 0.02360641978182735	 N/A	 N/A	 100.0	 33.333	 75.0	 25.0
