Running 2 processes.
Start training /work_bgfs/n/navarrodelacruz/odt/optimal_decision_tree/augmented_datasets/small_toy/small_toy_747.small_toy with seed 1.
Any[]
(2, 13)
(2, 6)
(2, 3)
(2, 4)
dimension: 2, class: 3
cart cost: 2.7000000000000006
size of X: (2, 9)
Using method: Global linear DT optimization
Version identifier: 20.1.0.0 | 2020-11-10 | 9bedb6d68
CPXPARAM_Threads                                 1
CPXPARAM_TimeLimit                               1728000
Tried aggregator 1 time.
No LP presolve or aggregator reductions.
Presolve time = 0.00 sec. (0.14 ticks)
Initializing dual steep norms . . .

Iteration log . . .
Iteration:     1   Dual objective     =             0.000000
Iteration:    62   Dual objective     =             0.023149
2×3 Matrix{Float64}:
 0.0  0.0  0.0
 1.0  0.0  1.0
3-element Vector{Float64}:
 0.35476577755762945
 0.0
 0.6211476521938069
3×7 Matrix{Float64}:
 0.0  0.0  0.0  0.0  1.0  0.0  0.0
 0.0  0.0  0.0  0.0  0.0  1.0  0.0
 0.0  0.0  0.0  0.0  0.0  0.0  1.0
3-element Vector{Float64}:
 1.0
 0.0
 1.0
2×3 Matrix{Float64}:
 0.0       0.0       0.146888
 0.207336  0.115062  0.0
3-element Vector{Float64}:
 0.20733620078092907
 0.11506151572327933
 0.14688788993677476
3×7 Matrix{Float64}:
 0.0  0.0  0.0  0.640685  0.399894  0.579203  0.189529
 0.0  0.0  0.0  0.181499  0.327055  0.223005  0.331798
 0.0  0.0  0.0  0.177816  0.273051  0.197792  0.478673
3-element Vector{Float64}:
 0.20733620078092907
 0.11506151572327933
 0.14688788993677476
a: [0.0 0.0 0.14688788993677476; 0.20733620078092907 0.11506151572327933 0.0]
b: [0.20733620078092907, 0.11506151572327933, 0.14688788993677476]
c: [0.0 0.0 0.0 0.6406846765971094 0.3998943223072654 0.5792031280367432 0.18952864327547891; 0.0 0.0 0.0 0.18149949264884924 0.3270547499129194 0.22300500102489484 0.33179813429541305; 0.0 0.0 0.0 0.1778158307540414 0.2730509277798152 0.19779187093836192 0.47867322242910804]
d: [0.20733620078092907, 0.11506151572327933, 0.14688788993677476]
comparison (CRT and Glb)on prediction: Dict{Bool, Int64}(0 => 2, 1 => 2)
Dataname	 time	 objv	 lb	 gap	 train_w	 train_g	 test_w	 test_g
/work_bgfs/n/navarrodelacruz/odt/optimal_decision_tree/augmented_datasets/small_toy/small_toy_747.small_toy	 28.39	 0.023464280322049162	 N/A	 N/A	 88.889	 33.333	 50.0	 50.0
