Running 2 processes.
Start training /work_bgfs/n/navarrodelacruz/odt/optimal_decision_tree/augmented_datasets/small_toy/small_toy_737.small_toy with seed 1.
Any[]
(2, 13)
(2, 6)
(2, 3)
(2, 4)
dimension: 2, class: 3
cart cost: 2.7000000000000006
size of X: (2, 9)
Using method: Global linear DT optimization
Version identifier: 20.1.0.0 | 2020-11-10 | 9bedb6d68
CPXPARAM_Threads                                 1
CPXPARAM_TimeLimit                               1728000
Tried aggregator 1 time.
No LP presolve or aggregator reductions.
Presolve time = 0.00 sec. (0.14 ticks)
Initializing dual steep norms . . .

Iteration log . . .
Iteration:     1   Dual objective     =             0.000000
Iteration:    62   Dual objective     =             0.023737
2×3 Matrix{Float64}:
 0.0  0.0  1.0
 1.0  0.0  0.0
3-element Vector{Float64}:
 0.2905766506675849
 0.0
 0.8509910041706168
3×7 Matrix{Float64}:
 0.0  0.0  0.0  0.0  1.0  0.0  0.0
 0.0  0.0  0.0  0.0  0.0  1.0  0.0
 0.0  0.0  0.0  0.0  0.0  0.0  1.0
3-element Vector{Float64}:
 1.0
 0.0
 1.0
2×3 Matrix{Float64}:
 0.0       0.143839  0.0
 0.224139  0.05307   0.053692
3-element Vector{Float64}:
 0.2241386835521147
 0.19690881848961267
 0.0536920352378592
3×7 Matrix{Float64}:
 0.0  0.0  0.0  0.376281  0.444711  0.860874   0.150383
 0.0  0.0  0.0  0.290154  0.290154  0.0666375  0.402838
 0.0  0.0  0.0  0.333565  0.265135  0.0724886  0.44678
3-element Vector{Float64}:
 0.2241386835521147
 0.19690881848961267
 0.0536920352378592
a: [0.0 0.14383886574265886 0.0; 0.2241386835521147 0.05306995274695381 0.0536920352378592]
b: [0.2241386835521147, 0.19690881848961267, 0.0536920352378592]
c: [0.0 0.0 0.0 0.37628077861878767 0.4447114210639409 0.860873896194255 0.150382631242196; 0.0 0.0 0.0 0.2901539130895235 0.29015391308952354 0.06663750799615564 0.4028376994648034; 0.0 0.0 0.0 0.3335653082916889 0.26513466584653556 0.07248859580958933 0.4467796692930006]
d: [0.2241386835521147, 0.19690881848961267, 0.0536920352378592]
comparison (CRT and Glb)on prediction: Dict{Bool, Int64}(0 => 4, 1 => 0)
Dataname	 time	 objv	 lb	 gap	 train_w	 train_g	 test_w	 test_g
/work_bgfs/n/navarrodelacruz/odt/optimal_decision_tree/augmented_datasets/small_toy/small_toy_737.small_toy	 28.71	 0.02373697686397933	 N/A	 N/A	 88.889	 0.0	 50.0	 0.0
