Running 2 processes.
Start training /work_bgfs/n/navarrodelacruz/odt/optimal_decision_tree/augmented_datasets/small_toy/small_toy_45.small_toy with seed 1.
Any[]
(2, 13)
(2, 6)
(2, 3)
(2, 4)
dimension: 2, class: 3
cart cost: 2.7000000000000006
size of X: (2, 9)
Using method: Global linear DT optimization
Version identifier: 20.1.0.0 | 2020-11-10 | 9bedb6d68
CPXPARAM_Threads                                 1
CPXPARAM_TimeLimit                               1728000
Tried aggregator 1 time.
No LP presolve or aggregator reductions.
Presolve time = 0.00 sec. (0.14 ticks)
Initializing dual steep norms . . .

Iteration log . . .
Iteration:     1   Dual objective     =             0.000000
Iteration:    62   Dual objective     =             0.023812
2×3 Matrix{Float64}:
 0.0  0.0  0.0
 1.0  0.0  1.0
3-element Vector{Float64}:
 0.38805332376922536
 0.0
 0.6942288378939815
3×7 Matrix{Float64}:
 0.0  0.0  0.0  0.0  1.0  0.0  0.0
 0.0  0.0  0.0  0.0  0.0  1.0  0.0
 0.0  0.0  0.0  0.0  0.0  0.0  1.0
3-element Vector{Float64}:
 1.0
 0.0
 1.0
2×3 Matrix{Float64}:
 0.0      0.170993  0.00997476
 0.22655  0.0       0.0687279
3-element Vector{Float64}:
 0.2265504731397149
 0.1709927899938864
 0.07870264182997885
3×7 Matrix{Float64}:
 0.0  0.0  0.0  0.534588  0.44602   0.782407   0.170729
 0.0  0.0  0.0  0.242402  0.304672  0.120153   0.355954
 0.0  0.0  0.0  0.22301   0.249309  0.0974397  0.473317
3-element Vector{Float64}:
 0.2265504731397149
 0.1709927899938864
 0.07870264182997885
a: [0.0 0.1709927899938864 0.009974763976829719; 0.2265504731397149 0.0 0.06872787785314917]
b: [0.2265504731397149, 0.1709927899938864, 0.07870264182997885]
c: [0.0 0.0 0.0 0.5345882340343632 0.446019923889984 0.7824072364614224 0.17072887599676673; 0.0 0.0 0.0 0.24240180402064482 0.304671531968697 0.12015302738819846 0.35595400756899376; 0.0 0.0 0.0 0.223009961944992 0.24930854414131892 0.09743973615037915 0.47331711643423957]
d: [0.2265504731397149, 0.1709927899938864, 0.07870264182997885]
comparison (CRT and Glb)on prediction: Dict{Bool, Int64}(0 => 2, 1 => 2)
Dataname	 time	 objv	 lb	 gap	 train_w	 train_g	 test_w	 test_g
/work_bgfs/n/navarrodelacruz/odt/optimal_decision_tree/augmented_datasets/small_toy/small_toy_45.small_toy	 31.58	 0.023812295248179006	 N/A	 N/A	 88.889	 33.333	 50.0	 50.0
