Running 2 processes.
Start training /work_bgfs/n/navarrodelacruz/odt/optimal_decision_tree/augmented_datasets/small_toy/small_toy_562.small_toy with seed 1.
Any[]
(2, 13)
(2, 6)
(2, 3)
(2, 4)
dimension: 2, class: 3
cart cost: 2.7000000000000006
size of X: (2, 9)
Using method: Global linear DT optimization
Version identifier: 20.1.0.0 | 2020-11-10 | 9bedb6d68
CPXPARAM_Threads                                 1
CPXPARAM_TimeLimit                               1728000
Tried aggregator 1 time.
No LP presolve or aggregator reductions.
Presolve time = 0.00 sec. (0.14 ticks)
Initializing dual steep norms . . .

Iteration log . . .
Iteration:     1   Dual objective     =             0.000000
Iteration:    62   Dual objective     =             0.023500
2×3 Matrix{Float64}:
 1.0  0.0  0.0
 0.0  1.0  0.0
3-element Vector{Float64}:
 0.6769407773623882
 0.1786294159752063
 0.0
3×7 Matrix{Float64}:
 0.0  0.0  0.0  1.0  0.0  0.0  0.0
 0.0  0.0  0.0  0.0  1.0  0.0  0.0
 0.0  0.0  0.0  0.0  0.0  0.0  1.0
3-element Vector{Float64}:
 1.0
 1.0
 0.0
2×3 Matrix{Float64}:
 0.183865  0.0       0.0
 0.0       0.133697  0.161516
3-element Vector{Float64}:
 0.1838653776778577
 0.13369668045104507
 0.1615155543664944
3×7 Matrix{Float64}:
 0.0  0.0  0.0  0.257566  0.462153  0.576188  0.180511
 0.0  0.0  0.0  0.553729  0.296097  0.215373  0.364218
 0.0  0.0  0.0  0.188704  0.241751  0.20844   0.455271
3-element Vector{Float64}:
 0.1838653776778577
 0.13369668045104507
 0.1615155543664944
a: [0.1838653776778577 0.0 0.0; 0.0 0.13369668045104507 0.1615155543664944]
b: [0.1838653776778577, 0.13369668045104507, 0.1615155543664944]
c: [0.0 0.0 0.0 0.2575664725630725 0.4621527574479292 0.5761875571935225 0.1805111994837676; 0.0 0.0 0.0 0.5537293467637691 0.2960967333958922 0.21537258135170176 0.3642179869743405; 0.0 0.0 0.0 0.18870418067315842 0.24175050915617863 0.20843986145477567 0.45527081354189186]
d: [0.1838653776778577, 0.13369668045104507, 0.1615155543664944]
comparison (CRT and Glb)on prediction: Dict{Bool, Int64}(0 => 2, 1 => 2)
Dataname	 time	 objv	 lb	 gap	 train_w	 train_g	 test_w	 test_g
/work_bgfs/n/navarrodelacruz/odt/optimal_decision_tree/augmented_datasets/small_toy/small_toy_562.small_toy	 29.57	 0.023953880624769854	 N/A	 N/A	 88.889	 33.333	 75.0	 25.0
