Running 2 processes.
Start training /work_bgfs/n/navarrodelacruz/odt/optimal_decision_tree/augmented_datasets/small_toy/small_toy_988.small_toy with seed 1.
Any[]
(2, 13)
(2, 6)
(2, 3)
(2, 4)
dimension: 2, class: 3
cart cost: 0.15000000000000002
size of X: (2, 9)
Using method: Global linear DT optimization
Version identifier: 20.1.0.0 | 2020-11-10 | 9bedb6d68
CPXPARAM_Threads                                 1
CPXPARAM_TimeLimit                               1728000
Tried aggregator 1 time.
No LP presolve or aggregator reductions.
Presolve time = 0.00 sec. (0.14 ticks)
Initializing dual steep norms . . .

Iteration log . . .
Iteration:     1   Dual objective     =             0.000000
Iteration:    62   Dual objective     =             0.023185
2×3 Matrix{Float64}:
 1.0  0.0  0.0
 0.0  1.0  1.0
3-element Vector{Float64}:
 0.6643094463296704
 0.5130379272100429
 0.34450057914651866
3×7 Matrix{Float64}:
 0.0  0.0  0.0  1.0  0.0  0.0  0.0
 0.0  0.0  0.0  0.0  1.0  1.0  0.0
 0.0  0.0  0.0  0.0  0.0  0.0  1.0
3-element Vector{Float64}:
 1.0
 1.0
 1.0
2×3 Matrix{Float64}:
 0.153469   0.0      0.0
 0.0195093  0.12804  0.172979
3-element Vector{Float64}:
 0.1729786448501016
 0.12803964195702752
 0.1729786448501016
3×7 Matrix{Float64}:
 0.0  0.0  0.0  0.648225  0.328028  0.430457  0.186513
 0.0  0.0  0.0  0.215217  0.287709  0.290754  0.354419
 0.0  0.0  0.0  0.136558  0.384263  0.278789  0.459068
3-element Vector{Float64}:
 0.1729786448501016
 0.12803964195702752
 0.1729786448501016
a: [0.15346933947494307 0.0 0.0; 0.01950930537515856 0.12803964195702752 0.1729786448501016]
b: [0.1729786448501016, 0.12803964195702752, 0.1729786448501016]
c: [0.0 0.0 0.0 0.6482247531984322 0.32802792053612256 0.4304573498206514 0.1865126600633764; 0.0 0.0 0.0 0.2152172574352171 0.2877091108011623 0.29075362106990044 0.3544193063689077; 0.0 0.0 0.0 0.13655798936635066 0.3842629686627152 0.27878902910944814 0.45906803356771586]
d: [0.1729786448501016, 0.12803964195702752, 0.1729786448501016]
comparison (CRT and Glb)on prediction: Dict{Bool, Int64}(0 => 2, 1 => 2)
Dataname	 time	 objv	 lb	 gap	 train_w	 train_g	 test_w	 test_g
/work_bgfs/n/navarrodelacruz/odt/optimal_decision_tree/augmented_datasets/small_toy/small_toy_988.small_toy	 54.23	 0.02369984658286154	 N/A	 N/A	 100.0	 33.333	 50.0	 50.0
