Running 2 processes.
Start training /work_bgfs/n/navarrodelacruz/odt/optimal_decision_tree/augmented_datasets/small_toy/small_toy_678.small_toy with seed 1.
Any[]
(2, 13)
(2, 6)
(2, 3)
(2, 4)
dimension: 2, class: 3
cart cost: 2.7000000000000006
size of X: (2, 9)
Using method: Global linear DT optimization
Version identifier: 20.1.0.0 | 2020-11-10 | 9bedb6d68
CPXPARAM_Threads                                 1
CPXPARAM_TimeLimit                               1728000
Tried aggregator 1 time.
No LP presolve or aggregator reductions.
Presolve time = 0.00 sec. (0.14 ticks)
Initializing dual steep norms . . .

Iteration log . . .
Iteration:     1   Dual objective     =             0.000000
Iteration:    62   Dual objective     =             0.023329
2×3 Matrix{Float64}:
 0.0  0.0  1.0
 1.0  0.0  0.0
3-element Vector{Float64}:
 0.3607772680326721
 0.0
 0.645512694191227
3×7 Matrix{Float64}:
 0.0  0.0  0.0  0.0  1.0  0.0  0.0
 0.0  0.0  0.0  0.0  0.0  1.0  0.0
 0.0  0.0  0.0  0.0  0.0  0.0  1.0
3-element Vector{Float64}:
 1.0
 0.0
 1.0
2×3 Matrix{Float64}:
 0.0       0.152065  0.0
 0.214448  0.0       0.107828
3-element Vector{Float64}:
 0.21444756807969853
 0.15206454538627392
 0.10782781936021421
3×7 Matrix{Float64}:
 0.0  0.0  0.0  0.536956  0.417093  0.675768  0.170402
 0.0  0.0  0.0  0.258462  0.348297  0.175129  0.364784
 0.0  0.0  0.0  0.204583  0.234611  0.149103  0.464813
3-element Vector{Float64}:
 0.21444756807969853
 0.15206454538627392
 0.10782781936021421
a: [0.0 0.15206454538627392 0.0; 0.21444756807969853 0.0 0.10782781936021421]
b: [0.21444756807969853, 0.15206454538627392, 0.10782781936021421]
c: [0.0 0.0 0.0 0.5369555357266708 0.4170926205397735 0.6757675330174809 0.17040219406510643; 0.0 0.0 0.0 0.2584618511301068 0.3482968628163008 0.17512948057087704 0.36478442014035034; 0.0 0.0 0.0 0.20458261314322246 0.23461051664392574 0.149102986411642 0.46481338579454323]
d: [0.21444756807969853, 0.15206454538627392, 0.10782781936021421]
comparison (CRT and Glb)on prediction: Dict{Bool, Int64}(0 => 3, 1 => 1)
Dataname	 time	 objv	 lb	 gap	 train_w	 train_g	 test_w	 test_g
/work_bgfs/n/navarrodelacruz/odt/optimal_decision_tree/augmented_datasets/small_toy/small_toy_678.small_toy	 30.6	 0.02371699664130933	 N/A	 N/A	 88.889	 33.333	 75.0	 50.0
