Running 2 processes.
Start training /work_bgfs/n/navarrodelacruz/odt/optimal_decision_tree/augmented_datasets/small_toy/small_toy_344.small_toy with seed 1.
Any[]
(2, 13)
(2, 6)
(2, 3)
(2, 4)
dimension: 2, class: 3
cart cost: 0.1
size of X: (2, 9)
Using method: Global linear DT optimization
Version identifier: 20.1.0.0 | 2020-11-10 | 9bedb6d68
CPXPARAM_Threads                                 1
CPXPARAM_TimeLimit                               1728000
Tried aggregator 1 time.
No LP presolve or aggregator reductions.
Presolve time = 0.00 sec. (0.14 ticks)
Initializing dual steep norms . . .

Iteration log . . .
Iteration:     1   Dual objective     =             0.000000
2×3 Matrix{Float64}:
 1.0  0.0  0.0
 0.0  1.0  0.0
3-element Vector{Float64}:
 0.6680180190466225
 0.4129263022396392
 0.0
3×7 Matrix{Float64}:
 0.0  0.0  0.0  1.0  0.0  0.0  0.0
 0.0  0.0  0.0  0.0  1.0  0.0  0.0
 0.0  0.0  0.0  0.0  0.0  0.0  1.0
3-element Vector{Float64}:
 1.0
 1.0
 0.0
2×3 Matrix{Float64}:
 0.0       0.0        0.196618
 0.196618  0.0892802  0.0
3-element Vector{Float64}:
 0.19661772911771008
 0.08928016890235752
 0.19661772911771008
3×7 Matrix{Float64}:
 0.0  0.0  0.0  0.718944  0.390598  0.478646  0.168922
 0.0  0.0  0.0  0.137714  0.293726  0.263144  0.378729
 0.0  0.0  0.0  0.143342  0.315676  0.258211  0.452349
3-element Vector{Float64}:
 0.19661772911771008
 0.08928016890235752
 0.19661772911771008
a: [0.0 0.0 0.19661772911771008; 0.1966177291177101 0.08928016890235752 0.0]
b: [0.19661772911771008, 0.08928016890235752, 0.19661772911771008]
c: [0.0 0.0 0.0 0.7189441100341547 0.390598049589923 0.4786459445662618 0.168921625993947; 0.0 0.0 0.0 0.13771361712081362 0.2937256639529496 0.2631435072784886 0.378729287280795; 0.0 0.0 0.0 0.14334227284503168 0.31567628645712736 0.2582105481552495 0.452349086725258]
d: [0.19661772911771008, 0.08928016890235752, 0.19661772911771008]
comparison (CRT and Glb)on prediction: Dict{Bool, Int64}(0 => 2, 1 => 2)
Dataname	 time	 objv	 lb	 gap	 train_w	 train_g	 test_w	 test_g
/work_bgfs/n/navarrodelacruz/odt/optimal_decision_tree/augmented_datasets/small_toy/small_toy_344.small_toy	 29.26	 0.024125781356888885	 N/A	 N/A	 100.0	 33.333	 50.0	 50.0
