Running 2 processes.
Start training /work_bgfs/n/navarrodelacruz/odt/optimal_decision_tree/augmented_datasets/small_toy/small_toy_937.small_toy with seed 1.
Any[]
(2, 13)
(2, 6)
(2, 3)
(2, 4)
dimension: 2, class: 3
cart cost: 0.15000000000000002
size of X: (2, 9)
Using method: Global linear DT optimization
Version identifier: 20.1.0.0 | 2020-11-10 | 9bedb6d68
CPXPARAM_Threads                                 1
CPXPARAM_TimeLimit                               1728000
Tried aggregator 1 time.
No LP presolve or aggregator reductions.
Presolve time = 0.00 sec. (0.14 ticks)
Initializing dual steep norms . . .

Iteration log . . .
Iteration:     1   Dual objective     =             0.000000
2×3 Matrix{Float64}:
 0.0  1.0  0.0
 1.0  0.0  1.0
3-element Vector{Float64}:
 0.37862312539435067
 0.7668522000226774
 0.6022204183856772
3×7 Matrix{Float64}:
 0.0  0.0  0.0  1.0  0.0  0.0  0.0
 0.0  0.0  0.0  0.0  0.0  1.0  0.0
 0.0  0.0  0.0  0.0  1.0  0.0  1.0
3-element Vector{Float64}:
 1.0
 1.0
 1.0
2×3 Matrix{Float64}:
 0.0       0.0       0.174272
 0.174272  0.115271  0.0
3-element Vector{Float64}:
 0.17427197422787197
 0.11527085108699064
 0.17427197422787197
3×7 Matrix{Float64}:
 0.0  0.0  0.0  0.627604  0.436993  0.494735  0.193276
 0.0  0.0  0.0  0.184095  0.278324  0.250625  0.347589
 0.0  0.0  0.0  0.188301  0.284683  0.25464   0.459135
3-element Vector{Float64}:
 0.17427197422787197
 0.11527085108699064
 0.17427197422787197
a: [0.0 0.0 0.17427197422787197; 0.17427197422787197 0.11527085108699064 0.0]
b: [0.17427197422787197, 0.11527085108699064, 0.17427197422787197]
c: [0.0 0.0 0.0 0.6276035244243734 0.43699323478500546 0.4947345250494644 0.19327613590321818; 0.0 0.0 0.0 0.18409525151352676 0.2783239875883918 0.25062499170031743 0.3475891379666406; 0.0 0.0 0.0 0.1883012240620998 0.28468277762660277 0.2546404832502182 0.4591347261301412]
d: [0.17427197422787197, 0.11527085108699064, 0.17427197422787197]
comparison (CRT and Glb)on prediction: Dict{Bool, Int64}(0 => 2, 1 => 2)
Dataname	 time	 objv	 lb	 gap	 train_w	 train_g	 test_w	 test_g
/work_bgfs/n/navarrodelacruz/odt/optimal_decision_tree/augmented_datasets/small_toy/small_toy_937.small_toy	 28.24	 0.023190739977136728	 N/A	 N/A	 100.0	 33.333	 50.0	 50.0
