Running 2 processes.
Start training /work_bgfs/n/navarrodelacruz/odt/optimal_decision_tree/augmented_datasets/small_toy/small_toy_35.small_toy with seed 1.
Any[]
(2, 13)
(2, 6)
(2, 3)
(2, 4)
dimension: 2, class: 3
cart cost: 2.7000000000000006
size of X: (2, 9)
Using method: Global linear DT optimization
Version identifier: 20.1.0.0 | 2020-11-10 | 9bedb6d68
CPXPARAM_Threads                                 1
CPXPARAM_TimeLimit                               1728000
Tried aggregator 1 time.
No LP presolve or aggregator reductions.
Presolve time = 0.00 sec. (0.14 ticks)
Initializing dual steep norms . . .

Iteration log . . .
Iteration:     1   Dual objective     =             0.000000
Iteration:    62   Dual objective     =             0.023404
2×3 Matrix{Float64}:
 1.0  0.0  0.0
 0.0  1.0  0.0
3-element Vector{Float64}:
 0.6611257473154932
 0.24413186868125908
 0.0
3×7 Matrix{Float64}:
 0.0  0.0  0.0  1.0  0.0  0.0  0.0
 0.0  0.0  0.0  0.0  1.0  0.0  0.0
 0.0  0.0  0.0  0.0  0.0  0.0  1.0
3-element Vector{Float64}:
 1.0
 1.0
 0.0
2×3 Matrix{Float64}:
 0.159961   0.0      0.0
 0.0137117  0.12841  0.173673
3-element Vector{Float64}:
 0.17367287349216365
 0.12841029011263422
 0.17367287349216354
3×7 Matrix{Float64}:
 0.0  0.0  0.0  0.243171  0.334906  0.583244  0.184772
 0.0  0.0  0.0  0.557166  0.28209   0.245115  0.3349
 0.0  0.0  0.0  0.199662  0.383004  0.171641  0.480328
3-element Vector{Float64}:
 0.17367287349216354
 0.12841029011263422
 0.17367287349216354
a: [0.1599611682457739 0.0 0.0; 0.013711705246389622 0.12841029011263422 0.17367287349216354]
b: [0.17367287349216365, 0.12841029011263422, 0.17367287349216354]
c: [0.0 0.0 0.0 0.24317133988078804 0.3349062387461677 0.5832444723201271 0.1847719535673242; 0.0 0.0 0.0 0.5571664212833487 0.2820899501150716 0.2451146696333911 0.3348996838160929; 0.0 0.0 0.0 0.19966223883586337 0.38300381113876075 0.17164085804648177 0.48032836261658285]
d: [0.17367287349216354, 0.12841029011263422, 0.17367287349216354]
comparison (CRT and Glb)on prediction: Dict{Bool, Int64}(0 => 2, 1 => 2)
Dataname	 time	 objv	 lb	 gap	 train_w	 train_g	 test_w	 test_g
/work_bgfs/n/navarrodelacruz/odt/optimal_decision_tree/augmented_datasets/small_toy/small_toy_35.small_toy	 31.99	 0.023787801854848068	 N/A	 N/A	 88.889	 33.333	 75.0	 25.0
