Running 2 processes.
Start training /work_bgfs/n/navarrodelacruz/odt/optimal_decision_tree/augmented_datasets/small_toy/small_toy_645.small_toy with seed 1.
Any[]
(2, 13)
(2, 6)
(2, 3)
(2, 4)
dimension: 2, class: 3
cart cost: 2.7500000000000004
size of X: (2, 9)
Using method: Global linear DT optimization
Version identifier: 20.1.0.0 | 2020-11-10 | 9bedb6d68
CPXPARAM_Threads                                 1
CPXPARAM_TimeLimit                               1728000
Tried aggregator 1 time.
No LP presolve or aggregator reductions.
Presolve time = 0.00 sec. (0.14 ticks)
Initializing dual steep norms . . .

Iteration log . . .
Iteration:     1   Dual objective     =             0.000000
2×3 Matrix{Float64}:
 0.0  0.0  1.0
 1.0  1.0  0.0
3-element Vector{Float64}:
 0.3339240776802651
 0.17784231807576764
 0.5832580218985846
3×7 Matrix{Float64}:
 0.0  0.0  0.0  1.0  0.0  0.0  0.0
 0.0  0.0  0.0  0.0  1.0  1.0  0.0
 0.0  0.0  0.0  0.0  0.0  0.0  1.0
3-element Vector{Float64}:
 1.0
 1.0
 1.0
2×3 Matrix{Float64}:
 0.149327   0.0       0.0
 0.0230747  0.120297  0.172402
3-element Vector{Float64}:
 0.17240166408964203
 0.12029721307408826
 0.17240166408964203
3×7 Matrix{Float64}:
 0.0  0.0  0.0  0.666087  0.332604  0.577811  0.182722
 0.0  0.0  0.0  0.171549  0.279021  0.250027  0.337178
 0.0  0.0  0.0  0.162364  0.388376  0.172162  0.4801
3-element Vector{Float64}:
 0.17240166408964203
 0.12029721307408826
 0.17240166408964203
a: [0.14932695863584355 0.0 0.0; 0.023074705453798472 0.12029721307408826 0.17240166408964203]
b: [0.17240166408964203, 0.12029721307408826, 0.17240166408964203]
c: [0.0 0.0 0.0 0.6660874812523689 0.33260364737272996 0.5778108602130595 0.18272171325416564; 0.0 0.0 0.0 0.1715487010780456 0.27902073854307097 0.2500272004646482 0.33717827030550174; 0.0 0.0 0.0 0.1623638176695854 0.3883756140841991 0.1721619393222923 0.4801000164403326]
d: [0.17240166408964203, 0.12029721307408826, 0.17240166408964203]
comparison (CRT and Glb)on prediction: Dict{Bool, Int64}(0 => 3, 1 => 1)
Dataname	 time	 objv	 lb	 gap	 train_w	 train_g	 test_w	 test_g
/work_bgfs/n/navarrodelacruz/odt/optimal_decision_tree/augmented_datasets/small_toy/small_toy_645.small_toy	 30.36	 0.023255027062668618	 N/A	 N/A	 88.889	 33.333	 75.0	 50.0
