Running 2 processes.
Start training /work_bgfs/n/navarrodelacruz/odt/optimal_decision_tree/augmented_datasets/small_toy/small_toy_452.small_toy with seed 1.
Any[]
(2, 13)
(2, 6)
(2, 3)
(2, 4)
dimension: 2, class: 3
cart cost: 0.15000000000000002
size of X: (2, 9)
Using method: Global linear DT optimization
Version identifier: 20.1.0.0 | 2020-11-10 | 9bedb6d68
CPXPARAM_Threads                                 1
CPXPARAM_TimeLimit                               1728000
Tried aggregator 1 time.
No LP presolve or aggregator reductions.
Presolve time = 0.00 sec. (0.14 ticks)
Initializing dual steep norms . . .

Iteration log . . .
Iteration:     1   Dual objective     =             0.000000
Iteration:    62   Dual objective     =             0.023396
2×3 Matrix{Float64}:
 1.0  1.0  0.0
 0.0  0.0  1.0
3-element Vector{Float64}:
 0.5925601569833858
 0.18221205970258803
 0.1644705145568491
3×7 Matrix{Float64}:
 0.0  0.0  0.0  1.0  0.0  1.0  0.0
 0.0  0.0  0.0  0.0  1.0  0.0  0.0
 0.0  0.0  0.0  0.0  0.0  0.0  1.0
3-element Vector{Float64}:
 1.0
 1.0
 1.0
2×3 Matrix{Float64}:
 0.0       0.156364  0.0169367
 0.220029  0.0       0.0745888
3-element Vector{Float64}:
 0.22002863107524306
 0.1563644908208045
 0.09152545595615114
3×7 Matrix{Float64}:
 0.0  0.0  0.0  0.560879  0.436936  0.740197  0.178813
 0.0  0.0  0.0  0.220654  0.298534  0.145917  0.355846
 0.0  0.0  0.0  0.218468  0.264531  0.113886  0.465341
3-element Vector{Float64}:
 0.22002863107524306
 0.1563644908208045
 0.09152545595615114
a: [0.0 0.1563644908208045 0.01693666569162436; 0.22002863107524306 0.0 0.07458879026452678]
b: [0.22002863107524306, 0.1563644908208045, 0.09152545595615114]
c: [0.0 0.0 0.0 0.5608785923657129 0.4369357258922833 0.7401974698999174 0.17881265184548986; 0.0 0.0 0.0 0.22065354468814546 0.29853365087740363 0.1459168285007466 0.3558461810717851; 0.0 0.0 0.0 0.21846786294614162 0.26453062323031307 0.11388570159933592 0.465341167082725]
d: [0.22002863107524306, 0.1563644908208045, 0.09152545595615114]
comparison (CRT and Glb)on prediction: Dict{Bool, Int64}(0 => 3, 1 => 1)
Dataname	 time	 objv	 lb	 gap	 train_w	 train_g	 test_w	 test_g
/work_bgfs/n/navarrodelacruz/odt/optimal_decision_tree/augmented_datasets/small_toy/small_toy_452.small_toy	 33.54	 0.023395928892609934	 N/A	 N/A	 100.0	 33.333	 75.0	 50.0
