Running 2 processes.
Start training /work_bgfs/n/navarrodelacruz/odt/optimal_decision_tree/augmented_datasets/small_toy/small_toy_536.small_toy with seed 1.
Any[]
(2, 13)
(2, 6)
(2, 3)
(2, 4)
dimension: 2, class: 3
cart cost: 2.7000000000000006
size of X: (2, 9)
Using method: Global linear DT optimization
Version identifier: 20.1.0.0 | 2020-11-10 | 9bedb6d68
CPXPARAM_Threads                                 1
CPXPARAM_TimeLimit                               1728000
Tried aggregator 1 time.
No LP presolve or aggregator reductions.
Presolve time = 0.24 sec. (0.14 ticks)
Initializing dual steep norms . . .

Iteration log . . .
Iteration:     1   Dual objective     =             0.000000
Iteration:    62   Dual objective     =             0.024587
2×3 Matrix{Float64}:
 0.0  0.0  1.0
 1.0  0.0  0.0
3-element Vector{Float64}:
 0.36724193277178363
 0.0
 0.8315693600712369
3×7 Matrix{Float64}:
 0.0  0.0  0.0  0.0  1.0  0.0  0.0
 0.0  0.0  0.0  0.0  0.0  1.0  0.0
 0.0  0.0  0.0  0.0  0.0  0.0  1.0
3-element Vector{Float64}:
 1.0
 0.0
 1.0
2×3 Matrix{Float64}:
 0.0       0.174736  0.0
 0.227516  0.0       0.089482
3-element Vector{Float64}:
 0.22751615016357607
 0.17473602676883096
 0.08948203681905204
3×7 Matrix{Float64}:
 0.0  0.0  0.0  0.553943  0.4278    0.728528  0.160862
 0.0  0.0  0.0  0.219629  0.291372  0.142359  0.381048
 0.0  0.0  0.0  0.226428  0.280827  0.129113  0.45809
3-element Vector{Float64}:
 0.22751615016357607
 0.17473602676883096
 0.08948203681905204
a: [0.0 0.17473602676883096 0.0; 0.22751615016357607 0.0 0.08948203681905204]
b: [0.22751615016357607, 0.17473602676883096, 0.08948203681905204]
c: [0.0 0.0 0.0 0.5539430967847876 0.4278003983433336 0.7285277970987402 0.1608623237251694; 0.0 0.0 0.0 0.21962878861511714 0.2913724989907029 0.1423589467160585 0.3810480182179943; 0.0 0.0 0.0 0.22642811460009532 0.2808271026659635 0.1291132561852013 0.4580896580568363]
d: [0.22751615016357607, 0.17473602676883096, 0.08948203681905204]
comparison (CRT and Glb)on prediction: Dict{Bool, Int64}(0 => 3, 1 => 1)
Dataname	 time	 objv	 lb	 gap	 train_w	 train_g	 test_w	 test_g
/work_bgfs/n/navarrodelacruz/odt/optimal_decision_tree/augmented_datasets/small_toy/small_toy_536.small_toy	 35.26	 0.024586710687572955	 N/A	 N/A	 88.889	 33.333	 75.0	 50.0
