Running 2 processes.
Start training /work_bgfs/n/navarrodelacruz/odt/optimal_decision_tree/augmented_datasets/small_toy/small_toy_926.small_toy with seed 1.
Any[]
(2, 13)
(2, 6)
(2, 3)
(2, 4)
dimension: 2, class: 3
cart cost: 0.1
size of X: (2, 9)
Using method: Global linear DT optimization
Version identifier: 20.1.0.0 | 2020-11-10 | 9bedb6d68
CPXPARAM_Threads                                 1
CPXPARAM_TimeLimit                               1728000
Tried aggregator 1 time.
No LP presolve or aggregator reductions.
Presolve time = 0.00 sec. (0.14 ticks)
Initializing dual steep norms . . .

Iteration log . . .
Iteration:     1   Dual objective     =             0.000000
Iteration:    62   Dual objective     =             0.024274
2×3 Matrix{Float64}:
 1.0  0.0  0.0
 0.0  1.0  0.0
3-element Vector{Float64}:
 0.6490609591271341
 0.39675090994824064
 0.0
3×7 Matrix{Float64}:
 0.0  0.0  0.0  1.0  0.0  0.0  0.0
 0.0  0.0  0.0  0.0  1.0  0.0  0.0
 0.0  0.0  0.0  0.0  0.0  0.0  1.0
3-element Vector{Float64}:
 1.0
 1.0
 0.0
2×3 Matrix{Float64}:
 0.0       0.149885   0.0
 0.240374  0.0368807  0.058335
3-element Vector{Float64}:
 0.240373817129447
 0.1867658329264969
 0.05833496785243958
3×7 Matrix{Float64}:
 0.0  0.0  0.0  0.358866  0.442997  0.836396   0.172316
 0.0  0.0  0.0  0.404222  0.314283  0.0907016  0.359002
 0.0  0.0  0.0  0.236911  0.24272   0.0729025  0.468682
3-element Vector{Float64}:
 0.240373817129447
 0.1867658329264969
 0.05833496785243958
a: [0.0 0.14988514729484756 0.0; 0.240373817129447 0.03688068563164934 0.05833496785243958]
b: [0.240373817129447, 0.1867658329264969, 0.05833496785243958]
c: [0.0 0.0 0.0 0.358866320578728 0.4429967242489635 0.836395875386958 0.1723156670027168; 0.0 0.0 0.0 0.4042222649987421 0.3142834403978819 0.0907015759539198 0.3590018586826887; 0.0 0.0 0.0 0.2369114144225299 0.24271983535315456 0.07290254865912216 0.4686824743145945]
d: [0.240373817129447, 0.1867658329264969, 0.05833496785243958]
comparison (CRT and Glb)on prediction: Dict{Bool, Int64}(0 => 4, 1 => 0)
Dataname	 time	 objv	 lb	 gap	 train_w	 train_g	 test_w	 test_g
/work_bgfs/n/navarrodelacruz/odt/optimal_decision_tree/augmented_datasets/small_toy/small_toy_926.small_toy	 32.75	 0.02427373089541917	 N/A	 N/A	 100.0	 0.0	 75.0	 0.0
