Running 2 processes.
Start training /work_bgfs/n/navarrodelacruz/odt/optimal_decision_tree/augmented_datasets/small_toy/small_toy_686.small_toy with seed 1.
Any[]
(2, 13)
(2, 6)
(2, 3)
(2, 4)
dimension: 2, class: 3
cart cost: 0.1
size of X: (2, 9)
Using method: Global linear DT optimization
Version identifier: 20.1.0.0 | 2020-11-10 | 9bedb6d68
CPXPARAM_Threads                                 1
CPXPARAM_TimeLimit                               1728000
Tried aggregator 1 time.
No LP presolve or aggregator reductions.
Presolve time = 0.00 sec. (0.14 ticks)
Initializing dual steep norms . . .

Iteration log . . .
Iteration:     1   Dual objective     =             0.000000
2×3 Matrix{Float64}:
 1.0  0.0  0.0
 0.0  1.0  0.0
3-element Vector{Float64}:
 0.6478650707358067
 0.38781174235573534
 0.0
3×7 Matrix{Float64}:
 0.0  0.0  0.0  1.0  0.0  0.0  0.0
 0.0  0.0  0.0  0.0  1.0  0.0  0.0
 0.0  0.0  0.0  0.0  0.0  0.0  1.0
3-element Vector{Float64}:
 1.0
 1.0
 0.0
2×3 Matrix{Float64}:
 0.0       0.0       0.171038
 0.171038  0.136195  0.0
3-element Vector{Float64}:
 0.17103778303035727
 0.1361948065585267
 0.17103778303035727
3×7 Matrix{Float64}:
 0.0  0.0  0.0  0.561613  0.44946   0.536069  0.171194
 0.0  0.0  0.0  0.214657  0.269573  0.237037  0.361194
 0.0  0.0  0.0  0.22373   0.280967  0.226894  0.467612
3-element Vector{Float64}:
 0.17103778303035727
 0.1361948065585267
 0.17103778303035727
a: [0.0 0.0 0.17103778303035727; 0.17103778303035727 0.1361948065585267 0.0]
b: [0.17103778303035727, 0.1361948065585267, 0.17103778303035727]
c: [0.0 0.0 0.0 0.5616134561443763 0.4494601926015066 0.5360688450548623 0.1711943513703042; 0.0 0.0 0.0 0.21465660823333052 0.26957261670082544 0.2370373673739767 0.3611939373260343; 0.0 0.0 0.0 0.22372993562229315 0.28096719069766796 0.226893787571161 0.46761171130366147]
d: [0.17103778303035727, 0.1361948065585267, 0.17103778303035727]
comparison (CRT and Glb)on prediction: Dict{Bool, Int64}(0 => 2, 1 => 2)
Dataname	 time	 objv	 lb	 gap	 train_w	 train_g	 test_w	 test_g
/work_bgfs/n/navarrodelacruz/odt/optimal_decision_tree/augmented_datasets/small_toy/small_toy_686.small_toy	 31.13	 0.02391351863096207	 N/A	 N/A	 100.0	 33.333	 50.0	 50.0
