Running 2 processes.
Start training /work_bgfs/n/navarrodelacruz/odt/optimal_decision_tree/augmented_datasets/small_toy/small_toy_142.small_toy with seed 1.
Any[]
(2, 13)
(2, 6)
(2, 3)
(2, 4)
dimension: 2, class: 3
cart cost: 2.7000000000000006
size of X: (2, 9)
Using method: Global linear DT optimization
Version identifier: 20.1.0.0 | 2020-11-10 | 9bedb6d68
CPXPARAM_Threads                                 1
CPXPARAM_TimeLimit                               1728000
Tried aggregator 1 time.
No LP presolve or aggregator reductions.
Presolve time = 0.00 sec. (0.14 ticks)
Initializing dual steep norms . . .

Iteration log . . .
Iteration:     1   Dual objective     =             0.000000
Iteration:    62   Dual objective     =             0.024409
2×3 Matrix{Float64}:
 0.0  0.0  1.0
 1.0  0.0  0.0
3-element Vector{Float64}:
 0.38712571515873595
 0.0
 0.7811814654976712
3×7 Matrix{Float64}:
 0.0  0.0  0.0  0.0  1.0  0.0  0.0
 0.0  0.0  0.0  0.0  0.0  1.0  0.0
 0.0  0.0  0.0  0.0  0.0  0.0  1.0
3-element Vector{Float64}:
 1.0
 0.0
 1.0
2×3 Matrix{Float64}:
 0.0      0.171579  0.0125762
 0.23231  0.0       0.0717063
3-element Vector{Float64}:
 0.23231043123290712
 0.17157933849338855
 0.08428248971656155
3×7 Matrix{Float64}:
 0.0  0.0  0.0  0.49294   0.447076  0.746643  0.16075
 0.0  0.0  0.0  0.277261  0.283096  0.129726  0.386623
 0.0  0.0  0.0  0.229799  0.269829  0.123631  0.452627
3-element Vector{Float64}:
 0.23231043123290712
 0.17157933849338855
 0.08428248971656153
a: [0.0 0.17157933849338855 0.012576159886646815; 0.23231043123290712 0.0 0.07170632982991472]
b: [0.23231043123290712, 0.17157933849338855, 0.08428248971656155]
c: [0.0 0.0 0.0 0.49294031607930283 0.4470756053057382 0.7466429837681454 0.16075012163696406; 0.0 0.0 0.0 0.2772605869173959 0.2830956321510322 0.12972612620240348 0.3866227014137066; 0.0 0.0 0.0 0.2297990970033013 0.2698287625432296 0.12363089002945116 0.4526271769493294]
d: [0.23231043123290712, 0.17157933849338855, 0.08428248971656153]
comparison (CRT and Glb)on prediction: Dict{Bool, Int64}(0 => 4, 1 => 0)
Dataname	 time	 objv	 lb	 gap	 train_w	 train_g	 test_w	 test_g
/work_bgfs/n/navarrodelacruz/odt/optimal_decision_tree/augmented_datasets/small_toy/small_toy_142.small_toy	 34.08	 0.024408612972142855	 N/A	 N/A	 88.889	 0.0	 75.0	 0.0
