Running 2 processes.
Start training /work_bgfs/n/navarrodelacruz/odt/optimal_decision_tree/augmented_datasets/small_toy/small_toy_224.small_toy with seed 1.
Any[]
(2, 13)
(2, 6)
(2, 3)
(2, 4)
dimension: 2, class: 3
cart cost: 5.349999999999999
size of X: (2, 9)
Using method: Global linear DT optimization
Version identifier: 20.1.0.0 | 2020-11-10 | 9bedb6d68
CPXPARAM_Threads                                 1
CPXPARAM_TimeLimit                               1728000
Tried aggregator 1 time.
No LP presolve or aggregator reductions.
Presolve time = 0.00 sec. (0.14 ticks)
Initializing dual steep norms . . .

Iteration log . . .
Iteration:     1   Dual objective     =             0.000000
Iteration:    62   Dual objective     =             0.023673
2×3 Matrix{Float64}:
 0.0  0.0  1.0
 1.0  1.0  0.0
3-element Vector{Float64}:
 0.3284683513983142
 0.20104003504480783
 0.859194511963917
3×7 Matrix{Float64}:
 0.0  0.0  0.0  1.0  0.0  0.0  0.0
 0.0  0.0  0.0  0.0  1.0  1.0  0.0
 0.0  0.0  0.0  0.0  0.0  0.0  1.0
3-element Vector{Float64}:
 1.0
 1.0
 1.0
2×3 Matrix{Float64}:
 0.0       0.0887975  0.0
 0.217912  0.111033   0.0557257
3-element Vector{Float64}:
 0.21791179194516344
 0.19983019782533346
 0.055725665611467134
3×7 Matrix{Float64}:
 0.0  0.0  0.0  0.492331  0.403615  0.844771   0.17929
 0.0  0.0  0.0  0.268415  0.305624  0.0951425  0.350725
 0.0  0.0  0.0  0.239254  0.290761  0.0600864  0.469985
3-element Vector{Float64}:
 0.21791179194516344
 0.19983019782533346
 0.055725665611467134
a: [0.0 0.08879747080984415 0.0; 0.21791179194516344 0.1110327270154893 0.055725665611467134]
b: [0.21791179194516344, 0.19983019782533346, 0.055725665611467134]
c: [0.0 0.0 0.0 0.4923313372189979 0.40361496517335455 0.8447710811169731 0.17928990214792542; 0.0 0.0 0.0 0.2684150283026616 0.3056236124898493 0.09514248429878432 0.3507251546672112; 0.0 0.0 0.0 0.23925363447834044 0.29076142233679614 0.060086434584242565 0.4699849431848635]
d: [0.21791179194516344, 0.19983019782533346, 0.055725665611467134]
comparison (CRT and Glb)on prediction: Dict{Bool, Int64}(0 => 4, 1 => 0)
Dataname	 time	 objv	 lb	 gap	 train_w	 train_g	 test_w	 test_g
/work_bgfs/n/navarrodelacruz/odt/optimal_decision_tree/augmented_datasets/small_toy/small_toy_224.small_toy	 28.21	 0.023673382769098188	 N/A	 N/A	 77.778	 0.0	 75.0	 0.0
