Running 2 processes.
Start training /work_bgfs/n/navarrodelacruz/odt/optimal_decision_tree/augmented_datasets/small_toy/small_toy_696.small_toy with seed 1.
Any[]
(2, 13)
(2, 6)
(2, 3)
(2, 4)
dimension: 2, class: 3
cart cost: 2.7000000000000006
size of X: (2, 9)
Using method: Global linear DT optimization
Version identifier: 20.1.0.0 | 2020-11-10 | 9bedb6d68
CPXPARAM_Threads                                 1
CPXPARAM_TimeLimit                               1728000
Tried aggregator 1 time.
No LP presolve or aggregator reductions.
Presolve time = 0.00 sec. (0.14 ticks)
Initializing dual steep norms . . .

Iteration log . . .
Iteration:     1   Dual objective     =             0.000000
Iteration:    62   Dual objective     =             0.024009
2×3 Matrix{Float64}:
 1.0  0.0  0.0
 0.0  1.0  0.0
3-element Vector{Float64}:
 0.6524812641016374
 0.24354849106023402
 0.0
3×7 Matrix{Float64}:
 0.0  0.0  0.0  1.0  0.0  0.0  0.0
 0.0  0.0  0.0  0.0  1.0  0.0  0.0
 0.0  0.0  0.0  0.0  0.0  0.0  1.0
3-element Vector{Float64}:
 1.0
 1.0
 0.0
2×3 Matrix{Float64}:
 0.0       0.0        0.201948
 0.201948  0.0762792  0.0
3-element Vector{Float64}:
 0.20194806646682914
 0.0762792283380308
 0.20194806646682914
3×7 Matrix{Float64}:
 0.0  0.0  0.0  0.764469  0.40036   0.457861  0.172317
 0.0  0.0  0.0  0.121444  0.321521  0.274236  0.372407
 0.0  0.0  0.0  0.114087  0.278119  0.267902  0.455276
3-element Vector{Float64}:
 0.20194806646682914
 0.0762792283380308
 0.20194806646682914
a: [0.0 0.0 0.20194806646682914; 0.20194806646682914 0.0762792283380308 0.0]
b: [0.20194806646682914, 0.0762792283380308, 0.20194806646682914]
c: [0.0 0.0 0.0 0.7644690102732606 0.40035983793864 0.45786141735852115 0.17231703520370056; 0.0 0.0 0.0 0.12144393087667604 0.3215209115120047 0.27423637072192275 0.37240727060466916; 0.0 0.0 0.0 0.11408705885006332 0.2781192505493554 0.2679022119195561 0.45527569419163033]
d: [0.20194806646682914, 0.0762792283380308, 0.20194806646682914]
comparison (CRT and Glb)on prediction: Dict{Bool, Int64}(0 => 3, 1 => 1)
Dataname	 time	 objv	 lb	 gap	 train_w	 train_g	 test_w	 test_g
/work_bgfs/n/navarrodelacruz/odt/optimal_decision_tree/augmented_datasets/small_toy/small_toy_696.small_toy	 33.32	 0.024008768063584453	 N/A	 N/A	 88.889	 33.333	 75.0	 50.0
