Running 2 processes.
Start training /work_bgfs/n/navarrodelacruz/odt/optimal_decision_tree/augmented_datasets/small_toy/small_toy_77.small_toy with seed 1.
Any[]
(2, 13)
(2, 6)
(2, 3)
(2, 4)
dimension: 2, class: 3
cart cost: 5.349999999999999
size of X: (2, 9)
Using method: Global linear DT optimization
Version identifier: 20.1.0.0 | 2020-11-10 | 9bedb6d68
CPXPARAM_Threads                                 1
CPXPARAM_TimeLimit                               1728000
Tried aggregator 1 time.
No LP presolve or aggregator reductions.
Presolve time = 0.00 sec. (0.14 ticks)
Initializing dual steep norms . . .

Iteration log . . .
Iteration:     1   Dual objective     =             0.000000
Iteration:    62   Dual objective     =             0.024679
2×3 Matrix{Float64}:
 1.0  0.0  1.0
 0.0  1.0  0.0
3-element Vector{Float64}:
 0.675313467517587
 0.19711408728036253
 0.785655331699262
3×7 Matrix{Float64}:
 0.0  0.0  0.0  1.0  0.0  0.0  0.0
 0.0  0.0  0.0  0.0  1.0  1.0  0.0
 0.0  0.0  0.0  0.0  0.0  0.0  1.0
3-element Vector{Float64}:
 1.0
 1.0
 1.0
2×3 Matrix{Float64}:
 0.0       0.0       0.161503
 0.190471  0.141609  0.0
3-element Vector{Float64}:
 0.1904708634360053
 0.1416089159439488
 0.1615029410134637
3×7 Matrix{Float64}:
 0.0  0.0  0.0  0.281148  0.378158  0.57524   0.155746
 0.0  0.0  0.0  0.494552  0.320147  0.215082  0.385826
 0.0  0.0  0.0  0.2243    0.301695  0.209679  0.458428
3-element Vector{Float64}:
 0.1904708634360053
 0.1416089159439488
 0.1615029410134637
a: [0.0 0.0 0.1615029410134637; 0.1904708634360053 0.1416089159439488 0.0]
b: [0.1904708634360053, 0.1416089159439488, 0.1615029410134637]
c: [0.0 0.0 0.0 0.2811481500992243 0.3781579044361237 0.5752396473765568 0.15574610093394187; 0.0 0.0 0.0 0.49455150137122733 0.32014724274591994 0.21508174065750327 0.38582630593000683; 0.0 0.0 0.0 0.22430034852954833 0.30169485281795644 0.20967861196593995 0.45842759313605136]
d: [0.1904708634360053, 0.1416089159439488, 0.1615029410134637]
comparison (CRT and Glb)on prediction: Dict{Bool, Int64}(0 => 4, 1 => 0)
Dataname	 time	 objv	 lb	 gap	 train_w	 train_g	 test_w	 test_g
/work_bgfs/n/navarrodelacruz/odt/optimal_decision_tree/augmented_datasets/small_toy/small_toy_77.small_toy	 27.52	 0.024679136019670887	 N/A	 N/A	 77.778	 0.0	 75.0	 0.0
