Running 2 processes.
Start training /work_bgfs/n/navarrodelacruz/odt/optimal_decision_tree/augmented_datasets/small_toy/small_toy_97.small_toy with seed 1.
Any[]
(2, 13)
(2, 6)
(2, 3)
(2, 4)
dimension: 2, class: 3
cart cost: 2.7500000000000004
size of X: (2, 9)
Using method: Global linear DT optimization
Version identifier: 20.1.0.0 | 2020-11-10 | 9bedb6d68
CPXPARAM_Threads                                 1
CPXPARAM_TimeLimit                               1728000
Tried aggregator 1 time.
No LP presolve or aggregator reductions.
Presolve time = 0.00 sec. (0.14 ticks)
Initializing dual steep norms . . .

Iteration log . . .
Iteration:     1   Dual objective     =             0.000000
Iteration:    62   Dual objective     =             0.023883
2×3 Matrix{Float64}:
 1.0  0.0  1.0
 0.0  1.0  0.0
3-element Vector{Float64}:
 0.6226442473640854
 0.4588427620529967
 0.8224781796979594
3×7 Matrix{Float64}:
 0.0  0.0  0.0  1.0  0.0  0.0  0.0
 0.0  0.0  0.0  0.0  1.0  1.0  0.0
 0.0  0.0  0.0  0.0  0.0  0.0  1.0
3-element Vector{Float64}:
 1.0
 1.0
 1.0
2×3 Matrix{Float64}:
 0.0       0.153192   0.0
 0.226801  0.0211302  0.0765328
3-element Vector{Float64}:
 0.22680146744371635
 0.17432227681187767
 0.07653283676861175
3×7 Matrix{Float64}:
 0.0  0.0  0.0  0.528927  0.448241  0.776512  0.167204
 0.0  0.0  0.0  0.243107  0.299405  0.12336   0.365652
 0.0  0.0  0.0  0.227965  0.252354  0.100128  0.467144
3-element Vector{Float64}:
 0.22680146744371635
 0.17432227681187767
 0.07653283676861175
a: [0.0 0.153192053791208 0.0; 0.22680146744371635 0.021130223020669664 0.07653283676861175]
b: [0.22680146744371635, 0.17432227681187767, 0.07653283676861175]
c: [0.0 0.0 0.0 0.528927415663696 0.4482410768145508 0.7765122492145726 0.16720381198555162; 0.0 0.0 0.0 0.243107229071312 0.2994053525692228 0.12335981895389989 0.365652482492534; 0.0 0.0 0.0 0.22796535526499198 0.25235357061622643 0.10012793183152746 0.4671437055219143]
d: [0.22680146744371635, 0.17432227681187767, 0.07653283676861175]
comparison (CRT and Glb)on prediction: Dict{Bool, Int64}(0 => 2, 1 => 2)
Dataname	 time	 objv	 lb	 gap	 train_w	 train_g	 test_w	 test_g
/work_bgfs/n/navarrodelacruz/odt/optimal_decision_tree/augmented_datasets/small_toy/small_toy_97.small_toy	 31.41	 0.02388282905121029	 N/A	 N/A	 88.889	 33.333	 50.0	 50.0
