Running 2 processes.
Start training /work_bgfs/n/navarrodelacruz/odt/optimal_decision_tree/augmented_datasets/small_toy/small_toy_173.small_toy with seed 1.
Any[]
(2, 13)
(2, 6)
(2, 3)
(2, 4)
dimension: 2, class: 3
cart cost: 5.349999999999999
size of X: (2, 9)
Using method: Global linear DT optimization
Version identifier: 20.1.0.0 | 2020-11-10 | 9bedb6d68
CPXPARAM_Threads                                 1
CPXPARAM_TimeLimit                               1728000
Tried aggregator 1 time.
No LP presolve or aggregator reductions.
Presolve time = 0.00 sec. (0.14 ticks)
Initializing dual steep norms . . .

Iteration log . . .
Iteration:     1   Dual objective     =             0.000000
Iteration:    62   Dual objective     =             0.023687
2×3 Matrix{Float64}:
 0.0  0.0  1.0
 1.0  1.0  0.0
3-element Vector{Float64}:
 0.36705761156038846
 0.23683833396799836
 0.7982711345274611
3×7 Matrix{Float64}:
 0.0  0.0  0.0  1.0  0.0  0.0  0.0
 0.0  0.0  0.0  0.0  1.0  1.0  0.0
 0.0  0.0  0.0  0.0  0.0  0.0  1.0
3-element Vector{Float64}:
 1.0
 1.0
 1.0
2×3 Matrix{Float64}:
 0.142161   0.0       0.0
 0.0320056  0.126013  0.174166
3-element Vector{Float64}:
 0.17416644404851825
 0.1260126645931279
 0.17416644404851822
3×7 Matrix{Float64}:
 0.0  0.0  0.0  0.243455  0.33456   0.476319  0.176603
 0.0  0.0  0.0  0.206375  0.281021  0.240146  0.349769
 0.0  0.0  0.0  0.55017   0.384419  0.283535  0.473628
3-element Vector{Float64}:
 0.17416644404851822
 0.1260126645931279
 0.17416644404851822
a: [0.14216088504208316 0.0 0.0; 0.03200555900643512 0.1260126645931279 0.17416644404851822]
b: [0.17416644404851825, 0.1260126645931279, 0.17416644404851822]
c: [0.0 0.0 0.0 0.24345487756149442 0.33455992843869264 0.47631910131667793 0.1766028731667137; 0.0 0.0 0.0 0.20637528839276814 0.28102128975721397 0.24014637012670365 0.34976867805125406; 0.0 0.0 0.0 0.5501698340457375 0.3844187818040934 0.28353452855661837 0.4736284487820322]
d: [0.17416644404851822, 0.1260126645931279, 0.17416644404851822]
comparison (CRT and Glb)on prediction: Dict{Bool, Int64}(0 => 3, 1 => 1)
Dataname	 time	 objv	 lb	 gap	 train_w	 train_g	 test_w	 test_g
/work_bgfs/n/navarrodelacruz/odt/optimal_decision_tree/augmented_datasets/small_toy/small_toy_173.small_toy	 29.36	 0.02371727763450822	 N/A	 N/A	 77.778	 22.222	 75.0	 25.0
