Running 2 processes.
Start training /work_bgfs/n/navarrodelacruz/odt/optimal_decision_tree/augmented_datasets/small_toy/small_toy_81.small_toy with seed 1.
Any[]
(2, 13)
(2, 6)
(2, 3)
(2, 4)
dimension: 2, class: 3
cart cost: 2.7500000000000004
size of X: (2, 9)
Using method: Global linear DT optimization
Version identifier: 20.1.0.0 | 2020-11-10 | 9bedb6d68
CPXPARAM_Threads                                 1
CPXPARAM_TimeLimit                               1728000
Tried aggregator 1 time.
No LP presolve or aggregator reductions.
Presolve time = 0.00 sec. (0.14 ticks)
Initializing dual steep norms . . .

Iteration log . . .
Iteration:     1   Dual objective     =             0.000000
Iteration:    62   Dual objective     =             0.021561
2×3 Matrix{Float64}:
 1.0  0.0  1.0
 0.0  1.0  0.0
3-element Vector{Float64}:
 0.6124563487657768
 0.5059000192504148
 0.7884948175727979
3×7 Matrix{Float64}:
 0.0  0.0  0.0  1.0  0.0  0.0  0.0
 0.0  0.0  0.0  0.0  1.0  1.0  0.0
 0.0  0.0  0.0  0.0  0.0  0.0  1.0
3-element Vector{Float64}:
 1.0
 1.0
 1.0
2×3 Matrix{Float64}:
 0.0       0.0       0.166272
 0.166272  0.135226  0.0
3-element Vector{Float64}:
 0.16627197007073544
 0.13522593548595882
 0.16627197007073544
3×7 Matrix{Float64}:
 0.0  0.0  0.0  0.549817  0.328798  0.498555  0.180961
 0.0  0.0  0.0  0.229293  0.455768  0.278471  0.363317
 0.0  0.0  0.0  0.22089   0.215434  0.222974  0.455722
3-element Vector{Float64}:
 0.16627197007073544
 0.13522593548595882
 0.16627197007073544
a: [0.0 0.0 0.16627197007073544; 0.16627197007073544 0.13522593548595882 0.0]
b: [0.16627197007073544, 0.13522593548595882, 0.16627197007073544]
c: [0.0 0.0 0.0 0.549817076750029 0.3287984269617217 0.49855494786721943 0.18096100742266458; 0.0 0.0 0.0 0.22929270377825084 0.45576775494994304 0.2784712589906394 0.3633167319494029; 0.0 0.0 0.0 0.22089021947172016 0.21543381808833528 0.22297379314214116 0.4557222606279325]
d: [0.16627197007073544, 0.13522593548595882, 0.16627197007073544]
comparison (CRT and Glb)on prediction: Dict{Bool, Int64}(0 => 2, 1 => 2)
Dataname	 time	 objv	 lb	 gap	 train_w	 train_g	 test_w	 test_g
/work_bgfs/n/navarrodelacruz/odt/optimal_decision_tree/augmented_datasets/small_toy/small_toy_81.small_toy	 36.32	 0.02338849378137149	 N/A	 N/A	 88.889	 33.333	 50.0	 50.0
