Running 2 processes.
Start training /work_bgfs/n/navarrodelacruz/odt/optimal_decision_tree/augmented_datasets/small_toy/small_toy_184.small_toy with seed 1.
Any[]
(2, 13)
(2, 6)
(2, 3)
(2, 4)
dimension: 2, class: 3
cart cost: 2.7000000000000006
size of X: (2, 9)
Using method: Global linear DT optimization
Version identifier: 20.1.0.0 | 2020-11-10 | 9bedb6d68
CPXPARAM_Threads                                 1
CPXPARAM_TimeLimit                               1728000
Tried aggregator 1 time.
No LP presolve or aggregator reductions.
Presolve time = 0.00 sec. (0.14 ticks)
Initializing dual steep norms . . .

Iteration log . . .
Iteration:     1   Dual objective     =             0.000000
Iteration:    62   Dual objective     =             0.023440
2×3 Matrix{Float64}:
 0.0  0.0  1.0
 1.0  0.0  0.0
3-element Vector{Float64}:
 0.3381976368024031
 0.0
 0.5897277081775816
3×7 Matrix{Float64}:
 0.0  0.0  0.0  0.0  1.0  0.0  0.0
 0.0  0.0  0.0  0.0  0.0  1.0  0.0
 0.0  0.0  0.0  0.0  0.0  0.0  1.0
3-element Vector{Float64}:
 1.0
 0.0
 1.0
2×3 Matrix{Float64}:
 0.0       0.1576  0.0326223
 0.220642  0.0     0.0579383
3-element Vector{Float64}:
 0.22064209297350346
 0.1576003436858235
 0.09056058689916317
3×7 Matrix{Float64}:
 0.0  0.0  0.0  0.560136  0.437439  0.749021  0.174313
 0.0  0.0  0.0  0.220757  0.29048   0.137907  0.36679
 0.0  0.0  0.0  0.219107  0.272081  0.113072  0.458897
3-element Vector{Float64}:
 0.22064209297350346
 0.1576003436858235
 0.09056058689916317
a: [0.0 0.1576003436858235 0.03262226557416986; 0.22064209297350346 0.0 0.05793832132499331]
b: [0.22064209297350346, 0.1576003436858235, 0.09056058689916317]
c: [0.0 0.0 0.0 0.5601357171724368 0.4374388036507868 0.7490212585194287 0.1743129881315082; 0.0 0.0 0.0 0.22075725032413895 0.2904802473197996 0.13790676325861662 0.3667900649849688; 0.0 0.0 0.0 0.21910703250342423 0.2720809490294136 0.11307197822195464 0.458896946883523]
d: [0.22064209297350346, 0.1576003436858235, 0.09056058689916317]
comparison (CRT and Glb)on prediction: Dict{Bool, Int64}(0 => 3, 1 => 1)
Dataname	 time	 objv	 lb	 gap	 train_w	 train_g	 test_w	 test_g
/work_bgfs/n/navarrodelacruz/odt/optimal_decision_tree/augmented_datasets/small_toy/small_toy_184.small_toy	 34.44	 0.02344015117792451	 N/A	 N/A	 88.889	 33.333	 75.0	 50.0
