Running 2 processes.
Start training /work_bgfs/n/navarrodelacruz/odt/optimal_decision_tree/augmented_datasets/small_toy/small_toy_935.small_toy with seed 1.
Any[]
(2, 13)
(2, 6)
(2, 3)
(2, 4)
dimension: 2, class: 3
cart cost: 2.7000000000000006
size of X: (2, 9)
Using method: Global linear DT optimization
Version identifier: 20.1.0.0 | 2020-11-10 | 9bedb6d68
CPXPARAM_Threads                                 1
CPXPARAM_TimeLimit                               1728000
Tried aggregator 1 time.
No LP presolve or aggregator reductions.
Presolve time = 0.00 sec. (0.14 ticks)
Initializing dual steep norms . . .

Iteration log . . .
Iteration:     1   Dual objective     =             0.000000
Iteration:    62   Dual objective     =             0.023592
2×3 Matrix{Float64}:
 0.0  0.0  0.0
 1.0  0.0  1.0
3-element Vector{Float64}:
 0.24801960792080852
 0.0
 0.649633218961627
3×7 Matrix{Float64}:
 0.0  0.0  0.0  0.0  1.0  0.0  0.0
 0.0  0.0  0.0  0.0  0.0  1.0  0.0
 0.0  0.0  0.0  0.0  0.0  0.0  1.0
3-element Vector{Float64}:
 1.0
 0.0
 1.0
2×3 Matrix{Float64}:
 0.0       0.115757  0.0
 0.216348  0.054712  0.085029
3-element Vector{Float64}:
 0.21634761089711335
 0.1704688687779815
 0.0850290163287828
3×7 Matrix{Float64}:
 0.0  0.0  0.0  0.50906   0.424725  0.78216   0.143651
 0.0  0.0  0.0  0.278578  0.362913  0.114299  0.364536
 0.0  0.0  0.0  0.212362  0.212362  0.10354   0.491812
3-element Vector{Float64}:
 0.21634761089711335
 0.1704688687779815
 0.0850290163287828
a: [0.0 0.1157568573592686 0.0; 0.21634761089711335 0.0547120114187129 0.0850290163287828]
b: [0.21634761089711335, 0.1704688687779815, 0.0850290163287828]
c: [0.0 0.0 0.0 0.5090600472243508 0.42472481631143805 0.782160241186245 0.1436512441372157; 0.0 0.0 0.0 0.2785775446199301 0.362912775532843 0.1142992640531606 0.3645363226793781; 0.0 0.0 0.0 0.21236240815571905 0.21236240815571894 0.10354049476059435 0.4918124331834062]
d: [0.21634761089711335, 0.1704688687779815, 0.0850290163287828]
comparison (CRT and Glb)on prediction: Dict{Bool, Int64}(0 => 3, 1 => 1)
Dataname	 time	 objv	 lb	 gap	 train_w	 train_g	 test_w	 test_g
/work_bgfs/n/navarrodelacruz/odt/optimal_decision_tree/augmented_datasets/small_toy/small_toy_935.small_toy	 72.14	 0.02359227480019388	 N/A	 N/A	 88.889	 33.333	 75.0	 50.0
