Running 2 processes.
Start training /work_bgfs/n/navarrodelacruz/odt/optimal_decision_tree/augmented_datasets/small_toy/small_toy_552.small_toy with seed 1.
Any[]
(2, 13)
(2, 6)
(2, 3)
(2, 4)
dimension: 2, class: 3
cart cost: 2.7500000000000004
size of X: (2, 9)
Using method: Global linear DT optimization
Version identifier: 20.1.0.0 | 2020-11-10 | 9bedb6d68
CPXPARAM_Threads                                 1
CPXPARAM_TimeLimit                               1728000
Tried aggregator 1 time.
No LP presolve or aggregator reductions.
Presolve time = 0.00 sec. (0.14 ticks)
Initializing dual steep norms . . .

Iteration log . . .
Iteration:     1   Dual objective     =             0.000000
Iteration:    62   Dual objective     =             0.024838
2×3 Matrix{Float64}:
 1.0  0.0  1.0
 0.0  1.0  0.0
3-element Vector{Float64}:
 0.5845239150762093
 0.5611667436263608
 0.7899942054180314
3×7 Matrix{Float64}:
 0.0  0.0  0.0  1.0  0.0  0.0  0.0
 0.0  0.0  0.0  0.0  1.0  1.0  0.0
 0.0  0.0  0.0  0.0  0.0  0.0  1.0
3-element Vector{Float64}:
 1.0
 1.0
 1.0
2×3 Matrix{Float64}:
 0.0       0.171252  0.0
 0.235509  0.0       0.0900087
3-element Vector{Float64}:
 0.23550898710868168
 0.1712516566778861
 0.0900087337344202
3×7 Matrix{Float64}:
 0.0  0.0  0.0  0.551412  0.438008  0.739111  0.158647
 0.0  0.0  0.0  0.2197    0.293945  0.138796  0.386606
 0.0  0.0  0.0  0.228887  0.268047  0.122092  0.454747
3-element Vector{Float64}:
 0.23550898710868168
 0.1712516566778861
 0.0900087337344202
a: [0.0 0.1712516566778861 0.0; 0.23550898710868168 0.0 0.0900087337344202]
b: [0.23550898710868168, 0.1712516566778861, 0.0900087337344202]
c: [0.0 0.0 0.0 0.5514124186924266 0.4380083216447978 0.7391113026099512 0.15864694610667507; 0.0 0.0 0.0 0.21970027126383918 0.29394456361954374 0.13879626474968942 0.3866056814990666; 0.0 0.0 0.0 0.22888731004373417 0.2680471147356584 0.1220924326403594 0.45474737239425833]
d: [0.23550898710868168, 0.1712516566778861, 0.0900087337344202]
comparison (CRT and Glb)on prediction: Dict{Bool, Int64}(0 => 2, 1 => 2)
Dataname	 time	 objv	 lb	 gap	 train_w	 train_g	 test_w	 test_g
/work_bgfs/n/navarrodelacruz/odt/optimal_decision_tree/augmented_datasets/small_toy/small_toy_552.small_toy	 27.99	 0.024838468876049402	 N/A	 N/A	 88.889	 33.333	 50.0	 50.0
