Running 2 processes.
Start training /work_bgfs/n/navarrodelacruz/odt/optimal_decision_tree/augmented_datasets/small_toy/small_toy_376.small_toy with seed 1.
Any[]
(2, 13)
(2, 6)
(2, 3)
(2, 4)
dimension: 2, class: 3
cart cost: 2.7500000000000004
size of X: (2, 9)
Using method: Global linear DT optimization
Version identifier: 20.1.0.0 | 2020-11-10 | 9bedb6d68
CPXPARAM_Threads                                 1
CPXPARAM_TimeLimit                               1728000
Tried aggregator 1 time.
No LP presolve or aggregator reductions.
Presolve time = 0.00 sec. (0.14 ticks)
Initializing dual steep norms . . .

Iteration log . . .
Iteration:     1   Dual objective     =             0.000000
Iteration:    62   Dual objective     =             0.024508
2×3 Matrix{Float64}:
 1.0  0.0  1.0
 0.0  1.0  0.0
3-element Vector{Float64}:
 0.6476963095765425
 0.43570972318492757
 0.7868380317379455
3×7 Matrix{Float64}:
 0.0  0.0  0.0  1.0  0.0  0.0  0.0
 0.0  0.0  0.0  0.0  1.0  1.0  0.0
 0.0  0.0  0.0  0.0  0.0  0.0  1.0
3-element Vector{Float64}:
 1.0
 1.0
 1.0
2×3 Matrix{Float64}:
 0.0       0.135452   0.0
 0.212006  0.0298908  0.112817
3-element Vector{Float64}:
 0.21200573283534735
 0.16534270997290063
 0.11281700882068724
3×7 Matrix{Float64}:
 0.0  0.0  0.0  0.554047  0.387508  0.718252  0.168047
 0.0  0.0  0.0  0.234146  0.268933  0.169037  0.368278
 0.0  0.0  0.0  0.211807  0.343559  0.112711  0.463675
3-element Vector{Float64}:
 0.21200573283534735
 0.16534270997290063
 0.11281700882068724
a: [0.0 0.13545191491716294 0.0; 0.21200573283534735 0.02989079505573769 0.11281700882068724]
b: [0.21200573283534735, 0.16534270997290063, 0.11281700882068724]
c: [0.0 0.0 0.0 0.554047060556037 0.38750821007761027 0.718252133758251 0.16804735212178445; 0.0 0.0 0.0 0.23414606851409137 0.2689327428118429 0.1690366800563466 0.36827757592336113; 0.0 0.0 0.0 0.21180687092987163 0.34355904711054686 0.11271118618540243 0.4636750719548544]
d: [0.21200573283534735, 0.16534270997290063, 0.11281700882068724]
comparison (CRT and Glb)on prediction: Dict{Bool, Int64}(0 => 2, 1 => 2)
Dataname	 time	 objv	 lb	 gap	 train_w	 train_g	 test_w	 test_g
/work_bgfs/n/navarrodelacruz/odt/optimal_decision_tree/augmented_datasets/small_toy/small_toy_376.small_toy	 35.35	 0.02450827258144676	 N/A	 N/A	 88.889	 33.333	 50.0	 50.0
