Running 2 processes.
Start training /work_bgfs/n/navarrodelacruz/odt/optimal_decision_tree/augmented_datasets/small_toy/small_toy_338.small_toy with seed 1.
Any[]
(2, 13)
(2, 6)
(2, 3)
(2, 4)
dimension: 2, class: 3
cart cost: 0.1
size of X: (2, 9)
Using method: Global linear DT optimization
Version identifier: 20.1.0.0 | 2020-11-10 | 9bedb6d68
CPXPARAM_Threads                                 1
CPXPARAM_TimeLimit                               1728000
Tried aggregator 1 time.
No LP presolve or aggregator reductions.
Presolve time = 0.00 sec. (0.14 ticks)
Initializing dual steep norms . . .

Iteration log . . .
Iteration:     1   Dual objective     =             0.000000
Iteration:    62   Dual objective     =             0.024036
2×3 Matrix{Float64}:
 1.0  0.0  0.0
 0.0  1.0  0.0
3-element Vector{Float64}:
 0.7094065233278114
 0.3072569161003683
 0.0
3×7 Matrix{Float64}:
 0.0  0.0  0.0  1.0  0.0  0.0  0.0
 0.0  0.0  0.0  0.0  1.0  0.0  0.0
 0.0  0.0  0.0  0.0  0.0  0.0  1.0
3-element Vector{Float64}:
 1.0
 1.0
 0.0
2×3 Matrix{Float64}:
 0.0       0.176415   0.0
 0.228726  0.0134791  0.0621015
3-element Vector{Float64}:
 0.2287256317324164
 0.18989396557962063
 0.06210154313847982
3×7 Matrix{Float64}:
 0.0  0.0  0.0  0.472593  0.455493  0.836984   0.154058
 0.0  0.0  0.0  0.293614  0.291783  0.0792222  0.377007
 0.0  0.0  0.0  0.233794  0.252725  0.0837937  0.468935
3-element Vector{Float64}:
 0.2287256317324164
 0.18989396557962063
 0.06210154313847982
a: [0.0 0.17641485512632304 0.0; 0.2287256317324164 0.013479110453297596 0.06210154313847982]
b: [0.2287256317324164, 0.18989396557962063, 0.06210154313847982]
c: [0.0 0.0 0.0 0.4725926382140016 0.4554928167501674 0.8369840876706633 0.15405754249067888; 0.0 0.0 0.0 0.293613851548079 0.2917825923299493 0.07922220656858597 0.37700700628650163; 0.0 0.0 0.0 0.23379351023791933 0.2527245909198833 0.08379370576075074 0.46893545122281943]
d: [0.2287256317324164, 0.18989396557962063, 0.06210154313847982]
comparison (CRT and Glb)on prediction: Dict{Bool, Int64}(0 => 4, 1 => 0)
Dataname	 time	 objv	 lb	 gap	 train_w	 train_g	 test_w	 test_g
/work_bgfs/n/navarrodelacruz/odt/optimal_decision_tree/augmented_datasets/small_toy/small_toy_338.small_toy	 32.93	 0.024036057022525842	 N/A	 N/A	 100.0	 0.0	 50.0	 0.0
