Running 2 processes.
Start training /work_bgfs/n/navarrodelacruz/odt/optimal_decision_tree/augmented_datasets/small_toy/small_toy_214.small_toy with seed 1.
Any[]
(2, 13)
(2, 6)
(2, 3)
(2, 4)
dimension: 2, class: 3
cart cost: 2.7500000000000004
size of X: (2, 9)
Using method: Global linear DT optimization
Version identifier: 20.1.0.0 | 2020-11-10 | 9bedb6d68
CPXPARAM_Threads                                 1
CPXPARAM_TimeLimit                               1728000
Tried aggregator 1 time.
No LP presolve or aggregator reductions.
Presolve time = 0.00 sec. (0.14 ticks)
Initializing dual steep norms . . .

Iteration log . . .
Iteration:     1   Dual objective     =             0.000000
Iteration:    62   Dual objective     =             0.023450
2×3 Matrix{Float64}:
 1.0  0.0  1.0
 0.0  1.0  0.0
3-element Vector{Float64}:
 0.5941176286877983
 0.5095113792505139
 0.7840838398835704
3×7 Matrix{Float64}:
 0.0  0.0  0.0  1.0  0.0  0.0  0.0
 0.0  0.0  0.0  0.0  1.0  1.0  0.0
 0.0  0.0  0.0  0.0  0.0  0.0  1.0
3-element Vector{Float64}:
 1.0
 1.0
 1.0
2×3 Matrix{Float64}:
 0.0       0.154767   0.0
 0.205127  0.0121502  0.0969545
3-element Vector{Float64}:
 0.2051271733480568
 0.16691745718213252
 0.09695449416525051
3×7 Matrix{Float64}:
 0.0  0.0  0.0  0.529486  0.382139  0.719306  0.198844
 0.0  0.0  0.0  0.246369  0.280479  0.156873  0.35539
 0.0  0.0  0.0  0.224145  0.337381  0.123821  0.445766
3-element Vector{Float64}:
 0.2051271733480568
 0.16691745718213252
 0.09695449416525051
a: [0.0 0.15476725475065112 0.0; 0.2051271733480568 0.012150202431481405 0.09695449416525051]
b: [0.2051271733480568, 0.16691745718213252, 0.09695449416525051]
c: [0.0 0.0 0.0 0.5294855881130682 0.3821392784504847 0.7193060736627073 0.19884397695564643; 0.0 0.0 0.0 0.24636907395104646 0.28047938283339535 0.15687315235975896 0.35539023386748125; 0.0 0.0 0.0 0.22414533793588537 0.33738133871611997 0.12382077397753377 0.44576578917687226]
d: [0.2051271733480568, 0.16691745718213252, 0.09695449416525051]
comparison (CRT and Glb)on prediction: Dict{Bool, Int64}(0 => 2, 1 => 2)
Dataname	 time	 objv	 lb	 gap	 train_w	 train_g	 test_w	 test_g
/work_bgfs/n/navarrodelacruz/odt/optimal_decision_tree/augmented_datasets/small_toy/small_toy_214.small_toy	 34.2	 0.02344995623477199	 N/A	 N/A	 88.889	 33.333	 50.0	 50.0
