Running 2 processes.
Start training /work_bgfs/n/navarrodelacruz/odt/optimal_decision_tree/augmented_datasets/small_toy/small_toy_182.small_toy with seed 1.
Any[]
(2, 13)
(2, 6)
(2, 3)
(2, 4)
dimension: 2, class: 3
cart cost: 2.7500000000000004
size of X: (2, 9)
Using method: Global linear DT optimization
Version identifier: 20.1.0.0 | 2020-11-10 | 9bedb6d68
CPXPARAM_Threads                                 1
CPXPARAM_TimeLimit                               1728000
Tried aggregator 1 time.
No LP presolve or aggregator reductions.
Presolve time = 0.00 sec. (0.14 ticks)
Initializing dual steep norms . . .

Iteration log . . .
Iteration:     1   Dual objective     =             0.000000
Iteration:    62   Dual objective     =             0.023821
2×3 Matrix{Float64}:
 1.0  0.0  1.0
 0.0  1.0  0.0
3-element Vector{Float64}:
 0.654038047752652
 0.4696835056410763
 0.8476648411424974
3×7 Matrix{Float64}:
 0.0  0.0  0.0  1.0  0.0  0.0  0.0
 0.0  0.0  0.0  0.0  1.0  1.0  0.0
 0.0  0.0  0.0  0.0  0.0  0.0  1.0
3-element Vector{Float64}:
 1.0
 1.0
 1.0
2×3 Matrix{Float64}:
 0.0       0.144617   0.0
 0.219261  0.0392857  0.0786291
3-element Vector{Float64}:
 0.2192608110676907
 0.18390232544044066
 0.0786290617022434
3×7 Matrix{Float64}:
 0.0  0.0  0.0  0.499061  0.408268  0.757797  0.174226
 0.0  0.0  0.0  0.277526  0.36832   0.132083  0.352718
 0.0  0.0  0.0  0.223413  0.223413  0.11012   0.473056
3-element Vector{Float64}:
 0.2192608110676907
 0.18390232544044066
 0.0786290617022434
a: [0.0 0.14461658117641418 0.0; 0.2192608110676907 0.03928574426402648 0.0786290617022434]
b: [0.2192608110676907, 0.18390232544044066, 0.0786290617022434]
c: [0.0 0.0 0.0 0.4990608445747777 0.40826762525928284 0.7577974056241519 0.17422615829080476; 0.0 0.0 0.0 0.2775263185586146 0.36831953787410954 0.13208297245924328 0.3527175340227324; 0.0 0.0 0.0 0.22341283686660768 0.22341283686660762 0.11011962191660485 0.4730563076864628]
d: [0.2192608110676907, 0.18390232544044066, 0.0786290617022434]
comparison (CRT and Glb)on prediction: Dict{Bool, Int64}(0 => 4, 1 => 0)
Dataname	 time	 objv	 lb	 gap	 train_w	 train_g	 test_w	 test_g
/work_bgfs/n/navarrodelacruz/odt/optimal_decision_tree/augmented_datasets/small_toy/small_toy_182.small_toy	 29.08	 0.024089609910518735	 N/A	 N/A	 88.889	 0.0	 50.0	 0.0
