Running 2 processes.
Start training /work_bgfs/n/navarrodelacruz/odt/optimal_decision_tree/augmented_datasets/small_toy/small_toy_699.small_toy with seed 1.
Any[]
(2, 13)
(2, 6)
(2, 3)
(2, 4)
dimension: 2, class: 3
cart cost: 7.9
size of X: (2, 9)
Using method: Global linear DT optimization
Version identifier: 20.1.0.0 | 2020-11-10 | 9bedb6d68
CPXPARAM_Threads                                 1
CPXPARAM_TimeLimit                               1728000
Tried aggregator 1 time.
No LP presolve or aggregator reductions.
Presolve time = 0.00 sec. (0.14 ticks)
Initializing dual steep norms . . .

Iteration log . . .
Iteration:     1   Dual objective     =             0.000000
Iteration:    62   Dual objective     =             0.024130
2×3 Matrix{Float64}:
 1.0  0.0  0.0
 0.0  0.0  1.0
3-element Vector{Float64}:
 0.19601105330366017
 0.0
 0.19532110972246025
3×7 Matrix{Float64}:
 0.0  0.0  0.0  0.0  1.0  1.0  0.0
 0.0  0.0  0.0  0.0  0.0  0.0  1.0
 0.0  0.0  0.0  0.0  0.0  0.0  0.0
3-element Vector{Float64}:
 1.0
 0.0
 1.0
2×3 Matrix{Float64}:
 0.0       0.158707  0.0127917
 0.234395  0.0       0.0766998
3-element Vector{Float64}:
 0.23439482741415377
 0.15870658570913965
 0.08949154375203489
3×7 Matrix{Float64}:
 0.0  0.0  0.0  0.552861  0.442501  0.720328  0.188373
 0.0  0.0  0.0  0.21773   0.301921  0.140792  0.364004
 0.0  0.0  0.0  0.229409  0.255577  0.13888   0.447623
3-element Vector{Float64}:
 0.23439482741415377
 0.15870658570913965
 0.08949154375203489
a: [0.0 0.15870658570913965 0.012791708530042134; 0.23439482741415377 0.0 0.07669983522199275]
b: [0.23439482741415377, 0.15870658570913965, 0.08949154375203489]
c: [0.0 0.0 0.0 0.5528612087698878 0.4425011663597721 0.7203284982868507 0.18837313752066315; 0.0 0.0 0.0 0.21772964266230158 0.3019213390572275 0.14079191676969594 0.3640038725973766; 0.0 0.0 0.0 0.2294091485678107 0.2555774945830004 0.1388795849434533 0.4476229898819602]
d: [0.23439482741415377, 0.15870658570913965, 0.08949154375203489]
comparison (CRT and Glb)on prediction: Dict{Bool, Int64}(0 => 2, 1 => 2)
Dataname	 time	 objv	 lb	 gap	 train_w	 train_g	 test_w	 test_g
/work_bgfs/n/navarrodelacruz/odt/optimal_decision_tree/augmented_datasets/small_toy/small_toy_699.small_toy	 33.96	 0.02412964784376642	 N/A	 N/A	 66.667	 33.333	 75.0	 50.0
