Running 2 processes.
Start training /work_bgfs/n/navarrodelacruz/odt/optimal_decision_tree/augmented_datasets/small_toy/small_toy_416.small_toy with seed 1.
Any[]
(2, 13)
(2, 6)
(2, 3)
(2, 4)
dimension: 2, class: 3
cart cost: 0.1
size of X: (2, 9)
Using method: Global linear DT optimization
Version identifier: 20.1.0.0 | 2020-11-10 | 9bedb6d68
CPXPARAM_Threads                                 1
CPXPARAM_TimeLimit                               1728000
Tried aggregator 1 time.
No LP presolve or aggregator reductions.
Presolve time = 0.00 sec. (0.14 ticks)
Initializing dual steep norms . . .

Iteration log . . .
Iteration:     1   Dual objective     =             0.000000
2×3 Matrix{Float64}:
 1.0  0.0  0.0
 0.0  1.0  0.0
3-element Vector{Float64}:
 0.7648747367059148
 0.27960196261617365
 0.0
3×7 Matrix{Float64}:
 0.0  0.0  0.0  1.0  0.0  0.0  0.0
 0.0  0.0  0.0  0.0  1.0  0.0  0.0
 0.0  0.0  0.0  0.0  0.0  0.0  1.0
3-element Vector{Float64}:
 1.0
 1.0
 0.0
2×3 Matrix{Float64}:
 0.0995268  0.0       0.0
 0.0690731  0.137132  0.1686
3-element Vector{Float64}:
 0.16859987849699093
 0.13713235331149443
 0.16859987849699096
3×7 Matrix{Float64}:
 0.0  0.0  0.0  0.667253  0.317309  0.590898  0.157312
 0.0  0.0  0.0  0.194066  0.482413  0.238599  0.344448
 0.0  0.0  0.0  0.138681  0.200279  0.170504  0.49824
3-element Vector{Float64}:
 0.16859987849699096
 0.13713235331149443
 0.16859987849699096
a: [0.09952675885903228 0.0 0.0; 0.06907311963795867 0.13713235331149443 0.16859987849699096]
b: [0.16859987849699093, 0.13713235331149443, 0.16859987849699096]
c: [0.0 0.0 0.0 0.6672525168595341 0.3173088054027958 0.59089752437757 0.15731195444238408; 0.0 0.0 0.0 0.19406645831395364 0.48241259223840605 0.23859855462227667 0.34444833990350593; 0.0 0.0 0.0 0.1386810248265123 0.20027860235879813 0.1705039210001533 0.49823970565410997]
d: [0.16859987849699096, 0.13713235331149443, 0.16859987849699096]
comparison (CRT and Glb)on prediction: Dict{Bool, Int64}(0 => 3, 1 => 1)
Dataname	 time	 objv	 lb	 gap	 train_w	 train_g	 test_w	 test_g
/work_bgfs/n/navarrodelacruz/odt/optimal_decision_tree/augmented_datasets/small_toy/small_toy_416.small_toy	 29.64	 0.023716605515273822	 N/A	 N/A	 100.0	 33.333	 75.0	 50.0
