Running 2 processes.
Start training /work_bgfs/n/navarrodelacruz/odt/optimal_decision_tree/augmented_datasets/small_toy/small_toy_598.small_toy with seed 1.
Any[]
(2, 13)
(2, 6)
(2, 3)
(2, 4)
dimension: 2, class: 3
cart cost: 7.9
size of X: (2, 9)
Using method: Global linear DT optimization
Version identifier: 20.1.0.0 | 2020-11-10 | 9bedb6d68
CPXPARAM_Threads                                 1
CPXPARAM_TimeLimit                               1728000
Tried aggregator 1 time.
No LP presolve or aggregator reductions.
Presolve time = 0.00 sec. (0.14 ticks)
Initializing dual steep norms . . .

Iteration log . . .
Iteration:     1   Dual objective     =             0.000000
Iteration:    62   Dual objective     =             0.023633
2×3 Matrix{Float64}:
 1.0  0.0  0.0
 0.0  0.0  1.0
3-element Vector{Float64}:
 0.20635648306694235
 0.0
 0.14898108876390934
3×7 Matrix{Float64}:
 0.0  0.0  0.0  0.0  1.0  1.0  0.0
 0.0  0.0  0.0  0.0  0.0  0.0  1.0
 0.0  0.0  0.0  0.0  0.0  0.0  0.0
3-element Vector{Float64}:
 1.0
 0.0
 1.0
2×3 Matrix{Float64}:
 0.0       0.162125  0.00344974
 0.226508  0.0       0.0805848
3-element Vector{Float64}:
 0.2265083418785674
 0.16212498601945657
 0.08403452462357452
3×7 Matrix{Float64}:
 0.0  0.0  0.0  0.551971  0.450099  0.739574  0.16425
 0.0  0.0  0.0  0.222979  0.296195  0.140394  0.370703
 0.0  0.0  0.0  0.225049  0.253706  0.120032  0.465047
3-element Vector{Float64}:
 0.2265083418785674
 0.16212498601945657
 0.08403452462357452
a: [0.0 0.16212498601945657 0.0034497434002903754; 0.2265083418785674 0.0 0.08058478122328416]
b: [0.2265083418785674, 0.16212498601945657, 0.08403452462357452]
c: [0.0 0.0 0.0 0.5519711486668917 0.4500988962241765 0.7395742716020697 0.16425002212707968; 0.0 0.0 0.0 0.2229794032210201 0.2961953729917029 0.1403937881635291 0.3707032939891807; 0.0 0.0 0.0 0.22504944811208816 0.2537057307841206 0.12003194023440117 0.46504668388373954]
d: [0.2265083418785674, 0.16212498601945657, 0.08403452462357452]
comparison (CRT and Glb)on prediction: Dict{Bool, Int64}(0 => 2, 1 => 2)
Dataname	 time	 objv	 lb	 gap	 train_w	 train_g	 test_w	 test_g
/work_bgfs/n/navarrodelacruz/odt/optimal_decision_tree/augmented_datasets/small_toy/small_toy_598.small_toy	 29.66	 0.023633392626079927	 N/A	 N/A	 66.667	 33.333	 75.0	 50.0
