Running 2 processes.
Start training /work_bgfs/n/navarrodelacruz/odt/optimal_decision_tree/augmented_datasets/small_toy/small_toy_878.small_toy with seed 1.
Any[]
(2, 13)
(2, 6)
(2, 3)
(2, 4)
dimension: 2, class: 3
cart cost: 7.9
size of X: (2, 9)
Using method: Global linear DT optimization
Version identifier: 20.1.0.0 | 2020-11-10 | 9bedb6d68
CPXPARAM_Threads                                 1
CPXPARAM_TimeLimit                               1728000
Tried aggregator 1 time.
No LP presolve or aggregator reductions.
Presolve time = 0.00 sec. (0.14 ticks)
Initializing dual steep norms . . .

Iteration log . . .
Iteration:     1   Dual objective     =             0.000000
2×3 Matrix{Float64}:
 1.0  0.0  0.0
 0.0  0.0  1.0
3-element Vector{Float64}:
 0.2418640726108463
 0.0
 0.12272490111203652
3×7 Matrix{Float64}:
 0.0  0.0  0.0  0.0  1.0  1.0  0.0
 0.0  0.0  0.0  0.0  0.0  0.0  1.0
 0.0  0.0  0.0  0.0  0.0  0.0  0.0
3-element Vector{Float64}:
 1.0
 0.0
 1.0
2×3 Matrix{Float64}:
 0.178841    0.0       0.0
 0.00223411  0.118963  0.181075
3-element Vector{Float64}:
 0.1810750672127471
 0.11896288236809471
 0.18107506721274713
3×7 Matrix{Float64}:
 0.0  0.0  0.0  0.668644  0.359609  0.555524  0.178359
 0.0  0.0  0.0  0.164397  0.288165  0.250231  0.363899
 0.0  0.0  0.0  0.166959  0.352226  0.194245  0.457741
3-element Vector{Float64}:
 0.18107506721274713
 0.11896288236809471
 0.18107506721274713
a: [0.17884095239352632 0.0 0.0; 0.002234114819220784 0.11896288236809471 0.18107506721274713]
b: [0.1810750672127471, 0.11896288236809471, 0.18107506721274713]
c: [0.0 0.0 0.0 0.6686440536430994 0.3596088868960644 0.5555240010270516 0.17835934131274866; 0.0 0.0 0.0 0.16439678885831457 0.28816542435588954 0.2502306517756566 0.3638994555517655; 0.0 0.0 0.0 0.16695915749858606 0.35222568874804605 0.19424534719729183 0.45774120313548583]
d: [0.18107506721274713, 0.11896288236809471, 0.18107506721274713]
comparison (CRT and Glb)on prediction: Dict{Bool, Int64}(0 => 2, 1 => 2)
Dataname	 time	 objv	 lb	 gap	 train_w	 train_g	 test_w	 test_g
/work_bgfs/n/navarrodelacruz/odt/optimal_decision_tree/augmented_datasets/small_toy/small_toy_878.small_toy	 28.66	 0.024055650839679452	 N/A	 N/A	 66.667	 33.333	 75.0	 50.0
