Running 2 processes.
Start training /work_bgfs/n/navarrodelacruz/odt/optimal_decision_tree/augmented_datasets/small_toy/small_toy_648.small_toy with seed 1.
Any[]
(2, 13)
(2, 6)
(2, 3)
(2, 4)
dimension: 2, class: 3
cart cost: 0.15000000000000002
size of X: (2, 9)
Using method: Global linear DT optimization
Version identifier: 20.1.0.0 | 2020-11-10 | 9bedb6d68
CPXPARAM_Threads                                 1
CPXPARAM_TimeLimit                               1728000
Tried aggregator 1 time.
No LP presolve or aggregator reductions.
Presolve time = 0.00 sec. (0.14 ticks)
Initializing dual steep norms . . .

Iteration log . . .
Iteration:     1   Dual objective     =             0.000000
Iteration:    62   Dual objective     =             0.023495
2×3 Matrix{Float64}:
 0.0  1.0  0.0
 1.0  0.0  1.0
3-element Vector{Float64}:
 0.39240224632928467
 0.819344420668694
 0.7215305118644362
3×7 Matrix{Float64}:
 0.0  0.0  0.0  1.0  0.0  0.0  0.0
 0.0  0.0  0.0  0.0  0.0  1.0  0.0
 0.0  0.0  0.0  0.0  1.0  0.0  1.0
3-element Vector{Float64}:
 1.0
 1.0
 1.0
2×3 Matrix{Float64}:
 0.175163    0.0       0.0
 0.00190046  0.122384  0.177064
3-element Vector{Float64}:
 0.1770635637445155
 0.12238436097469471
 0.17706356374451557
3×7 Matrix{Float64}:
 0.0  0.0  0.0  0.66306   0.350192  0.477498  0.170093
 0.0  0.0  0.0  0.159602  0.297705  0.230909  0.375142
 0.0  0.0  0.0  0.177338  0.352103  0.291593  0.454764
3-element Vector{Float64}:
 0.17706356374451557
 0.12238436097469471
 0.17706356374451557
a: [0.1751631059789203 0.0 0.0; 0.0019004577655952343 0.12238436097469471 0.17706356374451557]
b: [0.1770635637445155, 0.12238436097469471, 0.17706356374451557]
c: [0.0 0.0 0.0 0.663060055574947 0.35019239662182405 0.4774978629188451 0.1700933583260686; 0.0 0.0 0.0 0.159601987235945 0.2977047491427863 0.23090937776393125 0.37514229619216194; 0.0 0.0 0.0 0.17733795718910805 0.3521028542353896 0.2915927593172236 0.4547643454817694]
d: [0.17706356374451557, 0.12238436097469471, 0.17706356374451557]
comparison (CRT and Glb)on prediction: Dict{Bool, Int64}(0 => 2, 1 => 2)
Dataname	 time	 objv	 lb	 gap	 train_w	 train_g	 test_w	 test_g
/work_bgfs/n/navarrodelacruz/odt/optimal_decision_tree/augmented_datasets/small_toy/small_toy_648.small_toy	 28.79	 0.023825574423186294	 N/A	 N/A	 100.0	 33.333	 50.0	 50.0
