Running 2 processes.
Start training /work_bgfs/n/navarrodelacruz/odt/optimal_decision_tree/augmented_datasets/small_toy/small_toy_320.small_toy with seed 1.
Any[]
(2, 13)
(2, 6)
(2, 3)
(2, 4)
dimension: 2, class: 3
cart cost: 2.7500000000000004
size of X: (2, 9)
Using method: Global linear DT optimization
Version identifier: 20.1.0.0 | 2020-11-10 | 9bedb6d68
CPXPARAM_Threads                                 1
CPXPARAM_TimeLimit                               1728000
Tried aggregator 1 time.
No LP presolve or aggregator reductions.
Presolve time = 0.00 sec. (0.14 ticks)
Initializing dual steep norms . . .

Iteration log . . .
Iteration:     1   Dual objective     =             0.000000
Iteration:    62   Dual objective     =             0.023298
2×3 Matrix{Float64}:
 1.0  0.0  1.0
 0.0  1.0  0.0
3-element Vector{Float64}:
 0.6117926708374011
 0.46234323476683536
 0.8059703685238346
3×7 Matrix{Float64}:
 0.0  0.0  0.0  1.0  0.0  0.0  0.0
 0.0  0.0  0.0  0.0  1.0  1.0  0.0
 0.0  0.0  0.0  0.0  0.0  0.0  1.0
3-element Vector{Float64}:
 1.0
 1.0
 1.0
2×3 Matrix{Float64}:
 0.148679   0.0       0.0
 0.0225899  0.131406  0.171269
3-element Vector{Float64}:
 0.1712688405030019
 0.13140556049938085
 0.1712688405030019
3×7 Matrix{Float64}:
 0.0  0.0  0.0  0.62632   0.332135  0.43555   0.170883
 0.0  0.0  0.0  0.185426  0.281071  0.279979  0.36547
 0.0  0.0  0.0  0.188255  0.386794  0.284471  0.463647
3-element Vector{Float64}:
 0.1712688405030019
 0.13140556049938085
 0.1712688405030019
a: [0.14867895350795762 0.0 0.0; 0.02258988699504437 0.13140556049938085 0.1712688405030019]
b: [0.1712688405030019, 0.13140556049938085, 0.1712688405030019]
c: [0.0 0.0 0.0 0.6263196120132979 0.33213513149289003 0.43555041298073716 0.17088341319775463; 0.0 0.0 0.0 0.1854255999846477 0.2810711896495472 0.2799785659844888 0.3654696682225; 0.0 0.0 0.0 0.18825478800205442 0.38679367885756283 0.28447102103477406 0.46364691857974544]
d: [0.1712688405030019, 0.13140556049938085, 0.1712688405030019]
comparison (CRT and Glb)on prediction: Dict{Bool, Int64}(0 => 2, 1 => 2)
Dataname	 time	 objv	 lb	 gap	 train_w	 train_g	 test_w	 test_g
/work_bgfs/n/navarrodelacruz/odt/optimal_decision_tree/augmented_datasets/small_toy/small_toy_320.small_toy	 31.18	 0.023697162075269236	 N/A	 N/A	 88.889	 33.333	 50.0	 50.0
