Running 2 processes.
Start training /work_bgfs/n/navarrodelacruz/odt/optimal_decision_tree/augmented_datasets/small_toy/small_toy_507.small_toy with seed 1.
Any[]
(2, 13)
(2, 6)
(2, 3)
(2, 4)
dimension: 2, class: 3
cart cost: 2.7000000000000006
size of X: (2, 9)
Using method: Global linear DT optimization
Version identifier: 20.1.0.0 | 2020-11-10 | 9bedb6d68
CPXPARAM_Threads                                 1
CPXPARAM_TimeLimit                               1728000
Tried aggregator 1 time.
No LP presolve or aggregator reductions.
Presolve time = 0.00 sec. (0.14 ticks)
Initializing dual steep norms . . .

Iteration log . . .
Iteration:     1   Dual objective     =             0.000000
Iteration:    62   Dual objective     =             0.023057
2×3 Matrix{Float64}:
 0.0  0.0  0.0
 1.0  0.0  1.0
3-element Vector{Float64}:
 0.413510189281443
 0.0
 0.7866653562716406
3×7 Matrix{Float64}:
 0.0  0.0  0.0  0.0  1.0  0.0  0.0
 0.0  0.0  0.0  0.0  0.0  1.0  0.0
 0.0  0.0  0.0  0.0  0.0  0.0  1.0
3-element Vector{Float64}:
 1.0
 0.0
 1.0
2×3 Matrix{Float64}:
 0.0       0.0        0.204512
 0.204512  0.0770121  0.0
3-element Vector{Float64}:
 0.20451248100891067
 0.07701205114237414
 0.20451248100891067
3×7 Matrix{Float64}:
 0.0  0.0  0.0  0.153029  0.43503   0.461534  0.159783
 0.0  0.0  0.0  0.725538  0.322759  0.27272   0.379434
 0.0  0.0  0.0  0.121433  0.242211  0.265746  0.460783
3-element Vector{Float64}:
 0.20451248100891067
 0.07701205114237414
 0.20451248100891067
a: [0.0 0.0 0.20451248100891067; 0.20451248100891067 0.07701205114237414 0.0]
b: [0.20451248100891067, 0.07701205114237414, 0.20451248100891067]
c: [0.0 0.0 0.0 0.1530288689940412 0.43502996117504517 0.46153374404106035 0.15978250012566936; 0.0 0.0 0.0 0.7255383663104475 0.3227591209860526 0.2727203711362151 0.37943422747422256; 0.0 0.0 0.0 0.12143276469551123 0.2422109178389023 0.2657458848227246 0.460783272400108]
d: [0.20451248100891067, 0.07701205114237414, 0.20451248100891067]
comparison (CRT and Glb)on prediction: Dict{Bool, Int64}(0 => 2, 1 => 2)
Dataname	 time	 objv	 lb	 gap	 train_w	 train_g	 test_w	 test_g
/work_bgfs/n/navarrodelacruz/odt/optimal_decision_tree/augmented_datasets/small_toy/small_toy_507.small_toy	 28.91	 0.02430185065800978	 N/A	 N/A	 88.889	 33.333	 75.0	 25.0
