Running 2 processes.
Start training /work_bgfs/n/navarrodelacruz/odt/optimal_decision_tree/augmented_datasets/small_toy/small_toy_258.small_toy with seed 1.
Any[]
(2, 13)
(2, 6)
(2, 3)
(2, 4)
dimension: 2, class: 3
cart cost: 2.7500000000000004
size of X: (2, 9)
Using method: Global linear DT optimization
Version identifier: 20.1.0.0 | 2020-11-10 | 9bedb6d68
CPXPARAM_Threads                                 1
CPXPARAM_TimeLimit                               1728000
Tried aggregator 1 time.
No LP presolve or aggregator reductions.
Presolve time = 0.00 sec. (0.14 ticks)
Initializing dual steep norms . . .

Iteration log . . .
Iteration:     1   Dual objective     =             0.000000
Iteration:    62   Dual objective     =             0.023240
2×3 Matrix{Float64}:
 1.0  0.0  1.0
 0.0  1.0  0.0
3-element Vector{Float64}:
 0.5536596384036542
 0.6004422727056605
 0.7745452407531563
3×7 Matrix{Float64}:
 0.0  0.0  0.0  1.0  0.0  0.0  0.0
 0.0  0.0  0.0  0.0  1.0  1.0  0.0
 0.0  0.0  0.0  0.0  0.0  0.0  1.0
3-element Vector{Float64}:
 1.0
 1.0
 1.0
2×3 Matrix{Float64}:
 0.214164  0.0       0.0
 0.0       0.136477  0.133109
3-element Vector{Float64}:
 0.21416443925485848
 0.13647683883729717
 0.13310946582930488
3×7 Matrix{Float64}:
 0.0  0.0  0.0  0.612609  0.384208  0.580271  0.204945
 0.0  0.0  0.0  0.176328  0.311839  0.213874  0.361396
 0.0  0.0  0.0  0.211063  0.303953  0.205855  0.433659
3-element Vector{Float64}:
 0.21416443925485848
 0.13647683883729717
 0.13310946582930488
a: [0.21416443925485848 0.0 0.0; 0.0 0.13647683883729717 0.13310946582930488]
b: [0.21416443925485848, 0.13647683883729717, 0.13310946582930488]
c: [0.0 0.0 0.0 0.6126093167766262 0.38420786582720917 0.5802709539924734 0.2049450141352236; 0.0 0.0 0.0 0.176328050215808 0.31183944661120916 0.2138740850081963 0.3613964391928465; 0.0 0.0 0.0 0.21106263300756578 0.3039526875615816 0.20585496099933032 0.43365854667192993]
d: [0.21416443925485848, 0.13647683883729717, 0.13310946582930488]
comparison (CRT and Glb)on prediction: Dict{Bool, Int64}(0 => 2, 1 => 2)
Dataname	 time	 objv	 lb	 gap	 train_w	 train_g	 test_w	 test_g
/work_bgfs/n/navarrodelacruz/odt/optimal_decision_tree/augmented_datasets/small_toy/small_toy_258.small_toy	 35.19	 0.024187537196073028	 N/A	 N/A	 88.889	 33.333	 50.0	 50.0
