Running 2 processes.
Start training /work_bgfs/n/navarrodelacruz/odt/optimal_decision_tree/augmented_datasets/small_toy/small_toy_852.small_toy with seed 1.
Any[]
(2, 13)
(2, 6)
(2, 3)
(2, 4)
dimension: 2, class: 3
cart cost: 7.9
size of X: (2, 9)
Using method: Global linear DT optimization
Version identifier: 20.1.0.0 | 2020-11-10 | 9bedb6d68
CPXPARAM_Threads                                 1
CPXPARAM_TimeLimit                               1728000
Tried aggregator 1 time.
No LP presolve or aggregator reductions.
Presolve time = 0.00 sec. (0.14 ticks)
Initializing dual steep norms . . .

Iteration log . . .
Iteration:     1   Dual objective     =             0.000000
Iteration:    62   Dual objective     =             0.024451
2×3 Matrix{Float64}:
 1.0  0.0  0.0
 0.0  0.0  1.0
3-element Vector{Float64}:
 0.23211385571323137
 0.0
 0.24188901338075663
3×7 Matrix{Float64}:
 0.0  0.0  0.0  0.0  1.0  1.0  0.0
 0.0  0.0  0.0  0.0  0.0  0.0  1.0
 0.0  0.0  0.0  0.0  0.0  0.0  0.0
3-element Vector{Float64}:
 1.0
 0.0
 1.0
2×3 Matrix{Float64}:
 0.0       0.162625  0.0
 0.226463  0.0       0.0999262
3-element Vector{Float64}:
 0.22646265365716123
 0.16262504352567314
 0.09992619454451707
3×7 Matrix{Float64}:
 0.0  0.0  0.0  0.543758  0.411369  0.690151  0.197295
 0.0  0.0  0.0  0.236804  0.310822  0.152171  0.338407
 0.0  0.0  0.0  0.219438  0.277808  0.157678  0.464297
3-element Vector{Float64}:
 0.22646265365716123
 0.16262504352567314
 0.09992619454451707
a: [0.0 0.16262504352567314 0.0; 0.22646265365716123 0.0 0.09992619454451707]
b: [0.22646265365716123, 0.16262504352567314, 0.09992619454451707]
c: [0.0 0.0 0.0 0.5437583420040664 0.4113693370824851 0.6901513967631183 0.19729532072299782; 0.0 0.0 0.0 0.23680367546434944 0.310822399072685 0.1521708153606518 0.33840721675198804; 0.0 0.0 0.0 0.21943798253158425 0.2778082638448299 0.15767778787622988 0.46429746252501414]
d: [0.22646265365716123, 0.16262504352567314, 0.09992619454451707]
comparison (CRT and Glb)on prediction: Dict{Bool, Int64}(0 => 2, 1 => 2)
Dataname	 time	 objv	 lb	 gap	 train_w	 train_g	 test_w	 test_g
/work_bgfs/n/navarrodelacruz/odt/optimal_decision_tree/augmented_datasets/small_toy/small_toy_852.small_toy	 28.38	 0.02445069458636757	 N/A	 N/A	 66.667	 33.333	 75.0	 50.0
