Running 2 processes.
Start training /work_bgfs/n/navarrodelacruz/odt/optimal_decision_tree/augmented_datasets/small_toy/small_toy_480.small_toy with seed 1.
Any[]
(2, 13)
(2, 6)
(2, 3)
(2, 4)
dimension: 2, class: 3
cart cost: 0.1
size of X: (2, 9)
Using method: Global linear DT optimization
Version identifier: 20.1.0.0 | 2020-11-10 | 9bedb6d68
CPXPARAM_Threads                                 1
CPXPARAM_TimeLimit                               1728000
Tried aggregator 1 time.
No LP presolve or aggregator reductions.
Presolve time = 0.00 sec. (0.14 ticks)
Initializing dual steep norms . . .

Iteration log . . .
Iteration:     1   Dual objective     =             0.000000
Iteration:    62   Dual objective     =             0.024116
2×3 Matrix{Float64}:
 1.0  0.0  0.0
 0.0  1.0  0.0
3-element Vector{Float64}:
 0.6835817234293438
 0.3140688722575381
 0.0
3×7 Matrix{Float64}:
 0.0  0.0  0.0  1.0  0.0  0.0  0.0
 0.0  0.0  0.0  0.0  1.0  0.0  0.0
 0.0  0.0  0.0  0.0  0.0  0.0  1.0
3-element Vector{Float64}:
 1.0
 1.0
 0.0
2×3 Matrix{Float64}:
 0.0       0.129625   0.0
 0.210627  0.0425764  0.0994999
3-element Vector{Float64}:
 0.21062747363630224
 0.17220100821472453
 0.09949991527296664
3×7 Matrix{Float64}:
 0.0  0.0  0.0  0.541726  0.406198  0.73472  0.147878
 0.0  0.0  0.0  0.246206  0.270271  0.1651   0.376438
 0.0  0.0  0.0  0.212068  0.323531  0.10018  0.475684
3-element Vector{Float64}:
 0.21062747363630224
 0.17220100821472453
 0.09949991527296664
a: [0.0 0.12962458381507405 0.0; 0.21062747363630224 0.04257642439965048 0.09949991527296664]
b: [0.21062747363630224, 0.17220100821472453, 0.09949991527296664]
c: [0.0 0.0 0.0 0.5417257469581068 0.4061978724112632 0.7347198892955882 0.14787819617271244; 0.0 0.0 0.0 0.24620623268720954 0.270271499234147 0.165099684603721 0.3764382706373457; 0.0 0.0 0.0 0.2120680203546836 0.3235306283545898 0.10018042610069089 0.47568353318994183]
d: [0.21062747363630224, 0.17220100821472453, 0.09949991527296664]
comparison (CRT and Glb)on prediction: Dict{Bool, Int64}(0 => 3, 1 => 1)
Dataname	 time	 objv	 lb	 gap	 train_w	 train_g	 test_w	 test_g
/work_bgfs/n/navarrodelacruz/odt/optimal_decision_tree/augmented_datasets/small_toy/small_toy_480.small_toy	 27.94	 0.024116419856199674	 N/A	 N/A	 100.0	 33.333	 75.0	 50.0
