Running 2 processes.
Start training /work_bgfs/n/navarrodelacruz/odt/optimal_decision_tree/augmented_datasets/small_toy/small_toy_719.small_toy with seed 1.
Any[]
(2, 13)
(2, 6)
(2, 3)
(2, 4)
dimension: 2, class: 3
cart cost: 2.7000000000000006
size of X: (2, 9)
Using method: Global linear DT optimization
Version identifier: 20.1.0.0 | 2020-11-10 | 9bedb6d68
CPXPARAM_Threads                                 1
CPXPARAM_TimeLimit                               1728000
Tried aggregator 1 time.
No LP presolve or aggregator reductions.
Presolve time = 0.00 sec. (0.14 ticks)
Initializing dual steep norms . . .

Iteration log . . .
Iteration:     1   Dual objective     =             0.000000
Iteration:    62   Dual objective     =             0.023518
2×3 Matrix{Float64}:
 0.0  0.0  0.0
 1.0  0.0  1.0
3-element Vector{Float64}:
 0.37073851018637305
 0.0
 0.7130651347454732
3×7 Matrix{Float64}:
 0.0  0.0  0.0  0.0  1.0  0.0  0.0
 0.0  0.0  0.0  0.0  0.0  1.0  0.0
 0.0  0.0  0.0  0.0  0.0  0.0  1.0
3-element Vector{Float64}:
 1.0
 0.0
 1.0
2×3 Matrix{Float64}:
 0.0       0.102194  0.0
 0.245098  0.107571  0.0401905
3-element Vector{Float64}:
 0.2450978655165666
 0.20976537833303194
 0.040190547947760044
3×7 Matrix{Float64}:
 0.0  0.0  0.0  0.413624  0.436622  0.888021   0.165893
 0.0  0.0  0.0  0.309173  0.319827  0.0621273  0.35486
 0.0  0.0  0.0  0.277203  0.243551  0.049852   0.479246
3-element Vector{Float64}:
 0.2450978655165666
 0.20976537833303194
 0.040190547947760044
a: [0.0 0.1021939154405481 0.0; 0.2450978655165666 0.10757146289248384 0.040190547947760044]
b: [0.2450978655165666, 0.20976537833303194, 0.040190547947760044]
c: [0.0 0.0 0.0 0.41362377803305456 0.4366221825042349 0.8880206995834394 0.16589343834096287; 0.0 0.0 0.0 0.30917347852326243 0.3198267889066918 0.06212726711493378 0.35486033369179343; 0.0 0.0 0.0 0.27720274344368306 0.2435510285890733 0.0498520333016268 0.4792462279672437]
d: [0.2450978655165666, 0.20976537833303194, 0.040190547947760044]
comparison (CRT and Glb)on prediction: Dict{Bool, Int64}(0 => 4, 1 => 0)
Dataname	 time	 objv	 lb	 gap	 train_w	 train_g	 test_w	 test_g
/work_bgfs/n/navarrodelacruz/odt/optimal_decision_tree/augmented_datasets/small_toy/small_toy_719.small_toy	 28.16	 0.02475268958986793	 N/A	 N/A	 88.889	 0.0	 75.0	 0.0
