Running 2 processes.
Start training /work_bgfs/n/navarrodelacruz/odt/optimal_decision_tree/augmented_datasets/small_toy/small_toy_157.small_toy with seed 1.
Any[]
(2, 13)
(2, 6)
(2, 3)
(2, 4)
dimension: 2, class: 3
cart cost: 7.9
size of X: (2, 9)
Using method: Global linear DT optimization
Version identifier: 20.1.0.0 | 2020-11-10 | 9bedb6d68
CPXPARAM_Threads                                 1
CPXPARAM_TimeLimit                               1728000
Tried aggregator 1 time.
No LP presolve or aggregator reductions.
Presolve time = 0.00 sec. (0.14 ticks)
Initializing dual steep norms . . .

Iteration log . . .
Iteration:     1   Dual objective     =             0.000000
Iteration:    62   Dual objective     =             0.022935
2×3 Matrix{Float64}:
 1.0  0.0  0.0
 0.0  0.0  1.0
3-element Vector{Float64}:
 0.23092906585735876
 0.0
 0.12723609587344456
3×7 Matrix{Float64}:
 0.0  0.0  0.0  0.0  1.0  1.0  0.0
 0.0  0.0  0.0  0.0  0.0  0.0  1.0
 0.0  0.0  0.0  0.0  0.0  0.0  0.0
3-element Vector{Float64}:
 1.0
 0.0
 1.0
2×3 Matrix{Float64}:
 0.0       0.164689  0.0
 0.214768  0.0       0.100924
3-element Vector{Float64}:
 0.21476834575365106
 0.1646894603835037
 0.10092407609671311
3×7 Matrix{Float64}:
 0.0  0.0  0.0  0.319512  0.419236  0.702892  0.178859
 0.0  0.0  0.0  0.462646  0.332256  0.16732   0.359193
 0.0  0.0  0.0  0.217842  0.248508  0.129788  0.461948
3-element Vector{Float64}:
 0.21476834575365106
 0.1646894603835037
 0.10092407609671311
a: [0.0 0.1646894603835037 0.0; 0.21476834575365106 0.0 0.10092407609671311]
b: [0.21476834575365106, 0.1646894603835037, 0.10092407609671311]
c: [0.0 0.0 0.0 0.31951213816869317 0.41923592053717407 0.7028917792510876 0.17885886191220052; 0.0 0.0 0.0 0.46264612877999967 0.3322562796157567 0.16732029938934256 0.35919292837878514; 0.0 0.0 0.0 0.21784173305130716 0.24850779984706922 0.1297879213595698 0.4619482097090144]
d: [0.21476834575365106, 0.1646894603835037, 0.10092407609671311]
comparison (CRT and Glb)on prediction: Dict{Bool, Int64}(0 => 4, 1 => 0)
Dataname	 time	 objv	 lb	 gap	 train_w	 train_g	 test_w	 test_g
/work_bgfs/n/navarrodelacruz/odt/optimal_decision_tree/augmented_datasets/small_toy/small_toy_157.small_toy	 35.48	 0.024019094111693395	 N/A	 N/A	 66.667	 0.0	 50.0	 0.0
