Running 2 processes.
Start training /work_bgfs/n/navarrodelacruz/odt/optimal_decision_tree/augmented_datasets/small_toy/small_toy_683.small_toy with seed 1.
Any[]
(2, 13)
(2, 6)
(2, 3)
(2, 4)
dimension: 2, class: 3
cart cost: 2.7000000000000006
size of X: (2, 9)
Using method: Global linear DT optimization
Version identifier: 20.1.0.0 | 2020-11-10 | 9bedb6d68
CPXPARAM_Threads                                 1
CPXPARAM_TimeLimit                               1728000
Tried aggregator 1 time.
No LP presolve or aggregator reductions.
Presolve time = 0.00 sec. (0.14 ticks)
Initializing dual steep norms . . .

Iteration log . . .
Iteration:     1   Dual objective     =             0.000000
Iteration:    62   Dual objective     =             0.024947
2×3 Matrix{Float64}:
 0.0  0.0  1.0
 1.0  0.0  0.0
3-element Vector{Float64}:
 0.38511024210563627
 0.0
 0.8254521922091798
3×7 Matrix{Float64}:
 0.0  0.0  0.0  0.0  1.0  0.0  0.0
 0.0  0.0  0.0  0.0  0.0  1.0  0.0
 0.0  0.0  0.0  0.0  0.0  0.0  1.0
3-element Vector{Float64}:
 1.0
 0.0
 1.0
2×3 Matrix{Float64}:
 0.242207  0.0       0.0320472
 0.0       0.172225  0.0529503
3-element Vector{Float64}:
 0.24220717262359626
 0.17222462613436526
 0.08499743995298968
3×7 Matrix{Float64}:
 0.0  0.0  0.0  0.490168  0.357132  0.762871  0.217165
 0.0  0.0  0.0  0.271549  0.317793  0.12175   0.37478
 0.0  0.0  0.0  0.238283  0.325075  0.115379  0.408056
3-element Vector{Float64}:
 0.24220717262359626
 0.17222462613436526
 0.08499743995298968
a: [0.24220717262359626 0.0 0.03204715005809883; 0.0 0.17222462613436526 0.052950289894890853]
b: [0.24220717262359626, 0.17222462613436526, 0.08499743995298968]
c: [0.0 0.0 0.0 0.4901684335692527 0.35713172768559337 0.7628710181446109 0.21716459665944496; 0.0 0.0 0.0 0.2715490466189599 0.31779287633190606 0.12174955218703565 0.3747798726324834; 0.0 0.0 0.0 0.23828251981178744 0.3250753959825006 0.1153794296683535 0.4080555307080716]
d: [0.24220717262359626, 0.17222462613436526, 0.08499743995298968]
comparison (CRT and Glb)on prediction: Dict{Bool, Int64}(0 => 4, 1 => 0)
Dataname	 time	 objv	 lb	 gap	 train_w	 train_g	 test_w	 test_g
/work_bgfs/n/navarrodelacruz/odt/optimal_decision_tree/augmented_datasets/small_toy/small_toy_683.small_toy	 34.01	 0.02497146193554756	 N/A	 N/A	 88.889	 0.0	 75.0	 0.0
