Running 2 processes.
Start training /work_bgfs/n/navarrodelacruz/odt/optimal_decision_tree/augmented_datasets/small_toy/small_toy_830.small_toy with seed 1.
Any[]
(2, 13)
(2, 6)
(2, 3)
(2, 4)
dimension: 2, class: 3
cart cost: 0.15000000000000002
size of X: (2, 9)
Using method: Global linear DT optimization
Version identifier: 20.1.0.0 | 2020-11-10 | 9bedb6d68
CPXPARAM_Threads                                 1
CPXPARAM_TimeLimit                               1728000
Tried aggregator 1 time.
No LP presolve or aggregator reductions.
Presolve time = 0.00 sec. (0.14 ticks)
Initializing dual steep norms . . .

Iteration log . . .
Iteration:     1   Dual objective     =             0.000000
Iteration:    62   Dual objective     =             0.022802
2×3 Matrix{Float64}:
 1.0  1.0  0.0
 0.0  0.0  1.0
3-element Vector{Float64}:
 0.6595924251588403
 0.20464870239208297
 0.26147279570790505
3×7 Matrix{Float64}:
 0.0  0.0  0.0  1.0  0.0  1.0  0.0
 0.0  0.0  0.0  0.0  1.0  0.0  0.0
 0.0  0.0  0.0  0.0  0.0  0.0  1.0
3-element Vector{Float64}:
 1.0
 1.0
 1.0
2×3 Matrix{Float64}:
 0.0       0.0       0.129746
 0.192947  0.159803  0.0
3-element Vector{Float64}:
 0.19294688516883138
 0.15980323678546338
 0.12974631179788204
3×7 Matrix{Float64}:
 0.0  0.0  0.0  0.316136  0.381703  0.652433  0.172684
 0.0  0.0  0.0  0.434072  0.316696  0.177726  0.360638
 0.0  0.0  0.0  0.249793  0.301601  0.169842  0.466678
3-element Vector{Float64}:
 0.19294688516883138
 0.15980323678546338
 0.12974631179788204
a: [0.0 0.0 0.12974631179788204; 0.19294688516883138 0.15980323678546338 0.0]
b: [0.19294688516883138, 0.15980323678546338, 0.12974631179788204]
c: [0.0 0.0 0.0 0.316135506069325 0.3817029142484623 0.6524325600553096 0.1726841066734582; 0.0 0.0 0.0 0.43407157866961404 0.3166964054000629 0.1777257671851189 0.36063809112044576; 0.0 0.0 0.0 0.249792915261061 0.30160068035147486 0.16984167275957152 0.466677802206096]
d: [0.19294688516883138, 0.15980323678546338, 0.12974631179788204]
comparison (CRT and Glb)on prediction: Dict{Bool, Int64}(0 => 4, 1 => 0)
Dataname	 time	 objv	 lb	 gap	 train_w	 train_g	 test_w	 test_g
/work_bgfs/n/navarrodelacruz/odt/optimal_decision_tree/augmented_datasets/small_toy/small_toy_830.small_toy	 28.69	 0.02412482168760884	 N/A	 N/A	 100.0	 0.0	 75.0	 0.0
