Running 2 processes.
Start training /work_bgfs/n/navarrodelacruz/odt/optimal_decision_tree/augmented_datasets/small_toy/small_toy_871.small_toy with seed 1.
Any[]
(2, 13)
(2, 6)
(2, 3)
(2, 4)
dimension: 2, class: 3
cart cost: 2.7500000000000004
size of X: (2, 9)
Using method: Global linear DT optimization
Version identifier: 20.1.0.0 | 2020-11-10 | 9bedb6d68
CPXPARAM_Threads                                 1
CPXPARAM_TimeLimit                               1728000
Tried aggregator 1 time.
No LP presolve or aggregator reductions.
Presolve time = 0.00 sec. (0.14 ticks)
Initializing dual steep norms . . .

Iteration log . . .
Iteration:     1   Dual objective     =             0.000000
Iteration:    62   Dual objective     =             0.024484
2×3 Matrix{Float64}:
 1.0  0.0  1.0
 0.0  1.0  0.0
3-element Vector{Float64}:
 0.5665140720742139
 0.548916512883493
 0.8433850714900052
3×7 Matrix{Float64}:
 0.0  0.0  0.0  1.0  0.0  0.0  0.0
 0.0  0.0  0.0  0.0  1.0  1.0  0.0
 0.0  0.0  0.0  0.0  0.0  0.0  1.0
3-element Vector{Float64}:
 1.0
 1.0
 1.0
2×3 Matrix{Float64}:
 0.0       0.177377  0.0
 0.221763  0.0       0.0905315
3-element Vector{Float64}:
 0.2217634058625494
 0.17737688392040157
 0.09053147039821262
3×7 Matrix{Float64}:
 0.0  0.0  0.0  0.346237  0.419328  0.730822  0.151638
 0.0  0.0  0.0  0.43074   0.332311  0.153567  0.385453
 0.0  0.0  0.0  0.223023  0.248361  0.115611  0.462909
3-element Vector{Float64}:
 0.2217634058625494
 0.17737688392040157
 0.09053147039821262
a: [0.0 0.17737688392040157 0.0; 0.2217634058625494 0.0 0.09053147039821262]
b: [0.2217634058625494, 0.17737688392040157, 0.09053147039821262]
c: [0.0 0.0 0.0 0.34623733326621486 0.4193279869716061 0.7308217350315075 0.15163798211365484; 0.0 0.0 0.0 0.43074006399530085 0.3323109323688101 0.1535672887943549 0.385452741353174; 0.0 0.0 0.0 0.2230226027384843 0.2483610806595838 0.11561097617413763 0.46290927653317115]
d: [0.2217634058625494, 0.17737688392040157, 0.09053147039821262]
comparison (CRT and Glb)on prediction: Dict{Bool, Int64}(0 => 4, 1 => 0)
Dataname	 time	 objv	 lb	 gap	 train_w	 train_g	 test_w	 test_g
/work_bgfs/n/navarrodelacruz/odt/optimal_decision_tree/augmented_datasets/small_toy/small_toy_871.small_toy	 30.63	 0.02448358800905818	 N/A	 N/A	 88.889	 0.0	 50.0	 0.0
