Running 2 processes.
Start training /work_bgfs/n/navarrodelacruz/odt/optimal_decision_tree/augmented_datasets/small_toy/small_toy_663.small_toy with seed 1.
Any[]
(2, 13)
(2, 6)
(2, 3)
(2, 4)
dimension: 2, class: 3
cart cost: 2.7000000000000006
size of X: (2, 9)
Using method: Global linear DT optimization
Version identifier: 20.1.0.0 | 2020-11-10 | 9bedb6d68
CPXPARAM_Threads                                 1
CPXPARAM_TimeLimit                               1728000
Tried aggregator 1 time.
No LP presolve or aggregator reductions.
Presolve time = 0.00 sec. (0.14 ticks)
Initializing dual steep norms . . .

Iteration log . . .
Iteration:     1   Dual objective     =             0.000000
Iteration:    62   Dual objective     =             0.023698
2×3 Matrix{Float64}:
 0.0  0.0  0.0
 1.0  0.0  1.0
3-element Vector{Float64}:
 0.27131639496871185
 0.0
 0.7629428913335192
3×7 Matrix{Float64}:
 0.0  0.0  0.0  0.0  1.0  0.0  0.0
 0.0  0.0  0.0  0.0  0.0  1.0  0.0
 0.0  0.0  0.0  0.0  0.0  0.0  1.0
3-element Vector{Float64}:
 1.0
 0.0
 1.0
2×3 Matrix{Float64}:
 0.128162   0.0       0.0
 0.0420658  0.133498  0.170228
3-element Vector{Float64}:
 0.17022805105548255
 0.13349776860633342
 0.17022805105548255
3×7 Matrix{Float64}:
 0.0  0.0  0.0  0.566982  0.525773  0.563489  0.148789
 0.0  0.0  0.0  0.224286  0.260284  0.22867   0.366064
 0.0  0.0  0.0  0.208732  0.213942  0.207841  0.485147
3-element Vector{Float64}:
 0.17022805105548255
 0.13349776860633342
 0.17022805105548255
a: [0.1281622692259663 0.0 0.0; 0.04206578182951645 0.13349776860633342 0.17022805105548255]
b: [0.17022805105548255, 0.13349776860633342, 0.17022805105548255]
c: [0.0 0.0 0.0 0.5669817501385926 0.5257730710947051 0.5634889697590952 0.14878897185920786; 0.0 0.0 0.0 0.22428623718905316 0.2602844957674673 0.22866986737211092 0.3660641973247565; 0.0 0.0 0.0 0.20873201267235417 0.21394243313782768 0.20784116286879384 0.4851468308160356]
d: [0.17022805105548255, 0.13349776860633342, 0.17022805105548255]
comparison (CRT and Glb)on prediction: Dict{Bool, Int64}(0 => 3, 1 => 1)
Dataname	 time	 objv	 lb	 gap	 train_w	 train_g	 test_w	 test_g
/work_bgfs/n/navarrodelacruz/odt/optimal_decision_tree/augmented_datasets/small_toy/small_toy_663.small_toy	 36.18	 0.02369769353586492	 N/A	 N/A	 88.889	 33.333	 75.0	 50.0
