Running 2 processes.
Start training /work_bgfs/n/navarrodelacruz/odt/optimal_decision_tree/augmented_datasets/small_toy/small_toy_526.small_toy with seed 1.
Any[]
(2, 13)
(2, 6)
(2, 3)
(2, 4)
dimension: 2, class: 3
cart cost: 7.9
size of X: (2, 9)
Using method: Global linear DT optimization
Version identifier: 20.1.0.0 | 2020-11-10 | 9bedb6d68
CPXPARAM_Threads                                 1
CPXPARAM_TimeLimit                               1728000
Tried aggregator 1 time.
No LP presolve or aggregator reductions.
Presolve time = 0.00 sec. (0.14 ticks)
Initializing dual steep norms . . .

Iteration log . . .
Iteration:     1   Dual objective     =             0.000000
2×3 Matrix{Float64}:
 1.0  0.0  0.0
 0.0  0.0  1.0
3-element Vector{Float64}:
 0.198351873984887
 0.0
 0.15941920268083842
3×7 Matrix{Float64}:
 0.0  0.0  0.0  0.0  1.0  1.0  0.0
 0.0  0.0  0.0  0.0  0.0  0.0  1.0
 0.0  0.0  0.0  0.0  0.0  0.0  0.0
3-element Vector{Float64}:
 1.0
 0.0
 1.0
2×3 Matrix{Float64}:
 0.0       0.0        0.17972
 0.203997  0.0799689  0.0242768
3-element Vector{Float64}:
 0.20399682653360446
 0.0799688942809706
 0.20399682653360446
3×7 Matrix{Float64}:
 0.0  0.0  0.0  0.787367   0.398274  0.447577  0.168046
 0.0  0.0  0.0  0.13457    0.273602  0.283259  0.378318
 0.0  0.0  0.0  0.0780637  0.328125  0.269164  0.453635
3-element Vector{Float64}:
 0.20399682653360446
 0.0799688942809706
 0.20399682653360446
a: [0.0 0.0 0.17972006261308285; 0.20399682653360446 0.0799688942809706 0.02427676392052161]
b: [0.20399682653360446, 0.0799688942809706, 0.20399682653360446]
c: [0.0 0.0 0.0 0.7873666211755 0.3982736676160192 0.44757677498243864 0.16804627587033402; 0.0 0.0 0.0 0.13456965263405038 0.2736015873606404 0.2832591831507786 0.37831832599490783; 0.0 0.0 0.0 0.07806372619044954 0.3281247450233404 0.2691640418667828 0.4536353981347581]
d: [0.20399682653360446, 0.0799688942809706, 0.20399682653360446]
comparison (CRT and Glb)on prediction: Dict{Bool, Int64}(0 => 2, 1 => 2)
Dataname	 time	 objv	 lb	 gap	 train_w	 train_g	 test_w	 test_g
/work_bgfs/n/navarrodelacruz/odt/optimal_decision_tree/augmented_datasets/small_toy/small_toy_526.small_toy	 28.9	 0.024398127367408984	 N/A	 N/A	 66.667	 33.333	 75.0	 50.0
