Running 2 processes.
Start training /work_bgfs/n/navarrodelacruz/odt/optimal_decision_tree/augmented_datasets/small_toy/small_toy_137.small_toy with seed 1.
Any[]
(2, 13)
(2, 6)
(2, 3)
(2, 4)
dimension: 2, class: 3
cart cost: 0.15000000000000002
size of X: (2, 9)
Using method: Global linear DT optimization
Version identifier: 20.1.0.0 | 2020-11-10 | 9bedb6d68
CPXPARAM_Threads                                 1
CPXPARAM_TimeLimit                               1728000
Tried aggregator 1 time.
No LP presolve or aggregator reductions.
Presolve time = 0.00 sec. (0.14 ticks)
Initializing dual steep norms . . .

Iteration log . . .
Iteration:     1   Dual objective     =             0.000000
Iteration:    62   Dual objective     =             0.024132
2×3 Matrix{Float64}:
 1.0  1.0  0.0
 0.0  0.0  1.0
3-element Vector{Float64}:
 0.6302213073602121
 0.156447479228981
 0.1941445735851529
3×7 Matrix{Float64}:
 0.0  0.0  0.0  1.0  0.0  1.0  0.0
 0.0  0.0  0.0  0.0  1.0  0.0  0.0
 0.0  0.0  0.0  0.0  0.0  0.0  1.0
3-element Vector{Float64}:
 1.0
 1.0
 1.0
2×3 Matrix{Float64}:
 0.0       0.17022  1.17118e-5
 0.229065  0.0      0.0833383
3-element Vector{Float64}:
 0.22906512191303322
 0.17021994627977127
 0.0833500215213755
3×7 Matrix{Float64}:
 0.0  0.0  0.0  0.488411  0.451943  0.788896  0.160993
 0.0  0.0  0.0  0.285579  0.287996  0.104795  0.373269
 0.0  0.0  0.0  0.22601   0.260061  0.106309  0.465737
3-element Vector{Float64}:
 0.22906512191303322
 0.17021994627977127
 0.0833500215213755
a: [0.0 0.17021994627977127 1.1711771498501555e-5; 0.22906512191303322 0.0 0.083338309749877]
b: [0.22906512191303322, 0.17021994627977127, 0.0833500215213755]
c: [0.0 0.0 0.0 0.4884105090055369 0.4519425327359122 0.7888960207019013 0.16099327783651673; 0.0 0.0 0.0 0.28557941196410036 0.2879962595717159 0.10479469027898242 0.3732692567873014; 0.0 0.0 0.0 0.2260100790303627 0.26006120769237195 0.10630928901911618 0.4657374653761819]
d: [0.22906512191303322, 0.17021994627977127, 0.0833500215213755]
comparison (CRT and Glb)on prediction: Dict{Bool, Int64}(0 => 4, 1 => 0)
Dataname	 time	 objv	 lb	 gap	 train_w	 train_g	 test_w	 test_g
/work_bgfs/n/navarrodelacruz/odt/optimal_decision_tree/augmented_datasets/small_toy/small_toy_137.small_toy	 30.07	 0.024131754485708996	 N/A	 N/A	 100.0	 0.0	 75.0	 0.0
