Running 2 processes.
Start training /work_bgfs/n/navarrodelacruz/odt/optimal_decision_tree/augmented_datasets/small_toy/small_toy_166.small_toy with seed 1.
Any[]
(2, 13)
(2, 6)
(2, 3)
(2, 4)
dimension: 2, class: 3
cart cost: 2.7500000000000004
size of X: (2, 9)
Using method: Global linear DT optimization
Version identifier: 20.1.0.0 | 2020-11-10 | 9bedb6d68
CPXPARAM_Threads                                 1
CPXPARAM_TimeLimit                               1728000
Tried aggregator 1 time.
No LP presolve or aggregator reductions.
Presolve time = 0.00 sec. (0.14 ticks)
Initializing dual steep norms . . .

Iteration log . . .
Iteration:     1   Dual objective     =             0.000000
Iteration:    62   Dual objective     =             0.024503
2×3 Matrix{Float64}:
 1.0  0.0  1.0
 0.0  1.0  0.0
3-element Vector{Float64}:
 0.6064828096259616
 0.5995426558128556
 0.7891834132074826
3×7 Matrix{Float64}:
 0.0  0.0  0.0  1.0  0.0  0.0  0.0
 0.0  0.0  0.0  0.0  1.0  1.0  0.0
 0.0  0.0  0.0  0.0  0.0  0.0  1.0
3-element Vector{Float64}:
 1.0
 1.0
 1.0
2×3 Matrix{Float64}:
 0.0       0.176707  0.0230552
 0.233925  0.0       0.0563827
3-element Vector{Float64}:
 0.23392531950751735
 0.17670655651753955
 0.07943788983086249
3×7 Matrix{Float64}:
 0.0  0.0  0.0  0.491483  0.440587  0.76273   0.176901
 0.0  0.0  0.0  0.280345  0.29081   0.11753   0.364208
 0.0  0.0  0.0  0.228172  0.268603  0.119739  0.45889
3-element Vector{Float64}:
 0.23392531950751735
 0.17670655651753955
 0.07943788983086249
a: [0.0 0.17670655651753955 0.023055160646881793; 0.23392531950751735 0.0 0.056382729183980684]
b: [0.23392531950751735, 0.17670655651753955, 0.07943788983086249]
c: [0.0 0.0 0.0 0.4914827046113388 0.44058713292519386 0.762730300037516 0.1769013155012069; 0.0 0.0 0.0 0.2803454407434727 0.2908101997019315 0.11753036325120284 0.36420828520060644; 0.0 0.0 0.0 0.22817185464518852 0.2686026673728747 0.11973933671128123 0.45889039929818665]
d: [0.23392531950751735, 0.17670655651753955, 0.07943788983086249]
comparison (CRT and Glb)on prediction: Dict{Bool, Int64}(0 => 4, 1 => 0)
Dataname	 time	 objv	 lb	 gap	 train_w	 train_g	 test_w	 test_g
/work_bgfs/n/navarrodelacruz/odt/optimal_decision_tree/augmented_datasets/small_toy/small_toy_166.small_toy	 34.36	 0.024503488292795972	 N/A	 N/A	 88.889	 0.0	 50.0	 0.0
