Running 2 processes.
Start training /work_bgfs/n/navarrodelacruz/odt/optimal_decision_tree/augmented_datasets/small_toy/small_toy_147.small_toy with seed 1.
Any[]
(2, 13)
(2, 6)
(2, 3)
(2, 4)
dimension: 2, class: 3
cart cost: 2.7000000000000006
size of X: (2, 9)
Using method: Global linear DT optimization
Version identifier: 20.1.0.0 | 2020-11-10 | 9bedb6d68
CPXPARAM_Threads                                 1
CPXPARAM_TimeLimit                               1728000
Tried aggregator 1 time.
No LP presolve or aggregator reductions.
Presolve time = 0.14 sec. (0.14 ticks)
Initializing dual steep norms . . .

Iteration log . . .
Iteration:     1   Dual objective     =             0.000000
Iteration:    62   Dual objective     =             0.024438
2×3 Matrix{Float64}:
 0.0  0.0  1.0
 1.0  0.0  0.0
3-element Vector{Float64}:
 0.34614896319332433
 0.0
 0.6582427870165891
3×7 Matrix{Float64}:
 0.0  0.0  0.0  0.0  1.0  0.0  0.0
 0.0  0.0  0.0  0.0  0.0  1.0  0.0
 0.0  0.0  0.0  0.0  0.0  0.0  1.0
3-element Vector{Float64}:
 1.0
 0.0
 1.0
2×3 Matrix{Float64}:
 0.141061  0.0       0.0
 0.035759  0.135124  0.17682
3-element Vector{Float64}:
 0.1768197472095954
 0.1351239715981156
 0.1768197472095953
3×7 Matrix{Float64}:
 0.0  0.0  0.0  0.653058  0.345761  0.589109  0.157249
 0.0  0.0  0.0  0.176884  0.26495   0.231466  0.382146
 0.0  0.0  0.0  0.170058  0.389289  0.179425  0.460606
3-element Vector{Float64}:
 0.1768197472095953
 0.1351239715981156
 0.1768197472095953
a: [0.1410607693418471 0.0 0.0; 0.035758977867748204 0.1351239715981156 0.1768197472095953]
b: [0.1768197472095954, 0.1351239715981156, 0.1768197472095953]
c: [0.0 0.0 0.0 0.653057940007085 0.345760640155513 0.5891090053550337 0.1572485456899646; 0.0 0.0 0.0 0.1768838510911358 0.26495000523375245 0.2314656493994771 0.38214590170070006; 0.0 0.0 0.0 0.17005820890177928 0.38928935461073455 0.17942534524548914 0.46060555260933533]
d: [0.1768197472095953, 0.1351239715981156, 0.1768197472095953]
comparison (CRT and Glb)on prediction: Dict{Bool, Int64}(0 => 2, 1 => 2)
Dataname	 time	 objv	 lb	 gap	 train_w	 train_g	 test_w	 test_g
/work_bgfs/n/navarrodelacruz/odt/optimal_decision_tree/augmented_datasets/small_toy/small_toy_147.small_toy	 36.67	 0.02443817330086532	 N/A	 N/A	 88.889	 33.333	 50.0	 50.0
