Running 2 processes.
Start training /work_bgfs/n/navarrodelacruz/odt/optimal_decision_tree/augmented_datasets/small_toy/small_toy_713.small_toy with seed 1.
Any[]
(2, 13)
(2, 6)
(2, 3)
(2, 4)
dimension: 2, class: 3
cart cost: 2.7500000000000004
size of X: (2, 9)
Using method: Global linear DT optimization
Version identifier: 20.1.0.0 | 2020-11-10 | 9bedb6d68
CPXPARAM_Threads                                 1
CPXPARAM_TimeLimit                               1728000
Tried aggregator 1 time.
No LP presolve or aggregator reductions.
Presolve time = 0.00 sec. (0.14 ticks)
Initializing dual steep norms . . .

Iteration log . . .
Iteration:     1   Dual objective     =             0.000000
2×3 Matrix{Float64}:
 1.0  0.0  1.0
 0.0  1.0  0.0
3-element Vector{Float64}:
 0.6576605967272546
 0.5052469288802028
 0.8327085513699752
3×7 Matrix{Float64}:
 0.0  0.0  0.0  1.0  0.0  0.0  0.0
 0.0  0.0  0.0  0.0  1.0  1.0  0.0
 0.0  0.0  0.0  0.0  0.0  0.0  1.0
3-element Vector{Float64}:
 1.0
 1.0
 1.0
2×3 Matrix{Float64}:
 0.0       0.0        0.189565
 0.189565  0.0973976  0.0
3-element Vector{Float64}:
 0.18956538092780595
 0.09739758737626748
 0.18956538092780595
3×7 Matrix{Float64}:
 0.0  0.0  0.0  0.671879  0.378189  0.498197  0.173678
 0.0  0.0  0.0  0.160069  0.311542  0.253061  0.380405
 0.0  0.0  0.0  0.168053  0.310268  0.248742  0.445916
3-element Vector{Float64}:
 0.18956538092780595
 0.09739758737626748
 0.18956538092780595
a: [0.0 0.0 0.18956538092780595; 0.18956538092780595 0.09739758737626748 0.0]
b: [0.18956538092780595, 0.09739758737626748, 0.18956538092780595]
c: [0.0 0.0 0.0 0.6718786261270273 0.3781893311144442 0.4981971460300775 0.17367842330979444; 0.0 0.0 0.0 0.16006858276128494 0.3115422330585439 0.253060618210662 0.3804050856155979; 0.0 0.0 0.0 0.16805279111168778 0.3102684358270119 0.24874223575926047 0.4459164910746077]
d: [0.18956538092780595, 0.09739758737626748, 0.18956538092780595]
comparison (CRT and Glb)on prediction: Dict{Bool, Int64}(0 => 2, 1 => 2)
Dataname	 time	 objv	 lb	 gap	 train_w	 train_g	 test_w	 test_g
/work_bgfs/n/navarrodelacruz/odt/optimal_decision_tree/augmented_datasets/small_toy/small_toy_713.small_toy	 30.11	 0.023826417461593974	 N/A	 N/A	 88.889	 33.333	 50.0	 50.0
