Running 2 processes.
Start training /work_bgfs/n/navarrodelacruz/odt/optimal_decision_tree/augmented_datasets/small_toy/small_toy_482.small_toy with seed 1.
Any[]
(2, 13)
(2, 6)
(2, 3)
(2, 4)
dimension: 2, class: 3
cart cost: 2.7000000000000006
size of X: (2, 9)
Using method: Global linear DT optimization
Version identifier: 20.1.0.0 | 2020-11-10 | 9bedb6d68
CPXPARAM_Threads                                 1
CPXPARAM_TimeLimit                               1728000
Tried aggregator 1 time.
No LP presolve or aggregator reductions.
Presolve time = 0.00 sec. (0.14 ticks)
Initializing dual steep norms . . .

Iteration log . . .
Iteration:     1   Dual objective     =             0.000000
Iteration:    62   Dual objective     =             0.023705
2×3 Matrix{Float64}:
 0.0  0.0  1.0
 1.0  0.0  0.0
3-element Vector{Float64}:
 0.3576776440215591
 0.0
 0.6038181757904326
3×7 Matrix{Float64}:
 0.0  0.0  0.0  0.0  1.0  0.0  0.0
 0.0  0.0  0.0  0.0  0.0  1.0  0.0
 0.0  0.0  0.0  0.0  0.0  0.0  1.0
3-element Vector{Float64}:
 1.0
 0.0
 1.0
2×3 Matrix{Float64}:
 0.0       0.0        0.184352
 0.203437  0.0863068  0.0
3-element Vector{Float64}:
 0.20343749291811936
 0.0863068436992245
 0.1843521860594896
3×7 Matrix{Float64}:
 0.0  0.0  0.0  0.726623  0.400687  0.491046  0.167513
 0.0  0.0  0.0  0.138932  0.327482  0.26001   0.382393
 0.0  0.0  0.0  0.134446  0.271831  0.248944  0.450094
3-element Vector{Float64}:
 0.20343749291811936
 0.0863068436992245
 0.1843521860594896
a: [0.0 0.0 0.1843521860594896; 0.20343749291811936 0.0863068436992245 0.0]
b: [0.20343749291811936, 0.0863068436992245, 0.1843521860594896]
c: [0.0 0.0 0.0 0.7266225420244743 0.4006870969960065 0.4910457139996741 0.16751289737956426; 0.0 0.0 0.0 0.13893168315822735 0.32748171636426365 0.26001022616410363 0.38239310086065187; 0.0 0.0 0.0 0.13444577481729836 0.27183118663972977 0.24894405983622225 0.4500940017597839]
d: [0.20343749291811936, 0.0863068436992245, 0.1843521860594896]
comparison (CRT and Glb)on prediction: Dict{Bool, Int64}(0 => 3, 1 => 1)
Dataname	 time	 objv	 lb	 gap	 train_w	 train_g	 test_w	 test_g
/work_bgfs/n/navarrodelacruz/odt/optimal_decision_tree/augmented_datasets/small_toy/small_toy_482.small_toy	 28.93	 0.02370482613384168	 N/A	 N/A	 88.889	 33.333	 75.0	 50.0
