Running 2 processes.
Start training /work_bgfs/n/navarrodelacruz/odt/optimal_decision_tree/augmented_datasets/small_toy/small_toy_621.small_toy with seed 1.
Any[]
(2, 13)
(2, 6)
(2, 3)
(2, 4)
dimension: 2, class: 3
cart cost: 2.7000000000000006
size of X: (2, 9)
Using method: Global linear DT optimization
Version identifier: 20.1.0.0 | 2020-11-10 | 9bedb6d68
CPXPARAM_Threads                                 1
CPXPARAM_TimeLimit                               1728000
Tried aggregator 1 time.
No LP presolve or aggregator reductions.
Presolve time = 0.00 sec. (0.14 ticks)
Initializing dual steep norms . . .

Iteration log . . .
Iteration:     1   Dual objective     =             0.000000
2×3 Matrix{Float64}:
 0.0  0.0  1.0
 1.0  0.0  0.0
3-element Vector{Float64}:
 0.26059008863277855
 0.0
 0.8075639182931129
3×7 Matrix{Float64}:
 0.0  0.0  0.0  0.0  1.0  0.0  0.0
 0.0  0.0  0.0  0.0  0.0  1.0  0.0
 0.0  0.0  0.0  0.0  0.0  0.0  1.0
3-element Vector{Float64}:
 1.0
 0.0
 1.0
2×3 Matrix{Float64}:
 0.0      0.0      0.146654
 0.17009  0.17009  0.0
3-element Vector{Float64}:
 0.17008993282856613
 0.17008993282856613
 0.14665414169713092
3×7 Matrix{Float64}:
 0.0  0.0  0.0  0.419834  0.419834  0.604887  0.137417
 0.0  0.0  0.0  0.2874    0.2874    0.197172  0.409124
 0.0  0.0  0.0  0.292766  0.292766  0.197941  0.453459
3-element Vector{Float64}:
 0.17008993282856613
 0.17008993282856613
 0.14665414169713092
a: [0.0 0.0 0.14665414169713092; 0.17008993282856613 0.17008993282856613 0.0]
b: [0.17008993282856613, 0.17008993282856613, 0.14665414169713092]
c: [0.0 0.0 0.0 0.4198344610110616 0.4198344610110615 0.6048870758589532 0.13741674183837432; 0.0 0.0 0.0 0.28739997381885424 0.2873999738188543 0.19717234146107568 0.4091239861285453; 0.0 0.0 0.0 0.29276556517008423 0.29276556517008423 0.19794058267997117 0.45345927203308045]
d: [0.17008993282856613, 0.17008993282856613, 0.14665414169713092]
comparison (CRT and Glb)on prediction: Dict{Bool, Int64}(0 => 4, 1 => 0)
Dataname	 time	 objv	 lb	 gap	 train_w	 train_g	 test_w	 test_g
/work_bgfs/n/navarrodelacruz/odt/optimal_decision_tree/augmented_datasets/small_toy/small_toy_621.small_toy	 29.7	 0.024341700367713166	 N/A	 N/A	 88.889	 0.0	 50.0	 0.0
