Running 2 processes.
Start training /work_bgfs/n/navarrodelacruz/odt/optimal_decision_tree/augmented_datasets/small_toy/small_toy_160.small_toy with seed 1.
Any[]
(2, 13)
(2, 6)
(2, 3)
(2, 4)
dimension: 2, class: 3
cart cost: 7.9
size of X: (2, 9)
Using method: Global linear DT optimization
Version identifier: 20.1.0.0 | 2020-11-10 | 9bedb6d68
CPXPARAM_Threads                                 1
CPXPARAM_TimeLimit                               1728000
Tried aggregator 1 time.
No LP presolve or aggregator reductions.
Presolve time = 0.00 sec. (0.14 ticks)
Initializing dual steep norms . . .

Iteration log . . .
Iteration:     1   Dual objective     =             0.000000
Iteration:    62   Dual objective     =             0.024090
2×3 Matrix{Float64}:
 1.0  0.0  0.0
 0.0  0.0  1.0
3-element Vector{Float64}:
 0.17766099768311286
 0.0
 0.21914734989872503
3×7 Matrix{Float64}:
 0.0  0.0  0.0  0.0  1.0  1.0  0.0
 0.0  0.0  0.0  0.0  0.0  0.0  1.0
 0.0  0.0  0.0  0.0  0.0  0.0  0.0
3-element Vector{Float64}:
 1.0
 0.0
 1.0
2×3 Matrix{Float64}:
 0.0      0.171282  0.0
 0.22829  0.0       0.0822311
3-element Vector{Float64}:
 0.22828950183850802
 0.1712820704555805
 0.08223107769178954
3×7 Matrix{Float64}:
 0.0  0.0  0.0  0.537022  0.440669  0.762249  0.17558
 0.0  0.0  0.0  0.234774  0.298489  0.131211  0.363027
 0.0  0.0  0.0  0.228203  0.260842  0.10654   0.461393
3-element Vector{Float64}:
 0.22828950183850802
 0.1712820704555805
 0.08223107769178954
a: [0.0 0.1712820704555805 0.0; 0.22828950183850802 0.0 0.08223107769178954]
b: [0.22828950183850802, 0.1712820704555805, 0.08223107769178954]
c: [0.0 0.0 0.0 0.5370223665329454 0.440669234923036 0.7622488691713233 0.1755796518427486; 0.0 0.0 0.0 0.23477426357486342 0.29848925060863946 0.13121114562192324 0.36302714045393725; 0.0 0.0 0.0 0.22820336989219117 0.26084151446832454 0.10653998520675345 0.46139320770331416]
d: [0.22828950183850802, 0.1712820704555805, 0.08223107769178954]
comparison (CRT and Glb)on prediction: Dict{Bool, Int64}(0 => 2, 1 => 2)
Dataname	 time	 objv	 lb	 gap	 train_w	 train_g	 test_w	 test_g
/work_bgfs/n/navarrodelacruz/odt/optimal_decision_tree/augmented_datasets/small_toy/small_toy_160.small_toy	 29.72	 0.02409013249929391	 N/A	 N/A	 66.667	 33.333	 75.0	 50.0
