Running 2 processes.
Start training /work_bgfs/n/navarrodelacruz/odt/optimal_decision_tree/augmented_datasets/small_toy/small_toy_857.small_toy with seed 1.
Any[]
(2, 13)
(2, 6)
(2, 3)
(2, 4)
dimension: 2, class: 3
cart cost: 2.7000000000000006
size of X: (2, 9)
Using method: Global linear DT optimization
Version identifier: 20.1.0.0 | 2020-11-10 | 9bedb6d68
CPXPARAM_Threads                                 1
CPXPARAM_TimeLimit                               1728000
Tried aggregator 1 time.
No LP presolve or aggregator reductions.
Presolve time = 0.00 sec. (0.14 ticks)
Initializing dual steep norms . . .

Iteration log . . .
Iteration:     1   Dual objective     =             0.000000
2×3 Matrix{Float64}:
 1.0  0.0  0.0
 0.0  1.0  0.0
3-element Vector{Float64}:
 0.7105078860092434
 0.24732248527086498
 0.0
3×7 Matrix{Float64}:
 0.0  0.0  0.0  1.0  0.0  0.0  0.0
 0.0  0.0  0.0  0.0  1.0  0.0  0.0
 0.0  0.0  0.0  0.0  0.0  0.0  1.0
3-element Vector{Float64}:
 1.0
 1.0
 0.0
2×3 Matrix{Float64}:
 0.116363   0.0       0.0
 0.0513485  0.135434  0.167711
3-element Vector{Float64}:
 0.16771134390874065
 0.13543378845809867
 0.16771134390874062
3×7 Matrix{Float64}:
 0.0  0.0  0.0  0.653606  0.315148  0.578745  0.191789
 0.0  0.0  0.0  0.194651  0.48186   0.240797  0.333381
 0.0  0.0  0.0  0.151744  0.202993  0.180458  0.47483
3-element Vector{Float64}:
 0.16771134390874062
 0.13543378845809867
 0.16771134390874062
a: [0.11636281677050159 0.0 0.0; 0.051348527138239036 0.13543378845809867 0.16771134390874062]
b: [0.16771134390874065, 0.13543378845809867, 0.16771134390874062]
c: [0.0 0.0 0.0 0.6536057123451104 0.3151477694911311 0.5787450066307301 0.19178925831420995; 0.0 0.0 0.0 0.1946507302484453 0.48185971049831666 0.24079689787394432 0.33338108899498886; 0.0 0.0 0.0 0.1517435574064443 0.2029925200105523 0.18045809549532554 0.47482965269080113]
d: [0.16771134390874062, 0.13543378845809867, 0.16771134390874062]
comparison (CRT and Glb)on prediction: Dict{Bool, Int64}(0 => 3, 1 => 1)
Dataname	 time	 objv	 lb	 gap	 train_w	 train_g	 test_w	 test_g
/work_bgfs/n/navarrodelacruz/odt/optimal_decision_tree/augmented_datasets/small_toy/small_toy_857.small_toy	 33.24	 0.023542823813778993	 N/A	 N/A	 88.889	 33.333	 75.0	 50.0
