Running 2 processes.
Start training /work_bgfs/n/navarrodelacruz/odt/optimal_decision_tree/augmented_datasets/small_toy/small_toy_200.small_toy with seed 1.
Any[]
(2, 13)
(2, 6)
(2, 3)
(2, 4)
dimension: 2, class: 3
cart cost: 7.9
size of X: (2, 9)
Using method: Global linear DT optimization
Version identifier: 20.1.0.0 | 2020-11-10 | 9bedb6d68
CPXPARAM_Threads                                 1
CPXPARAM_TimeLimit                               1728000
Tried aggregator 1 time.
No LP presolve or aggregator reductions.
Presolve time = 0.00 sec. (0.14 ticks)
Initializing dual steep norms . . .

Iteration log . . .
Iteration:     1   Dual objective     =             0.000000
Iteration:    62   Dual objective     =             0.023762
2×3 Matrix{Float64}:
 1.0  0.0  0.0
 0.0  0.0  1.0
3-element Vector{Float64}:
 0.19494502844687578
 0.0
 0.1750415884452353
3×7 Matrix{Float64}:
 0.0  0.0  0.0  0.0  1.0  1.0  0.0
 0.0  0.0  0.0  0.0  0.0  0.0  1.0
 0.0  0.0  0.0  0.0  0.0  0.0  0.0
3-element Vector{Float64}:
 1.0
 0.0
 1.0
2×3 Matrix{Float64}:
 0.0       0.160386  0.012793
 0.221995  0.0       0.0800694
3-element Vector{Float64}:
 0.22199545285829492
 0.16038560499874702
 0.09286243350193019
3×7 Matrix{Float64}:
 0.0  0.0  0.0  0.561115  0.439197  0.736744  0.175485
 0.0  0.0  0.0  0.218175  0.298519  0.144761  0.363145
 0.0  0.0  0.0  0.22071   0.262284  0.118495  0.46137
3-element Vector{Float64}:
 0.22199545285829492
 0.16038560499874702
 0.09286243350193019
a: [0.0 0.1603856049987471 0.012793017870529333; 0.22199545285829492 0.0 0.08006941563140085]
b: [0.22199545285829492, 0.16038560499874702, 0.09286243350193019]
c: [0.0 0.0 0.0 0.5611151576767077 0.43919698072093877 0.7367438692586847 0.1754850580885646; 0.0 0.0 0.0 0.2181751422123866 0.298519468820075 0.1447609416089921 0.36314472860297276; 0.0 0.0 0.0 0.22070970011090574 0.26228355045898616 0.11849518913232315 0.4613702133084626]
d: [0.22199545285829492, 0.16038560499874702, 0.09286243350193019]
comparison (CRT and Glb)on prediction: Dict{Bool, Int64}(0 => 2, 1 => 2)
Dataname	 time	 objv	 lb	 gap	 train_w	 train_g	 test_w	 test_g
/work_bgfs/n/navarrodelacruz/odt/optimal_decision_tree/augmented_datasets/small_toy/small_toy_200.small_toy	 34.01	 0.023762174567948612	 N/A	 N/A	 66.667	 33.333	 75.0	 50.0
