Running 2 processes.
Start training /work_bgfs/n/navarrodelacruz/odt/optimal_decision_tree/augmented_datasets/small_toy/small_toy_718.small_toy with seed 1.
Any[]
(2, 13)
(2, 6)
(2, 3)
(2, 4)
dimension: 2, class: 3
cart cost: 2.7500000000000004
size of X: (2, 9)
Using method: Global linear DT optimization
Version identifier: 20.1.0.0 | 2020-11-10 | 9bedb6d68
CPXPARAM_Threads                                 1
CPXPARAM_TimeLimit                               1728000
Tried aggregator 1 time.
No LP presolve or aggregator reductions.
Presolve time = 0.00 sec. (0.14 ticks)
Initializing dual steep norms . . .

Iteration log . . .
Iteration:     1   Dual objective     =             0.000000
Iteration:    62   Dual objective     =             0.021765
2×3 Matrix{Float64}:
 1.0  0.0  1.0
 0.0  1.0  0.0
3-element Vector{Float64}:
 0.6245285196025114
 0.4794726215331754
 0.8246561834211676
3×7 Matrix{Float64}:
 0.0  0.0  0.0  1.0  0.0  0.0  0.0
 0.0  0.0  0.0  0.0  1.0  1.0  0.0
 0.0  0.0  0.0  0.0  0.0  0.0  1.0
3-element Vector{Float64}:
 1.0
 1.0
 1.0
2×3 Matrix{Float64}:
 0.0       0.0       0.169354
 0.197813  0.107999  0.0
3-element Vector{Float64}:
 0.19781270883199364
 0.10799869141993818
 0.16935383403896184
3×7 Matrix{Float64}:
 0.0  0.0  0.0  0.215764  0.395198  0.544342  0.170819
 0.0  0.0  0.0  0.603569  0.331088  0.227937  0.367301
 0.0  0.0  0.0  0.180666  0.273713  0.227722  0.46188
3-element Vector{Float64}:
 0.19781270883199364
 0.10799869141993818
 0.16935383403896184
a: [0.0 0.0 0.16935383403896184; 0.19781270883199364 0.10799869141993818 0.0]
b: [0.19781270883199364, 0.10799869141993818, 0.16935383403896184]
c: [0.0 0.0 0.0 0.2157642680371026 0.3951984396145385 0.5443415004273879 0.1708191102013184; 0.0 0.0 0.0 0.6035692549247504 0.33108844125257897 0.22793674280603557 0.36730121669818744; 0.0 0.0 0.0 0.18066647703814698 0.27371311913288254 0.22772175676657647 0.4618796731004942]
d: [0.19781270883199364, 0.10799869141993818, 0.16935383403896184]
comparison (CRT and Glb)on prediction: Dict{Bool, Int64}(0 => 3, 1 => 1)
Dataname	 time	 objv	 lb	 gap	 train_w	 train_g	 test_w	 test_g
/work_bgfs/n/navarrodelacruz/odt/optimal_decision_tree/augmented_datasets/small_toy/small_toy_718.small_toy	 28.4	 0.02375826171454468	 N/A	 N/A	 88.889	 33.333	 50.0	 25.0
