Running 2 processes.
Start training /work_bgfs/n/navarrodelacruz/odt/optimal_decision_tree/augmented_datasets/small_toy/small_toy_52.small_toy with seed 1.
Any[]
(2, 13)
(2, 6)
(2, 3)
(2, 4)
dimension: 2, class: 3
cart cost: 2.7500000000000004
size of X: (2, 9)
Using method: Global linear DT optimization
Version identifier: 20.1.0.0 | 2020-11-10 | 9bedb6d68
CPXPARAM_Threads                                 1
CPXPARAM_TimeLimit                               1728000
Tried aggregator 1 time.
No LP presolve or aggregator reductions.
Presolve time = 0.00 sec. (0.14 ticks)
Initializing dual steep norms . . .

Iteration log . . .
Iteration:     1   Dual objective     =             0.000000
Iteration:    62   Dual objective     =             0.023745
2×3 Matrix{Float64}:
 0.0  1.0  0.0
 1.0  0.0  1.0
3-element Vector{Float64}:
 0.39576739222636376
 0.7588284985441001
 0.6314822353189216
3×7 Matrix{Float64}:
 0.0  0.0  0.0  1.0  0.0  0.0  0.0
 0.0  0.0  0.0  0.0  0.0  1.0  0.0
 0.0  0.0  0.0  0.0  1.0  0.0  1.0
3-element Vector{Float64}:
 1.0
 1.0
 1.0
2×3 Matrix{Float64}:
 0.0       0.0429393  0.206928
 0.206928  0.0185755  0.0
3-element Vector{Float64}:
 0.20692765755747206
 0.06151479903489799
 0.20692765755747206
3×7 Matrix{Float64}:
 0.0  0.0  0.0  0.835313   0.405642  0.407321  0.209653
 0.0  0.0  0.0  0.0855099  0.315589  0.299612  0.367156
 0.0  0.0  0.0  0.0791773  0.278769  0.293067  0.423191
3-element Vector{Float64}:
 0.20692765755747206
 0.06151479903489799
 0.20692765755747206
a: [0.0 0.042939264130090804 0.20692765755747206; 0.20692765755747206 0.018575534904807185 0.0]
b: [0.20692765755747206, 0.06151479903489799, 0.20692765755747206]
c: [0.0 0.0 0.0 0.8353127684240561 0.4056415172976136 0.4073210719867382 0.209652780033943; 0.0 0.0 0.0 0.08550989906448947 0.3155891854501767 0.299612011333564 0.3671563565005126; 0.0 0.0 0.0 0.0791773325114544 0.27876929725220967 0.2930669166796978 0.42319086346554446]
d: [0.20692765755747206, 0.06151479903489799, 0.20692765755747206]
comparison (CRT and Glb)on prediction: Dict{Bool, Int64}(0 => 2, 1 => 2)
Dataname	 time	 objv	 lb	 gap	 train_w	 train_g	 test_w	 test_g
/work_bgfs/n/navarrodelacruz/odt/optimal_decision_tree/augmented_datasets/small_toy/small_toy_52.small_toy	 30.57	 0.02376850570749211	 N/A	 N/A	 88.889	 33.333	 50.0	 50.0
