Running 2 processes.
Start training /work_bgfs/n/navarrodelacruz/odt/optimal_decision_tree/augmented_datasets/small_toy/small_toy_489.small_toy with seed 1.
Any[]
(2, 13)
(2, 6)
(2, 3)
(2, 4)
dimension: 2, class: 3
cart cost: 2.7000000000000006
size of X: (2, 9)
Using method: Global linear DT optimization
Version identifier: 20.1.0.0 | 2020-11-10 | 9bedb6d68
CPXPARAM_Threads                                 1
CPXPARAM_TimeLimit                               1728000
Tried aggregator 1 time.
No LP presolve or aggregator reductions.
Presolve time = 0.00 sec. (0.14 ticks)
Initializing dual steep norms . . .

Iteration log . . .
Iteration:     1   Dual objective     =             0.000000
Iteration:    62   Dual objective     =             0.023173
2×3 Matrix{Float64}:
 0.0  0.0  0.0
 1.0  0.0  1.0
3-element Vector{Float64}:
 0.2929453992746085
 0.0
 0.6801852131976749
3×7 Matrix{Float64}:
 0.0  0.0  0.0  0.0  1.0  0.0  0.0
 0.0  0.0  0.0  0.0  0.0  1.0  0.0
 0.0  0.0  0.0  0.0  0.0  0.0  1.0
3-element Vector{Float64}:
 1.0
 0.0
 1.0
2×3 Matrix{Float64}:
 0.106854   0.0      0.0
 0.0595926  0.13665  0.166447
3-element Vector{Float64}:
 0.16644687717743079
 0.13665034224700343
 0.16644687717743073
3×7 Matrix{Float64}:
 0.0  0.0  0.0  0.604802  0.326663  0.493433  0.166859
 0.0  0.0  0.0  0.187967  0.260559  0.228953  0.36206
 0.0  0.0  0.0  0.207231  0.412778  0.277614  0.47108
3-element Vector{Float64}:
 0.16644687717743073
 0.13665034224700343
 0.16644687717743073
a: [0.10685430459267789 0.0 0.0; 0.05959257258475284 0.13665034224700343 0.16644687717743073]
b: [0.16644687717743079, 0.13665034224700343, 0.16644687717743073]
c: [0.0 0.0 0.0 0.6048019109053187 0.32666276256840754 0.49343301151939867 0.16685930132363275; 0.0 0.0 0.0 0.1879670249067642 0.2605591929862209 0.22895313537898823 0.3620602811413071; 0.0 0.0 0.0 0.20723106418791712 0.4127780444453716 0.27761385310161313 0.4710804175350601]
d: [0.16644687717743073, 0.13665034224700343, 0.16644687717743073]
comparison (CRT and Glb)on prediction: Dict{Bool, Int64}(0 => 2, 1 => 2)
Dataname	 time	 objv	 lb	 gap	 train_w	 train_g	 test_w	 test_g
/work_bgfs/n/navarrodelacruz/odt/optimal_decision_tree/augmented_datasets/small_toy/small_toy_489.small_toy	 32.25	 0.02347720483009324	 N/A	 N/A	 88.889	 33.333	 50.0	 50.0
