Running 2 processes.
Start training /work_bgfs/n/navarrodelacruz/odt/optimal_decision_tree/augmented_datasets/small_toy/small_toy_760.small_toy with seed 1.
Any[]
(2, 13)
(2, 6)
(2, 3)
(2, 4)
dimension: 2, class: 3
cart cost: 0.1
size of X: (2, 9)
Using method: Global linear DT optimization
Version identifier: 20.1.0.0 | 2020-11-10 | 9bedb6d68
CPXPARAM_Threads                                 1
CPXPARAM_TimeLimit                               1728000
Tried aggregator 1 time.
No LP presolve or aggregator reductions.
Presolve time = 0.00 sec. (0.14 ticks)
Initializing dual steep norms . . .

Iteration log . . .
Iteration:     1   Dual objective     =             0.000000
Iteration:    62   Dual objective     =             0.023853
2×3 Matrix{Float64}:
 1.0  0.0  0.0
 0.0  1.0  0.0
3-element Vector{Float64}:
 0.7166980198405315
 0.38355891507323797
 0.0
3×7 Matrix{Float64}:
 0.0  0.0  0.0  1.0  0.0  0.0  0.0
 0.0  0.0  0.0  0.0  1.0  0.0  0.0
 0.0  0.0  0.0  0.0  0.0  0.0  1.0
3-element Vector{Float64}:
 1.0
 1.0
 0.0
2×3 Matrix{Float64}:
 0.16002    0.0       0.0
 0.0162349  0.124557  0.176255
3-element Vector{Float64}:
 0.17625457242101283
 0.12455728166603809
 0.17625457242101286
3×7 Matrix{Float64}:
 0.0  0.0  0.0  0.666184  0.342847  0.576919  0.17125
 0.0  0.0  0.0  0.174527  0.299779  0.246965  0.350557
 0.0  0.0  0.0  0.159288  0.357375  0.176116  0.478192
3-element Vector{Float64}:
 0.17625457242101286
 0.12455728166603809
 0.17625457242101286
a: [0.1600196937601583 0.0 0.0; 0.016234878660854574 0.12455728166603809 0.17625457242101286]
b: [0.17625457242101283, 0.12455728166603809, 0.17625457242101286]
c: [0.0 0.0 0.0 0.666184229233439 0.3428465618578126 0.5769192428002489 0.17125029539940495; 0.0 0.0 0.0 0.17452739644557042 0.2997786401289664 0.24696469949258704 0.3505572352739679; 0.0 0.0 0.0 0.15928837432099058 0.35737479801322103 0.1761160577071641 0.4781924693266271]
d: [0.17625457242101286, 0.12455728166603809, 0.17625457242101286]
comparison (CRT and Glb)on prediction: Dict{Bool, Int64}(0 => 2, 1 => 2)
Dataname	 time	 objv	 lb	 gap	 train_w	 train_g	 test_w	 test_g
/work_bgfs/n/navarrodelacruz/odt/optimal_decision_tree/augmented_datasets/small_toy/small_toy_760.small_toy	 27.97	 0.023853321325403187	 N/A	 N/A	 100.0	 33.333	 50.0	 50.0
