Running 2 processes.
Start training /work_bgfs/n/navarrodelacruz/odt/optimal_decision_tree/augmented_datasets/small_toy/small_toy_91.small_toy with seed 1.
Any[]
(2, 13)
(2, 6)
(2, 3)
(2, 4)
dimension: 2, class: 3
cart cost: 2.7000000000000006
size of X: (2, 9)
Using method: Global linear DT optimization
Version identifier: 20.1.0.0 | 2020-11-10 | 9bedb6d68
CPXPARAM_Threads                                 1
CPXPARAM_TimeLimit                               1728000
Tried aggregator 1 time.
No LP presolve or aggregator reductions.
Presolve time = 0.00 sec. (0.14 ticks)
Initializing dual steep norms . . .

Iteration log . . .
Iteration:     1   Dual objective     =             0.000000
Iteration:    62   Dual objective     =             0.023077
2×3 Matrix{Float64}:
 0.0  0.0  1.0
 1.0  0.0  0.0
3-element Vector{Float64}:
 0.4161688031523326
 0.0
 0.7566559557250351
3×7 Matrix{Float64}:
 0.0  0.0  0.0  0.0  1.0  0.0  0.0
 0.0  0.0  0.0  0.0  0.0  1.0  0.0
 0.0  0.0  0.0  0.0  0.0  0.0  1.0
3-element Vector{Float64}:
 1.0
 0.0
 1.0
2×3 Matrix{Float64}:
 0.186781  0.0       0.0
 0.0       0.121927  0.161749
3-element Vector{Float64}:
 0.18678130458892075
 0.12192650191216621
 0.16174888097151888
3×7 Matrix{Float64}:
 0.0  0.0  0.0  0.65029   0.358921  0.536071  0.195429
 0.0  0.0  0.0  0.163874  0.318024  0.217396  0.362175
 0.0  0.0  0.0  0.185837  0.323055  0.246533  0.442397
3-element Vector{Float64}:
 0.18678130458892075
 0.12192650191216621
 0.16174888097151888
a: [0.18678130458892075 0.0 0.0; 0.0 0.12192650191216621 0.16174888097151888]
b: [0.18678130458892075, 0.12192650191216621, 0.16174888097151888]
c: [0.0 0.0 0.0 0.650289709945686 0.3589206490963073 0.536070934592553 0.1954285861481061; 0.0 0.0 0.0 0.1638737254376873 0.3180242975652394 0.2173964748802078 0.3621747808685244; 0.0 0.0 0.0 0.18583656461662668 0.3230550533384533 0.2465325905272393 0.44239663298336956]
d: [0.18678130458892075, 0.12192650191216621, 0.16174888097151888]
comparison (CRT and Glb)on prediction: Dict{Bool, Int64}(0 => 2, 1 => 2)
Dataname	 time	 objv	 lb	 gap	 train_w	 train_g	 test_w	 test_g
/work_bgfs/n/navarrodelacruz/odt/optimal_decision_tree/augmented_datasets/small_toy/small_toy_91.small_toy	 32.0	 0.023522834373630296	 N/A	 N/A	 88.889	 33.333	 50.0	 50.0
