Running 2 processes.
Start training /work_bgfs/n/navarrodelacruz/odt/optimal_decision_tree/augmented_datasets/small_toy/small_toy_613.small_toy with seed 1.
Any[]
(2, 13)
(2, 6)
(2, 3)
(2, 4)
dimension: 2, class: 3
cart cost: 2.7000000000000006
size of X: (2, 9)
Using method: Global linear DT optimization
Version identifier: 20.1.0.0 | 2020-11-10 | 9bedb6d68
CPXPARAM_Threads                                 1
CPXPARAM_TimeLimit                               1728000
Tried aggregator 1 time.
No LP presolve or aggregator reductions.
Presolve time = 0.00 sec. (0.14 ticks)
Initializing dual steep norms . . .

Iteration log . . .
Iteration:     1   Dual objective     =             0.000000
Iteration:    62   Dual objective     =             0.023308
2×3 Matrix{Float64}:
 0.0  0.0  0.0
 1.0  0.0  1.0
3-element Vector{Float64}:
 0.34078110244768184
 0.0
 0.607909106525432
3×7 Matrix{Float64}:
 0.0  0.0  0.0  0.0  1.0  0.0  0.0
 0.0  0.0  0.0  0.0  0.0  1.0  0.0
 0.0  0.0  0.0  0.0  0.0  0.0  1.0
3-element Vector{Float64}:
 1.0
 0.0
 1.0
2×3 Matrix{Float64}:
 0.0       0.0       0.146892
 0.159639  0.159639  0.0
3-element Vector{Float64}:
 0.15963850032747515
 0.15963850032747515
 0.14689228031248716
3×7 Matrix{Float64}:
 0.0  0.0  0.0  0.480009  0.316207  0.597208  0.182393
 0.0  0.0  0.0  0.261013  0.462977  0.19532   0.367268
 0.0  0.0  0.0  0.258979  0.220816  0.207472  0.450339
3-element Vector{Float64}:
 0.15963850032747515
 0.15963850032747515
 0.14689228031248716
a: [0.0 0.0 0.14689228031248716; 0.15963850032747515 0.15963850032747515 0.0]
b: [0.15963850032747515, 0.15963850032747515, 0.14689228031248716]
c: [0.0 0.0 0.0 0.4800086990232657 0.3162070802575328 0.5972081139162457 0.18239327569684516; 0.0 0.0 0.0 0.2610125919075057 0.46297679148371923 0.19531991906146146 0.3672675847043261; 0.0 0.0 0.0 0.2589787090692286 0.22081612825874802 0.20747196702229287 0.4503391395988287]
d: [0.15963850032747515, 0.15963850032747515, 0.14689228031248716]
comparison (CRT and Glb)on prediction: Dict{Bool, Int64}(0 => 4, 1 => 0)
Dataname	 time	 objv	 lb	 gap	 train_w	 train_g	 test_w	 test_g
/work_bgfs/n/navarrodelacruz/odt/optimal_decision_tree/augmented_datasets/small_toy/small_toy_613.small_toy	 29.04	 0.023308464048371877	 N/A	 N/A	 88.889	 0.0	 75.0	 0.0
