Running 2 processes.
Start training /work_bgfs/n/navarrodelacruz/odt/optimal_decision_tree/augmented_datasets/small_toy/small_toy_759.small_toy with seed 1.
Any[]
(2, 13)
(2, 6)
(2, 3)
(2, 4)
dimension: 2, class: 3
cart cost: 0.1
size of X: (2, 9)
Using method: Global linear DT optimization
Version identifier: 20.1.0.0 | 2020-11-10 | 9bedb6d68
CPXPARAM_Threads                                 1
CPXPARAM_TimeLimit                               1728000
Tried aggregator 1 time.
No LP presolve or aggregator reductions.
Presolve time = 0.00 sec. (0.14 ticks)
Initializing dual steep norms . . .

Iteration log . . .
Iteration:     1   Dual objective     =             0.000000
Iteration:    62   Dual objective     =             0.023431
2×3 Matrix{Float64}:
 1.0  0.0  0.0
 0.0  1.0  0.0
3-element Vector{Float64}:
 0.6885370532974083
 0.2753057279915924
 0.0
3×7 Matrix{Float64}:
 0.0  0.0  0.0  1.0  0.0  0.0  0.0
 0.0  0.0  0.0  0.0  1.0  0.0  0.0
 0.0  0.0  0.0  0.0  0.0  0.0  1.0
3-element Vector{Float64}:
 1.0
 1.0
 0.0
2×3 Matrix{Float64}:
 0.0       0.0       0.144441
 0.165405  0.165405  0.0
3-element Vector{Float64}:
 0.16540507382966943
 0.16540507382966943
 0.1444407389382619
3×7 Matrix{Float64}:
 0.0  0.0  0.0  0.448695  0.518425  0.581266  0.146005
 0.0  0.0  0.0  0.277813  0.277813  0.23361   0.365548
 0.0  0.0  0.0  0.273493  0.203762  0.185124  0.488447
3-element Vector{Float64}:
 0.16540507382966943
 0.16540507382966943
 0.1444407389382619
a: [0.0 0.0 0.1444407389382619; 0.16540507382966943 0.16540507382966943 0.0]
b: [0.16540507382966943, 0.16540507382966943, 0.1444407389382619]
c: [0.0 0.0 0.0 0.44869459784251964 0.5184252378164591 0.5812661058770876 0.14600530466526274; 0.0 0.0 0.0 0.2778128938081632 0.27781289380816315 0.23361020421592918 0.36554773810944907; 0.0 0.0 0.0 0.27349250834931715 0.20376186837537769 0.18512368990698325 0.4884469572252882]
d: [0.16540507382966943, 0.16540507382966943, 0.1444407389382619]
comparison (CRT and Glb)on prediction: Dict{Bool, Int64}(0 => 4, 1 => 0)
Dataname	 time	 objv	 lb	 gap	 train_w	 train_g	 test_w	 test_g
/work_bgfs/n/navarrodelacruz/odt/optimal_decision_tree/augmented_datasets/small_toy/small_toy_759.small_toy	 80.07	 0.02376254432988004	 N/A	 N/A	 100.0	 0.0	 50.0	 0.0
