Running 2 processes.
Start training /work_bgfs/n/navarrodelacruz/odt/optimal_decision_tree/augmented_datasets/small_toy/small_toy_172.small_toy with seed 1.
Any[]
(2, 13)
(2, 6)
(2, 3)
(2, 4)
dimension: 2, class: 3
cart cost: 2.7000000000000006
size of X: (2, 9)
Using method: Global linear DT optimization
Version identifier: 20.1.0.0 | 2020-11-10 | 9bedb6d68
CPXPARAM_Threads                                 1
CPXPARAM_TimeLimit                               1728000
Tried aggregator 1 time.
No LP presolve or aggregator reductions.
Presolve time = 0.00 sec. (0.14 ticks)
Initializing dual steep norms . . .

Iteration log . . .
Iteration:     1   Dual objective     =             0.000000
Iteration:    62   Dual objective     =             0.024289
2×3 Matrix{Float64}:
 0.0  0.0  1.0
 1.0  0.0  0.0
3-element Vector{Float64}:
 0.34322921523621297
 0.0
 0.6484157299197019
3×7 Matrix{Float64}:
 0.0  0.0  0.0  0.0  1.0  0.0  0.0
 0.0  0.0  0.0  0.0  0.0  1.0  0.0
 0.0  0.0  0.0  0.0  0.0  0.0  1.0
3-element Vector{Float64}:
 1.0
 0.0
 1.0
2×3 Matrix{Float64}:
 0.0       0.132906  0.0
 0.206445  0.029657  0.116771
3-element Vector{Float64}:
 0.20644484991364906
 0.162563189806426
 0.1167708115582821
3×7 Matrix{Float64}:
 0.0  0.0  0.0  0.541661  0.392592  0.693964  0.154295
 0.0  0.0  0.0  0.253368  0.268556  0.1901    0.371582
 0.0  0.0  0.0  0.20497   0.338851  0.115937  0.474123
3-element Vector{Float64}:
 0.20644484991364906
 0.162563189806426
 0.1167708115582821
a: [0.0 0.13290618434269735 0.0; 0.20644484991364906 0.029657005463728653 0.1167708115582821]
b: [0.20644484991364906, 0.162563189806426, 0.1167708115582821]
c: [0.0 0.0 0.0 0.5416613485899251 0.3925922933764507 0.6939636844685293 0.1542950198284227; 0.0 0.0 0.0 0.2533684668235423 0.26855642571649957 0.1900996147155795 0.3715820501605337; 0.0 0.0 0.0 0.20497018458653257 0.33885128090704975 0.11593670081589114 0.47412293001104355]
d: [0.20644484991364906, 0.162563189806426, 0.1167708115582821]
comparison (CRT and Glb)on prediction: Dict{Bool, Int64}(0 => 3, 1 => 1)
Dataname	 time	 objv	 lb	 gap	 train_w	 train_g	 test_w	 test_g
/work_bgfs/n/navarrodelacruz/odt/optimal_decision_tree/augmented_datasets/small_toy/small_toy_172.small_toy	 29.31	 0.024288942563917858	 N/A	 N/A	 88.889	 33.333	 75.0	 50.0
