Running 2 processes.
Start training /work_bgfs/n/navarrodelacruz/odt/optimal_decision_tree/augmented_datasets/small_toy/small_toy_100.small_toy with seed 1.
Any[]
(2, 13)
(2, 6)
(2, 3)
(2, 4)
dimension: 2, class: 3
cart cost: 2.7000000000000006
size of X: (2, 9)
Using method: Global linear DT optimization
Version identifier: 20.1.0.0 | 2020-11-10 | 9bedb6d68
CPXPARAM_Threads                                 1
CPXPARAM_TimeLimit                               1728000
Tried aggregator 1 time.
No LP presolve or aggregator reductions.
Presolve time = 0.00 sec. (0.14 ticks)
Initializing dual steep norms . . .

Iteration log . . .
Iteration:     1   Dual objective     =             0.000000
Iteration:    62   Dual objective     =             0.023205
2×3 Matrix{Float64}:
 0.0  0.0  0.0
 1.0  0.0  1.0
3-element Vector{Float64}:
 0.4047423546363119
 0.0
 0.6553959544391763
3×7 Matrix{Float64}:
 0.0  0.0  0.0  0.0  1.0  0.0  0.0
 0.0  0.0  0.0  0.0  0.0  1.0  0.0
 0.0  0.0  0.0  0.0  0.0  0.0  1.0
3-element Vector{Float64}:
 1.0
 0.0
 1.0
2×3 Matrix{Float64}:
 0.164745    0.0       0.0
 0.00998197  0.125421  0.174727
3-element Vector{Float64}:
 0.17472701209450733
 0.12542096540441652
 0.17472701209450733
3×7 Matrix{Float64}:
 0.0  0.0  0.0  0.703534  0.34516   0.493195  0.171941
 0.0  0.0  0.0  0.170765  0.293785  0.275085  0.361387
 0.0  0.0  0.0  0.125701  0.361055  0.23172   0.466672
3-element Vector{Float64}:
 0.17472701209450733
 0.12542096540441652
 0.17472701209450733
a: [0.16474504205784737 0.0 0.0; 0.009981970036660015 0.12542096540441652 0.17472701209450733]
b: [0.17472701209450733, 0.12542096540441652, 0.17472701209450733]
c: [0.0 0.0 0.0 0.7035341292780024 0.3451595764357905 0.49319546223790545 0.17194147234713897; 0.0 0.0 0.0 0.17076458053551485 0.29378532345750813 0.27508495753796636 0.3613865908888173; 0.0 0.0 0.0 0.12570129018648268 0.36105510010670144 0.2317195802241282 0.4666719367640437]
d: [0.17472701209450733, 0.12542096540441652, 0.17472701209450733]
comparison (CRT and Glb)on prediction: Dict{Bool, Int64}(0 => 3, 1 => 1)
Dataname	 time	 objv	 lb	 gap	 train_w	 train_g	 test_w	 test_g
/work_bgfs/n/navarrodelacruz/odt/optimal_decision_tree/augmented_datasets/small_toy/small_toy_100.small_toy	 33.1	 0.023743749479671564	 N/A	 N/A	 88.889	 33.333	 75.0	 50.0
