Running 2 processes.
Start training /work_bgfs/n/navarrodelacruz/odt/optimal_decision_tree/augmented_datasets/small_toy/small_toy_789.small_toy with seed 1.
Any[]
(2, 13)
(2, 6)
(2, 3)
(2, 4)
dimension: 2, class: 3
cart cost: 0.1
size of X: (2, 9)
Using method: Global linear DT optimization
Version identifier: 20.1.0.0 | 2020-11-10 | 9bedb6d68
CPXPARAM_Threads                                 1
CPXPARAM_TimeLimit                               1728000
Tried aggregator 1 time.
No LP presolve or aggregator reductions.
Presolve time = 0.00 sec. (0.14 ticks)
Initializing dual steep norms . . .

Iteration log . . .
Iteration:     1   Dual objective     =             0.000000
Iteration:    62   Dual objective     =             0.023421
2×3 Matrix{Float64}:
 1.0  0.0  0.0
 0.0  1.0  0.0
3-element Vector{Float64}:
 0.6428391586267505
 0.36154151489212405
 0.0
3×7 Matrix{Float64}:
 0.0  0.0  0.0  1.0  0.0  0.0  0.0
 0.0  0.0  0.0  0.0  1.0  0.0  0.0
 0.0  0.0  0.0  0.0  0.0  0.0  1.0
3-element Vector{Float64}:
 1.0
 1.0
 0.0
2×3 Matrix{Float64}:
 0.0       0.164382  0.00246414
 0.222411  0.0       0.0791676
3-element Vector{Float64}:
 0.2224105531378797
 0.1643817286780892
 0.08163172803137024
3×7 Matrix{Float64}:
 0.0  0.0  0.0  0.506114  0.443238  0.762618  0.173168
 0.0  0.0  0.0  0.272104  0.302897  0.129091  0.352664
 0.0  0.0  0.0  0.221782  0.253865  0.108291  0.474168
3-element Vector{Float64}:
 0.2224105531378797
 0.1643817286780892
 0.08163172803137024
a: [0.0 0.1643817286780892 0.0024641391158980314; 0.2224105531378797 0.0 0.07916758891547221]
b: [0.2224105531378797, 0.1643817286780892, 0.08163172803137024]
c: [0.0 0.0 0.0 0.5061139871450044 0.4432376331678131 0.7626184822470401 0.17316810321515802; 0.0 0.0 0.0 0.27210413468170597 0.30289710249675766 0.12909067355496495 0.3526640508930616; 0.0 0.0 0.0 0.22178187817328965 0.2538652643354292 0.10829084419799496 0.47416784589178046]
d: [0.2224105531378797, 0.1643817286780892, 0.08163172803137024]
comparison (CRT and Glb)on prediction: Dict{Bool, Int64}(0 => 2, 1 => 2)
Dataname	 time	 objv	 lb	 gap	 train_w	 train_g	 test_w	 test_g
/work_bgfs/n/navarrodelacruz/odt/optimal_decision_tree/augmented_datasets/small_toy/small_toy_789.small_toy	 28.44	 0.023421200492366956	 N/A	 N/A	 100.0	 33.333	 50.0	 50.0
