Running 2 processes.
Start training /work_bgfs/n/navarrodelacruz/odt/optimal_decision_tree/augmented_datasets/small_toy/small_toy_583.small_toy with seed 1.
Any[]
(2, 13)
(2, 6)
(2, 3)
(2, 4)
dimension: 2, class: 3
cart cost: 2.7000000000000006
size of X: (2, 9)
Using method: Global linear DT optimization
Version identifier: 20.1.0.0 | 2020-11-10 | 9bedb6d68
CPXPARAM_Threads                                 1
CPXPARAM_TimeLimit                               1728000
Tried aggregator 1 time.
No LP presolve or aggregator reductions.
Presolve time = 0.00 sec. (0.14 ticks)
Initializing dual steep norms . . .

Iteration log . . .
Iteration:     1   Dual objective     =             0.000000
Iteration:    62   Dual objective     =             0.024139
2×3 Matrix{Float64}:
 0.0  0.0  1.0
 1.0  0.0  0.0
3-element Vector{Float64}:
 0.3676920386257044
 0.0
 0.6825044336912222
3×7 Matrix{Float64}:
 0.0  0.0  0.0  0.0  1.0  0.0  0.0
 0.0  0.0  0.0  0.0  0.0  1.0  0.0
 0.0  0.0  0.0  0.0  0.0  0.0  1.0
3-element Vector{Float64}:
 1.0
 0.0
 1.0
2×3 Matrix{Float64}:
 0.0       0.175327  0.0137542
 0.224519  0.0       0.0691728
3-element Vector{Float64}:
 0.22451946913514056
 0.17532748593693234
 0.08292701352410467
3×7 Matrix{Float64}:
 0.0  0.0  0.0  0.539749  0.440622  0.76915   0.177138
 0.0  0.0  0.0  0.232666  0.299993  0.121449  0.366002
 0.0  0.0  0.0  0.227584  0.259384  0.109401  0.45686
3-element Vector{Float64}:
 0.22451946913514056
 0.17532748593693234
 0.08292701352410467
a: [0.0 0.17532748593693234 0.013754221734219571; 0.22451946913514056 0.0 0.06917279178988503]
b: [0.22451946913514056, 0.17532748593693234, 0.08292701352410467]
c: [0.0 0.0 0.0 0.539749334343391 0.44062223805076706 0.7691503950795453 0.1771378164191597; 0.0 0.0 0.0 0.23266625895146342 0.29999348276512605 0.12144873497076358 0.36600178516585147; 0.0 0.0 0.0 0.22758440670514563 0.2593842791841069 0.10940086994969117 0.4568603984149888]
d: [0.22451946913514056, 0.17532748593693234, 0.08292701352410467]
comparison (CRT and Glb)on prediction: Dict{Bool, Int64}(0 => 3, 1 => 1)
Dataname	 time	 objv	 lb	 gap	 train_w	 train_g	 test_w	 test_g
/work_bgfs/n/navarrodelacruz/odt/optimal_decision_tree/augmented_datasets/small_toy/small_toy_583.small_toy	 29.38	 0.02413869842980889	 N/A	 N/A	 88.889	 33.333	 75.0	 50.0
