Running 2 processes.
Start training /work_bgfs/n/navarrodelacruz/odt/optimal_decision_tree/augmented_datasets/small_toy/small_toy_183.small_toy with seed 1.
Any[]
(2, 13)
(2, 6)
(2, 3)
(2, 4)
dimension: 2, class: 3
cart cost: 2.7000000000000006
size of X: (2, 9)
Using method: Global linear DT optimization
Version identifier: 20.1.0.0 | 2020-11-10 | 9bedb6d68
CPXPARAM_Threads                                 1
CPXPARAM_TimeLimit                               1728000
Tried aggregator 1 time.
No LP presolve or aggregator reductions.
Presolve time = 0.00 sec. (0.14 ticks)
Initializing dual steep norms . . .

Iteration log . . .
Iteration:     1   Dual objective     =             0.000000
Iteration:    62   Dual objective     =             0.023573
2×3 Matrix{Float64}:
 0.0  0.0  1.0
 1.0  0.0  0.0
3-element Vector{Float64}:
 0.32415107862710196
 0.0
 0.7743057299213162
3×7 Matrix{Float64}:
 0.0  0.0  0.0  0.0  1.0  0.0  0.0
 0.0  0.0  0.0  0.0  0.0  1.0  0.0
 0.0  0.0  0.0  0.0  0.0  0.0  1.0
3-element Vector{Float64}:
 1.0
 0.0
 1.0
2×3 Matrix{Float64}:
 0.221049  0.00874482  0.0
 0.0       0.0206116   0.221049
3-element Vector{Float64}:
 0.22104870716717234
 0.029356443395056334
 0.22104870716717234
3×7 Matrix{Float64}:
 0.0  0.0  0.0  0.916019   0.383692  0.425205  0.188993
 0.0  0.0  0.0  0.0417526  0.302193  0.283466  0.375954
 0.0  0.0  0.0  0.0422286  0.314115  0.291328  0.435053
3-element Vector{Float64}:
 0.22104870716717234
 0.029356443395056334
 0.22104870716717234
a: [0.22104870716717234 0.008744824558071147 0.0; 0.0 0.0206116188369852 0.22104870716717234]
b: [0.22104870716717234, 0.029356443395056334, 0.22104870716717234]
c: [0.0 0.0 0.0 0.9160187451474223 0.3836919616918547 0.42520531151540164 0.1889931897415213; 0.0 0.0 0.0 0.04175262591666429 0.30219311428657225 0.28346630781584126 0.3759539011978505; 0.0 0.0 0.0 0.04222862893591335 0.31411492402157304 0.2913283806687571 0.43505290906062816]
d: [0.22104870716717234, 0.029356443395056334, 0.22104870716717234]
comparison (CRT and Glb)on prediction: Dict{Bool, Int64}(0 => 2, 1 => 2)
Dataname	 time	 objv	 lb	 gap	 train_w	 train_g	 test_w	 test_g
/work_bgfs/n/navarrodelacruz/odt/optimal_decision_tree/augmented_datasets/small_toy/small_toy_183.small_toy	 32.25	 0.023572692886470053	 N/A	 N/A	 88.889	 33.333	 50.0	 50.0
