Running 2 processes.
Start training /work_bgfs/n/navarrodelacruz/odt/optimal_decision_tree/augmented_datasets/small_toy/small_toy_997.small_toy with seed 1.
Any[]
(2, 13)
(2, 6)
(2, 3)
(2, 4)
dimension: 2, class: 3
cart cost: 2.7500000000000004
size of X: (2, 9)
Using method: Global linear DT optimization
Version identifier: 20.1.0.0 | 2020-11-10 | 9bedb6d68
CPXPARAM_Threads                                 1
CPXPARAM_TimeLimit                               1728000
Tried aggregator 1 time.
No LP presolve or aggregator reductions.
Presolve time = 0.00 sec. (0.14 ticks)
Initializing dual steep norms . . .

Iteration log . . .
Iteration:     1   Dual objective     =             0.000000
Iteration:    62   Dual objective     =             0.023656
2×3 Matrix{Float64}:
 0.0  1.0  1.0
 1.0  0.0  0.0
3-element Vector{Float64}:
 0.3978894367486979
 0.7043153085936027
 0.8425270713139354
3×7 Matrix{Float64}:
 0.0  0.0  0.0  1.0  0.0  0.0  0.0
 0.0  0.0  0.0  0.0  1.0  1.0  0.0
 0.0  0.0  0.0  0.0  0.0  0.0  1.0
3-element Vector{Float64}:
 1.0
 1.0
 1.0
2×3 Matrix{Float64}:
 0.154326  0.0       0.0
 0.020978  0.125167  0.175304
3-element Vector{Float64}:
 0.1753035786689897
 0.1251670911370963
 0.1753035786689897
3×7 Matrix{Float64}:
 0.0  0.0  0.0  0.24513   0.338828  0.476664  0.183892
 0.0  0.0  0.0  0.211629  0.279918  0.296399  0.33493
 0.0  0.0  0.0  0.54324   0.381254  0.226937  0.481178
3-element Vector{Float64}:
 0.1753035786689897
 0.1251670911370963
 0.1753035786689897
a: [0.15432560549007757 0.0 0.0; 0.02097797317891216 0.1251670911370963 0.1753035786689897]
b: [0.1753035786689897, 0.1251670911370963, 0.1753035786689897]
c: [0.0 0.0 0.0 0.24513040616317833 0.3388281741751696 0.476664297282766 0.18389214356531924; 0.0 0.0 0.0 0.2116291385172892 0.2799176838963437 0.2963985580848962 0.3349298718013133; 0.0 0.0 0.0 0.5432404553195325 0.3812541419284868 0.22693714463233777 0.4811779846333675]
d: [0.1753035786689897, 0.1251670911370963, 0.1753035786689897]
comparison (CRT and Glb)on prediction: Dict{Bool, Int64}(0 => 3, 1 => 1)
Dataname	 time	 objv	 lb	 gap	 train_w	 train_g	 test_w	 test_g
/work_bgfs/n/navarrodelacruz/odt/optimal_decision_tree/augmented_datasets/small_toy/small_toy_997.small_toy	 28.46	 0.023788712423753786	 N/A	 N/A	 88.889	 22.222	 50.0	 25.0
