Running 2 processes.
Start training /work_bgfs/n/navarrodelacruz/odt/optimal_decision_tree/augmented_datasets/small_toy/small_toy_364.small_toy with seed 1.
Any[]
(2, 13)
(2, 6)
(2, 3)
(2, 4)
dimension: 2, class: 3
cart cost: 5.349999999999999
size of X: (2, 9)
Using method: Global linear DT optimization
Version identifier: 20.1.0.0 | 2020-11-10 | 9bedb6d68
CPXPARAM_Threads                                 1
CPXPARAM_TimeLimit                               1728000
Tried aggregator 1 time.
No LP presolve or aggregator reductions.
Presolve time = 0.00 sec. (0.14 ticks)
Initializing dual steep norms . . .

Iteration log . . .
Iteration:     1   Dual objective     =             0.000000
Iteration:    62   Dual objective     =             0.022517
2×3 Matrix{Float64}:
 0.0  0.0  1.0
 1.0  1.0  0.0
3-element Vector{Float64}:
 0.44576065572154433
 0.22118059712578855
 0.7797099480659173
3×7 Matrix{Float64}:
 0.0  0.0  0.0  1.0  0.0  0.0  0.0
 0.0  0.0  0.0  0.0  1.0  1.0  0.0
 0.0  0.0  0.0  0.0  0.0  0.0  1.0
3-element Vector{Float64}:
 1.0
 1.0
 1.0
2×3 Matrix{Float64}:
 0.0       0.144195  0.0367293
 0.198395  0.0       0.100406
3-element Vector{Float64}:
 0.19839511262432183
 0.14419537006818603
 0.13713497000738187
3×7 Matrix{Float64}:
 0.0  0.0  0.0  0.59916   0.388726  0.60529   0.182529
 0.0  0.0  0.0  0.199291  0.308271  0.205209  0.37391
 0.0  0.0  0.0  0.20155   0.303003  0.189501  0.44356
3-element Vector{Float64}:
 0.19839511262432183
 0.14419537006818603
 0.13713497000738187
a: [0.0 0.14419537006818603 0.03672926083189684; 0.19839511262432183 0.0 0.10040570917548503]
b: [0.19839511262432183, 0.14419537006818603, 0.13713497000738187]
c: [0.0 0.0 0.0 0.5991598930312642 0.38872644543993146 0.6052901889619643 0.1825293668662675; 0.0 0.0 0.0 0.19929055738043688 0.30827103988340304 0.20520867317993952 0.37391031364184035; 0.0 0.0 0.0 0.20154954958829896 0.3030025146766655 0.18950113785809622 0.4435603194918921]
d: [0.19839511262432183, 0.14419537006818603, 0.13713497000738187]
comparison (CRT and Glb)on prediction: Dict{Bool, Int64}(0 => 3, 1 => 1)
Dataname	 time	 objv	 lb	 gap	 train_w	 train_g	 test_w	 test_g
/work_bgfs/n/navarrodelacruz/odt/optimal_decision_tree/augmented_datasets/small_toy/small_toy_364.small_toy	 29.41	 0.023986272634994484	 N/A	 N/A	 77.778	 33.333	 75.0	 50.0
