Running 2 processes.
Start training /work_bgfs/n/navarrodelacruz/odt/optimal_decision_tree/augmented_datasets/small_toy/small_toy_155.small_toy with seed 1.
Any[]
(2, 13)
(2, 6)
(2, 3)
(2, 4)
dimension: 2, class: 3
cart cost: 2.7000000000000006
size of X: (2, 9)
Using method: Global linear DT optimization
Version identifier: 20.1.0.0 | 2020-11-10 | 9bedb6d68
CPXPARAM_Threads                                 1
CPXPARAM_TimeLimit                               1728000
Tried aggregator 1 time.
No LP presolve or aggregator reductions.
Presolve time = 0.00 sec. (0.14 ticks)
Initializing dual steep norms . . .

Iteration log . . .
Iteration:     1   Dual objective     =             0.000000
Iteration:    62   Dual objective     =             0.024027
2×3 Matrix{Float64}:
 0.0  0.0  1.0
 1.0  0.0  0.0
3-element Vector{Float64}:
 0.3706387748394121
 0.0
 0.8017870950572541
3×7 Matrix{Float64}:
 0.0  0.0  0.0  0.0  1.0  0.0  0.0
 0.0  0.0  0.0  0.0  0.0  1.0  0.0
 0.0  0.0  0.0  0.0  0.0  0.0  1.0
3-element Vector{Float64}:
 1.0
 0.0
 1.0
2×3 Matrix{Float64}:
 0.0       0.160231    0.0
 0.229158  0.00356156  0.0875941
3-element Vector{Float64}:
 0.22915784507756634
 0.1637926623017589
 0.0875941072002343
3×7 Matrix{Float64}:
 0.0  0.0  0.0  0.497305  0.454829  0.728316  0.160106
 0.0  0.0  0.0  0.274203  0.295906  0.140454  0.384218
 0.0  0.0  0.0  0.228492  0.249265  0.13123   0.455676
3-element Vector{Float64}:
 0.22915784507756634
 0.1637926623017589
 0.0875941072002343
a: [0.0 0.160231100933642 0.0; 0.22915784507756634 0.0035615613681169167 0.0875941072002343]
b: [0.22915784507756634, 0.1637926623017589, 0.0875941072002343]
c: [0.0 0.0 0.0 0.49730465217746156 0.45482920558997375 0.7283160507216169 0.16010551153987956; 0.0 0.0 0.0 0.27420330583138264 0.2959061091413665 0.14045420295586153 0.3842181807102578; 0.0 0.0 0.0 0.2284920419911558 0.24926468526865975 0.1312297463225216 0.4556763077498627]
d: [0.22915784507756634, 0.1637926623017589, 0.0875941072002343]
comparison (CRT and Glb)on prediction: Dict{Bool, Int64}(0 => 4, 1 => 0)
Dataname	 time	 objv	 lb	 gap	 train_w	 train_g	 test_w	 test_g
/work_bgfs/n/navarrodelacruz/odt/optimal_decision_tree/augmented_datasets/small_toy/small_toy_155.small_toy	 30.78	 0.02402723072897798	 N/A	 N/A	 88.889	 0.0	 50.0	 0.0
