Running 2 processes.
Start training /work_bgfs/n/navarrodelacruz/odt/optimal_decision_tree/augmented_datasets/small_toy/small_toy_103.small_toy with seed 1.
Any[]
(2, 13)
(2, 6)
(2, 3)
(2, 4)
dimension: 2, class: 3
cart cost: 2.7000000000000006
size of X: (2, 9)
Using method: Global linear DT optimization
Version identifier: 20.1.0.0 | 2020-11-10 | 9bedb6d68
CPXPARAM_Threads                                 1
CPXPARAM_TimeLimit                               1728000
Tried aggregator 1 time.
No LP presolve or aggregator reductions.
Presolve time = 0.20 sec. (0.14 ticks)
Initializing dual steep norms . . .

Iteration log . . .
Iteration:     1   Dual objective     =             0.000000
2×3 Matrix{Float64}:
 0.0  0.0  0.0
 1.0  0.0  1.0
3-element Vector{Float64}:
 0.34109899945255573
 0.0
 0.7485535780841975
3×7 Matrix{Float64}:
 0.0  0.0  0.0  0.0  1.0  0.0  0.0
 0.0  0.0  0.0  0.0  0.0  1.0  0.0
 0.0  0.0  0.0  0.0  0.0  0.0  1.0
3-element Vector{Float64}:
 1.0
 0.0
 1.0
2×3 Matrix{Float64}:
 0.0       0.0        0.0936397
 0.198053  0.0952323  0.104413
3-element Vector{Float64}:
 0.1980526750249571
 0.09523233946720155
 0.1980526750249571
3×7 Matrix{Float64}:
 0.0  0.0  0.0  0.753443   0.364847  0.443733  0.149293
 0.0  0.0  0.0  0.151929   0.315963  0.289158  0.37548
 0.0  0.0  0.0  0.0946286  0.31919   0.267109  0.475227
3-element Vector{Float64}:
 0.1980526750249571
 0.09523233946720155
 0.1980526750249571
a: [0.0 0.0 0.09363971758053691; 0.1980526750249571 0.09523233946720155 0.1044129574444202]
b: [0.1980526750249571, 0.09523233946720155, 0.1980526750249571]
c: [0.0 0.0 0.0 0.7534426619236274 0.3648469731317079 0.4437329665282353 0.14929311211941784; 0.0 0.0 0.0 0.15192876003221603 0.31596301745761757 0.2891580458532202 0.37547977876099964; 0.0 0.0 0.0 0.09462857804415659 0.31919000941067455 0.26710898761854457 0.4752271091195825]
d: [0.1980526750249571, 0.09523233946720155, 0.1980526750249571]
comparison (CRT and Glb)on prediction: Dict{Bool, Int64}(0 => 3, 1 => 1)
Dataname	 time	 objv	 lb	 gap	 train_w	 train_g	 test_w	 test_g
/work_bgfs/n/navarrodelacruz/odt/optimal_decision_tree/augmented_datasets/small_toy/small_toy_103.small_toy	 34.08	 0.024566884475855793	 N/A	 N/A	 88.889	 33.333	 75.0	 50.0
