Running 2 processes.
Start training /work_bgfs/n/navarrodelacruz/odt/optimal_decision_tree/augmented_datasets/small_toy/small_toy_882.small_toy with seed 1.
Any[]
(2, 13)
(2, 6)
(2, 3)
(2, 4)
dimension: 2, class: 3
cart cost: 2.7000000000000006
size of X: (2, 9)
Using method: Global linear DT optimization
Version identifier: 20.1.0.0 | 2020-11-10 | 9bedb6d68
CPXPARAM_Threads                                 1
CPXPARAM_TimeLimit                               1728000
Tried aggregator 1 time.
No LP presolve or aggregator reductions.
Presolve time = 0.00 sec. (0.14 ticks)
Initializing dual steep norms . . .

Iteration log . . .
Iteration:     1   Dual objective     =             0.000000
Iteration:    62   Dual objective     =             0.024228
2×3 Matrix{Float64}:
 0.0  0.0  1.0
 1.0  0.0  0.0
3-element Vector{Float64}:
 0.27391303291219055
 0.0
 0.6315823577193926
3×7 Matrix{Float64}:
 0.0  0.0  0.0  0.0  1.0  0.0  0.0
 0.0  0.0  0.0  0.0  0.0  1.0  0.0
 0.0  0.0  0.0  0.0  0.0  0.0  1.0
3-element Vector{Float64}:
 1.0
 0.0
 1.0
2×3 Matrix{Float64}:
 0.0       0.129351   0.0
 0.232109  0.0653493  0.0577585
3-element Vector{Float64}:
 0.2321087022280484
 0.19470028497618394
 0.057758497007176335
3×7 Matrix{Float64}:
 0.0  0.0  0.0  0.360848  0.445443  0.835452   0.150758
 0.0  0.0  0.0  0.404257  0.319661  0.0873384  0.377484
 0.0  0.0  0.0  0.234895  0.234895  0.0772095  0.471758
3-element Vector{Float64}:
 0.2321087022280484
 0.19470028497618394
 0.057758497007176335
a: [0.0 0.1293509979089025 0.0; 0.2321087022280484 0.06534928706728144 0.057758497007176335]
b: [0.2321087022280484, 0.19470028497618394, 0.057758497007176335]
c: [0.0 0.0 0.0 0.3608479361496229 0.4454433710058804 0.8354521100838892 0.15075819344665362; 0.0 0.0 0.0 0.404256919341849 0.3196614844855914 0.08733843268542235 0.3774839776879728; 0.0 0.0 0.0 0.23489514450852816 0.23489514450852822 0.0772094572306885 0.47175782886537354]
d: [0.2321087022280484, 0.19470028497618394, 0.057758497007176335]
comparison (CRT and Glb)on prediction: Dict{Bool, Int64}(0 => 4, 1 => 0)
Dataname	 time	 objv	 lb	 gap	 train_w	 train_g	 test_w	 test_g
/work_bgfs/n/navarrodelacruz/odt/optimal_decision_tree/augmented_datasets/small_toy/small_toy_882.small_toy	 28.31	 0.024228374210570437	 N/A	 N/A	 88.889	 0.0	 50.0	 0.0
