Running 2 processes.
Start training /work_bgfs/n/navarrodelacruz/odt/optimal_decision_tree/augmented_datasets/small_toy/small_toy_810.small_toy with seed 1.
Any[]
(2, 13)
(2, 6)
(2, 3)
(2, 4)
dimension: 2, class: 3
cart cost: 7.9
size of X: (2, 9)
Using method: Global linear DT optimization
Version identifier: 20.1.0.0 | 2020-11-10 | 9bedb6d68
CPXPARAM_Threads                                 1
CPXPARAM_TimeLimit                               1728000
Tried aggregator 1 time.
No LP presolve or aggregator reductions.
Presolve time = 0.00 sec. (0.14 ticks)
Initializing dual steep norms . . .

Iteration log . . .
Iteration:     1   Dual objective     =             0.000000
2×3 Matrix{Float64}:
 1.0  0.0  0.0
 0.0  0.0  1.0
3-element Vector{Float64}:
 0.1951336463662887
 0.0
 0.16102348550806636
3×7 Matrix{Float64}:
 0.0  0.0  0.0  0.0  1.0  1.0  0.0
 0.0  0.0  0.0  0.0  0.0  0.0  1.0
 0.0  0.0  0.0  0.0  0.0  0.0  0.0
3-element Vector{Float64}:
 1.0
 0.0
 1.0
2×3 Matrix{Float64}:
 0.0       0.0       0.149291
 0.162743  0.162743  0.0
3-element Vector{Float64}:
 0.16274258462810995
 0.16274258462810992
 0.14929075460817637
3×7 Matrix{Float64}:
 0.0  0.0  0.0  0.451746  0.451746  0.585016  0.178663
 0.0  0.0  0.0  0.275435  0.275435  0.207001  0.353743
 0.0  0.0  0.0  0.272819  0.272819  0.207983  0.467594
3-element Vector{Float64}:
 0.16274258462810995
 0.16274258462810992
 0.14929075460817637
a: [0.0 0.0 0.14929075460817637; 0.16274258462810998 0.16274258462810992 0.0]
b: [0.16274258462810995, 0.16274258462810992, 0.14929075460817637]
c: [0.0 0.0 0.0 0.4517463222133426 0.45174632221334254 0.5850160186691289 0.17866312388718728; 0.0 0.0 0.0 0.27543482107210787 0.2754348210721079 0.2070013154473045 0.3537431905692915; 0.0 0.0 0.0 0.27281885671454953 0.27281885671454953 0.20798266588356665 0.4675936855435212]
d: [0.16274258462810995, 0.16274258462810992, 0.14929075460817637]
comparison (CRT and Glb)on prediction: Dict{Bool, Int64}(0 => 4, 1 => 0)
Dataname	 time	 objv	 lb	 gap	 train_w	 train_g	 test_w	 test_g
/work_bgfs/n/navarrodelacruz/odt/optimal_decision_tree/augmented_datasets/small_toy/small_toy_810.small_toy	 28.15	 0.023738796193219815	 N/A	 N/A	 66.667	 0.0	 75.0	 0.0
