Running 2 processes.
Start training /work_bgfs/n/navarrodelacruz/odt/optimal_decision_tree/augmented_datasets/small_toy/small_toy_144.small_toy with seed 1.
Any[]
(2, 13)
(2, 6)
(2, 3)
(2, 4)
dimension: 2, class: 3
cart cost: 2.7500000000000004
size of X: (2, 9)
Using method: Global linear DT optimization
Version identifier: 20.1.0.0 | 2020-11-10 | 9bedb6d68
CPXPARAM_Threads                                 1
CPXPARAM_TimeLimit                               1728000
Tried aggregator 1 time.
No LP presolve or aggregator reductions.
Presolve time = 0.00 sec. (0.14 ticks)
Initializing dual steep norms . . .

Iteration log . . .
Iteration:     1   Dual objective     =             0.000000
2×3 Matrix{Float64}:
 1.0  0.0  1.0
 0.0  1.0  0.0
3-element Vector{Float64}:
 0.6030721639535837
 0.48368355728340795
 0.8555676921484987
3×7 Matrix{Float64}:
 0.0  0.0  0.0  1.0  0.0  0.0  0.0
 0.0  0.0  0.0  0.0  1.0  1.0  0.0
 0.0  0.0  0.0  0.0  0.0  0.0  1.0
3-element Vector{Float64}:
 1.0
 1.0
 1.0
2×3 Matrix{Float64}:
 0.0       0.0       0.155574
 0.190013  0.122552  0.0
3-element Vector{Float64}:
 0.1900125968366784
 0.12255158428194535
 0.15557359105735863
3×7 Matrix{Float64}:
 0.0  0.0  0.0  0.592753  0.377001  0.559959  0.16397
 0.0  0.0  0.0  0.198082  0.30712   0.22596   0.361075
 0.0  0.0  0.0  0.209165  0.31588   0.214081  0.474955
3-element Vector{Float64}:
 0.1900125968366784
 0.12255158428194535
 0.15557359105735863
a: [0.0 0.0 0.15557359105735863; 0.1900125968366784 0.12255158428194535 0.0]
b: [0.1900125968366784, 0.12255158428194535, 0.15557359105735863]
c: [0.0 0.0 0.0 0.592753337206515 0.3770009020476731 0.5599590165293116 0.16396973216530075; 0.0 0.0 0.0 0.19808156241512534 0.30711958789021954 0.22596032938696056 0.3610748782751663; 0.0 0.0 0.0 0.20916510037835973 0.31587951006210735 0.2140806540837279 0.474955389559533]
d: [0.1900125968366784, 0.12255158428194535, 0.15557359105735863]
comparison (CRT and Glb)on prediction: Dict{Bool, Int64}(0 => 2, 1 => 2)
Dataname	 time	 objv	 lb	 gap	 train_w	 train_g	 test_w	 test_g
/work_bgfs/n/navarrodelacruz/odt/optimal_decision_tree/augmented_datasets/small_toy/small_toy_144.small_toy	 32.65	 0.023406888608799116	 N/A	 N/A	 88.889	 33.333	 50.0	 50.0
