Running 2 processes.
Start training /work_bgfs/n/navarrodelacruz/odt/optimal_decision_tree/augmented_datasets/small_toy/small_toy_535.small_toy with seed 1.
Any[]
(2, 13)
(2, 6)
(2, 3)
(2, 4)
dimension: 2, class: 3
cart cost: 2.7000000000000006
size of X: (2, 9)
Using method: Global linear DT optimization
Version identifier: 20.1.0.0 | 2020-11-10 | 9bedb6d68
CPXPARAM_Threads                                 1
CPXPARAM_TimeLimit                               1728000
Tried aggregator 1 time.
No LP presolve or aggregator reductions.
Presolve time = 0.00 sec. (0.14 ticks)
Initializing dual steep norms . . .

Iteration log . . .
Iteration:     1   Dual objective     =             0.000000
2×3 Matrix{Float64}:
 0.0  0.0  0.0
 1.0  0.0  1.0
3-element Vector{Float64}:
 0.38529315861847
 0.0
 0.6691267529070966
3×7 Matrix{Float64}:
 0.0  0.0  0.0  0.0  1.0  0.0  0.0
 0.0  0.0  0.0  0.0  0.0  1.0  0.0
 0.0  0.0  0.0  0.0  0.0  0.0  1.0
3-element Vector{Float64}:
 1.0
 0.0
 1.0
2×3 Matrix{Float64}:
 0.0       0.0      0.164597
 0.164597  0.13207  0.0
3-element Vector{Float64}:
 0.16459710060033755
 0.13206953748062744
 0.16459710060033755
3×7 Matrix{Float64}:
 0.0  0.0  0.0  0.578477  0.474659  0.537775  0.196224
 0.0  0.0  0.0  0.210669  0.262555  0.232919  0.368732
 0.0  0.0  0.0  0.210854  0.262786  0.229306  0.435044
3-element Vector{Float64}:
 0.16459710060033755
 0.13206953748062744
 0.16459710060033755
a: [0.0 0.0 0.16459710060033755; 0.16459710060033755 0.13206953748062744 0.0]
b: [0.16459710060033755, 0.13206953748062744, 0.16459710060033755]
c: [0.0 0.0 0.0 0.5784767375537678 0.47465927300288957 0.537774850662215 0.19622392712629144; 0.0 0.0 0.0 0.21066882501824058 0.26255469994334313 0.232919494740257 0.36873224113567765; 0.0 0.0 0.0 0.21085443742799154 0.2627860270537673 0.22930565459752805 0.43504383173803085]
d: [0.16459710060033755, 0.13206953748062744, 0.16459710060033755]
comparison (CRT and Glb)on prediction: Dict{Bool, Int64}(0 => 2, 1 => 2)
Dataname	 time	 objv	 lb	 gap	 train_w	 train_g	 test_w	 test_g
/work_bgfs/n/navarrodelacruz/odt/optimal_decision_tree/augmented_datasets/small_toy/small_toy_535.small_toy	 29.66	 0.02306318693406513	 N/A	 N/A	 88.889	 33.333	 50.0	 50.0
