Running 2 processes.
Start training /work_bgfs/n/navarrodelacruz/odt/optimal_decision_tree/augmented_datasets/small_toy/small_toy_752.small_toy with seed 1.
Any[]
(2, 13)
(2, 6)
(2, 3)
(2, 4)
dimension: 2, class: 3
cart cost: 2.7500000000000004
size of X: (2, 9)
Using method: Global linear DT optimization
Version identifier: 20.1.0.0 | 2020-11-10 | 9bedb6d68
CPXPARAM_Threads                                 1
CPXPARAM_TimeLimit                               1728000
Tried aggregator 1 time.
No LP presolve or aggregator reductions.
Presolve time = 0.00 sec. (0.14 ticks)
Initializing dual steep norms . . .

Iteration log . . .
Iteration:     1   Dual objective     =             0.000000
Iteration:    62   Dual objective     =             0.023712
2×3 Matrix{Float64}:
 1.0  0.0  1.0
 0.0  1.0  0.0
3-element Vector{Float64}:
 0.5596779738616784
 0.4999098433183524
 0.7883445033284017
3×7 Matrix{Float64}:
 0.0  0.0  0.0  1.0  0.0  0.0  0.0
 0.0  0.0  0.0  0.0  1.0  1.0  0.0
 0.0  0.0  0.0  0.0  0.0  0.0  1.0
3-element Vector{Float64}:
 1.0
 1.0
 1.0
2×3 Matrix{Float64}:
 0.0       0.182934  0.00439948
 0.222268  0.0       0.0646346
3-element Vector{Float64}:
 0.22226799637655914
 0.18293370317227164
 0.06903411364358222
3×7 Matrix{Float64}:
 0.0  0.0  0.0  0.487744  0.433626  0.807913   0.172817
 0.0  0.0  0.0  0.260521  0.278688  0.104045   0.385187
 0.0  0.0  0.0  0.251735  0.287686  0.0880415  0.441996
3-element Vector{Float64}:
 0.22226799637655914
 0.18293370317227164
 0.06903411364358222
a: [0.0 0.18293370317227164 0.004399481351775425; 0.22226799637655914 0.0 0.0646346322918068]
b: [0.22226799637655914, 0.18293370317227164, 0.06903411364358222]
c: [0.0 0.0 0.0 0.48774350771638214 0.43362642304438365 0.807913351115554 0.17281731571995312; 0.0 0.0 0.0 0.2605214098862512 0.27868780941752486 0.10404510872039985 0.3851868801030631; 0.0 0.0 0.0 0.2517350823973667 0.28768576753809144 0.08804154016404622 0.4419958041769838]
d: [0.22226799637655914, 0.18293370317227164, 0.06903411364358222]
comparison (CRT and Glb)on prediction: Dict{Bool, Int64}(0 => 4, 1 => 0)
Dataname	 time	 objv	 lb	 gap	 train_w	 train_g	 test_w	 test_g
/work_bgfs/n/navarrodelacruz/odt/optimal_decision_tree/augmented_datasets/small_toy/small_toy_752.small_toy	 28.6	 0.023711790659620646	 N/A	 N/A	 88.889	 0.0	 50.0	 0.0
