Running 2 processes.
Start training /work_bgfs/n/navarrodelacruz/odt/optimal_decision_tree/augmented_datasets/small_toy/small_toy_909.small_toy with seed 1.
Any[]
(2, 13)
(2, 6)
(2, 3)
(2, 4)
dimension: 2, class: 3
cart cost: 7.9
size of X: (2, 9)
Using method: Global linear DT optimization
Version identifier: 20.1.0.0 | 2020-11-10 | 9bedb6d68
CPXPARAM_Threads                                 1
CPXPARAM_TimeLimit                               1728000
Tried aggregator 1 time.
No LP presolve or aggregator reductions.
Presolve time = 0.00 sec. (0.14 ticks)
Initializing dual steep norms . . .

Iteration log . . .
Iteration:     1   Dual objective     =             0.000000
Iteration:    62   Dual objective     =             0.023473
2×3 Matrix{Float64}:
 1.0  0.0  0.0
 0.0  0.0  1.0
3-element Vector{Float64}:
 0.24488500779887026
 0.0
 0.1881421197245138
3×7 Matrix{Float64}:
 0.0  0.0  0.0  0.0  1.0  1.0  0.0
 0.0  0.0  0.0  0.0  0.0  0.0  1.0
 0.0  0.0  0.0  0.0  0.0  0.0  0.0
3-element Vector{Float64}:
 1.0
 0.0
 1.0
2×3 Matrix{Float64}:
 0.176696  0.0       0.0
 0.0       0.118635  0.176696
3-element Vector{Float64}:
 0.17669638211702185
 0.11863498647139059
 0.17669638211702185
3×7 Matrix{Float64}:
 0.0  0.0  0.0  0.662433  0.337171  0.341924  0.189866
 0.0  0.0  0.0  0.162041  0.27725   0.428789  0.356802
 0.0  0.0  0.0  0.175526  0.385579  0.229287  0.453333
3-element Vector{Float64}:
 0.17669638211702185
 0.11863498647139059
 0.17669638211702185
a: [0.17669638211702185 0.0 0.0; 0.0 0.11863498647139059 0.17669638211702185]
b: [0.17669638211702185, 0.11863498647139059, 0.17669638211702185]
c: [0.0 0.0 0.0 0.6624330874366745 0.33717058477930406 0.3419238724956791 0.1898659049014252; 0.0 0.0 0.0 0.16204118606810228 0.277250464312306 0.4287890963754911 0.35680152732383397; 0.0 0.0 0.0 0.17552572649522322 0.38557895090838995 0.22928703112882975 0.45333256777474085]
d: [0.17669638211702185, 0.11863498647139059, 0.17669638211702185]
comparison (CRT and Glb)on prediction: Dict{Bool, Int64}(0 => 2, 1 => 2)
Dataname	 time	 objv	 lb	 gap	 train_w	 train_g	 test_w	 test_g
/work_bgfs/n/navarrodelacruz/odt/optimal_decision_tree/augmented_datasets/small_toy/small_toy_909.small_toy	 28.2	 0.02360138753527171	 N/A	 N/A	 66.667	 33.333	 75.0	 50.0
