Running 2 processes.
Start training /work_bgfs/n/navarrodelacruz/odt/optimal_decision_tree/augmented_datasets/small_toy/small_toy_586.small_toy with seed 1.
Any[]
(2, 13)
(2, 6)
(2, 3)
(2, 4)
dimension: 2, class: 3
cart cost: 0.15000000000000002
size of X: (2, 9)
Using method: Global linear DT optimization
Version identifier: 20.1.0.0 | 2020-11-10 | 9bedb6d68
CPXPARAM_Threads                                 1
CPXPARAM_TimeLimit                               1728000
Tried aggregator 1 time.
No LP presolve or aggregator reductions.
Presolve time = 0.00 sec. (0.14 ticks)
Initializing dual steep norms . . .

Iteration log . . .
Iteration:     1   Dual objective     =             0.000000
Iteration:    62   Dual objective     =             0.023017
2×3 Matrix{Float64}:
 0.0  1.0  1.0
 1.0  0.0  0.0
3-element Vector{Float64}:
 0.3729449920656055
 0.6644239104237872
 0.6233683555494883
3×7 Matrix{Float64}:
 0.0  0.0  0.0  1.0  0.0  0.0  0.0
 0.0  0.0  0.0  0.0  1.0  1.0  0.0
 0.0  0.0  0.0  0.0  0.0  0.0  1.0
3-element Vector{Float64}:
 1.0
 1.0
 1.0
2×3 Matrix{Float64}:
 0.0       0.162182  0.0245574
 0.219848  0.0       0.067142
3-element Vector{Float64}:
 0.219848130891112
 0.16218210824146592
 0.09169936456587344
3×7 Matrix{Float64}:
 0.0  0.0  0.0  0.519437  0.433688  0.724721  0.191733
 0.0  0.0  0.0  0.262826  0.308312  0.142333  0.34321
 0.0  0.0  0.0  0.217738  0.258     0.132946  0.465057
3-element Vector{Float64}:
 0.219848130891112
 0.16218210824146592
 0.09169936456587344
a: [0.0 0.16218210824146592 0.024557386053966818; 0.219848130891112 0.0 0.06714197851190662]
b: [0.219848130891112, 0.16218210824146592, 0.09169936456587344]
c: [0.0 0.0 0.0 0.5194366174791909 0.4336875383323827 0.7247205071228158 0.1917328480694941; 0.0 0.0 0.0 0.2628255094354928 0.3083124217845413 0.14233303940627773 0.3432099620289959; 0.0 0.0 0.0 0.21773787308531634 0.25800003988307596 0.1329464534709065 0.46505718990151]
d: [0.219848130891112, 0.16218210824146592, 0.09169936456587344]
comparison (CRT and Glb)on prediction: Dict{Bool, Int64}(0 => 2, 1 => 2)
Dataname	 time	 objv	 lb	 gap	 train_w	 train_g	 test_w	 test_g
/work_bgfs/n/navarrodelacruz/odt/optimal_decision_tree/augmented_datasets/small_toy/small_toy_586.small_toy	 35.09	 0.02368648018492257	 N/A	 N/A	 100.0	 33.333	 50.0	 50.0
