Running 2 processes.
Start training /work_bgfs/n/navarrodelacruz/odt/optimal_decision_tree/augmented_datasets/small_toy/small_toy_903.small_toy with seed 1.
Any[]
(2, 13)
(2, 6)
(2, 3)
(2, 4)
dimension: 2, class: 3
cart cost: 7.9
size of X: (2, 9)
Using method: Global linear DT optimization
Version identifier: 20.1.0.0 | 2020-11-10 | 9bedb6d68
CPXPARAM_Threads                                 1
CPXPARAM_TimeLimit                               1728000
Tried aggregator 1 time.
No LP presolve or aggregator reductions.
Presolve time = 0.00 sec. (0.14 ticks)
Initializing dual steep norms . . .

Iteration log . . .
Iteration:     1   Dual objective     =             0.000000
Iteration:    62   Dual objective     =             0.024737
2×3 Matrix{Float64}:
 1.0  0.0  0.0
 0.0  0.0  1.0
3-element Vector{Float64}:
 0.2698081536728196
 0.0
 0.18519926531373931
3×7 Matrix{Float64}:
 0.0  0.0  0.0  0.0  1.0  1.0  0.0
 0.0  0.0  0.0  0.0  0.0  0.0  1.0
 0.0  0.0  0.0  0.0  0.0  0.0  0.0
3-element Vector{Float64}:
 1.0
 0.0
 1.0
2×3 Matrix{Float64}:
 0.0       0.142536   0.0
 0.209164  0.0314243  0.111623
3-element Vector{Float64}:
 0.2091637402632918
 0.17396063270043105
 0.11162349496437628
3×7 Matrix{Float64}:
 0.0  0.0  0.0  0.537951  0.395853  0.667561  0.163396
 0.0  0.0  0.0  0.253786  0.272686  0.186435  0.364272
 0.0  0.0  0.0  0.208263  0.331461  0.146004  0.472332
3-element Vector{Float64}:
 0.2091637402632918
 0.17396063270043105
 0.11162349496437628
a: [0.0 0.14253636414810786 0.0; 0.2091637402632918 0.03142426855232319 0.11162349496437628]
b: [0.2091637402632918, 0.17396063270043105, 0.11162349496437628]
c: [0.0 0.0 0.0 0.5379513167206739 0.3958528896476673 0.6675605809769573 0.163396323621068; 0.0 0.0 0.0 0.2537858474555045 0.2726862107203968 0.18643538441874677 0.3642720612740248; 0.0 0.0 0.0 0.20826283582382166 0.3314608996319359 0.146004034604296 0.4723316151049072]
d: [0.2091637402632918, 0.17396063270043105, 0.11162349496437628]
comparison (CRT and Glb)on prediction: Dict{Bool, Int64}(0 => 2, 1 => 2)
Dataname	 time	 objv	 lb	 gap	 train_w	 train_g	 test_w	 test_g
/work_bgfs/n/navarrodelacruz/odt/optimal_decision_tree/augmented_datasets/small_toy/small_toy_903.small_toy	 28.36	 0.02473739339640496	 N/A	 N/A	 66.667	 33.333	 75.0	 50.0
