Running 2 processes.
Start training /work_bgfs/n/navarrodelacruz/odt/optimal_decision_tree/augmented_datasets/small_toy/small_toy_840.small_toy with seed 1.
Any[]
(2, 13)
(2, 6)
(2, 3)
(2, 4)
dimension: 2, class: 3
cart cost: 7.9
size of X: (2, 9)
Using method: Global linear DT optimization
Version identifier: 20.1.0.0 | 2020-11-10 | 9bedb6d68
CPXPARAM_Threads                                 1
CPXPARAM_TimeLimit                               1728000
Tried aggregator 1 time.
No LP presolve or aggregator reductions.
Presolve time = 0.00 sec. (0.14 ticks)
Initializing dual steep norms . . .

Iteration log . . .
Iteration:     1   Dual objective     =             0.000000
Iteration:    62   Dual objective     =             0.024172
2×3 Matrix{Float64}:
 1.0  0.0  0.0
 0.0  0.0  1.0
3-element Vector{Float64}:
 0.10878826404821408
 0.0
 0.16097580486913607
3×7 Matrix{Float64}:
 0.0  0.0  0.0  0.0  1.0  1.0  0.0
 0.0  0.0  0.0  0.0  0.0  0.0  1.0
 0.0  0.0  0.0  0.0  0.0  0.0  0.0
3-element Vector{Float64}:
 1.0
 0.0
 1.0
2×3 Matrix{Float64}:
 0.0       0.167928  0.0
 0.212953  0.0       0.10256
3-element Vector{Float64}:
 0.21295290634890165
 0.1679275647199755
 0.10256021309243592
3×7 Matrix{Float64}:
 0.0  0.0  0.0  0.506637  0.42326   0.721336  0.162491
 0.0  0.0  0.0  0.271905  0.265405  0.169385  0.387082
 0.0  0.0  0.0  0.221458  0.311335  0.109279  0.450427
3-element Vector{Float64}:
 0.21295290634890165
 0.1679275647199755
 0.10256021309243592
a: [0.0 0.1679275647199755 0.0; 0.21295290634890168 0.0 0.10256021309243592]
b: [0.21295290634890165, 0.1679275647199755, 0.10256021309243592]
c: [0.0 0.0 0.0 0.5066367582587689 0.42326011520016626 0.7213358148954376 0.16249118263396162; 0.0 0.0 0.0 0.2719049539632429 0.2654050156207439 0.16938509237373944 0.38708188132130394; 0.0 0.0 0.0 0.22145828777798826 0.3113348691790898 0.10927909273082292 0.4504269360447344]
d: [0.21295290634890165, 0.1679275647199755, 0.10256021309243592]
comparison (CRT and Glb)on prediction: Dict{Bool, Int64}(0 => 2, 1 => 2)
Dataname	 time	 objv	 lb	 gap	 train_w	 train_g	 test_w	 test_g
/work_bgfs/n/navarrodelacruz/odt/optimal_decision_tree/augmented_datasets/small_toy/small_toy_840.small_toy	 35.94	 0.02417203420806566	 N/A	 N/A	 66.667	 33.333	 75.0	 50.0
