Running 2 processes.
Start training /work_bgfs/n/navarrodelacruz/odt/optimal_decision_tree/augmented_datasets/small_toy/small_toy_676.small_toy with seed 1.
Any[]
(2, 13)
(2, 6)
(2, 3)
(2, 4)
dimension: 2, class: 3
cart cost: 7.9
size of X: (2, 9)
Using method: Global linear DT optimization
Version identifier: 20.1.0.0 | 2020-11-10 | 9bedb6d68
CPXPARAM_Threads                                 1
CPXPARAM_TimeLimit                               1728000
Tried aggregator 1 time.
No LP presolve or aggregator reductions.
Presolve time = 0.00 sec. (0.14 ticks)
Initializing dual steep norms . . .

Iteration log . . .
Iteration:     1   Dual objective     =             0.000000
Iteration:    62   Dual objective     =             0.022621
2×3 Matrix{Float64}:
 1.0  0.0  0.0
 0.0  0.0  1.0
3-element Vector{Float64}:
 0.232852878429379
 0.0
 0.14358434730650332
3×7 Matrix{Float64}:
 0.0  0.0  0.0  0.0  1.0  1.0  0.0
 0.0  0.0  0.0  0.0  0.0  0.0  1.0
 0.0  0.0  0.0  0.0  0.0  0.0  0.0
3-element Vector{Float64}:
 1.0
 0.0
 1.0
2×3 Matrix{Float64}:
 0.0       0.171897  0.0048511
 0.223276  0.0       0.0721214
3-element Vector{Float64}:
 0.22327573781404783
 0.17189739454347328
 0.07697254271981635
3×7 Matrix{Float64}:
 0.0  0.0  0.0  0.534074  0.438813  0.749908  0.188758
 0.0  0.0  0.0  0.231581  0.305674  0.126423  0.362241
 0.0  0.0  0.0  0.234345  0.255514  0.123669  0.449
3-element Vector{Float64}:
 0.22327573781404783
 0.17189739454347328
 0.07697254271981634
a: [0.0 0.17189739454347328 0.004851100828350302; 0.22327573781404783 0.0 0.07212144189146603]
b: [0.22327573781404783, 0.17189739454347328, 0.07697254271981635]
c: [0.0 0.0 0.0 0.5340739815011608 0.43881262456128084 0.7499084451545516 0.1887582386237751; 0.0 0.0 0.0 0.23158134084467707 0.3056735611657923 0.12642274629924988 0.3622414135965337; 0.0 0.0 0.0 0.23434467765416214 0.2555138142729268 0.12366880854619852 0.4490003477796911]
d: [0.22327573781404783, 0.17189739454347328, 0.07697254271981634]
comparison (CRT and Glb)on prediction: Dict{Bool, Int64}(0 => 2, 1 => 2)
Dataname	 time	 objv	 lb	 gap	 train_w	 train_g	 test_w	 test_g
/work_bgfs/n/navarrodelacruz/odt/optimal_decision_tree/augmented_datasets/small_toy/small_toy_676.small_toy	 30.48	 0.023607283753866875	 N/A	 N/A	 66.667	 33.333	 75.0	 50.0
