Running 2 processes.
Start training /work_bgfs/n/navarrodelacruz/odt/optimal_decision_tree/augmented_datasets/small_toy/small_toy_779.small_toy with seed 1.
Any[]
(2, 13)
(2, 6)
(2, 3)
(2, 4)
dimension: 2, class: 3
cart cost: 2.7000000000000006
size of X: (2, 9)
Using method: Global linear DT optimization
Version identifier: 20.1.0.0 | 2020-11-10 | 9bedb6d68
CPXPARAM_Threads                                 1
CPXPARAM_TimeLimit                               1728000
Tried aggregator 1 time.
No LP presolve or aggregator reductions.
Presolve time = 0.00 sec. (0.14 ticks)
Initializing dual steep norms . . .

Iteration log . . .
Iteration:     1   Dual objective     =             0.000000
Iteration:    62   Dual objective     =             0.025053
2×3 Matrix{Float64}:
 1.0  0.0  0.0
 0.0  1.0  0.0
3-element Vector{Float64}:
 0.760389223575008
 0.11744184621757853
 0.0
3×7 Matrix{Float64}:
 0.0  0.0  0.0  1.0  0.0  0.0  0.0
 0.0  0.0  0.0  0.0  1.0  0.0  0.0
 0.0  0.0  0.0  0.0  0.0  0.0  1.0
3-element Vector{Float64}:
 1.0
 1.0
 0.0
2×3 Matrix{Float64}:
 0.0       0.178526   0.0
 0.237983  0.0232902  0.0612515
3-element Vector{Float64}:
 0.2379830063100476
 0.20181653728242901
 0.06125153843265885
3×7 Matrix{Float64}:
 0.0  0.0  0.0  0.47462   0.466357  0.849673   0.149304
 0.0  0.0  0.0  0.286915  0.278776  0.0717508  0.389002
 0.0  0.0  0.0  0.238465  0.254867  0.0785763  0.461694
3-element Vector{Float64}:
 0.2379830063100476
 0.20181653728242901
 0.06125153843265885
a: [0.0 0.17852630042931716 0.0; 0.2379830063100476 0.023290236853111837 0.06125153843265885]
b: [0.2379830063100476, 0.20181653728242901, 0.06125153843265885]
c: [0.0 0.0 0.0 0.4746197635381998 0.46635712989290373 0.8496729228657622 0.14930387003728782; 0.0 0.0 0.0 0.286915083577456 0.2787761151917068 0.07175077833719774 0.3890020679801836; 0.0 0.0 0.0 0.23846515288434422 0.25486675491538946 0.07857629879703998 0.46169406198252855]
d: [0.2379830063100476, 0.20181653728242901, 0.06125153843265885]
comparison (CRT and Glb)on prediction: Dict{Bool, Int64}(0 => 4, 1 => 0)
Dataname	 time	 objv	 lb	 gap	 train_w	 train_g	 test_w	 test_g
/work_bgfs/n/navarrodelacruz/odt/optimal_decision_tree/augmented_datasets/small_toy/small_toy_779.small_toy	 35.5	 0.02505255410125678	 N/A	 N/A	 88.889	 0.0	 75.0	 0.0
