Running 2 processes.
Start training /work_bgfs/n/navarrodelacruz/odt/optimal_decision_tree/augmented_datasets/small_toy/small_toy_672.small_toy with seed 1.
Any[]
(2, 13)
(2, 6)
(2, 3)
(2, 4)
dimension: 2, class: 3
cart cost: 2.7500000000000004
size of X: (2, 9)
Using method: Global linear DT optimization
Version identifier: 20.1.0.0 | 2020-11-10 | 9bedb6d68
CPXPARAM_Threads                                 1
CPXPARAM_TimeLimit                               1728000
Tried aggregator 1 time.
No LP presolve or aggregator reductions.
Presolve time = 0.00 sec. (0.14 ticks)
Initializing dual steep norms . . .

Iteration log . . .
Iteration:     1   Dual objective     =             0.000000
Iteration:    62   Dual objective     =             0.023667
2×3 Matrix{Float64}:
 1.0  0.0  1.0
 0.0  1.0  0.0
3-element Vector{Float64}:
 0.5501892981606138
 0.5170980975731566
 0.7016432000919941
3×7 Matrix{Float64}:
 0.0  0.0  0.0  1.0  0.0  0.0  0.0
 0.0  0.0  0.0  0.0  1.0  1.0  0.0
 0.0  0.0  0.0  0.0  0.0  0.0  1.0
3-element Vector{Float64}:
 1.0
 1.0
 1.0
2×3 Matrix{Float64}:
 0.0       0.15634  0.0373045
 0.222085  0.0      0.0576047
3-element Vector{Float64}:
 0.22208452868600545
 0.15634001838949546
 0.09490923540857642
3×7 Matrix{Float64}:
 0.0  0.0  0.0  0.566558  0.43631   0.74247   0.171992
 0.0  0.0  0.0  0.214537  0.28541   0.142031  0.374832
 0.0  0.0  0.0  0.218905  0.278279  0.115499  0.453176
3-element Vector{Float64}:
 0.22208452868600545
 0.15634001838949546
 0.09490923540857642
a: [0.0 0.15634001838949546 0.03730449413950343; 0.22208452868600545 0.0 0.05760474126907299]
b: [0.22208452868600545, 0.15634001838949546, 0.09490923540857642]
c: [0.0 0.0 0.0 0.5665579929390335 0.43631037240995174 0.7424699703605931 0.1719922433930826; 0.0 0.0 0.0 0.2145367509027988 0.28541039283409186 0.1420312603963988 0.3748316304549689; 0.0 0.0 0.0 0.2189052561581677 0.2782792347559564 0.11549876924300809 0.45317612615194847]
d: [0.22208452868600545, 0.15634001838949546, 0.09490923540857642]
comparison (CRT and Glb)on prediction: Dict{Bool, Int64}(0 => 2, 1 => 2)
Dataname	 time	 objv	 lb	 gap	 train_w	 train_g	 test_w	 test_g
/work_bgfs/n/navarrodelacruz/odt/optimal_decision_tree/augmented_datasets/small_toy/small_toy_672.small_toy	 30.62	 0.02366668912420387	 N/A	 N/A	 88.889	 33.333	 50.0	 50.0
