Running 2 processes.
Start training /work_bgfs/n/navarrodelacruz/odt/optimal_decision_tree/augmented_datasets/small_toy/small_toy_23.small_toy with seed 1.
Any[]
(2, 13)
(2, 6)
(2, 3)
(2, 4)
dimension: 2, class: 3
cart cost: 5.349999999999999
size of X: (2, 9)
Using method: Global linear DT optimization
Version identifier: 20.1.0.0 | 2020-11-10 | 9bedb6d68
CPXPARAM_Threads                                 1
CPXPARAM_TimeLimit                               1728000
Tried aggregator 1 time.
No LP presolve or aggregator reductions.
Presolve time = 0.00 sec. (0.14 ticks)
Initializing dual steep norms . . .

Iteration log . . .
Iteration:     1   Dual objective     =             0.000000
Iteration:    62   Dual objective     =             0.024419
2×3 Matrix{Float64}:
 1.0  0.0  1.0
 0.0  1.0  0.0
3-element Vector{Float64}:
 0.6720532483574078
 0.23226060903066226
 0.8244326825455166
3×7 Matrix{Float64}:
 0.0  0.0  0.0  1.0  0.0  0.0  0.0
 0.0  0.0  0.0  0.0  1.0  1.0  0.0
 0.0  0.0  0.0  0.0  0.0  0.0  1.0
3-element Vector{Float64}:
 1.0
 1.0
 1.0
2×3 Matrix{Float64}:
 0.0       0.172235  0.0112234
 0.228379  0.0       0.0765482
3-element Vector{Float64}:
 0.22837911882980924
 0.17223518646816016
 0.08777164276109466
3×7 Matrix{Float64}:
 0.0  0.0  0.0  0.33647  0.444379  0.750045  0.166456
 0.0  0.0  0.0  0.44134  0.301019  0.140128  0.366876
 0.0  0.0  0.0  0.22219  0.254601  0.109827  0.466668
3-element Vector{Float64}:
 0.22837911882980924
 0.17223518646816016
 0.08777164276109466
a: [0.0 0.17223518646816016 0.011223434514451444; 0.22837911882980924 0.0 0.07654820824664321]
b: [0.22837911882980924, 0.17223518646816016, 0.08777164276109466]
c: [0.0 0.0 0.0 0.33647003656699087 0.44437929519254205 0.7500449933355317 0.16645556351031277; 0.0 0.0 0.0 0.4413403158367381 0.3010193609152778 0.140127521551355 0.36687598863540205; 0.0 0.0 0.0 0.22218964759627108 0.25460134389218014 0.1098274851131134 0.4666684478542852]
d: [0.22837911882980924, 0.17223518646816016, 0.08777164276109466]
comparison (CRT and Glb)on prediction: Dict{Bool, Int64}(0 => 4, 1 => 0)
Dataname	 time	 objv	 lb	 gap	 train_w	 train_g	 test_w	 test_g
/work_bgfs/n/navarrodelacruz/odt/optimal_decision_tree/augmented_datasets/small_toy/small_toy_23.small_toy	 30.77	 0.024419297402953205	 N/A	 N/A	 77.778	 0.0	 75.0	 0.0
