Running 2 processes.
Start training /work_bgfs/n/navarrodelacruz/odt/optimal_decision_tree/augmented_datasets/small_toy/small_toy_421.small_toy with seed 1.
Any[]
(2, 13)
(2, 6)
(2, 3)
(2, 4)
dimension: 2, class: 3
cart cost: 2.7000000000000006
size of X: (2, 9)
Using method: Global linear DT optimization
Version identifier: 20.1.0.0 | 2020-11-10 | 9bedb6d68
CPXPARAM_Threads                                 1
CPXPARAM_TimeLimit                               1728000
Tried aggregator 1 time.
No LP presolve or aggregator reductions.
Presolve time = 0.00 sec. (0.14 ticks)
Initializing dual steep norms . . .

Iteration log . . .
Iteration:     1   Dual objective     =             0.000000
Iteration:    62   Dual objective     =             0.023802
2×3 Matrix{Float64}:
 1.0  0.0  0.0
 0.0  1.0  0.0
3-element Vector{Float64}:
 0.6705122641680645
 0.19147176554157014
 0.0
3×7 Matrix{Float64}:
 0.0  0.0  0.0  1.0  0.0  0.0  0.0
 0.0  0.0  0.0  0.0  1.0  0.0  0.0
 0.0  0.0  0.0  0.0  0.0  0.0  1.0
3-element Vector{Float64}:
 1.0
 1.0
 0.0
2×3 Matrix{Float64}:
 0.192281  0.0       0.0
 0.0       0.133193  0.155838
3-element Vector{Float64}:
 0.19228136076762484
 0.1331925415401882
 0.15583816156349228
3×7 Matrix{Float64}:
 0.0  0.0  0.0  0.643022  0.369198  0.532034  0.18956
 0.0  0.0  0.0  0.178002  0.308779  0.258559  0.347797
 0.0  0.0  0.0  0.178977  0.322023  0.209407  0.462643
3-element Vector{Float64}:
 0.19228136076762484
 0.1331925415401882
 0.15583816156349228
a: [0.19228136076762484 0.0 0.0; 0.0 0.1331925415401882 0.15583816156349228]
b: [0.19228136076762484, 0.1331925415401882, 0.15583816156349228]
c: [0.0 0.0 0.0 0.6430216335321594 0.3691978512774184 0.5320339737340407 0.18956019971113375; 0.0 0.0 0.0 0.17800163262211802 0.30877926235367226 0.2585593669843642 0.3477965459892846; 0.0 0.0 0.0 0.17897673384572266 0.3220228863689094 0.20940665928159508 0.46264325429958164]
d: [0.19228136076762484, 0.1331925415401882, 0.15583816156349228]
comparison (CRT and Glb)on prediction: Dict{Bool, Int64}(0 => 3, 1 => 1)
Dataname	 time	 objv	 lb	 gap	 train_w	 train_g	 test_w	 test_g
/work_bgfs/n/navarrodelacruz/odt/optimal_decision_tree/augmented_datasets/small_toy/small_toy_421.small_toy	 28.02	 0.024065603193565262	 N/A	 N/A	 88.889	 33.333	 75.0	 50.0
