Running 2 processes.
Start training /work_bgfs/n/navarrodelacruz/odt/optimal_decision_tree/augmented_datasets/small_toy/small_toy_167.small_toy with seed 1.
Any[]
(2, 13)
(2, 6)
(2, 3)
(2, 4)
dimension: 2, class: 3
cart cost: 2.7500000000000004
size of X: (2, 9)
Using method: Global linear DT optimization
Version identifier: 20.1.0.0 | 2020-11-10 | 9bedb6d68
CPXPARAM_Threads                                 1
CPXPARAM_TimeLimit                               1728000
Tried aggregator 1 time.
No LP presolve or aggregator reductions.
Presolve time = 0.00 sec. (0.14 ticks)
Initializing dual steep norms . . .

Iteration log . . .
Iteration:     1   Dual objective     =             0.000000
2×3 Matrix{Float64}:
 1.0  0.0  1.0
 0.0  1.0  0.0
3-element Vector{Float64}:
 0.6291874579442828
 0.5313565036445107
 0.7880067439392293
3×7 Matrix{Float64}:
 0.0  0.0  0.0  1.0  0.0  0.0  0.0
 0.0  0.0  0.0  0.0  1.0  1.0  0.0
 0.0  0.0  0.0  0.0  0.0  0.0  1.0
3-element Vector{Float64}:
 1.0
 1.0
 1.0
2×3 Matrix{Float64}:
 0.0       0.0       0.177318
 0.177318  0.122034  0.0
3-element Vector{Float64}:
 0.17731849251495946
 0.12203375050688321
 0.17731849251495946
3×7 Matrix{Float64}:
 0.0  0.0  0.0  0.593223  0.408942  0.521963  0.171048
 0.0  0.0  0.0  0.202706  0.294537  0.238889  0.365626
 0.0  0.0  0.0  0.204071  0.296521  0.239148  0.463326
3-element Vector{Float64}:
 0.17731849251495946
 0.12203375050688321
 0.17731849251495946
a: [0.0 0.0 0.17731849251495946; 0.17731849251495946 0.12203375050688321 0.0]
b: [0.17731849251495946, 0.12203375050688321, 0.17731849251495946]
c: [0.0 0.0 0.0 0.5932231923490168 0.40894178845505874 0.5219625784286281 0.17104793885991887; 0.0 0.0 0.0 0.20270594399634564 0.29453747233005384 0.23888894176196382 0.3656256819663656; 0.0 0.0 0.0 0.2040708636546375 0.2965207392148874 0.239148479809408 0.46332637917371555]
d: [0.17731849251495946, 0.12203375050688321, 0.17731849251495946]
comparison (CRT and Glb)on prediction: Dict{Bool, Int64}(0 => 2, 1 => 2)
Dataname	 time	 objv	 lb	 gap	 train_w	 train_g	 test_w	 test_g
/work_bgfs/n/navarrodelacruz/odt/optimal_decision_tree/augmented_datasets/small_toy/small_toy_167.small_toy	 34.04	 0.023833536776840105	 N/A	 N/A	 88.889	 33.333	 50.0	 50.0
