Running 2 processes.
Start training /work_bgfs/n/navarrodelacruz/odt/optimal_decision_tree/augmented_datasets/small_toy/small_toy_461.small_toy with seed 1.
Any[]
(2, 13)
(2, 6)
(2, 3)
(2, 4)
dimension: 2, class: 3
cart cost: 7.9
size of X: (2, 9)
Using method: Global linear DT optimization
Version identifier: 20.1.0.0 | 2020-11-10 | 9bedb6d68
CPXPARAM_Threads                                 1
CPXPARAM_TimeLimit                               1728000
Tried aggregator 1 time.
No LP presolve or aggregator reductions.
Presolve time = 0.00 sec. (0.14 ticks)
Initializing dual steep norms . . .

Iteration log . . .
Iteration:     1   Dual objective     =             0.000000
Iteration:    62   Dual objective     =             0.023301
2×3 Matrix{Float64}:
 1.0  0.0  0.0
 0.0  0.0  1.0
3-element Vector{Float64}:
 0.2742715215382696
 0.0
 0.1600306422603502
3×7 Matrix{Float64}:
 0.0  0.0  0.0  0.0  1.0  1.0  0.0
 0.0  0.0  0.0  0.0  0.0  0.0  1.0
 0.0  0.0  0.0  0.0  0.0  0.0  0.0
3-element Vector{Float64}:
 1.0
 0.0
 1.0
2×3 Matrix{Float64}:
 0.0       0.16587  0.0132737
 0.217167  0.0      0.0697016
3-element Vector{Float64}:
 0.2171667653253764
 0.16586966600906056
 0.08297529568139354
3×7 Matrix{Float64}:
 0.0  0.0  0.0  0.511249  0.431934  0.736281  0.189892
 0.0  0.0  0.0  0.254754  0.29042   0.134628  0.371932
 0.0  0.0  0.0  0.233997  0.277647  0.129091  0.438177
3-element Vector{Float64}:
 0.2171667653253764
 0.16586966600906056
 0.08297529568139354
a: [0.0 0.16586966600906056 0.01327370996928244; 0.2171667653253764 0.0 0.0697015857121111]
b: [0.2171667653253764, 0.16586966600906056, 0.08297529568139354]
c: [0.0 0.0 0.0 0.5112489345510616 0.4319337659690501 0.7362810386500815 0.18989167973705645; 0.0 0.0 0.0 0.2547539048206529 0.29041969923845246 0.13462822714123823 0.37193169941044957; 0.0 0.0 0.0 0.23399716062828557 0.27764653479249746 0.12909073420868028 0.438176620852494]
d: [0.2171667653253764, 0.16586966600906056, 0.08297529568139354]
comparison (CRT and Glb)on prediction: Dict{Bool, Int64}(0 => 2, 1 => 2)
Dataname	 time	 objv	 lb	 gap	 train_w	 train_g	 test_w	 test_g
/work_bgfs/n/navarrodelacruz/odt/optimal_decision_tree/augmented_datasets/small_toy/small_toy_461.small_toy	 27.94	 0.023300586350791526	 N/A	 N/A	 66.667	 33.333	 75.0	 50.0
