Running 2 processes.
Start training /work_bgfs/n/navarrodelacruz/odt/optimal_decision_tree/augmented_datasets/small_toy/small_toy_424.small_toy with seed 1.
Any[]
(2, 13)
(2, 6)
(2, 3)
(2, 4)
dimension: 2, class: 3
cart cost: 2.7000000000000006
size of X: (2, 9)
Using method: Global linear DT optimization
Version identifier: 20.1.0.0 | 2020-11-10 | 9bedb6d68
CPXPARAM_Threads                                 1
CPXPARAM_TimeLimit                               1728000
Tried aggregator 1 time.
No LP presolve or aggregator reductions.
Presolve time = 0.00 sec. (0.14 ticks)
Initializing dual steep norms . . .

Iteration log . . .
Iteration:     1   Dual objective     =             0.000000
2×3 Matrix{Float64}:
 0.0  0.0  1.0
 1.0  0.0  0.0
3-element Vector{Float64}:
 0.314666526317197
 0.0
 0.8077538591854976
3×7 Matrix{Float64}:
 0.0  0.0  0.0  0.0  1.0  0.0  0.0
 0.0  0.0  0.0  0.0  0.0  1.0  0.0
 0.0  0.0  0.0  0.0  0.0  0.0  1.0
3-element Vector{Float64}:
 1.0
 0.0
 1.0
2×3 Matrix{Float64}:
 0.0       0.0       0.162211
 0.162211  0.156676  0.0
3-element Vector{Float64}:
 0.16221143042457067
 0.15667621692254802
 0.16221143042457067
3×7 Matrix{Float64}:
 0.0  0.0  0.0  0.498356  0.480634  0.563115  0.168254
 0.0  0.0  0.0  0.243877  0.252493  0.215801  0.387388
 0.0  0.0  0.0  0.257766  0.266873  0.221083  0.444358
3-element Vector{Float64}:
 0.16221143042457067
 0.15667621692254802
 0.16221143042457067
a: [0.0 0.0 0.16221143042457067; 0.16221143042457067 0.15667621692254802 0.0]
b: [0.16221143042457067, 0.15667621692254802, 0.16221143042457067]
c: [0.0 0.0 0.0 0.49835641529193725 0.48063385089882477 0.5631154564496349 0.16825362700244018; 0.0 0.0 0.0 0.24387711232457732 0.2524930459454447 0.21580140389203026 0.3873879825947274; 0.0 0.0 0.0 0.25776647238348543 0.2668731031557305 0.2210831396583348 0.4443583904028324]
d: [0.16221143042457067, 0.15667621692254802, 0.16221143042457067]
comparison (CRT and Glb)on prediction: Dict{Bool, Int64}(0 => 4, 1 => 0)
Dataname	 time	 objv	 lb	 gap	 train_w	 train_g	 test_w	 test_g
/work_bgfs/n/navarrodelacruz/odt/optimal_decision_tree/augmented_datasets/small_toy/small_toy_424.small_toy	 34.42	 0.024054953888584474	 N/A	 N/A	 88.889	 0.0	 50.0	 0.0
