Running 2 processes.
Start training /work_bgfs/n/navarrodelacruz/odt/optimal_decision_tree/augmented_datasets/small_toy/small_toy_470.small_toy with seed 1.
Any[]
(2, 13)
(2, 6)
(2, 3)
(2, 4)
dimension: 2, class: 3
cart cost: 7.9
size of X: (2, 9)
Using method: Global linear DT optimization
Version identifier: 20.1.0.0 | 2020-11-10 | 9bedb6d68
CPXPARAM_Threads                                 1
CPXPARAM_TimeLimit                               1728000
Tried aggregator 1 time.
No LP presolve or aggregator reductions.
Presolve time = 0.00 sec. (0.14 ticks)
Initializing dual steep norms . . .

Iteration log . . .
Iteration:     1   Dual objective     =             0.000000
Iteration:    62   Dual objective     =             0.024145
2×3 Matrix{Float64}:
 1.0  0.0  0.0
 0.0  0.0  1.0
3-element Vector{Float64}:
 0.26353411427234225
 0.0
 0.17045605834090438
3×7 Matrix{Float64}:
 0.0  0.0  0.0  0.0  1.0  1.0  0.0
 0.0  0.0  0.0  0.0  0.0  0.0  1.0
 0.0  0.0  0.0  0.0  0.0  0.0  0.0
3-element Vector{Float64}:
 1.0
 0.0
 1.0
2×3 Matrix{Float64}:
 0.0       0.165209  0.0
 0.216422  0.0       0.101268
3-element Vector{Float64}:
 0.2164215241926316
 0.16520933869034024
 0.1012683956975435
3×7 Matrix{Float64}:
 0.0  0.0  0.0  0.565522  0.426653  0.697183  0.17725
 0.0  0.0  0.0  0.218161  0.289686  0.164542  0.356603
 0.0  0.0  0.0  0.216317  0.283662  0.138275  0.466147
3-element Vector{Float64}:
 0.2164215241926316
 0.16520933869034024
 0.1012683956975435
a: [0.0 0.16520933869034024 0.0; 0.2164215241926316 0.0 0.1012683956975435]
b: [0.2164215241926316, 0.16520933869034024, 0.1012683956975435]
c: [0.0 0.0 0.0 0.5655223736580625 0.42665254612340114 0.6971831246963422 0.1772500470148869; 0.0 0.0 0.0 0.21816085356450712 0.28968587113982663 0.16454182472679096 0.3566028787442387; 0.0 0.0 0.0 0.21631677277743044 0.28366158273677217 0.13827505057686684 0.46614707424087437]
d: [0.2164215241926316, 0.16520933869034024, 0.1012683956975435]
comparison (CRT and Glb)on prediction: Dict{Bool, Int64}(0 => 2, 1 => 2)
Dataname	 time	 objv	 lb	 gap	 train_w	 train_g	 test_w	 test_g
/work_bgfs/n/navarrodelacruz/odt/optimal_decision_tree/augmented_datasets/small_toy/small_toy_470.small_toy	 41.79	 0.024144962929025765	 N/A	 N/A	 66.667	 33.333	 75.0	 50.0
