Running 2 processes.
Start training /work_bgfs/n/navarrodelacruz/odt/optimal_decision_tree/augmented_datasets/small_toy/small_toy_484.small_toy with seed 1.
Any[]
(2, 13)
(2, 6)
(2, 3)
(2, 4)
dimension: 2, class: 3
cart cost: 2.7000000000000006
size of X: (2, 9)
Using method: Global linear DT optimization
Version identifier: 20.1.0.0 | 2020-11-10 | 9bedb6d68
CPXPARAM_Threads                                 1
CPXPARAM_TimeLimit                               1728000
Tried aggregator 1 time.
No LP presolve or aggregator reductions.
Presolve time = 0.00 sec. (0.14 ticks)
Initializing dual steep norms . . .

Iteration log . . .
Iteration:     1   Dual objective     =             0.000000
Iteration:    62   Dual objective     =             0.023877
2×3 Matrix{Float64}:
 0.0  0.0  1.0
 1.0  0.0  0.0
3-element Vector{Float64}:
 0.38079346548644755
 0.0
 0.7959704611340204
3×7 Matrix{Float64}:
 0.0  0.0  0.0  0.0  1.0  0.0  0.0
 0.0  0.0  0.0  0.0  0.0  1.0  0.0
 0.0  0.0  0.0  0.0  0.0  0.0  1.0
3-element Vector{Float64}:
 1.0
 0.0
 1.0
2×3 Matrix{Float64}:
 0.0       0.164872    0.0
 0.224471  0.00145872  0.0867474
3-element Vector{Float64}:
 0.2244707247389076
 0.16633101337364864
 0.08674739744521358
3×7 Matrix{Float64}:
 0.0  0.0  0.0  0.327035  0.444912  0.725095  0.170796
 0.0  0.0  0.0  0.278203  0.292592  0.138852  0.369878
 0.0  0.0  0.0  0.394762  0.262496  0.136053  0.459327
3-element Vector{Float64}:
 0.2244707247389076
 0.16633101337364864
 0.08674739744521358
a: [0.0 0.16487228937827392 0.0; 0.2244707247389076 0.0014587239953747222 0.08674739744521358]
b: [0.2244707247389076, 0.16633101337364864, 0.08674739744521358]
c: [0.0 0.0 0.0 0.3270353268567546 0.4449119009571245 0.7250954876534786 0.17079563393142042; 0.0 0.0 0.0 0.2782030655023199 0.29259207387796315 0.13885172386837316 0.36987778660781745; 0.0 0.0 0.0 0.3947616076409255 0.2624960251649123 0.13605278847814817 0.45932657946076216]
d: [0.2244707247389076, 0.16633101337364864, 0.08674739744521358]
comparison (CRT and Glb)on prediction: Dict{Bool, Int64}(0 => 4, 1 => 0)
Dataname	 time	 objv	 lb	 gap	 train_w	 train_g	 test_w	 test_g
/work_bgfs/n/navarrodelacruz/odt/optimal_decision_tree/augmented_datasets/small_toy/small_toy_484.small_toy	 28.74	 0.023877456777888488	 N/A	 N/A	 88.889	 0.0	 75.0	 0.0
