Running 2 processes.
Start training /work_bgfs/n/navarrodelacruz/odt/optimal_decision_tree/augmented_datasets/small_toy/small_toy_223.small_toy with seed 1.
Any[]
(2, 13)
(2, 6)
(2, 3)
(2, 4)
dimension: 2, class: 3
cart cost: 2.7000000000000006
size of X: (2, 9)
Using method: Global linear DT optimization
Version identifier: 20.1.0.0 | 2020-11-10 | 9bedb6d68
CPXPARAM_Threads                                 1
CPXPARAM_TimeLimit                               1728000
Tried aggregator 1 time.
No LP presolve or aggregator reductions.
Presolve time = 0.00 sec. (0.14 ticks)
Initializing dual steep norms . . .

Iteration log . . .
Iteration:     1   Dual objective     =             0.000000
Iteration:    62   Dual objective     =             0.024008
2×3 Matrix{Float64}:
 1.0  0.0  0.0
 0.0  1.0  0.0
3-element Vector{Float64}:
 0.7071934725238438
 0.21366439933575743
 0.0
3×7 Matrix{Float64}:
 0.0  0.0  0.0  1.0  0.0  0.0  0.0
 0.0  0.0  0.0  0.0  1.0  0.0  0.0
 0.0  0.0  0.0  0.0  0.0  0.0  1.0
3-element Vector{Float64}:
 1.0
 1.0
 0.0
2×3 Matrix{Float64}:
 0.0       0.178655  0.0182328
 0.226743  0.0       0.0565257
3-element Vector{Float64}:
 0.22674279084290502
 0.17865465470225408
 0.07475852201169711
3×7 Matrix{Float64}:
 0.0  0.0  0.0  0.354859  0.451414  0.773861  0.16802
 0.0  0.0  0.0  0.418915  0.304023  0.116195  0.363916
 0.0  0.0  0.0  0.226226  0.244563  0.109944  0.468063
3-element Vector{Float64}:
 0.22674279084290502
 0.17865465470225408
 0.07475852201169711
a: [0.0 0.17865465470225408 0.018232773828979643; 0.22674279084290502 0.0 0.05652574818271747]
b: [0.22674279084290502, 0.17865465470225408, 0.07475852201169711]
c: [0.0 0.0 0.0 0.3548587846650703 0.45141369468378645 0.7738613081911264 0.16802027242217427; 0.0 0.0 0.0 0.41891524756533133 0.30402282396266034 0.11619501270138277 0.36391628037140455; 0.0 0.0 0.0 0.2262259677695983 0.2445634813535532 0.10994367910749081 0.46806344720642123]
d: [0.22674279084290502, 0.17865465470225408, 0.07475852201169711]
comparison (CRT and Glb)on prediction: Dict{Bool, Int64}(0 => 4, 1 => 0)
Dataname	 time	 objv	 lb	 gap	 train_w	 train_g	 test_w	 test_g
/work_bgfs/n/navarrodelacruz/odt/optimal_decision_tree/augmented_datasets/small_toy/small_toy_223.small_toy	 28.1	 0.024007798377842806	 N/A	 N/A	 88.889	 0.0	 75.0	 0.0
