Running 2 processes.
Start training /work_bgfs/n/navarrodelacruz/odt/optimal_decision_tree/augmented_datasets/small_toy/small_toy_938.small_toy with seed 1.
Any[]
(2, 13)
(2, 6)
(2, 3)
(2, 4)
dimension: 2, class: 3
cart cost: 2.7500000000000004
size of X: (2, 9)
Using method: Global linear DT optimization
Version identifier: 20.1.0.0 | 2020-11-10 | 9bedb6d68
CPXPARAM_Threads                                 1
CPXPARAM_TimeLimit                               1728000
Tried aggregator 1 time.
No LP presolve or aggregator reductions.
Presolve time = 0.00 sec. (0.14 ticks)
Initializing dual steep norms . . .

Iteration log . . .
Iteration:     1   Dual objective     =             0.000000
Iteration:    62   Dual objective     =             0.024634
2×3 Matrix{Float64}:
 0.0  1.0  1.0
 1.0  0.0  0.0
3-element Vector{Float64}:
 0.45492282986413135
 0.8648922967358883
 0.8051574941934321
3×7 Matrix{Float64}:
 0.0  0.0  0.0  1.0  0.0  0.0  0.0
 0.0  0.0  0.0  0.0  0.0  1.0  0.0
 0.0  0.0  0.0  0.0  1.0  0.0  1.0
3-element Vector{Float64}:
 1.0
 1.0
 1.0
2×3 Matrix{Float64}:
 0.0       0.17085  0.0065889
 0.235992  0.0      0.0792405
3-element Vector{Float64}:
 0.23599238310658413
 0.1708497741571014
 0.08582941813224951
3×7 Matrix{Float64}:
 0.0  0.0  0.0  0.544499  0.460085  0.754791  0.161571
 0.0  0.0  0.0  0.225458  0.285629  0.123838  0.384629
 0.0  0.0  0.0  0.230043  0.254286  0.121371  0.4538
3-element Vector{Float64}:
 0.23599238310658413
 0.1708497741571014
 0.08582941813224951
a: [0.0 0.1708497741571014 0.0065889013239585695; 0.23599238310658413 0.0 0.07924051680829086]
b: [0.23599238310658413, 0.1708497741571014, 0.08582941813224951]
c: [0.0 0.0 0.0 0.5444987886770868 0.4600854540801629 0.754791124062993 0.1615708489476092; 0.0 0.0 0.0 0.22545848428283177 0.28562871566808623 0.12383799531602357 0.38462907697288923; 0.0 0.0 0.0 0.23004272704008144 0.2542858302517509 0.12137088062098342 0.45380007407950157]
d: [0.23599238310658413, 0.1708497741571014, 0.08582941813224951]
comparison (CRT and Glb)on prediction: Dict{Bool, Int64}(0 => 2, 1 => 2)
Dataname	 time	 objv	 lb	 gap	 train_w	 train_g	 test_w	 test_g
/work_bgfs/n/navarrodelacruz/odt/optimal_decision_tree/augmented_datasets/small_toy/small_toy_938.small_toy	 30.56	 0.02463357876979675	 N/A	 N/A	 88.889	 33.333	 50.0	 50.0
