Running 2 processes.
Start training /work_bgfs/n/navarrodelacruz/odt/optimal_decision_tree/augmented_datasets/small_toy/small_toy_551.small_toy with seed 1.
Any[]
(2, 13)
(2, 6)
(2, 3)
(2, 4)
dimension: 2, class: 3
cart cost: 2.7000000000000006
size of X: (2, 9)
Using method: Global linear DT optimization
Version identifier: 20.1.0.0 | 2020-11-10 | 9bedb6d68
CPXPARAM_Threads                                 1
CPXPARAM_TimeLimit                               1728000
Tried aggregator 1 time.
No LP presolve or aggregator reductions.
Presolve time = 0.00 sec. (0.14 ticks)
Initializing dual steep norms . . .

Iteration log . . .
Iteration:     1   Dual objective     =             0.000000
Iteration:    62   Dual objective     =             0.024414
2×3 Matrix{Float64}:
 0.0  0.0  1.0
 1.0  0.0  0.0
3-element Vector{Float64}:
 0.3378672691460203
 0.0
 0.6360978602934293
3×7 Matrix{Float64}:
 0.0  0.0  0.0  0.0  1.0  0.0  0.0
 0.0  0.0  0.0  0.0  0.0  1.0  0.0
 0.0  0.0  0.0  0.0  0.0  0.0  1.0
3-element Vector{Float64}:
 1.0
 0.0
 1.0
2×3 Matrix{Float64}:
 0.0       0.11639    0.0
 0.233298  0.0866016  0.0519931
3-element Vector{Float64}:
 0.23329838018533547
 0.20299203622940074
 0.051993119515715704
3×7 Matrix{Float64}:
 0.0  0.0  0.0  0.440444  0.438681  0.850474   0.162646
 0.0  0.0  0.0  0.28911   0.292779  0.0838137  0.376339
 0.0  0.0  0.0  0.270446  0.268539  0.0657128  0.461015
3-element Vector{Float64}:
 0.23329838018533547
 0.20299203622940074
 0.051993119515715704
a: [0.0 0.11639041621143174 0.0; 0.23329838018533547 0.08660162001796899 0.051993119515715704]
b: [0.23329838018533547, 0.20299203622940074, 0.051993119515715704]
c: [0.0 0.0 0.0 0.44044444857788323 0.43868138550696495 0.8504735115155478 0.16264645368484743; 0.0 0.0 0.0 0.28910976361484675 0.29277939302938666 0.08381366713035968 0.376338555586071; 0.0 0.0 0.0 0.27044578780727 0.2685392214636484 0.06571282135409251 0.46101499072908153]
d: [0.23329838018533547, 0.20299203622940074, 0.051993119515715704]
comparison (CRT and Glb)on prediction: Dict{Bool, Int64}(0 => 4, 1 => 0)
Dataname	 time	 objv	 lb	 gap	 train_w	 train_g	 test_w	 test_g
/work_bgfs/n/navarrodelacruz/odt/optimal_decision_tree/augmented_datasets/small_toy/small_toy_551.small_toy	 34.03	 0.024414176796522594	 N/A	 N/A	 88.889	 0.0	 75.0	 0.0
