Running 2 processes.
Start training /work_bgfs/n/navarrodelacruz/odt/optimal_decision_tree/augmented_datasets/small_toy/small_toy_117.small_toy with seed 1.
Any[]
(2, 13)
(2, 6)
(2, 3)
(2, 4)
dimension: 2, class: 3
cart cost: 2.7500000000000004
size of X: (2, 9)
Using method: Global linear DT optimization
Version identifier: 20.1.0.0 | 2020-11-10 | 9bedb6d68
CPXPARAM_Threads                                 1
CPXPARAM_TimeLimit                               1728000
Tried aggregator 1 time.
No LP presolve or aggregator reductions.
Presolve time = 0.00 sec. (0.14 ticks)
Initializing dual steep norms . . .

Iteration log . . .
Iteration:     1   Dual objective     =             0.000000
2×3 Matrix{Float64}:
 1.0  0.0  1.0
 0.0  1.0  0.0
3-element Vector{Float64}:
 0.6348198941798426
 0.48407124445261224
 0.8112196969044474
3×7 Matrix{Float64}:
 0.0  0.0  0.0  1.0  0.0  0.0  0.0
 0.0  0.0  0.0  0.0  1.0  1.0  0.0
 0.0  0.0  0.0  0.0  0.0  0.0  1.0
3-element Vector{Float64}:
 1.0
 1.0
 1.0
2×3 Matrix{Float64}:
 0.0       0.0       0.114985
 0.183406  0.183406  0.0
3-element Vector{Float64}:
 0.18340575372102363
 0.1834057537210236
 0.11498528797442753
3×7 Matrix{Float64}:
 0.0  0.0  0.0  0.386173  0.386173  0.69427   0.169925
 0.0  0.0  0.0  0.301923  0.301923  0.154733  0.347478
 0.0  0.0  0.0  0.311904  0.311904  0.150996  0.482597
3-element Vector{Float64}:
 0.18340575372102363
 0.1834057537210236
 0.11498528797442753
a: [0.0 0.0 0.11498528797442753; 0.18340575372102363 0.1834057537210236 0.0]
b: [0.18340575372102363, 0.1834057537210236, 0.11498528797442753]
c: [0.0 0.0 0.0 0.38617269542930516 0.386172695429305 0.6942702049226943 0.16992487571160397; 0.0 0.0 0.0 0.30192328873986224 0.3019232887398623 0.15473344795211152 0.3474781622315632; 0.0 0.0 0.0 0.31190401583083266 0.3119040158308327 0.15099634712519422 0.48259696205683283]
d: [0.18340575372102363, 0.1834057537210236, 0.11498528797442753]
comparison (CRT and Glb)on prediction: Dict{Bool, Int64}(0 => 4, 1 => 0)
Dataname	 time	 objv	 lb	 gap	 train_w	 train_g	 test_w	 test_g
/work_bgfs/n/navarrodelacruz/odt/optimal_decision_tree/augmented_datasets/small_toy/small_toy_117.small_toy	 31.81	 0.02408983977082374	 N/A	 N/A	 88.889	 0.0	 50.0	 0.0
