Running 2 processes.
Start training /work_bgfs/n/navarrodelacruz/odt/optimal_decision_tree/augmented_datasets/small_toy/small_toy_59.small_toy with seed 1.
Any[]
(2, 13)
(2, 6)
(2, 3)
(2, 4)
dimension: 2, class: 3
cart cost: 2.7000000000000006
size of X: (2, 9)
Using method: Global linear DT optimization
Version identifier: 20.1.0.0 | 2020-11-10 | 9bedb6d68
CPXPARAM_Threads                                 1
CPXPARAM_TimeLimit                               1728000
Tried aggregator 1 time.
No LP presolve or aggregator reductions.
Presolve time = 0.00 sec. (0.14 ticks)
Initializing dual steep norms . . .

Iteration log . . .
Iteration:     1   Dual objective     =             0.000000
Iteration:    62   Dual objective     =             0.022857
2×3 Matrix{Float64}:
 1.0  0.0  0.0
 0.0  1.0  0.0
3-element Vector{Float64}:
 0.6796816850807477
 0.1717162361147812
 0.0
3×7 Matrix{Float64}:
 0.0  0.0  0.0  1.0  0.0  0.0  0.0
 0.0  0.0  0.0  0.0  1.0  0.0  0.0
 0.0  0.0  0.0  0.0  0.0  0.0  1.0
3-element Vector{Float64}:
 1.0
 1.0
 0.0
2×3 Matrix{Float64}:
 0.0       0.178947  0.0122439
 0.219901  0.0       0.0582285
3-element Vector{Float64}:
 0.21990141449663145
 0.17894730598335956
 0.07047241922109226
3×7 Matrix{Float64}:
 0.0  0.0  0.0  0.479972  0.432899  0.781592  0.176779
 0.0  0.0  0.0  0.286746  0.30162   0.116899  0.367517
 0.0  0.0  0.0  0.233282  0.265481  0.101509  0.455703
3-element Vector{Float64}:
 0.21990141449663145
 0.17894730598335956
 0.07047241922109226
a: [0.0 0.17894730598335956 0.012243912471156103; 0.21990141449663145 0.0 0.0582285067499361]
b: [0.21990141449663145, 0.17894730598335956, 0.07047241922109226]
c: [0.0 0.0 0.0 0.47997190752029895 0.432899473119459 0.7815919809633121 0.1767794825432958; 0.0 0.0 0.0 0.28674622316190823 0.30161978342776097 0.11689905959512181 0.3675174086950789; 0.0 0.0 0.0 0.23328186931779282 0.26548074345278005 0.10150895944156607 0.45570310876162534]
d: [0.21990141449663145, 0.17894730598335956, 0.07047241922109226]
comparison (CRT and Glb)on prediction: Dict{Bool, Int64}(0 => 4, 1 => 0)
Dataname	 time	 objv	 lb	 gap	 train_w	 train_g	 test_w	 test_g
/work_bgfs/n/navarrodelacruz/odt/optimal_decision_tree/augmented_datasets/small_toy/small_toy_59.small_toy	 36.16	 0.023466056985054162	 N/A	 N/A	 88.889	 0.0	 75.0	 0.0
