Running 2 processes.
Start training /work_bgfs/n/navarrodelacruz/odt/optimal_decision_tree/augmented_datasets/small_toy/small_toy_197.small_toy with seed 1.
Any[]
(2, 13)
(2, 6)
(2, 3)
(2, 4)
dimension: 2, class: 3
cart cost: 2.7500000000000004
size of X: (2, 9)
Using method: Global linear DT optimization
Version identifier: 20.1.0.0 | 2020-11-10 | 9bedb6d68
CPXPARAM_Threads                                 1
CPXPARAM_TimeLimit                               1728000
Tried aggregator 1 time.
No LP presolve or aggregator reductions.
Presolve time = 0.00 sec. (0.14 ticks)
Initializing dual steep norms . . .

Iteration log . . .
Iteration:     1   Dual objective     =             0.000000
Iteration:    62   Dual objective     =             0.022840
2×3 Matrix{Float64}:
 1.0  0.0  1.0
 0.0  1.0  0.0
3-element Vector{Float64}:
 0.6067014074802739
 0.5235766943172038
 0.7823951248728926
3×7 Matrix{Float64}:
 0.0  0.0  0.0  1.0  0.0  0.0  0.0
 0.0  0.0  0.0  0.0  1.0  1.0  0.0
 0.0  0.0  0.0  0.0  0.0  0.0  1.0
3-element Vector{Float64}:
 1.0
 1.0
 1.0
2×3 Matrix{Float64}:
 0.0       0.168011  0.0303175
 0.222164  0.0       0.051084
3-element Vector{Float64}:
 0.2221635832630852
 0.1680106952862068
 0.08140158276418286
3×7 Matrix{Float64}:
 0.0  0.0  0.0  0.550034  0.441298  0.771301  0.182931
 0.0  0.0  0.0  0.229317  0.309271  0.124945  0.348919
 0.0  0.0  0.0  0.220649  0.249431  0.103754  0.46815
3-element Vector{Float64}:
 0.2221635832630852
 0.1680106952862068
 0.08140158276418286
a: [0.0 0.1680106952862068 0.030317544152738234; 0.2221635832630852 0.0 0.05108403861144462]
b: [0.2221635832630852, 0.1680106952862068, 0.08140158276418286]
c: [0.0 0.0 0.0 0.550034037545328 0.44129810410807807 0.7713007928661794 0.18293104512394082; 0.0 0.0 0.0 0.22931691040063285 0.3092705348489431 0.12494504738992473 0.34891898810944577; 0.0 0.0 0.0 0.22064905205403917 0.2494313610429788 0.1037541597438959 0.46814996676661347]
d: [0.2221635832630852, 0.1680106952862068, 0.08140158276418286]
comparison (CRT and Glb)on prediction: Dict{Bool, Int64}(0 => 2, 1 => 2)
Dataname	 time	 objv	 lb	 gap	 train_w	 train_g	 test_w	 test_g
/work_bgfs/n/navarrodelacruz/odt/optimal_decision_tree/augmented_datasets/small_toy/small_toy_197.small_toy	 64.75	 0.023578793065673745	 N/A	 N/A	 88.889	 33.333	 50.0	 50.0
