Running 2 processes.
Start training /work_bgfs/n/navarrodelacruz/odt/optimal_decision_tree/augmented_datasets/small_toy/small_toy_961.small_toy with seed 1.
Any[]
(2, 13)
(2, 6)
(2, 3)
(2, 4)
dimension: 2, class: 3
cart cost: 0.1
size of X: (2, 9)
Using method: Global linear DT optimization
Version identifier: 20.1.0.0 | 2020-11-10 | 9bedb6d68
CPXPARAM_Threads                                 1
CPXPARAM_TimeLimit                               1728000
Tried aggregator 1 time.
No LP presolve or aggregator reductions.
Presolve time = 0.00 sec. (0.14 ticks)
Initializing dual steep norms . . .

Iteration log . . .
Iteration:     1   Dual objective     =             0.000000
2×3 Matrix{Float64}:
 1.0  0.0  0.0
 0.0  1.0  0.0
3-element Vector{Float64}:
 0.6806412578835683
 0.3142078201296271
 0.0
3×7 Matrix{Float64}:
 0.0  0.0  0.0  1.0  0.0  0.0  0.0
 0.0  0.0  0.0  0.0  1.0  0.0  0.0
 0.0  0.0  0.0  0.0  0.0  0.0  1.0
3-element Vector{Float64}:
 1.0
 1.0
 0.0
2×3 Matrix{Float64}:
 0.0       0.16877  0.0
 0.211173  0.0      0.0979473
3-element Vector{Float64}:
 0.21117293811978377
 0.168770042385799
 0.09794730373846477
3×7 Matrix{Float64}:
 0.0  0.0  0.0  0.54507   0.416773  0.675412  0.165383
 0.0  0.0  0.0  0.237624  0.268742  0.16158   0.370022
 0.0  0.0  0.0  0.217306  0.314485  0.163008  0.464596
3-element Vector{Float64}:
 0.21117293811978377
 0.168770042385799
 0.09794730373846477
a: [0.0 0.168770042385799 0.0; 0.21117293811978377 0.0 0.09794730373846477]
b: [0.21117293811978377, 0.168770042385799, 0.09794730373846477]
c: [0.0 0.0 0.0 0.545070008357821 0.41677300585649557 0.6754123191814989 0.1653828573070365; 0.0 0.0 0.0 0.23762378889389935 0.2687420523718115 0.1615798022881833 0.37002161385072446; 0.0 0.0 0.0 0.2173062027482796 0.31448494177169295 0.16300787853031776 0.46459552884223904]
d: [0.21117293811978377, 0.168770042385799, 0.09794730373846477]
comparison (CRT and Glb)on prediction: Dict{Bool, Int64}(0 => 2, 1 => 2)
Dataname	 time	 objv	 lb	 gap	 train_w	 train_g	 test_w	 test_g
/work_bgfs/n/navarrodelacruz/odt/optimal_decision_tree/augmented_datasets/small_toy/small_toy_961.small_toy	 27.58	 0.02389451421220238	 N/A	 N/A	 100.0	 33.333	 50.0	 50.0
