Running 2 processes.
Start training /work_bgfs/n/navarrodelacruz/odt/optimal_decision_tree/augmented_datasets/small_toy/small_toy_543.small_toy with seed 1.
Any[]
(2, 13)
(2, 6)
(2, 3)
(2, 4)
dimension: 2, class: 3
cart cost: 0.1
size of X: (2, 9)
Using method: Global linear DT optimization
Version identifier: 20.1.0.0 | 2020-11-10 | 9bedb6d68
CPXPARAM_Threads                                 1
CPXPARAM_TimeLimit                               1728000
Tried aggregator 1 time.
No LP presolve or aggregator reductions.
Presolve time = 0.00 sec. (0.14 ticks)
Initializing dual steep norms . . .

Iteration log . . .
Iteration:     1   Dual objective     =             0.000000
Iteration:    62   Dual objective     =             0.023698
2×3 Matrix{Float64}:
 1.0  0.0  0.0
 0.0  1.0  0.0
3-element Vector{Float64}:
 0.6720211921925374
 0.328784965838182
 0.0
3×7 Matrix{Float64}:
 0.0  0.0  0.0  1.0  0.0  0.0  0.0
 0.0  0.0  0.0  0.0  1.0  0.0  0.0
 0.0  0.0  0.0  0.0  0.0  0.0  1.0
3-element Vector{Float64}:
 1.0
 1.0
 0.0
2×3 Matrix{Float64}:
 0.0       0.170452  0.0
 0.213368  0.0       0.0901401
3-element Vector{Float64}:
 0.21336814412995028
 0.17045236575759726
 0.09014011193783673
3×7 Matrix{Float64}:
 0.0  0.0  0.0  0.332264  0.422658  0.760889   0.165826
 0.0  0.0  0.0  0.449649  0.28811   0.146977   0.362482
 0.0  0.0  0.0  0.218087  0.289232  0.0921338  0.471691
3-element Vector{Float64}:
 0.21336814412995028
 0.17045236575759726
 0.09014011193783673
a: [0.0 0.17045236575759726 0.0; 0.21336814412995028 0.0 0.09014011193783673]
b: [0.21336814412995028, 0.17045236575759726, 0.09014011193783673]
c: [0.0 0.0 0.0 0.3322639251940064 0.4226582146363543 0.7608890602737262 0.16582639801982568; 0.0 0.0 0.0 0.44964867244067863 0.2881096001443213 0.14697711655598497 0.36248222988109313; 0.0 0.0 0.0 0.218087402365315 0.2892321852193245 0.09213382317028884 0.47169137209908113]
d: [0.21336814412995028, 0.17045236575759726, 0.09014011193783673]
comparison (CRT and Glb)on prediction: Dict{Bool, Int64}(0 => 4, 1 => 0)
Dataname	 time	 objv	 lb	 gap	 train_w	 train_g	 test_w	 test_g
/work_bgfs/n/navarrodelacruz/odt/optimal_decision_tree/augmented_datasets/small_toy/small_toy_543.small_toy	 28.97	 0.02369803109126922	 N/A	 N/A	 100.0	 0.0	 50.0	 0.0
