Running 2 processes.
Start training /work_bgfs/n/navarrodelacruz/odt/optimal_decision_tree/augmented_datasets/small_toy/small_toy_471.small_toy with seed 1.
Any[]
(2, 13)
(2, 6)
(2, 3)
(2, 4)
dimension: 2, class: 3
cart cost: 0.1
size of X: (2, 9)
Using method: Global linear DT optimization
Version identifier: 20.1.0.0 | 2020-11-10 | 9bedb6d68
CPXPARAM_Threads                                 1
CPXPARAM_TimeLimit                               1728000
Tried aggregator 1 time.
No LP presolve or aggregator reductions.
Presolve time = 0.00 sec. (0.14 ticks)
Initializing dual steep norms . . .

Iteration log . . .
Iteration:     1   Dual objective     =             0.000000
Iteration:    62   Dual objective     =             0.023788
2×3 Matrix{Float64}:
 1.0  0.0  0.0
 0.0  1.0  0.0
3-element Vector{Float64}:
 0.6875787681674408
 0.36184308609406335
 0.0
3×7 Matrix{Float64}:
 0.0  0.0  0.0  1.0  0.0  0.0  0.0
 0.0  0.0  0.0  0.0  1.0  0.0  0.0
 0.0  0.0  0.0  0.0  0.0  0.0  1.0
3-element Vector{Float64}:
 1.0
 1.0
 0.0
2×3 Matrix{Float64}:
 0.0       0.150545    0.0
 0.199871  0.00272159  0.12263
3-element Vector{Float64}:
 0.19987136223045487
 0.15326621187406184
 0.12263023070321385
3×7 Matrix{Float64}:
 0.0  0.0  0.0  0.598082  0.398026  0.682247  0.158064
 0.0  0.0  0.0  0.202861  0.269567  0.195622  0.36218
 0.0  0.0  0.0  0.199057  0.332407  0.122131  0.479756
3-element Vector{Float64}:
 0.19987136223045487
 0.15326621187406184
 0.12263023070321385
a: [0.0 0.15054461911373757 0.0; 0.19987136223045487 0.0027215927603242707 0.12263023070321385]
b: [0.19987136223045487, 0.15326621187406184, 0.12263023070321385]
c: [0.0 0.0 0.0 0.5980816565197754 0.3980260842187475 0.68224706470291 0.15806386305761094; 0.0 0.0 0.0 0.20286145741617378 0.2695666443427329 0.19562242300812926 0.3621804213594515; 0.0 0.0 0.0 0.1990568860640508 0.33240727143851956 0.12213051228896077 0.4797557155829375]
d: [0.19987136223045487, 0.15326621187406184, 0.12263023070321385]
comparison (CRT and Glb)on prediction: Dict{Bool, Int64}(0 => 3, 1 => 1)
Dataname	 time	 objv	 lb	 gap	 train_w	 train_g	 test_w	 test_g
/work_bgfs/n/navarrodelacruz/odt/optimal_decision_tree/augmented_datasets/small_toy/small_toy_471.small_toy	 32.82	 0.023788390240386526	 N/A	 N/A	 100.0	 33.333	 75.0	 50.0
