Running 2 processes.
Start training /work_bgfs/n/navarrodelacruz/odt/optimal_decision_tree/augmented_datasets/small_toy/small_toy_630.small_toy with seed 1.
Any[]
(2, 13)
(2, 6)
(2, 3)
(2, 4)
dimension: 2, class: 3
cart cost: 2.7000000000000006
size of X: (2, 9)
Using method: Global linear DT optimization
Version identifier: 20.1.0.0 | 2020-11-10 | 9bedb6d68
CPXPARAM_Threads                                 1
CPXPARAM_TimeLimit                               1728000
Tried aggregator 1 time.
No LP presolve or aggregator reductions.
Presolve time = 0.00 sec. (0.14 ticks)
Initializing dual steep norms . . .

Iteration log . . .
Iteration:     1   Dual objective     =             0.000000
Iteration:    62   Dual objective     =             0.022823
2×3 Matrix{Float64}:
 0.0  0.0  1.0
 1.0  0.0  0.0
3-element Vector{Float64}:
 0.3279317017127973
 0.0
 0.6590053188598735
3×7 Matrix{Float64}:
 0.0  0.0  0.0  0.0  1.0  0.0  0.0
 0.0  0.0  0.0  0.0  0.0  1.0  0.0
 0.0  0.0  0.0  0.0  0.0  0.0  1.0
3-element Vector{Float64}:
 1.0
 0.0
 1.0
2×3 Matrix{Float64}:
 0.0       0.0       0.149767
 0.200446  0.124945  0.0
3-element Vector{Float64}:
 0.20044611740893448
 0.12494466691353483
 0.14976660795482494
3×7 Matrix{Float64}:
 0.0  0.0  0.0  0.249592  0.400415  0.556433  0.167253
 0.0  0.0  0.0  0.554355  0.334284  0.249322  0.352152
 0.0  0.0  0.0  0.196053  0.265301  0.194245  0.480595
3-element Vector{Float64}:
 0.20044611740893448
 0.12494466691353483
 0.14976660795482494
a: [0.0 0.0 0.14976660795482494; 0.20044611740893445 0.12494466691353483 0.0]
b: [0.20044611740893448, 0.12494466691353483, 0.14976660795482494]
c: [0.0 0.0 0.0 0.24959192107879652 0.400415101762638 0.556433354319733 0.16725294893690035; 0.0 0.0 0.0 0.5543552786392476 0.33428392633382503 0.24932170285606978 0.3521515717289998; 0.0 0.0 0.0 0.19605280028195593 0.2653009719035369 0.19424494282419724 0.48059547933409985]
d: [0.20044611740893448, 0.12494466691353483, 0.14976660795482494]
comparison (CRT and Glb)on prediction: Dict{Bool, Int64}(0 => 2, 1 => 2)
Dataname	 time	 objv	 lb	 gap	 train_w	 train_g	 test_w	 test_g
/work_bgfs/n/navarrodelacruz/odt/optimal_decision_tree/augmented_datasets/small_toy/small_toy_630.small_toy	 28.89	 0.023757869613864717	 N/A	 N/A	 88.889	 33.333	 75.0	 25.0
