Running 2 processes.
Start training /work_bgfs/n/navarrodelacruz/odt/optimal_decision_tree/augmented_datasets/small_toy/small_toy_576.small_toy with seed 1.
Any[]
(2, 13)
(2, 6)
(2, 3)
(2, 4)
dimension: 2, class: 3
cart cost: 2.7500000000000004
size of X: (2, 9)
Using method: Global linear DT optimization
Version identifier: 20.1.0.0 | 2020-11-10 | 9bedb6d68
CPXPARAM_Threads                                 1
CPXPARAM_TimeLimit                               1728000
Tried aggregator 1 time.
No LP presolve or aggregator reductions.
Presolve time = 0.00 sec. (0.14 ticks)
Initializing dual steep norms . . .

Iteration log . . .
Iteration:     1   Dual objective     =             0.000000
Iteration:    62   Dual objective     =             0.024918
2×3 Matrix{Float64}:
 0.0  1.0  1.0
 1.0  0.0  0.0
3-element Vector{Float64}:
 0.42731295559042914
 0.843432699219359
 0.6510941254835737
3×7 Matrix{Float64}:
 0.0  0.0  0.0  1.0  0.0  0.0  0.0
 0.0  0.0  0.0  0.0  0.0  1.0  0.0
 0.0  0.0  0.0  0.0  1.0  0.0  1.0
3-element Vector{Float64}:
 1.0
 1.0
 1.0
2×3 Matrix{Float64}:
 0.0       0.16309  0.0
 0.220652  0.0      0.114616
3-element Vector{Float64}:
 0.22065156821385387
 0.16309039438249032
 0.11461613160068401
3×7 Matrix{Float64}:
 0.0  0.0  0.0  0.56362   0.409691  0.715383  0.16834
 0.0  0.0  0.0  0.222153  0.272815  0.173338  0.371393
 0.0  0.0  0.0  0.214227  0.317494  0.111279  0.460267
3-element Vector{Float64}:
 0.22065156821385387
 0.16309039438249032
 0.11461613160068401
a: [0.0 0.16309039438249032 0.0; 0.22065156821385387 0.0 0.11461613160068401]
b: [0.22065156821385387, 0.16309039438249032, 0.11461613160068401]
c: [0.0 0.0 0.0 0.563620045499192 0.40969131872041015 0.7153827156573052 0.16833967277264889; 0.0 0.0 0.0 0.2221529363084343 0.2728145871882548 0.17333834665682352 0.37139330129797005; 0.0 0.0 0.0 0.21422701819237377 0.3174940940913351 0.11127893768587138 0.46026702592938107]
d: [0.22065156821385387, 0.16309039438249032, 0.11461613160068401]
comparison (CRT and Glb)on prediction: Dict{Bool, Int64}(0 => 2, 1 => 2)
Dataname	 time	 objv	 lb	 gap	 train_w	 train_g	 test_w	 test_g
/work_bgfs/n/navarrodelacruz/odt/optimal_decision_tree/augmented_datasets/small_toy/small_toy_576.small_toy	 28.76	 0.024917904709851404	 N/A	 N/A	 88.889	 33.333	 50.0	 50.0
