Running 2 processes.
Start training /work_bgfs/n/navarrodelacruz/odt/optimal_decision_tree/augmented_datasets/small_toy/small_toy_247.small_toy with seed 1.
Any[]
(2, 13)
(2, 6)
(2, 3)
(2, 4)
dimension: 2, class: 3
cart cost: 7.9
size of X: (2, 9)
Using method: Global linear DT optimization
Version identifier: 20.1.0.0 | 2020-11-10 | 9bedb6d68
CPXPARAM_Threads                                 1
CPXPARAM_TimeLimit                               1728000
Tried aggregator 1 time.
No LP presolve or aggregator reductions.
Presolve time = 0.00 sec. (0.14 ticks)
Initializing dual steep norms . . .

Iteration log . . .
Iteration:     1   Dual objective     =             0.000000
2×3 Matrix{Float64}:
 1.0  0.0  0.0
 0.0  0.0  1.0
3-element Vector{Float64}:
 0.23269479319186276
 0.0
 0.1324212007547054
3×7 Matrix{Float64}:
 0.0  0.0  0.0  0.0  1.0  1.0  0.0
 0.0  0.0  0.0  0.0  0.0  0.0  1.0
 0.0  0.0  0.0  0.0  0.0  0.0  0.0
3-element Vector{Float64}:
 1.0
 0.0
 1.0
2×3 Matrix{Float64}:
 0.0       0.147084   0.0
 0.211025  0.0320292  0.0771121
3-element Vector{Float64}:
 0.21102536729330185
 0.17911331827554583
 0.07711207644182086
3×7 Matrix{Float64}:
 0.0  0.0  0.0  0.48819   0.419179  0.782694   0.177303
 0.0  0.0  0.0  0.280799  0.289549  0.132891   0.369134
 0.0  0.0  0.0  0.231011  0.291273  0.0844151  0.453563
3-element Vector{Float64}:
 0.21102536729330185
 0.17911331827554583
 0.07711207644182086
a: [0.0 0.14708415630307892 0.0; 0.21102536729330185 0.03202916197246694 0.07711207644182086]
b: [0.21102536729330185, 0.17911331827554583, 0.07711207644182086]
c: [0.0 0.0 0.0 0.48819006386351804 0.41917866762763445 0.7826937858250069 0.17730318350399213; 0.0 0.0 0.0 0.2807989823411702 0.2895487576202312 0.13289108173642278 0.36913385652520175; 0.0 0.0 0.0 0.2310109537953118 0.29127257475213436 0.08441513243857035 0.45356295997080615]
d: [0.21102536729330185, 0.17911331827554583, 0.07711207644182086]
comparison (CRT and Glb)on prediction: Dict{Bool, Int64}(0 => 4, 1 => 0)
Dataname	 time	 objv	 lb	 gap	 train_w	 train_g	 test_w	 test_g
/work_bgfs/n/navarrodelacruz/odt/optimal_decision_tree/augmented_datasets/small_toy/small_toy_247.small_toy	 31.68	 0.023362538100533438	 N/A	 N/A	 66.667	 0.0	 75.0	 0.0
