Running 2 processes.
Start training /work_bgfs/n/navarrodelacruz/odt/optimal_decision_tree/augmented_datasets/small_toy/small_toy_490.small_toy with seed 1.
Any[]
(2, 13)
(2, 6)
(2, 3)
(2, 4)
dimension: 2, class: 3
cart cost: 2.7500000000000004
size of X: (2, 9)
Using method: Global linear DT optimization
Version identifier: 20.1.0.0 | 2020-11-10 | 9bedb6d68
CPXPARAM_Threads                                 1
CPXPARAM_TimeLimit                               1728000
Tried aggregator 1 time.
No LP presolve or aggregator reductions.
Presolve time = 0.00 sec. (0.14 ticks)
Initializing dual steep norms . . .

Iteration log . . .
Iteration:     1   Dual objective     =             0.000000
Iteration:    62   Dual objective     =             0.024082
2×3 Matrix{Float64}:
 1.0  0.0  1.0
 0.0  1.0  0.0
3-element Vector{Float64}:
 0.6273791731908351
 0.5998206585261245
 0.8772280380520905
3×7 Matrix{Float64}:
 0.0  0.0  0.0  1.0  0.0  0.0  0.0
 0.0  0.0  0.0  0.0  1.0  1.0  0.0
 0.0  0.0  0.0  0.0  0.0  0.0  1.0
3-element Vector{Float64}:
 1.0
 1.0
 1.0
2×3 Matrix{Float64}:
 0.0       0.175838  0.00276199
 0.224549  0.0       0.0784897
3-element Vector{Float64}:
 0.22454906328666827
 0.1758384621333458
 0.08125173212184122
3×7 Matrix{Float64}:
 0.0  0.0  0.0  0.511751  0.424371  0.771595  0.17971
 0.0  0.0  0.0  0.261918  0.314695  0.124632  0.358403
 0.0  0.0  0.0  0.226331  0.260935  0.103773  0.461888
3-element Vector{Float64}:
 0.22454906328666827
 0.1758384621333458
 0.08125173212184127
a: [0.0 0.1758384621333458 0.002761991205106923; 0.22454906328666827 0.0 0.07848974091673434]
b: [0.22454906328666827, 0.1758384621333458, 0.08125173212184122]
c: [0.0 0.0 0.0 0.5117506285918804 0.42437057454789295 0.7715953503142932 0.1797096329161858; 0.0 0.0 0.0 0.2619183319394187 0.3146945159119865 0.12463169073836 0.35840271436112314; 0.0 0.0 0.0 0.22633103946870095 0.26093490954012055 0.10377295894734682 0.46188765272269106]
d: [0.22454906328666827, 0.1758384621333458, 0.08125173212184127]
comparison (CRT and Glb)on prediction: Dict{Bool, Int64}(0 => 2, 1 => 2)
Dataname	 time	 objv	 lb	 gap	 train_w	 train_g	 test_w	 test_g
/work_bgfs/n/navarrodelacruz/odt/optimal_decision_tree/augmented_datasets/small_toy/small_toy_490.small_toy	 28.88	 0.024081962877092772	 N/A	 N/A	 88.889	 33.333	 50.0	 50.0
