Running 2 processes.
Start training /work_bgfs/n/navarrodelacruz/odt/optimal_decision_tree/augmented_datasets/small_toy/small_toy_440.small_toy with seed 1.
Any[]
(2, 13)
(2, 6)
(2, 3)
(2, 4)
dimension: 2, class: 3
cart cost: 2.7000000000000006
size of X: (2, 9)
Using method: Global linear DT optimization
Version identifier: 20.1.0.0 | 2020-11-10 | 9bedb6d68
CPXPARAM_Threads                                 1
CPXPARAM_TimeLimit                               1728000
Tried aggregator 1 time.
No LP presolve or aggregator reductions.
Presolve time = 0.00 sec. (0.14 ticks)
Initializing dual steep norms . . .

Iteration log . . .
Iteration:     1   Dual objective     =             0.000000
2×3 Matrix{Float64}:
 0.0  0.0  0.0
 1.0  0.0  1.0
3-element Vector{Float64}:
 0.315339766711651
 0.0
 0.6488254584230067
3×7 Matrix{Float64}:
 0.0  0.0  0.0  0.0  1.0  0.0  0.0
 0.0  0.0  0.0  0.0  0.0  1.0  0.0
 0.0  0.0  0.0  0.0  0.0  0.0  1.0
3-element Vector{Float64}:
 1.0
 0.0
 1.0
2×3 Matrix{Float64}:
 0.0       0.0       0.148137
 0.162811  0.162811  0.0
3-element Vector{Float64}:
 0.1628106100999358
 0.1628106100999358
 0.14813650394608033
3×7 Matrix{Float64}:
 0.0  0.0  0.0  0.469467  0.469467  0.600952  0.164695
 0.0  0.0  0.0  0.262946  0.262946  0.196242  0.369025
 0.0  0.0  0.0  0.267587  0.267587  0.202806  0.46628
3-element Vector{Float64}:
 0.1628106100999358
 0.1628106100999358
 0.14813650394608033
a: [0.0 0.0 0.14813650394608033; 0.16281061009993578 0.1628106100999358 0.0]
b: [0.1628106100999358, 0.1628106100999358, 0.14813650394608033]
c: [0.0 0.0 0.0 0.46946697082577094 0.46946697082577094 0.6009521310993807 0.16469502973308447; 0.0 0.0 0.0 0.26294649262211633 0.26294649262211633 0.19624215591488975 0.36902539679246404; 0.0 0.0 0.0 0.26758653655211273 0.26758653655211273 0.20280571298572955 0.4662795734744515]
d: [0.1628106100999358, 0.1628106100999358, 0.14813650394608033]
comparison (CRT and Glb)on prediction: Dict{Bool, Int64}(0 => 4, 1 => 0)
Dataname	 time	 objv	 lb	 gap	 train_w	 train_g	 test_w	 test_g
/work_bgfs/n/navarrodelacruz/odt/optimal_decision_tree/augmented_datasets/small_toy/small_toy_440.small_toy	 32.96	 0.023687886207297598	 N/A	 N/A	 88.889	 0.0	 75.0	 0.0
