Running 2 processes.
Start training /work_bgfs/n/navarrodelacruz/odt/optimal_decision_tree/augmented_datasets/small_toy/small_toy_897.small_toy with seed 1.
Any[]
(2, 13)
(2, 6)
(2, 3)
(2, 4)
dimension: 2, class: 3
cart cost: 2.7500000000000004
size of X: (2, 9)
Using method: Global linear DT optimization
Version identifier: 20.1.0.0 | 2020-11-10 | 9bedb6d68
CPXPARAM_Threads                                 1
CPXPARAM_TimeLimit                               1728000
Tried aggregator 1 time.
No LP presolve or aggregator reductions.
Presolve time = 0.00 sec. (0.14 ticks)
Initializing dual steep norms . . .

Iteration log . . .
Iteration:     1   Dual objective     =             0.000000
Iteration:    62   Dual objective     =             0.023888
2×3 Matrix{Float64}:
 1.0  0.0  1.0
 0.0  1.0  0.0
3-element Vector{Float64}:
 0.6440363977238213
 0.5869942426763686
 0.849589881556218
3×7 Matrix{Float64}:
 0.0  0.0  0.0  1.0  0.0  0.0  0.0
 0.0  0.0  0.0  0.0  1.0  1.0  0.0
 0.0  0.0  0.0  0.0  0.0  0.0  1.0
3-element Vector{Float64}:
 1.0
 1.0
 1.0
2×3 Matrix{Float64}:
 0.0       0.0       0.191543
 0.191543  0.103257  0.0
3-element Vector{Float64}:
 0.19154304605843803
 0.10325738928575456
 0.19154304605843803
3×7 Matrix{Float64}:
 0.0  0.0  0.0  0.659154  0.426426  0.441226  0.158132
 0.0  0.0  0.0  0.174031  0.322829  0.311291  0.379926
 0.0  0.0  0.0  0.166815  0.250744  0.247484  0.461943
3-element Vector{Float64}:
 0.19154304605843803
 0.10325738928575456
 0.19154304605843803
a: [0.0 0.0 0.19154304605843803; 0.19154304605843803 0.10325738928575456 0.0]
b: [0.19154304605843803, 0.10325738928575456, 0.19154304605843803]
c: [0.0 0.0 0.0 0.6591537413210183 0.4264261772129044 0.4412255438433263 0.15813168914853054; 0.0 0.0 0.0 0.17403144628592648 0.32282932545691084 0.3112908138982389 0.37992572315055967; 0.0 0.0 0.0 0.16681481239305518 0.25074449733018483 0.24748364225843483 0.46194258770090985]
d: [0.19154304605843803, 0.10325738928575456, 0.19154304605843803]
comparison (CRT and Glb)on prediction: Dict{Bool, Int64}(0 => 2, 1 => 2)
Dataname	 time	 objv	 lb	 gap	 train_w	 train_g	 test_w	 test_g
/work_bgfs/n/navarrodelacruz/odt/optimal_decision_tree/augmented_datasets/small_toy/small_toy_897.small_toy	 28.22	 0.02431717407013153	 N/A	 N/A	 88.889	 33.333	 50.0	 50.0
