Running 2 processes.
Start training /work_bgfs/n/navarrodelacruz/odt/optimal_decision_tree/augmented_datasets/small_toy/small_toy_487.small_toy with seed 1.
Any[]
(2, 13)
(2, 6)
(2, 3)
(2, 4)
dimension: 2, class: 3
cart cost: 2.7000000000000006
size of X: (2, 9)
Using method: Global linear DT optimization
Version identifier: 20.1.0.0 | 2020-11-10 | 9bedb6d68
CPXPARAM_Threads                                 1
CPXPARAM_TimeLimit                               1728000
Tried aggregator 1 time.
No LP presolve or aggregator reductions.
Presolve time = 0.00 sec. (0.14 ticks)
Initializing dual steep norms . . .

Iteration log . . .
Iteration:     1   Dual objective     =             0.000000
Iteration:    62   Dual objective     =             0.023852
2×3 Matrix{Float64}:
 0.0  0.0  1.0
 1.0  0.0  0.0
3-element Vector{Float64}:
 0.3053452286752799
 0.0
 0.786030593782318
3×7 Matrix{Float64}:
 0.0  0.0  0.0  0.0  1.0  0.0  0.0
 0.0  0.0  0.0  0.0  0.0  1.0  0.0
 0.0  0.0  0.0  0.0  0.0  0.0  1.0
3-element Vector{Float64}:
 1.0
 0.0
 1.0
2×3 Matrix{Float64}:
 0.0       0.143401   0.0
 0.230442  0.0264934  0.0766941
3-element Vector{Float64}:
 0.230442432839112
 0.1698947828691037
 0.07669405120262524
3×7 Matrix{Float64}:
 0.0  0.0  0.0  0.334988  0.459721  0.805521   0.149584
 0.0  0.0  0.0  0.43485   0.286906  0.0954857  0.387341
 0.0  0.0  0.0  0.230162  0.253373  0.0989934  0.463075
3-element Vector{Float64}:
 0.230442432839112
 0.1698947828691037
 0.07669405120262524
a: [0.0 0.14340142169659226 0.0; 0.230442432839112 0.02649336117251143 0.07669405120262524]
b: [0.230442432839112, 0.1698947828691037, 0.07669405120262524]
c: [0.0 0.0 0.0 0.33498753906090883 0.45972079220361994 0.8055209084316326 0.1495841525844284; 0.0 0.0 0.0 0.4348503837597793 0.28690574286429305 0.09548572917959007 0.38734074719514355; 0.0 0.0 0.0 0.23016207717931186 0.253373464932087 0.09899336238877732 0.4630751002204281]
d: [0.230442432839112, 0.1698947828691037, 0.07669405120262524]
comparison (CRT and Glb)on prediction: Dict{Bool, Int64}(0 => 4, 1 => 0)
Dataname	 time	 objv	 lb	 gap	 train_w	 train_g	 test_w	 test_g
/work_bgfs/n/navarrodelacruz/odt/optimal_decision_tree/augmented_datasets/small_toy/small_toy_487.small_toy	 29.62	 0.023851563345542053	 N/A	 N/A	 88.889	 0.0	 75.0	 0.0
