Running 2 processes.
Start training /work_bgfs/n/navarrodelacruz/odt/optimal_decision_tree/augmented_datasets/small_toy/small_toy_290.small_toy with seed 1.
Any[]
(2, 13)
(2, 6)
(2, 3)
(2, 4)
dimension: 2, class: 3
cart cost: 0.15000000000000002
size of X: (2, 9)
Using method: Global linear DT optimization
Version identifier: 20.1.0.0 | 2020-11-10 | 9bedb6d68
CPXPARAM_Threads                                 1
CPXPARAM_TimeLimit                               1728000
Tried aggregator 1 time.
No LP presolve or aggregator reductions.
Presolve time = 0.00 sec. (0.14 ticks)
Initializing dual steep norms . . .

Iteration log . . .
Iteration:     1   Dual objective     =             0.000000
Iteration:    62   Dual objective     =             0.023257
2×3 Matrix{Float64}:
 1.0  1.0  0.0
 0.0  0.0  1.0
3-element Vector{Float64}:
 0.6658458983474606
 0.2555866270314515
 0.1792237367472614
3×7 Matrix{Float64}:
 0.0  0.0  0.0  1.0  0.0  1.0  0.0
 0.0  0.0  0.0  0.0  1.0  0.0  0.0
 0.0  0.0  0.0  0.0  0.0  0.0  1.0
3-element Vector{Float64}:
 1.0
 1.0
 1.0
2×3 Matrix{Float64}:
 0.0       0.163394   0.0
 0.224121  0.0230004  0.059644
3-element Vector{Float64}:
 0.224121182447643
 0.18639408042367966
 0.05964400324096683
3×7 Matrix{Float64}:
 0.0  0.0  0.0  0.474831  0.444807  0.824338   0.178847
 0.0  0.0  0.0  0.286625  0.307578  0.0818538  0.361722
 0.0  0.0  0.0  0.238543  0.247615  0.093808   0.459431
3-element Vector{Float64}:
 0.224121182447643
 0.18639408042367966
 0.05964400324096683
a: [0.0 0.16339370668018866 0.0; 0.224121182447643 0.02300037374349101 0.05964400324096683]
b: [0.224121182447643, 0.18639408042367966, 0.05964400324096683]
c: [0.0 0.0 0.0 0.4748310601238238 0.4448073789352361 0.8243382553805443 0.17884667146635597; 0.0 0.0 0.0 0.2866254764346987 0.3075776582505802 0.08185376609742012 0.36172237232867915; 0.0 0.0 0.0 0.23854346344147748 0.24761496281418371 0.09380797852203554 0.45943095620496494]
d: [0.224121182447643, 0.18639408042367966, 0.05964400324096683]
comparison (CRT and Glb)on prediction: Dict{Bool, Int64}(0 => 4, 1 => 0)
Dataname	 time	 objv	 lb	 gap	 train_w	 train_g	 test_w	 test_g
/work_bgfs/n/navarrodelacruz/odt/optimal_decision_tree/augmented_datasets/small_toy/small_toy_290.small_toy	 34.19	 0.023507963305614478	 N/A	 N/A	 100.0	 0.0	 75.0	 0.0
