Running 2 processes.
Start training /work_bgfs/n/navarrodelacruz/odt/optimal_decision_tree/augmented_datasets/small_toy/small_toy_340.small_toy with seed 1.
Any[]
(2, 13)
(2, 6)
(2, 3)
(2, 4)
dimension: 2, class: 3
cart cost: 2.7000000000000006
size of X: (2, 9)
Using method: Global linear DT optimization
Version identifier: 20.1.0.0 | 2020-11-10 | 9bedb6d68
CPXPARAM_Threads                                 1
CPXPARAM_TimeLimit                               1728000
Tried aggregator 1 time.
No LP presolve or aggregator reductions.
Presolve time = 0.00 sec. (0.14 ticks)
Initializing dual steep norms . . .

Iteration log . . .
Iteration:     1   Dual objective     =             0.000000
Iteration:    62   Dual objective     =             0.024392
2×3 Matrix{Float64}:
 0.0  0.0  1.0
 1.0  0.0  0.0
3-element Vector{Float64}:
 0.32747842380152137
 0.0
 0.5908667404158139
3×7 Matrix{Float64}:
 0.0  0.0  0.0  0.0  1.0  0.0  0.0
 0.0  0.0  0.0  0.0  0.0  1.0  0.0
 0.0  0.0  0.0  0.0  0.0  0.0  1.0
3-element Vector{Float64}:
 1.0
 0.0
 1.0
2×3 Matrix{Float64}:
 0.0       0.157268   0.0
 0.216007  0.0173339  0.0972366
3-element Vector{Float64}:
 0.21600703137587868
 0.174602094858811
 0.09723660007092912
3×7 Matrix{Float64}:
 0.0  0.0  0.0  0.50838   0.421388  0.742153  0.173728
 0.0  0.0  0.0  0.268017  0.288467  0.157191  0.374133
 0.0  0.0  0.0  0.223603  0.290146  0.100656  0.452139
3-element Vector{Float64}:
 0.21600703137587868
 0.174602094858811
 0.09723660007092912
a: [0.0 0.1572681716985984 0.0; 0.21600703137587868 0.017333923160212594 0.09723660007092912]
b: [0.21600703137587868, 0.174602094858811, 0.09723660007092912]
c: [0.0 0.0 0.0 0.5083799946733318 0.4213877176775754 0.7421526979225623 0.1737283041289759; 0.0 0.0 0.0 0.268017272316156 0.2884665161169559 0.15719146052441196 0.374133003445074; 0.0 0.0 0.0 0.2236027330105121 0.2901457662054687 0.10065584155302565 0.4521386924259501]
d: [0.21600703137587868, 0.174602094858811, 0.09723660007092912]
comparison (CRT and Glb)on prediction: Dict{Bool, Int64}(0 => 3, 1 => 1)
Dataname	 time	 objv	 lb	 gap	 train_w	 train_g	 test_w	 test_g
/work_bgfs/n/navarrodelacruz/odt/optimal_decision_tree/augmented_datasets/small_toy/small_toy_340.small_toy	 28.95	 0.02439228631528094	 N/A	 N/A	 88.889	 33.333	 75.0	 50.0
