Running 2 processes.
Start training /work_bgfs/n/navarrodelacruz/odt/optimal_decision_tree/augmented_datasets/small_toy/small_toy_36.small_toy with seed 1.
Any[]
(2, 13)
(2, 6)
(2, 3)
(2, 4)
dimension: 2, class: 3
cart cost: 2.7500000000000004
size of X: (2, 9)
Using method: Global linear DT optimization
Version identifier: 20.1.0.0 | 2020-11-10 | 9bedb6d68
CPXPARAM_Threads                                 1
CPXPARAM_TimeLimit                               1728000
Tried aggregator 1 time.
No LP presolve or aggregator reductions.
Presolve time = 0.41 sec. (0.14 ticks)
Initializing dual steep norms . . .

Iteration log . . .
Iteration:     1   Dual objective     =             0.000000
Iteration:    62   Dual objective     =             0.022768
2×3 Matrix{Float64}:
 1.0  0.0  1.0
 0.0  1.0  0.0
3-element Vector{Float64}:
 0.634968571895032
 0.5429288163700585
 0.7986368635604686
3×7 Matrix{Float64}:
 0.0  0.0  0.0  1.0  0.0  0.0  0.0
 0.0  0.0  0.0  0.0  1.0  1.0  0.0
 0.0  0.0  0.0  0.0  0.0  0.0  1.0
3-element Vector{Float64}:
 1.0
 1.0
 1.0
2×3 Matrix{Float64}:
 0.0       0.160754  0.0374532
 0.216721  0.0       0.0562746
3-element Vector{Float64}:
 0.21672064494240037
 0.1607535318791709
 0.09372780459543492
3×7 Matrix{Float64}:
 0.0  0.0  0.0  0.309812  0.42952   0.746249  0.185642
 0.0  0.0  0.0  0.474572  0.303781  0.143486  0.351812
 0.0  0.0  0.0  0.215616  0.2667    0.110265  0.462546
3-element Vector{Float64}:
 0.21672064494240037
 0.1607535318791709
 0.09372780459543492
a: [0.0 0.1607535318791709 0.037453226294107494; 0.21672064494240037 0.0 0.05627457830132743]
b: [0.21672064494240037, 0.1607535318791709, 0.09372780459543492]
c: [0.0 0.0 0.0 0.30981226899189585 0.42951980713388815 0.7462490044744212 0.1856421641755549; 0.0 0.0 0.0 0.4745720454979585 0.303780683897376 0.14348627372005496 0.3518121740416623; 0.0 0.0 0.0 0.21561568551014565 0.26669950896873584 0.1102647218055238 0.4625456617827828]
d: [0.21672064494240037, 0.1607535318791709, 0.09372780459543492]
comparison (CRT and Glb)on prediction: Dict{Bool, Int64}(0 => 4, 1 => 0)
Dataname	 time	 objv	 lb	 gap	 train_w	 train_g	 test_w	 test_g
/work_bgfs/n/navarrodelacruz/odt/optimal_decision_tree/augmented_datasets/small_toy/small_toy_36.small_toy	 32.94	 0.023560099070850313	 N/A	 N/A	 88.889	 0.0	 50.0	 0.0
