Running 2 processes.
Start training /work_bgfs/n/navarrodelacruz/odt/optimal_decision_tree/augmented_datasets/small_toy/small_toy_827.small_toy with seed 1.
Any[]
(2, 13)
(2, 6)
(2, 3)
(2, 4)
dimension: 2, class: 3
cart cost: 2.7000000000000006
size of X: (2, 9)
Using method: Global linear DT optimization
Version identifier: 20.1.0.0 | 2020-11-10 | 9bedb6d68
CPXPARAM_Threads                                 1
CPXPARAM_TimeLimit                               1728000
Tried aggregator 1 time.
No LP presolve or aggregator reductions.
Presolve time = 0.00 sec. (0.14 ticks)
Initializing dual steep norms . . .

Iteration log . . .
Iteration:     1   Dual objective     =             0.000000
Iteration:    62   Dual objective     =             0.023759
2×3 Matrix{Float64}:
 1.0  0.0  0.0
 0.0  1.0  0.0
3-element Vector{Float64}:
 0.7216667611857923
 0.23430769932675458
 0.0
3×7 Matrix{Float64}:
 0.0  0.0  0.0  1.0  0.0  0.0  0.0
 0.0  0.0  0.0  0.0  1.0  0.0  0.0
 0.0  0.0  0.0  0.0  0.0  0.0  1.0
3-element Vector{Float64}:
 1.0
 1.0
 0.0
2×3 Matrix{Float64}:
 0.0       0.164962  0.0
 0.201306  0.0       0.108912
3-element Vector{Float64}:
 0.20130614901602595
 0.16496170236513832
 0.10891163820884658
3×7 Matrix{Float64}:
 0.0  0.0  0.0  0.557041  0.386942  0.694463  0.184793
 0.0  0.0  0.0  0.235191  0.277833  0.173691  0.351616
 0.0  0.0  0.0  0.207768  0.335225  0.131846  0.463591
3-element Vector{Float64}:
 0.20130614901602595
 0.16496170236513832
 0.10891163820884658
a: [0.0 0.16496170236513832 0.0; 0.20130614901602595 0.0 0.10891163820884658]
b: [0.20130614901602595, 0.16496170236513832, 0.10891163820884658]
c: [0.0 0.0 0.0 0.5570406709864705 0.38694189136227775 0.6944629232432761 0.184792971603862; 0.0 0.0 0.0 0.2351910703599528 0.2778329391835807 0.17369133246496035 0.35161618543243106; 0.0 0.0 0.0 0.20776825865357676 0.33522516945414155 0.13184574429176354 0.46359084296370695]
d: [0.20130614901602595, 0.16496170236513832, 0.10891163820884658]
comparison (CRT and Glb)on prediction: Dict{Bool, Int64}(0 => 3, 1 => 1)
Dataname	 time	 objv	 lb	 gap	 train_w	 train_g	 test_w	 test_g
/work_bgfs/n/navarrodelacruz/odt/optimal_decision_tree/augmented_datasets/small_toy/small_toy_827.small_toy	 30.0	 0.023758974479500553	 N/A	 N/A	 88.889	 33.333	 75.0	 50.0
