Running 2 processes.
Start training /work_bgfs/n/navarrodelacruz/odt/optimal_decision_tree/augmented_datasets/small_toy/small_toy_500.small_toy with seed 1.
Any[]
(2, 13)
(2, 6)
(2, 3)
(2, 4)
dimension: 2, class: 3
cart cost: 2.7000000000000006
size of X: (2, 9)
Using method: Global linear DT optimization
Version identifier: 20.1.0.0 | 2020-11-10 | 9bedb6d68
CPXPARAM_Threads                                 1
CPXPARAM_TimeLimit                               1728000
Tried aggregator 1 time.
No LP presolve or aggregator reductions.
Presolve time = 0.00 sec. (0.14 ticks)
Initializing dual steep norms . . .

Iteration log . . .
Iteration:     1   Dual objective     =             0.000000
Iteration:    62   Dual objective     =             0.023479
2×3 Matrix{Float64}:
 1.0  0.0  0.0
 0.0  1.0  0.0
3-element Vector{Float64}:
 0.6680037477781713
 0.14205417429733375
 0.0
3×7 Matrix{Float64}:
 0.0  0.0  0.0  1.0  0.0  0.0  0.0
 0.0  0.0  0.0  0.0  1.0  0.0  0.0
 0.0  0.0  0.0  0.0  0.0  0.0  1.0
3-element Vector{Float64}:
 1.0
 1.0
 0.0
2×3 Matrix{Float64}:
 0.0       0.174566  0.0
 0.224687  0.0       0.0703293
3-element Vector{Float64}:
 0.22468738653012044
 0.1745655794393819
 0.07032928295073883
3×7 Matrix{Float64}:
 0.0  0.0  0.0  0.342555  0.443955  0.768753  0.183651
 0.0  0.0  0.0  0.434157  0.32797   0.119845  0.332817
 0.0  0.0  0.0  0.223288  0.228075  0.111402  0.483532
3-element Vector{Float64}:
 0.22468738653012044
 0.1745655794393819
 0.07032928295073883
a: [0.0 0.1745655794393819 0.0; 0.22468738653012044 0.0 0.07032928295073883]
b: [0.22468738653012044, 0.1745655794393819, 0.07032928295073883]
c: [0.0 0.0 0.0 0.3425546642791439 0.44395503015177556 0.7687529841937085 0.18365132691913597; 0.0 0.0 0.0 0.4341570588773685 0.32797035034687144 0.1198446457050727 0.3328165751173089; 0.0 0.0 0.0 0.22328827684348757 0.22807461950135294 0.11140237010121881 0.4835320979635551]
d: [0.22468738653012044, 0.1745655794393819, 0.07032928295073883]
comparison (CRT and Glb)on prediction: Dict{Bool, Int64}(0 => 4, 1 => 0)
Dataname	 time	 objv	 lb	 gap	 train_w	 train_g	 test_w	 test_g
/work_bgfs/n/navarrodelacruz/odt/optimal_decision_tree/augmented_datasets/small_toy/small_toy_500.small_toy	 28.82	 0.023479112446012057	 N/A	 N/A	 88.889	 0.0	 75.0	 0.0
