Running 2 processes.
Start training /work_bgfs/n/navarrodelacruz/odt/optimal_decision_tree/augmented_datasets/small_toy/small_toy_191.small_toy with seed 1.
Any[]
(2, 13)
(2, 6)
(2, 3)
(2, 4)
dimension: 2, class: 3
cart cost: 7.9
size of X: (2, 9)
Using method: Global linear DT optimization
Version identifier: 20.1.0.0 | 2020-11-10 | 9bedb6d68
CPXPARAM_Threads                                 1
CPXPARAM_TimeLimit                               1728000
Tried aggregator 1 time.
No LP presolve or aggregator reductions.
Presolve time = 0.00 sec. (0.14 ticks)
Initializing dual steep norms . . .

Iteration log . . .
Iteration:     1   Dual objective     =             0.000000
2×3 Matrix{Float64}:
 1.0  0.0  0.0
 0.0  0.0  1.0
3-element Vector{Float64}:
 0.19248712070548224
 0.0
 0.17249061935292778
3×7 Matrix{Float64}:
 0.0  0.0  0.0  0.0  1.0  1.0  0.0
 0.0  0.0  0.0  0.0  0.0  0.0  1.0
 0.0  0.0  0.0  0.0  0.0  0.0  0.0
3-element Vector{Float64}:
 1.0
 0.0
 1.0
2×3 Matrix{Float64}:
 0.0       0.0        0.190401
 0.190401  0.0922244  0.0
3-element Vector{Float64}:
 0.19040143540518462
 0.09222442413677702
 0.19040143540518462
3×7 Matrix{Float64}:
 0.0  0.0  0.0  0.70377   0.388419  0.47412   0.193203
 0.0  0.0  0.0  0.146132  0.301695  0.264706  0.370711
 0.0  0.0  0.0  0.150099  0.309886  0.261174  0.436086
3-element Vector{Float64}:
 0.19040143540518462
 0.09222442413677702
 0.19040143540518462
a: [0.0 0.0 0.19040143540518462; 0.19040143540518462 0.09222442413677702 0.0]
b: [0.19040143540518462, 0.09222442413677702, 0.19040143540518462]
c: [0.0 0.0 0.0 0.7037696674711671 0.38841927122911873 0.474120217786735 0.19320327382059804; 0.0 0.0 0.0 0.14613160520557544 0.3016952141434935 0.26470599459559724 0.3707110374841256; 0.0 0.0 0.0 0.15009872732325752 0.30988551462738784 0.2611737876176678 0.4360856886952764]
d: [0.19040143540518462, 0.09222442413677702, 0.19040143540518462]
comparison (CRT and Glb)on prediction: Dict{Bool, Int64}(0 => 2, 1 => 2)
Dataname	 time	 objv	 lb	 gap	 train_w	 train_g	 test_w	 test_g
/work_bgfs/n/navarrodelacruz/odt/optimal_decision_tree/augmented_datasets/small_toy/small_toy_191.small_toy	 34.71	 0.023651364747357316	 N/A	 N/A	 66.667	 33.333	 75.0	 50.0
