Running 2 processes.
Start training /work_bgfs/n/navarrodelacruz/odt/optimal_decision_tree/augmented_datasets/small_toy/small_toy_388.small_toy with seed 1.
Any[]
(2, 13)
(2, 6)
(2, 3)
(2, 4)
dimension: 2, class: 3
cart cost: 2.7000000000000006
size of X: (2, 9)
Using method: Global linear DT optimization
Version identifier: 20.1.0.0 | 2020-11-10 | 9bedb6d68
CPXPARAM_Threads                                 1
CPXPARAM_TimeLimit                               1728000
Tried aggregator 1 time.
No LP presolve or aggregator reductions.
Presolve time = 0.00 sec. (0.14 ticks)
Initializing dual steep norms . . .

Iteration log . . .
Iteration:     1   Dual objective     =             0.000000
Iteration:    62   Dual objective     =             0.022279
2×3 Matrix{Float64}:
 0.0  0.0  1.0
 1.0  0.0  0.0
3-element Vector{Float64}:
 0.356724700051901
 0.0
 0.6814341797893767
3×7 Matrix{Float64}:
 0.0  0.0  0.0  0.0  1.0  0.0  0.0
 0.0  0.0  0.0  0.0  0.0  1.0  0.0
 0.0  0.0  0.0  0.0  0.0  0.0  1.0
3-element Vector{Float64}:
 1.0
 0.0
 1.0
2×3 Matrix{Float64}:
 0.0       0.0       0.178642
 0.178642  0.130332  0.0
3-element Vector{Float64}:
 0.17864236203418116
 0.13033160112750844
 0.17864236203418116
3×7 Matrix{Float64}:
 0.0  0.0  0.0  0.589037  0.488314  0.513707  0.168953
 0.0  0.0  0.0  0.207739  0.284743  0.255618  0.363582
 0.0  0.0  0.0  0.203224  0.226943  0.230675  0.467465
3-element Vector{Float64}:
 0.17864236203418116
 0.13033160112750844
 0.17864236203418116
a: [0.0 0.0 0.17864236203418116; 0.17864236203418116 0.13033160112750844 0.0]
b: [0.17864236203418116, 0.13033160112750844, 0.17864236203418116]
c: [0.0 0.0 0.0 0.5890371238548593 0.4883142203433042 0.5137070252533102 0.16895270618426197; 0.0 0.0 0.0 0.20773879165628062 0.28474251913239024 0.25561761310338194 0.3635822870169622; 0.0 0.0 0.0 0.2032240844888601 0.22694326052430558 0.2306753616433078 0.46746500679877584]
d: [0.17864236203418116, 0.13033160112750844, 0.17864236203418116]
comparison (CRT and Glb)on prediction: Dict{Bool, Int64}(0 => 2, 1 => 2)
Dataname	 time	 objv	 lb	 gap	 train_w	 train_g	 test_w	 test_g
/work_bgfs/n/navarrodelacruz/odt/optimal_decision_tree/augmented_datasets/small_toy/small_toy_388.small_toy	 27.94	 0.024380816259793534	 N/A	 N/A	 88.889	 33.333	 50.0	 50.0
