Running 2 processes.
Start training /work_bgfs/n/navarrodelacruz/odt/optimal_decision_tree/augmented_datasets/small_toy/small_toy_601.small_toy with seed 1.
Any[]
(2, 13)
(2, 6)
(2, 3)
(2, 4)
dimension: 2, class: 3
cart cost: 2.7000000000000006
size of X: (2, 9)
Using method: Global linear DT optimization
Version identifier: 20.1.0.0 | 2020-11-10 | 9bedb6d68
CPXPARAM_Threads                                 1
CPXPARAM_TimeLimit                               1728000
Tried aggregator 1 time.
No LP presolve or aggregator reductions.
Presolve time = 0.00 sec. (0.14 ticks)
Initializing dual steep norms . . .

Iteration log . . .
Iteration:     1   Dual objective     =             0.000000
Iteration:    62   Dual objective     =             0.025277
2×3 Matrix{Float64}:
 1.0  0.0  0.0
 0.0  1.0  0.0
3-element Vector{Float64}:
 0.7396679058865887
 0.23668751301401247
 0.0
3×7 Matrix{Float64}:
 0.0  0.0  0.0  1.0  0.0  0.0  0.0
 0.0  0.0  0.0  0.0  1.0  0.0  0.0
 0.0  0.0  0.0  0.0  0.0  0.0  1.0
3-element Vector{Float64}:
 1.0
 1.0
 0.0
2×3 Matrix{Float64}:
 0.0       0.154977   0.0
 0.238089  0.0394598  0.0730129
3-element Vector{Float64}:
 0.23808930364778166
 0.1944369373959425
 0.07301289383528124
3×7 Matrix{Float64}:
 0.0  0.0  0.0  0.477999  0.435732  0.841804   0.14795
 0.0  0.0  0.0  0.29323   0.271847  0.0833652  0.39967
 0.0  0.0  0.0  0.228771  0.29242   0.074831   0.45238
3-element Vector{Float64}:
 0.23808930364778166
 0.1944369373959425
 0.07301289383528124
a: [0.0 0.15497715588518604 0.0; 0.23808930364778166 0.039459781510756464 0.07301289383528124]
b: [0.23808930364778166, 0.1944369373959425, 0.07301289383528124]
c: [0.0 0.0 0.0 0.4779985567055117 0.43573237840298423 0.8418038652677546 0.14795008248918295; 0.0 0.0 0.0 0.29323042063216465 0.27184728750755577 0.0833651778475571 0.39966976130201176; 0.0 0.0 0.0 0.22877102266232363 0.29242033408946 0.07483095688468822 0.4523801562088053]
d: [0.23808930364778166, 0.1944369373959425, 0.07301289383528124]
comparison (CRT and Glb)on prediction: Dict{Bool, Int64}(0 => 4, 1 => 0)
Dataname	 time	 objv	 lb	 gap	 train_w	 train_g	 test_w	 test_g
/work_bgfs/n/navarrodelacruz/odt/optimal_decision_tree/augmented_datasets/small_toy/small_toy_601.small_toy	 28.79	 0.025276956743950273	 N/A	 N/A	 88.889	 0.0	 75.0	 0.0
