Running 2 processes.
Start training /work_bgfs/n/navarrodelacruz/odt/optimal_decision_tree/augmented_datasets/small_toy/small_toy_724.small_toy with seed 1.
Any[]
(2, 13)
(2, 6)
(2, 3)
(2, 4)
dimension: 2, class: 3
cart cost: 2.7000000000000006
size of X: (2, 9)
Using method: Global linear DT optimization
Version identifier: 20.1.0.0 | 2020-11-10 | 9bedb6d68
CPXPARAM_Threads                                 1
CPXPARAM_TimeLimit                               1728000
Tried aggregator 1 time.
No LP presolve or aggregator reductions.
Presolve time = 0.00 sec. (0.14 ticks)
Initializing dual steep norms . . .

Iteration log . . .
Iteration:     1   Dual objective     =             0.000000
Iteration:    62   Dual objective     =             0.023475
2×3 Matrix{Float64}:
 0.0  0.0  0.0
 1.0  0.0  1.0
3-element Vector{Float64}:
 0.30621125583287745
 0.0
 0.6517782865738682
3×7 Matrix{Float64}:
 0.0  0.0  0.0  0.0  1.0  0.0  0.0
 0.0  0.0  0.0  0.0  0.0  1.0  0.0
 0.0  0.0  0.0  0.0  0.0  0.0  1.0
3-element Vector{Float64}:
 1.0
 0.0
 1.0
2×3 Matrix{Float64}:
 0.0       0.149072   0.0
 0.225257  0.0148005  0.0803782
3-element Vector{Float64}:
 0.22525653602332396
 0.16387273049163847
 0.08037821858542682
3×7 Matrix{Float64}:
 0.0  0.0  0.0  0.320985  0.444794  0.772972  0.166218
 0.0  0.0  0.0  0.226359  0.306387  0.122372  0.357934
 0.0  0.0  0.0  0.452655  0.248819  0.104656  0.475848
3-element Vector{Float64}:
 0.22525653602332396
 0.16387273049163847
 0.08037821858542682
a: [0.0 0.1490722405826438 0.0; 0.22525653602332396 0.014800489908994657 0.08037821858542682]
b: [0.22525653602332396, 0.16387273049163847, 0.08037821858542682]
c: [0.0 0.0 0.0 0.320985248942135 0.4447939660460065 0.7729724238670349 0.1662178806576543; 0.0 0.0 0.0 0.22635934618798292 0.306386955050431 0.12237159647247187 0.3579339305800737; 0.0 0.0 0.0 0.4526554048698821 0.24881907890356247 0.10465597966049323 0.475848188762272]
d: [0.22525653602332396, 0.16387273049163847, 0.08037821858542682]
comparison (CRT and Glb)on prediction: Dict{Bool, Int64}(0 => 4, 1 => 0)
Dataname	 time	 objv	 lb	 gap	 train_w	 train_g	 test_w	 test_g
/work_bgfs/n/navarrodelacruz/odt/optimal_decision_tree/augmented_datasets/small_toy/small_toy_724.small_toy	 33.44	 0.023475374255019464	 N/A	 N/A	 88.889	 0.0	 50.0	 0.0
