Running 2 processes.
Start training /work_bgfs/n/navarrodelacruz/odt/optimal_decision_tree/augmented_datasets/small_toy/small_toy_861.small_toy with seed 1.
Any[]
(2, 13)
(2, 6)
(2, 3)
(2, 4)
dimension: 2, class: 3
cart cost: 2.7000000000000006
size of X: (2, 9)
Using method: Global linear DT optimization
Version identifier: 20.1.0.0 | 2020-11-10 | 9bedb6d68
CPXPARAM_Threads                                 1
CPXPARAM_TimeLimit                               1728000
Tried aggregator 1 time.
No LP presolve or aggregator reductions.
Presolve time = 0.00 sec. (0.14 ticks)
Initializing dual steep norms . . .

Iteration log . . .
Iteration:     1   Dual objective     =             0.000000
Iteration:    62   Dual objective     =             0.023908
2×3 Matrix{Float64}:
 1.0  0.0  0.0
 0.0  1.0  0.0
3-element Vector{Float64}:
 0.6594104389580275
 0.2605232648519316
 0.0
3×7 Matrix{Float64}:
 0.0  0.0  0.0  1.0  0.0  0.0  0.0
 0.0  0.0  0.0  0.0  1.0  0.0  0.0
 0.0  0.0  0.0  0.0  0.0  0.0  1.0
3-element Vector{Float64}:
 1.0
 1.0
 0.0
2×3 Matrix{Float64}:
 0.0       0.174642  0.0
 0.228268  0.0       0.0752564
3-element Vector{Float64}:
 0.2282679528205758
 0.17464158826613485
 0.07525641333419211
3×7 Matrix{Float64}:
 0.0  0.0  0.0  0.519578  0.451213  0.779968   0.165595
 0.0  0.0  0.0  0.253915  0.290832  0.122214   0.362094
 0.0  0.0  0.0  0.226507  0.257954  0.0978177  0.472311
3-element Vector{Float64}:
 0.2282679528205758
 0.17464158826613485
 0.07525641333419211
a: [0.0 0.17464158826613485 0.0; 0.2282679528205758 0.0 0.07525641333419211]
b: [0.2282679528205758, 0.17464158826613485, 0.07525641333419211]
c: [0.0 0.0 0.0 0.519578246945675 0.45121332433438016 0.7799684674905858 0.1655949362071177; 0.0 0.0 0.0 0.2539151670595987 0.2908324928681631 0.12221382552513815 0.36209395371780206; 0.0 0.0 0.0 0.22650658599472628 0.2579541827974568 0.09781770698427603 0.4723111100750802]
d: [0.2282679528205758, 0.17464158826613485, 0.07525641333419211]
comparison (CRT and Glb)on prediction: Dict{Bool, Int64}(0 => 3, 1 => 1)
Dataname	 time	 objv	 lb	 gap	 train_w	 train_g	 test_w	 test_g
/work_bgfs/n/navarrodelacruz/odt/optimal_decision_tree/augmented_datasets/small_toy/small_toy_861.small_toy	 28.36	 0.02390829772104514	 N/A	 N/A	 88.889	 33.333	 75.0	 50.0
