Running 2 processes.
Start training /work_bgfs/n/navarrodelacruz/odt/optimal_decision_tree/augmented_datasets/small_toy/small_toy_969.small_toy with seed 1.
Any[]
(2, 13)
(2, 6)
(2, 3)
(2, 4)
dimension: 2, class: 3
cart cost: 7.9
size of X: (2, 9)
Using method: Global linear DT optimization
Version identifier: 20.1.0.0 | 2020-11-10 | 9bedb6d68
CPXPARAM_Threads                                 1
CPXPARAM_TimeLimit                               1728000
Tried aggregator 1 time.
No LP presolve or aggregator reductions.
Presolve time = 0.00 sec. (0.14 ticks)
Initializing dual steep norms . . .

Iteration log . . .
Iteration:     1   Dual objective     =             0.000000
Iteration:    62   Dual objective     =             0.023160
2×3 Matrix{Float64}:
 1.0  0.0  0.0
 0.0  0.0  1.0
3-element Vector{Float64}:
 0.2178872263503343
 0.0
 0.09976355938660639
3×7 Matrix{Float64}:
 0.0  0.0  0.0  0.0  1.0  1.0  0.0
 0.0  0.0  0.0  0.0  0.0  0.0  1.0
 0.0  0.0  0.0  0.0  0.0  0.0  0.0
3-element Vector{Float64}:
 1.0
 0.0
 1.0
2×3 Matrix{Float64}:
 0.0      0.164256  0.0191207
 0.22155  0.0       0.0744418
3-element Vector{Float64}:
 0.22154954189964712
 0.16425580381774169
 0.09356254124347192
3×7 Matrix{Float64}:
 0.0  0.0  0.0  0.510508  0.438874  0.745124  0.171787
 0.0  0.0  0.0  0.26472   0.296471  0.130116  0.379446
 0.0  0.0  0.0  0.224772  0.264655  0.12476   0.448766
3-element Vector{Float64}:
 0.22154954189964712
 0.16425580381774169
 0.09356254124347192
a: [0.0 0.16425580381774169 0.019120692951281673; 0.22154954189964712 0.0 0.07444184829219025]
b: [0.22154954189964712, 0.16425580381774169, 0.09356254124347192]
c: [0.0 0.0 0.0 0.5105076356403278 0.43887438499590836 0.7451244555013421 0.17178744994345643; 0.0 0.0 0.0 0.26472039139470177 0.2964709908125608 0.13011600176843685 0.3794463590028746; 0.0 0.0 0.0 0.22477197296497042 0.26465462419153085 0.12475954273022107 0.448766191053669]
d: [0.22154954189964712, 0.16425580381774169, 0.09356254124347192]
comparison (CRT and Glb)on prediction: Dict{Bool, Int64}(0 => 2, 1 => 2)
Dataname	 time	 objv	 lb	 gap	 train_w	 train_g	 test_w	 test_g
/work_bgfs/n/navarrodelacruz/odt/optimal_decision_tree/augmented_datasets/small_toy/small_toy_969.small_toy	 28.09	 0.023968394348043043	 N/A	 N/A	 66.667	 33.333	 75.0	 50.0
