Running 2 processes.
Start training /work_bgfs/n/navarrodelacruz/odt/optimal_decision_tree/augmented_datasets/small_toy/small_toy_628.small_toy with seed 1.
Any[]
(2, 13)
(2, 6)
(2, 3)
(2, 4)
dimension: 2, class: 3
cart cost: 7.9
size of X: (2, 9)
Using method: Global linear DT optimization
Version identifier: 20.1.0.0 | 2020-11-10 | 9bedb6d68
CPXPARAM_Threads                                 1
CPXPARAM_TimeLimit                               1728000
Tried aggregator 1 time.
No LP presolve or aggregator reductions.
Presolve time = 0.00 sec. (0.14 ticks)
Initializing dual steep norms . . .

Iteration log . . .
Iteration:     1   Dual objective     =             0.000000
Iteration:    62   Dual objective     =             0.024411
2×3 Matrix{Float64}:
 1.0  0.0  0.0
 0.0  0.0  1.0
3-element Vector{Float64}:
 0.2081095256787021
 0.0
 0.21695396702816003
3×7 Matrix{Float64}:
 0.0  0.0  0.0  0.0  1.0  1.0  0.0
 0.0  0.0  0.0  0.0  0.0  0.0  1.0
 0.0  0.0  0.0  0.0  0.0  0.0  0.0
3-element Vector{Float64}:
 1.0
 0.0
 1.0
2×3 Matrix{Float64}:
 0.0       0.112639  0.0
 0.187789  0.0       0.187789
3-element Vector{Float64}:
 0.18778876064648148
 0.11263899125329303
 0.18778876064648148
3×7 Matrix{Float64}:
 0.0  0.0  0.0  0.670101  0.488028  0.354384  0.165721
 0.0  0.0  0.0  0.184696  0.309443  0.309443  0.354909
 0.0  0.0  0.0  0.145203  0.202529  0.336172  0.47937
3-element Vector{Float64}:
 0.18778876064648148
 0.11263899125329303
 0.18778876064648148
a: [0.0 0.11263899125329303 0.0; 0.18778876064648148 0.0 0.18778876064648148]
b: [0.18778876064648148, 0.11263899125329303, 0.18778876064648148]
c: [0.0 0.0 0.0 0.6701012205391981 0.48802779360736925 0.3543843959802515 0.16572062783183084; 0.0 0.0 0.0 0.18469590718819018 0.3094434109230719 0.3094434109230718 0.3549091902156736; 0.0 0.0 0.0 0.1452028722726118 0.20252879546955882 0.3361721930966767 0.47937018195249553]
d: [0.18778876064648148, 0.11263899125329303, 0.18778876064648148]
comparison (CRT and Glb)on prediction: Dict{Bool, Int64}(0 => 2, 1 => 2)
Dataname	 time	 objv	 lb	 gap	 train_w	 train_g	 test_w	 test_g
/work_bgfs/n/navarrodelacruz/odt/optimal_decision_tree/augmented_datasets/small_toy/small_toy_628.small_toy	 28.91	 0.024410825627312806	 N/A	 N/A	 66.667	 33.333	 75.0	 50.0
