Running 2 processes.
Start training /work_bgfs/n/navarrodelacruz/odt/optimal_decision_tree/augmented_datasets/small_toy/small_toy_393.small_toy with seed 1.
Any[]
(2, 13)
(2, 6)
(2, 3)
(2, 4)
dimension: 2, class: 3
cart cost: 5.349999999999999
size of X: (2, 9)
Using method: Global linear DT optimization
Version identifier: 20.1.0.0 | 2020-11-10 | 9bedb6d68
CPXPARAM_Threads                                 1
CPXPARAM_TimeLimit                               1728000
Tried aggregator 1 time.
No LP presolve or aggregator reductions.
Presolve time = 0.00 sec. (0.14 ticks)
Initializing dual steep norms . . .

Iteration log . . .
Iteration:     1   Dual objective     =             0.000000
Iteration:    62   Dual objective     =             0.022736
2×3 Matrix{Float64}:
 0.0  0.0  1.0
 1.0  1.0  0.0
3-element Vector{Float64}:
 0.41484109151443294
 0.17853916365388628
 0.7618297753807415
3×7 Matrix{Float64}:
 0.0  0.0  0.0  1.0  0.0  0.0  0.0
 0.0  0.0  0.0  0.0  1.0  1.0  0.0
 0.0  0.0  0.0  0.0  0.0  0.0  1.0
3-element Vector{Float64}:
 1.0
 1.0
 1.0
2×3 Matrix{Float64}:
 0.0       0.0       0.183875
 0.183875  0.103227  0.0
3-element Vector{Float64}:
 0.1838752124949773
 0.10322749365639497
 0.1838752124949773
3×7 Matrix{Float64}:
 0.0  0.0  0.0  0.667913  0.457434  0.469956  0.192325
 0.0  0.0  0.0  0.169753  0.302375  0.269434  0.354884
 0.0  0.0  0.0  0.162334  0.240191  0.260609  0.452791
3-element Vector{Float64}:
 0.1838752124949773
 0.10322749365639497
 0.1838752124949773
a: [0.0 0.0 0.1838752124949773; 0.1838752124949773 0.10322749365639497 0.0]
b: [0.1838752124949773, 0.10322749365639497, 0.1838752124949773]
c: [0.0 0.0 0.0 0.6679130513814132 0.4574341850304647 0.469956340502558 0.19232542803695224; 0.0 0.0 0.0 0.1697533544295473 0.3023752007519028 0.2694344463047122 0.3548835489421948; 0.0 0.0 0.0 0.16233359418903948 0.2401906142176326 0.26060921319272984 0.452791023020853]
d: [0.1838752124949773, 0.10322749365639497, 0.1838752124949773]
comparison (CRT and Glb)on prediction: Dict{Bool, Int64}(0 => 3, 1 => 1)
Dataname	 time	 objv	 lb	 gap	 train_w	 train_g	 test_w	 test_g
/work_bgfs/n/navarrodelacruz/odt/optimal_decision_tree/augmented_datasets/small_toy/small_toy_393.small_toy	 29.5	 0.023548895932317477	 N/A	 N/A	 77.778	 33.333	 75.0	 50.0
