Running 2 processes.
Start training /work_bgfs/n/navarrodelacruz/odt/optimal_decision_tree/augmented_datasets/small_toy/small_toy_545.small_toy with seed 1.
Any[]
(2, 13)
(2, 6)
(2, 3)
(2, 4)
dimension: 2, class: 3
cart cost: 2.7000000000000006
size of X: (2, 9)
Using method: Global linear DT optimization
Version identifier: 20.1.0.0 | 2020-11-10 | 9bedb6d68
CPXPARAM_Threads                                 1
CPXPARAM_TimeLimit                               1728000
Tried aggregator 1 time.
No LP presolve or aggregator reductions.
Presolve time = 0.00 sec. (0.14 ticks)
Initializing dual steep norms . . .

Iteration log . . .
Iteration:     1   Dual objective     =             0.000000
Iteration:    62   Dual objective     =             0.023110
2×3 Matrix{Float64}:
 0.0  0.0  0.0
 1.0  0.0  1.0
3-element Vector{Float64}:
 0.36156390690484386
 0.0
 0.6869327062173775
3×7 Matrix{Float64}:
 0.0  0.0  0.0  0.0  1.0  0.0  0.0
 0.0  0.0  0.0  0.0  0.0  1.0  0.0
 0.0  0.0  0.0  0.0  0.0  0.0  1.0
3-element Vector{Float64}:
 1.0
 0.0
 1.0
2×3 Matrix{Float64}:
 0.106949   0.0       0.0
 0.0602246  0.131971  0.167174
3-element Vector{Float64}:
 0.16717361297807876
 0.1319711799495671
 0.16717361297807878
3×7 Matrix{Float64}:
 0.0  0.0  0.0  0.58968   0.322984  0.553609  0.17877
 0.0  0.0  0.0  0.206184  0.264499  0.261183  0.368036
 0.0  0.0  0.0  0.204136  0.412516  0.185208  0.453194
3-element Vector{Float64}:
 0.16717361297807878
 0.1319711799495671
 0.16717361297807878
a: [0.10694901863783163 0.0 0.0; 0.06022459434024711 0.1319711799495671 0.16717361297807878]
b: [0.16717361297807876, 0.1319711799495671, 0.16717361297807878]
c: [0.0 0.0 0.0 0.589679598539667 0.3229842957595326 0.5536091574264856 0.17876981990620663; 0.0 0.0 0.0 0.20618429984534536 0.2644992431741948 0.26118258818079904 0.36803601818079745; 0.0 0.0 0.0 0.2041361016149877 0.4125164610662726 0.18520825439271538 0.4531941619129959]
d: [0.16717361297807878, 0.1319711799495671, 0.16717361297807878]
comparison (CRT and Glb)on prediction: Dict{Bool, Int64}(0 => 2, 1 => 2)
Dataname	 time	 objv	 lb	 gap	 train_w	 train_g	 test_w	 test_g
/work_bgfs/n/navarrodelacruz/odt/optimal_decision_tree/augmented_datasets/small_toy/small_toy_545.small_toy	 29.63	 0.023315920295286237	 N/A	 N/A	 88.889	 33.333	 50.0	 50.0
