Running 2 processes.
Start training /work_bgfs/n/navarrodelacruz/odt/optimal_decision_tree/augmented_datasets/small_toy/small_toy_851.small_toy with seed 1.
Any[]
(2, 13)
(2, 6)
(2, 3)
(2, 4)
dimension: 2, class: 3
cart cost: 2.7000000000000006
size of X: (2, 9)
Using method: Global linear DT optimization
Version identifier: 20.1.0.0 | 2020-11-10 | 9bedb6d68
CPXPARAM_Threads                                 1
CPXPARAM_TimeLimit                               1728000
Tried aggregator 1 time.
No LP presolve or aggregator reductions.
Presolve time = 0.03 sec. (0.14 ticks)
Initializing dual steep norms . . .

Iteration log . . .
Iteration:     1   Dual objective     =             0.000000
Iteration:    62   Dual objective     =             0.023888
2×3 Matrix{Float64}:
 1.0  0.0  0.0
 0.0  1.0  0.0
3-element Vector{Float64}:
 0.6346101737073973
 0.14073891008672224
 0.0
3×7 Matrix{Float64}:
 0.0  0.0  0.0  1.0  0.0  0.0  0.0
 0.0  0.0  0.0  0.0  1.0  0.0  0.0
 0.0  0.0  0.0  0.0  0.0  0.0  1.0
3-element Vector{Float64}:
 1.0
 1.0
 0.0
2×3 Matrix{Float64}:
 0.0       0.0       0.184006
 0.184006  0.109752  0.0
3-element Vector{Float64}:
 0.18400557282264812
 0.10975154518210659
 0.18400557282264812
3×7 Matrix{Float64}:
 0.0  0.0  0.0  0.637091  0.436     0.492109  0.166841
 0.0  0.0  0.0  0.187312  0.314041  0.26503   0.364941
 0.0  0.0  0.0  0.175597  0.249958  0.242861  0.468218
3-element Vector{Float64}:
 0.18400557282264812
 0.10975154518210659
 0.18400557282264812
a: [0.0 0.0 0.18400557282264812; 0.18400557282264812 0.10975154518210659 0.0]
b: [0.18400557282264812, 0.10975154518210659, 0.18400557282264812]
c: [0.0 0.0 0.0 0.6370909914305145 0.43600006412909587 0.4921091404884121 0.1668412294887457; 0.0 0.0 0.0 0.18731246072094543 0.31404147043750785 0.265030287678165 0.36494126985401365; 0.0 0.0 0.0 0.17559654784854006 0.24995846543339628 0.24286057183342297 0.4682175006572406]
d: [0.18400557282264812, 0.10975154518210659, 0.18400557282264812]
comparison (CRT and Glb)on prediction: Dict{Bool, Int64}(0 => 3, 1 => 1)
Dataname	 time	 objv	 lb	 gap	 train_w	 train_g	 test_w	 test_g
/work_bgfs/n/navarrodelacruz/odt/optimal_decision_tree/augmented_datasets/small_toy/small_toy_851.small_toy	 33.41	 0.02388813454137015	 N/A	 N/A	 88.889	 33.333	 75.0	 50.0
