Running 2 processes.
Start training /work_bgfs/n/navarrodelacruz/odt/optimal_decision_tree/augmented_datasets/small_toy/small_toy_534.small_toy with seed 1.
Any[]
(2, 13)
(2, 6)
(2, 3)
(2, 4)
dimension: 2, class: 3
cart cost: 2.7000000000000006
size of X: (2, 9)
Using method: Global linear DT optimization
Version identifier: 20.1.0.0 | 2020-11-10 | 9bedb6d68
CPXPARAM_Threads                                 1
CPXPARAM_TimeLimit                               1728000
Tried aggregator 1 time.
No LP presolve or aggregator reductions.
Presolve time = 0.00 sec. (0.14 ticks)
Initializing dual steep norms . . .

Iteration log . . .
Iteration:     1   Dual objective     =             0.000000
Iteration:    62   Dual objective     =             0.023565
2×3 Matrix{Float64}:
 1.0  0.0  0.0
 0.0  1.0  0.0
3-element Vector{Float64}:
 0.7041809690926225
 0.14813749940121393
 0.0
3×7 Matrix{Float64}:
 0.0  0.0  0.0  1.0  0.0  0.0  0.0
 0.0  0.0  0.0  0.0  1.0  0.0  0.0
 0.0  0.0  0.0  0.0  0.0  0.0  1.0
3-element Vector{Float64}:
 1.0
 1.0
 0.0
2×3 Matrix{Float64}:
 0.0       0.14418    0.0
 0.227145  0.0414118  0.0585712
3-element Vector{Float64}:
 0.22714525098848437
 0.18559230047044417
 0.058571164821335064
3×7 Matrix{Float64}:
 0.0  0.0  0.0  0.513522  0.452999  0.818454   0.161327
 0.0  0.0  0.0  0.259524  0.316734  0.100821   0.351103
 0.0  0.0  0.0  0.226954  0.230267  0.0807253  0.487569
3-element Vector{Float64}:
 0.22714525098848437
 0.18559230047044417
 0.058571164821335064
a: [0.0 0.1441804555266412 0.0; 0.22714525098848437 0.04141184494380298 0.058571164821335064]
b: [0.22714525098848437, 0.18559230047044417, 0.058571164821335064]
c: [0.0 0.0 0.0 0.5135216428973155 0.45299912184722096 0.8184538673864814 0.16132742240145376; 0.0 0.0 0.0 0.25952398813731103 0.31673390822303055 0.10082079013040389 0.35110325994039115; 0.0 0.0 0.0 0.22695436896537344 0.2302669699297485 0.08072534248311469 0.48756931765815503]
d: [0.22714525098848437, 0.18559230047044417, 0.058571164821335064]
comparison (CRT and Glb)on prediction: Dict{Bool, Int64}(0 => 3, 1 => 1)
Dataname	 time	 objv	 lb	 gap	 train_w	 train_g	 test_w	 test_g
/work_bgfs/n/navarrodelacruz/odt/optimal_decision_tree/augmented_datasets/small_toy/small_toy_534.small_toy	 33.82	 0.023565435814013182	 N/A	 N/A	 88.889	 33.333	 75.0	 50.0
