Running 2 processes.
Start training /work_bgfs/n/navarrodelacruz/odt/optimal_decision_tree/augmented_datasets/small_toy/small_toy_698.small_toy with seed 1.
Any[]
(2, 13)
(2, 6)
(2, 3)
(2, 4)
dimension: 2, class: 3
cart cost: 0.1
size of X: (2, 9)
Using method: Global linear DT optimization
Version identifier: 20.1.0.0 | 2020-11-10 | 9bedb6d68
CPXPARAM_Threads                                 1
CPXPARAM_TimeLimit                               1728000
Tried aggregator 1 time.
No LP presolve or aggregator reductions.
Presolve time = 0.00 sec. (0.14 ticks)
Initializing dual steep norms . . .

Iteration log . . .
Iteration:     1   Dual objective     =             0.000000
Iteration:    62   Dual objective     =             0.024043
2×3 Matrix{Float64}:
 1.0  0.0  0.0
 0.0  1.0  0.0
3-element Vector{Float64}:
 0.6913117446195196
 0.33016566224502814
 0.0
3×7 Matrix{Float64}:
 0.0  0.0  0.0  1.0  0.0  0.0  0.0
 0.0  0.0  0.0  0.0  1.0  0.0  0.0
 0.0  0.0  0.0  0.0  0.0  0.0  1.0
3-element Vector{Float64}:
 1.0
 1.0
 0.0
2×3 Matrix{Float64}:
 0.0       0.149028  0.0
 0.232852  0.039887  0.0590896
3-element Vector{Float64}:
 0.2328522372502751
 0.1889149344309208
 0.05908962088958586
3×7 Matrix{Float64}:
 0.0  0.0  0.0  0.368292  0.460899  0.846055   0.148348
 0.0  0.0  0.0  0.293478  0.299226  0.0759329  0.371228
 0.0  0.0  0.0  0.33823   0.239875  0.0780123  0.480424
3-element Vector{Float64}:
 0.2328522372502751
 0.1889149344309208
 0.05908962088958586
a: [0.0 0.14902797678363855 0.0; 0.2328522372502751 0.039886957647282235 0.05908962088958586]
b: [0.2328522372502751, 0.1889149344309208, 0.05908962088958586]
c: [0.0 0.0 0.0 0.36829201240369036 0.460898535651929 0.8460547497887543 0.14834753757342448; 0.0 0.0 0.0 0.2934779354715772 0.2992260736035515 0.07593294124337337 0.3712283797046998; 0.0 0.0 0.0 0.33823005212473245 0.23987539074451947 0.07801230896787237 0.48042408272187576]
d: [0.2328522372502751, 0.1889149344309208, 0.05908962088958586]
comparison (CRT and Glb)on prediction: Dict{Bool, Int64}(0 => 4, 1 => 0)
Dataname	 time	 objv	 lb	 gap	 train_w	 train_g	 test_w	 test_g
/work_bgfs/n/navarrodelacruz/odt/optimal_decision_tree/augmented_datasets/small_toy/small_toy_698.small_toy	 36.36	 0.024042839628539092	 N/A	 N/A	 100.0	 0.0	 75.0	 0.0
