Running 2 processes.
Start training /work_bgfs/n/navarrodelacruz/odt/optimal_decision_tree/augmented_datasets/small_toy/small_toy_850.small_toy with seed 1.
Any[]
(2, 13)
(2, 6)
(2, 3)
(2, 4)
dimension: 2, class: 3
cart cost: 2.7000000000000006
size of X: (2, 9)
Using method: Global linear DT optimization
Version identifier: 20.1.0.0 | 2020-11-10 | 9bedb6d68
CPXPARAM_Threads                                 1
CPXPARAM_TimeLimit                               1728000
Tried aggregator 1 time.
No LP presolve or aggregator reductions.
Presolve time = 0.00 sec. (0.14 ticks)
Initializing dual steep norms . . .

Iteration log . . .
Iteration:     1   Dual objective     =             0.000000
Iteration:    62   Dual objective     =             0.023593
2×3 Matrix{Float64}:
 0.0  0.0  0.0
 1.0  0.0  1.0
3-element Vector{Float64}:
 0.3301206531166209
 0.0
 0.6414358250969231
3×7 Matrix{Float64}:
 0.0  0.0  0.0  0.0  1.0  0.0  0.0
 0.0  0.0  0.0  0.0  0.0  1.0  0.0
 0.0  0.0  0.0  0.0  0.0  0.0  1.0
3-element Vector{Float64}:
 1.0
 0.0
 1.0
2×3 Matrix{Float64}:
 0.0       0.137519   0.0
 0.225669  0.0625722  0.046104
3-element Vector{Float64}:
 0.225669064508308
 0.2000911715191118
 0.04610395078597899
3×7 Matrix{Float64}:
 0.0  0.0  0.0  0.388874  0.434785  0.864435   0.171693
 0.0  0.0  0.0  0.367431  0.309162  0.0745057  0.365482
 0.0  0.0  0.0  0.243695  0.256052  0.0610594  0.462824
3-element Vector{Float64}:
 0.225669064508308
 0.2000911715191118
 0.04610395078597899
a: [0.0 0.1375190024500751 0.0; 0.225669064508308 0.0625721690690367 0.04610395078597899]
b: [0.225669064508308, 0.2000911715191118, 0.04610395078597899]
c: [0.0 0.0 0.0 0.3888744320500498 0.434785371253176 0.8644349194333449 0.1716934498749178; 0.0 0.0 0.0 0.36743098628975035 0.3091624664540739 0.07450572101175737 0.36548225828782127; 0.0 0.0 0.0 0.2436945816601999 0.2560521622927501 0.06105935955489772 0.46282429183726087]
d: [0.225669064508308, 0.2000911715191118, 0.04610395078597899]
comparison (CRT and Glb)on prediction: Dict{Bool, Int64}(0 => 4, 1 => 0)
Dataname	 time	 objv	 lb	 gap	 train_w	 train_g	 test_w	 test_g
/work_bgfs/n/navarrodelacruz/odt/optimal_decision_tree/augmented_datasets/small_toy/small_toy_850.small_toy	 30.17	 0.02359320934066994	 N/A	 N/A	 88.889	 0.0	 75.0	 0.0
