Running 2 processes.
Start training /work_bgfs/n/navarrodelacruz/odt/optimal_decision_tree/augmented_datasets/small_toy/small_toy_622.small_toy with seed 1.
Any[]
(2, 13)
(2, 6)
(2, 3)
(2, 4)
dimension: 2, class: 3
cart cost: 2.7500000000000004
size of X: (2, 9)
Using method: Global linear DT optimization
Version identifier: 20.1.0.0 | 2020-11-10 | 9bedb6d68
CPXPARAM_Threads                                 1
CPXPARAM_TimeLimit                               1728000
Tried aggregator 1 time.
No LP presolve or aggregator reductions.
Presolve time = 0.00 sec. (0.14 ticks)
Initializing dual steep norms . . .

Iteration log . . .
Iteration:     1   Dual objective     =             0.000000
Iteration:    62   Dual objective     =             0.023805
2×3 Matrix{Float64}:
 1.0  0.0  1.0
 0.0  1.0  0.0
3-element Vector{Float64}:
 0.6304486545374969
 0.5238924263461364
 0.771702695433789
3×7 Matrix{Float64}:
 0.0  0.0  0.0  1.0  0.0  0.0  0.0
 0.0  0.0  0.0  0.0  1.0  1.0  0.0
 0.0  0.0  0.0  0.0  0.0  0.0  1.0
3-element Vector{Float64}:
 1.0
 1.0
 1.0
2×3 Matrix{Float64}:
 0.0      0.147882   0.0
 0.20436  0.0130069  0.110857
3-element Vector{Float64}:
 0.2043600828501521
 0.16088923450978218
 0.11085748320274622
3×7 Matrix{Float64}:
 0.0  0.0  0.0  0.569031  0.388372  0.673675  0.170596
 0.0  0.0  0.0  0.218858  0.269572  0.179692  0.368689
 0.0  0.0  0.0  0.212111  0.342057  0.146633  0.460715
3-element Vector{Float64}:
 0.2043600828501521
 0.16088923450978218
 0.11085748320274622
a: [0.0 0.14788233515850646 0.0; 0.2043600828501521 0.01300689935127572 0.11085748320274622]
b: [0.2043600828501521, 0.16088923450978218, 0.11085748320274622]
c: [0.0 0.0 0.0 0.5690305366457591 0.38837180562363083 0.6736753191630713 0.17059608884583263; 0.0 0.0 0.0 0.21885811131332122 0.2695715495455544 0.17969176950685695 0.3686888637829985; 0.0 0.0 0.0 0.21211135204091963 0.34205664483081477 0.14663291133007172 0.46071504737116886]
d: [0.2043600828501521, 0.16088923450978218, 0.11085748320274622]
comparison (CRT and Glb)on prediction: Dict{Bool, Int64}(0 => 2, 1 => 2)
Dataname	 time	 objv	 lb	 gap	 train_w	 train_g	 test_w	 test_g
/work_bgfs/n/navarrodelacruz/odt/optimal_decision_tree/augmented_datasets/small_toy/small_toy_622.small_toy	 28.72	 0.023805340028134028	 N/A	 N/A	 88.889	 33.333	 50.0	 50.0
