Running 2 processes.
Start training /work_bgfs/n/navarrodelacruz/odt/optimal_decision_tree/augmented_datasets/small_toy/small_toy_709.small_toy with seed 1.
Any[]
(2, 13)
(2, 6)
(2, 3)
(2, 4)
dimension: 2, class: 3
cart cost: 2.7500000000000004
size of X: (2, 9)
Using method: Global linear DT optimization
Version identifier: 20.1.0.0 | 2020-11-10 | 9bedb6d68
CPXPARAM_Threads                                 1
CPXPARAM_TimeLimit                               1728000
Tried aggregator 1 time.
No LP presolve or aggregator reductions.
Presolve time = 0.00 sec. (0.14 ticks)
Initializing dual steep norms . . .

Iteration log . . .
Iteration:     1   Dual objective     =             0.000000
2×3 Matrix{Float64}:
 1.0  0.0  1.0
 0.0  1.0  0.0
3-element Vector{Float64}:
 0.6552438695835785
 0.46108561770980466
 0.8249711872739132
3×7 Matrix{Float64}:
 0.0  0.0  0.0  1.0  0.0  0.0  0.0
 0.0  0.0  0.0  0.0  1.0  1.0  0.0
 0.0  0.0  0.0  0.0  0.0  0.0  1.0
3-element Vector{Float64}:
 1.0
 1.0
 1.0
2×3 Matrix{Float64}:
 0.123725   0.0       0.0
 0.0491607  0.133812  0.172886
3-element Vector{Float64}:
 0.17288599139327648
 0.13381206614590083
 0.1728859913932765
3×7 Matrix{Float64}:
 0.0  0.0  0.0  0.664086  0.328385  0.599334  0.142182
 0.0  0.0  0.0  0.177056  0.261076  0.228757  0.374298
 0.0  0.0  0.0  0.158858  0.410539  0.171908  0.48352
3-element Vector{Float64}:
 0.1728859913932765
 0.13381206614590083
 0.1728859913932765
a: [0.1237253123341672 0.0 0.0; 0.04916067905910931 0.13381206614590083 0.1728859913932765]
b: [0.17288599139327648, 0.13381206614590083, 0.1728859913932765]
c: [0.0 0.0 0.0 0.664085671738704 0.3283846384765186 0.5993344142291048 0.14218170999999913; 0.0 0.0 0.0 0.1770558607878729 0.26107608240816277 0.22875723322981567 0.37429779382199735; 0.0 0.0 0.0 0.15885846747342308 0.4105392791153187 0.1719083525410795 0.4835204961780035]
d: [0.1728859913932765, 0.13381206614590083, 0.1728859913932765]
comparison (CRT and Glb)on prediction: Dict{Bool, Int64}(0 => 2, 1 => 2)
Dataname	 time	 objv	 lb	 gap	 train_w	 train_g	 test_w	 test_g
/work_bgfs/n/navarrodelacruz/odt/optimal_decision_tree/augmented_datasets/small_toy/small_toy_709.small_toy	 28.61	 0.023979202446622692	 N/A	 N/A	 88.889	 33.333	 50.0	 50.0
