Running 2 processes.
Start training /work_bgfs/n/navarrodelacruz/odt/optimal_decision_tree/augmented_datasets/small_toy/small_toy_874.small_toy with seed 1.
Any[]
(2, 13)
(2, 6)
(2, 3)
(2, 4)
dimension: 2, class: 3
cart cost: 2.7500000000000004
size of X: (2, 9)
Using method: Global linear DT optimization
Version identifier: 20.1.0.0 | 2020-11-10 | 9bedb6d68
CPXPARAM_Threads                                 1
CPXPARAM_TimeLimit                               1728000
Tried aggregator 1 time.
No LP presolve or aggregator reductions.
Presolve time = 0.00 sec. (0.14 ticks)
Initializing dual steep norms . . .

Iteration log . . .
Iteration:     1   Dual objective     =             0.000000
Iteration:    62   Dual objective     =             0.024211
2×3 Matrix{Float64}:
 1.0  0.0  1.0
 0.0  1.0  0.0
3-element Vector{Float64}:
 0.6469980689982193
 0.5325686913438475
 0.806649889970757
3×7 Matrix{Float64}:
 0.0  0.0  0.0  1.0  0.0  0.0  0.0
 0.0  0.0  0.0  0.0  1.0  1.0  0.0
 0.0  0.0  0.0  0.0  0.0  0.0  1.0
3-element Vector{Float64}:
 1.0
 1.0
 1.0
2×3 Matrix{Float64}:
 0.0       0.161044  0.0
 0.214198  0.0       0.108986
3-element Vector{Float64}:
 0.21419830905716852
 0.1610441613019936
 0.10898603031736931
3×7 Matrix{Float64}:
 0.0  0.0  0.0  0.321108  0.410904  0.676941  0.161797
 0.0  0.0  0.0  0.277301  0.267429  0.180155  0.381852
 0.0  0.0  0.0  0.401592  0.321667  0.142904  0.45635
3-element Vector{Float64}:
 0.21419830905716852
 0.1610441613019936
 0.10898603031736931
a: [0.0 0.1610441613019936 0.0; 0.21419830905716852 0.0 0.10898603031736931]
b: [0.21419830905716852, 0.1610441613019936, 0.10898603031736931]
c: [0.0 0.0 0.0 0.3211077567191854 0.41090429222201025 0.6769407351517678 0.1617974101374024; 0.0 0.0 0.0 0.27730070925359945 0.2674285894447114 0.1801550243566834 0.38185214794678984; 0.0 0.0 0.0 0.4015915340272152 0.3216671183332783 0.14290424049154882 0.45635044191580776]
d: [0.21419830905716852, 0.1610441613019936, 0.10898603031736931]
comparison (CRT and Glb)on prediction: Dict{Bool, Int64}(0 => 4, 1 => 0)
Dataname	 time	 objv	 lb	 gap	 train_w	 train_g	 test_w	 test_g
/work_bgfs/n/navarrodelacruz/odt/optimal_decision_tree/augmented_datasets/small_toy/small_toy_874.small_toy	 28.48	 0.02421142503382657	 N/A	 N/A	 88.889	 0.0	 50.0	 0.0
