Running 2 processes.
Start training /work_bgfs/n/navarrodelacruz/odt/optimal_decision_tree/augmented_datasets/small_toy/small_toy_31.small_toy with seed 1.
Any[]
(2, 13)
(2, 6)
(2, 3)
(2, 4)
dimension: 2, class: 3
cart cost: 2.7500000000000004
size of X: (2, 9)
Using method: Global linear DT optimization
Version identifier: 20.1.0.0 | 2020-11-10 | 9bedb6d68
CPXPARAM_Threads                                 1
CPXPARAM_TimeLimit                               1728000
Tried aggregator 1 time.
No LP presolve or aggregator reductions.
Presolve time = 0.00 sec. (0.14 ticks)
Initializing dual steep norms . . .

Iteration log . . .
Iteration:     1   Dual objective     =             0.000000
Iteration:    62   Dual objective     =             0.023682
2×3 Matrix{Float64}:
 1.0  0.0  1.0
 0.0  1.0  0.0
3-element Vector{Float64}:
 0.5858604258977789
 0.47345780823416495
 0.818947543200824
3×7 Matrix{Float64}:
 0.0  0.0  0.0  1.0  0.0  0.0  0.0
 0.0  0.0  0.0  0.0  1.0  1.0  0.0
 0.0  0.0  0.0  0.0  0.0  0.0  1.0
3-element Vector{Float64}:
 1.0
 1.0
 1.0
2×3 Matrix{Float64}:
 0.0       0.134406  0.0400136
 0.189379  0.0       0.109836
3-element Vector{Float64}:
 0.18937907610180624
 0.13440607725523054
 0.14984942969885978
3×7 Matrix{Float64}:
 0.0  0.0  0.0  0.629912  0.378205  0.544917  0.171906
 0.0  0.0  0.0  0.180986  0.303878  0.230123  0.372272
 0.0  0.0  0.0  0.189102  0.317917  0.22496   0.455823
3-element Vector{Float64}:
 0.18937907610180624
 0.13440607725523054
 0.14984942969885978
a: [0.0 0.13440607725523054 0.04001361823209565; 0.18937907610180624 0.0 0.10983581146676413]
b: [0.18937907610180624, 0.13440607725523054, 0.14984942969885978]
c: [0.0 0.0 0.0 0.6299119712636138 0.3782047934689048 0.5449167028311548 0.1719056159320166; 0.0 0.0 0.0 0.18098563200193382 0.30387785397183653 0.23012332602613716 0.37227161150097837; 0.0 0.0 0.0 0.1891023967344524 0.3179173525592586 0.22495997114270808 0.45582277256700504]
d: [0.18937907610180624, 0.13440607725523054, 0.14984942969885978]
comparison (CRT and Glb)on prediction: Dict{Bool, Int64}(0 => 2, 1 => 2)
Dataname	 time	 objv	 lb	 gap	 train_w	 train_g	 test_w	 test_g
/work_bgfs/n/navarrodelacruz/odt/optimal_decision_tree/augmented_datasets/small_toy/small_toy_31.small_toy	 28.66	 0.02368172915279483	 N/A	 N/A	 88.889	 33.333	 50.0	 50.0
