Running 2 processes.
Start training /work_bgfs/n/navarrodelacruz/odt/optimal_decision_tree/augmented_datasets/small_toy/small_toy_763.small_toy with seed 1.
Any[]
(2, 13)
(2, 6)
(2, 3)
(2, 4)
dimension: 2, class: 3
cart cost: 0.15000000000000002
size of X: (2, 9)
Using method: Global linear DT optimization
Version identifier: 20.1.0.0 | 2020-11-10 | 9bedb6d68
CPXPARAM_Threads                                 1
CPXPARAM_TimeLimit                               1728000
Tried aggregator 1 time.
No LP presolve or aggregator reductions.
Presolve time = 0.00 sec. (0.14 ticks)
Initializing dual steep norms . . .

Iteration log . . .
Iteration:     1   Dual objective     =             0.000000
Iteration:    62   Dual objective     =             0.022822
2×3 Matrix{Float64}:
 1.0  0.0  0.0
 0.0  1.0  1.0
3-element Vector{Float64}:
 0.6690644027047541
 0.31868975127003635
 0.1303980470124586
3×7 Matrix{Float64}:
 0.0  0.0  0.0  1.0  0.0  1.0  0.0
 0.0  0.0  0.0  0.0  1.0  0.0  0.0
 0.0  0.0  0.0  0.0  0.0  0.0  1.0
3-element Vector{Float64}:
 1.0
 1.0
 1.0
2×3 Matrix{Float64}:
 0.0       0.148881   0.0
 0.215524  0.0273846  0.0791563
3-element Vector{Float64}:
 0.21552410041992429
 0.1762653274884073
 0.07915632933823274
3×7 Matrix{Float64}:
 0.0  0.0  0.0  0.343208  0.417229  0.766235  0.182579
 0.0  0.0  0.0  0.433017  0.346979  0.127436  0.348996
 0.0  0.0  0.0  0.223776  0.235792  0.106329  0.468425
3-element Vector{Float64}:
 0.21552410041992429
 0.1762653274884073
 0.07915632933823274
a: [0.0 0.14888071356389085 0.0; 0.21552410041992429 0.027384613924516438 0.07915632933823274]
b: [0.21552410041992429, 0.1762653274884073, 0.07915632933823274]
c: [0.0 0.0 0.0 0.34320786254012337 0.41722911515839894 0.7662349554833142 0.18257878167856556; 0.0 0.0 0.0 0.43301661333571245 0.34697876364127817 0.12743616716018435 0.3489957487048799; 0.0 0.0 0.0 0.22377552412416418 0.2357921212003229 0.10632887735650143 0.4684254696165545]
d: [0.21552410041992429, 0.1762653274884073, 0.07915632933823274]
comparison (CRT and Glb)on prediction: Dict{Bool, Int64}(0 => 4, 1 => 0)
Dataname	 time	 objv	 lb	 gap	 train_w	 train_g	 test_w	 test_g
/work_bgfs/n/navarrodelacruz/odt/optimal_decision_tree/augmented_datasets/small_toy/small_toy_763.small_toy	 30.73	 0.023547287862328216	 N/A	 N/A	 100.0	 0.0	 50.0	 0.0
