Running 2 processes.
Start training /work_bgfs/n/navarrodelacruz/odt/optimal_decision_tree/augmented_datasets/small_toy/small_toy_43.small_toy with seed 1.
Any[]
(2, 13)
(2, 6)
(2, 3)
(2, 4)
dimension: 2, class: 3
cart cost: 2.7500000000000004
size of X: (2, 9)
Using method: Global linear DT optimization
Version identifier: 20.1.0.0 | 2020-11-10 | 9bedb6d68
CPXPARAM_Threads                                 1
CPXPARAM_TimeLimit                               1728000
Tried aggregator 1 time.
No LP presolve or aggregator reductions.
Presolve time = 0.00 sec. (0.14 ticks)
Initializing dual steep norms . . .

Iteration log . . .
Iteration:     1   Dual objective     =             0.000000
Iteration:    62   Dual objective     =             0.022637
2×3 Matrix{Float64}:
 0.0  1.0  1.0
 1.0  0.0  0.0
3-element Vector{Float64}:
 0.4060706770832546
 0.629409082751128
 0.7918091413546747
3×7 Matrix{Float64}:
 0.0  0.0  0.0  1.0  0.0  0.0  0.0
 0.0  0.0  0.0  0.0  1.0  1.0  0.0
 0.0  0.0  0.0  0.0  0.0  0.0  1.0
3-element Vector{Float64}:
 1.0
 1.0
 1.0
2×3 Matrix{Float64}:
 0.0       0.139587  0.0517916
 0.204995  0.0       0.0731631
3-element Vector{Float64}:
 0.20499473329667503
 0.13958709752622608
 0.12495476075797836
3×7 Matrix{Float64}:
 0.0  0.0  0.0  0.561753  0.401806  0.66608  0.179994
 0.0  0.0  0.0  0.232296  0.328021  0.184    0.379417
 0.0  0.0  0.0  0.205951  0.270173  0.14992  0.440589
3-element Vector{Float64}:
 0.20499473329667503
 0.13958709752622608
 0.12495476075797836
a: [0.0 0.13958709752622608 0.05179164855003317; 0.20499473329667503 0.0 0.07316311220794519]
b: [0.20499473329667503, 0.13958709752622608, 0.12495476075797836]
c: [0.0 0.0 0.0 0.561752993367908 0.4018060394950565 0.666080368315503 0.17999405643797745; 0.0 0.0 0.0 0.232295746461933 0.3280213127536708 0.18400008096101403 0.37941706206648834; 0.0 0.0 0.0 0.20595126017015908 0.2701726477512727 0.14991955072348295 0.44058888149553427]
d: [0.20499473329667503, 0.13958709752622608, 0.12495476075797836]
comparison (CRT and Glb)on prediction: Dict{Bool, Int64}(0 => 2, 1 => 2)
Dataname	 time	 objv	 lb	 gap	 train_w	 train_g	 test_w	 test_g
/work_bgfs/n/navarrodelacruz/odt/optimal_decision_tree/augmented_datasets/small_toy/small_toy_43.small_toy	 50.29	 0.02347682957904397	 N/A	 N/A	 88.889	 33.333	 50.0	 50.0
