Running 2 processes.
Start training /work_bgfs/n/navarrodelacruz/odt/optimal_decision_tree/augmented_datasets/small_toy/small_toy_814.small_toy with seed 1.
Any[]
(2, 13)
(2, 6)
(2, 3)
(2, 4)
dimension: 2, class: 3
cart cost: 2.7500000000000004
size of X: (2, 9)
Using method: Global linear DT optimization
Version identifier: 20.1.0.0 | 2020-11-10 | 9bedb6d68
CPXPARAM_Threads                                 1
CPXPARAM_TimeLimit                               1728000
Tried aggregator 1 time.
No LP presolve or aggregator reductions.
Presolve time = 0.00 sec. (0.14 ticks)
Initializing dual steep norms . . .

Iteration log . . .
Iteration:     1   Dual objective     =             0.000000
Iteration:    62   Dual objective     =             0.023405
2×3 Matrix{Float64}:
 1.0  0.0  1.0
 0.0  1.0  0.0
3-element Vector{Float64}:
 0.7029779526384652
 0.47736522711075763
 0.8711610749840678
3×7 Matrix{Float64}:
 0.0  0.0  0.0  1.0  0.0  0.0  0.0
 0.0  0.0  0.0  0.0  1.0  1.0  0.0
 0.0  0.0  0.0  0.0  0.0  0.0  1.0
3-element Vector{Float64}:
 1.0
 1.0
 1.0
2×3 Matrix{Float64}:
 0.14267    0.0       0.0
 0.0359525  0.132276  0.178622
3-element Vector{Float64}:
 0.17862207869945076
 0.13227611386238725
 0.17862207869945085
3×7 Matrix{Float64}:
 0.0  0.0  0.0  0.688902  0.351113  0.469848  0.147222
 0.0  0.0  0.0  0.180501  0.294639  0.243744  0.376828
 0.0  0.0  0.0  0.130597  0.354248  0.286408  0.47595
3-element Vector{Float64}:
 0.17862207869945085
 0.13227611386238725
 0.17862207869945085
a: [0.14266955963572028 0.0 0.0; 0.03595251906373056 0.13227611386238725 0.17862207869945085]
b: [0.17862207869945076, 0.13227611386238725, 0.17862207869945085]
c: [0.0 0.0 0.0 0.6889016552532055 0.3511134252493254 0.46984802698483125 0.14722150309805948; 0.0 0.0 0.0 0.18050124519497251 0.294638962226677 0.24374398886640664 0.3768282906131126; 0.0 0.0 0.0 0.13059709955182197 0.35424761252399767 0.2864079841487622 0.4759502062888279]
d: [0.17862207869945085, 0.13227611386238725, 0.17862207869945085]
comparison (CRT and Glb)on prediction: Dict{Bool, Int64}(0 => 2, 1 => 2)
Dataname	 time	 objv	 lb	 gap	 train_w	 train_g	 test_w	 test_g
/work_bgfs/n/navarrodelacruz/odt/optimal_decision_tree/augmented_datasets/small_toy/small_toy_814.small_toy	 33.87	 0.024476013563064447	 N/A	 N/A	 88.889	 33.333	 50.0	 50.0
