Running 2 processes.
Start training /work_bgfs/n/navarrodelacruz/odt/optimal_decision_tree/augmented_datasets/small_toy/small_toy_610.small_toy with seed 1.
Any[]
(2, 13)
(2, 6)
(2, 3)
(2, 4)
dimension: 2, class: 3
cart cost: 7.9
size of X: (2, 9)
Using method: Global linear DT optimization
Version identifier: 20.1.0.0 | 2020-11-10 | 9bedb6d68
CPXPARAM_Threads                                 1
CPXPARAM_TimeLimit                               1728000
Tried aggregator 1 time.
No LP presolve or aggregator reductions.
Presolve time = 0.00 sec. (0.14 ticks)
Initializing dual steep norms . . .

Iteration log . . .
Iteration:     1   Dual objective     =             0.000000
Iteration:    62   Dual objective     =             0.023315
2×3 Matrix{Float64}:
 1.0  0.0  0.0
 0.0  0.0  1.0
3-element Vector{Float64}:
 0.2821709485947087
 0.0
 0.15677501372791788
3×7 Matrix{Float64}:
 0.0  0.0  0.0  0.0  1.0  1.0  0.0
 0.0  0.0  0.0  0.0  0.0  0.0  1.0
 0.0  0.0  0.0  0.0  0.0  0.0  0.0
3-element Vector{Float64}:
 1.0
 0.0
 1.0
2×3 Matrix{Float64}:
 0.0       0.0        0.202924
 0.202924  0.0707592  0.0
3-element Vector{Float64}:
 0.20292392898682154
 0.07075919533189691
 0.20292392898682154
3×7 Matrix{Float64}:
 0.0  0.0  0.0  0.139296  0.399473  0.445683  0.203483
 0.0  0.0  0.0  0.744758  0.320442  0.28698   0.336985
 0.0  0.0  0.0  0.115946  0.280084  0.267337  0.459532
3-element Vector{Float64}:
 0.20292392898682154
 0.07075919533189691
 0.20292392898682154
a: [0.0 0.0 0.20292392898682154; 0.20292392898682154 0.07075919533189691 0.0]
b: [0.20292392898682154, 0.07075919533189691, 0.20292392898682154]
c: [0.0 0.0 0.0 0.1392956526284951 0.39947346757652763 0.4456829771189568 0.20348297963053297; 0.0 0.0 0.0 0.7447581251973007 0.32044231528539296 0.28697980365909576 0.3369849121954305; 0.0 0.0 0.0 0.11594622217420425 0.28008421713807935 0.26733721922194736 0.45953210817403656]
d: [0.20292392898682154, 0.07075919533189691, 0.20292392898682154]
comparison (CRT and Glb)on prediction: Dict{Bool, Int64}(0 => 2, 1 => 2)
Dataname	 time	 objv	 lb	 gap	 train_w	 train_g	 test_w	 test_g
/work_bgfs/n/navarrodelacruz/odt/optimal_decision_tree/augmented_datasets/small_toy/small_toy_610.small_toy	 28.49	 0.023830352665277006	 N/A	 N/A	 66.667	 33.333	 75.0	 25.0
