Running 2 processes.
Start training /work_bgfs/n/navarrodelacruz/odt/optimal_decision_tree/augmented_datasets/small_toy/small_toy_56.small_toy with seed 1.
Any[]
(2, 13)
(2, 6)
(2, 3)
(2, 4)
dimension: 2, class: 3
cart cost: 2.7500000000000004
size of X: (2, 9)
Using method: Global linear DT optimization
Version identifier: 20.1.0.0 | 2020-11-10 | 9bedb6d68
CPXPARAM_Threads                                 1
CPXPARAM_TimeLimit                               1728000
Tried aggregator 1 time.
No LP presolve or aggregator reductions.
Presolve time = 0.00 sec. (0.14 ticks)
Initializing dual steep norms . . .

Iteration log . . .
Iteration:     1   Dual objective     =             0.000000
Iteration:    62   Dual objective     =             0.022536
2×3 Matrix{Float64}:
 1.0  0.0  1.0
 0.0  1.0  0.0
3-element Vector{Float64}:
 0.5460651851160278
 0.4469400880610329
 0.7567275055341307
3×7 Matrix{Float64}:
 0.0  0.0  0.0  1.0  0.0  0.0  0.0
 0.0  0.0  0.0  0.0  1.0  1.0  0.0
 0.0  0.0  0.0  0.0  0.0  0.0  1.0
3-element Vector{Float64}:
 1.0
 1.0
 1.0
2×3 Matrix{Float64}:
 0.0       0.158276    0.0
 0.209748  0.00155913  0.0811373
3-element Vector{Float64}:
 0.20974767919211956
 0.15983492287275075
 0.08113733947645446
3×7 Matrix{Float64}:
 0.0  0.0  0.0  0.536496  0.417874  0.768111   0.18754
 0.0  0.0  0.0  0.234274  0.294492  0.143215   0.359592
 0.0  0.0  0.0  0.22923   0.287634  0.0886736  0.452867
3-element Vector{Float64}:
 0.20974767919211956
 0.15983492287275075
 0.08113733947645446
a: [0.0 0.15827579216829157 0.0; 0.20974767919211956 0.0015591307044591773 0.08113733947645446]
b: [0.20974767919211956, 0.15983492287275075, 0.08113733947645446]
c: [0.0 0.0 0.0 0.5364960617030785 0.417873950525686 0.7681112675731405 0.18754019619826146; 0.0 0.0 0.0 0.23427440543552353 0.2944924933972546 0.14321516761106767 0.35959243434032634; 0.0 0.0 0.0 0.22922953286139802 0.2876335560770594 0.08867356481579183 0.45286736946141226]
d: [0.20974767919211956, 0.15983492287275075, 0.08113733947645446]
comparison (CRT and Glb)on prediction: Dict{Bool, Int64}(0 => 2, 1 => 2)
Dataname	 time	 objv	 lb	 gap	 train_w	 train_g	 test_w	 test_g
/work_bgfs/n/navarrodelacruz/odt/optimal_decision_tree/augmented_datasets/small_toy/small_toy_56.small_toy	 31.41	 0.02253599707706624	 N/A	 N/A	 88.889	 33.333	 50.0	 50.0
