Running 6 processes.
Start training /work_bgfs/n/navarrodelacruz/odt/optimal_decision_tree/augmented_datasets/glass/glass_372.glass with seed 1.
Any[]
(9, 210)
(9, 102)
(9, 51)
(9, 57)
dimension: 9, class: 6
cart cost: 129.60205479452054
size of X: (9, 153)
Using method: Global linear DT optimization
Version identifier: 20.1.0.0 | 2020-11-10 | 9bedb6d68
CPXPARAM_Threads                                 1
CPXPARAM_TimeLimit                               1728000
Tried aggregator 1 time.
No LP presolve or aggregator reductions.
Presolve time = 0.01 sec. (4.33 ticks)
Initializing dual steep norms . . .

Iteration log . . .
Iteration:     1   Dual objective     =             0.000000
Perturbation started.
Iteration:    51   Dual objective     =             0.000000
Iteration:   181   Dual objective     =             0.000021
Iteration:   360   Dual objective     =             0.727679
Iteration:   487   Dual objective     =             1.450273
Iteration:   613   Dual objective     =             1.464313
Iteration:   761   Dual objective     =             4.340703
Iteration:   920   Dual objective     =             5.847125
Iteration:  1031   Dual objective     =            10.800750
Iteration:  1172   Dual objective     =            10.809391
Iteration:  1307   Dual objective     =            10.810246
Removing perturbation.
9×3 Matrix{Float64}:
 0.0  0.0  0.0
 0.0  0.0  0.0
 1.0  0.0  0.0
 0.0  0.0  1.0
 0.0  0.0  0.0
 0.0  0.0  0.0
 0.0  0.0  0.0
 0.0  1.0  0.0
 0.0  0.0  0.0
3-element Vector{Float64}:
 0.6291104525647968
 0.11844301708884183
 0.33025207137589563
6×7 Matrix{Float64}:
 0.0  0.0  0.0  0.0  0.0  1.0  0.0
 0.0  0.0  0.0  1.0  0.0  0.0  1.0
 0.0  0.0  0.0  0.0  0.0  0.0  0.0
 0.0  0.0  0.0  0.0  0.0  0.0  0.0
 0.0  0.0  0.0  0.0  0.0  0.0  0.0
 0.0  0.0  0.0  0.0  1.0  0.0  0.0
3-element Vector{Float64}:
 1.0
 1.0
 1.0
9×3 Matrix{Float64}:
 0.0         0.0         0.0
 0.0162922   0.0162922   0.0162922
 0.0171289   0.0171289   0.0171289
 0.0         0.0         0.0
 0.0210372   0.0210372   0.0210372
 0.0337916   0.0337916   0.0337916
 0.0431273   0.0431273   0.0431273
 0.0153699   0.0153699   0.0153699
 0.00348032  0.00348032  0.00348032
3-element Vector{Float64}:
 0.15022741110416601
 0.15022741110416596
 0.15022741110416596
6×7 Matrix{Float64}:
 0.0  0.0  0.0  0.249744  0.249744  0.249744  0.250769
 0.0  0.0  0.0  0.2473    0.2473    0.2473    0.258099
 0.0  0.0  0.0  0.251219  0.251219  0.251219  0.246344
 0.0  0.0  0.0  0.0       0.0       0.0       0.0
 0.0  0.0  0.0  0.0       0.0       0.0       0.0
 0.0  0.0  0.0  0.251737  0.251737  0.251737  0.244788
3-element Vector{Float64}:
 0.15022741110416601
 0.15022741110416596
 0.15022741110416596
a: [0.0 0.0 0.0; 0.016292196185394518 0.016292196185395083 0.016292196185394257; 0.01712890623052065 0.017128906230520522 0.01712890623052068; 0.0 0.0 0.0; 0.021037180182395802 0.02103718018239542 0.02103718018239567; 0.03379161664525314 0.033791616645252945 0.033791616645253104; 0.043127338960363026 0.0431273389603629 0.04312733896036314; 0.015369856540549263 0.015369856540549518 0.015369856540549393; 0.003480316359689626 0.003480316359689529 0.0034803163596897543]
b: [0.15022741110416601, 0.15022741110416596, 0.15022741110416596]
c: [0.0 0.0 0.0 0.24974373034209651 0.24974373034209596 0.2497437303420963 0.2507688089737113; 0.0 0.0 0.0 0.24730025307211456 0.24730025307211467 0.24730025307211434 0.25809924078365637; 0.0 0.0 0.0 0.2512186506408005 0.2512186506408005 0.2512186506408004 0.24634404807759863; 0.0 0.0 0.0 0.0 0.0 0.0 0.0; 0.0 0.0 0.0 0.0 0.0 0.0 0.0; 0.0 0.0 0.0 0.2517373659449884 0.25173736594498886 0.25173736594498897 0.24478790216503377]
d: [0.15022741110416601, 0.15022741110416596, 0.15022741110416596]
comparison (CRT and Glb)on prediction: Dict{Bool, Int64}(0 => 57, 1 => 0)
Dataname	 time	 objv	 lb	 gap	 train_w	 train_g	 test_w	 test_g
/work_bgfs/n/navarrodelacruz/odt/optimal_decision_tree/augmented_datasets/glass/glass_372.glass	 27.47	 10.810205344542304	 N/A	 N/A	 70.588	 0.0	 49.123	 0.0
