Running 6 processes.
Start training /work_bgfs/n/navarrodelacruz/odt/optimal_decision_tree/augmented_datasets/glass/glass_590.glass with seed 1.
Any[]
(9, 210)
(9, 103)
(9, 51)
(9, 56)
dimension: 9, class: 6
cart cost: 147.71756756756756
size of X: (9, 154)
Using method: Global linear DT optimization
Version identifier: 20.1.0.0 | 2020-11-10 | 9bedb6d68
CPXPARAM_Threads                                 1
CPXPARAM_TimeLimit                               1728000
Tried aggregator 1 time.
No LP presolve or aggregator reductions.
Presolve time = 0.01 sec. (4.37 ticks)
Initializing dual steep norms . . .

Iteration log . . .
Iteration:     1   Dual objective     =             0.000000
Perturbation started.
Iteration:    51   Dual objective     =             0.000000
Iteration:   171   Dual objective     =             0.000022
Iteration:   287   Dual objective     =             0.000061
Iteration:   440   Dual objective     =             0.014120
Iteration:   570   Dual objective     =             0.017671
Iteration:   700   Dual objective     =             0.018355
Iteration:   835   Dual objective     =             0.051397
Iteration:   964   Dual objective     =             0.764773
Iteration:  1107   Dual objective     =             2.179336
Iteration:  1200   Dual objective     =             2.179356
Iteration:  1308   Dual objective     =             2.855647
Iteration:  1437   Dual objective     =             5.683630
Iteration:  1558   Dual objective     =             7.116651
Iteration:  1681   Dual objective     =             7.831397
Iteration:  1826   Dual objective     =             9.234692
Iteration:  1959   Dual objective     =            10.661400
Iteration:  2092   Dual objective     =            10.664268
Iteration:  2227   Dual objective     =            10.664473
Removing perturbation.
Iteration:  2264   Scaled dual infeas =             0.000013
Iteration:  2266   Dual objective     =            10.664435
9×3 Matrix{Float64}:
 0.0  0.0  0.0
 0.0  0.0  0.0
 1.0  0.0  0.0
 0.0  0.0  0.0
 0.0  0.0  0.0
 0.0  0.0  0.0
 0.0  0.0  1.0
 0.0  1.0  0.0
 0.0  0.0  0.0
3-element Vector{Float64}:
 0.5747733331214531
 0.14681347468161532
 0.2704041319544561
6×7 Matrix{Float64}:
 0.0  0.0  0.0  0.0  0.0  0.0  1.0
 0.0  0.0  0.0  1.0  0.0  1.0  0.0
 0.0  0.0  0.0  0.0  0.0  0.0  0.0
 0.0  0.0  0.0  0.0  0.0  0.0  0.0
 0.0  0.0  0.0  0.0  0.0  0.0  0.0
 0.0  0.0  0.0  0.0  1.0  0.0  0.0
3-element Vector{Float64}:
 1.0
 1.0
 1.0
9×3 Matrix{Float64}:
 0.0         0.0         0.0
 0.0148166   0.0148166   0.0148166
 0.0195342   0.0195342   0.0195342
 0.0         0.0         0.0
 0.0217309   0.0217309   0.0217309
 0.0340223   0.0340223   0.0340223
 0.0394889   0.0394889   0.0394889
 0.0176228   0.0176228   0.0176228
 0.00307102  0.00307102  0.00307102
3-element Vector{Float64}:
 0.15028679300325112
 0.1502867930032511
 0.15028679300325104
6×7 Matrix{Float64}:
 0.0  0.0  0.0  0.249618  0.249618  0.249618  0.251147
 0.0  0.0  0.0  0.24869   0.24869   0.24869   0.253931
 0.0  0.0  0.0  0.25038   0.25038   0.25038   0.24886
 0.0  0.0  0.0  0.0       0.0       0.0       0.0
 0.0  0.0  0.0  0.0       0.0       0.0       0.0
 0.0  0.0  0.0  0.251313  0.251313  0.251313  0.246062
3-element Vector{Float64}:
 0.15028679300325112
 0.1502867930032511
 0.15028679300325104
a: [0.0 0.0 0.0; 0.014816627766468193 0.01481662776646889 0.014816627766468232; 0.019534227412130283 0.0195342274121299 0.019534227412130276; 0.0 0.0 0.0; 0.0217308734843918 0.021730873484391476 0.02173087348439129; 0.03402232989398225 0.03402232989398207 0.03402232989398242; 0.039488913138965465 0.03948891313896586 0.03948891313896552; 0.017622805298015624 0.017622805298015118 0.017622805298015586; 0.0030710160092975317 0.003071016009297751 0.0030710160092977234]
b: [0.15028679300325112, 0.1502867930032511, 0.15028679300325104]
c: [0.0 0.0 0.0 0.24961781198231808 0.24961781198231764 0.24961781198231797 0.2511465640530466; 0.0 0.0 0.0 0.24868978841416733 0.24868978841416733 0.24868978841416722 0.2539306347574978; 0.0 0.0 0.0 0.2503798418873436 0.25037984188734347 0.2503798418873436 0.2488604743379691; 0.0 0.0 0.0 0.0 0.0 0.0 0.0; 0.0 0.0 0.0 0.0 0.0 0.0 0.0; 0.0 0.0 0.0 0.251312557716171 0.2513125577161711 0.2513125577161713 0.2460623268514865]
d: [0.15028679300325112, 0.1502867930032511, 0.15028679300325104]
comparison (CRT and Glb)on prediction: Dict{Bool, Int64}(0 => 56, 1 => 0)
Dataname	 time	 objv	 lb	 gap	 train_w	 train_g	 test_w	 test_g
/work_bgfs/n/navarrodelacruz/odt/optimal_decision_tree/augmented_datasets/glass/glass_590.glass	 34.88	 10.664434910842376	 N/A	 N/A	 66.234	 0.0	 57.143	 0.0
