Running 6 processes.
Start training /work_bgfs/n/navarrodelacruz/odt/optimal_decision_tree/augmented_datasets/glass/glass_870.glass with seed 1.
Any[]
(9, 210)
(9, 104)
(9, 52)
(9, 54)
dimension: 9, class: 6
cart cost: 146.59736842105264
size of X: (9, 156)
Using method: Global linear DT optimization
Version identifier: 20.1.0.0 | 2020-11-10 | 9bedb6d68
CPXPARAM_Threads                                 1
CPXPARAM_TimeLimit                               1728000
Tried aggregator 1 time.
No LP presolve or aggregator reductions.
Presolve time = 0.01 sec. (4.42 ticks)
Initializing dual steep norms . . .

Iteration log . . .
Iteration:     1   Dual objective     =             0.000000
Perturbation started.
Iteration:    51   Dual objective     =             0.000000
Iteration:   170   Dual objective     =             0.000026
Iteration:   323   Dual objective     =             0.018133
Iteration:   433   Dual objective     =             0.026748
Iteration:   558   Dual objective     =             0.058058
Iteration:   675   Dual objective     =             1.393886
Iteration:   772   Dual objective     =             1.417953
Iteration:   891   Dual objective     =             1.444054
Iteration:  1009   Dual objective     =             2.108934
Iteration:  1114   Dual objective     =             2.821580
Iteration:  1236   Dual objective     =             6.497397
Iteration:  1358   Dual objective     =             8.290232
Iteration:  1488   Dual objective     =             8.986573
Iteration:  1620   Dual objective     =            10.381282
Iteration:  1745   Dual objective     =            10.384403
Removing perturbation.
Iteration:  1841   Scaled dual infeas =             0.000002
Iteration:  1843   Dual objective     =            10.384430
9×3 Matrix{Float64}:
 0.0  0.0  0.0
 0.0  0.0  0.0
 1.0  0.0  0.0
 0.0  0.0  1.0
 0.0  0.0  0.0
 0.0  0.0  0.0
 0.0  0.0  0.0
 0.0  1.0  0.0
 0.0  0.0  0.0
3-element Vector{Float64}:
 0.6959337198333779
 0.1325965950932727
 0.3625564709040283
6×7 Matrix{Float64}:
 0.0  0.0  0.0  0.0  0.0  1.0  0.0
 0.0  0.0  0.0  1.0  0.0  0.0  1.0
 0.0  0.0  0.0  0.0  0.0  0.0  0.0
 0.0  0.0  0.0  0.0  0.0  0.0  0.0
 0.0  0.0  0.0  0.0  0.0  0.0  0.0
 0.0  0.0  0.0  0.0  1.0  0.0  0.0
3-element Vector{Float64}:
 1.0
 1.0
 1.0
9×3 Matrix{Float64}:
 0.0         0.0         0.0
 0.0177525   0.0177525   0.0177525
 0.0117179   0.0117179   0.0117179
 0.0         0.0         0.0
 0.0260876   0.0260876   0.0260876
 0.034569    0.034569    0.034569
 0.0403449   0.0403449   0.0403449
 0.0190412   0.0190412   0.0190412
 0.00107156  0.00107156  0.00107156
3-element Vector{Float64}:
 0.15058466776123589
 0.15058466776123577
 0.15058466776123589
6×7 Matrix{Float64}:
 0.0  0.0  0.0  0.25258   0.25258   0.25258   0.242261
 0.0  0.0  0.0  0.247373  0.247373  0.247373  0.257881
 0.0  0.0  0.0  0.252542  0.252542  0.252542  0.242374
 0.0  0.0  0.0  0.0       0.0       0.0       0.0
 0.0  0.0  0.0  0.0       0.0       0.0       0.0
 0.0  0.0  0.0  0.247505  0.247505  0.247505  0.257484
3-element Vector{Float64}:
 0.15058466776123589
 0.15058466776123577
 0.15058466776123589
a: [0.0 0.0 0.0; 0.017752464752439703 0.017752464752436165 0.01775246475243503; 0.011717923572592541 0.011717923572593072 0.011717923572588156; 0.0 0.0 0.0; 0.026087588026529003 0.02608758802653277 0.02608758802653869; 0.03456899263801155 0.034568992638011053 0.034568992638012684; 0.04034491379799362 0.040344913797988435 0.040344913797985896; 0.01904122787406403 0.01904122787406261 0.01904122787406905; 0.0010715570996054071 0.0010715570996116634 0.0010715570996063378]
b: [0.15058466776123589, 0.15058466776123577, 0.15058466776123589]
c: [0.0 0.0 0.0 0.25257961090988923 0.2525796109098894 0.25257961090989367 0.24226116727032754; 0.0 0.0 0.0 0.24737296779349782 0.24737296779349754 0.2473729677934972 0.2578810966195074; 0.0 0.0 0.0 0.252542131533579 0.2525421315335792 0.2525421315335818 0.24237360539926; 0.0 0.0 0.0 0.0 0.0 0.0 0.0; 0.0 0.0 0.0 0.0 0.0 0.0 0.0; 0.0 0.0 0.0 0.2475052897630339 0.24750528976303385 0.24750528976302721 0.25748413071090503]
d: [0.15058466776123589, 0.15058466776123577, 0.15058466776123589]
comparison (CRT and Glb)on prediction: Dict{Bool, Int64}(0 => 54, 1 => 0)
Dataname	 time	 objv	 lb	 gap	 train_w	 train_g	 test_w	 test_g
/work_bgfs/n/navarrodelacruz/odt/optimal_decision_tree/augmented_datasets/glass/glass_870.glass	 30.78	 10.384429805427374	 N/A	 N/A	 66.026	 0.0	 59.259	 0.0
