Running 6 processes.
Start training /work_bgfs/n/navarrodelacruz/odt/optimal_decision_tree/augmented_datasets/glass/glass_755.glass with seed 1.
Any[]
(9, 210)
(9, 104)
(9, 52)
(9, 54)
dimension: 9, class: 6
cart cost: 150.5554054054054
size of X: (9, 156)
Using method: Global linear DT optimization
Version identifier: 20.1.0.0 | 2020-11-10 | 9bedb6d68
CPXPARAM_Threads                                 1
CPXPARAM_TimeLimit                               1728000
Tried aggregator 1 time.
No LP presolve or aggregator reductions.
Presolve time = 0.01 sec. (4.32 ticks)
Initializing dual steep norms . . .

Iteration log . . .
Iteration:     1   Dual objective     =             0.000000
Perturbation started.
Iteration:    51   Dual objective     =             0.000000
Iteration:   231   Dual objective     =             0.000036
Iteration:   374   Dual objective     =             0.020993
Iteration:   496   Dual objective     =             0.052079
Iteration:   643   Dual objective     =             0.059524
Iteration:   793   Dual objective     =             0.719998
Iteration:   917   Dual objective     =             0.736937
Iteration:  1034   Dual objective     =             2.177891
Iteration:  1160   Dual objective     =             2.185835
Iteration:  1292   Dual objective     =             5.001070
Iteration:  1432   Dual objective     =             5.004992
Iteration:  1556   Dual objective     =             6.404115
Iteration:  1697   Dual objective     =             7.128000
Iteration:  1841   Dual objective     =             8.538238
Iteration:  1970   Dual objective     =            10.663420
Removing perturbation.
9×3 Matrix{Float64}:
 0.0  0.0  0.0
 0.0  0.0  0.0
 1.0  0.0  0.0
 0.0  0.0  1.0
 0.0  0.0  0.0
 0.0  0.0  0.0
 0.0  0.0  0.0
 0.0  1.0  0.0
 0.0  0.0  0.0
3-element Vector{Float64}:
 0.6226251386915559
 0.1514190041406222
 0.3460080175584306
6×7 Matrix{Float64}:
 0.0  0.0  0.0  0.0  0.0  1.0  0.0
 0.0  0.0  0.0  1.0  0.0  0.0  1.0
 0.0  0.0  0.0  0.0  0.0  0.0  0.0
 0.0  0.0  0.0  0.0  0.0  0.0  0.0
 0.0  0.0  0.0  0.0  0.0  0.0  0.0
 0.0  0.0  0.0  0.0  1.0  0.0  0.0
3-element Vector{Float64}:
 1.0
 1.0
 1.0
9×3 Matrix{Float64}:
 0.0        0.0        0.0
 0.0        0.0        0.0
 0.0        0.0        0.0
 0.0        0.0        0.0
 0.0108148  0.0108148  0.0108148
 0.0360552  0.0360552  0.0360552
 0.0558578  0.0558578  0.0558578
 0.0451963  0.0451963  0.0451963
 0.0        0.0        0.0
3-element Vector{Float64}:
 0.14792419591504113
 0.14792419591504108
 0.14792419591504113
6×7 Matrix{Float64}:
 0.0  0.0  0.0  0.262789  0.262789  0.262789  0.211632
 0.0  0.0  0.0  0.236066  0.236066  0.236066  0.291802
 0.0  0.0  0.0  0.266694  0.266694  0.266694  0.199919
 0.0  0.0  0.0  0.0       0.0       0.0       0.0
 0.0  0.0  0.0  0.0       0.0       0.0       0.0
 0.0  0.0  0.0  0.234451  0.234451  0.234451  0.296647
3-element Vector{Float64}:
 0.14792419591504113
 0.14792419591504108
 0.14792419591504113
a: [0.0 0.0 0.0; 0.0 0.0 0.0; 0.0 0.0 0.0; 0.0 0.0 0.0; 0.010814841434213407 0.010814841434213622 0.010814841434213782; 0.03605524778313536 0.036055247783135236 0.0360552477831349; 0.05585777269877389 0.05585777269877383 0.05585777269877408; 0.04519633399891821 0.04519633399891839 0.04519633399891815; 0.0 0.0 0.0]
b: [0.14792419591504113, 0.14792419591504108, 0.14792419591504113]
c: [0.0 0.0 0.0 0.2627893179179336 0.2627893179179328 0.2627893179179337 0.21163204624620013; 0.0 0.0 0.0 0.2360660511163172 0.2360660511163174 0.23606605111631657 0.29180184665104836; 0.0 0.0 0.0 0.2666937180467105 0.2666937180467107 0.2666937180467106 0.19991884585986852; 0.0 0.0 0.0 0.0 0.0 0.0 0.0; 0.0 0.0 0.0 0.0 0.0 0.0 0.0; 0.0 0.0 0.0 0.23445091291903883 0.2344509129190391 0.23445091291903913 0.296647261242883]
d: [0.14792419591504113, 0.14792419591504108, 0.14792419591504113]
comparison (CRT and Glb)on prediction: Dict{Bool, Int64}(0 => 54, 1 => 0)
Dataname	 time	 objv	 lb	 gap	 train_w	 train_g	 test_w	 test_g
/work_bgfs/n/navarrodelacruz/odt/optimal_decision_tree/augmented_datasets/glass/glass_755.glass	 29.35	 10.664080521279141	 N/A	 N/A	 66.026	 0.0	 53.704	 0.0
