Running 6 processes.
Start training /work_bgfs/n/navarrodelacruz/odt/optimal_decision_tree/augmented_datasets/glass/glass_319.glass with seed 1.
Any[]
(9, 210)
(9, 104)
(9, 52)
(9, 54)
dimension: 9, class: 6
cart cost: 140.14999999999998
size of X: (9, 156)
Using method: Global linear DT optimization
Version identifier: 20.1.0.0 | 2020-11-10 | 9bedb6d68
CPXPARAM_Threads                                 1
CPXPARAM_TimeLimit                               1728000
Tried aggregator 1 time.
No LP presolve or aggregator reductions.
Presolve time = 0.01 sec. (4.41 ticks)
Initializing dual steep norms . . .

Iteration log . . .
Iteration:     1   Dual objective     =             0.000000
Perturbation started.
Iteration:    51   Dual objective     =             0.000000
Iteration:   255   Dual objective     =             0.000046
Iteration:   368   Dual objective     =             0.012316
Iteration:   487   Dual objective     =             0.019268
Iteration:   619   Dual objective     =             0.030338
Iteration:   746   Dual objective     =             0.075959
Iteration:   861   Dual objective     =             0.075986
Iteration:   981   Dual objective     =             0.712357
Iteration:  1099   Dual objective     =             0.722932
Iteration:  1225   Dual objective     =             0.738427
Iteration:  1343   Dual objective     =             1.451684
Iteration:  1482   Dual objective     =             4.207318
Iteration:  1609   Dual objective     =             5.618362
Iteration:  1735   Dual objective     =             5.651879
Iteration:  1862   Dual objective     =             6.376367
Iteration:  2019   Dual objective     =             8.400043
Iteration:  2167   Dual objective     =             9.119621
Iteration:  2285   Dual objective     =            10.522480
Iteration:  2420   Dual objective     =            10.522573
Removing perturbation.
9×3 Matrix{Float64}:
 0.0  0.0  0.0
 0.0  0.0  0.0
 1.0  0.0  0.0
 0.0  0.0  1.0
 0.0  0.0  0.0
 0.0  0.0  0.0
 0.0  0.0  0.0
 0.0  1.0  0.0
 0.0  0.0  0.0
3-element Vector{Float64}:
 0.6281387846766397
 0.1532601541633299
 0.36300775566017407
6×7 Matrix{Float64}:
 0.0  0.0  0.0  0.0  0.0  1.0  0.0
 0.0  0.0  0.0  1.0  0.0  0.0  1.0
 0.0  0.0  0.0  0.0  0.0  0.0  0.0
 0.0  0.0  0.0  0.0  0.0  0.0  0.0
 0.0  0.0  0.0  0.0  0.0  0.0  0.0
 0.0  0.0  0.0  0.0  1.0  0.0  0.0
3-element Vector{Float64}:
 1.0
 1.0
 1.0
9×3 Matrix{Float64}:
 0.0        0.0        0.0
 0.0139802  0.0139802  0.0139802
 0.0179021  0.0179021  0.0179021
 0.0        0.0        0.0
 0.0190591  0.0190591  0.0190591
 0.0349161  0.0349161  0.0349161
 0.0478154  0.0478154  0.0478154
 0.0166722  0.0166722  0.0166722
 0.0        0.0        0.0
3-element Vector{Float64}:
 0.15034526825603228
 0.15034526825603253
 0.15034526825603228
6×7 Matrix{Float64}:
 0.0  0.0  0.0  0.250616  0.250616  0.250616  0.248151
 0.0  0.0  0.0  0.244453  0.244453  0.244453  0.266642
 0.0  0.0  0.0  0.251462  0.251462  0.251462  0.245614
 0.0  0.0  0.0  0.0       0.0       0.0       0.0
 0.0  0.0  0.0  0.0       0.0       0.0       0.0
 0.0  0.0  0.0  0.253469  0.253469  0.253469  0.239592
3-element Vector{Float64}:
 0.15034526825603228
 0.15034526825603253
 0.15034526825603228
a: [0.0 0.0 0.0; 0.013980229345152334 0.01398022934514738 0.013980229345167957; 0.017902145475802017 0.017902145475810607 0.017902145475773644; 0.0 0.0 0.0; 0.01905910777761115 0.019059107777606672 0.019059107777619398; 0.03491614037261371 0.034916140372617345 0.034916140372606264; 0.04781541444406168 0.04781541444405294 0.047815414444076026; 0.016672230840791315 0.016672230840797587 0.016672230840788844; 0.0 0.0 0.0]
b: [0.15034526825603228, 0.15034526825603253, 0.15034526825603228]
c: [0.0 0.0 0.0 0.2506161697754806 0.25061616977548073 0.2506161697754892 0.2481514906735502; 0.0 0.0 0.0 0.24445251861039657 0.24445251861039718 0.24445251861039075 0.26664244416881483; 0.0 0.0 0.0 0.25146203546725165 0.2514620354672511 0.2514620354672583 0.24561389359823893; 0.0 0.0 0.0 0.0 0.0 0.0 0.0; 0.0 0.0 0.0 0.0 0.0 0.0 0.0; 0.0 0.0 0.0 0.25346927614687115 0.253469276146871 0.25346927614686177 0.23959217155939602]
d: [0.15034526825603228, 0.15034526825603253, 0.15034526825603228]
comparison (CRT and Glb)on prediction: Dict{Bool, Int64}(0 => 54, 1 => 0)
Dataname	 time	 objv	 lb	 gap	 train_w	 train_g	 test_w	 test_g
/work_bgfs/n/navarrodelacruz/odt/optimal_decision_tree/augmented_datasets/glass/glass_319.glass	 29.78	 10.522551790238447	 N/A	 N/A	 67.949	 0.0	 53.704	 0.0
