Running 6 processes.
Start training /work_bgfs/n/navarrodelacruz/odt/optimal_decision_tree/augmented_datasets/glass/glass_243.glass with seed 1.
Any[]
(9, 210)
(9, 104)
(9, 52)
(9, 54)
dimension: 9, class: 6
cart cost: 138.3078947368421
size of X: (9, 156)
Using method: Global linear DT optimization
Version identifier: 20.1.0.0 | 2020-11-10 | 9bedb6d68
CPXPARAM_Threads                                 1
CPXPARAM_TimeLimit                               1728000
Tried aggregator 1 time.
No LP presolve or aggregator reductions.
Presolve time = 0.01 sec. (4.30 ticks)
Initializing dual steep norms . . .

Iteration log . . .
Iteration:     1   Dual objective     =             0.000000
Perturbation started.
Iteration:    51   Dual objective     =             0.000000
Iteration:   173   Dual objective     =             0.000019
Iteration:   303   Dual objective     =             0.690827
Iteration:   431   Dual objective     =             0.693792
Iteration:   547   Dual objective     =             0.697577
Iteration:   686   Dual objective     =             0.716308
Iteration:   780   Dual objective     =             0.716329
Iteration:   882   Dual objective     =             0.716334
Iteration:  1047   Dual objective     =             1.405898
Iteration:  1165   Dual objective     =             2.768934
Iteration:  1295   Dual objective     =             2.813063
Iteration:  1438   Dual objective     =             4.259698
Iteration:  1563   Dual objective     =             5.558106
Iteration:  1696   Dual objective     =             6.947619
Iteration:  1849   Dual objective     =             9.677338
Iteration:  2005   Dual objective     =            10.383317
Iteration:  2156   Dual objective     =            10.384302
Iteration:  2285   Dual objective     =            10.384383
Removing perturbation.
Iteration:  2350   Scaled dual infeas =             0.000000
Iteration:  2351   Dual objective     =            10.384328
9×3 Matrix{Float64}:
 0.0  0.0  0.0
 0.0  0.0  0.0
 1.0  0.0  0.0
 0.0  0.0  1.0
 0.0  0.0  0.0
 0.0  0.0  0.0
 0.0  0.0  0.0
 0.0  1.0  0.0
 0.0  0.0  0.0
3-element Vector{Float64}:
 0.6073991275833663
 0.13247326821739502
 0.3576658772740281
6×7 Matrix{Float64}:
 0.0  0.0  0.0  0.0  0.0  1.0  0.0
 0.0  0.0  0.0  1.0  0.0  0.0  1.0
 0.0  0.0  0.0  0.0  0.0  0.0  0.0
 0.0  0.0  0.0  0.0  0.0  0.0  0.0
 0.0  0.0  0.0  0.0  0.0  0.0  0.0
 0.0  0.0  0.0  0.0  1.0  0.0  0.0
3-element Vector{Float64}:
 1.0
 1.0
 1.0
9×3 Matrix{Float64}:
 0.0         0.0         0.0
 0.0155721   0.0155721   0.0155721
 0.016622    0.016622    0.016622
 0.0         0.0         0.0
 0.0211869   0.0211869   0.0211869
 0.0354981   0.0354981   0.0354981
 0.0411232   0.0411232   0.0411232
 0.0171651   0.0171651   0.0171651
 0.00280845  0.00280845  0.00280845
3-element Vector{Float64}:
 0.14997578921259025
 0.14997578921259025
 0.1499757892125902
6×7 Matrix{Float64}:
 0.0  0.0  0.0  0.250431  0.250431  0.250431  0.248706
 0.0  0.0  0.0  0.247057  0.247057  0.247057  0.258829
 0.0  0.0  0.0  0.25145   0.25145   0.25145   0.245649
 0.0  0.0  0.0  0.0       0.0       0.0       0.0
 0.0  0.0  0.0  0.0       0.0       0.0       0.0
 0.0  0.0  0.0  0.251061  0.251061  0.251061  0.246816
3-element Vector{Float64}:
 0.14997578921259025
 0.14997578921259025
 0.1499757892125902
a: [0.0 0.0 0.0; 0.015572060741326098 0.015572060741326256 0.015572060741325538; 0.016621987434370804 0.01662198743437119 0.01662198743437071; 0.0 0.0 0.0; 0.021186895399828494 0.02118689539982797 0.021186895399826745; 0.035498078711764205 0.03549807871176448 0.035498078711764296; 0.04112317930468017 0.04112317930468047 0.041123179304682185; 0.017165142494917462 0.01716514249491798 0.01716514249491712; 0.0028084451257030484 0.002808445125701997 0.0028084451257036937]
b: [0.14997578921259025, 0.14997578921259025, 0.1499757892125902]
c: [0.0 0.0 0.0 0.2504314158651006 0.25043141586510037 0.2504314158651005 0.2487057524046985; 0.0 0.0 0.0 0.24705692005009 0.24705692005009056 0.24705692005008945 0.25882923984973; 0.0 0.0 0.0 0.2514504440027683 0.25145044400276856 0.2514504440027682 0.24564866799169405; 0.0 0.0 0.0 0.0 0.0 0.0 0.0; 0.0 0.0 0.0 0.0 0.0 0.0 0.0; 0.0 0.0 0.0 0.2510612200820411 0.2510612200820406 0.2510612200820418 0.2468163397538774]
d: [0.14997578921259025, 0.14997578921259025, 0.1499757892125902]
comparison (CRT and Glb)on prediction: Dict{Bool, Int64}(0 => 54, 1 => 0)
Dataname	 time	 objv	 lb	 gap	 train_w	 train_g	 test_w	 test_g
/work_bgfs/n/navarrodelacruz/odt/optimal_decision_tree/augmented_datasets/glass/glass_243.glass	 29.36	 10.384338473645037	 N/A	 N/A	 67.949	 0.0	 61.111	 0.0
