Running 6 processes.
Start training /work_bgfs/n/navarrodelacruz/odt/optimal_decision_tree/augmented_datasets/glass/glass_416.glass with seed 1.
Any[]
(9, 210)
(9, 104)
(9, 52)
(9, 54)
dimension: 9, class: 6
cart cost: 156.94999999999996
size of X: (9, 156)
Using method: Global linear DT optimization
Version identifier: 20.1.0.0 | 2020-11-10 | 9bedb6d68
CPXPARAM_Threads                                 1
CPXPARAM_TimeLimit                               1728000
Tried aggregator 1 time.
No LP presolve or aggregator reductions.
Presolve time = 0.01 sec. (4.41 ticks)
Initializing dual steep norms . . .

Iteration log . . .
Iteration:     1   Dual objective     =             0.000000
Perturbation started.
Iteration:    51   Dual objective     =             0.000000
Iteration:   220   Dual objective     =             0.000035
Iteration:   341   Dual objective     =             0.009934
Iteration:   461   Dual objective     =             0.021034
Iteration:   585   Dual objective     =             0.024341
Iteration:   727   Dual objective     =             0.051346
Iteration:   876   Dual objective     =             0.051563
Iteration:   992   Dual objective     =             0.726029
Iteration:  1116   Dual objective     =             1.412535
Iteration:  1226   Dual objective     =             1.437954
Iteration:  1342   Dual objective     =             1.439025
Iteration:  1462   Dual objective     =             2.814149
Iteration:  1587   Dual objective     =             2.840333
Iteration:  1736   Dual objective     =             4.242462
Iteration:  1873   Dual objective     =             6.990267
Iteration:  1999   Dual objective     =             7.751843
Iteration:  2124   Dual objective     =             8.425682
Iteration:  2292   Dual objective     =            10.475022
Iteration:  2410   Dual objective     =            10.513936
Iteration:  2556   Dual objective     =            10.522177
Iteration:  2704   Dual objective     =            10.522494
Removing perturbation.
Iteration:  2721   Scaled dual infeas =             0.000038
Iteration:  2725   Dual objective     =            10.522435
9×3 Matrix{Float64}:
 0.0  0.0  0.0
 0.0  0.0  0.0
 1.0  0.0  0.0
 0.0  0.0  0.0
 0.0  0.0  0.0
 0.0  0.0  0.0
 0.0  0.0  1.0
 0.0  1.0  0.0
 0.0  0.0  0.0
3-element Vector{Float64}:
 0.5799015681692402
 0.14001564710549705
 0.2698098593814855
6×7 Matrix{Float64}:
 0.0  0.0  0.0  0.0  0.0  0.0  1.0
 0.0  0.0  0.0  1.0  0.0  1.0  0.0
 0.0  0.0  0.0  0.0  0.0  0.0  0.0
 0.0  0.0  0.0  0.0  0.0  0.0  0.0
 0.0  0.0  0.0  0.0  0.0  0.0  0.0
 0.0  0.0  0.0  0.0  1.0  0.0  0.0
3-element Vector{Float64}:
 1.0
 1.0
 1.0
9×3 Matrix{Float64}:
 0.0         0.0         0.0
 0.0         0.0         0.0
 0.00685049  0.00685049  0.00685049
 0.0         0.0         0.0
 0.0323977   0.0323977   0.0323977
 0.0396514   0.0396514   0.0396514
 0.0125653   0.0125653   0.0125653
 0.0567823   0.0567823   0.0567823
 0.00144998  0.00144998  0.00144998
3-element Vector{Float64}:
 0.14969720055692623
 0.14969720055692617
 0.1496972005569262
6×7 Matrix{Float64}:
 0.0  0.0  0.0  0.261982  0.261982  0.261982  0.214055
 0.0  0.0  0.0  0.228469  0.228469  0.228469  0.314594
 0.0  0.0  0.0  0.266944  0.266944  0.266944  0.199168
 0.0  0.0  0.0  0.0       0.0       0.0       0.0
 0.0  0.0  0.0  0.0       0.0       0.0       0.0
 0.0  0.0  0.0  0.242605  0.242605  0.242605  0.272184
3-element Vector{Float64}:
 0.14969720055692623
 0.14969720055692617
 0.1496972005569262
a: [0.0 0.0 0.0; 0.0 0.0 0.0; 0.006850490306510554 0.006850490306510587 0.006850490306510949; 0.0 0.0 0.0; 0.032397725972001516 0.03239772597200153 0.03239772597200027; 0.03965142399460431 0.039651423994603974 0.039651423994604106; 0.01256529531207387 0.012565295312073852 0.012565295312075501; 0.05678228886739203 0.05678228886739192 0.0567822888673911; 0.0014499761043441518 0.0014499761043443166 0.001449976104344294]
b: [0.14969720055692623, 0.14969720055692617, 0.1496972005569262]
c: [0.0 0.0 0.0 0.26198161641711015 0.26198161641711004 0.2619816164171099 0.21405515074866976; 0.0 0.0 0.0 0.22846875338689443 0.2284687533868945 0.2284687533868941 0.31459373983931693; 0.0 0.0 0.0 0.2669441307296322 0.2669441307296322 0.2669441307296319 0.19916760781110382; 0.0 0.0 0.0 0.0 0.0 0.0 0.0; 0.0 0.0 0.0 0.0 0.0 0.0 0.0; 0.0 0.0 0.0 0.24260549946636326 0.24260549946636326 0.2426054994663641 0.2721835016009094]
d: [0.14969720055692623, 0.14969720055692617, 0.1496972005569262]
comparison (CRT and Glb)on prediction: Dict{Bool, Int64}(0 => 54, 1 => 0)
Dataname	 time	 objv	 lb	 gap	 train_w	 train_g	 test_w	 test_g
/work_bgfs/n/navarrodelacruz/odt/optimal_decision_tree/augmented_datasets/glass/glass_416.glass	 32.19	 10.52245458008355	 N/A	 N/A	 64.103	 0.0	 55.556	 0.0
