Running 6 processes.
Start training /work_bgfs/n/navarrodelacruz/odt/optimal_decision_tree/augmented_datasets/glass/glass_422.glass with seed 1.
Any[]
(9, 210)
(9, 104)
(9, 52)
(9, 54)
dimension: 9, class: 6
cart cost: 146.59736842105264
size of X: (9, 156)
Using method: Global linear DT optimization
Version identifier: 20.1.0.0 | 2020-11-10 | 9bedb6d68
CPXPARAM_Threads                                 1
CPXPARAM_TimeLimit                               1728000
Tried aggregator 1 time.
No LP presolve or aggregator reductions.
Presolve time = 0.01 sec. (4.44 ticks)
Initializing dual steep norms . . .

Iteration log . . .
Iteration:     1   Dual objective     =             0.000000
Perturbation started.
Iteration:    51   Dual objective     =             0.000000
Iteration:   184   Dual objective     =             0.000022
Iteration:   344   Dual objective     =             0.000054
Iteration:   497   Dual objective     =             0.017343
Iteration:   636   Dual objective     =             0.719137
Iteration:   770   Dual objective     =             1.400593
Iteration:   897   Dual objective     =             1.408062
Iteration:  1044   Dual objective     =             2.106736
Iteration:  1206   Dual objective     =             5.526339
Iteration:  1337   Dual objective     =             5.562996
Iteration:  1475   Dual objective     =             6.960937
Iteration:  1624   Dual objective     =             8.300135
Iteration:  1754   Dual objective     =             8.332535
Iteration:  1893   Dual objective     =            10.382276
Iteration:  2028   Dual objective     =            10.384376
Iteration:  2163   Dual objective     =            10.384424
Removing perturbation.
Iteration:  2175   Scaled dual infeas =             0.000024
Iteration:  2177   Dual objective     =            10.384360
9×3 Matrix{Float64}:
 0.0  0.0  0.0
 0.0  1.0  0.0
 1.0  0.0  0.0
 0.0  0.0  0.0
 0.0  0.0  0.0
 0.0  0.0  0.0
 0.0  0.0  1.0
 0.0  0.0  0.0
 0.0  0.0  0.0
3-element Vector{Float64}:
 0.5742739847130551
 0.46641376680594115
 0.26817108384701
6×7 Matrix{Float64}:
 0.0  0.0  0.0  0.0  0.0  0.0  1.0
 0.0  0.0  0.0  1.0  0.0  1.0  0.0
 0.0  0.0  0.0  0.0  0.0  0.0  0.0
 0.0  0.0  0.0  0.0  0.0  0.0  0.0
 0.0  0.0  0.0  0.0  0.0  0.0  0.0
 0.0  0.0  0.0  0.0  1.0  0.0  0.0
3-element Vector{Float64}:
 1.0
 1.0
 1.0
9×3 Matrix{Float64}:
 0.0         0.0         0.0
 0.018717    0.018717    0.018717
 0.0185677   0.0185677   0.0185677
 0.0         0.0         0.0
 0.0198219   0.0198219   0.0198219
 0.0335968   0.0335968   0.0335968
 0.0409743   0.0409743   0.0409743
 0.0156859   0.0156859   0.0156859
 0.00285999  0.00285999  0.00285999
3-element Vector{Float64}:
 0.150223508150288
 0.15022350815028795
 0.150223508150288
6×7 Matrix{Float64}:
 0.0  0.0  0.0  0.248647  0.248647  0.248647  0.254059
 0.0  0.0  0.0  0.249128  0.249128  0.249128  0.252615
 0.0  0.0  0.0  0.250133  0.250133  0.250133  0.2496
 0.0  0.0  0.0  0.0       0.0       0.0       0.0
 0.0  0.0  0.0  0.0       0.0       0.0       0.0
 0.0  0.0  0.0  0.252091  0.252091  0.252091  0.243726
3-element Vector{Float64}:
 0.150223508150288
 0.15022350815028795
 0.150223508150288
a: [0.0 0.0 0.0; 0.018717020573302195 0.018717020573302046 0.018717020573302077; 0.0185677003765571 0.018567700376557195 0.01856770037655716; 0.0 0.0 0.0; 0.019821883571042948 0.019821883571043045 0.019821883571043107; 0.03359677856721796 0.033596778567217885 0.03359677856721808; 0.04097427465449589 0.04097427465449557 0.04097427465449539; 0.01568586278017045 0.01568586278017027 0.01568586278017066; 0.0028599876275014896 0.0028599876275019406 0.0028599876275013578]
b: [0.150223508150288, 0.15022350815028795, 0.150223508150288]
c: [0.0 0.0 0.0 0.24864688455722206 0.24864688455722228 0.24864688455722317 0.25405934632833255; 0.0 0.0 0.0 0.24912847902782242 0.24912847902782276 0.24912847902782265 0.2526145629165323; 0.0 0.0 0.0 0.2501332884961854 0.2501332884961854 0.2501332884961855 0.24960013451144375; 0.0 0.0 0.0 0.0 0.0 0.0 0.0; 0.0 0.0 0.0 0.0 0.0 0.0 0.0; 0.0 0.0 0.0 0.2520913479187702 0.25209134791876964 0.25209134791876875 0.24372595624369142]
d: [0.150223508150288, 0.15022350815028795, 0.150223508150288]
comparison (CRT and Glb)on prediction: Dict{Bool, Int64}(0 => 54, 1 => 0)
Dataname	 time	 objv	 lb	 gap	 train_w	 train_g	 test_w	 test_g
/work_bgfs/n/navarrodelacruz/odt/optimal_decision_tree/augmented_datasets/glass/glass_422.glass	 82.51	 10.384375631485703	 N/A	 N/A	 66.026	 0.0	 59.259	 0.0
