Running 6 processes.
Start training /work_bgfs/n/navarrodelacruz/odt/optimal_decision_tree/augmented_datasets/glass/glass_518.glass with seed 1.
Any[]
(9, 210)
(9, 104)
(9, 52)
(9, 54)
dimension: 9, class: 6
cart cost: 153.39324324324323
size of X: (9, 156)
Using method: Global linear DT optimization
Version identifier: 20.1.0.0 | 2020-11-10 | 9bedb6d68
CPXPARAM_Threads                                 1
CPXPARAM_TimeLimit                               1728000
Tried aggregator 1 time.
No LP presolve or aggregator reductions.
Presolve time = 0.01 sec. (4.34 ticks)
Initializing dual steep norms . . .

Iteration log . . .
Iteration:     1   Dual objective     =             0.000000
Perturbation started.
Iteration:    51   Dual objective     =             0.000000
Iteration:   182   Dual objective     =             0.000020
Iteration:   294   Dual objective     =             0.000051
Iteration:   414   Dual objective     =             0.020619
Iteration:   545   Dual objective     =             0.021103
Iteration:   650   Dual objective     =             0.761596
Iteration:   763   Dual objective     =             1.469230
Iteration:   875   Dual objective     =             2.160127
Iteration:   992   Dual objective     =             2.187568
Iteration:  1112   Dual objective     =             5.701198
Iteration:  1257   Dual objective     =             6.412030
Iteration:  1389   Dual objective     =             8.542375
Iteration:  1544   Dual objective     =             9.243752
Iteration:  1694   Dual objective     =            10.663634
Removing perturbation.
9×3 Matrix{Float64}:
 0.0  0.0  0.0
 0.0  0.0  0.0
 1.0  0.0  0.0
 0.0  0.0  0.0
 0.0  0.0  0.0
 0.0  0.0  0.0
 0.0  0.0  1.0
 0.0  1.0  0.0
 0.0  0.0  0.0
3-element Vector{Float64}:
 0.5807904242258368
 0.14923848606311774
 0.26257717937291397
6×7 Matrix{Float64}:
 0.0  0.0  0.0  0.0  0.0  0.0  1.0
 0.0  0.0  0.0  1.0  0.0  1.0  0.0
 0.0  0.0  0.0  0.0  0.0  0.0  0.0
 0.0  0.0  0.0  0.0  0.0  0.0  0.0
 0.0  0.0  0.0  0.0  0.0  0.0  0.0
 0.0  0.0  0.0  0.0  1.0  0.0  0.0
3-element Vector{Float64}:
 1.0
 1.0
 1.0
9×3 Matrix{Float64}:
 0.0        0.0        0.0
 0.0        0.0        0.0
 0.0        0.0        0.0
 0.0        0.0        0.0
 0.0        0.0        0.0
 0.0342082  0.0342082  0.0342082
 0.0162761  0.0162761  0.0162761
 0.095267   0.095267   0.095267
 0.0        0.0        0.0
3-element Vector{Float64}:
 0.1457513027803019
 0.1457513027803019
 0.14575130278030193
6×7 Matrix{Float64}:
 0.0  0.0  0.0  0.263158  0.263158  0.263158  0.210527
 0.0  0.0  0.0  0.268934  0.268934  0.268934  0.193197
 0.0  0.0  0.0  0.271858  0.271858  0.271858  0.184426
 0.0  0.0  0.0  0.0       0.0       0.0       0.0
 0.0  0.0  0.0  0.0       0.0       0.0       0.0
 0.0  0.0  0.0  0.19605   0.19605   0.19605   0.41185
3-element Vector{Float64}:
 0.1457513027803019
 0.1457513027803019
 0.14575130278030193
a: [0.0 0.0 0.0; 0.0 0.0 0.0; 0.0 0.0 0.0; 0.0 0.0 0.0; 0.0 0.0 0.0; 0.03420822761422097 0.03420822761422095 0.03420822761422082; 0.01627608630328921 0.016276086303289174 0.01627608630328918; 0.09526698886279174 0.0952669888627918 0.09526698886279193; 0.0 0.0 0.0]
b: [0.1457513027803019, 0.1457513027803019, 0.14575130278030193]
c: [0.0 0.0 0.0 0.263157581394242 0.26315758139424184 0.26315758139424156 0.21052725581727486; 0.0 0.0 0.0 0.2689343971679345 0.26893439716793455 0.26893439716793455 0.19319680849619614; 0.0 0.0 0.0 0.2718578622631517 0.27185786226315156 0.27185786226315173 0.18442641321054518; 0.0 0.0 0.0 0.0 0.0 0.0 0.0; 0.0 0.0 0.0 0.0 0.0 0.0 0.0; 0.0 0.0 0.0 0.1960501591746721 0.19605015917467206 0.19605015917467222 0.41184952247598383]
d: [0.1457513027803019, 0.1457513027803019, 0.14575130278030193]
comparison (CRT and Glb)on prediction: Dict{Bool, Int64}(0 => 54, 1 => 0)
Dataname	 time	 objv	 lb	 gap	 train_w	 train_g	 test_w	 test_g
/work_bgfs/n/navarrodelacruz/odt/optimal_decision_tree/augmented_datasets/glass/glass_518.glass	 34.36	 10.663754587308922	 N/A	 N/A	 65.385	 0.0	 62.963	 0.0
