Running 6 processes.
Start training /work_bgfs/n/navarrodelacruz/odt/optimal_decision_tree/augmented_datasets/glass/glass_937.glass with seed 1.
Any[]
(9, 210)
(9, 104)
(9, 52)
(9, 54)
dimension: 9, class: 6
cart cost: 151.35
size of X: (9, 156)
Using method: Global linear DT optimization
Version identifier: 20.1.0.0 | 2020-11-10 | 9bedb6d68
CPXPARAM_Threads                                 1
CPXPARAM_TimeLimit                               1728000
Tried aggregator 1 time.
No LP presolve or aggregator reductions.
Presolve time = 0.01 sec. (4.32 ticks)
Initializing dual steep norms . . .

Iteration log . . .
Iteration:     1   Dual objective     =             0.000000
Perturbation started.
Iteration:    51   Dual objective     =             0.000000
Iteration:   159   Dual objective     =             0.000018
Iteration:   286   Dual objective     =             0.000052
Iteration:   427   Dual objective     =             0.006935
Iteration:   551   Dual objective     =             0.019026
Iteration:   676   Dual objective     =             0.027604
Iteration:   794   Dual objective     =             0.733091
Iteration:   910   Dual objective     =             0.777045
Iteration:  1092   Dual objective     =             1.902948
Iteration:  1232   Dual objective     =             3.525325
Iteration:  1358   Dual objective     =             4.956513
Iteration:  1526   Dual objective     =             7.017260
Iteration:  1669   Dual objective     =             9.819170
Iteration:  1798   Dual objective     =            10.522336
Iteration:  1918   Dual objective     =            10.522636
Removing perturbation.
Iteration:  1964   Scaled dual infeas =             0.000000
Iteration:  1968   Dual objective     =            10.522583
9×3 Matrix{Float64}:
 0.0  0.0  0.0
 0.0  1.0  0.0
 1.0  0.0  0.0
 0.0  0.0  1.0
 0.0  0.0  0.0
 0.0  0.0  0.0
 0.0  0.0  0.0
 0.0  0.0  0.0
 0.0  0.0  0.0
3-element Vector{Float64}:
 0.6059665848441564
 0.4484435301656423
 0.3823077474152034
6×7 Matrix{Float64}:
 0.0  0.0  0.0  0.0  0.0  1.0  0.0
 0.0  0.0  0.0  1.0  0.0  0.0  1.0
 0.0  0.0  0.0  0.0  0.0  0.0  0.0
 0.0  0.0  0.0  0.0  0.0  0.0  0.0
 0.0  0.0  0.0  0.0  0.0  0.0  0.0
 0.0  0.0  0.0  0.0  1.0  0.0  0.0
3-element Vector{Float64}:
 1.0
 1.0
 1.0
9×3 Matrix{Float64}:
 0.0         0.0         0.0
 0.0203238   0.0203238   0.0203238
 0.0164344   0.0164344   0.0164344
 0.0         0.0         0.0
 0.0222639   0.0222639   0.0222639
 0.0341451   0.0341451   0.0341451
 0.0360478   0.0360478   0.0360478
 0.0177464   0.0177464   0.0177464
 0.00359448  0.00359448  0.00359448
3-element Vector{Float64}:
 0.15055594951979825
 0.15055594951979828
 0.15055594951979825
6×7 Matrix{Float64}:
 0.0  0.0  0.0  0.25081   0.25081   0.25081   0.247569
 0.0  0.0  0.0  0.250147  0.250147  0.250147  0.24956
 0.0  0.0  0.0  0.251601  0.251601  0.251601  0.245198
 0.0  0.0  0.0  0.0       0.0       0.0       0.0
 0.0  0.0  0.0  0.0       0.0       0.0       0.0
 0.0  0.0  0.0  0.247442  0.247442  0.247442  0.257673
3-element Vector{Float64}:
 0.15055594951979825
 0.15055594951979828
 0.15055594951979825
a: [0.0 0.0 0.0; 0.020323760152843543 0.02032376015284077 0.020323760152846655; 0.01643442226603825 0.016434422266039663 0.01643442226603232; 0.0 0.0 0.0; 0.022263876279021943 0.02226387627902293 0.022263876279025818; 0.03414514327849304 0.034145143278494085 0.034145143278491524; 0.03604781384749778 0.03604781384749439 0.0360478138474955; 0.01774644981052989 0.01774644981053087 0.01774644981052963; 0.003594483885373703 0.0035944838853756225 0.0035944838853768923]
b: [0.15055594951979825, 0.15055594951979828, 0.15055594951979825]
c: [0.0 0.0 0.0 0.2508102915485073 0.25081029154850676 0.2508102915485092 0.24756912535447673; 0.0 0.0 0.0 0.2501467915258704 0.2501467915258704 0.2501467915258705 0.24955962542238874; 0.0 0.0 0.0 0.25160060355392044 0.25160060355392094 0.2516006035539216 0.24519818933823706; 0.0 0.0 0.0 0.0 0.0 0.0 0.0; 0.0 0.0 0.0 0.0 0.0 0.0 0.0; 0.0 0.0 0.0 0.24744231337170183 0.247442313371702 0.24744231337169875 0.2576730598848974]
d: [0.15055594951979825, 0.15055594951979828, 0.15055594951979825]
comparison (CRT and Glb)on prediction: Dict{Bool, Int64}(0 => 54, 1 => 0)
Dataname	 time	 objv	 lb	 gap	 train_w	 train_g	 test_w	 test_g
/work_bgfs/n/navarrodelacruz/odt/optimal_decision_tree/augmented_datasets/glass/glass_937.glass	 27.9	 10.522583392428	 N/A	 N/A	 65.385	 0.0	 53.704	 0.0
