Running 6 processes.
Start training /work_bgfs/n/navarrodelacruz/odt/optimal_decision_tree/augmented_datasets/glass/glass_41.glass with seed 1.
Any[]
(9, 210)
(9, 104)
(9, 52)
(9, 54)
dimension: 9, class: 6
cart cost: 140.14999999999998
size of X: (9, 156)
Using method: Global linear DT optimization
Version identifier: 20.1.0.0 | 2020-11-10 | 9bedb6d68
CPXPARAM_Threads                                 1
CPXPARAM_TimeLimit                               1728000
Tried aggregator 1 time.
No LP presolve or aggregator reductions.
Presolve time = 0.01 sec. (4.43 ticks)
Initializing dual steep norms . . .

Iteration log . . .
Iteration:     1   Dual objective     =             0.000000
Perturbation started.
Iteration:    51   Dual objective     =             0.000000
Iteration:   214   Dual objective     =             0.000030
Iteration:   349   Dual objective     =             0.015370
Iteration:   490   Dual objective     =             0.050335
Iteration:   637   Dual objective     =             0.721124
Iteration:   794   Dual objective     =             1.444707
Iteration:   949   Dual objective     =             2.822241
Iteration:  1084   Dual objective     =             2.838137
Iteration:  1228   Dual objective     =             3.538812
Iteration:  1360   Dual objective     =             4.218105
Iteration:  1492   Dual objective     =             7.726758
Iteration:  1633   Dual objective     =             9.079798
Iteration:  1764   Dual objective     =            10.521770
Iteration:  1929   Dual objective     =            10.522529
Removing perturbation.
9×3 Matrix{Float64}:
 0.0  0.0  0.0
 0.0  1.0  0.0
 1.0  0.0  0.0
 0.0  0.0  1.0
 0.0  0.0  0.0
 0.0  0.0  0.0
 0.0  0.0  0.0
 0.0  0.0  0.0
 0.0  0.0  0.0
3-element Vector{Float64}:
 0.5837802453278582
 0.45768746454190046
 0.3555494804270448
6×7 Matrix{Float64}:
 0.0  0.0  0.0  0.0  0.0  1.0  0.0
 0.0  0.0  0.0  1.0  0.0  0.0  1.0
 0.0  0.0  0.0  0.0  0.0  0.0  0.0
 0.0  0.0  0.0  0.0  0.0  0.0  0.0
 0.0  0.0  0.0  0.0  0.0  0.0  0.0
 0.0  0.0  0.0  0.0  1.0  0.0  0.0
3-element Vector{Float64}:
 1.0
 1.0
 1.0
9×3 Matrix{Float64}:
 0.0          0.0          0.0
 0.0133554    0.0133554    0.0133554
 0.0214516    0.0214516    0.0214516
 0.0          0.0          0.0
 0.0225305    0.0225305    0.0225305
 0.0353862    0.0353862    0.0353862
 0.0370762    0.0370762    0.0370762
 0.0197844    0.0197844    0.0197844
 0.000487185  0.000487185  0.000487185
3-element Vector{Float64}:
 0.15007155442315445
 0.15007155442315445
 0.15007155442315442
6×7 Matrix{Float64}:
 0.0  0.0  0.0  0.249212  0.249212  0.249212  0.252363
 0.0  0.0  0.0  0.249564  0.249564  0.249564  0.251309
 0.0  0.0  0.0  0.250047  0.250047  0.250047  0.249859
 0.0  0.0  0.0  0.0       0.0       0.0       0.0
 0.0  0.0  0.0  0.0       0.0       0.0       0.0
 0.0  0.0  0.0  0.251177  0.251177  0.251177  0.246469
3-element Vector{Float64}:
 0.15007155442315445
 0.15007155442315445
 0.15007155442315442
a: [0.0 0.0 0.0; 0.013355392203353071 0.013355392203352696 0.0133553922033528; 0.021451644989689177 0.021451644989689392 0.021451644989689347; 0.0 0.0 0.0; 0.022530506122889 0.022530506122889055 0.022530506122889003; 0.03538620587574051 0.03538620587574063 0.0353862058757406; 0.037076213146508746 0.03707621314650848 0.037076213146508614; 0.019784407293626342 0.019784407293626557 0.019784407293626453; 0.0004871847913476002 0.0004871847913475952 0.0004871847913476137]
b: [0.15007155442315445, 0.15007155442315445, 0.15007155442315442]
c: [0.0 0.0 0.0 0.24921239683684743 0.2492123968368473 0.24921239683684754 0.2523628094894578; 0.0 0.0 0.0 0.24956371031028363 0.24956371031028365 0.24956371031028357 0.25130886906914907; 0.0 0.0 0.0 0.2500468841577894 0.25004688415778953 0.2500468841577895 0.24985934752663158; 0.0 0.0 0.0 0.0 0.0 0.0 0.0; 0.0 0.0 0.0 0.0 0.0 0.0 0.0; 0.0 0.0 0.0 0.2511770086950796 0.2511770086950795 0.2511770086950794 0.24646897391476152]
d: [0.15007155442315445, 0.15007155442315445, 0.15007155442315442]
comparison (CRT and Glb)on prediction: Dict{Bool, Int64}(0 => 54, 1 => 0)
Dataname	 time	 objv	 lb	 gap	 train_w	 train_g	 test_w	 test_g
/work_bgfs/n/navarrodelacruz/odt/optimal_decision_tree/augmented_datasets/glass/glass_41.glass	 73.71	 10.522510733163507	 N/A	 N/A	 67.949	 0.0	 55.556	 0.0
