Running 6 processes.
Start training /work_bgfs/n/navarrodelacruz/odt/optimal_decision_tree/augmented_datasets/glass/glass_861.glass with seed 1.
Any[]
(9, 210)
(9, 104)
(9, 52)
(9, 54)
dimension: 9, class: 6
cart cost: 156.94999999999996
size of X: (9, 156)
Using method: Global linear DT optimization
Version identifier: 20.1.0.0 | 2020-11-10 | 9bedb6d68
CPXPARAM_Threads                                 1
CPXPARAM_TimeLimit                               1728000
Tried aggregator 1 time.
No LP presolve or aggregator reductions.
Presolve time = 0.01 sec. (4.41 ticks)
Initializing dual steep norms . . .

Iteration log . . .
Iteration:     1   Dual objective     =             0.000000
Perturbation started.
Iteration:    51   Dual objective     =             0.000000
Iteration:   161   Dual objective     =             0.000019
Iteration:   274   Dual objective     =             0.000037
Iteration:   463   Dual objective     =             0.020816
Iteration:   604   Dual objective     =             0.720080
Iteration:   722   Dual objective     =             1.421175
Iteration:   848   Dual objective     =             1.441176
Iteration:   966   Dual objective     =             1.462227
Iteration:  1089   Dual objective     =             4.910706
Iteration:  1218   Dual objective     =             5.650591
Iteration:  1351   Dual objective     =             7.738909
Iteration:  1464   Dual objective     =             9.158988
Iteration:  1601   Dual objective     =            10.514139
Iteration:  1723   Dual objective     =            10.522458
Iteration:  1847   Dual objective     =            10.522580
Removing perturbation.
9×3 Matrix{Float64}:
 0.0  0.0  0.0
 0.0  0.0  0.0
 1.0  0.0  0.0
 0.0  0.0  0.0
 0.0  0.0  0.0
 0.0  0.0  0.0
 0.0  0.0  1.0
 0.0  1.0  0.0
 0.0  0.0  0.0
3-element Vector{Float64}:
 0.617810017971979
 0.13458496820245885
 0.25955213837585134
6×7 Matrix{Float64}:
 0.0  0.0  0.0  0.0  0.0  0.0  1.0
 0.0  0.0  0.0  1.0  0.0  1.0  0.0
 0.0  0.0  0.0  0.0  0.0  0.0  0.0
 0.0  0.0  0.0  0.0  0.0  0.0  0.0
 0.0  0.0  0.0  0.0  0.0  0.0  0.0
 0.0  0.0  0.0  0.0  1.0  0.0  0.0
3-element Vector{Float64}:
 1.0
 1.0
 1.0
9×3 Matrix{Float64}:
 0.0         0.0         0.0
 0.0127211   0.0127211   0.0127211
 0.0167064   0.0167064   0.0167064
 0.0         0.0         0.0
 0.0206268   0.0206268   0.0206268
 0.0348982   0.0348982   0.0348982
 0.0466015   0.0466015   0.0466015
 0.0154158   0.0154158   0.0154158
 0.00322969  0.00322969  0.00322969
3-element Vector{Float64}:
 0.15019947265940306
 0.1501994726594031
 0.1501994726594031
6×7 Matrix{Float64}:
 0.0  0.0  0.0  0.250338  0.250338  0.250338  0.248986
 0.0  0.0  0.0  0.244627  0.244627  0.244627  0.26612
 0.0  0.0  0.0  0.251537  0.251537  0.251537  0.245389
 0.0  0.0  0.0  0.0       0.0       0.0       0.0
 0.0  0.0  0.0  0.0       0.0       0.0       0.0
 0.0  0.0  0.0  0.253498  0.253498  0.253498  0.239506
3-element Vector{Float64}:
 0.15019947265940306
 0.1501994726594031
 0.1501994726594031
a: [0.0 0.0 0.0; 0.012721068729762865 0.012721068729763196 0.012721068729762974; 0.016706434543495935 0.01670643454349615 0.01670643454349547; 0.0 0.0 0.0; 0.02062683270171648 0.02062683270171591 0.02062683270171645; 0.03489815375421078 0.03489815375421112 0.034898153754210494; 0.046601516609496164 0.04660151660949693 0.04660151660949648; 0.015415780656811163 0.015415780656811389 0.01541578065681092; 0.0032296856639096524 0.0032296856639084034 0.0032296856639102943]
b: [0.15019947265940306, 0.1501994726594031, 0.1501994726594031]
c: [0.0 0.0 0.0 0.2503381107095893 0.2503381107095891 0.2503381107095892 0.24898566787123255; 0.0 0.0 0.0 0.24462679792048667 0.24462679792048672 0.24462679792048636 0.26611960623854025; 0.0 0.0 0.0 0.2515369435878762 0.2515369435878765 0.2515369435878766 0.24538916923637055; 0.0 0.0 0.0 0.0 0.0 0.0 0.0; 0.0 0.0 0.0 0.0 0.0 0.0 0.0; 0.0 0.0 0.0 0.25349814778204777 0.2534981477820477 0.2534981477820478 0.23950555665385664]
d: [0.15019947265940306, 0.1501994726594031, 0.1501994726594031]
comparison (CRT and Glb)on prediction: Dict{Bool, Int64}(0 => 54, 1 => 0)
Dataname	 time	 objv	 lb	 gap	 train_w	 train_g	 test_w	 test_g
/work_bgfs/n/navarrodelacruz/odt/optimal_decision_tree/augmented_datasets/glass/glass_861.glass	 41.94	 10.522529920898933	 N/A	 N/A	 64.103	 0.0	 59.259	 0.0
