Running 6 processes.
Start training /work_bgfs/n/navarrodelacruz/odt/optimal_decision_tree/augmented_datasets/glass/glass_850.glass with seed 1.
Any[]
(9, 210)
(9, 103)
(9, 51)
(9, 56)
dimension: 9, class: 6
cart cost: 125.01486486486486
size of X: (9, 154)
Using method: Global linear DT optimization
Version identifier: 20.1.0.0 | 2020-11-10 | 9bedb6d68
CPXPARAM_Threads                                 1
CPXPARAM_TimeLimit                               1728000
Tried aggregator 1 time.
No LP presolve or aggregator reductions.
Presolve time = 0.01 sec. (4.36 ticks)
Initializing dual steep norms . . .

Iteration log . . .
Iteration:     1   Dual objective     =             0.000000
Perturbation started.
Iteration:    51   Dual objective     =             0.000000
Iteration:   217   Dual objective     =             0.000043
Iteration:   369   Dual objective     =             0.020481
Iteration:   513   Dual objective     =             0.022857
Iteration:   654   Dual objective     =             0.024141
Iteration:   794   Dual objective     =             0.029619
Iteration:   940   Dual objective     =             0.042493
Iteration:  1100   Dual objective     =             1.426711
Iteration:  1229   Dual objective     =             2.178841
Iteration:  1363   Dual objective     =             4.269320
Iteration:  1475   Dual objective     =             5.021629
Iteration:  1626   Dual objective     =             5.023518
Iteration:  1759   Dual objective     =             7.148559
Iteration:  1884   Dual objective     =             8.527660
Iteration:  2031   Dual objective     =             8.547815
Iteration:  2169   Dual objective     =             9.261436
Iteration:  2307   Dual objective     =            10.655513
Iteration:  2431   Dual objective     =            10.664360
Iteration:  2561   Dual objective     =            10.664458
Removing perturbation.
9×3 Matrix{Float64}:
 0.0  0.0  0.0
 0.0  0.0  0.0
 1.0  0.0  0.0
 0.0  0.0  1.0
 0.0  0.0  0.0
 0.0  0.0  0.0
 0.0  0.0  0.0
 0.0  1.0  0.0
 0.0  0.0  0.0
3-element Vector{Float64}:
 0.7317642400456955
 0.16137234627725758
 0.3406732743557168
6×7 Matrix{Float64}:
 0.0  0.0  0.0  0.0  0.0  1.0  0.0
 0.0  0.0  0.0  1.0  0.0  0.0  1.0
 0.0  0.0  0.0  0.0  0.0  0.0  0.0
 0.0  0.0  0.0  0.0  0.0  0.0  0.0
 0.0  0.0  0.0  0.0  0.0  0.0  0.0
 0.0  0.0  0.0  0.0  1.0  0.0  0.0
3-element Vector{Float64}:
 1.0
 1.0
 1.0
9×3 Matrix{Float64}:
 0.0         0.0         0.0
 0.0123354   0.0123354   0.0123354
 0.0214289   0.0214289   0.0214289
 0.0         0.0         0.0
 0.0220217   0.0220217   0.0220217
 0.0344332   0.0344332   0.0344332
 0.0375591   0.0375591   0.0375591
 0.0186438   0.0186438   0.0186438
 0.00390713  0.00390713  0.00390713
3-element Vector{Float64}:
 0.1503291108832111
 0.15032911088321133
 0.1503291108832111
6×7 Matrix{Float64}:
 0.0  0.0  0.0  0.249562  0.249562  0.249562  0.251314
 0.0  0.0  0.0  0.248357  0.248357  0.248357  0.254928
 0.0  0.0  0.0  0.250384  0.250384  0.250384  0.248848
 0.0  0.0  0.0  0.0       0.0       0.0       0.0
 0.0  0.0  0.0  0.0       0.0       0.0       0.0
 0.0  0.0  0.0  0.251697  0.251697  0.251697  0.24491
3-element Vector{Float64}:
 0.1503291108832111
 0.15032911088321133
 0.1503291108832111
a: [0.0 0.0 0.0; 0.0123354174934332 0.012335417493433884 0.012335417493433094; 0.02142885257909742 0.02142885257909681 0.02142885257909744; 0.0 0.0 0.0; 0.022021678027012888 0.022021678027012985 0.022021678027012725; 0.03443319760588878 0.034433197605888546 0.03443319760588883; 0.037559078215503736 0.03755907821550483 0.037559078215503805; 0.018643755226978805 0.01864375522697804 0.01864375522697896; 0.003907131735296233 0.003907131735296221 0.003907131735296231]
b: [0.1503291108832111, 0.15032911088321133, 0.1503291108832111]
c: [0.0 0.0 0.0 0.24956191606317152 0.24956191606317138 0.24956191606317152 0.2513142518104854; 0.0 0.0 0.0 0.24835744244072094 0.24835744244072147 0.24835744244072128 0.25492767267783634; 0.0 0.0 0.0 0.2503841087444211 0.2503841087444207 0.25038410874442074 0.24884767376673778; 0.0 0.0 0.0 0.0 0.0 0.0 0.0; 0.0 0.0 0.0 0.0 0.0 0.0 0.0; 0.0 0.0 0.0 0.2516965327516865 0.2516965327516865 0.2516965327516865 0.2449104017449405]
d: [0.1503291108832111, 0.15032911088321133, 0.1503291108832111]
comparison (CRT and Glb)on prediction: Dict{Bool, Int64}(0 => 56, 1 => 0)
Dataname	 time	 objv	 lb	 gap	 train_w	 train_g	 test_w	 test_g
/work_bgfs/n/navarrodelacruz/odt/optimal_decision_tree/augmented_datasets/glass/glass_850.glass	 27.46	 10.664441258524365	 N/A	 N/A	 71.429	 0.0	 50.0	 0.0
