Running 6 processes.
Start training /work_bgfs/n/navarrodelacruz/odt/optimal_decision_tree/augmented_datasets/glass/glass_125.glass with seed 1.
Any[]
(9, 210)
(9, 104)
(9, 52)
(9, 54)
dimension: 9, class: 6
cart cost: 141.07105263157894
size of X: (9, 156)
Using method: Global linear DT optimization
Version identifier: 20.1.0.0 | 2020-11-10 | 9bedb6d68
CPXPARAM_Threads                                 1
CPXPARAM_TimeLimit                               1728000
Tried aggregator 1 time.
No LP presolve or aggregator reductions.
Presolve time = 0.01 sec. (4.42 ticks)
Initializing dual steep norms . . .

Iteration log . . .
Iteration:     1   Dual objective     =             0.000000
Perturbation started.
Iteration:    51   Dual objective     =             0.000000
Iteration:   258   Dual objective     =             0.000044
Iteration:   369   Dual objective     =             0.006053
Iteration:   479   Dual objective     =             0.020553
Iteration:   605   Dual objective     =             0.031088
Iteration:   731   Dual objective     =             0.034975
Iteration:   853   Dual objective     =             2.102836
Iteration:   968   Dual objective     =             3.489333
Iteration:  1102   Dual objective     =             6.930975
Iteration:  1225   Dual objective     =             8.347840
Iteration:  1355   Dual objective     =            10.382423
Removing perturbation.
9×3 Matrix{Float64}:
 0.0  0.0  0.0
 0.0  0.0  0.0
 1.0  0.0  0.0
 0.0  0.0  1.0
 0.0  0.0  0.0
 0.0  0.0  0.0
 0.0  0.0  0.0
 0.0  1.0  0.0
 0.0  0.0  0.0
3-element Vector{Float64}:
 0.5827386953811593
 0.15041767658603591
 0.4452116296622595
6×7 Matrix{Float64}:
 0.0  0.0  0.0  0.0  0.0  1.0  0.0
 0.0  0.0  0.0  1.0  0.0  0.0  1.0
 0.0  0.0  0.0  0.0  0.0  0.0  0.0
 0.0  0.0  0.0  0.0  0.0  0.0  0.0
 0.0  0.0  0.0  0.0  0.0  0.0  0.0
 0.0  0.0  0.0  0.0  1.0  0.0  0.0
3-element Vector{Float64}:
 1.0
 1.0
 1.0
9×3 Matrix{Float64}:
 0.0        0.0        0.0
 0.0        0.0        0.0
 0.0        0.0        0.0
 0.0        0.0        0.0
 0.0        0.0        0.0
 0.0261141  0.0261141  0.0261141
 0.0        0.0        0.0
 0.115961   0.115961   0.115961
 0.0        0.0        0.0
3-element Vector{Float64}:
 0.14207461963241147
 0.14207461963241175
 0.14207461963241144
6×7 Matrix{Float64}:
 0.0  0.0  0.0  0.252857  0.252857  0.252857  0.24143
 0.0  0.0  0.0  0.265825  0.265825  0.265825  0.202524
 0.0  0.0  0.0  0.273023  0.273023  0.273023  0.18093
 0.0  0.0  0.0  0.0       0.0       0.0       0.0
 0.0  0.0  0.0  0.0       0.0       0.0       0.0
 0.0  0.0  0.0  0.208295  0.208295  0.208295  0.375116
3-element Vector{Float64}:
 0.14207461963241147
 0.14207461963241175
 0.14207461963241144
a: [0.0 0.0 0.0; 0.0 0.0 0.0; 0.0 0.0 0.0; 0.0 0.0 0.0; 0.0 0.0 0.0; 0.026114056033119865 0.026114056033118893 0.02611405603311992; 0.0 0.0 0.0; 0.11596056359929162 0.11596056359929285 0.11596056359929152; 0.0 0.0 0.0]
b: [0.14207461963241147, 0.14207461963241175, 0.14207461963241144]
c: [0.0 0.0 0.0 0.2528567566296002 0.2528567566296002 0.2528567566296002 0.24142973011119911; 0.0 0.0 0.0 0.26582522549657056 0.2658252254965704 0.26582522549657045 0.2025243235102887; 0.0 0.0 0.0 0.2730233787457807 0.27302337874578086 0.2730233787457809 0.18092986376265752; 0.0 0.0 0.0 0.0 0.0 0.0 0.0; 0.0 0.0 0.0 0.0 0.0 0.0 0.0; 0.0 0.0 0.0 0.20829463912804852 0.20829463912804852 0.20829463912804855 0.37511608261585466]
d: [0.14207461963241147, 0.14207461963241175, 0.14207461963241144]
comparison (CRT and Glb)on prediction: Dict{Bool, Int64}(0 => 54, 1 => 0)
Dataname	 time	 objv	 lb	 gap	 train_w	 train_g	 test_w	 test_g
/work_bgfs/n/navarrodelacruz/odt/optimal_decision_tree/augmented_datasets/glass/glass_125.glass	 27.37	 10.383153298208029	 N/A	 N/A	 67.308	 0.0	 53.704	 0.0
