Running 6 processes.
Start training /work_bgfs/n/navarrodelacruz/odt/optimal_decision_tree/augmented_datasets/glass/glass_446.glass with seed 1.
Any[]
(9, 210)
(9, 103)
(9, 52)
(9, 55)
dimension: 9, class: 6
cart cost: 141.10890410958905
size of X: (9, 155)
Using method: Global linear DT optimization
Version identifier: 20.1.0.0 | 2020-11-10 | 9bedb6d68
CPXPARAM_Threads                                 1
CPXPARAM_TimeLimit                               1728000
Tried aggregator 1 time.
No LP presolve or aggregator reductions.
Presolve time = 0.01 sec. (4.38 ticks)
Initializing dual steep norms . . .

Iteration log . . .
Iteration:     1   Dual objective     =             0.000000
Perturbation started.
Iteration:    51   Dual objective     =             0.000000
Iteration:   239   Dual objective     =             0.000043
Iteration:   343   Dual objective     =             0.008490
Iteration:   499   Dual objective     =             0.023075
Iteration:   640   Dual objective     =             0.027254
Iteration:   814   Dual objective     =             0.036002
Iteration:   946   Dual objective     =             0.050882
Iteration:  1101   Dual objective     =             0.051099
Iteration:  1208   Dual objective     =             1.442237
Iteration:  1318   Dual objective     =             1.476832
Iteration:  1447   Dual objective     =             2.209354
Iteration:  1582   Dual objective     =             2.893697
Iteration:  1708   Dual objective     =             4.315099
Iteration:  1841   Dual objective     =             5.053900
Iteration:  1967   Dual objective     =             6.526356
Iteration:  2104   Dual objective     =             9.368872
Iteration:  2264   Dual objective     =            10.809244
Iteration:  2401   Dual objective     =            10.810190
Removing perturbation.
9×3 Matrix{Float64}:
 0.0  0.0  0.0
 0.0  0.0  0.0
 1.0  0.0  0.0
 0.0  0.0  1.0
 0.0  0.0  0.0
 0.0  0.0  0.0
 0.0  0.0  0.0
 0.0  1.0  0.0
 0.0  0.0  0.0
3-element Vector{Float64}:
 0.57629375760003
 0.1380330830737834
 0.3725529831110048
6×7 Matrix{Float64}:
 0.0  0.0  0.0  0.0  0.0  1.0  0.0
 0.0  0.0  0.0  1.0  0.0  0.0  1.0
 0.0  0.0  0.0  0.0  0.0  0.0  0.0
 0.0  0.0  0.0  0.0  0.0  0.0  0.0
 0.0  0.0  0.0  0.0  0.0  0.0  0.0
 0.0  0.0  0.0  0.0  1.0  0.0  0.0
3-element Vector{Float64}:
 1.0
 1.0
 1.0
9×3 Matrix{Float64}:
 0.0         0.0         0.0
 0.0152552   0.0152552   0.0152552
 0.0205485   0.0205485   0.0205485
 0.0         0.0         0.0
 0.0194787   0.0194787   0.0194787
 0.0352086   0.0352086   0.0352086
 0.0405478   0.0405478   0.0405478
 0.0158612   0.0158612   0.0158612
 0.00311024  0.00311024  0.00311024
3-element Vector{Float64}:
 0.15001024919595798
 0.15001024919595796
 0.15001024919595798
6×7 Matrix{Float64}:
 0.0  0.0  0.0  0.249016  0.249016  0.249016  0.252951
 0.0  0.0  0.0  0.248505  0.248505  0.248505  0.254486
 0.0  0.0  0.0  0.250171  0.250171  0.250171  0.249488
 0.0  0.0  0.0  0.0       0.0       0.0       0.0
 0.0  0.0  0.0  0.0       0.0       0.0       0.0
 0.0  0.0  0.0  0.252308  0.252308  0.252308  0.243075
3-element Vector{Float64}:
 0.15001024919595798
 0.15001024919595796
 0.15001024919595798
a: [0.0 0.0 0.0; 0.015255204375293065 0.015255204375294505 0.01525520437529533; 0.02054846304733548 0.020548463047334507 0.020548463047333203; 0.0 0.0 0.0; 0.019478733973240424 0.019478733973240292 0.019478733973241305; 0.03520863981105023 0.035208639811049595 0.03520863981104932; 0.040547808615634666 0.040547808615635096 0.04054780861563483; 0.015861156849221344 0.015861156849220626 0.015861156849221424; 0.003110242524182766 0.003110242524183321 0.0031102425241829514]
b: [0.15001024919595798, 0.15001024919595796, 0.15001024919595798]
c: [0.0 0.0 0.0 0.2490162617937448 0.2490162617937447 0.24901626179374514 0.25295121461876535; 0.0 0.0 0.0 0.24850480679437065 0.2485048067943702 0.24850480679437098 0.2544855796168881; 0.0 0.0 0.0 0.2501705439223176 0.25017054392231797 0.25017054392231847 0.24948836823304593; 0.0 0.0 0.0 0.0 0.0 0.0 0.0; 0.0 0.0 0.0 0.0 0.0 0.0 0.0; 0.0 0.0 0.0 0.25230838748956685 0.25230838748956713 0.2523083874895654 0.2430748375313005]
d: [0.15001024919595798, 0.15001024919595796, 0.15001024919595798]
comparison (CRT and Glb)on prediction: Dict{Bool, Int64}(0 => 55, 1 => 0)
Dataname	 time	 objv	 lb	 gap	 train_w	 train_g	 test_w	 test_g
/work_bgfs/n/navarrodelacruz/odt/optimal_decision_tree/augmented_datasets/glass/glass_446.glass	 29.31	 10.810172770256074	 N/A	 N/A	 68.387	 0.0	 58.182	 0.0
