Running 6 processes.
Start training /work_bgfs/n/navarrodelacruz/odt/optimal_decision_tree/augmented_datasets/glass/glass_662.glass with seed 1.
Any[]
(9, 210)
(9, 103)
(9, 51)
(9, 56)
dimension: 9, class: 6
cart cost: 142.04189189189188
size of X: (9, 154)
Using method: Global linear DT optimization
Version identifier: 20.1.0.0 | 2020-11-10 | 9bedb6d68
CPXPARAM_Threads                                 1
CPXPARAM_TimeLimit                               1728000
Tried aggregator 1 time.
No LP presolve or aggregator reductions.
Presolve time = 0.01 sec. (4.37 ticks)
Initializing dual steep norms . . .

Iteration log . . .
Iteration:     1   Dual objective     =             0.000000
Perturbation started.
Iteration:    51   Dual objective     =             0.000000
Iteration:   244   Dual objective     =             0.000043
Iteration:   357   Dual objective     =             0.012439
Iteration:   475   Dual objective     =             0.023340
Iteration:   602   Dual objective     =             0.026582
Iteration:   722   Dual objective     =             0.030591
Iteration:   849   Dual objective     =             0.051005
Iteration:   983   Dual objective     =             0.762856
Iteration:  1118   Dual objective     =             0.978374
Iteration:  1251   Dual objective     =             2.846920
Iteration:  1374   Dual objective     =             2.871720
Iteration:  1522   Dual objective     =             3.625078
Iteration:  1662   Dual objective     =             4.288291
Iteration:  1774   Dual objective     =             5.715433
Iteration:  1905   Dual objective     =             7.094589
Iteration:  2033   Dual objective     =             8.535634
Iteration:  2158   Dual objective     =             9.280207
Iteration:  2334   Dual objective     =            10.653444
Iteration:  2494   Dual objective     =            10.663722
Iteration:  2619   Dual objective     =            10.664364
Removing perturbation.
Iteration:  2723   Scaled dual infeas =             0.000012
Iteration:  2727   Dual objective     =            10.664365
9×3 Matrix{Float64}:
 0.0  0.0  0.0
 0.0  0.0  0.0
 1.0  0.0  0.0
 0.0  0.0  0.0
 0.0  0.0  0.0
 0.0  0.0  0.0
 0.0  0.0  1.0
 0.0  1.0  0.0
 0.0  0.0  0.0
3-element Vector{Float64}:
 0.7446520662194156
 0.15167388023375444
 0.2657098935191897
6×7 Matrix{Float64}:
 0.0  0.0  0.0  0.0  0.0  0.0  1.0
 0.0  0.0  0.0  1.0  0.0  1.0  0.0
 0.0  0.0  0.0  0.0  0.0  0.0  0.0
 0.0  0.0  0.0  0.0  0.0  0.0  0.0
 0.0  0.0  0.0  0.0  0.0  0.0  0.0
 0.0  0.0  0.0  0.0  1.0  0.0  0.0
3-element Vector{Float64}:
 1.0
 1.0
 1.0
9×3 Matrix{Float64}:
 0.0          0.0          0.0
 0.00793119   0.00793119   0.00793119
 0.017133     0.017133     0.017133
 0.0          0.0          0.0
 0.0217826    0.0217826    0.0217826
 0.0368122    0.0368122    0.0368122
 0.0477108    0.0477108    0.0477108
 0.0177059    0.0177059    0.0177059
 0.000774823  0.000774823  0.000774823
3-element Vector{Float64}:
 0.14985042261568873
 0.14985042261568876
 0.1498504226156888
6×7 Matrix{Float64}:
 0.0  0.0  0.0  0.251023  0.251023  0.251023  0.24693
 0.0  0.0  0.0  0.242788  0.242788  0.242788  0.271637
 0.0  0.0  0.0  0.252723  0.252723  0.252723  0.241831
 0.0  0.0  0.0  0.0       0.0       0.0       0.0
 0.0  0.0  0.0  0.0       0.0       0.0       0.0
 0.0  0.0  0.0  0.253466  0.253466  0.253466  0.239602
3-element Vector{Float64}:
 0.14985042261568873
 0.14985042261568876
 0.1498504226156888
a: [0.0 0.0 0.0; 0.007931185526249456 0.007931185526249385 0.007931185526250965; 0.017132976322898757 0.017132976322899007 0.017132976322897286; 0.0 0.0 0.0; 0.021782634885853115 0.021782634885853185 0.02178263488585186; 0.036812192417989074 0.03681219241798909 0.036812192417988374; 0.047710750101780115 0.04771075010178032 0.047710750101781954; 0.017705860004922795 0.017705860004922882 0.01770586000492224; 0.0007748233559951466 0.0007748233559949427 0.0007748233559960972]
b: [0.14985042261568873, 0.14985042261568876, 0.1498504226156888]
c: [0.0 0.0 0.0 0.2510234727624287 0.2510234727624288 0.25102347276242926 0.24692958171271318; 0.0 0.0 0.0 0.24278774943368875 0.24278774943368864 0.24278774943368756 0.2716367516989351; 0.0 0.0 0.0 0.2527228592634197 0.2527228592634197 0.2527228592634199 0.24183142220974074; 0.0 0.0 0.0 0.0 0.0 0.0 0.0; 0.0 0.0 0.0 0.0 0.0 0.0 0.0; 0.0 0.0 0.0 0.2534659185404628 0.2534659185404629 0.25346591854046335 0.239602244378611]
d: [0.14985042261568873, 0.14985042261568876, 0.1498504226156888]
comparison (CRT and Glb)on prediction: Dict{Bool, Int64}(0 => 56, 1 => 0)
Dataname	 time	 objv	 lb	 gap	 train_w	 train_g	 test_w	 test_g
/work_bgfs/n/navarrodelacruz/odt/optimal_decision_tree/augmented_datasets/glass/glass_662.glass	 28.14	 10.664369455284234	 N/A	 N/A	 67.532	 0.0	 55.357	 0.0
