Running 6 processes.
Start training /work_bgfs/n/navarrodelacruz/odt/optimal_decision_tree/augmented_datasets/glass/glass_358.glass with seed 1.
Any[]
(9, 210)
(9, 103)
(9, 51)
(9, 56)
dimension: 9, class: 6
cart cost: 147.71756756756756
size of X: (9, 154)
Using method: Global linear DT optimization
Version identifier: 20.1.0.0 | 2020-11-10 | 9bedb6d68
CPXPARAM_Threads                                 1
CPXPARAM_TimeLimit                               1728000
Tried aggregator 1 time.
No LP presolve or aggregator reductions.
Presolve time = 0.01 sec. (4.39 ticks)
Initializing dual steep norms . . .

Iteration log . . .
Iteration:     1   Dual objective     =             0.000000
Perturbation started.
Iteration:    51   Dual objective     =             0.000000
Iteration:   181   Dual objective     =             0.000021
Iteration:   331   Dual objective     =             0.000124
Iteration:   476   Dual objective     =             0.019498
Iteration:   606   Dual objective     =             0.025888
Iteration:   736   Dual objective     =             0.033778
Iteration:   861   Dual objective     =             1.447061
Iteration:   974   Dual objective     =             1.495827
Iteration:  1123   Dual objective     =             2.837854
Iteration:  1241   Dual objective     =             2.885858
Iteration:  1362   Dual objective     =             4.259707
Iteration:  1487   Dual objective     =             4.987989
Iteration:  1620   Dual objective     =             7.132728
Iteration:  1759   Dual objective     =             8.589383
Iteration:  1895   Dual objective     =            10.642279
Iteration:  2051   Dual objective     =            10.663535
Iteration:  2206   Dual objective     =            10.664439
Removing perturbation.
Iteration:  2323   Scaled dual infeas =             0.000000
Iteration:  2324   Dual objective     =            10.664435
9×3 Matrix{Float64}:
 0.0  0.0  0.0
 0.0  0.0  0.0
 1.0  0.0  0.0
 0.0  0.0  1.0
 0.0  0.0  0.0
 0.0  0.0  0.0
 0.0  0.0  0.0
 0.0  1.0  0.0
 0.0  0.0  0.0
3-element Vector{Float64}:
 0.5492120795880799
 0.16562904247589455
 0.343465621082029
6×7 Matrix{Float64}:
 0.0  0.0  0.0  0.0  0.0  1.0  0.0
 0.0  0.0  0.0  1.0  0.0  0.0  1.0
 0.0  0.0  0.0  0.0  0.0  0.0  0.0
 0.0  0.0  0.0  0.0  0.0  0.0  0.0
 0.0  0.0  0.0  0.0  0.0  0.0  0.0
 0.0  0.0  0.0  0.0  1.0  0.0  0.0
3-element Vector{Float64}:
 1.0
 1.0
 1.0
9×3 Matrix{Float64}:
 0.0          0.0          0.0
 0.013423     0.013423     0.013423
 0.0204199    0.0204199    0.0204199
 0.0          0.0          0.0
 0.0220379    0.0220379    0.0220379
 0.0355876    0.0355876    0.0355876
 0.0408848    0.0408848    0.0408848
 0.0172007    0.0172007    0.0172007
 0.000734566  0.000734566  0.000734566
3-element Vector{Float64}:
 0.15028839331788932
 0.15028839331788932
 0.15028839331788932
6×7 Matrix{Float64}:
 0.0  0.0  0.0  0.249449  0.249449  0.249449  0.251653
 0.0  0.0  0.0  0.248605  0.248605  0.248605  0.254185
 0.0  0.0  0.0  0.250077  0.250077  0.250077  0.24977
 0.0  0.0  0.0  0.0       0.0       0.0       0.0
 0.0  0.0  0.0  0.0       0.0       0.0       0.0
 0.0  0.0  0.0  0.251869  0.251869  0.251869  0.244392
3-element Vector{Float64}:
 0.15028839331788932
 0.15028839331788932
 0.15028839331788932
a: [0.0 0.0 0.0; 0.013422951811797174 0.013422951811797774 0.013422951811795085; 0.02041989360143985 0.020419893601439865 0.020419893601438966; 0.0 0.0 0.0; 0.022037870347675792 0.02203787034767553 0.02203787034767549; 0.035587599328626054 0.03558759932862587 0.03558759932862647; 0.04088477864098407 0.04088477864098412 0.04088477864098758; 0.017200733390617586 0.017200733390617527 0.01720073339061815; 0.0007345661967486233 0.0007345661967486476 0.0007345661967475031]
b: [0.15028839331788932, 0.15028839331788932, 0.15028839331788932]
c: [0.0 0.0 0.0 0.24944905426232927 0.2494490542623293 0.24944905426232988 0.251652837213012; 0.0 0.0 0.0 0.2486049283931553 0.24860492839315496 0.2486049283931533 0.25418521482053635; 0.0 0.0 0.0 0.2500766694398516 0.25007666943985163 0.25007666943985224 0.24976999168044428; 0.0 0.0 0.0 0.0 0.0 0.0 0.0; 0.0 0.0 0.0 0.0 0.0 0.0 0.0; 0.0 0.0 0.0 0.2518693479046639 0.2518693479046641 0.25186934790466464 0.24439195628600735]
d: [0.15028839331788932, 0.15028839331788932, 0.15028839331788932]
comparison (CRT and Glb)on prediction: Dict{Bool, Int64}(0 => 56, 1 => 0)
Dataname	 time	 objv	 lb	 gap	 train_w	 train_g	 test_w	 test_g
/work_bgfs/n/navarrodelacruz/odt/optimal_decision_tree/augmented_datasets/glass/glass_358.glass	 31.94	 10.664435150889567	 N/A	 N/A	 66.234	 0.0	 58.929	 0.0
