Running 6 processes.
Start training /work_bgfs/n/navarrodelacruz/odt/optimal_decision_tree/augmented_datasets/glass/glass_150.glass with seed 1.
Any[]
(9, 210)
(9, 103)
(9, 51)
(9, 56)
dimension: 9, class: 6
cart cost: 144.87972972972975
size of X: (9, 154)
Using method: Global linear DT optimization
Version identifier: 20.1.0.0 | 2020-11-10 | 9bedb6d68
CPXPARAM_Threads                                 1
CPXPARAM_TimeLimit                               1728000
Tried aggregator 1 time.
No LP presolve or aggregator reductions.
Presolve time = 0.01 sec. (4.35 ticks)
Initializing dual steep norms . . .

Iteration log . . .
Iteration:     1   Dual objective     =             0.000000
Perturbation started.
Iteration:    51   Dual objective     =             0.000000
Iteration:   184   Dual objective     =             0.000018
Iteration:   356   Dual objective     =             0.000059
Iteration:   504   Dual objective     =             0.013077
Iteration:   647   Dual objective     =             0.019298
Iteration:   759   Dual objective     =             0.024545
Iteration:   883   Dual objective     =             0.050607
Iteration:  1011   Dual objective     =             1.419697
Iteration:  1148   Dual objective     =             2.187754
Iteration:  1263   Dual objective     =             2.187820
Iteration:  1391   Dual objective     =             5.675708
Iteration:  1504   Dual objective     =             5.726429
Iteration:  1632   Dual objective     =             5.752627
Iteration:  1772   Dual objective     =             7.098535
Iteration:  1899   Dual objective     =             8.522114
Iteration:  2009   Dual objective     =             8.546118
Iteration:  2152   Dual objective     =             9.239875
Iteration:  2292   Dual objective     =            10.661649
Iteration:  2439   Dual objective     =            10.664333
Iteration:  2588   Dual objective     =            10.664441
Removing perturbation.
9×3 Matrix{Float64}:
 0.0  0.0  0.0
 0.0  0.0  0.0
 1.0  0.0  0.0
 0.0  0.0  1.0
 0.0  0.0  0.0
 0.0  0.0  0.0
 0.0  0.0  0.0
 0.0  1.0  0.0
 0.0  0.0  0.0
3-element Vector{Float64}:
 0.5953713565882384
 0.15639763233816417
 0.3409180336275782
6×7 Matrix{Float64}:
 0.0  0.0  0.0  0.0  0.0  1.0  0.0
 0.0  0.0  0.0  1.0  0.0  0.0  1.0
 0.0  0.0  0.0  0.0  0.0  0.0  0.0
 0.0  0.0  0.0  0.0  0.0  0.0  0.0
 0.0  0.0  0.0  0.0  0.0  0.0  0.0
 0.0  0.0  0.0  0.0  1.0  0.0  0.0
3-element Vector{Float64}:
 1.0
 1.0
 1.0
9×3 Matrix{Float64}:
 0.0         0.0         0.0
 0.0         0.0         0.0
 0.0116728   0.0116728   0.0116728
 0.0         0.0         0.0
 0.0147193   0.0147193   0.0147193
 0.0389712   0.0389712   0.0389712
 0.0392934   0.0392934   0.0392934
 0.0431878   0.0431878   0.0431878
 0.00219169  0.00219169  0.00219169
3-element Vector{Float64}:
 0.1500360954970548
 0.15003609549705477
 0.1500360954970548
6×7 Matrix{Float64}:
 0.0  0.0  0.0  0.26024   0.26024   0.26024   0.21928
 0.0  0.0  0.0  0.222607  0.222607  0.222607  0.33218
 0.0  0.0  0.0  0.263536  0.263536  0.263536  0.209393
 0.0  0.0  0.0  0.0       0.0       0.0       0.0
 0.0  0.0  0.0  0.0       0.0       0.0       0.0
 0.0  0.0  0.0  0.253618  0.253618  0.253618  0.239146
3-element Vector{Float64}:
 0.1500360954970548
 0.15003609549705477
 0.1500360954970548
a: [0.0 0.0 0.0; 0.0 0.0 0.0; 0.01167275732000607 0.011672757320005686 0.011672757320007172; 0.0 0.0 0.0; 0.014719294448268583 0.014719294448268541 0.01471929444826553; 0.03897119221823162 0.038971192218231504 0.038971192218231795; 0.039293366901418866 0.039293366901418623 0.03929336690142128; 0.04318779924341868 0.043187799243418666 0.043187799243416605; 0.0021916853657109898 0.0021916853657116602 0.0021916853657118034]
b: [0.1500360954970548, 0.15003609549705477, 0.1500360954970548]
c: [0.0 0.0 0.0 0.26024000017938287 0.260240000179383 0.2602400001793827 0.21927999946185178; 0.0 0.0 0.0 0.22260650612590305 0.22260650612590324 0.2226065061259031 0.3321804816222906; 0.0 0.0 0.0 0.2635356057880587 0.2635356057880587 0.2635356057880583 0.20939318263582424; 0.0 0.0 0.0 0.0 0.0 0.0 0.0; 0.0 0.0 0.0 0.0 0.0 0.0 0.0; 0.0 0.0 0.0 0.2536178879066554 0.253617887906655 0.25361788790665596 0.23914633628003346]
d: [0.1500360954970548, 0.15003609549705477, 0.1500360954970548]
comparison (CRT and Glb)on prediction: Dict{Bool, Int64}(0 => 56, 1 => 0)
Dataname	 time	 objv	 lb	 gap	 train_w	 train_g	 test_w	 test_g
/work_bgfs/n/navarrodelacruz/odt/optimal_decision_tree/augmented_datasets/glass/glass_150.glass	 27.82	 10.664397306216438	 N/A	 N/A	 66.883	 0.0	 53.571	 0.0
