Running 6 processes.
Start training /work_bgfs/n/navarrodelacruz/odt/optimal_decision_tree/augmented_datasets/glass/glass_936.glass with seed 1.
Any[]
(9, 210)
(9, 104)
(9, 52)
(9, 54)
dimension: 9, class: 6
cart cost: 137.35
size of X: (9, 156)
Using method: Global linear DT optimization
Version identifier: 20.1.0.0 | 2020-11-10 | 9bedb6d68
CPXPARAM_Threads                                 1
CPXPARAM_TimeLimit                               1728000
Tried aggregator 1 time.
No LP presolve or aggregator reductions.
Presolve time = 0.01 sec. (4.29 ticks)
Initializing dual steep norms . . .

Iteration log . . .
Iteration:     1   Dual objective     =             0.000000
Perturbation started.
Iteration:    51   Dual objective     =             0.000000
Iteration:   187   Dual objective     =             0.000024
Iteration:   342   Dual objective     =             0.008920
Iteration:   490   Dual objective     =             0.032189
Iteration:   620   Dual objective     =             0.751435
Iteration:   745   Dual objective     =             1.436193
Iteration:   849   Dual objective     =             1.451288
Iteration:   976   Dual objective     =             4.210907
Iteration:  1103   Dual objective     =             4.956537
Iteration:  1231   Dual objective     =             7.014092
Iteration:  1367   Dual objective     =             8.413420
Iteration:  1489   Dual objective     =             9.824128
Iteration:  1625   Dual objective     =            10.522487
Removing perturbation.
9×3 Matrix{Float64}:
 0.0  0.0  0.0
 0.0  0.0  0.0
 1.0  0.0  0.0
 0.0  0.0  1.0
 0.0  0.0  0.0
 0.0  0.0  0.0
 0.0  0.0  0.0
 0.0  1.0  0.0
 0.0  0.0  0.0
3-element Vector{Float64}:
 0.6127407505612543
 0.15088764360726595
 0.3136793648761969
6×7 Matrix{Float64}:
 0.0  0.0  0.0  0.0  0.0  1.0  0.0
 0.0  0.0  0.0  1.0  0.0  0.0  1.0
 0.0  0.0  0.0  0.0  0.0  0.0  0.0
 0.0  0.0  0.0  0.0  0.0  0.0  0.0
 0.0  0.0  0.0  0.0  0.0  0.0  0.0
 0.0  0.0  0.0  0.0  1.0  0.0  0.0
3-element Vector{Float64}:
 1.0
 1.0
 1.0
9×3 Matrix{Float64}:
 0.0         0.0         0.0
 0.0155875   0.0155875   0.0155875
 0.0156269   0.0156269   0.0156269
 0.0         0.0         0.0
 0.0214123   0.0214123   0.0214123
 0.0333017   0.0333017   0.0333017
 0.0435101   0.0435101   0.0435101
 0.0156444   0.0156444   0.0156444
 0.00503313  0.00503313  0.00503313
3-element Vector{Float64}:
 0.15011602288249748
 0.15011602288249748
 0.15011602288249748
6×7 Matrix{Float64}:
 0.0  0.0  0.0  0.250182  0.250182  0.250182  0.249453
 0.0  0.0  0.0  0.245323  0.245323  0.245323  0.264032
 0.0  0.0  0.0  0.251512  0.251512  0.251512  0.245463
 0.0  0.0  0.0  0.0       0.0       0.0       0.0
 0.0  0.0  0.0  0.0       0.0       0.0       0.0
 0.0  0.0  0.0  0.252983  0.252983  0.252983  0.241051
3-element Vector{Float64}:
 0.15011602288249748
 0.15011602288249748
 0.15011602288249748
a: [0.0 0.0 0.0; 0.015587471578220033 0.015587471578220024 0.01558747157822047; 0.01562691794872717 0.01562691794872717 0.01562691794872687; 0.0 0.0 0.0; 0.02141226665961829 0.02141226665961823 0.02141226665961803; 0.03330171195790767 0.033301711957907626 0.033301711957907446; 0.04351008306163232 0.04351008306163258 0.04351008306163229; 0.015644440880703755 0.015644440880703787 0.015644440880703395; 0.005033130795688257 0.005033130795688082 0.005033130795688702]
b: [0.15011602288249748, 0.15011602288249748, 0.15011602288249748]
c: [0.0 0.0 0.0 0.2501821986247869 0.2501821986247873 0.250182198624787 0.24945340412563877; 0.0 0.0 0.0 0.24532256652567336 0.24532256652567344 0.24532256652567352 0.26403230042297954; 0.0 0.0 0.0 0.2515122563269666 0.2515122563269666 0.2515122563269666 0.24546323101910017; 0.0 0.0 0.0 0.0 0.0 0.0 0.0; 0.0 0.0 0.0 0.0 0.0 0.0 0.0; 0.0 0.0 0.0 0.25298297852257307 0.2529829785225727 0.25298297852257284 0.24105106443228147]
d: [0.15011602288249748, 0.15011602288249748, 0.15011602288249748]
comparison (CRT and Glb)on prediction: Dict{Bool, Int64}(0 => 54, 1 => 0)
Dataname	 time	 objv	 lb	 gap	 train_w	 train_g	 test_w	 test_g
/work_bgfs/n/navarrodelacruz/odt/optimal_decision_tree/augmented_datasets/glass/glass_936.glass	 29.69	 10.522517403432404	 N/A	 N/A	 68.59	 0.0	 51.852	 0.0
