Running 6 processes.
Start training /work_bgfs/n/navarrodelacruz/odt/optimal_decision_tree/augmented_datasets/glass/glass_965.glass with seed 1.
Any[]
(9, 210)
(9, 103)
(9, 51)
(9, 56)
dimension: 9, class: 6
cart cost: 139.20405405405407
size of X: (9, 154)
Using method: Global linear DT optimization
Version identifier: 20.1.0.0 | 2020-11-10 | 9bedb6d68
CPXPARAM_Threads                                 1
CPXPARAM_TimeLimit                               1728000
Tried aggregator 1 time.
No LP presolve or aggregator reductions.
Presolve time = 0.01 sec. (4.43 ticks)
Initializing dual steep norms . . .

Iteration log . . .
Iteration:     1   Dual objective     =             0.000000
Perturbation started.
Iteration:    51   Dual objective     =             0.000000
Iteration:   226   Dual objective     =             0.000035
Iteration:   364   Dual objective     =             0.014759
Iteration:   530   Dual objective     =             0.026578
Iteration:   673   Dual objective     =             0.031283
Iteration:   787   Dual objective     =             0.051511
Iteration:   925   Dual objective     =             1.421644
Iteration:  1047   Dual objective     =             2.846931
Iteration:  1177   Dual objective     =             4.296735
Iteration:  1305   Dual objective     =             7.114594
Iteration:  1427   Dual objective     =             9.953741
Iteration:  1566   Dual objective     =            10.664398
Removing perturbation.
9×3 Matrix{Float64}:
 0.0  0.0  0.0
 0.0  0.0  0.0
 1.0  0.0  0.0
 0.0  0.0  1.0
 0.0  0.0  0.0
 0.0  0.0  0.0
 0.0  0.0  0.0
 0.0  1.0  0.0
 0.0  0.0  0.0
3-element Vector{Float64}:
 0.5652688455892835
 0.14081357428184804
 0.4342199472861261
6×7 Matrix{Float64}:
 0.0  0.0  0.0  0.0  0.0  1.0  0.0
 0.0  0.0  0.0  1.0  0.0  0.0  1.0
 0.0  0.0  0.0  0.0  0.0  0.0  0.0
 0.0  0.0  0.0  0.0  0.0  0.0  0.0
 0.0  0.0  0.0  0.0  0.0  0.0  0.0
 0.0  0.0  0.0  0.0  1.0  0.0  0.0
3-element Vector{Float64}:
 1.0
 1.0
 1.0
9×3 Matrix{Float64}:
 0.0         0.0         0.0
 0.0208907   0.0208907   0.0208907
 0.0150555   0.0150555   0.0150555
 0.0         0.0         0.0
 0.0210488   0.0210488   0.0210488
 0.0325558   0.0325558   0.0325558
 0.0406939   0.0406939   0.0406939
 0.0152719   0.0152719   0.0152719
 0.00435507  0.00435507  0.00435507
3-element Vector{Float64}:
 0.14987166868142954
 0.14987166868142934
 0.14987166868142943
6×7 Matrix{Float64}:
 0.0  0.0  0.0  0.250477  0.250477  0.250477  0.248569
 0.0  0.0  0.0  0.24794   0.24794   0.24794   0.256181
 0.0  0.0  0.0  0.250713  0.250713  0.250713  0.247862
 0.0  0.0  0.0  0.0       0.0       0.0       0.0
 0.0  0.0  0.0  0.0       0.0       0.0       0.0
 0.0  0.0  0.0  0.250871  0.250871  0.250871  0.247388
3-element Vector{Float64}:
 0.14987166868142954
 0.14987166868142934
 0.14987166868142943
a: [0.0 0.0 0.0; 0.0208907228822251 0.020890722882221595 0.02089072288222163; 0.015055543931508904 0.015055543931509915 0.015055543931508333; 0.0 0.0 0.0; 0.02104880234337413 0.021048802343373127 0.02104880234337302; 0.03255575564195905 0.03255575564195975 0.032555755641959665; 0.04069392202385804 0.04069392202385859 0.04069392202386145; 0.01527185050084282 0.01527185050084481 0.015271850500843752; 0.004355071357661562 0.004355071357661652 0.004355071357661618]
b: [0.14987166868142954, 0.14987166868142934, 0.14987166868142943]
c: [0.0 0.0 0.0 0.25047697342166975 0.2504769734216696 0.2504769734216703 0.24856907973499032; 0.0 0.0 0.0 0.24793974246149808 0.24793974246149802 0.2479397424614953 0.25618077261550865; 0.0 0.0 0.0 0.2507125436664439 0.25071254366644413 0.2507125436664446 0.24786236900066738; 0.0 0.0 0.0 0.0 0.0 0.0 0.0; 0.0 0.0 0.0 0.0 0.0 0.0 0.0; 0.0 0.0 0.0 0.25087074045038826 0.25087074045038826 0.2508707404503898 0.24738777864883366]
d: [0.14987166868142954, 0.14987166868142934, 0.14987166868142943]
comparison (CRT and Glb)on prediction: Dict{Bool, Int64}(0 => 56, 1 => 0)
Dataname	 time	 objv	 lb	 gap	 train_w	 train_g	 test_w	 test_g
/work_bgfs/n/navarrodelacruz/odt/optimal_decision_tree/augmented_datasets/glass/glass_965.glass	 35.42	 10.664372642194088	 N/A	 N/A	 68.182	 0.0	 53.571	 0.0
