Running 6 processes.
Start training /work_bgfs/n/navarrodelacruz/odt/optimal_decision_tree/augmented_datasets/glass/glass_400.glass with seed 1.
Any[]
(9, 210)
(9, 103)
(9, 52)
(9, 55)
dimension: 9, class: 6
cart cost: 151.81666666666666
size of X: (9, 155)
Using method: Global linear DT optimization
Version identifier: 20.1.0.0 | 2020-11-10 | 9bedb6d68
CPXPARAM_Threads                                 1
CPXPARAM_TimeLimit                               1728000
Tried aggregator 1 time.
No LP presolve or aggregator reductions.
Presolve time = 0.01 sec. (4.39 ticks)
Initializing dual steep norms . . .

Iteration log . . .
Iteration:     1   Dual objective     =             0.000000
Perturbation started.
Iteration:    51   Dual objective     =             0.000000
Iteration:   165   Dual objective     =             0.000022
Iteration:   295   Dual objective     =             0.014128
Iteration:   448   Dual objective     =             0.020972
Iteration:   555   Dual objective     =             0.027531
Iteration:   696   Dual objective     =             0.763945
Iteration:   818   Dual objective     =             0.805603
Iteration:   937   Dual objective     =             2.203738
Iteration:  1044   Dual objective     =             2.230717
Iteration:  1156   Dual objective     =             5.874680
Iteration:  1288   Dual objective     =             6.599900
Iteration:  1416   Dual objective     =             8.762103
Iteration:  1547   Dual objective     =            10.219970
Iteration:  1701   Dual objective     =            10.229510
Iteration:  1844   Dual objective     =            10.958754
Iteration:  1986   Dual objective     =            10.959982
Removing perturbation.
Iteration:  2103   Scaled dual infeas =             0.000015
Iteration:  2105   Dual objective     =            10.959992
9×3 Matrix{Float64}:
 0.0  0.0  0.0
 0.0  0.0  0.0
 1.0  0.0  0.0
 0.0  0.0  1.0
 0.0  0.0  0.0
 0.0  0.0  0.0
 0.0  0.0  0.0
 0.0  1.0  0.0
 0.0  0.0  0.0
3-element Vector{Float64}:
 0.6299531043090802
 0.12950706254042849
 0.36256165968190834
6×7 Matrix{Float64}:
 0.0  0.0  0.0  0.0  0.0  1.0  0.0
 0.0  0.0  0.0  1.0  0.0  0.0  1.0
 0.0  0.0  0.0  0.0  0.0  0.0  0.0
 0.0  0.0  0.0  0.0  0.0  0.0  0.0
 0.0  0.0  0.0  0.0  0.0  0.0  0.0
 0.0  0.0  0.0  0.0  1.0  0.0  0.0
3-element Vector{Float64}:
 1.0
 1.0
 1.0
9×3 Matrix{Float64}:
 0.0         0.0         0.0
 0.0154463   0.0154463   0.0154463
 0.0152232   0.0152232   0.0152232
 0.0         0.0         0.0
 0.0205681   0.0205681   0.0205681
 0.0342666   0.0342666   0.0342666
 0.0441093   0.0441093   0.0441093
 0.0148264   0.0148264   0.0148264
 0.00550405  0.00550405  0.00550405
3-element Vector{Float64}:
 0.1499439789496792
 0.14994397894967929
 0.1499439789496792
6×7 Matrix{Float64}:
 0.0  0.0  0.0  0.249203  0.249203  0.249203  0.252392
 0.0  0.0  0.0  0.245628  0.245628  0.245628  0.263117
 0.0  0.0  0.0  0.251533  0.251533  0.251533  0.245401
 0.0  0.0  0.0  0.0       0.0       0.0       0.0
 0.0  0.0  0.0  0.0       0.0       0.0       0.0
 0.0  0.0  0.0  0.253636  0.253636  0.253636  0.239091
3-element Vector{Float64}:
 0.1499439789496792
 0.14994397894967929
 0.1499439789496792
a: [0.0 0.0 0.0; 0.015446310540922785 0.015446310540923311 0.01544631054092183; 0.015223235609376592 0.01522323560937601 0.01522323560937583; 0.0 0.0 0.0; 0.020568134013419892 0.02056813401341968 0.02056813401341969; 0.03426655176561186 0.034266551765611664 0.034266551765611976; 0.04410925100600778 0.04410925100600835 0.04410925100600971; 0.01482644483578915 0.014826444835788877 0.01482644483578891; 0.005504051178550986 0.00550405117855134 0.00550405117855126]
b: [0.1499439789496792, 0.14994397894967929, 0.1499439789496792]
c: [0.0 0.0 0.0 0.24920268242561072 0.24920268242561072 0.249202682425611 0.252391952723168; 0.0 0.0 0.0 0.24562773067865412 0.24562773067865418 0.24562773067865296 0.26311680796403863; 0.0 0.0 0.0 0.25153313884199313 0.25153313884199313 0.2515331388419935 0.2454005834740201; 0.0 0.0 0.0 0.0 0.0 0.0 0.0; 0.0 0.0 0.0 0.0 0.0 0.0 0.0; 0.0 0.0 0.0 0.25363644805374214 0.25363644805374197 0.2536364480537426 0.2390906558387732]
d: [0.1499439789496792, 0.14994397894967929, 0.1499439789496792]
comparison (CRT and Glb)on prediction: Dict{Bool, Int64}(0 => 55, 1 => 0)
Dataname	 time	 objv	 lb	 gap	 train_w	 train_g	 test_w	 test_g
/work_bgfs/n/navarrodelacruz/odt/optimal_decision_tree/augmented_datasets/glass/glass_400.glass	 31.44	 10.95999159684242	 N/A	 N/A	 66.452	 0.0	 60.0	 0.0
