Running 6 processes.
Start training /work_bgfs/n/navarrodelacruz/odt/optimal_decision_tree/augmented_datasets/glass/glass_791.glass with seed 1.
Any[]
(9, 210)
(9, 104)
(9, 52)
(9, 54)
dimension: 9, class: 6
cart cost: 138.3078947368421
size of X: (9, 156)
Using method: Global linear DT optimization
Version identifier: 20.1.0.0 | 2020-11-10 | 9bedb6d68
CPXPARAM_Threads                                 1
CPXPARAM_TimeLimit                               1728000
Tried aggregator 1 time.
No LP presolve or aggregator reductions.
Presolve time = 0.01 sec. (4.47 ticks)
Initializing dual steep norms . . .

Iteration log . . .
Iteration:     1   Dual objective     =             0.000000
Perturbation started.
Iteration:    51   Dual objective     =             0.000000
Iteration:   243   Dual objective     =             0.000040
Iteration:   373   Dual objective     =             0.007784
Iteration:   519   Dual objective     =             0.017742
Iteration:   632   Dual objective     =             0.019724
Iteration:   762   Dual objective     =             0.025882
Iteration:   907   Dual objective     =             0.718377
Iteration:  1037   Dual objective     =             2.821315
Iteration:  1152   Dual objective     =             4.202285
Iteration:  1308   Dual objective     =             6.907963
Iteration:  1419   Dual objective     =             6.966616
Iteration:  1536   Dual objective     =             8.293801
Iteration:  1684   Dual objective     =            10.367674
Iteration:  1829   Dual objective     =            10.383937
Removing perturbation.
9×3 Matrix{Float64}:
 0.0  0.0  0.0
 0.0  0.0  0.0
 1.0  0.0  0.0
 0.0  0.0  1.0
 0.0  0.0  0.0
 0.0  0.0  0.0
 0.0  0.0  0.0
 0.0  1.0  0.0
 0.0  0.0  0.0
3-element Vector{Float64}:
 0.6144561499242791
 0.1466205132001681
 0.37170707350256826
6×7 Matrix{Float64}:
 0.0  0.0  0.0  0.0  0.0  1.0  0.0
 0.0  0.0  0.0  1.0  0.0  0.0  1.0
 0.0  0.0  0.0  0.0  0.0  0.0  0.0
 0.0  0.0  0.0  0.0  0.0  0.0  0.0
 0.0  0.0  0.0  0.0  0.0  0.0  0.0
 0.0  0.0  0.0  0.0  1.0  0.0  0.0
3-element Vector{Float64}:
 1.0
 1.0
 1.0
9×3 Matrix{Float64}:
 0.0          0.0          0.0
 0.0          0.0          0.0
 0.0          0.0          0.0
 0.0          0.0          0.0
 0.010328     0.010328     0.010328
 0.0348895    0.0348895    0.0348895
 0.0530881    0.0530881    0.0530881
 0.0485694    0.0485694    0.0485694
 0.000573337  0.000573337  0.000573337
3-element Vector{Float64}:
 0.14744835362785952
 0.14744835362785955
 0.14744835362785952
6×7 Matrix{Float64}:
 0.0  0.0  0.0  0.262964  0.262964  0.262964  0.211109
 0.0  0.0  0.0  0.237437  0.237437  0.237437  0.28769
 0.0  0.0  0.0  0.266676  0.266676  0.266676  0.199971
 0.0  0.0  0.0  0.0       0.0       0.0       0.0
 0.0  0.0  0.0  0.0       0.0       0.0       0.0
 0.0  0.0  0.0  0.232923  0.232923  0.232923  0.30123
3-element Vector{Float64}:
 0.14744835362785952
 0.14744835362785955
 0.14744835362785952
a: [0.0 0.0 0.0; 0.0 0.0 0.0; 0.0 0.0 0.0; 0.0 0.0 0.0; 0.010327976517717594 0.010327976517718683 0.010327976517718704; 0.03488950031137264 0.03488950031137234 0.034889500311372286; 0.05308810540006936 0.0530881054000689 0.05308810540006916; 0.04856943489040402 0.048569434890403794 0.048569434890403614; 0.0005733365082959043 0.0005733365082957534 0.000573336508295756]
b: [0.14744835362785952, 0.14744835362785955, 0.14744835362785952]
c: [0.0 0.0 0.0 0.2629636591875123 0.2629636591875123 0.26296365918751224 0.21110902243746313; 0.0 0.0 0.0 0.23743670625863664 0.23743670625863667 0.23743670625863628 0.2876898812240904; 0.0 0.0 0.0 0.2666763467810477 0.2666763467810479 0.2666763467810475 0.19997095965685693; 0.0 0.0 0.0 0.0 0.0 0.0 0.0; 0.0 0.0 0.0 0.0 0.0 0.0 0.0; 0.0 0.0 0.0 0.23292328777280333 0.23292328777280313 0.23292328777280402 0.3012301366815895]
d: [0.14744835362785952, 0.14744835362785955, 0.14744835362785952]
comparison (CRT and Glb)on prediction: Dict{Bool, Int64}(0 => 54, 1 => 0)
Dataname	 time	 objv	 lb	 gap	 train_w	 train_g	 test_w	 test_g
/work_bgfs/n/navarrodelacruz/odt/optimal_decision_tree/augmented_datasets/glass/glass_791.glass	 27.39	 10.38395935830735	 N/A	 N/A	 67.949	 0.0	 53.704	 0.0
