Running 6 processes.
Start training /work_bgfs/n/navarrodelacruz/odt/optimal_decision_tree/augmented_datasets/glass/glass_120.glass with seed 1.
Any[]
(9, 210)
(9, 104)
(9, 52)
(9, 54)
dimension: 9, class: 6
cart cost: 152.1236842105263
size of X: (9, 156)
Using method: Global linear DT optimization
Version identifier: 20.1.0.0 | 2020-11-10 | 9bedb6d68
CPXPARAM_Threads                                 1
CPXPARAM_TimeLimit                               1728000
Tried aggregator 1 time.
No LP presolve or aggregator reductions.
Presolve time = 0.01 sec. (4.43 ticks)
Initializing dual steep norms . . .

Iteration log . . .
Iteration:     1   Dual objective     =             0.000000
Perturbation started.
Iteration:    51   Dual objective     =             0.000000
Iteration:   212   Dual objective     =             0.000031
Iteration:   340   Dual objective     =             0.022419
Iteration:   495   Dual objective     =             0.026445
Iteration:   658   Dual objective     =             0.032460
Iteration:   805   Dual objective     =             0.102850
Iteration:   966   Dual objective     =             2.763119
Iteration:  1107   Dual objective     =             2.770466
Iteration:  1236   Dual objective     =             2.777245
Iteration:  1355   Dual objective     =             2.780650
Iteration:  1467   Dual objective     =             5.564205
Iteration:  1583   Dual objective     =             5.582769
Iteration:  1721   Dual objective     =             6.255264
Iteration:  1845   Dual objective     =             8.346852
Iteration:  2021   Dual objective     =             8.999287
Iteration:  2133   Dual objective     =             9.007108
Iteration:  2278   Dual objective     =            10.361914
Iteration:  2408   Dual objective     =            10.383870
Iteration:  2546   Dual objective     =            10.384428
Iteration:  2695   Dual objective     =            10.384474
Removing perturbation.
9×3 Matrix{Float64}:
 0.0  0.0  0.0
 0.0  1.0  0.0
 1.0  0.0  0.0
 0.0  0.0  0.0
 0.0  0.0  0.0
 0.0  0.0  0.0
 0.0  0.0  1.0
 0.0  0.0  0.0
 0.0  0.0  0.0
3-element Vector{Float64}:
 0.5898757194006714
 0.4737115507021023
 0.25663095905014
6×7 Matrix{Float64}:
 0.0  0.0  0.0  0.0  0.0  0.0  1.0
 0.0  0.0  0.0  1.0  0.0  1.0  0.0
 0.0  0.0  0.0  0.0  0.0  0.0  0.0
 0.0  0.0  0.0  0.0  0.0  0.0  0.0
 0.0  0.0  0.0  0.0  0.0  0.0  0.0
 0.0  0.0  0.0  0.0  1.0  0.0  0.0
3-element Vector{Float64}:
 1.0
 1.0
 1.0
9×3 Matrix{Float64}:
 0.0         0.0         0.0
 0.0190124   0.0190124   0.0190124
 0.0178967   0.0178967   0.0178967
 0.0         0.0         0.0
 0.0201654   0.0201654   0.0201654
 0.0340619   0.0340619   0.0340619
 0.042146    0.042146    0.042146
 0.0149417   0.0149417   0.0149417
 0.00237197  0.00237197  0.00237197
3-element Vector{Float64}:
 0.1505961421616282
 0.1505961421616282
 0.1505961421616282
6×7 Matrix{Float64}:
 0.0  0.0  0.0  0.249614  0.249614  0.249614  0.251157
 0.0  0.0  0.0  0.248543  0.248543  0.248543  0.254371
 0.0  0.0  0.0  0.249722  0.249722  0.249722  0.250833
 0.0  0.0  0.0  0.0       0.0       0.0       0.0
 0.0  0.0  0.0  0.0       0.0       0.0       0.0
 0.0  0.0  0.0  0.25212   0.25212   0.25212   0.243639
3-element Vector{Float64}:
 0.1505961421616282
 0.1505961421616282
 0.1505961421616282
a: [0.0 0.0 0.0; 0.019012418399979185 0.019012418399979084 0.019012418399977943; 0.017896734707537516 0.017896734707537387 0.017896734707536277; 0.0 0.0 0.0; 0.020165406748273523 0.020165406748273627 0.02016540674827266; 0.034061929694631295 0.03406192969463135 0.03406192969463112; 0.04214601212222451 0.042146012122224456 0.04214601212222556; 0.014941667722972833 0.01494166772297277 0.014941667722972528; 0.0023719727660093453 0.002371972766009523 0.0023719727660121356]
b: [0.1505961421616282, 0.1505961421616282, 0.1505961421616282]
c: [0.0 0.0 0.0 0.2496144629793972 0.24961446297939732 0.24961446297939777 0.2511566110618079; 0.0 0.0 0.0 0.24854289381917583 0.24854289381917583 0.2485428938191736 0.25437131854247474; 0.0 0.0 0.0 0.2497223706752232 0.24972237067522296 0.24972237067522385 0.25083288797433; 0.0 0.0 0.0 0.0 0.0 0.0 0.0; 0.0 0.0 0.0 0.0 0.0 0.0 0.0; 0.0 0.0 0.0 0.2521202725262038 0.2521202725262039 0.2521202725262048 0.24363918242138732]
d: [0.1505961421616282, 0.1505961421616282, 0.1505961421616282]
comparison (CRT and Glb)on prediction: Dict{Bool, Int64}(0 => 54, 1 => 0)
Dataname	 time	 objv	 lb	 gap	 train_w	 train_g	 test_w	 test_g
/work_bgfs/n/navarrodelacruz/odt/optimal_decision_tree/augmented_datasets/glass/glass_120.glass	 30.03	 10.384431526587427	 N/A	 N/A	 64.744	 0.0	 55.556	 0.0
