Running 6 processes.
Start training /work_bgfs/n/navarrodelacruz/odt/optimal_decision_tree/augmented_datasets/glass/glass_236.glass with seed 1.
Any[]
(9, 210)
(9, 104)
(9, 52)
(9, 54)
dimension: 9, class: 6
cart cost: 142.94999999999996
size of X: (9, 156)
Using method: Global linear DT optimization
Version identifier: 20.1.0.0 | 2020-11-10 | 9bedb6d68
CPXPARAM_Threads                                 1
CPXPARAM_TimeLimit                               1728000
Tried aggregator 1 time.
No LP presolve or aggregator reductions.
Presolve time = 0.01 sec. (4.44 ticks)
Initializing dual steep norms . . .

Iteration log . . .
Iteration:     1   Dual objective     =             0.000000
Perturbation started.
Iteration:    51   Dual objective     =             0.000000
Iteration:   167   Dual objective     =             0.000020
Iteration:   333   Dual objective     =             0.000055
Iteration:   483   Dual objective     =             0.011296
Iteration:   630   Dual objective     =             0.017673
Iteration:   765   Dual objective     =             0.054706
Iteration:   904   Dual objective     =             0.731873
Iteration:  1028   Dual objective     =             1.421264
Iteration:  1168   Dual objective     =             1.461042
Iteration:  1287   Dual objective     =             2.176093
Iteration:  1421   Dual objective     =             2.808502
Iteration:  1544   Dual objective     =             3.542967
Iteration:  1680   Dual objective     =             4.299802
Iteration:  1797   Dual objective     =             6.312411
Iteration:  1944   Dual objective     =             8.422229
Iteration:  2087   Dual objective     =             9.818751
Iteration:  2233   Dual objective     =            10.521228
Iteration:  2367   Dual objective     =            10.522474
Iteration:  2524   Dual objective     =            10.522523
Removing perturbation.
Iteration:  2609   Scaled dual infeas =             0.000016
Iteration:  2611   Dual objective     =            10.522513
9×3 Matrix{Float64}:
 0.0  0.0  0.0
 0.0  1.0  0.0
 1.0  0.0  0.0
 0.0  0.0  1.0
 0.0  0.0  0.0
 0.0  0.0  0.0
 0.0  0.0  0.0
 0.0  0.0  0.0
 0.0  0.0  0.0
3-element Vector{Float64}:
 0.5787560808216858
 0.457108553731012
 0.3530089136270219
6×7 Matrix{Float64}:
 0.0  0.0  0.0  0.0  0.0  1.0  0.0
 0.0  0.0  0.0  1.0  0.0  0.0  1.0
 0.0  0.0  0.0  0.0  0.0  0.0  0.0
 0.0  0.0  0.0  0.0  0.0  0.0  0.0
 0.0  0.0  0.0  0.0  0.0  0.0  0.0
 0.0  0.0  0.0  0.0  1.0  0.0  0.0
3-element Vector{Float64}:
 1.0
 1.0
 1.0
9×3 Matrix{Float64}:
 0.0        0.0        0.0
 0.0147176  0.0147176  0.0147176
 0.0213916  0.0213916  0.0213916
 0.0        0.0        0.0
 0.0208115  0.0208115  0.0208115
 0.0349372  0.0349372  0.0349372
 0.0412332  0.0412332  0.0412332
 0.0169933  0.0169933  0.0169933
 0.0        0.0        0.0
3-element Vector{Float64}:
 0.15008442438092634
 0.1500844243809263
 0.15008442438092634
6×7 Matrix{Float64}:
 0.0  0.0  0.0  0.249168  0.249168  0.249168  0.252496
 0.0  0.0  0.0  0.248377  0.248377  0.248377  0.25487
 0.0  0.0  0.0  0.250122  0.250122  0.250122  0.249634
 0.0  0.0  0.0  0.0       0.0       0.0       0.0
 0.0  0.0  0.0  0.0       0.0       0.0       0.0
 0.0  0.0  0.0  0.252333  0.252333  0.252333  0.243001
3-element Vector{Float64}:
 0.15008442438092634
 0.1500844243809263
 0.15008442438092634
a: [0.0 0.0 0.0; 0.014717636148334563 0.014717636148332481 0.01471763614833315; 0.021391609342743714 0.021391609342744422 0.021391609342745477; 0.0 0.0 0.0; 0.020811512962700042 0.02081151296270046 0.020811512962700746; 0.034937229478663054 0.034937229478663984 0.03493722947866384; 0.04123315606492458 0.04123315606492283 0.04123315606492216; 0.0169932803835611 0.016993280383562143 0.016993280383560908; 0.0 0.0 0.0]
b: [0.15008442438092634, 0.1500844243809263, 0.15008442438092634]
c: [0.0 0.0 0.0 0.249168063332785 0.2491680633327845 0.24916806333278427 0.25249581000164634; 0.0 0.0 0.0 0.24837676217758287 0.2483767621775822 0.24837676217758367 0.25486971346725096; 0.0 0.0 0.0 0.2501220101062617 0.2501220101062616 0.250122010106261 0.2496339696812159; 0.0 0.0 0.0 0.0 0.0 0.0 0.0; 0.0 0.0 0.0 0.0 0.0 0.0 0.0; 0.0 0.0 0.0 0.25233316438337045 0.25233316438337167 0.25233316438337106 0.24300050684988683]
d: [0.15008442438092634, 0.1500844243809263, 0.15008442438092634]
comparison (CRT and Glb)on prediction: Dict{Bool, Int64}(0 => 54, 1 => 0)
Dataname	 time	 objv	 lb	 gap	 train_w	 train_g	 test_w	 test_g
/work_bgfs/n/navarrodelacruz/odt/optimal_decision_tree/augmented_datasets/glass/glass_236.glass	 32.28	 10.522512663657164	 N/A	 N/A	 67.308	 0.0	 57.407	 0.0
