Running 6 processes.
Start training /work_bgfs/n/navarrodelacruz/odt/optimal_decision_tree/augmented_datasets/glass/glass_905.glass with seed 1.
Any[]
(9, 210)
(9, 103)
(9, 52)
(9, 55)
dimension: 9, class: 6
cart cost: 143.0666666666667
size of X: (9, 155)
Using method: Global linear DT optimization
Version identifier: 20.1.0.0 | 2020-11-10 | 9bedb6d68
CPXPARAM_Threads                                 1
CPXPARAM_TimeLimit                               1728000
Tried aggregator 1 time.
No LP presolve or aggregator reductions.
Presolve time = 0.01 sec. (4.38 ticks)
Initializing dual steep norms . . .

Iteration log . . .
Iteration:     1   Dual objective     =             0.000000
Perturbation started.
Iteration:    51   Dual objective     =             0.000000
Iteration:   170   Dual objective     =             0.000026
Iteration:   341   Dual objective     =             0.016181
Iteration:   472   Dual objective     =             0.026157
Iteration:   633   Dual objective     =             1.483986
Iteration:   736   Dual objective     =             1.511200
Iteration:   866   Dual objective     =             2.238253
Iteration:  1023   Dual objective     =             3.705120
Iteration:  1168   Dual objective     =             4.422995
Iteration:  1311   Dual objective     =             7.314449
Iteration:  1449   Dual objective     =            10.232563
Iteration:  1590   Dual objective     =            10.959909
Iteration:  1724   Dual objective     =            10.960088
Removing perturbation.
9×3 Matrix{Float64}:
 0.0  0.0  0.0
 0.0  0.0  0.0
 1.0  0.0  0.0
 0.0  0.0  1.0
 0.0  0.0  0.0
 0.0  0.0  0.0
 0.0  0.0  0.0
 0.0  1.0  0.0
 0.0  0.0  0.0
3-element Vector{Float64}:
 0.6096155285145746
 0.14249376817772721
 0.368350780467411
6×7 Matrix{Float64}:
 0.0  0.0  0.0  0.0  0.0  1.0  0.0
 0.0  0.0  0.0  1.0  0.0  0.0  1.0
 0.0  0.0  0.0  0.0  0.0  0.0  0.0
 0.0  0.0  0.0  0.0  0.0  0.0  0.0
 0.0  0.0  0.0  0.0  0.0  0.0  0.0
 0.0  0.0  0.0  0.0  1.0  0.0  0.0
3-element Vector{Float64}:
 1.0
 1.0
 1.0
9×3 Matrix{Float64}:
 0.0         0.0         0.0
 0.0151735   0.0151735   0.0151735
 0.0195448   0.0195448   0.0195448
 0.0         0.0         0.0
 0.0224023   0.0224023   0.0224023
 0.0342334   0.0342334   0.0342334
 0.0397068   0.0397068   0.0397068
 0.0178114   0.0178114   0.0178114
 0.00150309  0.00150309  0.00150309
3-element Vector{Float64}:
 0.15037515828838213
 0.15037515828838213
 0.15037515828838213
6×7 Matrix{Float64}:
 0.0  0.0  0.0  0.249852  0.249852  0.249852  0.250443
 0.0  0.0  0.0  0.248466  0.248466  0.248466  0.254602
 0.0  0.0  0.0  0.250127  0.250127  0.250127  0.249618
 0.0  0.0  0.0  0.0       0.0       0.0       0.0
 0.0  0.0  0.0  0.0       0.0       0.0       0.0
 0.0  0.0  0.0  0.251554  0.251554  0.251554  0.245337
3-element Vector{Float64}:
 0.15037515828838213
 0.15037515828838213
 0.15037515828838213
a: [0.0 0.0 0.0; 0.015173502842881995 0.01517350284288349 0.015173502842883428; 0.019544762572043663 0.019544762572042032 0.019544762572042074; 0.0 0.0 0.0; 0.022402275358056802 0.02240227535805818 0.02240227535805822; 0.034233366155208556 0.03423336615520704 0.03423336615520712; 0.039706792518557035 0.03970679251855492 0.03970679251855498; 0.017811366947892864 0.01781136694789117 0.01781136694789122; 0.0015030918937420689 0.001503091893745298 0.0015030918937450747]
b: [0.15037515828838213, 0.15037515828838213, 0.15037515828838213]
c: [0.0 0.0 0.0 0.2498522770027431 0.2498522770027436 0.24985227700274315 0.2504431689917702; 0.0 0.0 0.0 0.24846603050628746 0.24846603050628724 0.24846603050628757 0.25460190848113773; 0.0 0.0 0.0 0.25012730894681207 0.25012730894681195 0.25012730894681207 0.24961807315956386; 0.0 0.0 0.0 0.0 0.0 0.0 0.0; 0.0 0.0 0.0 0.0 0.0 0.0 0.0; 0.0 0.0 0.0 0.2515543835441574 0.2515543835441572 0.2515543835441572 0.2453368493675282]
d: [0.15037515828838213, 0.15037515828838213, 0.15037515828838213]
comparison (CRT and Glb)on prediction: Dict{Bool, Int64}(0 => 55, 1 => 0)
Dataname	 time	 objv	 lb	 gap	 train_w	 train_g	 test_w	 test_g
/work_bgfs/n/navarrodelacruz/odt/optimal_decision_tree/augmented_datasets/glass/glass_905.glass	 69.31	 10.960056273743241	 N/A	 N/A	 68.387	 0.0	 54.545	 0.0
