Running 6 processes.
Start training /work_bgfs/n/navarrodelacruz/odt/optimal_decision_tree/augmented_datasets/glass/glass_752.glass with seed 1.
Any[]
(9, 210)
(9, 104)
(9, 52)
(9, 54)
dimension: 9, class: 6
cart cost: 154.14999999999998
size of X: (9, 156)
Using method: Global linear DT optimization
Version identifier: 20.1.0.0 | 2020-11-10 | 9bedb6d68
CPXPARAM_Threads                                 1
CPXPARAM_TimeLimit                               1728000
Tried aggregator 1 time.
No LP presolve or aggregator reductions.
Presolve time = 0.01 sec. (4.44 ticks)
Initializing dual steep norms . . .

Iteration log . . .
Iteration:     1   Dual objective     =             0.000000
Perturbation started.
Iteration:    51   Dual objective     =             0.000000
Iteration:   155   Dual objective     =             0.000016
Iteration:   351   Dual objective     =             0.000062
Iteration:   490   Dual objective     =             0.014481
Iteration:   645   Dual objective     =             0.022402
Iteration:   764   Dual objective     =             0.049991
Iteration:   938   Dual objective     =             0.716779
Iteration:  1077   Dual objective     =             1.400091
Iteration:  1194   Dual objective     =             1.427767
Iteration:  1349   Dual objective     =             2.158434
Iteration:  1487   Dual objective     =             3.550743
Iteration:  1638   Dual objective     =             4.206396
Iteration:  1759   Dual objective     =             4.875075
Iteration:  1901   Dual objective     =             7.000028
Iteration:  2005   Dual objective     =             7.058112
Iteration:  2132   Dual objective     =             9.119409
Iteration:  2252   Dual objective     =             9.845433
Iteration:  2386   Dual objective     =            10.520562
Iteration:  2522   Dual objective     =            10.522569
Iteration:  2659   Dual objective     =            10.522616
Removing perturbation.
9×3 Matrix{Float64}:
 0.0  0.0  0.0
 0.0  0.0  0.0
 1.0  0.0  0.0
 0.0  0.0  0.0
 0.0  0.0  0.0
 0.0  0.0  0.0
 0.0  0.0  1.0
 0.0  1.0  0.0
 0.0  0.0  0.0
3-element Vector{Float64}:
 0.5655524683340996
 0.15590996295111723
 0.2662249623115124
6×7 Matrix{Float64}:
 0.0  0.0  0.0  0.0  0.0  0.0  1.0
 0.0  0.0  0.0  1.0  0.0  1.0  0.0
 0.0  0.0  0.0  0.0  0.0  0.0  0.0
 0.0  0.0  0.0  0.0  0.0  0.0  0.0
 0.0  0.0  0.0  0.0  0.0  0.0  0.0
 0.0  0.0  0.0  0.0  1.0  0.0  0.0
3-element Vector{Float64}:
 1.0
 1.0
 1.0
9×3 Matrix{Float64}:
 0.0         0.0         0.0
 0.0164863   0.0164863   0.0164863
 0.018556    0.018556    0.018556
 0.0         0.0         0.0
 0.0226913   0.0226913   0.0226913
 0.0341391   0.0341391   0.0341391
 0.0392637   0.0392637   0.0392637
 0.0181604   0.0181604   0.0181604
 0.00127933  0.00127933  0.00127933
3-element Vector{Float64}:
 0.1505762286293957
 0.1505762286293958
 0.15057622862939574
6×7 Matrix{Float64}:
 0.0  0.0  0.0  0.250091  0.250091  0.250091  0.249727
 0.0  0.0  0.0  0.249321  0.249321  0.249321  0.252036
 0.0  0.0  0.0  0.250865  0.250865  0.250865  0.247405
 0.0  0.0  0.0  0.0       0.0       0.0       0.0
 0.0  0.0  0.0  0.0       0.0       0.0       0.0
 0.0  0.0  0.0  0.249723  0.249723  0.249723  0.250832
3-element Vector{Float64}:
 0.1505762286293957
 0.1505762286293958
 0.15057622862939574
a: [0.0 0.0 0.0; 0.016486282970732954 0.016486282970732666 0.016486282970732825; 0.018556021704525402 0.01855602170452554 0.018556021704525118; 0.0 0.0 0.0; 0.022691297202861893 0.02269129720286219 0.02269129720286262; 0.034139120514919165 0.03413912051491935 0.03413912051491918; 0.03926373621343849 0.03926373621343837 0.03926373621343809; 0.018160439068725547 0.018160439068725685 0.01816043906872563; 0.0012793309541917694 0.0012793309541921272 0.0012793309541922863]
b: [0.1505762286293957, 0.1505762286293958, 0.15057622862939574]
c: [0.0 0.0 0.0 0.25009096093138267 0.2500909609313833 0.25009096093138306 0.24972711720585095; 0.0 0.0 0.0 0.24932131989506545 0.24932131989506512 0.249321319895065 0.25203604031480464; 0.0 0.0 0.0 0.25086515904242673 0.2508651590424268 0.2508651590424269 0.24740452287271958; 0.0 0.0 0.0 0.0 0.0 0.0 0.0; 0.0 0.0 0.0 0.0 0.0 0.0 0.0; 0.0 0.0 0.0 0.24972256013112515 0.24972256013112487 0.24972256013112504 0.25083231960662494]
d: [0.1505762286293957, 0.1505762286293958, 0.15057622862939574]
comparison (CRT and Glb)on prediction: Dict{Bool, Int64}(0 => 54, 1 => 0)
Dataname	 time	 objv	 lb	 gap	 train_w	 train_g	 test_w	 test_g
/work_bgfs/n/navarrodelacruz/odt/optimal_decision_tree/augmented_datasets/glass/glass_752.glass	 35.16	 10.522586434294446	 N/A	 N/A	 64.744	 0.0	 55.556	 0.0
