Running 6 processes.
Start training /work_bgfs/n/navarrodelacruz/odt/optimal_decision_tree/augmented_datasets/glass/glass_951.glass with seed 1.
Any[]
(9, 210)
(9, 103)
(9, 51)
(9, 56)
dimension: 9, class: 6
cart cost: 147.71756756756756
size of X: (9, 154)
Using method: Global linear DT optimization
Version identifier: 20.1.0.0 | 2020-11-10 | 9bedb6d68
CPXPARAM_Threads                                 1
CPXPARAM_TimeLimit                               1728000
Tried aggregator 1 time.
No LP presolve or aggregator reductions.
Presolve time = 0.01 sec. (4.43 ticks)
Initializing dual steep norms . . .

Iteration log . . .
Iteration:     1   Dual objective     =             0.000000
Perturbation started.
Iteration:    51   Dual objective     =             0.000000
Iteration:   161   Dual objective     =             0.000020
Iteration:   341   Dual objective     =             0.007340
Iteration:   480   Dual objective     =             0.017100
Iteration:   615   Dual objective     =             0.021150
Iteration:   746   Dual objective     =             0.026399
Iteration:   870   Dual objective     =             0.031551
Iteration:  1010   Dual objective     =             0.051647
Iteration:  1136   Dual objective     =             4.245549
Iteration:  1251   Dual objective     =             4.307041
Iteration:  1383   Dual objective     =             7.090557
Iteration:  1526   Dual objective     =             7.842088
Iteration:  1667   Dual objective     =             9.952506
Iteration:  1814   Dual objective     =            10.663794
Removing perturbation.
9×3 Matrix{Float64}:
 0.0  0.0  0.0
 0.0  0.0  0.0
 1.0  0.0  0.0
 0.0  0.0  0.0
 0.0  0.0  0.0
 0.0  0.0  0.0
 0.0  0.0  1.0
 0.0  1.0  0.0
 0.0  0.0  0.0
3-element Vector{Float64}:
 0.5894061757144011
 0.14466988247958518
 0.2692627690576238
6×7 Matrix{Float64}:
 0.0  0.0  0.0  0.0  0.0  0.0  1.0
 0.0  0.0  0.0  1.0  0.0  1.0  0.0
 0.0  0.0  0.0  0.0  0.0  0.0  0.0
 0.0  0.0  0.0  0.0  0.0  0.0  0.0
 0.0  0.0  0.0  0.0  0.0  0.0  0.0
 0.0  0.0  0.0  0.0  1.0  0.0  0.0
3-element Vector{Float64}:
 1.0
 1.0
 1.0
9×3 Matrix{Float64}:
 0.0        0.0        0.0
 0.0        0.0        0.0
 0.0        0.0        0.0
 0.0        0.0        0.0
 0.0        0.0        0.0
 0.0324432  0.0324432  0.0324432
 0.0153914  0.0153914  0.0153914
 0.0979563  0.0979563  0.0979563
 0.0        0.0        0.0
3-element Vector{Float64}:
 0.1457908549994393
 0.14579085499943925
 0.14579085499943928
6×7 Matrix{Float64}:
 0.0  0.0  0.0  0.261773  0.261773  0.261773  0.21468
 0.0  0.0  0.0  0.271259  0.271259  0.271259  0.186222
 0.0  0.0  0.0  0.274175  0.274175  0.274175  0.177476
 0.0  0.0  0.0  0.0       0.0       0.0       0.0
 0.0  0.0  0.0  0.0       0.0       0.0       0.0
 0.0  0.0  0.0  0.192793  0.192793  0.192793  0.421621
3-element Vector{Float64}:
 0.1457908549994393
 0.14579085499943925
 0.14579085499943928
a: [0.0 0.0 0.0; 0.0 0.0 0.0; 0.0 0.0 0.0; 0.0 0.0 0.0; 0.0 0.0 0.0; 0.032443202246268205 0.032443202246268565 0.0324432022462683; 0.015391389008680544 0.015391389008680367 0.01539138900868036; 0.09795626374449055 0.09795626374449032 0.09795626374449062; 0.0 0.0 0.0]
b: [0.1457908549994393, 0.14579085499943925, 0.14579085499943928]
c: [0.0 0.0 0.0 0.2617731705535658 0.2617731705535657 0.26177317055356575 0.21468048833930276; 0.0 0.0 0.0 0.27125941149641103 0.27125941149641125 0.27125941149641125 0.1862217655107663; 0.0 0.0 0.0 0.2741745829334457 0.2741745829334455 0.2741745829334457 0.17747625119966332; 0.0 0.0 0.0 0.0 0.0 0.0 0.0; 0.0 0.0 0.0 0.0 0.0 0.0 0.0; 0.0 0.0 0.0 0.1927928350165775 0.1927928350165775 0.19279283501657732 0.4216214949502677]
d: [0.1457908549994393, 0.14579085499943925, 0.14579085499943928]
comparison (CRT and Glb)on prediction: Dict{Bool, Int64}(0 => 56, 1 => 0)
Dataname	 time	 objv	 lb	 gap	 train_w	 train_g	 test_w	 test_g
/work_bgfs/n/navarrodelacruz/odt/optimal_decision_tree/augmented_datasets/glass/glass_951.glass	 38.96	 10.663760520141798	 N/A	 N/A	 66.234	 0.0	 53.571	 0.0
