Running 6 processes.
Start training /work_bgfs/n/navarrodelacruz/odt/optimal_decision_tree/augmented_datasets/glass/glass_764.glass with seed 1.
Any[]
(9, 210)
(9, 104)
(9, 52)
(9, 54)
dimension: 9, class: 6
cart cost: 142.94999999999996
size of X: (9, 156)
Using method: Global linear DT optimization
Version identifier: 20.1.0.0 | 2020-11-10 | 9bedb6d68
CPXPARAM_Threads                                 1
CPXPARAM_TimeLimit                               1728000
Tried aggregator 1 time.
No LP presolve or aggregator reductions.
Presolve time = 0.01 sec. (4.42 ticks)
Initializing dual steep norms . . .

Iteration log . . .
Iteration:     1   Dual objective     =             0.000000
Perturbation started.
Iteration:    51   Dual objective     =             0.000000
Iteration:   201   Dual objective     =             0.004372
Iteration:   393   Dual objective     =             0.031485
Iteration:   514   Dual objective     =             2.121636
Iteration:   662   Dual objective     =             2.850336
Iteration:   768   Dual objective     =             2.857127
Iteration:   888   Dual objective     =             3.558405
Iteration:  1037   Dual objective     =             6.358142
Iteration:  1180   Dual objective     =             9.119244
Iteration:  1314   Dual objective     =            10.521475
Iteration:  1477   Dual objective     =            10.522424
Removing perturbation.
9×3 Matrix{Float64}:
 0.0  0.0  0.0
 0.0  0.0  0.0
 1.0  0.0  0.0
 0.0  0.0  0.0
 0.0  0.0  0.0
 0.0  0.0  0.0
 0.0  0.0  1.0
 0.0  1.0  0.0
 0.0  0.0  0.0
3-element Vector{Float64}:
 0.7364006358292493
 0.16172768546654973
 0.2677130012525989
6×7 Matrix{Float64}:
 0.0  0.0  0.0  0.0  0.0  0.0  1.0
 0.0  0.0  0.0  1.0  0.0  1.0  0.0
 0.0  0.0  0.0  0.0  0.0  0.0  0.0
 0.0  0.0  0.0  0.0  0.0  0.0  0.0
 0.0  0.0  0.0  0.0  0.0  0.0  0.0
 0.0  0.0  0.0  0.0  1.0  0.0  0.0
3-element Vector{Float64}:
 1.0
 1.0
 1.0
9×3 Matrix{Float64}:
 0.0         0.0         0.0
 0.00839204  0.00839204  0.00839204
 0.0128486   0.0128486   0.0128486
 0.0         0.0         0.0
 0.0177808   0.0177808   0.0177808
 0.0355448   0.0355448   0.0355448
 0.0523143   0.0523143   0.0523143
 0.0163679   0.0163679   0.0163679
 0.00656088  0.00656088  0.00656088
3-element Vector{Float64}:
 0.1498093149320366
 0.1498093149320366
 0.14980931493203667
6×7 Matrix{Float64}:
 0.0  0.0  0.0  0.252226  0.252226  0.252226  0.243321
 0.0  0.0  0.0  0.237629  0.237629  0.237629  0.287114
 0.0  0.0  0.0  0.254883  0.254883  0.254883  0.235352
 0.0  0.0  0.0  0.0       0.0       0.0       0.0
 0.0  0.0  0.0  0.0       0.0       0.0       0.0
 0.0  0.0  0.0  0.255262  0.255262  0.255262  0.234214
3-element Vector{Float64}:
 0.1498093149320366
 0.1498093149320366
 0.14980931493203667
a: [0.0 0.0 0.0; 0.008392037569557975 0.008392037569560095 0.008392037569560366; 0.012848594977647787 0.012848594977648078 0.012848594977648382; 0.0 0.0 0.0; 0.017780836575558127 0.017780836575555924 0.017780836575555868; 0.03554479900350997 0.03554479900350954 0.03554479900350924; 0.052314256471905705 0.05231425647190432 0.052314256471904234; 0.01636790997671844 0.016367909976718005 0.016367909976718012; 0.006560880357138412 0.006560880357140676 0.006560880357140586]
b: [0.1498093149320366, 0.1498093149320366, 0.14980931493203667]
c: [0.0 0.0 0.0 0.25222638393413155 0.25222638393413205 0.25222638393413155 0.24332084819760497; 0.0 0.0 0.0 0.23762883023442713 0.23762883023442677 0.23762883023442738 0.2871135092967186; 0.0 0.0 0.0 0.2548827060200546 0.2548827060200546 0.25488270602005414 0.2353518819398367; 0.0 0.0 0.0 0.0 0.0 0.0 0.0; 0.0 0.0 0.0 0.0 0.0 0.0 0.0; 0.0 0.0 0.0 0.2552620798113867 0.2552620798113866 0.25526207981138693 0.2342137605658397]
d: [0.1498093149320366, 0.1498093149320366, 0.14980931493203667]
comparison (CRT and Glb)on prediction: Dict{Bool, Int64}(0 => 54, 1 => 0)
Dataname	 time	 objv	 lb	 gap	 train_w	 train_g	 test_w	 test_g
/work_bgfs/n/navarrodelacruz/odt/optimal_decision_tree/augmented_datasets/glass/glass_764.glass	 28.84	 10.522471397239839	 N/A	 N/A	 67.308	 0.0	 62.963	 0.0
