Running 6 processes.
Start training /work_bgfs/n/navarrodelacruz/odt/optimal_decision_tree/augmented_datasets/glass/glass_920.glass with seed 1.
Any[]
(9, 210)
(9, 104)
(9, 52)
(9, 54)
dimension: 9, class: 6
cart cost: 140.14999999999998
size of X: (9, 156)
Using method: Global linear DT optimization
Version identifier: 20.1.0.0 | 2020-11-10 | 9bedb6d68
CPXPARAM_Threads                                 1
CPXPARAM_TimeLimit                               1728000
Tried aggregator 1 time.
No LP presolve or aggregator reductions.
Presolve time = 0.01 sec. (4.42 ticks)
Initializing dual steep norms . . .

Iteration log . . .
Iteration:     1   Dual objective     =             0.000000
Perturbation started.
Iteration:    51   Dual objective     =             0.000000
Iteration:   217   Dual objective     =             0.000032
Iteration:   346   Dual objective     =             0.000068
Iteration:   473   Dual objective     =             0.716423
Iteration:   589   Dual objective     =             1.419589
Iteration:   702   Dual objective     =             1.457979
Iteration:   879   Dual objective     =             2.125793
Iteration:  1030   Dual objective     =             3.551556
Iteration:  1168   Dual objective     =             7.713127
Iteration:  1298   Dual objective     =             8.419918
Iteration:  1420   Dual objective     =             9.157104
Iteration:  1542   Dual objective     =             9.820184
Iteration:  1663   Dual objective     =            10.521918
Removing perturbation.
Iteration:  1737   Scaled dual infeas =             0.000000
Iteration:  1738   Dual objective     =            10.522072
9×3 Matrix{Float64}:
 0.0  0.0  0.0
 0.0  0.0  0.0
 1.0  0.0  0.0
 0.0  0.0  1.0
 0.0  0.0  0.0
 0.0  0.0  0.0
 0.0  0.0  0.0
 0.0  1.0  0.0
 0.0  0.0  0.0
3-element Vector{Float64}:
 0.6198234493772745
 0.1231888311541404
 0.34841463491970986
6×7 Matrix{Float64}:
 0.0  0.0  0.0  0.0  0.0  1.0  0.0
 0.0  0.0  0.0  1.0  0.0  0.0  1.0
 0.0  0.0  0.0  0.0  0.0  0.0  0.0
 0.0  0.0  0.0  0.0  0.0  0.0  0.0
 0.0  0.0  0.0  0.0  0.0  0.0  0.0
 0.0  0.0  0.0  0.0  1.0  0.0  0.0
3-element Vector{Float64}:
 1.0
 1.0
 1.0
9×3 Matrix{Float64}:
 0.0         0.0         0.0
 0.0         0.0         0.0
 0.00183826  0.00183826  0.00183826
 0.0         0.0         0.0
 0.0176258   0.0176258   0.0176258
 0.0320343   0.0320343   0.0320343
 0.0477265   0.0477265   0.0477265
 0.0428936   0.0428936   0.0428936
 0.00503116  0.00503116  0.00503116
3-element Vector{Float64}:
 0.14714952784168003
 0.1471495278416801
 0.14714952784168012
6×7 Matrix{Float64}:
 0.0  0.0  0.0  0.258423  0.258423  0.258423  0.224731
 0.0  0.0  0.0  0.237949  0.237949  0.237949  0.286154
 0.0  0.0  0.0  0.259754  0.259754  0.259754  0.220738
 0.0  0.0  0.0  0.0       0.0       0.0       0.0
 0.0  0.0  0.0  0.0       0.0       0.0       0.0
 0.0  0.0  0.0  0.243874  0.243874  0.243874  0.268378
3-element Vector{Float64}:
 0.1471495278416801
 0.1471495278416801
 0.14714952784168012
a: [0.0 0.0 0.0; 0.0 0.0 0.0; 0.0018382607306765691 0.0018382607306765648 0.0018382607306761663; 0.0 0.0 0.0; 0.017625781761234513 0.01762578176123454 0.017625781761234794; 0.032034267867615665 0.032034267867615714 0.032034267867616; 0.047726470506075716 0.04772647050607576 0.047726470506075425; 0.04289358896511984 0.0428935889651199 0.04289358896511967; 0.005031158010957784 0.005031158010957826 0.0050311580109585995]
b: [0.14714952784168003, 0.1471495278416801, 0.14714952784168012]
c: [0.0 0.0 0.0 0.2584231080607215 0.25842310806072166 0.25842310806072166 0.22473067581783512; 0.0 0.0 0.0 0.2379486110587421 0.23794861105874215 0.23794861105874207 0.2861541668237737; 0.0 0.0 0.0 0.25975412019293387 0.259754120192934 0.259754120192934 0.22073763942119817; 0.0 0.0 0.0 0.0 0.0 0.0 0.0; 0.0 0.0 0.0 0.0 0.0 0.0 0.0; 0.0 0.0 0.0 0.24387416068760243 0.24387416068760231 0.24387416068760231 0.26837751793719294]
d: [0.1471495278416801, 0.1471495278416801, 0.14714952784168012]
comparison (CRT and Glb)on prediction: Dict{Bool, Int64}(0 => 54, 1 => 0)
Dataname	 time	 objv	 lb	 gap	 train_w	 train_g	 test_w	 test_g
/work_bgfs/n/navarrodelacruz/odt/optimal_decision_tree/augmented_datasets/glass/glass_920.glass	 32.49	 10.522072429176275	 N/A	 N/A	 67.949	 0.0	 53.704	 0.0
