Running 6 processes.
Start training /work_bgfs/n/navarrodelacruz/odt/optimal_decision_tree/augmented_datasets/glass/glass_572.glass with seed 1.
Any[]
(9, 210)
(9, 104)
(9, 52)
(9, 54)
dimension: 9, class: 6
cart cost: 142.94999999999996
size of X: (9, 156)
Using method: Global linear DT optimization
Version identifier: 20.1.0.0 | 2020-11-10 | 9bedb6d68
CPXPARAM_Threads                                 1
CPXPARAM_TimeLimit                               1728000
Tried aggregator 1 time.
No LP presolve or aggregator reductions.
Presolve time = 0.01 sec. (4.43 ticks)
Initializing dual steep norms . . .

Iteration log . . .
Iteration:     1   Dual objective     =             0.000000
Perturbation started.
Iteration:    51   Dual objective     =             0.000000
Iteration:   166   Dual objective     =             0.000022
Iteration:   309   Dual objective     =             0.000055
Iteration:   425   Dual objective     =             0.015291
Iteration:   538   Dual objective     =             0.022377
Iteration:   679   Dual objective     =             0.043605
Iteration:   822   Dual objective     =             0.051373
Iteration:   948   Dual objective     =             0.725282
Iteration:  1096   Dual objective     =             0.732335
Iteration:  1232   Dual objective     =             1.407220
Iteration:  1359   Dual objective     =             2.815945
Iteration:  1492   Dual objective     =             3.518075
Iteration:  1603   Dual objective     =             4.238478
Iteration:  1746   Dual objective     =             5.615773
Iteration:  1889   Dual objective     =             6.357207
Iteration:  2055   Dual objective     =             9.112863
Iteration:  2200   Dual objective     =            10.519366
Iteration:  2340   Dual objective     =            10.522496
Removing perturbation.
9×3 Matrix{Float64}:
 0.0  0.0  0.0
 0.0  0.0  0.0
 1.0  0.0  0.0
 0.0  0.0  1.0
 0.0  0.0  0.0
 0.0  0.0  0.0
 0.0  0.0  0.0
 0.0  1.0  0.0
 0.0  0.0  0.0
3-element Vector{Float64}:
 0.5995538393922288
 0.13919722163288845
 0.3721617998984911
6×7 Matrix{Float64}:
 0.0  0.0  0.0  0.0  0.0  1.0  0.0
 0.0  0.0  0.0  1.0  0.0  0.0  1.0
 0.0  0.0  0.0  0.0  0.0  0.0  0.0
 0.0  0.0  0.0  0.0  0.0  0.0  0.0
 0.0  0.0  0.0  0.0  0.0  0.0  0.0
 0.0  0.0  0.0  0.0  1.0  0.0  0.0
3-element Vector{Float64}:
 1.0
 1.0
 1.0
9×3 Matrix{Float64}:
 0.0         0.0         0.0
 0.0161667   0.0161667   0.0161667
 0.0192126   0.0192126   0.0192126
 0.0         0.0         0.0
 0.0207473   0.0207473   0.0207473
 0.0335436   0.0335436   0.0335436
 0.0409136   0.0409136   0.0409136
 0.0151466   0.0151466   0.0151466
 0.00444958  0.00444958  0.00444958
3-element Vector{Float64}:
 0.1501800246023864
 0.15018002460238647
 0.15018002460238652
6×7 Matrix{Float64}:
 0.0  0.0  0.0  0.249367  0.249367  0.249367  0.251898
 0.0  0.0  0.0  0.248495  0.248495  0.248495  0.254515
 0.0  0.0  0.0  0.249766  0.249766  0.249766  0.250701
 0.0  0.0  0.0  0.0       0.0       0.0       0.0
 0.0  0.0  0.0  0.0       0.0       0.0       0.0
 0.0  0.0  0.0  0.252371  0.252371  0.252371  0.242886
3-element Vector{Float64}:
 0.1501800246023864
 0.15018002460238647
 0.15018002460238652
a: [0.0 0.0 0.0; 0.016166723777623043 0.016166723777623012 0.0161667237776235; 0.01921256583318852 0.019212565833188755 0.019212565833187978; 0.0 0.0 0.0; 0.020747315433935973 0.02074731543393596 0.02074731543393639; 0.0335436480942883 0.03354364809428838 0.03354364809428821; 0.04091361294381305 0.04091361294381331 0.040913612943812815; 0.015146581092223492 0.01514658109222398 0.015146581092223404; 0.004449577427313894 0.0044495774273130805 0.004449577427314532]
b: [0.1501800246023864, 0.15018002460238647, 0.15018002460238652]
c: [0.0 0.0 0.0 0.249367370895719 0.24936737089571892 0.24936737089571911 0.2518978873128431; 0.0 0.0 0.0 0.24849500460418072 0.2484950046041813 0.2484950046041808 0.25451498618745694; 0.0 0.0 0.0 0.2497663070232017 0.24976630702320157 0.24976630702320168 0.25070107893039517; 0.0 0.0 0.0 0.0 0.0 0.0 0.0; 0.0 0.0 0.0 0.0 0.0 0.0 0.0; 0.0 0.0 0.0 0.25237131747689856 0.2523713174768982 0.25237131747689856 0.24288604756930476]
d: [0.1501800246023864, 0.15018002460238647, 0.15018002460238652]
comparison (CRT and Glb)on prediction: Dict{Bool, Int64}(0 => 54, 1 => 0)
Dataname	 time	 objv	 lb	 gap	 train_w	 train_g	 test_w	 test_g
/work_bgfs/n/navarrodelacruz/odt/optimal_decision_tree/augmented_datasets/glass/glass_572.glass	 27.5	 10.52252700369036	 N/A	 N/A	 67.308	 0.0	 53.704	 0.0
