Running 6 processes.
Start training /work_bgfs/n/navarrodelacruz/odt/optimal_decision_tree/augmented_datasets/glass/glass_410.glass with seed 1.
Any[]
(9, 210)
(9, 102)
(9, 51)
(9, 57)
dimension: 9, class: 6
cart cost: 138.23219178082192
size of X: (9, 153)
Using method: Global linear DT optimization
Version identifier: 20.1.0.0 | 2020-11-10 | 9bedb6d68
CPXPARAM_Threads                                 1
CPXPARAM_TimeLimit                               1728000
Tried aggregator 1 time.
No LP presolve or aggregator reductions.
Presolve time = 0.01 sec. (4.33 ticks)
Initializing dual steep norms . . .

Iteration log . . .
Iteration:     1   Dual objective     =             0.000000
Perturbation started.
Iteration:    51   Dual objective     =             0.000000
Iteration:   172   Dual objective     =             0.000020
Iteration:   367   Dual objective     =             0.021480
Iteration:   510   Dual objective     =             0.076080
Iteration:   656   Dual objective     =             1.495188
Iteration:   769   Dual objective     =             1.496941
Iteration:   894   Dual objective     =             2.183313
Iteration:  1047   Dual objective     =             4.331742
Iteration:  1177   Dual objective     =             6.302454
Iteration:  1303   Dual objective     =             9.387748
Iteration:  1447   Dual objective     =            10.087696
Iteration:  1579   Dual objective     =            10.810096
Iteration:  1738   Dual objective     =            10.810193
Removing perturbation.
9×3 Matrix{Float64}:
 0.0  0.0  0.0
 0.0  0.0  0.0
 1.0  0.0  0.0
 0.0  0.0  1.0
 0.0  0.0  0.0
 0.0  0.0  0.0
 0.0  0.0  0.0
 0.0  1.0  0.0
 0.0  0.0  0.0
3-element Vector{Float64}:
 0.6052273466654258
 0.14784092056641254
 0.35592371858351624
6×7 Matrix{Float64}:
 0.0  0.0  0.0  0.0  0.0  1.0  0.0
 0.0  0.0  0.0  1.0  0.0  0.0  1.0
 0.0  0.0  0.0  0.0  0.0  0.0  0.0
 0.0  0.0  0.0  0.0  0.0  0.0  0.0
 0.0  0.0  0.0  0.0  0.0  0.0  0.0
 0.0  0.0  0.0  0.0  1.0  0.0  0.0
3-element Vector{Float64}:
 1.0
 1.0
 1.0
9×3 Matrix{Float64}:
 0.0         0.0         0.0
 0.0142395   0.0142395   0.0142395
 0.0186845   0.0186845   0.0186845
 0.0         0.0         0.0
 0.0227992   0.0227992   0.0227992
 0.0346383   0.0346383   0.0346383
 0.0405613   0.0405613   0.0405613
 0.0157175   0.0157175   0.0157175
 0.00335863  0.00335863  0.00335863
3-element Vector{Float64}:
 0.14999896775284458
 0.14999896775284455
 0.1499989677528445
6×7 Matrix{Float64}:
 0.0  0.0  0.0  0.249451  0.249451  0.249451  0.251648
 0.0  0.0  0.0  0.247955  0.247955  0.247955  0.256136
 0.0  0.0  0.0  0.250643  0.250643  0.250643  0.248072
 0.0  0.0  0.0  0.0       0.0       0.0       0.0
 0.0  0.0  0.0  0.0       0.0       0.0       0.0
 0.0  0.0  0.0  0.251952  0.251952  0.251952  0.244144
3-element Vector{Float64}:
 0.14999896775284458
 0.14999896775284455
 0.1499989677528445
a: [0.0 0.0 0.0; 0.014239513315748386 0.014239513315748353 0.01423951331574852; 0.018684522789457845 0.018684522789458664 0.018684522789455732; 0.0 0.0 0.0; 0.02279923197833606 0.022799231978335926 0.022799231978336637; 0.03463830725725689 0.034638307257257105 0.03463830725725639; 0.04056130465166487 0.04056130465166536 0.04056130465166558; 0.01571745752188265 0.015717457521883187 0.015717457521881167; 0.003358630238497924 0.0033586302384959396 0.0033586302385004846]
b: [0.14999896775284458, 0.14999896775284455, 0.1499989677528445]
c: [0.0 0.0 0.0 0.2494507572115166 0.2494507572115165 0.2494507572115166 0.2516477283654503; 0.0 0.0 0.0 0.24795482071787944 0.24795482071787894 0.2479548207178781 0.25613553784636345; 0.0 0.0 0.0 0.2506425524190969 0.2506425524190974 0.25064255241909844 0.24807234274270729; 0.0 0.0 0.0 0.0 0.0 0.0 0.0; 0.0 0.0 0.0 0.0 0.0 0.0 0.0; 0.0 0.0 0.0 0.251951869651507 0.25195186965150707 0.2519518696515069 0.24414439104547903]
d: [0.14999896775284458, 0.14999896775284455, 0.1499989677528445]
comparison (CRT and Glb)on prediction: Dict{Bool, Int64}(0 => 57, 1 => 0)
Dataname	 time	 objv	 lb	 gap	 train_w	 train_g	 test_w	 test_g
/work_bgfs/n/navarrodelacruz/odt/optimal_decision_tree/augmented_datasets/glass/glass_410.glass	 56.71	 10.810171078039593	 N/A	 N/A	 68.627	 0.0	 50.877	 0.0
