Running 6 processes.
Start training /work_bgfs/n/navarrodelacruz/odt/optimal_decision_tree/augmented_datasets/glass/glass_969.glass with seed 1.
Any[]
(9, 210)
(9, 104)
(9, 52)
(9, 54)
dimension: 9, class: 6
cart cost: 152.1236842105263
size of X: (9, 156)
Using method: Global linear DT optimization
Version identifier: 20.1.0.0 | 2020-11-10 | 9bedb6d68
CPXPARAM_Threads                                 1
CPXPARAM_TimeLimit                               1728000
Tried aggregator 1 time.
No LP presolve or aggregator reductions.
Presolve time = 0.01 sec. (4.29 ticks)
Initializing dual steep norms . . .

Iteration log . . .
Iteration:     1   Dual objective     =             0.000000
Perturbation started.
Iteration:    51   Dual objective     =             0.000000
Iteration:   234   Dual objective     =             0.000042
Iteration:   348   Dual objective     =             0.008846
Iteration:   490   Dual objective     =             0.020057
Iteration:   662   Dual objective     =             0.022402
Iteration:   781   Dual objective     =             0.027444
Iteration:   920   Dual objective     =             0.043063
Iteration:  1078   Dual objective     =             0.074091
Iteration:  1232   Dual objective     =             0.080670
Iteration:  1368   Dual objective     =             1.386418
Iteration:  1494   Dual objective     =             1.405987
Iteration:  1624   Dual objective     =             3.488441
Iteration:  1766   Dual objective     =             3.529947
Iteration:  1894   Dual objective     =             4.161860
Iteration:  2007   Dual objective     =             4.868647
Iteration:  2157   Dual objective     =             6.931785
Iteration:  2295   Dual objective     =             8.289562
Iteration:  2422   Dual objective     =             8.305707
Iteration:  2554   Dual objective     =            10.374048
Iteration:  2683   Dual objective     =            10.384374
Removing perturbation.
9×3 Matrix{Float64}:
 0.0  0.0  0.0
 0.0  0.0  0.0
 1.0  0.0  0.0
 0.0  0.0  0.0
 0.0  0.0  0.0
 0.0  0.0  0.0
 0.0  0.0  1.0
 0.0  1.0  0.0
 0.0  0.0  0.0
3-element Vector{Float64}:
 0.6195294229569588
 0.1388794572936855
 0.2660252019635948
6×7 Matrix{Float64}:
 0.0  0.0  0.0  0.0  0.0  0.0  1.0
 0.0  0.0  0.0  1.0  0.0  1.0  0.0
 0.0  0.0  0.0  0.0  0.0  0.0  0.0
 0.0  0.0  0.0  0.0  0.0  0.0  0.0
 0.0  0.0  0.0  0.0  0.0  0.0  0.0
 0.0  0.0  0.0  0.0  1.0  0.0  0.0
3-element Vector{Float64}:
 1.0
 1.0
 1.0
9×3 Matrix{Float64}:
 0.0         0.0         0.0
 0.0166484   0.0166484   0.0166484
 0.0186162   0.0186162   0.0186162
 0.0         0.0         0.0
 0.0211156   0.0211156   0.0211156
 0.0345339   0.0345339   0.0345339
 0.0408137   0.0408137   0.0408137
 0.0160835   0.0160835   0.0160835
 0.00244687  0.00244687  0.00244687
3-element Vector{Float64}:
 0.15025821940456766
 0.15025821940456766
 0.1502582194045676
6×7 Matrix{Float64}:
 0.0  0.0  0.0  0.249548  0.249548  0.249548  0.251357
 0.0  0.0  0.0  0.249266  0.249266  0.249266  0.252203
 0.0  0.0  0.0  0.249968  0.249968  0.249968  0.250095
 0.0  0.0  0.0  0.0       0.0       0.0       0.0
 0.0  0.0  0.0  0.0       0.0       0.0       0.0
 0.0  0.0  0.0  0.251219  0.251219  0.251219  0.246344
3-element Vector{Float64}:
 0.15025821940456766
 0.15025821940456766
 0.1502582194045676
a: [0.0 0.0 0.0; 0.0166483836774878 0.016648383677487954 0.016648383677488665; 0.0186161924832976 0.018616192483298474 0.01861619248329782; 0.0 0.0 0.0; 0.021115641242406048 0.021115641242405312 0.021115641242404094; 0.03453392786109056 0.03453392786109081 0.03453392786108991; 0.040813719645157794 0.04081371964515847 0.04081371964515933; 0.01608348357276681 0.016083483572767274 0.016083483572765428; 0.002446870922360787 0.0024468709223593975 0.0024468709223623717]
b: [0.15025821940456766, 0.15025821940456766, 0.1502582194045676]
c: [0.0 0.0 0.0 0.24954751699728622 0.2495475169972869 0.24954751699728595 0.25135744900814094; 0.0 0.0 0.0 0.2492656164047375 0.2492656164047377 0.24926561640473682 0.25220315078578787; 0.0 0.0 0.0 0.24996817356990952 0.24996817356990875 0.24996817356990872 0.250095479290273; 0.0 0.0 0.0 0.0 0.0 0.0 0.0; 0.0 0.0 0.0 0.0 0.0 0.0 0.0; 0.0 0.0 0.0 0.2512186930280667 0.2512186930280666 0.25121869302806843 0.2463439209157982]
d: [0.15025821940456766, 0.15025821940456766, 0.1502582194045676]
comparison (CRT and Glb)on prediction: Dict{Bool, Int64}(0 => 54, 1 => 0)
Dataname	 time	 objv	 lb	 gap	 train_w	 train_g	 test_w	 test_g
/work_bgfs/n/navarrodelacruz/odt/optimal_decision_tree/augmented_datasets/glass/glass_969.glass	 31.95	 10.384380838173861	 N/A	 N/A	 64.744	 0.0	 59.259	 0.0
