Running 6 processes.
Start training /work_bgfs/n/navarrodelacruz/odt/optimal_decision_tree/augmented_datasets/glass/glass_465.glass with seed 1.
Any[]
(9, 210)
(9, 103)
(9, 51)
(9, 56)
dimension: 9, class: 6
cart cost: 152.1236842105263
size of X: (9, 154)
Using method: Global linear DT optimization
Version identifier: 20.1.0.0 | 2020-11-10 | 9bedb6d68
CPXPARAM_Threads                                 1
CPXPARAM_TimeLimit                               1728000
Tried aggregator 1 time.
No LP presolve or aggregator reductions.
Presolve time = 0.01 sec. (4.35 ticks)
Initializing dual steep norms . . .

Iteration log . . .
Iteration:     1   Dual objective     =             0.000000
Perturbation started.
Iteration:    51   Dual objective     =             0.000000
Iteration:   234   Dual objective     =             0.000041
Iteration:   359   Dual objective     =             0.003256
Iteration:   485   Dual objective     =             0.021367
Iteration:   614   Dual objective     =             0.032821
Iteration:   760   Dual objective     =             0.039329
Iteration:   882   Dual objective     =             1.394188
Iteration:   999   Dual objective     =             1.420750
Iteration:  1126   Dual objective     =             2.111411
Iteration:  1255   Dual objective     =             3.483614
Iteration:  1377   Dual objective     =             7.618203
Iteration:  1512   Dual objective     =            10.369676
Iteration:  1656   Dual objective     =            10.383917
Iteration:  1775   Dual objective     =            10.384273
Iteration:  1915   Dual objective     =            10.384368
Removing perturbation.
Iteration:  1961   Scaled dual infeas =             0.000016
Iteration:  1963   Dual objective     =            10.384325
9×3 Matrix{Float64}:
 0.0  0.0  0.0
 0.0  0.0  0.0
 1.0  0.0  0.0
 0.0  0.0  0.0
 0.0  0.0  0.0
 0.0  0.0  0.0
 0.0  0.0  1.0
 0.0  1.0  0.0
 0.0  0.0  0.0
3-element Vector{Float64}:
 0.6067603176038057
 0.1561724189492697
 0.2589356778276736
6×7 Matrix{Float64}:
 0.0  0.0  0.0  0.0  0.0  0.0  1.0
 0.0  0.0  0.0  1.0  0.0  1.0  0.0
 0.0  0.0  0.0  0.0  0.0  0.0  0.0
 0.0  0.0  0.0  0.0  0.0  0.0  0.0
 0.0  0.0  0.0  0.0  0.0  0.0  0.0
 0.0  0.0  0.0  0.0  1.0  0.0  0.0
3-element Vector{Float64}:
 1.0
 1.0
 1.0
9×3 Matrix{Float64}:
 0.0        0.0        0.0
 0.0154272  0.0154272  0.0154272
 0.0184335  0.0184335  0.0184335
 0.0        0.0        0.0
 0.0220271  0.0220271  0.0220271
 0.0338901  0.0338901  0.0338901
 0.0412321  0.0412321  0.0412321
 0.0157986  0.0157986  0.0157986
 0.0031476  0.0031476  0.0031476
3-element Vector{Float64}:
 0.1499561902969524
 0.14995619029695229
 0.14995619029695229
6×7 Matrix{Float64}:
 0.0  0.0  0.0  0.248437  0.248437  0.248437  0.254689
 0.0  0.0  0.0  0.248189  0.248189  0.248189  0.255434
 0.0  0.0  0.0  0.250779  0.250779  0.250779  0.247664
 0.0  0.0  0.0  0.0       0.0       0.0       0.0
 0.0  0.0  0.0  0.0       0.0       0.0       0.0
 0.0  0.0  0.0  0.252596  0.252596  0.252596  0.242213
3-element Vector{Float64}:
 0.1499561902969524
 0.14995619029695229
 0.14995619029695229
a: [0.0 0.0 0.0; 0.01542720004048188 0.015427200040481474 0.015427200040481676; 0.018433503554685024 0.01843350355468522 0.018433503554685215; 0.0 0.0 0.0; 0.022027092177589573 0.02202709217758961 0.022027092177589563; 0.03389014267347153 0.0338901426734715 0.033890142673471464; 0.041232092538265035 0.04123209253826462 0.041232092538264556; 0.015798562616177167 0.015798562616177195 0.015798562616177157; 0.0031475966962826465 0.003147596696282673 0.003147596696282659]
b: [0.1499561902969524, 0.14995619029695229, 0.14995619029695229]
c: [0.0 0.0 0.0 0.24843700263924728 0.24843700263924734 0.24843700263924717 0.2546889920822583; 0.0 0.0 0.0 0.2481885099074474 0.24818850990744756 0.24818850990744767 0.25543447027765726; 0.0 0.0 0.0 0.25077870803378516 0.25077870803378494 0.2507787080337851 0.2476638758986448; 0.0 0.0 0.0 0.0 0.0 0.0 0.0; 0.0 0.0 0.0 0.0 0.0 0.0 0.0; 0.0 0.0 0.0 0.2525957794195202 0.2525957794195202 0.25259577941952005 0.24221266174143957]
d: [0.1499561902969524, 0.14995619029695229, 0.14995619029695229]
comparison (CRT and Glb)on prediction: Dict{Bool, Int64}(0 => 56, 1 => 0)
Dataname	 time	 objv	 lb	 gap	 train_w	 train_g	 test_w	 test_g
/work_bgfs/n/navarrodelacruz/odt/optimal_decision_tree/augmented_datasets/glass/glass_465.glass	 27.11	 10.384335533807723	 N/A	 N/A	 64.286	 0.0	 57.143	 0.0
