Running 6 processes.
Start training /work_bgfs/n/navarrodelacruz/odt/optimal_decision_tree/augmented_datasets/glass/glass_939.glass with seed 1.
Any[]
(9, 210)
(9, 104)
(9, 52)
(9, 54)
dimension: 9, class: 6
cart cost: 154.88684210526313
size of X: (9, 156)
Using method: Global linear DT optimization
Version identifier: 20.1.0.0 | 2020-11-10 | 9bedb6d68
CPXPARAM_Threads                                 1
CPXPARAM_TimeLimit                               1728000
Tried aggregator 1 time.
No LP presolve or aggregator reductions.
Presolve time = 0.01 sec. (4.45 ticks)
Initializing dual steep norms . . .

Iteration log . . .
Iteration:     1   Dual objective     =             0.000000
Perturbation started.
Iteration:    51   Dual objective     =             0.000000
Iteration:   179   Dual objective     =             0.000022
Iteration:   324   Dual objective     =             0.000060
Iteration:   446   Dual objective     =             0.014526
Iteration:   571   Dual objective     =             0.023817
Iteration:   685   Dual objective     =             0.034165
Iteration:   812   Dual objective     =             0.050833
Iteration:   951   Dual objective     =             0.721064
Iteration:  1075   Dual objective     =             0.729525
Iteration:  1191   Dual objective     =             2.773418
Iteration:  1311   Dual objective     =             4.147875
Iteration:  1454   Dual objective     =             4.871845
Iteration:  1573   Dual objective     =             5.561643
Iteration:  1690   Dual objective     =             7.598704
Iteration:  1796   Dual objective     =             7.637776
Iteration:  1927   Dual objective     =             8.328095
Iteration:  2084   Dual objective     =             9.000258
Iteration:  2224   Dual objective     =            10.382871
Removing perturbation.
9×3 Matrix{Float64}:
 0.0  0.0  0.0
 0.0  0.0  0.0
 1.0  0.0  0.0
 0.0  0.0  0.0
 0.0  0.0  0.0
 0.0  0.0  0.0
 0.0  0.0  1.0
 0.0  1.0  0.0
 0.0  0.0  0.0
3-element Vector{Float64}:
 0.5857247959127416
 0.14937481253703602
 0.2746206697043781
6×7 Matrix{Float64}:
 0.0  0.0  0.0  0.0  0.0  0.0  1.0
 0.0  0.0  0.0  1.0  0.0  1.0  0.0
 0.0  0.0  0.0  0.0  0.0  0.0  0.0
 0.0  0.0  0.0  0.0  0.0  0.0  0.0
 0.0  0.0  0.0  0.0  0.0  0.0  0.0
 0.0  0.0  0.0  0.0  1.0  0.0  0.0
3-element Vector{Float64}:
 1.0
 1.0
 1.0
9×3 Matrix{Float64}:
 0.0        0.0        0.0
 0.0        0.0        0.0
 0.0        0.0        0.0
 0.0        0.0        0.0
 0.0        0.0        0.0
 0.0250053  0.0250053  0.0250053
 0.0        0.0        0.0
 0.115317   0.115317   0.115317
 0.0        0.0        0.0
3-element Vector{Float64}:
 0.14032272225204068
 0.1403227222520406
 0.14032272225204068
6×7 Matrix{Float64}:
 0.0  0.0  0.0  0.250974  0.250974  0.250974  0.247079
 0.0  0.0  0.0  0.26594   0.26594   0.26594   0.20218
 0.0  0.0  0.0  0.270964  0.270964  0.270964  0.187107
 0.0  0.0  0.0  0.0       0.0       0.0       0.0
 0.0  0.0  0.0  0.0       0.0       0.0       0.0
 0.0  0.0  0.0  0.212122  0.212122  0.212122  0.363634
3-element Vector{Float64}:
 0.14032272225204068
 0.1403227222520406
 0.14032272225204068
a: [0.0 0.0 0.0; 0.0 0.0 0.0; 0.0 0.0 0.0; 0.0 0.0 0.0; 0.0 0.0 0.0; 0.02500532563570111 0.025005325635700973 0.025005325635701237; 0.0 0.0 0.0; 0.11531739661633957 0.11531739661633962 0.11531739661633944; 0.0 0.0 0.0]
b: [0.14032272225204068, 0.1403227222520406, 0.14032272225204068]
c: [0.0 0.0 0.0 0.25097377004703714 0.2509737700470373 0.2509737700470374 0.24707868985888795; 0.0 0.0 0.0 0.26593989979867905 0.26593989979867894 0.26593989979867844 0.2021803006039634; 0.0 0.0 0.0 0.27096418683993995 0.27096418683994 0.27096418683994006 0.18710743948017983; 0.0 0.0 0.0 0.0 0.0 0.0 0.0; 0.0 0.0 0.0 0.0 0.0 0.0 0.0; 0.0 0.0 0.0 0.21212214331434376 0.2121221433143437 0.21212214331434415 0.36363357005696884]
d: [0.14032272225204068, 0.1403227222520406, 0.14032272225204068]
comparison (CRT and Glb)on prediction: Dict{Bool, Int64}(0 => 54, 1 => 0)
Dataname	 time	 objv	 lb	 gap	 train_w	 train_g	 test_w	 test_g
/work_bgfs/n/navarrodelacruz/odt/optimal_decision_tree/augmented_datasets/glass/glass_939.glass	 45.97	 10.382890513600968	 N/A	 N/A	 64.103	 0.0	 59.259	 0.0
