Running 6 processes.
Start training /work_bgfs/n/navarrodelacruz/odt/optimal_decision_tree/augmented_datasets/glass/glass_6.glass with seed 1.
Any[]
(9, 210)
(9, 104)
(9, 52)
(9, 54)
dimension: 9, class: 6
cart cost: 150.5554054054054
size of X: (9, 156)
Using method: Global linear DT optimization
Version identifier: 20.1.0.0 | 2020-11-10 | 9bedb6d68
CPXPARAM_Threads                                 1
CPXPARAM_TimeLimit                               1728000
Tried aggregator 1 time.
No LP presolve or aggregator reductions.
Presolve time = 0.01 sec. (4.41 ticks)
Initializing dual steep norms . . .

Iteration log . . .
Iteration:     1   Dual objective     =             0.000000
Perturbation started.
Iteration:    51   Dual objective     =             0.000000
Iteration:   193   Dual objective     =             0.000029
Iteration:   347   Dual objective     =             0.006381
Iteration:   478   Dual objective     =             0.013128
Iteration:   608   Dual objective     =             0.733127
Iteration:   731   Dual objective     =             0.735339
Iteration:   851   Dual objective     =             0.748902
Iteration:   977   Dual objective     =             2.135069
Iteration:  1126   Dual objective     =             4.270027
Iteration:  1263   Dual objective     =             6.401870
Iteration:  1396   Dual objective     =             7.094888
Iteration:  1517   Dual objective     =             7.823442
Iteration:  1631   Dual objective     =            10.660905
Iteration:  1750   Dual objective     =            10.662171
Iteration:  1909   Dual objective     =            10.664296
Removing perturbation.
Iteration:  2032   Scaled dual infeas =             0.000011
Iteration:  2035   Dual objective     =            10.664373
9×3 Matrix{Float64}:
 0.0  0.0  0.0
 0.0  0.0  0.0
 1.0  0.0  0.0
 0.0  0.0  0.0
 0.0  0.0  0.0
 0.0  0.0  0.0
 0.0  1.0  1.0
 0.0  0.0  0.0
 0.0  0.0  0.0
3-element Vector{Float64}:
 0.6068416183534782
 0.3769381025851317
 0.2663612177541898
6×7 Matrix{Float64}:
 0.0  0.0  0.0  0.0  0.0  0.0  1.0
 0.0  0.0  0.0  0.0  1.0  1.0  0.0
 0.0  0.0  0.0  0.0  0.0  0.0  0.0
 0.0  0.0  0.0  0.0  0.0  0.0  0.0
 0.0  0.0  0.0  0.0  0.0  0.0  0.0
 0.0  0.0  0.0  1.0  0.0  0.0  0.0
3-element Vector{Float64}:
 1.0
 1.0
 1.0
9×3 Matrix{Float64}:
 0.0        0.0        0.0
 0.020137   0.020137   0.020137
 0.010435   0.010435   0.010435
 0.0        0.0        0.0
 0.0230063  0.0230063  0.0230063
 0.0336586  0.0336586  0.0336586
 0.0330777  0.0330777  0.0330777
 0.0295979  0.0295979  0.0295979
 0.0        0.0        0.0
3-element Vector{Float64}:
 0.14991251408911227
 0.14991251408911238
 0.14991251408911238
6×7 Matrix{Float64}:
 0.0  0.0  0.0  0.255188  0.255188  0.255188  0.234435
 0.0  0.0  0.0  0.242447  0.242447  0.242447  0.272659
 0.0  0.0  0.0  0.256218  0.256218  0.256218  0.231345
 0.0  0.0  0.0  0.0       0.0       0.0       0.0
 0.0  0.0  0.0  0.0       0.0       0.0       0.0
 0.0  0.0  0.0  0.246146  0.246146  0.246146  0.261561
3-element Vector{Float64}:
 0.14991251408911227
 0.14991251408911238
 0.14991251408911238
a: [0.0 0.0 0.0; 0.020137037771270686 0.020137037771270225 0.020137037771271578; 0.01043501319653277 0.010435013196532804 0.010435013196531954; 0.0 0.0 0.0; 0.023006320643668216 0.023006320643668553 0.023006320643667477; 0.033658557603539314 0.0336585576035396 0.03365855760353947; 0.03307766346278893 0.03307766346278846 0.0330776634627894; 0.029597921411312178 0.02959792141131277 0.02959792141131251; 0.0 0.0 0.0]
b: [0.14991251408911227, 0.14991251408911238, 0.14991251408911238]
c: [0.0 0.0 0.0 0.2551883124526809 0.25518831245268103 0.25518831245268125 0.23443506264195718; 0.0 0.0 0.0 0.24244705143532289 0.24244705143532289 0.24244705143532222 0.27265884569403204; 0.0 0.0 0.0 0.2562184533526875 0.2562184533526873 0.2562184533526878 0.23134463994193744; 0.0 0.0 0.0 0.0 0.0 0.0 0.0; 0.0 0.0 0.0 0.0 0.0 0.0 0.0; 0.0 0.0 0.0 0.2461461827593088 0.2461461827593089 0.24614618275930877 0.26156145172207335]
d: [0.14991251408911227, 0.14991251408911238, 0.14991251408911238]
comparison (CRT and Glb)on prediction: Dict{Bool, Int64}(0 => 54, 1 => 0)
Dataname	 time	 objv	 lb	 gap	 train_w	 train_g	 test_w	 test_g
/work_bgfs/n/navarrodelacruz/odt/optimal_decision_tree/augmented_datasets/glass/glass_6.glass	 29.04	 10.664378769005255	 N/A	 N/A	 66.026	 0.0	 62.963	 0.0
