Running 6 processes.
Start training /work_bgfs/n/navarrodelacruz/odt/optimal_decision_tree/augmented_datasets/glass/glass_828.glass with seed 1.
Any[]
(9, 210)
(9, 104)
(9, 52)
(9, 54)
dimension: 9, class: 6
cart cost: 146.59736842105264
size of X: (9, 156)
Using method: Global linear DT optimization
Version identifier: 20.1.0.0 | 2020-11-10 | 9bedb6d68
CPXPARAM_Threads                                 1
CPXPARAM_TimeLimit                               1728000
Tried aggregator 1 time.
No LP presolve or aggregator reductions.
Presolve time = 0.01 sec. (4.44 ticks)
Initializing dual steep norms . . .

Iteration log . . .
Iteration:     1   Dual objective     =             0.000000
Perturbation started.
Iteration:    51   Dual objective     =             0.000000
Iteration:   166   Dual objective     =             0.000022
Iteration:   321   Dual objective     =             0.000054
Iteration:   449   Dual objective     =             0.712271
Iteration:   579   Dual objective     =             0.722467
Iteration:   718   Dual objective     =             1.410485
Iteration:   839   Dual objective     =             2.074599
Iteration:   976   Dual objective     =             2.822191
Iteration:  1106   Dual objective     =             5.576883
Iteration:  1237   Dual objective     =             6.960940
Iteration:  1376   Dual objective     =             8.318161
Iteration:  1510   Dual objective     =             9.691310
Iteration:  1637   Dual objective     =            10.383194
Iteration:  1773   Dual objective     =            10.384305
Removing perturbation.
9×3 Matrix{Float64}:
 0.0  0.0  0.0
 0.0  0.0  0.0
 1.0  0.0  0.0
 0.0  0.0  0.0
 0.0  0.0  0.0
 0.0  0.0  0.0
 0.0  0.0  1.0
 0.0  1.0  0.0
 0.0  0.0  0.0
3-element Vector{Float64}:
 0.5740250460375547
 0.14564874513153242
 0.26898533895870735
6×7 Matrix{Float64}:
 0.0  0.0  0.0  0.0  0.0  0.0  1.0
 0.0  0.0  0.0  1.0  0.0  1.0  0.0
 0.0  0.0  0.0  0.0  0.0  0.0  0.0
 0.0  0.0  0.0  0.0  0.0  0.0  0.0
 0.0  0.0  0.0  0.0  0.0  0.0  0.0
 0.0  0.0  0.0  0.0  1.0  0.0  0.0
3-element Vector{Float64}:
 1.0
 1.0
 1.0
9×3 Matrix{Float64}:
 0.0         0.0         0.0
 0.0140099   0.0140099   0.0140099
 0.0183939   0.0183939   0.0183939
 0.0         0.0         0.0
 0.0206057   0.0206057   0.0206057
 0.0345147   0.0345147   0.0345147
 0.0427948   0.0427948   0.0427948
 0.01581     0.01581     0.01581
 0.00375891  0.00375891  0.00375891
3-element Vector{Float64}:
 0.14988799793682278
 0.14988799793682278
 0.14988799793682273
6×7 Matrix{Float64}:
 0.0  0.0  0.0  0.249015  0.249015  0.249015  0.252954
 0.0  0.0  0.0  0.246555  0.246555  0.246555  0.260334
 0.0  0.0  0.0  0.251207  0.251207  0.251207  0.246378
 0.0  0.0  0.0  0.0       0.0       0.0       0.0
 0.0  0.0  0.0  0.0       0.0       0.0       0.0
 0.0  0.0  0.0  0.253222  0.253222  0.253222  0.240335
3-element Vector{Float64}:
 0.14988799793682278
 0.14988799793682278
 0.14988799793682273
a: [0.0 0.0 0.0; 0.014009938975726855 0.014009938975724553 0.014009938975724556; 0.018393928144221257 0.0183939281442223 0.018393928144222284; 0.0 0.0 0.0; 0.02060573439520979 0.020605734395210736 0.020605734395210722; 0.03451468069393077 0.03451468069393163 0.03451468069393159; 0.04279476575430774 0.04279476575430731 0.04279476575430739; 0.015810040249933224 0.015810040249934054 0.015810040249934067; 0.0037589097234931312 0.0037589097234921407 0.0037589097234921294]
b: [0.14988799793682278, 0.14988799793682278, 0.14988799793682273]
c: [0.0 0.0 0.0 0.24901542309282287 0.24901542309282265 0.24901542309282287 0.2529537307215316; 0.0 0.0 0.0 0.2465554308693545 0.2465554308693545 0.24655543086935472 0.2603337073919363; 0.0 0.0 0.0 0.2512073451626008 0.251207345162601 0.2512073451626007 0.2463779645121975; 0.0 0.0 0.0 0.0 0.0 0.0 0.0; 0.0 0.0 0.0 0.0 0.0 0.0 0.0; 0.0 0.0 0.0 0.25322180087522184 0.25322180087522184 0.2532218008752217 0.2403345973743346]
d: [0.14988799793682278, 0.14988799793682278, 0.14988799793682273]
comparison (CRT and Glb)on prediction: Dict{Bool, Int64}(0 => 54, 1 => 0)
Dataname	 time	 objv	 lb	 gap	 train_w	 train_g	 test_w	 test_g
/work_bgfs/n/navarrodelacruz/odt/optimal_decision_tree/augmented_datasets/glass/glass_828.glass	 26.87	 10.384325304953698	 N/A	 N/A	 66.026	 0.0	 57.407	 0.0
