Running 6 processes.
Start training /work_bgfs/n/navarrodelacruz/odt/optimal_decision_tree/augmented_datasets/glass/glass_949.glass with seed 1.
Any[]
(9, 210)
(9, 105)
(9, 53)
(9, 52)
dimension: 9, class: 6
cart cost: 140.15
size of X: (9, 158)
Using method: Global linear DT optimization
Version identifier: 20.1.0.0 | 2020-11-10 | 9bedb6d68
CPXPARAM_Threads                                 1
CPXPARAM_TimeLimit                               1728000
Tried aggregator 1 time.
No LP presolve or aggregator reductions.
Presolve time = 0.01 sec. (4.48 ticks)
Initializing dual steep norms . . .

Iteration log . . .
Iteration:     1   Dual objective     =             0.000000
Perturbation started.
Iteration:    51   Dual objective     =             0.000000
Iteration:   249   Dual objective     =             0.000042
Iteration:   383   Dual objective     =             0.014853
Iteration:   515   Dual objective     =             0.025319
Iteration:   665   Dual objective     =             0.026082
Iteration:   787   Dual objective     =             0.026831
Iteration:   897   Dual objective     =             0.077770
Iteration:  1009   Dual objective     =             0.078008
Iteration:  1129   Dual objective     =             1.410486
Iteration:  1266   Dual objective     =             1.422892
Iteration:  1403   Dual objective     =             2.161173
Iteration:  1522   Dual objective     =             4.206637
Iteration:  1640   Dual objective     =             5.625293
Iteration:  1776   Dual objective     =             7.050079
Iteration:  1896   Dual objective     =             8.426540
Iteration:  2046   Dual objective     =             9.820646
Iteration:  2202   Dual objective     =            10.521257
Removing perturbation.
9×3 Matrix{Float64}:
 0.0  0.0  0.0
 0.0  0.0  0.0
 1.0  0.0  0.0
 0.0  0.0  0.0
 0.0  0.0  0.0
 0.0  0.0  0.0
 0.0  0.0  1.0
 0.0  1.0  0.0
 0.0  0.0  0.0
3-element Vector{Float64}:
 0.7355959842048605
 0.16012808228052305
 0.26269339136644787
6×7 Matrix{Float64}:
 0.0  0.0  0.0  0.0  0.0  0.0  1.0
 0.0  0.0  0.0  1.0  0.0  1.0  0.0
 0.0  0.0  0.0  0.0  0.0  0.0  0.0
 0.0  0.0  0.0  0.0  0.0  0.0  0.0
 0.0  0.0  0.0  0.0  0.0  0.0  0.0
 0.0  0.0  0.0  0.0  1.0  0.0  0.0
3-element Vector{Float64}:
 1.0
 1.0
 1.0
9×3 Matrix{Float64}:
 0.0         0.0         0.0
 0.0         0.0         0.0
 0.0         0.0         0.0
 0.0         0.0         0.0
 0.0         0.0         0.0
 0.024931    0.024931    0.024931
 0.0188029   0.0188029   0.0188029
 0.0904042   0.0904042   0.0904042
 0.00768378  0.00768378  0.00768378
3-element Vector{Float64}:
 0.14182195562790065
 0.14182195562790062
 0.1418219556279007
6×7 Matrix{Float64}:
 0.0  0.0  0.0  0.252732  0.252732  0.252732  0.241803
 0.0  0.0  0.0  0.256817  0.256817  0.256817  0.22955
 0.0  0.0  0.0  0.265949  0.265949  0.265949  0.202153
 0.0  0.0  0.0  0.0       0.0       0.0       0.0
 0.0  0.0  0.0  0.0       0.0       0.0       0.0
 0.0  0.0  0.0  0.224502  0.224502  0.224502  0.326495
3-element Vector{Float64}:
 0.14182195562790065
 0.14182195562790062
 0.1418219556279007
a: [0.0 0.0 0.0; 0.0 0.0 0.0; 0.0 0.0 0.0; 0.0 0.0 0.0; 0.0 0.0 0.0; 0.02493099341764444 0.02493099341764446 0.02493099341764443; 0.01880294031302481 0.01880294031302583 0.018802940313024933; 0.09040423955836724 0.09040423955836698 0.09040423955836718; 0.007683782338864187 0.007683782338863354 0.007683782338864131]
b: [0.14182195562790065, 0.14182195562790062, 0.1418219556279007]
c: [0.0 0.0 0.0 0.25273248053158764 0.25273248053158764 0.2527324805315877 0.2418025584052373; 0.0 0.0 0.0 0.25681676344219645 0.25681676344219656 0.2568167634421966 0.22954970967341032; 0.0 0.0 0.0 0.26594910947603567 0.2659491094760355 0.2659491094760356 0.20215267157189315; 0.0 0.0 0.0 0.0 0.0 0.0 0.0; 0.0 0.0 0.0 0.0 0.0 0.0 0.0; 0.0 0.0 0.0 0.22450164655018023 0.22450164655018034 0.2245016465501801 0.3264950603494593]
d: [0.14182195562790065, 0.14182195562790062, 0.1418219556279007]
comparison (CRT and Glb)on prediction: Dict{Bool, Int64}(0 => 52, 1 => 0)
Dataname	 time	 objv	 lb	 gap	 train_w	 train_g	 test_w	 test_g
/work_bgfs/n/navarrodelacruz/odt/optimal_decision_tree/augmented_datasets/glass/glass_949.glass	 32.76	 10.521273293344214	 N/A	 N/A	 68.354	 0.0	 63.462	 0.0
