Running 6 processes.
Start training /work_bgfs/n/navarrodelacruz/odt/optimal_decision_tree/augmented_datasets/glass/glass_187.glass with seed 1.
Any[]
(9, 210)
(9, 104)
(9, 52)
(9, 54)
dimension: 9, class: 6
cart cost: 148.55
size of X: (9, 156)
Using method: Global linear DT optimization
Version identifier: 20.1.0.0 | 2020-11-10 | 9bedb6d68
CPXPARAM_Threads                                 1
CPXPARAM_TimeLimit                               1728000
Tried aggregator 1 time.
No LP presolve or aggregator reductions.
Presolve time = 0.01 sec. (4.45 ticks)
Initializing dual steep norms . . .

Iteration log . . .
Iteration:     1   Dual objective     =             0.000000
Perturbation started.
Iteration:    51   Dual objective     =             0.000000
Iteration:   157   Dual objective     =             0.000020
Iteration:   323   Dual objective     =             0.015459
Iteration:   468   Dual objective     =             0.022284
Iteration:   596   Dual objective     =             0.023577
Iteration:   724   Dual objective     =             0.031979
Iteration:   852   Dual objective     =             0.076055
Iteration:  1010   Dual objective     =             1.400059
Iteration:  1145   Dual objective     =             1.435496
Iteration:  1268   Dual objective     =             2.853410
Iteration:  1388   Dual objective     =             5.623221
Iteration:  1517   Dual objective     =             6.334889
Iteration:  1683   Dual objective     =             8.430480
Iteration:  1831   Dual objective     =            10.521596
Removing perturbation.
9×3 Matrix{Float64}:
 0.0  0.0  0.0
 0.0  0.0  0.0
 1.0  0.0  0.0
 0.0  0.0  1.0
 0.0  0.0  0.0
 0.0  0.0  0.0
 0.0  0.0  0.0
 0.0  1.0  0.0
 0.0  0.0  0.0
3-element Vector{Float64}:
 0.581479243820396
 0.13173592904104403
 0.38817793118765964
6×7 Matrix{Float64}:
 0.0  0.0  0.0  0.0  0.0  1.0  0.0
 0.0  0.0  0.0  1.0  0.0  0.0  1.0
 0.0  0.0  0.0  0.0  0.0  0.0  0.0
 0.0  0.0  0.0  0.0  0.0  0.0  0.0
 0.0  0.0  0.0  0.0  0.0  0.0  0.0
 0.0  0.0  0.0  0.0  1.0  0.0  0.0
3-element Vector{Float64}:
 1.0
 1.0
 1.0
9×3 Matrix{Float64}:
 0.0         0.0         0.0
 0.0         0.0         0.0
 0.0         0.0         0.0
 0.0         0.0         0.0
 0.0         0.0         0.0
 0.0337489   0.0337489   0.0337489
 0.00828026  0.00828026  0.00828026
 0.0964116   0.0964116   0.0964116
 0.00648637  0.00648637  0.00648637
3-element Vector{Float64}:
 0.1449271072116176
 0.1449271072116176
 0.1449271072116176
6×7 Matrix{Float64}:
 0.0  0.0  0.0  0.259971  0.259971  0.259971  0.220087
 0.0  0.0  0.0  0.27079   0.27079   0.27079   0.18763
 0.0  0.0  0.0  0.276006  0.276006  0.276006  0.171981
 0.0  0.0  0.0  0.0       0.0       0.0       0.0
 0.0  0.0  0.0  0.0       0.0       0.0       0.0
 0.0  0.0  0.0  0.193232  0.193232  0.193232  0.420303
3-element Vector{Float64}:
 0.1449271072116176
 0.1449271072116176
 0.1449271072116176
a: [0.0 0.0 0.0; 0.0 0.0 0.0; 0.0 0.0 0.0; 0.0 0.0 0.0; 0.0 0.0 0.0; 0.03374885941613923 0.03374885941613928 0.03374885941613957; 0.008280260320238143 0.00828026032023834 0.008280260320235721; 0.09641161995892857 0.09641161995892866 0.09641161995893097; 0.006486367516311674 0.006486367516311351 0.006486367516311354]
b: [0.1449271072116176, 0.1449271072116176, 0.1449271072116176]
c: [0.0 0.0 0.0 0.25997111031223985 0.2599711103122399 0.25997111031224 0.22008666906328073; 0.0 0.0 0.0 0.2707901314302362 0.2707901314302365 0.2707901314302374 0.1876296057092895; 0.0 0.0 0.0 0.27600628978684577 0.27600628978684566 0.27600628978684627 0.1719811306394622; 0.0 0.0 0.0 0.0 0.0 0.0 0.0; 0.0 0.0 0.0 0.0 0.0 0.0 0.0; 0.0 0.0 0.0 0.1932324684706782 0.193232468470678 0.1932324684706763 0.4203025945879676]
d: [0.1449271072116176, 0.1449271072116176, 0.1449271072116176]
comparison (CRT and Glb)on prediction: Dict{Bool, Int64}(0 => 54, 1 => 0)
Dataname	 time	 objv	 lb	 gap	 train_w	 train_g	 test_w	 test_g
/work_bgfs/n/navarrodelacruz/odt/optimal_decision_tree/augmented_datasets/glass/glass_187.glass	 28.71	 10.521739066081775	 N/A	 N/A	 66.026	 0.0	 50.0	 0.0
