Running 6 processes.
Start training /work_bgfs/n/navarrodelacruz/odt/optimal_decision_tree/augmented_datasets/glass/glass_872.glass with seed 1.
Any[]
(9, 210)
(9, 105)
(9, 53)
(9, 52)
dimension: 9, class: 6
cart cost: 148.55
size of X: (9, 158)
Using method: Global linear DT optimization
Version identifier: 20.1.0.0 | 2020-11-10 | 9bedb6d68
CPXPARAM_Threads                                 1
CPXPARAM_TimeLimit                               1728000
Tried aggregator 1 time.
No LP presolve or aggregator reductions.
Presolve time = 0.01 sec. (4.34 ticks)
Initializing dual steep norms . . .

Iteration log . . .
Iteration:     1   Dual objective     =             0.000000
Perturbation started.
Iteration:    51   Dual objective     =             0.000000
Iteration:   238   Dual objective     =             0.000039
Iteration:   360   Dual objective     =             0.012049
Iteration:   485   Dual objective     =             0.021530
Iteration:   608   Dual objective     =             0.032230
Iteration:   782   Dual objective     =             0.039309
Iteration:   922   Dual objective     =             1.416135
Iteration:  1034   Dual objective     =             2.858105
Iteration:  1173   Dual objective     =             4.276396
Iteration:  1305   Dual objective     =             7.019026
Iteration:  1438   Dual objective     =             9.125369
Iteration:  1546   Dual objective     =            10.522476
Iteration:  1703   Dual objective     =            10.522552
Removing perturbation.
9×3 Matrix{Float64}:
 0.0  0.0  0.0
 0.0  0.0  0.0
 1.0  0.0  0.0
 0.0  0.0  1.0
 0.0  0.0  0.0
 0.0  0.0  0.0
 0.0  0.0  0.0
 0.0  1.0  0.0
 0.0  0.0  0.0
3-element Vector{Float64}:
 0.611738953942213
 0.1607491060030641
 0.349077450111155
6×7 Matrix{Float64}:
 0.0  0.0  0.0  0.0  0.0  1.0  0.0
 0.0  0.0  0.0  1.0  0.0  0.0  1.0
 0.0  0.0  0.0  0.0  0.0  0.0  0.0
 0.0  0.0  0.0  0.0  0.0  0.0  0.0
 0.0  0.0  0.0  0.0  0.0  0.0  0.0
 0.0  0.0  0.0  0.0  1.0  0.0  0.0
3-element Vector{Float64}:
 1.0
 1.0
 1.0
9×3 Matrix{Float64}:
 0.0         0.0         0.0
 0.0146622   0.0146622   0.0146622
 0.0177635   0.0177635   0.0177635
 0.0         0.0         0.0
 0.0224306   0.0224306   0.0224306
 0.0352716   0.0352716   0.0352716
 0.0407126   0.0407126   0.0407126
 0.0170179   0.0170179   0.0170179
 0.00223885  0.00223885  0.00223885
3-element Vector{Float64}:
 0.15009718721840612
 0.15009718721840615
 0.1500971872184061
6×7 Matrix{Float64}:
 0.0  0.0  0.0  0.250047  0.250047  0.250047  0.249859
 0.0  0.0  0.0  0.248404  0.248404  0.248404  0.254789
 0.0  0.0  0.0  0.251099  0.251099  0.251099  0.246703
 0.0  0.0  0.0  0.0       0.0       0.0       0.0
 0.0  0.0  0.0  0.0       0.0       0.0       0.0
 0.0  0.0  0.0  0.25045   0.25045   0.25045   0.24865
3-element Vector{Float64}:
 0.15009718721840612
 0.15009718721840615
 0.1500971872184061
a: [0.0 0.0 0.0; 0.014662200085514734 0.01466220008551522 0.01466220008551473; 0.017763470455788074 0.017763470455788192 0.017763470455788077; 0.0 0.0 0.0; 0.022430645862122085 0.02243064586212177 0.022430645862122175; 0.035271556044712056 0.035271556044711994 0.035271556044712056; 0.04071260115025148 0.04071260115025138 0.04071260115025133; 0.01701786142653187 0.017017861426531836 0.01701786142653193; 0.002238852193485826 0.002238852193485774 0.0022388521934858033]
b: [0.15009718721840612, 0.15009718721840615, 0.1500971872184061]
c: [0.0 0.0 0.0 0.25004709796480884 0.2500470979648087 0.25004709796480895 0.2498587061055738; 0.0 0.0 0.0 0.2484038192249042 0.248403819224904 0.248403819224904 0.25478854232528775; 0.0 0.0 0.0 0.25109902842401843 0.2510990284240184 0.2510990284240183 0.2467029147279448; 0.0 0.0 0.0 0.0 0.0 0.0 0.0; 0.0 0.0 0.0 0.0 0.0 0.0 0.0; 0.0 0.0 0.0 0.2504500543862686 0.25045005438626883 0.2504500543862687 0.24864983684119357]
d: [0.15009718721840612, 0.15009718721840615, 0.1500971872184061]
comparison (CRT and Glb)on prediction: Dict{Bool, Int64}(0 => 52, 1 => 0)
Dataname	 time	 objv	 lb	 gap	 train_w	 train_g	 test_w	 test_g
/work_bgfs/n/navarrodelacruz/odt/optimal_decision_tree/augmented_datasets/glass/glass_872.glass	 28.63	 10.522514578082797	 N/A	 N/A	 66.456	 0.0	 61.538	 0.0
