Running 6 processes.
Start training /work_bgfs/n/navarrodelacruz/odt/optimal_decision_tree/augmented_datasets/glass/glass_877.glass with seed 1.
Any[]
(9, 210)
(9, 104)
(9, 52)
(9, 54)
dimension: 9, class: 6
cart cost: 135.54473684210527
size of X: (9, 156)
Using method: Global linear DT optimization
Version identifier: 20.1.0.0 | 2020-11-10 | 9bedb6d68
CPXPARAM_Threads                                 1
CPXPARAM_TimeLimit                               1728000
Tried aggregator 1 time.
No LP presolve or aggregator reductions.
Presolve time = 0.01 sec. (4.42 ticks)
Initializing dual steep norms . . .

Iteration log . . .
Iteration:     1   Dual objective     =             0.000000
Perturbation started.
Iteration:    51   Dual objective     =             0.000000
Iteration:   246   Dual objective     =             0.000040
Iteration:   363   Dual objective     =             0.010656
Iteration:   490   Dual objective     =             0.018184
Iteration:   611   Dual objective     =             0.018208
Iteration:   724   Dual objective     =             0.031313
Iteration:   846   Dual objective     =             0.731216
Iteration:   964   Dual objective     =             2.089540
Iteration:  1066   Dual objective     =             3.489488
Iteration:  1184   Dual objective     =             4.185712
Iteration:  1300   Dual objective     =             4.883279
Iteration:  1428   Dual objective     =             5.553767
Iteration:  1565   Dual objective     =             6.966645
Iteration:  1690   Dual objective     =             9.012217
Iteration:  1837   Dual objective     =             9.676579
Iteration:  1981   Dual objective     =            10.368196
Iteration:  2115   Dual objective     =            10.383040
Iteration:  2251   Dual objective     =            10.384358
Removing perturbation.
Iteration:  2400   Scaled dual infeas =             0.000000
Iteration:  2401   Dual objective     =            10.384396
9×3 Matrix{Float64}:
 0.0  0.0  0.0
 0.0  0.0  0.0
 1.0  0.0  0.0
 0.0  0.0  1.0
 0.0  0.0  0.0
 0.0  0.0  0.0
 0.0  0.0  0.0
 0.0  1.0  0.0
 0.0  0.0  0.0
3-element Vector{Float64}:
 0.5938591211896362
 0.1231352675764681
 0.3605056187953122
6×7 Matrix{Float64}:
 0.0  0.0  0.0  0.0  0.0  1.0  0.0
 0.0  0.0  0.0  1.0  0.0  0.0  1.0
 0.0  0.0  0.0  0.0  0.0  0.0  0.0
 0.0  0.0  0.0  0.0  0.0  0.0  0.0
 0.0  0.0  0.0  0.0  0.0  0.0  0.0
 0.0  0.0  0.0  0.0  1.0  0.0  0.0
3-element Vector{Float64}:
 1.0
 1.0
 1.0
9×3 Matrix{Float64}:
 0.0        0.0        0.0
 0.0145095  0.0145095  0.0145095
 0.0183152  0.0183152  0.0183152
 0.0        0.0        0.0
 0.0213051  0.0213051  0.0213051
 0.0355618  0.0355618  0.0355618
 0.0412384  0.0412384  0.0412384
 0.0194284  0.0194284  0.0194284
 0.0        0.0        0.0
3-element Vector{Float64}:
 0.15035835594466107
 0.15035835594466107
 0.15035835594466115
6×7 Matrix{Float64}:
 0.0  0.0  0.0  0.25143   0.25143   0.25143   0.245709
 0.0  0.0  0.0  0.246246  0.246246  0.246246  0.261262
 0.0  0.0  0.0  0.251952  0.251952  0.251952  0.244143
 0.0  0.0  0.0  0.0       0.0       0.0       0.0
 0.0  0.0  0.0  0.0       0.0       0.0       0.0
 0.0  0.0  0.0  0.250371  0.250371  0.250371  0.248887
3-element Vector{Float64}:
 0.15035835594466107
 0.15035835594466107
 0.15035835594466115
a: [0.0 0.0 0.0; 0.014509481711552804 0.01450948171156305 0.014509481711547357; 0.01831519672924513 0.018315196729238946 0.018315196729245906; 0.0 0.0 0.0; 0.02130510838474714 0.021305108384744642 0.021305108384742463; 0.035561775735786366 0.035561775735782446 0.035561775735788566; 0.04123844264417709 0.041238442644183845 0.0412384426441822; 0.0194283507391525 0.019428350739148195 0.019428350739154627; 0.0 0.0 0.0]
b: [0.15035835594466107, 0.15035835594466107, 0.15035835594466115]
c: [0.0 0.0 0.0 0.2514304781425802 0.25143047814257924 0.25143047814258085 0.24570856557225967; 0.0 0.0 0.0 0.2462461293788834 0.2462461293788833 0.24624612937887702 0.2612616118633562; 0.0 0.0 0.0 0.25195245364431135 0.2519524536443123 0.251952453644314 0.24414263906706235; 0.0 0.0 0.0 0.0 0.0 0.0 0.0; 0.0 0.0 0.0 0.0 0.0 0.0 0.0; 0.0 0.0 0.0 0.25037093883422507 0.2503709388342252 0.25037093883422806 0.2488871834973217]
d: [0.15035835594466107, 0.15035835594466107, 0.15035835594466115]
comparison (CRT and Glb)on prediction: Dict{Bool, Int64}(0 => 54, 1 => 0)
Dataname	 time	 objv	 lb	 gap	 train_w	 train_g	 test_w	 test_g
/work_bgfs/n/navarrodelacruz/odt/optimal_decision_tree/augmented_datasets/glass/glass_877.glass	 34.02	 10.384395858654862	 N/A	 N/A	 68.59	 0.0	 61.111	 0.0
