Running 6 processes.
Start training /work_bgfs/n/navarrodelacruz/odt/optimal_decision_tree/augmented_datasets/glass/glass_185.glass with seed 1.
Any[]
(9, 210)
(9, 104)
(9, 52)
(9, 54)
dimension: 9, class: 6
cart cost: 145.75
size of X: (9, 156)
Using method: Global linear DT optimization
Version identifier: 20.1.0.0 | 2020-11-10 | 9bedb6d68
CPXPARAM_Threads                                 1
CPXPARAM_TimeLimit                               1728000
Tried aggregator 1 time.
No LP presolve or aggregator reductions.
Presolve time = 0.01 sec. (4.42 ticks)
Initializing dual steep norms . . .

Iteration log . . .
Iteration:     1   Dual objective     =             0.000000
Perturbation started.
Iteration:    51   Dual objective     =             0.000000
Iteration:   175   Dual objective     =             0.000022
Iteration:   341   Dual objective     =             0.010413
Iteration:   466   Dual objective     =             0.022922
Iteration:   609   Dual objective     =             0.039507
Iteration:   728   Dual objective     =             0.050472
Iteration:   886   Dual objective     =             0.743790
Iteration:  1025   Dual objective     =             1.477308
Iteration:  1161   Dual objective     =             2.809746
Iteration:  1282   Dual objective     =             4.929077
Iteration:  1384   Dual objective     =             5.626769
Iteration:  1523   Dual objective     =             5.639134
Iteration:  1667   Dual objective     =             8.420424
Iteration:  1791   Dual objective     =             9.157231
Iteration:  1920   Dual objective     =             9.807130
Iteration:  2055   Dual objective     =            10.520516
Iteration:  2193   Dual objective     =            10.522444
Iteration:  2324   Dual objective     =            10.522540
Removing perturbation.
9×3 Matrix{Float64}:
 0.0  0.0  0.0
 0.0  0.0  0.0
 1.0  0.0  0.0
 0.0  0.0  0.0
 0.0  0.0  0.0
 0.0  0.0  0.0
 0.0  0.0  1.0
 0.0  1.0  0.0
 0.0  0.0  0.0
3-element Vector{Float64}:
 0.6057087897623552
 0.1450780783882742
 0.2606785897428884
6×7 Matrix{Float64}:
 0.0  0.0  0.0  0.0  0.0  0.0  1.0
 0.0  0.0  0.0  1.0  0.0  1.0  0.0
 0.0  0.0  0.0  0.0  0.0  0.0  0.0
 0.0  0.0  0.0  0.0  0.0  0.0  0.0
 0.0  0.0  0.0  0.0  0.0  0.0  0.0
 0.0  0.0  0.0  0.0  1.0  0.0  0.0
3-element Vector{Float64}:
 1.0
 1.0
 1.0
9×3 Matrix{Float64}:
 0.0         0.0         0.0
 0.0126491   0.0126491   0.0126491
 0.0153137   0.0153137   0.0153137
 0.0         0.0         0.0
 0.0189144   0.0189144   0.0189144
 0.03522     0.03522     0.03522
 0.0487694   0.0487694   0.0487694
 0.0164637   0.0164637   0.0164637
 0.00271984  0.00271984  0.00271984
3-element Vector{Float64}:
 0.15005021702768068
 0.15005021702768068
 0.15005021702768068
6×7 Matrix{Float64}:
 0.0  0.0  0.0  0.250688  0.250688  0.250688  0.247937
 0.0  0.0  0.0  0.242356  0.242356  0.242356  0.272931
 0.0  0.0  0.0  0.252631  0.252631  0.252631  0.242108
 0.0  0.0  0.0  0.0       0.0       0.0       0.0
 0.0  0.0  0.0  0.0       0.0       0.0       0.0
 0.0  0.0  0.0  0.254325  0.254325  0.254325  0.237025
3-element Vector{Float64}:
 0.15005021702768068
 0.15005021702768068
 0.15005021702768068
a: [0.0 0.0 0.0; 0.012649115450134977 0.012649115450136486 0.012649115450150909; 0.015313730117021035 0.015313730117021307 0.015313730117009901; 0.0 0.0 0.0; 0.018914448173900665 0.01891444817389977 0.01891444817388523; 0.03521995914093233 0.035219959140930776 0.03521995914092804; 0.0487694403419874 0.04876944034198805 0.048769440342010584; 0.01646368117176108 0.01646368117176027 0.016463681171756304; 0.00271984263194313 0.0027198426319440146 0.0027198426319395997]
b: [0.15005021702768068, 0.15005021702768068, 0.15005021702768068]
c: [0.0 0.0 0.0 0.2506877207338781 0.250687720733879 0.2506877207338793 0.24793683779836242; 0.0 0.0 0.0 0.2423564377566615 0.24235643775665983 0.24235643775665033 0.2729306867300295; 0.0 0.0 0.0 0.25263073902869604 0.25263073902869687 0.25263073902870203 0.24210778291390506; 0.0 0.0 0.0 0.0 0.0 0.0 0.0; 0.0 0.0 0.0 0.0 0.0 0.0 0.0; 0.0 0.0 0.0 0.25432510248076434 0.25432510248076434 0.25432510248076834 0.237024692557703]
d: [0.15005021702768068, 0.15005021702768068, 0.15005021702768068]
comparison (CRT and Glb)on prediction: Dict{Bool, Int64}(0 => 54, 1 => 0)
Dataname	 time	 objv	 lb	 gap	 train_w	 train_g	 test_w	 test_g
/work_bgfs/n/navarrodelacruz/odt/optimal_decision_tree/augmented_datasets/glass/glass_185.glass	 28.11	 10.522507532554178	 N/A	 N/A	 66.667	 0.0	 59.259	 0.0
