Running 6 processes.
Start training /work_bgfs/n/navarrodelacruz/odt/optimal_decision_tree/augmented_datasets/glass/glass_988.glass with seed 1.
Any[]
(9, 210)
(9, 104)
(9, 52)
(9, 54)
dimension: 9, class: 6
cart cost: 145.75
size of X: (9, 156)
Using method: Global linear DT optimization
Version identifier: 20.1.0.0 | 2020-11-10 | 9bedb6d68
CPXPARAM_Threads                                 1
CPXPARAM_TimeLimit                               1728000
Tried aggregator 1 time.
No LP presolve or aggregator reductions.
Presolve time = 0.01 sec. (4.42 ticks)
Initializing dual steep norms . . .

Iteration log . . .
Iteration:     1   Dual objective     =             0.000000
Perturbation started.
Iteration:    51   Dual objective     =             0.000000
Iteration:   182   Dual objective     =             0.000040
Iteration:   338   Dual objective     =             0.700080
Iteration:   476   Dual objective     =             1.400009
Iteration:   611   Dual objective     =             1.413080
Iteration:   746   Dual objective     =             1.417371
Iteration:   867   Dual objective     =             1.449857
Iteration:  1002   Dual objective     =             2.139071
Iteration:  1135   Dual objective     =             4.939648
Iteration:  1281   Dual objective     =             7.056517
Iteration:  1418   Dual objective     =             8.413249
Iteration:  1533   Dual objective     =            10.521640
Iteration:  1680   Dual objective     =            10.522559
Removing perturbation.
9×3 Matrix{Float64}:
 0.0  0.0  0.0
 0.0  0.0  0.0
 1.0  0.0  0.0
 0.0  0.0  1.0
 0.0  0.0  0.0
 0.0  0.0  0.0
 0.0  0.0  0.0
 0.0  1.0  0.0
 0.0  0.0  0.0
3-element Vector{Float64}:
 0.6103553334851988
 0.14345591741999364
 0.3565531871629025
6×7 Matrix{Float64}:
 0.0  0.0  0.0  0.0  0.0  1.0  0.0
 0.0  0.0  0.0  1.0  0.0  0.0  1.0
 0.0  0.0  0.0  0.0  0.0  0.0  0.0
 0.0  0.0  0.0  0.0  0.0  0.0  0.0
 0.0  0.0  0.0  0.0  0.0  0.0  0.0
 0.0  0.0  0.0  0.0  1.0  0.0  0.0
3-element Vector{Float64}:
 1.0
 1.0
 1.0
9×3 Matrix{Float64}:
 0.0          0.0          0.0
 0.0117988    0.0117988    0.0117988
 0.0158409    0.0158409    0.0158409
 0.0          0.0          0.0
 0.0206067    0.0206067    0.0206067
 0.0357548    0.0357548    0.0357548
 0.0486962    0.0486962    0.0486962
 0.0166526    0.0166526    0.0166526
 0.000864791  0.000864791  0.000864791
3-element Vector{Float64}:
 0.1502148366979111
 0.1502148366979111
 0.15021483669791108
6×7 Matrix{Float64}:
 0.0  0.0  0.0  0.251753  0.251753  0.251753  0.244742
 0.0  0.0  0.0  0.242865  0.242865  0.242865  0.271405
 0.0  0.0  0.0  0.252171  0.252171  0.252171  0.243488
 0.0  0.0  0.0  0.0       0.0       0.0       0.0
 0.0  0.0  0.0  0.0       0.0       0.0       0.0
 0.0  0.0  0.0  0.253212  0.253212  0.253212  0.240365
3-element Vector{Float64}:
 0.1502148366979111
 0.1502148366979111
 0.15021483669791108
a: [0.0 0.0 0.0; 0.01179878966655835 0.011798789666550555 0.011798789666553624; 0.015840887251903763 0.015840887251906688 0.01584088725190845; 0.0 0.0 0.0; 0.020606722138885376 0.02060672213888931 0.020606722138890376; 0.035754826781785515 0.03575482678178793 0.03575482678178753; 0.04869618705374329 0.04869618705374138 0.04869618705373567; 0.016652632490062016 0.01665263249006516 0.016652632490064413; 0.0008647913149728223 0.0008647913149700849 0.0008647913149710251]
b: [0.1502148366979111, 0.1502148366979111, 0.15021483669791108]
c: [0.0 0.0 0.0 0.2517526410181311 0.25175264101813033 0.25175264101812944 0.24474207694560912; 0.0 0.0 0.0 0.24286498663340064 0.24286498663340053 0.2428649866334047 0.27140504009979416; 0.0 0.0 0.0 0.2521707431580835 0.25217074315808446 0.25217074315808263 0.24348777052574933; 0.0 0.0 0.0 0.0 0.0 0.0 0.0; 0.0 0.0 0.0 0.0 0.0 0.0 0.0; 0.0 0.0 0.0 0.25321162919038476 0.2532116291903847 0.2532116291903832 0.2403651124288474]
d: [0.1502148366979111, 0.1502148366979111, 0.15021483669791108]
comparison (CRT and Glb)on prediction: Dict{Bool, Int64}(0 => 54, 1 => 0)
Dataname	 time	 objv	 lb	 gap	 train_w	 train_g	 test_w	 test_g
/work_bgfs/n/navarrodelacruz/odt/optimal_decision_tree/augmented_datasets/glass/glass_988.glass	 28.37	 10.522532225504722	 N/A	 N/A	 66.667	 0.0	 57.407	 0.0
