Running 6 processes.
Start training /work_bgfs/n/navarrodelacruz/odt/optimal_decision_tree/augmented_datasets/glass/glass_163.glass with seed 1.
Any[]
(9, 210)
(9, 104)
(9, 52)
(9, 54)
dimension: 9, class: 6
cart cost: 150.5554054054054
size of X: (9, 156)
Using method: Global linear DT optimization
Version identifier: 20.1.0.0 | 2020-11-10 | 9bedb6d68
CPXPARAM_Threads                                 1
CPXPARAM_TimeLimit                               1728000
Tried aggregator 1 time.
No LP presolve or aggregator reductions.
Presolve time = 0.01 sec. (4.41 ticks)
Initializing dual steep norms . . .

Iteration log . . .
Iteration:     1   Dual objective     =             0.000000
Perturbation started.
Iteration:    51   Dual objective     =             0.000000
Iteration:   163   Dual objective     =             0.000019
Iteration:   313   Dual objective     =             0.008256
Iteration:   447   Dual objective     =             0.015578
Iteration:   586   Dual objective     =             0.077501
Iteration:   763   Dual objective     =             0.735549
Iteration:   904   Dual objective     =             2.160520
Iteration:  1060   Dual objective     =             4.276054
Iteration:  1190   Dual objective     =             5.043020
Iteration:  1314   Dual objective     =             6.418828
Iteration:  1451   Dual objective     =             8.570559
Iteration:  1608   Dual objective     =             9.260999
Iteration:  1738   Dual objective     =            10.661988
Iteration:  1873   Dual objective     =            10.664073
Iteration:  2015   Dual objective     =            10.664436
Iteration:  2164   Dual objective     =            10.664468
Removing perturbation.
9×3 Matrix{Float64}:
 0.0  0.0  0.0
 0.0  0.0  0.0
 1.0  0.0  0.0
 0.0  0.0  0.0
 0.0  0.0  0.0
 0.0  0.0  0.0
 0.0  0.0  1.0
 0.0  1.0  0.0
 0.0  0.0  0.0
3-element Vector{Float64}:
 0.7293070229985962
 0.18114785987678567
 0.2767630245012779
6×7 Matrix{Float64}:
 0.0  0.0  0.0  0.0  0.0  0.0  1.0
 0.0  0.0  0.0  1.0  0.0  1.0  0.0
 0.0  0.0  0.0  0.0  0.0  0.0  0.0
 0.0  0.0  0.0  0.0  0.0  0.0  0.0
 0.0  0.0  0.0  0.0  0.0  0.0  0.0
 0.0  0.0  0.0  0.0  1.0  0.0  0.0
3-element Vector{Float64}:
 1.0
 1.0
 1.0
9×3 Matrix{Float64}:
 0.0         0.0         0.0
 0.0236278   0.0236278   0.0236278
 0.016633    0.016633    0.016633
 0.0         0.0         0.0
 0.0174392   0.0174392   0.0174392
 0.0338779   0.0338779   0.0338779
 0.0335818   0.0335818   0.0335818
 0.0156259   0.0156259   0.0156259
 0.00938984  0.00938984  0.00938984
3-element Vector{Float64}:
 0.15017533523698148
 0.15017533523698148
 0.15017533523698148
6×7 Matrix{Float64}:
 0.0  0.0  0.0  0.249364  0.249364  0.249364  0.251909
 0.0  0.0  0.0  0.24955   0.24955   0.24955   0.25135
 0.0  0.0  0.0  0.249636  0.249636  0.249636  0.251091
 0.0  0.0  0.0  0.0       0.0       0.0       0.0
 0.0  0.0  0.0  0.0       0.0       0.0       0.0
 0.0  0.0  0.0  0.25145   0.25145   0.25145   0.24565
3-element Vector{Float64}:
 0.15017533523698148
 0.15017533523698148
 0.15017533523698148
a: [0.0 0.0 0.0; 0.02362777143157845 0.023627771431578043 0.0236277714315801; 0.016632959215512333 0.016632959215512482 0.016632959215512833; 0.0 0.0 0.0; 0.017439193728625582 0.01743919372862565 0.017439193728623473; 0.033877855143580486 0.03387785514358065 0.03387785514357987; 0.033581838938791506 0.03358183893879116 0.033581838938794434; 0.01562588063310326 0.015625880633103453 0.015625880633101982; 0.00938983614578993 0.009389836145790045 0.009389836145788762]
b: [0.15017533523698148, 0.15017533523698148, 0.15017533523698148]
c: [0.0 0.0 0.0 0.24936379044497717 0.24936379044497722 0.2493637904449766 0.2519086286650696; 0.0 0.0 0.0 0.24954991013185604 0.24954991013185637 0.24954991013185587 0.25135026960443174; 0.0 0.0 0.0 0.2496362835306472 0.24963628353064718 0.24963628353064682 0.2510911494080582; 0.0 0.0 0.0 0.0 0.0 0.0 0.0; 0.0 0.0 0.0 0.0 0.0 0.0 0.0; 0.0 0.0 0.0 0.2514500158925196 0.2514500158925193 0.2514500158925207 0.2456499523224404]
d: [0.15017533523698148, 0.15017533523698148, 0.15017533523698148]
comparison (CRT and Glb)on prediction: Dict{Bool, Int64}(0 => 54, 1 => 0)
Dataname	 time	 objv	 lb	 gap	 train_w	 train_g	 test_w	 test_g
/work_bgfs/n/navarrodelacruz/odt/optimal_decision_tree/augmented_datasets/glass/glass_163.glass	 27.37	 10.664418192177429	 N/A	 N/A	 66.026	 0.0	 61.111	 0.0
