Running 6 processes.
Start training /work_bgfs/n/navarrodelacruz/odt/optimal_decision_tree/augmented_datasets/glass/glass_428.glass with seed 1.
Any[]
(9, 210)
(9, 104)
(9, 52)
(9, 54)
dimension: 9, class: 6
cart cost: 141.07105263157894
size of X: (9, 156)
Using method: Global linear DT optimization
Version identifier: 20.1.0.0 | 2020-11-10 | 9bedb6d68
CPXPARAM_Threads                                 1
CPXPARAM_TimeLimit                               1728000
Tried aggregator 1 time.
No LP presolve or aggregator reductions.
Presolve time = 0.01 sec. (4.41 ticks)
Initializing dual steep norms . . .

Iteration log . . .
Iteration:     1   Dual objective     =             0.000000
Perturbation started.
Iteration:    51   Dual objective     =             0.000000
Iteration:   241   Dual objective     =             0.000040
Iteration:   397   Dual objective     =             0.709775
Iteration:   518   Dual objective     =             0.720176
Iteration:   646   Dual objective     =             0.751994
Iteration:   770   Dual objective     =             0.753491
Iteration:   885   Dual objective     =             1.388292
Iteration:  1019   Dual objective     =             2.797277
Iteration:  1149   Dual objective     =             4.171515
Iteration:  1296   Dual objective     =             6.045777
Iteration:  1455   Dual objective     =             8.289561
Iteration:  1593   Dual objective     =             8.302940
Iteration:  1734   Dual objective     =             9.691237
Iteration:  1859   Dual objective     =            10.362992
Iteration:  2003   Dual objective     =            10.383718
Iteration:  2123   Dual objective     =            10.384453
Removing perturbation.
9×3 Matrix{Float64}:
 0.0  0.0  0.0
 0.0  1.0  0.0
 1.0  0.0  0.0
 0.0  0.0  0.0
 0.0  0.0  0.0
 0.0  0.0  0.0
 0.0  0.0  1.0
 0.0  0.0  0.0
 0.0  0.0  0.0
3-element Vector{Float64}:
 0.7568062243523469
 0.49121669684071617
 0.2637073457200513
6×7 Matrix{Float64}:
 0.0  0.0  0.0  0.0  0.0  0.0  1.0
 0.0  0.0  0.0  1.0  0.0  1.0  0.0
 0.0  0.0  0.0  0.0  0.0  0.0  0.0
 0.0  0.0  0.0  0.0  0.0  0.0  0.0
 0.0  0.0  0.0  0.0  0.0  0.0  0.0
 0.0  0.0  0.0  0.0  1.0  0.0  0.0
3-element Vector{Float64}:
 1.0
 1.0
 1.0
9×3 Matrix{Float64}:
 0.0          0.0          0.0
 0.0119074    0.0119074    0.0119074
 0.0173253    0.0173253    0.0173253
 0.0          0.0          0.0
 0.0220238    0.0220238    0.0220238
 0.0356078    0.0356078    0.0356078
 0.0460054    0.0460054    0.0460054
 0.0165664    0.0165664    0.0165664
 0.000936949  0.000936949  0.000936949
3-element Vector{Float64}:
 0.15037304959162656
 0.15037304959162656
 0.15037304959162656
6×7 Matrix{Float64}:
 0.0  0.0  0.0  0.250662  0.250662  0.250662  0.248013
 0.0  0.0  0.0  0.245352  0.245352  0.245352  0.263945
 0.0  0.0  0.0  0.250507  0.250507  0.250507  0.24848
 0.0  0.0  0.0  0.0       0.0       0.0       0.0
 0.0  0.0  0.0  0.0       0.0       0.0       0.0
 0.0  0.0  0.0  0.253479  0.253479  0.253479  0.239562
3-element Vector{Float64}:
 0.15037304959162656
 0.15037304959162656
 0.15037304959162656
a: [0.0 0.0 0.0; 0.01190743461007035 0.011907434610069725 0.011907434610069545; 0.017325286322694138 0.017325286322694495 0.01732528632269478; 0.0 0.0 0.0; 0.022023825741303637 0.022023825741303796 0.02202382574130337; 0.03560776937539645 0.03560776937539678 0.03560776937539686; 0.046005417913901475 0.046005417913901586 0.046005417913901656; 0.016566366949097786 0.01656636694909812 0.016566366949098462; 0.0009369486791627885 0.0009369486791620529 0.0009369486791620252]
b: [0.15037304959162656, 0.15037304959162656, 0.15037304959162656]
c: [0.0 0.0 0.0 0.25066227629721 0.2506622762972096 0.25066227629720983 0.24801317110837062; 0.0 0.0 0.0 0.24535156825103596 0.24535156825103618 0.24535156825103602 0.2639452952468918; 0.0 0.0 0.0 0.2505067762711906 0.2505067762711908 0.25050677627119067 0.248479671186428; 0.0 0.0 0.0 0.0 0.0 0.0 0.0; 0.0 0.0 0.0 0.0 0.0 0.0 0.0; 0.0 0.0 0.0 0.25347937918056346 0.25347937918056346 0.2534793791805635 0.23956186245830957]
d: [0.15037304959162656, 0.15037304959162656, 0.15037304959162656]
comparison (CRT and Glb)on prediction: Dict{Bool, Int64}(0 => 54, 1 => 0)
Dataname	 time	 objv	 lb	 gap	 train_w	 train_g	 test_w	 test_g
/work_bgfs/n/navarrodelacruz/odt/optimal_decision_tree/augmented_datasets/glass/glass_428.glass	 65.7	 10.38439806270193	 N/A	 N/A	 67.308	 0.0	 57.407	 0.0
