Running 6 processes.
Start training /work_bgfs/n/navarrodelacruz/odt/optimal_decision_tree/augmented_datasets/glass/glass_879.glass with seed 1.
Any[]
(9, 210)
(9, 104)
(9, 52)
(9, 54)
dimension: 9, class: 6
cart cost: 142.94999999999996
size of X: (9, 156)
Using method: Global linear DT optimization
Version identifier: 20.1.0.0 | 2020-11-10 | 9bedb6d68
CPXPARAM_Threads                                 1
CPXPARAM_TimeLimit                               1728000
Tried aggregator 1 time.
No LP presolve or aggregator reductions.
Presolve time = 0.01 sec. (4.29 ticks)
Initializing dual steep norms . . .

Iteration log . . .
Iteration:     1   Dual objective     =             0.000000
Perturbation started.
Iteration:    51   Dual objective     =             0.000000
Iteration:   199   Dual objective     =             0.000029
Iteration:   356   Dual objective     =             0.010841
Iteration:   498   Dual objective     =             0.023102
Iteration:   637   Dual objective     =             0.025691
Iteration:   771   Dual objective     =             0.030976
Iteration:   923   Dual objective     =             0.039222
Iteration:  1054   Dual objective     =             0.742232
Iteration:  1196   Dual objective     =             1.426130
Iteration:  1320   Dual objective     =             2.155797
Iteration:  1459   Dual objective     =             4.932950
Iteration:  1590   Dual objective     =             7.025613
Iteration:  1718   Dual objective     =             8.406521
Iteration:  1876   Dual objective     =             8.423499
Iteration:  2015   Dual objective     =            10.519626
Removing perturbation.
9×3 Matrix{Float64}:
 0.0  0.0  0.0
 0.0  0.0  0.0
 1.0  0.0  0.0
 0.0  0.0  1.0
 0.0  0.0  0.0
 0.0  0.0  0.0
 0.0  0.0  0.0
 0.0  1.0  0.0
 0.0  0.0  0.0
3-element Vector{Float64}:
 0.5848828090603497
 0.14868401534750977
 0.350475636899224
6×7 Matrix{Float64}:
 0.0  0.0  0.0  0.0  0.0  1.0  0.0
 0.0  0.0  0.0  1.0  0.0  0.0  1.0
 0.0  0.0  0.0  0.0  0.0  0.0  0.0
 0.0  0.0  0.0  0.0  0.0  0.0  0.0
 0.0  0.0  0.0  0.0  0.0  0.0  0.0
 0.0  0.0  0.0  0.0  1.0  0.0  0.0
3-element Vector{Float64}:
 1.0
 1.0
 1.0
9×3 Matrix{Float64}:
 0.0        0.0        0.0
 0.0        0.0        0.0
 0.0        0.0        0.0
 0.0        0.0        0.0
 0.0        0.0        0.0
 0.0361112  0.0361112  0.0361112
 0.0139489  0.0139489  0.0139489
 0.0959461  0.0959461  0.0959461
 0.0        0.0        0.0
3-element Vector{Float64}:
 0.1460060915752222
 0.1460060915752222
 0.1460060915752222
6×7 Matrix{Float64}:
 0.0  0.0  0.0  0.265249  0.265249  0.265249  0.204253
 0.0  0.0  0.0  0.270108  0.270108  0.270108  0.189676
 0.0  0.0  0.0  0.278151  0.278151  0.278151  0.165546
 0.0  0.0  0.0  0.0       0.0       0.0       0.0
 0.0  0.0  0.0  0.0       0.0       0.0       0.0
 0.0  0.0  0.0  0.186492  0.186492  0.186492  0.440525
3-element Vector{Float64}:
 0.1460060915752222
 0.1460060915752222
 0.1460060915752222
a: [0.0 0.0 0.0; 0.0 0.0 0.0; 0.0 0.0 0.0; 0.0 0.0 0.0; 0.0 0.0 0.0; 0.03611115447717713 0.03611115447717736 0.036111154477177096; 0.01394886115441031 0.013948861154410297 0.01394886115441027; 0.09594607594363475 0.09594607594363455 0.09594607594363483; 0.0 0.0 0.0]
b: [0.1460060915752222, 0.1460060915752222, 0.1460060915752222]
c: [0.0 0.0 0.0 0.2652489692741369 0.26524896927413705 0.2652489692741371 0.20425309217758908; 0.0 0.0 0.0 0.27010815987415326 0.2701081598741532 0.27010815987415315 0.18967552037754032; 0.0 0.0 0.0 0.2781512579587119 0.27815125795871165 0.2781512579587116 0.16554622612386488; 0.0 0.0 0.0 0.0 0.0 0.0 0.0; 0.0 0.0 0.0 0.0 0.0 0.0 0.0; 0.0 0.0 0.0 0.18649161289299798 0.18649161289299807 0.1864916128929981 0.4405251613210058]
d: [0.1460060915752222, 0.1460060915752222, 0.1460060915752222]
comparison (CRT and Glb)on prediction: Dict{Bool, Int64}(0 => 54, 1 => 0)
Dataname	 time	 objv	 lb	 gap	 train_w	 train_g	 test_w	 test_g
/work_bgfs/n/navarrodelacruz/odt/optimal_decision_tree/augmented_datasets/glass/glass_879.glass	 34.19	 10.521900913736312	 N/A	 N/A	 67.308	 0.0	 53.704	 0.0
