Running 6 processes.
Start training /work_bgfs/n/navarrodelacruz/odt/optimal_decision_tree/augmented_datasets/glass/glass_270.glass with seed 1.
Any[]
(9, 210)
(9, 105)
(9, 53)
(9, 52)
dimension: 9, class: 6
cart cost: 156.95
size of X: (9, 158)
Using method: Global linear DT optimization
Version identifier: 20.1.0.0 | 2020-11-10 | 9bedb6d68
CPXPARAM_Threads                                 1
CPXPARAM_TimeLimit                               1728000
Tried aggregator 1 time.
No LP presolve or aggregator reductions.
Presolve time = 0.01 sec. (4.48 ticks)
Initializing dual steep norms . . .

Iteration log . . .
Iteration:     1   Dual objective     =             0.000000
Perturbation started.
Iteration:    51   Dual objective     =             0.000000
Iteration:   206   Dual objective     =             0.000029
Iteration:   329   Dual objective     =             0.000049
Iteration:   449   Dual objective     =             0.017716
Iteration:   577   Dual objective     =             0.024944
Iteration:   693   Dual objective     =             0.053059
Iteration:   824   Dual objective     =             0.056835
Iteration:   958   Dual objective     =             0.724097
Iteration:  1068   Dual objective     =             0.758006
Iteration:  1184   Dual objective     =             2.825666
Iteration:  1317   Dual objective     =             4.200303
Iteration:  1436   Dual objective     =             4.233299
Iteration:  1569   Dual objective     =             5.286803
Iteration:  1705   Dual objective     =             7.719642
Iteration:  1835   Dual objective     =             8.416904
Iteration:  1990   Dual objective     =            10.507400
Iteration:  2107   Dual objective     =            10.522420
Iteration:  2259   Dual objective     =            10.522551
Removing perturbation.
9×3 Matrix{Float64}:
 0.0  0.0  0.0
 0.0  0.0  0.0
 1.0  0.0  0.0
 0.0  0.0  0.0
 0.0  0.0  0.0
 0.0  0.0  0.0
 0.0  0.0  1.0
 0.0  1.0  0.0
 0.0  0.0  0.0
3-element Vector{Float64}:
 0.5975078838829504
 0.12028724743342019
 0.2767091866193684
6×7 Matrix{Float64}:
 0.0  0.0  0.0  0.0  0.0  0.0  1.0
 0.0  0.0  0.0  1.0  0.0  1.0  0.0
 0.0  0.0  0.0  0.0  0.0  0.0  0.0
 0.0  0.0  0.0  0.0  0.0  0.0  0.0
 0.0  0.0  0.0  0.0  0.0  0.0  0.0
 0.0  0.0  0.0  0.0  1.0  0.0  0.0
3-element Vector{Float64}:
 1.0
 1.0
 1.0
9×3 Matrix{Float64}:
  0.0         0.0        0.0
  0.0140331   0.0140331  0.0140325
  0.0211094   0.0211095  0.0211103
 -8.44319e-8  0.0        0.0
  0.0220797   0.0220797  0.0220792
  0.0355919   0.0355918  0.0355921
  0.0384583   0.0384583  0.0384583
  0.0186946   0.0186946  0.0186946
  0.0         0.0        0.0
3-element Vector{Float64}:
 0.1499669548598476
 0.1499669614736719
 0.1499669548598476
6×7 Matrix{Float64}:
 0.0  0.0  0.0  0.249453  0.249453  0.249452  0.251643
 0.0  0.0  0.0  0.24912   0.24912   0.24912   0.252639
 0.0  0.0  0.0  0.250315  0.250315  0.250315  0.249054
 0.0  0.0  0.0  0.0       0.0       0.0       0.0
 0.0  0.0  0.0  0.0       0.0       0.0       0.0
 0.0  0.0  0.0  0.251112  0.251112  0.251112  0.246664
3-element Vector{Float64}:
 0.1499669548598476
 0.1499669614736719
 0.1499669548598476
a: [0.0 0.0 0.0; 0.014033103091318333 0.014033132178263616 0.014032533731393045; 0.021109449110916834 0.021109458267698288 0.021110265287656665; -8.443189304652154e-8 0.0 0.0; 0.022079666652038088 0.022079653478247828 0.022079217453749262; 0.03559188588682437 0.03559182288809117 0.03559207353126834; 0.03845832418187081 0.038458307832386796 0.038458276343229784; 0.01869461036877222 0.018694586828984207 0.018694588512550497; 0.0 0.0 0.0]
b: [0.1499669548598476, 0.1499669614736719, 0.1499669548598476]
c: [0.0 0.0 0.0 0.2494525485017447 0.24945255262701765 0.2494522848093081 0.25164261406192934; 0.0 0.0 0.0 0.24912027206641424 0.24912026544200938 0.24912023378586723 0.2526392287057093; 0.0 0.0 0.0 0.250315273316103 0.2503152758152348 0.25031509793247503 0.24905435293618725; 0.0 0.0 0.0 0.0 0.0 0.0 0.0; 0.0 0.0 0.0 0.0 0.0 0.0 0.0; 0.0 0.0 0.0 0.25111190611573814 0.2511119061157382 0.25111238347234965 0.24666380429617407]
d: [0.1499669548598476, 0.1499669614736719, 0.1499669548598476]
comparison (CRT and Glb)on prediction: Dict{Bool, Int64}(0 => 52, 1 => 0)
Dataname	 time	 objv	 lb	 gap	 train_w	 train_g	 test_w	 test_g
/work_bgfs/n/navarrodelacruz/odt/optimal_decision_tree/augmented_datasets/glass/glass_270.glass	 30.95	 10.522495043559696	 N/A	 N/A	 64.557	 0.0	 63.462	 0.0
