Running 6 processes.
Start training /work_bgfs/n/navarrodelacruz/odt/optimal_decision_tree/augmented_datasets/glass/glass_183.glass with seed 1.
Any[]
(9, 210)
(9, 104)
(9, 52)
(9, 54)
dimension: 9, class: 6
cart cost: 148.55
size of X: (9, 156)
Using method: Global linear DT optimization
Version identifier: 20.1.0.0 | 2020-11-10 | 9bedb6d68
CPXPARAM_Threads                                 1
CPXPARAM_TimeLimit                               1728000
Tried aggregator 1 time.
No LP presolve or aggregator reductions.
Presolve time = 0.01 sec. (4.43 ticks)
Initializing dual steep norms . . .

Iteration log . . .
Iteration:     1   Dual objective     =             0.000000
Perturbation started.
Iteration:    51   Dual objective     =             0.000000
Iteration:   193   Dual objective     =             0.000026
Iteration:   339   Dual objective     =             0.014977
Iteration:   452   Dual objective     =             0.719479
Iteration:   562   Dual objective     =             0.738587
Iteration:   695   Dual objective     =             1.434946
Iteration:   824   Dual objective     =             2.136391
Iteration:   969   Dual objective     =             2.152000
Iteration:  1091   Dual objective     =             5.635413
Iteration:  1222   Dual objective     =             7.051014
Iteration:  1364   Dual objective     =             8.431717
Iteration:  1528   Dual objective     =             9.124862
Iteration:  1684   Dual objective     =             9.810194
Iteration:  1822   Dual objective     =            10.521626
Iteration:  1955   Dual objective     =            10.522506
Removing perturbation.
Iteration:  1966   Scaled dual infeas =             0.001331
Iteration:  1970   Dual objective     =            10.522445
Reperturbation started.
Iteration:  2021   Dual objective     =            10.522445
Removing perturbation.
9×3 Matrix{Float64}:
 0.0  0.0  0.0
 0.0  1.0  0.0
 1.0  0.0  0.0
 0.0  0.0  1.0
 0.0  0.0  0.0
 0.0  0.0  0.0
 0.0  0.0  0.0
 0.0  0.0  0.0
 0.0  0.0  0.0
3-element Vector{Float64}:
 0.5814149793454784
 0.4524956428321665
 0.33845894526959863
6×7 Matrix{Float64}:
 0.0  0.0  0.0  0.0  0.0  1.0  0.0
 0.0  0.0  0.0  1.0  0.0  0.0  1.0
 0.0  0.0  0.0  0.0  0.0  0.0  0.0
 0.0  0.0  0.0  0.0  0.0  0.0  0.0
 0.0  0.0  0.0  0.0  0.0  0.0  0.0
 0.0  0.0  0.0  0.0  1.0  0.0  0.0
3-element Vector{Float64}:
 1.0
 1.0
 1.0
9×3 Matrix{Float64}:
 0.0         0.0         0.0
 0.0         0.0         0.0
 0.00701627  0.00701627  0.00701627
 0.0         0.0         0.0
 0.00912914  0.00912914  0.00912914
 0.0394634   0.0394634   0.0394634
 0.037127    0.037127    0.037127
 0.0500088   0.0500088   0.0500088
 0.00688738  0.00688738  0.00688738
3-element Vector{Float64}:
 0.14963198687533916
 0.14963198687533916
 0.14963198687533913
6×7 Matrix{Float64}:
 0.0  0.0  0.0  0.266373  0.266373  0.266373  0.200881
 0.0  0.0  0.0  0.212895  0.212895  0.212895  0.361315
 0.0  0.0  0.0  0.266551  0.266551  0.266551  0.200347
 0.0  0.0  0.0  0.0       0.0       0.0       0.0
 0.0  0.0  0.0  0.0       0.0       0.0       0.0
 0.0  0.0  0.0  0.254181  0.254181  0.254181  0.237457
3-element Vector{Float64}:
 0.14963198687533916
 0.14963198687533916
 0.14963198687533913
a: [0.0 0.0 0.0; 0.0 0.0 0.0; 0.007016265292522927 0.007016265292523011 0.007016265292523402; 0.0 0.0 0.0; 0.00912913535572329 0.009129135355723737 0.009129135355724217; 0.039463440037251024 0.03946344003725101 0.03946344003725084; 0.03712696681342938 0.0371269668134316 0.03712696681343171; 0.05000879638251865 0.05000879638251821 0.05000879638251732; 0.006887382993893881 0.0068873829938919245 0.006887382993891661]
b: [0.14963198687533916, 0.14963198687533916, 0.14963198687533913]
c: [0.0 0.0 0.0 0.266373026463784 0.2663730264637848 0.26637302646378386 0.20088092060864732; 0.0 0.0 0.0 0.2128951033204842 0.21289510332048409 0.21289510332048497 0.3613146900385468; 0.0 0.0 0.0 0.2665509637811204 0.26655096378111987 0.26655096378111953 0.20034710865664018; 0.0 0.0 0.0 0.0 0.0 0.0 0.0; 0.0 0.0 0.0 0.0 0.0 0.0 0.0; 0.0 0.0 0.0 0.25418090643461133 0.2541809064346113 0.2541809064346116 0.23745728069616573]
d: [0.14963198687533916, 0.14963198687533916, 0.14963198687533913]
comparison (CRT and Glb)on prediction: Dict{Bool, Int64}(0 => 54, 1 => 0)
Dataname	 time	 objv	 lb	 gap	 train_w	 train_g	 test_w	 test_g
/work_bgfs/n/navarrodelacruz/odt/optimal_decision_tree/augmented_datasets/glass/glass_183.glass	 27.64	 10.522444798031332	 N/A	 N/A	 66.026	 0.0	 59.259	 0.0
