Running 6 processes.
Start training /work_bgfs/n/navarrodelacruz/odt/optimal_decision_tree/augmented_datasets/glass/glass_85.glass with seed 1.
Any[]
(9, 210)
(9, 104)
(9, 52)
(9, 54)
dimension: 9, class: 6
cart cost: 120.55000000000001
size of X: (9, 156)
Using method: Global linear DT optimization
Version identifier: 20.1.0.0 | 2020-11-10 | 9bedb6d68
CPXPARAM_Threads                                 1
CPXPARAM_TimeLimit                               1728000
Tried aggregator 1 time.
No LP presolve or aggregator reductions.
Presolve time = 0.01 sec. (4.44 ticks)
Initializing dual steep norms . . .

Iteration log . . .
Iteration:     1   Dual objective     =             0.000000
Perturbation started.
Iteration:    51   Dual objective     =             0.000000
Iteration:   246   Dual objective     =             0.000041
Iteration:   371   Dual objective     =             0.015557
Iteration:   513   Dual objective     =             0.017975
Iteration:   671   Dual objective     =             0.022416
Iteration:   795   Dual objective     =             0.026157
Iteration:   935   Dual objective     =             0.051619
Iteration:  1104   Dual objective     =             0.077822
Iteration:  1283   Dual objective     =             0.751365
Iteration:  1415   Dual objective     =             2.815497
Iteration:  1553   Dual objective     =             4.200043
Iteration:  1653   Dual objective     =             4.937191
Iteration:  1774   Dual objective     =             5.656359
Iteration:  1902   Dual objective     =             6.358696
Iteration:  2051   Dual objective     =             8.438378
Iteration:  2195   Dual objective     =             9.121107
Iteration:  2324   Dual objective     =            10.521447
Removing perturbation.
9×3 Matrix{Float64}:
 0.0  0.0  0.0
 0.0  0.0  0.0
 1.0  0.0  0.0
 0.0  0.0  1.0
 0.0  0.0  0.0
 0.0  0.0  0.0
 0.0  0.0  0.0
 0.0  1.0  0.0
 0.0  0.0  0.0
3-element Vector{Float64}:
 0.7637761247832813
 0.14548178787876076
 0.3419063487200946
6×7 Matrix{Float64}:
 0.0  0.0  0.0  0.0  0.0  1.0  0.0
 0.0  0.0  0.0  1.0  0.0  0.0  1.0
 0.0  0.0  0.0  0.0  0.0  0.0  0.0
 0.0  0.0  0.0  0.0  0.0  0.0  0.0
 0.0  0.0  0.0  0.0  0.0  0.0  0.0
 0.0  0.0  0.0  0.0  1.0  0.0  0.0
3-element Vector{Float64}:
 1.0
 1.0
 1.0
9×3 Matrix{Float64}:
 0.0        0.0        0.0
 0.0        0.0        0.0
 0.0        0.0        0.0
 0.0        0.0        0.0
 0.0        0.0        0.0
 0.032319   0.032319   0.032319
 0.0169902  0.0169902  0.0169902
 0.0918172  0.0918172  0.0918172
 0.004636   0.004636   0.004636
3-element Vector{Float64}:
 0.1457623892583341
 0.14576238925833426
 0.1457623892583341
6×7 Matrix{Float64}:
 0.0  0.0  0.0  0.259507  0.259507  0.259507  0.221478
 0.0  0.0  0.0  0.268451  0.268451  0.268451  0.194647
 0.0  0.0  0.0  0.274517  0.274517  0.274517  0.176449
 0.0  0.0  0.0  0.0       0.0       0.0       0.0
 0.0  0.0  0.0  0.0       0.0       0.0       0.0
 0.0  0.0  0.0  0.197525  0.197525  0.197525  0.407426
3-element Vector{Float64}:
 0.1457623892583341
 0.14576238925833426
 0.1457623892583341
a: [0.0 0.0 0.0; 0.0 0.0 0.0; 0.0 0.0 0.0; 0.0 0.0 0.0; 0.0 0.0 0.0; 0.03231898929010609 0.032318989290106015 0.032318989290106175; 0.016990231268349865 0.01699023126835198 0.01699023126835069; 0.09181716928645492 0.09181716928645449 0.09181716928645489; 0.004635999413423214 0.004635999413421743 0.0046359994134223415]
b: [0.1457623892583341, 0.14576238925833426, 0.1457623892583341]
c: [0.0 0.0 0.0 0.25950720640481106 0.2595072064048119 0.2595072064048115 0.22147838078556548; 0.0 0.0 0.0 0.2684509132683877 0.268450913268388 0.26845091326838794 0.1946472601948363; 0.0 0.0 0.0 0.27451715214605676 0.27451715214605643 0.2745171521460566 0.17644854356183004; 0.0 0.0 0.0 0.0 0.0 0.0 0.0; 0.0 0.0 0.0 0.0 0.0 0.0 0.0; 0.0 0.0 0.0 0.19752472818074424 0.1975247281807437 0.19752472818074399 0.4074258154577681]
d: [0.1457623892583341, 0.14576238925833426, 0.1457623892583341]
comparison (CRT and Glb)on prediction: Dict{Bool, Int64}(0 => 54, 1 => 0)
Dataname	 time	 objv	 lb	 gap	 train_w	 train_g	 test_w	 test_g
/work_bgfs/n/navarrodelacruz/odt/optimal_decision_tree/augmented_datasets/glass/glass_85.glass	 27.11	 10.521864358388768	 N/A	 N/A	 72.436	 0.0	 51.852	 0.0
