Running 6 processes.
Start training /work_bgfs/n/navarrodelacruz/odt/optimal_decision_tree/augmented_datasets/glass/glass_293.glass with seed 1.
Any[]
(9, 210)
(9, 103)
(9, 51)
(9, 56)
dimension: 9, class: 6
cart cost: 133.5283783783784
size of X: (9, 154)
Using method: Global linear DT optimization
Version identifier: 20.1.0.0 | 2020-11-10 | 9bedb6d68
CPXPARAM_Threads                                 1
CPXPARAM_TimeLimit                               1728000
Tried aggregator 1 time.
No LP presolve or aggregator reductions.
Presolve time = 0.01 sec. (4.24 ticks)
Initializing dual steep norms . . .

Iteration log . . .
Iteration:     1   Dual objective     =             0.000000
Perturbation started.
Iteration:    51   Dual objective     =             0.000000
Iteration:   239   Dual objective     =             0.000044
Iteration:   356   Dual objective     =             0.020901
Iteration:   504   Dual objective     =             0.025985
Iteration:   624   Dual objective     =             0.034264
Iteration:   763   Dual objective     =             0.763961
Iteration:   894   Dual objective     =             1.444444
Iteration:  1030   Dual objective     =             2.889662
Iteration:  1164   Dual objective     =             3.608672
Iteration:  1286   Dual objective     =             5.733324
Iteration:  1405   Dual objective     =             7.881652
Iteration:  1542   Dual objective     =            10.662708
Iteration:  1664   Dual objective     =            10.664421
Iteration:  1816   Dual objective     =            10.664501
Removing perturbation.
9×3 Matrix{Float64}:
 0.0  0.0  0.0
 0.0  0.0  0.0
 1.0  0.0  0.0
 0.0  0.0  1.0
 0.0  0.0  0.0
 0.0  0.0  0.0
 0.0  0.0  0.0
 0.0  1.0  0.0
 0.0  0.0  0.0
3-element Vector{Float64}:
 0.5993032507945205
 0.16910212357578389
 0.34750138061515023
6×7 Matrix{Float64}:
 0.0  0.0  0.0  0.0  0.0  1.0  0.0
 0.0  0.0  0.0  1.0  0.0  0.0  1.0
 0.0  0.0  0.0  0.0  0.0  0.0  0.0
 0.0  0.0  0.0  0.0  0.0  0.0  0.0
 0.0  0.0  0.0  0.0  0.0  0.0  0.0
 0.0  0.0  0.0  0.0  1.0  0.0  0.0
3-element Vector{Float64}:
 1.0
 1.0
 1.0
9×3 Matrix{Float64}:
 0.0         0.0         0.0
 0.0183353   0.0183353   0.0183353
 0.0180782   0.0180782   0.0180782
 0.0         0.0         0.0
 0.0196833   0.0196833   0.0196833
 0.0335507   0.0335507   0.0335507
 0.0434837   0.0434837   0.0434837
 0.0163322   0.0163322   0.0163322
 0.00103404  0.00103404  0.00103404
3-element Vector{Float64}:
 0.15049748881116795
 0.15049748881116798
 0.15049748881116803
6×7 Matrix{Float64}:
 0.0  0.0  0.0  0.249272  0.249272  0.249272  0.252185
 0.0  0.0  0.0  0.247789  0.247789  0.247789  0.256634
 0.0  0.0  0.0  0.250394  0.250394  0.250394  0.248818
 0.0  0.0  0.0  0.0       0.0       0.0       0.0
 0.0  0.0  0.0  0.0       0.0       0.0       0.0
 0.0  0.0  0.0  0.252546  0.252546  0.252546  0.242363
3-element Vector{Float64}:
 0.15049748881116795
 0.15049748881116798
 0.15049748881116803
a: [0.0 0.0 0.0; 0.018335287658824185 0.01833528765882382 0.018335287658824376; 0.018078225108284385 0.01807822510828455 0.018078225108284288; 0.0 0.0 0.0; 0.019683343038001636 0.019683343038001393 0.01968334303800158; 0.03355069354463776 0.03355069354463823 0.03355069354463763; 0.04348367372686568 0.04348367372686635 0.043483673726865714; 0.01633222416720959 0.01633222416720997 0.016332224167209496; 0.0010340415673447227 0.0010340415673436546 0.0010340415673449344]
b: [0.15049748881116795, 0.15049748881116798, 0.15049748881116803]
c: [0.0 0.0 0.0 0.24927153690327247 0.24927153690327214 0.24927153690327236 0.25218538929018314; 0.0 0.0 0.0 0.24778875299893613 0.24778875299893627 0.2477887529989361 0.25663374100319164; 0.0 0.0 0.0 0.25039408270067076 0.25039408270067065 0.2503940827006706 0.2488177518979881; 0.0 0.0 0.0 0.0 0.0 0.0 0.0; 0.0 0.0 0.0 0.0 0.0 0.0 0.0; 0.0 0.0 0.0 0.25254562739712083 0.2525456273971209 0.252545627397121 0.2423631178086374]
d: [0.15049748881116795, 0.15049748881116798, 0.15049748881116803]
comparison (CRT and Glb)on prediction: Dict{Bool, Int64}(0 => 56, 1 => 0)
Dataname	 time	 objv	 lb	 gap	 train_w	 train_g	 test_w	 test_g
/work_bgfs/n/navarrodelacruz/odt/optimal_decision_tree/augmented_datasets/glass/glass_293.glass	 32.3	 10.664466515213562	 N/A	 N/A	 69.481	 0.0	 51.786	 0.0
