Running 6 processes.
Start training /work_bgfs/n/navarrodelacruz/odt/optimal_decision_tree/augmented_datasets/glass/glass_298.glass with seed 1.
Any[]
(9, 210)
(9, 104)
(9, 52)
(9, 54)
dimension: 9, class: 6
cart cost: 128.95
size of X: (9, 156)
Using method: Global linear DT optimization
Version identifier: 20.1.0.0 | 2020-11-10 | 9bedb6d68
CPXPARAM_Threads                                 1
CPXPARAM_TimeLimit                               1728000
Tried aggregator 1 time.
No LP presolve or aggregator reductions.
Presolve time = 0.01 sec. (4.29 ticks)
Initializing dual steep norms . . .

Iteration log . . .
Iteration:     1   Dual objective     =             0.000000
Perturbation started.
Iteration:    51   Dual objective     =             0.000000
Iteration:   182   Dual objective     =             0.000022
Iteration:   339   Dual objective     =             0.018384
Iteration:   482   Dual objective     =             0.031072
Iteration:   614   Dual objective     =             0.729819
Iteration:   727   Dual objective     =             0.750325
Iteration:   856   Dual objective     =             1.425869
Iteration:   990   Dual objective     =             1.432165
Iteration:  1105   Dual objective     =             2.132258
Iteration:  1264   Dual objective     =             5.600258
Iteration:  1417   Dual objective     =             7.466744
Iteration:  1542   Dual objective     =             7.738087
Iteration:  1682   Dual objective     =             9.137905
Iteration:  1832   Dual objective     =            10.521469
Iteration:  1960   Dual objective     =            10.522568
Removing perturbation.
Iteration:  2018   Scaled dual infeas =             0.000000
Iteration:  2020   Dual objective     =            10.522528
9×3 Matrix{Float64}:
 0.0  0.0  0.0
 0.0  0.0  0.0
 1.0  0.0  0.0
 0.0  0.0  0.0
 0.0  0.0  0.0
 0.0  0.0  0.0
 0.0  0.0  1.0
 0.0  1.0  0.0
 0.0  0.0  0.0
3-element Vector{Float64}:
 0.7554403026714795
 0.14001512152164797
 0.26671806579198254
6×7 Matrix{Float64}:
 0.0  0.0  0.0  0.0  0.0  0.0  1.0
 0.0  0.0  0.0  1.0  0.0  1.0  0.0
 0.0  0.0  0.0  0.0  0.0  0.0  0.0
 0.0  0.0  0.0  0.0  0.0  0.0  0.0
 0.0  0.0  0.0  0.0  0.0  0.0  0.0
 0.0  0.0  0.0  0.0  1.0  0.0  0.0
3-element Vector{Float64}:
 1.0
 1.0
 1.0
9×3 Matrix{Float64}:
 0.0        0.0        0.0
 0.013903   0.013903   0.013903
 0.0132133  0.0132133  0.0132133
 0.0        0.0        0.0
 0.0238627  0.0238627  0.0238627
 0.034704   0.034704   0.034704
 0.0462328  0.0462328  0.0462328
 0.0175521  0.0175521  0.0175521
 0.0007195  0.0007195  0.0007195
3-element Vector{Float64}:
 0.15018733843162688
 0.15018733843162682
 0.15018733843162677
6×7 Matrix{Float64}:
 0.0  0.0  0.0  0.252069  0.252069  0.252069  0.243793
 0.0  0.0  0.0  0.243527  0.243527  0.243527  0.269418
 0.0  0.0  0.0  0.253588  0.253588  0.253588  0.239236
 0.0  0.0  0.0  0.0       0.0       0.0       0.0
 0.0  0.0  0.0  0.0       0.0       0.0       0.0
 0.0  0.0  0.0  0.250815  0.250815  0.250815  0.247554
3-element Vector{Float64}:
 0.15018733843162688
 0.15018733843162682
 0.15018733843162677
a: [0.0 0.0 0.0; 0.01390295936506601 0.013902959365066601 0.013902959365065914; 0.01321327767568427 0.01321327767568463 0.013213277675683727; 0.0 0.0 0.0; 0.02386270562180963 0.02386270562180859 0.02386270562180925; 0.03470398833146761 0.034703988331467595 0.0347039883314684; 0.04623283617440613 0.04623283617440792 0.04623283617440842; 0.017552071317390713 0.017552071317391116 0.01755207131739362; 0.0007194999458026961 0.0007194999458003722 0.0007194999457974388]
b: [0.15018733843162688, 0.15018733843162682, 0.15018733843162677]
c: [0.0 0.0 0.0 0.25206894227785 0.25206894227784976 0.25206894227785154 0.24379317316644875; 0.0 0.0 0.0 0.24352747511412454 0.24352747511412454 0.24352747511412345 0.2694175746576275; 0.0 0.0 0.0 0.253588161322917 0.25358816132291717 0.2535881613229183 0.23923551603124754; 0.0 0.0 0.0 0.0 0.0 0.0 0.0; 0.0 0.0 0.0 0.0 0.0 0.0 0.0; 0.0 0.0 0.0 0.25081542128510853 0.25081542128510853 0.2508154212851068 0.24755373614467616]
d: [0.15018733843162688, 0.15018733843162682, 0.15018733843162677]
comparison (CRT and Glb)on prediction: Dict{Bool, Int64}(0 => 54, 1 => 0)
Dataname	 time	 objv	 lb	 gap	 train_w	 train_g	 test_w	 test_g
/work_bgfs/n/navarrodelacruz/odt/optimal_decision_tree/augmented_datasets/glass/glass_298.glass	 58.14	 10.52252810076477	 N/A	 N/A	 70.513	 0.0	 57.407	 0.0
