Running 6 processes.
Start training /work_bgfs/n/navarrodelacruz/odt/optimal_decision_tree/augmented_datasets/glass/glass_986.glass with seed 1.
Any[]
(9, 210)
(9, 103)
(9, 51)
(9, 56)
dimension: 9, class: 6
cart cost: 139.20405405405407
size of X: (9, 154)
Using method: Global linear DT optimization
Version identifier: 20.1.0.0 | 2020-11-10 | 9bedb6d68
CPXPARAM_Threads                                 1
CPXPARAM_TimeLimit                               1728000
Tried aggregator 1 time.
No LP presolve or aggregator reductions.
Presolve time = 0.01 sec. (4.37 ticks)
Initializing dual steep norms . . .

Iteration log . . .
Iteration:     1   Dual objective     =             0.000000
Perturbation started.
Iteration:    51   Dual objective     =             0.000000
Iteration:   224   Dual objective     =             0.000041
Iteration:   363   Dual objective     =             0.007047
Iteration:   491   Dual objective     =             0.024112
Iteration:   618   Dual objective     =             0.057042
Iteration:   755   Dual objective     =             0.716631
Iteration:   890   Dual objective     =             1.451799
Iteration:  1010   Dual objective     =             2.186563
Iteration:  1140   Dual objective     =             4.295255
Iteration:  1276   Dual objective     =             6.385180
Iteration:  1402   Dual objective     =             6.438980
Iteration:  1551   Dual objective     =             7.104055
Iteration:  1685   Dual objective     =             7.137500
Iteration:  1825   Dual objective     =             8.532454
Iteration:  1943   Dual objective     =             9.274019
Iteration:  2073   Dual objective     =            10.660364
Iteration:  2188   Dual objective     =            10.664366
Iteration:  2331   Dual objective     =            10.664425
Removing perturbation.
9×3 Matrix{Float64}:
 0.0  0.0  0.0
 0.0  0.0  0.0
 1.0  0.0  0.0
 0.0  0.0  1.0
 0.0  0.0  0.0
 0.0  0.0  0.0
 0.0  0.0  0.0
 0.0  1.0  0.0
 0.0  0.0  0.0
3-element Vector{Float64}:
 0.586968437473261
 0.15708476946812006
 0.358944366378434
6×7 Matrix{Float64}:
 0.0  0.0  0.0  0.0  0.0  1.0  0.0
 0.0  0.0  0.0  1.0  0.0  0.0  1.0
 0.0  0.0  0.0  0.0  0.0  0.0  0.0
 0.0  0.0  0.0  0.0  0.0  0.0  0.0
 0.0  0.0  0.0  0.0  0.0  0.0  0.0
 0.0  0.0  0.0  0.0  1.0  0.0  0.0
3-element Vector{Float64}:
 1.0
 1.0
 1.0
9×3 Matrix{Float64}:
 3.73177e-5  3.73177e-5  3.73177e-5
 0.0130336   0.0130336   0.0130336
 0.016997    0.016997    0.016997
 0.0         0.0         0.0
 0.0237073   0.0237073   0.0237073
 0.0336507   0.0336507   0.0336507
 0.0413845   0.0413845   0.0413845
 0.0159089   0.0159089   0.0159089
 0.00520753  0.00520753  0.00520753
3-element Vector{Float64}:
 0.14992670890509713
 0.1499267089050971
 0.14992670890509713
6×7 Matrix{Float64}:
 0.0  0.0  0.0  0.249021  0.249021  0.249021  0.252938
 0.0  0.0  0.0  0.246527  0.246527  0.246527  0.26042
 0.0  0.0  0.0  0.251198  0.251198  0.251198  0.246407
 0.0  0.0  0.0  0.0       0.0       0.0       0.0
 0.0  0.0  0.0  0.0       0.0       0.0       0.0
 0.0  0.0  0.0  0.253255  0.253255  0.253255  0.240235
3-element Vector{Float64}:
 0.14992670890509713
 0.1499267089050971
 0.14992670890509713
a: [3.731770306461546e-5 3.7317703064150554e-5 3.7317703065748234e-5; 0.013033609944410607 0.013033609944410836 0.013033609944411053; 0.01699695296747026 0.016996952967469805 0.016996952967469666; 0.0 0.0 0.0; 0.02370727335275885 0.023707273352759017 0.02370727335275829; 0.03365066999769426 0.03365066999769442 0.03365066999769412; 0.04138449996848948 0.041384499968489245 0.04138449996848878; 0.015908854861851444 0.01590885486185098 0.01590885486185153; 0.0052075301093577695 0.005207530109358646 0.005207530109357934]
b: [0.14992670890509713, 0.1499267089050971, 0.14992670890509713]
c: [0.0 0.0 0.0 0.24902070790812497 0.24902070790812497 0.24902070790812483 0.2529378762756253; 0.0 0.0 0.0 0.24652663008498477 0.24652663008498477 0.2465266300849849 0.2604201097450456; 0.0 0.0 0.0 0.25119782175928124 0.25119782175928124 0.25119782175928124 0.2464065347221563; 0.0 0.0 0.0 0.0 0.0 0.0 0.0; 0.0 0.0 0.0 0.0 0.0 0.0 0.0; 0.0 0.0 0.0 0.2532548402476091 0.2532548402476091 0.253254840247609 0.24023547925717287]
d: [0.14992670890509713, 0.1499267089050971, 0.14992670890509713]
comparison (CRT and Glb)on prediction: Dict{Bool, Int64}(0 => 56, 1 => 0)
Dataname	 time	 objv	 lb	 gap	 train_w	 train_g	 test_w	 test_g
/work_bgfs/n/navarrodelacruz/odt/optimal_decision_tree/augmented_datasets/glass/glass_986.glass	 27.45	 10.664380898227648	 N/A	 N/A	 68.182	 0.0	 55.357	 0.0
