Running 6 processes.
Start training /work_bgfs/n/navarrodelacruz/odt/optimal_decision_tree/augmented_datasets/glass/glass_458.glass with seed 1.
Any[]
(9, 210)
(9, 103)
(9, 51)
(9, 56)
dimension: 9, class: 6
cart cost: 141.07105263157897
size of X: (9, 154)
Using method: Global linear DT optimization
Version identifier: 20.1.0.0 | 2020-11-10 | 9bedb6d68
CPXPARAM_Threads                                 1
CPXPARAM_TimeLimit                               1728000
Tried aggregator 1 time.
No LP presolve or aggregator reductions.
Presolve time = 0.01 sec. (4.37 ticks)
Initializing dual steep norms . . .

Iteration log . . .
Iteration:     1   Dual objective     =             0.000000
Perturbation started.
Iteration:    51   Dual objective     =             0.000000
Iteration:   233   Dual objective     =             0.000040
Iteration:   352   Dual objective     =             0.012894
Iteration:   474   Dual objective     =             0.020697
Iteration:   589   Dual objective     =             0.022379
Iteration:   715   Dual objective     =             0.031091
Iteration:   830   Dual objective     =             0.058279
Iteration:   980   Dual objective     =             2.129442
Iteration:  1106   Dual objective     =             2.825279
Iteration:  1213   Dual objective     =             3.492643
Iteration:  1335   Dual objective     =             5.553723
Iteration:  1449   Dual objective     =             5.577290
Iteration:  1587   Dual objective     =             6.933100
Iteration:  1708   Dual objective     =             8.314061
Iteration:  1859   Dual objective     =             9.687255
Iteration:  1995   Dual objective     =            10.383748
Iteration:  2128   Dual objective     =            10.384326
Iteration:  2256   Dual objective     =            10.384394
Removing perturbation.
Iteration:  2285   Scaled dual infeas =             0.000037
Iteration:  2287   Dual objective     =            10.384336
9×3 Matrix{Float64}:
 0.0  0.0  0.0
 0.0  0.0  0.0
 1.0  0.0  0.0
 0.0  0.0  0.0
 0.0  0.0  0.0
 0.0  0.0  0.0
 0.0  0.0  1.0
 0.0  1.0  0.0
 0.0  0.0  0.0
3-element Vector{Float64}:
 0.5952600812133171
 0.13624260609671765
 0.2627763290461867
6×7 Matrix{Float64}:
 0.0  0.0  0.0  0.0  0.0  0.0  1.0
 0.0  0.0  0.0  1.0  0.0  1.0  0.0
 0.0  0.0  0.0  0.0  0.0  0.0  0.0
 0.0  0.0  0.0  0.0  0.0  0.0  0.0
 0.0  0.0  0.0  0.0  0.0  0.0  0.0
 0.0  0.0  0.0  0.0  1.0  0.0  0.0
3-element Vector{Float64}:
 1.0
 1.0
 1.0
9×3 Matrix{Float64}:
 0.0         0.0         0.0
 0.0145145   0.0145145   0.0145145
 0.0156781   0.0156781   0.0156781
 0.0         0.0         0.0
 0.0191988   0.0191988   0.0191988
 0.0336071   0.0336071   0.0336071
 0.0477017   0.0477017   0.0477017
 0.0167246   0.0167246   0.0167246
 0.00266176  0.00266176  0.00266176
3-element Vector{Float64}:
 0.1500865018817283
 0.15008650188172842
 0.1500865018817283
6×7 Matrix{Float64}:
 0.0  0.0  0.0  0.250832  0.250832  0.250832  0.247504
 0.0  0.0  0.0  0.243877  0.243877  0.243877  0.268369
 0.0  0.0  0.0  0.252221  0.252221  0.252221  0.243337
 0.0  0.0  0.0  0.0       0.0       0.0       0.0
 0.0  0.0  0.0  0.0       0.0       0.0       0.0
 0.0  0.0  0.0  0.25307   0.25307   0.25307   0.240791
3-element Vector{Float64}:
 0.1500865018817283
 0.15008650188172842
 0.1500865018817283
a: [0.0 0.0 0.0; 0.01451452815767872 0.014514528157672887 0.01451452815767498; 0.015678108533290214 0.01567810853328965 0.015678108533280437; 0.0 0.0 0.0; 0.01919877360761868 0.019198773607623468 0.019198773607621553; 0.0336070694406286 0.03360706944063043 0.03360706944062766; 0.047701679373443585 0.047701679373440845 0.04770167937345811; 0.01672458503788947 0.01672458503788986 0.01672458503788644; 0.00266175773117888 0.0026617577311816784 0.0026617577311794163]
b: [0.1500865018817283, 0.15008650188172842, 0.1500865018817283]
c: [0.0 0.0 0.0 0.2508321299846087 0.2508321299846086 0.2508321299846105 0.24750361004617227; 0.0 0.0 0.0 0.24387712583127893 0.2438771258312792 0.24387712583127152 0.2683686225061702; 0.0 0.0 0.0 0.2522210647204766 0.25222106472047684 0.25222106472048 0.2433368058385662; 0.0 0.0 0.0 0.0 0.0 0.0 0.0; 0.0 0.0 0.0 0.0 0.0 0.0 0.0; 0.0 0.0 0.0 0.25306967946363573 0.2530696794636354 0.25306967946363773 0.2407909616090913]
d: [0.1500865018817283, 0.15008650188172842, 0.1500865018817283]
comparison (CRT and Glb)on prediction: Dict{Bool, Int64}(0 => 56, 1 => 0)
Dataname	 time	 objv	 lb	 gap	 train_w	 train_g	 test_w	 test_g
/work_bgfs/n/navarrodelacruz/odt/optimal_decision_tree/augmented_datasets/glass/glass_458.glass	 29.19	 10.384355080545449	 N/A	 N/A	 66.883	 0.0	 55.357	 0.0
