Running 6 processes.
Start training /work_bgfs/n/navarrodelacruz/odt/optimal_decision_tree/augmented_datasets/glass/glass_629.glass with seed 1.
Any[]
(9, 210)
(9, 103)
(9, 51)
(9, 56)
dimension: 9, class: 6
cart cost: 144.87972972972975
size of X: (9, 154)
Using method: Global linear DT optimization
Version identifier: 20.1.0.0 | 2020-11-10 | 9bedb6d68
CPXPARAM_Threads                                 1
CPXPARAM_TimeLimit                               1728000
Tried aggregator 1 time.
No LP presolve or aggregator reductions.
Presolve time = 0.01 sec. (4.43 ticks)
Initializing dual steep norms . . .

Iteration log . . .
Iteration:     1   Dual objective     =             0.000000
Perturbation started.
Iteration:    51   Dual objective     =             0.000000
Iteration:   240   Dual objective     =             0.000044
Iteration:   392   Dual objective     =             0.020869
Iteration:   508   Dual objective     =             0.722525
Iteration:   647   Dual objective     =             0.722557
Iteration:   780   Dual objective     =             0.761029
Iteration:   906   Dual objective     =             0.761039
Iteration:  1039   Dual objective     =             0.786478
Iteration:  1162   Dual objective     =             4.264994
Iteration:  1278   Dual objective     =             4.307397
Iteration:  1395   Dual objective     =             8.526305
Iteration:  1515   Dual objective     =             9.951498
Iteration:  1665   Dual objective     =            10.661491
Iteration:  1800   Dual objective     =            10.663924
Removing perturbation.
9×3 Matrix{Float64}:
 0.0  0.0  0.0
 0.0  0.0  0.0
 1.0  0.0  0.0
 0.0  0.0  1.0
 0.0  0.0  0.0
 0.0  0.0  0.0
 0.0  0.0  0.0
 0.0  1.0  0.0
 0.0  0.0  0.0
3-element Vector{Float64}:
 0.6044872729540102
 0.13224273882611778
 0.34359756006719466
6×7 Matrix{Float64}:
 0.0  0.0  0.0  0.0  0.0  1.0  0.0
 0.0  0.0  0.0  1.0  0.0  0.0  1.0
 0.0  0.0  0.0  0.0  0.0  0.0  0.0
 0.0  0.0  0.0  0.0  0.0  0.0  0.0
 0.0  0.0  0.0  0.0  0.0  0.0  0.0
 0.0  0.0  0.0  0.0  1.0  0.0  0.0
3-element Vector{Float64}:
 1.0
 1.0
 1.0
9×3 Matrix{Float64}:
 0.0         0.0         0.0
 0.0         0.0         0.0
 0.0         0.0         0.0
 0.0         0.0         0.0
 0.015964    0.015964    0.015964
 0.033261    0.033261    0.033261
 0.044346    0.044346    0.044346
 0.0484663   0.0484663   0.0484663
 0.00588656  0.00588656  0.00588656
3-element Vector{Float64}:
 0.14792386383181294
 0.14792386383181294
 0.1479238638318131
6×7 Matrix{Float64}:
 0.0  0.0  0.0  0.262849  0.262849  0.262849  0.211453
 0.0  0.0  0.0  0.242424  0.242424  0.242424  0.272729
 0.0  0.0  0.0  0.266816  0.266816  0.266816  0.199552
 0.0  0.0  0.0  0.0       0.0       0.0       0.0
 0.0  0.0  0.0  0.0       0.0       0.0       0.0
 0.0  0.0  0.0  0.227912  0.227912  0.227912  0.316265
3-element Vector{Float64}:
 0.14792386383181294
 0.14792386383181294
 0.1479238638318131
a: [0.0 0.0 0.0; 0.0 0.0 0.0; 0.0 0.0 0.0; 0.0 0.0 0.0; 0.01596397124516428 0.015963971245164375 0.01596397124516425; 0.0332609888347388 0.03326098883473868 0.033260988834738894; 0.04434604571223731 0.044346045712237186 0.0443460457122371; 0.04846629808893199 0.04846629808893191 0.04846629808893205; 0.005886559950740559 0.005886559950740791 0.005886559950740625]
b: [0.14792386383181294, 0.14792386383181294, 0.1479238638318131]
c: [0.0 0.0 0.0 0.2628489731825686 0.26284897318256856 0.26284897318256906 0.21145308045229383; 0.0 0.0 0.0 0.24242357201638615 0.24242357201638615 0.24242357201638665 0.2727292839508411; 0.0 0.0 0.0 0.26681591582558334 0.26681591582558334 0.266815915825582 0.19955225252325123; 0.0 0.0 0.0 0.0 0.0 0.0 0.0; 0.0 0.0 0.0 0.0 0.0 0.0 0.0; 0.0 0.0 0.0 0.22791153897546196 0.22791153897546196 0.22791153897546224 0.31626538307361385]
d: [0.14792386383181294, 0.14792386383181294, 0.1479238638318131]
comparison (CRT and Glb)on prediction: Dict{Bool, Int64}(0 => 56, 1 => 0)
Dataname	 time	 objv	 lb	 gap	 train_w	 train_g	 test_w	 test_g
/work_bgfs/n/navarrodelacruz/odt/optimal_decision_tree/augmented_datasets/glass/glass_629.glass	 25.44	 10.664080471466658	 N/A	 N/A	 66.883	 0.0	 51.786	 0.0
