Running 6 processes.
Start training /work_bgfs/n/navarrodelacruz/odt/optimal_decision_tree/augmented_datasets/glass/glass_321.glass with seed 1.
Any[]
(9, 210)
(9, 104)
(9, 52)
(9, 54)
dimension: 9, class: 6
cart cost: 154.88684210526313
size of X: (9, 156)
Using method: Global linear DT optimization
Version identifier: 20.1.0.0 | 2020-11-10 | 9bedb6d68
CPXPARAM_Threads                                 1
CPXPARAM_TimeLimit                               1728000
Tried aggregator 1 time.
No LP presolve or aggregator reductions.
Presolve time = 0.01 sec. (4.44 ticks)
Initializing dual steep norms . . .

Iteration log . . .
Iteration:     1   Dual objective     =             0.000000
Perturbation started.
Iteration:    51   Dual objective     =             0.000000
Iteration:   162   Dual objective     =             0.000018
Iteration:   290   Dual objective     =             0.000040
Iteration:   469   Dual objective     =             0.010015
Iteration:   598   Dual objective     =             0.050396
Iteration:   718   Dual objective     =             0.716155
Iteration:   853   Dual objective     =             1.432245
Iteration:   964   Dual objective     =             1.432281
Iteration:  1088   Dual objective     =             2.763250
Iteration:  1211   Dual objective     =             2.820087
Iteration:  1334   Dual objective     =             6.927737
Iteration:  1458   Dual objective     =             6.965220
Iteration:  1594   Dual objective     =             7.631272
Iteration:  1741   Dual objective     =             9.690590
Iteration:  1889   Dual objective     =            10.382857
Removing perturbation.
9×3 Matrix{Float64}:
 0.0  0.0  0.0
 0.0  0.0  0.0
 1.0  0.0  0.0
 0.0  0.0  0.0
 0.0  0.0  0.0
 0.0  0.0  0.0
 0.0  0.0  1.0
 0.0  1.0  0.0
 0.0  0.0  0.0
3-element Vector{Float64}:
 0.594177094087241
 0.14141134682783682
 0.2827908020393438
6×7 Matrix{Float64}:
 0.0  0.0  0.0  0.0  0.0  0.0  1.0
 0.0  0.0  0.0  1.0  0.0  1.0  0.0
 0.0  0.0  0.0  0.0  0.0  0.0  0.0
 0.0  0.0  0.0  0.0  0.0  0.0  0.0
 0.0  0.0  0.0  0.0  0.0  0.0  0.0
 0.0  0.0  0.0  0.0  1.0  0.0  0.0
3-element Vector{Float64}:
 1.0
 1.0
 1.0
9×3 Matrix{Float64}:
 0.0         0.0         0.0
 0.0         0.0         0.0
 0.0         0.0         0.0
 0.0         0.0         0.0
 0.0         0.0         0.0
 0.0266767   0.0266767   0.0266767
 0.0         0.0         0.0
 0.106877    0.106877    0.106877
 0.00676367  0.00676367  0.00676367
3-element Vector{Float64}:
 0.1403174857592756
 0.1403174857592755
 0.1403174857592756
6×7 Matrix{Float64}:
 0.0  0.0  0.0  0.249094  0.249094  0.249094  0.252717
 0.0  0.0  0.0  0.262431  0.262431  0.262431  0.212707
 0.0  0.0  0.0  0.270543  0.270543  0.270543  0.188372
 0.0  0.0  0.0  0.0       0.0       0.0       0.0
 0.0  0.0  0.0  0.0       0.0       0.0       0.0
 0.0  0.0  0.0  0.217932  0.217932  0.217932  0.346204
3-element Vector{Float64}:
 0.1403174857592756
 0.1403174857592755
 0.1403174857592756
a: [0.0 0.0 0.0; 0.0 0.0 0.0; 0.0 0.0 0.0; 0.0 0.0 0.0; 0.0 0.0 0.0; 0.02667666185809895 0.026676661858098527 0.026676661858098583; 0.0 0.0 0.0; 0.10687715699378247 0.10687715699378263 0.10687715699378243; 0.006763666907394189 0.006763666907393995 0.006763666907394578]
b: [0.1403174857592756, 0.1403174857592755, 0.1403174857592756]
c: [0.0 0.0 0.0 0.2490942419772923 0.24909424197729252 0.24909424197729232 0.25271727406812255; 0.0 0.0 0.0 0.2624310985682664 0.2624310985682661 0.262431098568266 0.21270670429520194; 0.0 0.0 0.0 0.27054274794322153 0.2705427479432214 0.2705427479432211 0.18837175617033627; 0.0 0.0 0.0 0.0 0.0 0.0 0.0; 0.0 0.0 0.0 0.0 0.0 0.0 0.0; 0.0 0.0 0.0 0.21793191151122 0.21793191151122032 0.21793191151122054 0.3462042654663392]
d: [0.1403174857592756, 0.1403174857592755, 0.1403174857592756]
comparison (CRT and Glb)on prediction: Dict{Bool, Int64}(0 => 54, 1 => 0)
Dataname	 time	 objv	 lb	 gap	 train_w	 train_g	 test_w	 test_g
/work_bgfs/n/navarrodelacruz/odt/optimal_decision_tree/augmented_datasets/glass/glass_321.glass	 30.42	 10.382889728127063	 N/A	 N/A	 64.103	 0.0	 61.111	 0.0
