Running 6 processes.
Start training /work_bgfs/n/navarrodelacruz/odt/optimal_decision_tree/augmented_datasets/glass/glass_225.glass with seed 1.
Any[]
(9, 210)
(9, 104)
(9, 52)
(9, 54)
dimension: 9, class: 6
cart cost: 134.55
size of X: (9, 156)
Using method: Global linear DT optimization
Version identifier: 20.1.0.0 | 2020-11-10 | 9bedb6d68
CPXPARAM_Threads                                 1
CPXPARAM_TimeLimit                               1728000
Tried aggregator 1 time.
No LP presolve or aggregator reductions.
Presolve time = 0.01 sec. (4.30 ticks)
Initializing dual steep norms . . .

Iteration log . . .
Iteration:     1   Dual objective     =             0.000000
Perturbation started.
Iteration:    51   Dual objective     =             0.000000
Iteration:   172   Dual objective     =             0.000022
Iteration:   291   Dual objective     =             0.012870
Iteration:   410   Dual objective     =             0.713044
Iteration:   535   Dual objective     =             0.750240
Iteration:   650   Dual objective     =             2.112996
Iteration:   757   Dual objective     =             2.120009
Iteration:   885   Dual objective     =             2.819960
Iteration:   997   Dual objective     =             2.876497
Iteration:  1157   Dual objective     =             7.000064
Iteration:  1289   Dual objective     =             8.400061
Iteration:  1431   Dual objective     =             9.125953
Iteration:  1559   Dual objective     =             9.812602
Iteration:  1677   Dual objective     =            10.516352
Iteration:  1814   Dual objective     =            10.522306
Iteration:  1951   Dual objective     =            10.522561
Removing perturbation.
Iteration:  2016   Scaled dual infeas =             0.000005
Iteration:  2018   Dual objective     =            10.522498
9×3 Matrix{Float64}:
 0.0  0.0  0.0
 0.0  0.0  0.0
 1.0  0.0  0.0
 0.0  0.0  1.0
 0.0  0.0  0.0
 0.0  0.0  0.0
 0.0  0.0  0.0
 0.0  1.0  0.0
 0.0  0.0  0.0
3-element Vector{Float64}:
 0.6081950452725287
 0.1221279653369633
 0.33771114005044056
6×7 Matrix{Float64}:
 0.0  0.0  0.0  0.0  0.0  1.0  0.0
 0.0  0.0  0.0  1.0  0.0  0.0  1.0
 0.0  0.0  0.0  0.0  0.0  0.0  0.0
 0.0  0.0  0.0  0.0  0.0  0.0  0.0
 0.0  0.0  0.0  0.0  0.0  0.0  0.0
 0.0  0.0  0.0  0.0  1.0  0.0  0.0
3-element Vector{Float64}:
 1.0
 1.0
 1.0
9×3 Matrix{Float64}:
 0.0         0.0         0.0
 0.0124005   0.0124005   0.0124005
 0.0181324   0.0181324   0.0181324
 0.0         0.0         0.0
 0.0227909   0.0227909   0.0227909
 0.0350211   0.0350211   0.0350211
 0.0414      0.0414      0.0414
 0.0166219   0.0166219   0.0166219
 0.00373165  0.00373165  0.00373165
3-element Vector{Float64}:
 0.15009848244484178
 0.15009848244484186
 0.15009848244484186
6×7 Matrix{Float64}:
 0.0  0.0  0.0  0.24984   0.24984   0.24984   0.250481
 0.0  0.0  0.0  0.246893  0.246893  0.246893  0.259321
 0.0  0.0  0.0  0.250937  0.250937  0.250937  0.24719
 0.0  0.0  0.0  0.0       0.0       0.0       0.0
 0.0  0.0  0.0  0.0       0.0       0.0       0.0
 0.0  0.0  0.0  0.252331  0.252331  0.252331  0.243007
3-element Vector{Float64}:
 0.15009848244484178
 0.15009848244484186
 0.15009848244484186
a: [0.0 0.0 0.0; 0.012400529867194407 0.012400529867195517 0.012400529867198182; 0.018132423350082402 0.01813242335008167 0.018132423350081736; 0.0 0.0 0.0; 0.022790869962273294 0.022790869962272947 0.0227908699622719; 0.03502114178540805 0.03502114178540799 0.035021141785407314; 0.04139995613157311 0.04139995613157393 0.041399956131573205; 0.016621906650562807 0.016621906650562995 0.01662190665056256; 0.003731654697747372 0.003731654697746785 0.0037316546977469445]
b: [0.15009848244484178, 0.15009848244484186, 0.15009848244484186]
c: [0.0 0.0 0.0 0.24983961208168298 0.24983961208168287 0.24983961208168282 0.2504811637549513; 0.0 0.0 0.0 0.24689293474482887 0.2468929347448294 0.2468929347448301 0.2593211957655116; 0.0 0.0 0.0 0.25093657561313304 0.2509365756131323 0.25093657561313243 0.24719027316060221; 0.0 0.0 0.0 0.0 0.0 0.0 0.0; 0.0 0.0 0.0 0.0 0.0 0.0 0.0; 0.0 0.0 0.0 0.25233087756035505 0.2523308775603554 0.25233087756035466 0.2430073673189349]
d: [0.15009848244484178, 0.15009848244484186, 0.15009848244484186]
comparison (CRT and Glb)on prediction: Dict{Bool, Int64}(0 => 54, 1 => 0)
Dataname	 time	 objv	 lb	 gap	 train_w	 train_g	 test_w	 test_g
/work_bgfs/n/navarrodelacruz/odt/optimal_decision_tree/augmented_datasets/glass/glass_225.glass	 30.39	 10.522514772366751	 N/A	 N/A	 69.231	 0.0	 53.704	 0.0
