Running 6 processes.
Start training /work_bgfs/n/navarrodelacruz/odt/optimal_decision_tree/augmented_datasets/glass/glass_608.glass with seed 1.
Any[]
(9, 210)
(9, 104)
(9, 52)
(9, 54)
dimension: 9, class: 6
cart cost: 138.3078947368421
size of X: (9, 156)
Using method: Global linear DT optimization
Version identifier: 20.1.0.0 | 2020-11-10 | 9bedb6d68
CPXPARAM_Threads                                 1
CPXPARAM_TimeLimit                               1728000
Tried aggregator 1 time.
No LP presolve or aggregator reductions.
Presolve time = 0.01 sec. (4.41 ticks)
Initializing dual steep norms . . .

Iteration log . . .
Iteration:     1   Dual objective     =             0.000000
Perturbation started.
Iteration:    51   Dual objective     =             0.000000
Iteration:   187   Dual objective     =             0.000027
Iteration:   335   Dual objective     =             0.000059
Iteration:   479   Dual objective     =             0.015663
Iteration:   604   Dual objective     =             0.025351
Iteration:   771   Dual objective     =             0.032106
Iteration:   916   Dual objective     =             0.715965
Iteration:  1045   Dual objective     =             1.420226
Iteration:  1190   Dual objective     =             3.530073
Iteration:  1327   Dual objective     =             4.246428
Iteration:  1473   Dual objective     =             5.577576
Iteration:  1604   Dual objective     =             8.298680
Iteration:  1740   Dual objective     =             8.364027
Iteration:  1881   Dual objective     =            10.378966
Iteration:  2002   Dual objective     =            10.384012
Iteration:  2126   Dual objective     =            10.384417
Removing perturbation.
Iteration:  2167   Scaled dual infeas =             0.000015
Iteration:  2172   Dual objective     =            10.384364
9×3 Matrix{Float64}:
 0.0  0.0  0.0
 0.0  0.0  0.0
 1.0  0.0  0.0
 0.0  0.0  1.0
 0.0  0.0  0.0
 0.0  0.0  0.0
 0.0  0.0  0.0
 0.0  1.0  0.0
 0.0  0.0  0.0
3-element Vector{Float64}:
 0.5877437785662405
 0.14248990329022185
 0.34103803962117774
6×7 Matrix{Float64}:
 0.0  0.0  0.0  0.0  0.0  1.0  0.0
 0.0  0.0  0.0  1.0  0.0  0.0  1.0
 0.0  0.0  0.0  0.0  0.0  0.0  0.0
 0.0  0.0  0.0  0.0  0.0  0.0  0.0
 0.0  0.0  0.0  0.0  0.0  0.0  0.0
 0.0  0.0  0.0  0.0  1.0  0.0  0.0
3-element Vector{Float64}:
 1.0
 1.0
 1.0
9×3 Matrix{Float64}:
 0.0         0.0         0.0
 0.0171188   0.0171188   0.0171188
 0.0183905   0.0183905   0.0183905
 0.0         0.0         0.0
 0.0218372   0.0218372   0.0218372
 0.0334392   0.0334392   0.0334392
 0.0391763   0.0391763   0.0391763
 0.016052    0.016052    0.016052
 0.00427712  0.00427712  0.00427712
3-element Vector{Float64}:
 0.15029108335801294
 0.15029108335801297
 0.15029108335801306
6×7 Matrix{Float64}:
 0.0  0.0  0.0  0.249443  0.249443  0.249443  0.251671
 0.0  0.0  0.0  0.248937  0.248937  0.248937  0.25319
 0.0  0.0  0.0  0.249862  0.249862  0.249862  0.250414
 0.0  0.0  0.0  0.0       0.0       0.0       0.0
 0.0  0.0  0.0  0.0       0.0       0.0       0.0
 0.0  0.0  0.0  0.251758  0.251758  0.251758  0.244725
3-element Vector{Float64}:
 0.15029108335801294
 0.15029108335801297
 0.15029108335801306
a: [0.0 0.0 0.0; 0.017118809319958045 0.017118809319957906 0.01711880931995724; 0.018390457669223148 0.01839045766922326 0.018390457669224314; 0.0 0.0 0.0; 0.021837239530234503 0.021837239530234007 0.021837239530233973; 0.033439215894198904 0.03343921589419891 0.03343921589419941; 0.03917626989326424 0.039176269893265045 0.03917626989326459; 0.016051969492511448 0.016051969492511087 0.01605196949251128; 0.004277121558622723 0.004277121558622735 0.004277121558622246]
b: [0.15029108335801294, 0.15029108335801297, 0.15029108335801306]
c: [0.0 0.0 0.0 0.24944292259036627 0.24944292259036654 0.2494429225903662 0.251671232228901; 0.0 0.0 0.0 0.24893669264892498 0.24893669264892504 0.24893669264892537 0.25318992205322466; 0.0 0.0 0.0 0.2498620000879514 0.24986200008795129 0.2498620000879512 0.2504139997361461; 0.0 0.0 0.0 0.0 0.0 0.0 0.0; 0.0 0.0 0.0 0.0 0.0 0.0 0.0; 0.0 0.0 0.0 0.25175838467275735 0.25175838467275713 0.2517583846727572 0.24472484598172833]
d: [0.15029108335801294, 0.15029108335801297, 0.15029108335801306]
comparison (CRT and Glb)on prediction: Dict{Bool, Int64}(0 => 54, 1 => 0)
Dataname	 time	 objv	 lb	 gap	 train_w	 train_g	 test_w	 test_g
/work_bgfs/n/navarrodelacruz/odt/optimal_decision_tree/augmented_datasets/glass/glass_608.glass	 27.9	 10.384385767766885	 N/A	 N/A	 67.949	 0.0	 57.407	 0.0
