Running 6 processes.
Start training /work_bgfs/n/navarrodelacruz/odt/optimal_decision_tree/augmented_datasets/glass/glass_507.glass with seed 1.
Any[]
(9, 210)
(9, 103)
(9, 51)
(9, 56)
dimension: 9, class: 6
cart cost: 133.5283783783784
size of X: (9, 154)
Using method: Global linear DT optimization
Version identifier: 20.1.0.0 | 2020-11-10 | 9bedb6d68
CPXPARAM_Threads                                 1
CPXPARAM_TimeLimit                               1728000
Tried aggregator 1 time.
No LP presolve or aggregator reductions.
Presolve time = 0.01 sec. (4.36 ticks)
Initializing dual steep norms . . .

Iteration log . . .
Iteration:     1   Dual objective     =             0.000000
Perturbation started.
Iteration:    51   Dual objective     =             0.000000
Iteration:   239   Dual objective     =             0.000041
Iteration:   393   Dual objective     =             0.023312
Iteration:   518   Dual objective     =             0.055902
Iteration:   630   Dual objective     =             0.057625
Iteration:   777   Dual objective     =             2.888287
Iteration:   929   Dual objective     =             4.263811
Iteration:  1067   Dual objective     =             9.242587
Iteration:  1184   Dual objective     =            10.655396
Iteration:  1313   Dual objective     =            10.664383
Removing perturbation.
9×3 Matrix{Float64}:
 0.0  0.0  0.0
 0.0  0.0  0.0
 1.0  0.0  0.0
 0.0  0.0  0.0
 0.0  0.0  0.0
 0.0  0.0  0.0
 0.0  0.0  1.0
 0.0  1.0  0.0
 0.0  0.0  0.0
3-element Vector{Float64}:
 0.7427090580582827
 0.13756352038094255
 0.2660309340559376
6×7 Matrix{Float64}:
 0.0  0.0  0.0  0.0  0.0  0.0  1.0
 0.0  0.0  0.0  1.0  0.0  1.0  0.0
 0.0  0.0  0.0  0.0  0.0  0.0  0.0
 0.0  0.0  0.0  0.0  0.0  0.0  0.0
 0.0  0.0  0.0  0.0  0.0  0.0  0.0
 0.0  0.0  0.0  0.0  1.0  0.0  0.0
3-element Vector{Float64}:
 1.0
 1.0
 1.0
9×3 Matrix{Float64}:
 0.0         0.0         0.0
 0.0144435   0.0144435   0.0144435
 0.0189662   0.0189662   0.0189662
 0.0         0.0         0.0
 0.0221662   0.0221662   0.0221662
 0.0339762   0.0339762   0.0339762
 0.0399183   0.0399183   0.0399183
 0.0159602   0.0159602   0.0159602
 0.00470993  0.00470993  0.00470993
3-element Vector{Float64}:
 0.15014045266531043
 0.15014045266531043
 0.15014045266531045
6×7 Matrix{Float64}:
 0.0  0.0  0.0  0.249025  0.249025  0.249025  0.252925
 0.0  0.0  0.0  0.247995  0.247995  0.247995  0.256015
 0.0  0.0  0.0  0.250799  0.250799  0.250799  0.247604
 0.0  0.0  0.0  0.0       0.0       0.0       0.0
 0.0  0.0  0.0  0.0       0.0       0.0       0.0
 0.0  0.0  0.0  0.252181  0.252181  0.252181  0.243456
3-element Vector{Float64}:
 0.15014045266531043
 0.15014045266531043
 0.15014045266531045
a: [0.0 0.0 0.0; 0.014443491214425674 0.014443491214425695 0.0144434912144258; 0.018966180553179154 0.018966180553179092 0.018966180553179043; 0.0 0.0 0.0; 0.022166183038979964 0.02216618303898001 0.02216618303897994; 0.03397622998278938 0.03397622998278935 0.03397622998278931; 0.039918253634337264 0.03991825363433721 0.039918253634337236; 0.015960183987955078 0.01596018398795506 0.015960183987955023; 0.0047099302536439645 0.004709930253644003 0.004709930253644051]
b: [0.15014045266531043, 0.15014045266531043, 0.15014045266531045]
c: [0.0 0.0 0.0 0.24902498825262875 0.2490249882526286 0.2490249882526288 0.25292503524211407; 0.0 0.0 0.0 0.24799492620249985 0.24799492620250008 0.24799492620249974 0.2560152213925001; 0.0 0.0 0.0 0.25079859429055873 0.2507985942905587 0.25079859429055873 0.24760421712832387; 0.0 0.0 0.0 0.0 0.0 0.0 0.0; 0.0 0.0 0.0 0.0 0.0 0.0 0.0; 0.0 0.0 0.0 0.25218149125431266 0.2521814912543127 0.2521814912543127 0.24345552623706193]
d: [0.15014045266531043, 0.15014045266531043, 0.15014045266531045]
comparison (CRT and Glb)on prediction: Dict{Bool, Int64}(0 => 56, 1 => 0)
Dataname	 time	 objv	 lb	 gap	 train_w	 train_g	 test_w	 test_g
/work_bgfs/n/navarrodelacruz/odt/optimal_decision_tree/augmented_datasets/glass/glass_507.glass	 33.01	 10.664412959791676	 N/A	 N/A	 69.481	 0.0	 57.143	 0.0
