Running 6 processes.
Start training /work_bgfs/n/navarrodelacruz/odt/optimal_decision_tree/augmented_datasets/glass/glass_780.glass with seed 1.
Any[]
(9, 210)
(9, 103)
(9, 51)
(9, 56)
dimension: 9, class: 6
cart cost: 130.69054054054055
size of X: (9, 154)
Using method: Global linear DT optimization
Version identifier: 20.1.0.0 | 2020-11-10 | 9bedb6d68
CPXPARAM_Threads                                 1
CPXPARAM_TimeLimit                               1728000
Tried aggregator 1 time.
No LP presolve or aggregator reductions.
Presolve time = 0.01 sec. (4.35 ticks)
Initializing dual steep norms . . .

Iteration log . . .
Iteration:     1   Dual objective     =             0.000000
Perturbation started.
Iteration:    51   Dual objective     =             0.000000
Iteration:   167   Dual objective     =             0.000020
Iteration:   279   Dual objective     =             0.009935
Iteration:   401   Dual objective     =             0.021912
Iteration:   545   Dual objective     =             0.050852
Iteration:   670   Dual objective     =             0.709536
Iteration:   821   Dual objective     =             1.441885
Iteration:   953   Dual objective     =             2.181813
Iteration:  1064   Dual objective     =             2.898213
Iteration:  1185   Dual objective     =             4.267601
Iteration:  1293   Dual objective     =             5.725496
Iteration:  1390   Dual objective     =             7.153295
Iteration:  1500   Dual objective     =             9.243634
Iteration:  1639   Dual objective     =            10.664214
Iteration:  1788   Dual objective     =            10.664389
Removing perturbation.
9×3 Matrix{Float64}:
 0.0  0.0  0.0
 0.0  0.0  0.0
 1.0  0.0  0.0
 0.0  0.0  1.0
 0.0  0.0  0.0
 0.0  0.0  0.0
 0.0  0.0  0.0
 0.0  1.0  0.0
 0.0  0.0  0.0
3-element Vector{Float64}:
 0.5677935169227397
 0.14237281206491034
 0.3580274702277654
6×7 Matrix{Float64}:
 0.0  0.0  0.0  0.0  0.0  1.0  0.0
 0.0  0.0  0.0  1.0  0.0  0.0  1.0
 0.0  0.0  0.0  0.0  0.0  0.0  0.0
 0.0  0.0  0.0  0.0  0.0  0.0  0.0
 0.0  0.0  0.0  0.0  0.0  0.0  0.0
 0.0  0.0  0.0  0.0  1.0  0.0  0.0
3-element Vector{Float64}:
 1.0
 1.0
 1.0
9×3 Matrix{Float64}:
 0.000394847  0.000394847  0.000394847
 0.0158034    0.0158034    0.0158034
 0.0181062    0.0181062    0.0181062
 0.0          0.0          0.0
 0.0185176    0.0185176    0.0185176
 0.0345005    0.0345005    0.0345005
 0.0455038    0.0455038    0.0455038
 0.0159061    0.0159061    0.0159061
 0.00106881   0.00106881   0.00106881
3-element Vector{Float64}:
 0.14980112876873913
 0.1498011287687392
 0.14980112876873908
6×7 Matrix{Float64}:
 0.0  0.0  0.0  0.249847  0.249847  0.249847  0.25046
 0.0  0.0  0.0  0.245688  0.245688  0.245688  0.262937
 0.0  0.0  0.0  0.251333  0.251333  0.251333  0.246002
 0.0  0.0  0.0  0.0       0.0       0.0       0.0
 0.0  0.0  0.0  0.0       0.0       0.0       0.0
 0.0  0.0  0.0  0.253133  0.253133  0.253133  0.240601
3-element Vector{Float64}:
 0.14980112876873913
 0.1498011287687392
 0.14980112876873908
a: [0.00039484688300211925 0.0003948468830017038 0.00039484688300212706; 0.015803358055765705 0.015803358055766117 0.015803358055764948; 0.018106152405091724 0.018106152405090996 0.018106152405092404; 0.0 0.0 0.0; 0.01851761549123343 0.01851761549123325 0.01851761549123361; 0.034500458730167924 0.034500458730167646 0.034500458730168285; 0.04550375692033724 0.045503756920338465 0.045503756920337195; 0.015906131186297575 0.015906131186297034 0.01590613118629791; 0.001068809096843393 0.001068809096844058 0.0010688090968425982]
b: [0.14980112876873913, 0.1498011287687392, 0.14980112876873908]
c: [0.0 0.0 0.0 0.24984676667564965 0.2498467666756496 0.2498467666756495 0.25045969997305134; 0.0 0.0 0.0 0.24568751001112155 0.24568751001112213 0.2456875100111222 0.26293746996663414; 0.0 0.0 0.0 0.2513327781435364 0.25133277814353605 0.2513327781435361 0.2460016655693914; 0.0 0.0 0.0 0.0 0.0 0.0 0.0; 0.0 0.0 0.0 0.0 0.0 0.0 0.0; 0.0 0.0 0.0 0.2531329451696924 0.25313294516969226 0.2531329451696923 0.24060116449092311]
d: [0.14980112876873913, 0.1498011287687392, 0.14980112876873908]
comparison (CRT and Glb)on prediction: Dict{Bool, Int64}(0 => 56, 1 => 0)
Dataname	 time	 objv	 lb	 gap	 train_w	 train_g	 test_w	 test_g
/work_bgfs/n/navarrodelacruz/odt/optimal_decision_tree/augmented_datasets/glass/glass_780.glass	 36.79	 10.664362061207193	 N/A	 N/A	 70.13	 0.0	 46.429	 0.0
