Running 6 processes.
Start training /work_bgfs/n/navarrodelacruz/odt/optimal_decision_tree/augmented_datasets/glass/glass_69.glass with seed 1.
Any[]
(9, 210)
(9, 104)
(9, 52)
(9, 54)
dimension: 9, class: 6
cart cost: 137.35
size of X: (9, 156)
Using method: Global linear DT optimization
Version identifier: 20.1.0.0 | 2020-11-10 | 9bedb6d68
CPXPARAM_Threads                                 1
CPXPARAM_TimeLimit                               1728000
Tried aggregator 1 time.
No LP presolve or aggregator reductions.
Presolve time = 0.01 sec. (4.44 ticks)
Initializing dual steep norms . . .

Iteration log . . .
Iteration:     1   Dual objective     =             0.000000
Perturbation started.
Iteration:    51   Dual objective     =             0.000000
Iteration:   152   Dual objective     =             0.000016
Iteration:   298   Dual objective     =             0.022079
Iteration:   438   Dual objective     =             0.024259
Iteration:   553   Dual objective     =             2.113830
Iteration:   667   Dual objective     =             2.158048
Iteration:   808   Dual objective     =             3.507165
Iteration:   917   Dual objective     =             7.480776
Iteration:  1062   Dual objective     =             9.827172
Iteration:  1206   Dual objective     =            10.521287
Removing perturbation.
9×3 Matrix{Float64}:
 0.0  0.0  0.0
 0.0  0.0  0.0
 1.0  0.0  0.0
 0.0  0.0  1.0
 0.0  0.0  0.0
 0.0  0.0  0.0
 0.0  1.0  0.0
 0.0  0.0  0.0
 0.0  0.0  0.0
3-element Vector{Float64}:
 0.6161883335028218
 0.3603358144045879
 0.3527622652425333
6×7 Matrix{Float64}:
 0.0  0.0  0.0  0.0  0.0  1.0  0.0
 0.0  0.0  0.0  0.0  1.0  0.0  1.0
 0.0  0.0  0.0  0.0  0.0  0.0  0.0
 0.0  0.0  0.0  0.0  0.0  0.0  0.0
 0.0  0.0  0.0  0.0  0.0  0.0  0.0
 0.0  0.0  0.0  1.0  0.0  0.0  0.0
3-element Vector{Float64}:
 1.0
 1.0
 1.0
9×3 Matrix{Float64}:
 0.0        0.0        0.0
 0.0        0.0        0.0
 0.0103903  0.0103903  0.0103903
 0.0        0.0        0.0
 0.0107708  0.0107708  0.0107708
 0.0399709  0.0399709  0.0399709
 0.0434705  0.0434705  0.0434705
 0.0402688  0.0402688  0.0402688
 0.0040076  0.0040076  0.0040076
3-element Vector{Float64}:
 0.14887891726279773
 0.1488789172627977
 0.14887891726279776
6×7 Matrix{Float64}:
 0.0  0.0  0.0  0.261536  0.261536  0.261536  0.215391
 0.0  0.0  0.0  0.219929  0.219929  0.219929  0.340213
 0.0  0.0  0.0  0.263919  0.263919  0.263919  0.208243
 0.0  0.0  0.0  0.0       0.0       0.0       0.0
 0.0  0.0  0.0  0.0       0.0       0.0       0.0
 0.0  0.0  0.0  0.254616  0.254616  0.254616  0.236153
3-element Vector{Float64}:
 0.14887891726279773
 0.1488789172627977
 0.14887891726279776
a: [0.0 0.0 0.0; 0.0 0.0 0.0; 0.010390298419182577 0.010390298419182629 0.01039029841918307; 0.0 0.0 0.0; 0.010770771928037059 0.010770771928037048 0.010770771928037458; 0.03997088897460241 0.03997088897460241 0.0399708889746024; 0.04347053405472311 0.04347053405472297 0.043470534054721496; 0.04026882121035568 0.0402688212103557 0.04026882121035603; 0.004007602675896911 0.0040076026758968375 0.004007602675897309]
b: [0.14887891726279773, 0.1488789172627977, 0.14887891726279776]
c: [0.0 0.0 0.0 0.2615361950120074 0.26153619501200726 0.261536195012007 0.21539141496397846; 0.0 0.0 0.0 0.21992907454311567 0.21992907454311567 0.21992907454311636 0.3402127763706522; 0.0 0.0 0.0 0.26391911692577014 0.26391911692577014 0.26391911692576986 0.20824264922268987; 0.0 0.0 0.0 0.0 0.0 0.0 0.0; 0.0 0.0 0.0 0.0 0.0 0.0 0.0; 0.0 0.0 0.0 0.2546156135191067 0.2546156135191069 0.2546156135191068 0.23615315944267945]
d: [0.14887891726279773, 0.1488789172627977, 0.14887891726279776]
comparison (CRT and Glb)on prediction: Dict{Bool, Int64}(0 => 54, 1 => 0)
Dataname	 time	 objv	 lb	 gap	 train_w	 train_g	 test_w	 test_g
/work_bgfs/n/navarrodelacruz/odt/optimal_decision_tree/augmented_datasets/glass/glass_69.glass	 27.24	 10.522331837589459	 N/A	 N/A	 68.59	 0.0	 53.704	 0.0
