Running 6 processes.
Start training /work_bgfs/n/navarrodelacruz/odt/optimal_decision_tree/augmented_datasets/glass/glass_412.glass with seed 1.
Any[]
(9, 210)
(9, 104)
(9, 52)
(9, 54)
dimension: 9, class: 6
cart cost: 140.14999999999998
size of X: (9, 156)
Using method: Global linear DT optimization
Version identifier: 20.1.0.0 | 2020-11-10 | 9bedb6d68
CPXPARAM_Threads                                 1
CPXPARAM_TimeLimit                               1728000
Tried aggregator 1 time.
No LP presolve or aggregator reductions.
Presolve time = 0.01 sec. (4.29 ticks)
Initializing dual steep norms . . .

Iteration log . . .
Iteration:     1   Dual objective     =             0.000000
Perturbation started.
Iteration:    51   Dual objective     =             0.000000
Iteration:   250   Dual objective     =             0.000041
Iteration:   366   Dual objective     =             0.016445
Iteration:   490   Dual objective     =             0.021497
Iteration:   629   Dual objective     =             0.025952
Iteration:   762   Dual objective     =             0.038663
Iteration:   882   Dual objective     =             0.706582
Iteration:  1019   Dual objective     =             0.720542
Iteration:  1153   Dual objective     =             1.442348
Iteration:  1293   Dual objective     =             4.200043
Iteration:  1442   Dual objective     =             5.650099
Iteration:  1565   Dual objective     =             7.070219
Iteration:  1696   Dual objective     =             8.429711
Iteration:  1814   Dual objective     =            10.520744
Iteration:  1953   Dual objective     =            10.522300
Iteration:  2104   Dual objective     =            10.522587
Removing perturbation.
Iteration:  2133   Scaled dual infeas =             0.000000
Iteration:  2134   Dual objective     =            10.522545
9×3 Matrix{Float64}:
 0.0  0.0  0.0
 0.0  1.0  0.0
 1.0  0.0  0.0
 0.0  0.0  1.0
 0.0  0.0  0.0
 0.0  0.0  0.0
 0.0  0.0  0.0
 0.0  0.0  0.0
 0.0  0.0  0.0
3-element Vector{Float64}:
 0.5628176242199843
 0.47036151899993106
 0.35387302370797497
6×7 Matrix{Float64}:
 0.0  0.0  0.0  0.0  0.0  1.0  0.0
 0.0  0.0  0.0  1.0  0.0  0.0  1.0
 0.0  0.0  0.0  0.0  0.0  0.0  0.0
 0.0  0.0  0.0  0.0  0.0  0.0  0.0
 0.0  0.0  0.0  0.0  0.0  0.0  0.0
 0.0  0.0  0.0  0.0  1.0  0.0  0.0
3-element Vector{Float64}:
 1.0
 1.0
 1.0
9×3 Matrix{Float64}:
 0.0        0.0        0.0
 0.0153384  0.0153384  0.0153384
 0.0216514  0.0216514  0.0216514
 0.0        0.0        0.0
 0.0206357  0.0206357  0.0206357
 0.0352757  0.0352757  0.0352757
 0.0402107  0.0402107  0.0402107
 0.0171881  0.0171881  0.0171881
 0.0        0.0        0.0
3-element Vector{Float64}:
 0.15030000946013966
 0.1503000094601397
 0.1503000094601396
6×7 Matrix{Float64}:
 0.0  0.0  0.0  0.24913   0.24913   0.24913   0.252611
 0.0  0.0  0.0  0.249876  0.249876  0.249876  0.250373
 0.0  0.0  0.0  0.249253  0.249253  0.249253  0.25224
 0.0  0.0  0.0  0.0       0.0       0.0       0.0
 0.0  0.0  0.0  0.0       0.0       0.0       0.0
 0.0  0.0  0.0  0.251741  0.251741  0.251741  0.244777
3-element Vector{Float64}:
 0.15030000946013966
 0.1503000094601397
 0.1503000094601396
a: [0.0 0.0 0.0; 0.015338389758891959 0.015338389758891229 0.01533838975889253; 0.021651425632478703 0.021651425632478957 0.0216514256324782; 0.0 0.0 0.0; 0.02063568825325099 0.020635688253251294 0.02063568825325096; 0.035275738752160356 0.03527573875216059 0.03527573875216006; 0.0402107096579574 0.040210709657957096 0.04021070965795751; 0.017188057405400387 0.017188057405400692 0.01718805740540033; 0.0 0.0 0.0]
b: [0.15030000946013966, 0.1503000094601397, 0.1503000094601396]
c: [0.0 0.0 0.0 0.2491298077889248 0.24912980778892446 0.24912980778892502 0.25261057663322584; 0.0 0.0 0.0 0.2498757752586288 0.24987577525862908 0.24987577525862903 0.2503726742241129; 0.0 0.0 0.0 0.24925326579360618 0.24925326579360618 0.24925326579360618 0.25224020261918145; 0.0 0.0 0.0 0.0 0.0 0.0 0.0; 0.0 0.0 0.0 0.0 0.0 0.0 0.0; 0.0 0.0 0.0 0.2517411511588402 0.2517411511588402 0.25174115115883977 0.2447765465234798]
d: [0.15030000946013966, 0.1503000094601397, 0.1503000094601396]
comparison (CRT and Glb)on prediction: Dict{Bool, Int64}(0 => 54, 1 => 0)
Dataname	 time	 objv	 lb	 gap	 train_w	 train_g	 test_w	 test_g
/work_bgfs/n/navarrodelacruz/odt/optimal_decision_tree/augmented_datasets/glass/glass_412.glass	 27.09	 10.522545001419042	 N/A	 N/A	 67.949	 0.0	 53.704	 0.0
