Running 6 processes.
Start training /work_bgfs/n/navarrodelacruz/odt/optimal_decision_tree/augmented_datasets/glass/glass_800.glass with seed 1.
Any[]
(9, 210)
(9, 104)
(9, 52)
(9, 54)
dimension: 9, class: 6
cart cost: 154.14999999999998
size of X: (9, 156)
Using method: Global linear DT optimization
Version identifier: 20.1.0.0 | 2020-11-10 | 9bedb6d68
CPXPARAM_Threads                                 1
CPXPARAM_TimeLimit                               1728000
Tried aggregator 1 time.
No LP presolve or aggregator reductions.
Presolve time = 0.01 sec. (4.42 ticks)
Initializing dual steep norms . . .

Iteration log . . .
Iteration:     1   Dual objective     =             0.000000
Perturbation started.
Iteration:    51   Dual objective     =             0.000000
Iteration:   239   Dual objective     =             0.000042
Iteration:   362   Dual objective     =             0.018085
Iteration:   488   Dual objective     =             0.020531
Iteration:   630   Dual objective     =             0.053572
Iteration:   795   Dual objective     =             0.716988
Iteration:   913   Dual objective     =             0.728531
Iteration:  1036   Dual objective     =             1.458019
Iteration:  1142   Dual objective     =             1.459070
Iteration:  1254   Dual objective     =             2.126929
Iteration:  1376   Dual objective     =             2.822117
Iteration:  1492   Dual objective     =             2.856673
Iteration:  1634   Dual objective     =             7.023205
Iteration:  1761   Dual objective     =             9.121996
Iteration:  1895   Dual objective     =             9.801909
Iteration:  2023   Dual objective     =            10.522346
Iteration:  2141   Dual objective     =            10.522616
Removing perturbation.
Iteration:  2147   Scaled dual infeas =             0.000000
Iteration:  2148   Dual objective     =            10.522547
9×3 Matrix{Float64}:
 0.0  0.0  0.0
 0.0  0.0  0.0
 1.0  0.0  0.0
 0.0  0.0  0.0
 0.0  0.0  0.0
 0.0  0.0  0.0
 0.0  0.0  1.0
 0.0  1.0  0.0
 0.0  0.0  0.0
3-element Vector{Float64}:
 0.6878973521105084
 0.14425698952469151
 0.2615914893298115
6×7 Matrix{Float64}:
 0.0  0.0  0.0  0.0  0.0  0.0  1.0
 0.0  0.0  0.0  1.0  0.0  1.0  0.0
 0.0  0.0  0.0  0.0  0.0  0.0  0.0
 0.0  0.0  0.0  0.0  0.0  0.0  0.0
 0.0  0.0  0.0  0.0  0.0  0.0  0.0
 0.0  0.0  0.0  0.0  1.0  0.0  0.0
3-element Vector{Float64}:
 1.0
 1.0
 1.0
9×3 Matrix{Float64}:
 0.0          0.0          0.0
 0.000166332  0.000166332  0.000166332
 0.0112485    0.0112485    0.0112485
 0.0          0.0          0.0
 0.0171154    0.0171154    0.0171154
 0.038102     0.038102     0.038102
 0.0572167    0.0572167    0.0572167
 0.0200408    0.0200408    0.0200408
 0.00651533   0.00651533   0.00651533
3-element Vector{Float64}:
 0.15040497968727623
 0.15040497968727629
 0.15040497968727623
6×7 Matrix{Float64}:
 0.0  0.0  0.0  0.253818  0.253818  0.253818  0.238545
 0.0  0.0  0.0  0.231281  0.231281  0.231281  0.306157
 0.0  0.0  0.0  0.258662  0.258662  0.258662  0.224014
 0.0  0.0  0.0  0.0       0.0       0.0       0.0
 0.0  0.0  0.0  0.0       0.0       0.0       0.0
 0.0  0.0  0.0  0.256239  0.256239  0.256239  0.231284
3-element Vector{Float64}:
 0.15040497968727623
 0.15040497968727629
 0.15040497968727623
a: [0.0 0.0 0.0; 0.00016633216303343912 0.00016633216303451118 0.0001663321630349839; 0.011248454491730255 0.011248454491730321 0.011248454491730933; 0.0 0.0 0.0; 0.0171153635250295 0.01711536352502855 0.017115363525028793; 0.03810204551498192 0.038102045514982016 0.038102045514981725; 0.0572166965090798 0.057216696509080046 0.05721669650907963; 0.020040757652176885 0.02004075765217721 0.020040757652176368; 0.006515329831244433 0.006515329831243644 0.006515329831243644]
b: [0.15040497968727623, 0.15040497968727629, 0.15040497968727623]
c: [0.0 0.0 0.0 0.2538182409301335 0.253818240930134 0.25381824093013344 0.23854527720959917; 0.0 0.0 0.0 0.23128101964799747 0.23128101964799747 0.23128101964799835 0.30615694105600655; 0.0 0.0 0.0 0.2586619820948239 0.25866198209482394 0.25866198209482316 0.22401405371552907; 0.0 0.0 0.0 0.0 0.0 0.0 0.0; 0.0 0.0 0.0 0.0 0.0 0.0 0.0; 0.0 0.0 0.0 0.2562387573270451 0.25623875732704465 0.2562387573270451 0.2312837280188652]
d: [0.15040497968727623, 0.15040497968727629, 0.15040497968727623]
comparison (CRT and Glb)on prediction: Dict{Bool, Int64}(0 => 54, 1 => 0)
Dataname	 time	 objv	 lb	 gap	 train_w	 train_g	 test_w	 test_g
/work_bgfs/n/navarrodelacruz/odt/optimal_decision_tree/augmented_datasets/glass/glass_800.glass	 32.27	 10.522560746953104	 N/A	 N/A	 64.744	 0.0	 57.407	 0.0
