Running 6 processes.
Start training /work_bgfs/n/navarrodelacruz/odt/optimal_decision_tree/augmented_datasets/glass/glass_617.glass with seed 1.
Any[]
(9, 210)
(9, 105)
(9, 53)
(9, 52)
dimension: 9, class: 6
cart cost: 154.14999999999998
size of X: (9, 158)
Using method: Global linear DT optimization
Version identifier: 20.1.0.0 | 2020-11-10 | 9bedb6d68
CPXPARAM_Threads                                 1
CPXPARAM_TimeLimit                               1728000
Tried aggregator 1 time.
No LP presolve or aggregator reductions.
Presolve time = 0.01 sec. (4.48 ticks)
Initializing dual steep norms . . .

Iteration log . . .
Iteration:     1   Dual objective     =             0.000000
Perturbation started.
Iteration:    51   Dual objective     =             0.000000
Iteration:   177   Dual objective     =             0.000026
Iteration:   365   Dual objective     =             0.001442
Iteration:   527   Dual objective     =             0.021019
Iteration:   648   Dual objective     =             0.030919
Iteration:   776   Dual objective     =             0.050461
Iteration:   921   Dual objective     =             0.056581
Iteration:  1056   Dual objective     =             0.725751
Iteration:  1190   Dual objective     =             0.732802
Iteration:  1330   Dual objective     =             1.458339
Iteration:  1472   Dual objective     =             2.851370
Iteration:  1603   Dual objective     =             4.231534
Iteration:  1738   Dual objective     =             7.019589
Iteration:  1881   Dual objective     =             9.114973
Iteration:  2012   Dual objective     =            10.521963
Removing perturbation.
9×3 Matrix{Float64}:
 0.0  0.0  0.0
 0.0  0.0  0.0
 1.0  0.0  0.0
 0.0  0.0  1.0
 0.0  0.0  0.0
 0.0  0.0  0.0
 0.0  0.0  0.0
 0.0  1.0  0.0
 0.0  0.0  0.0
3-element Vector{Float64}:
 0.6017738870151238
 0.1658752699885378
 0.34359116996241756
6×7 Matrix{Float64}:
 0.0  0.0  0.0  0.0  0.0  1.0  0.0
 0.0  0.0  0.0  1.0  0.0  0.0  1.0
 0.0  0.0  0.0  0.0  0.0  0.0  0.0
 0.0  0.0  0.0  0.0  0.0  0.0  0.0
 0.0  0.0  0.0  0.0  0.0  0.0  0.0
 0.0  0.0  0.0  0.0  1.0  0.0  0.0
3-element Vector{Float64}:
 1.0
 1.0
 1.0
9×3 Matrix{Float64}:
 0.0        0.0        0.0
 0.0        0.0        0.0
 0.0        0.0        0.0
 0.0        0.0        0.0
 0.0176277  0.0176277  0.0176277
 0.0330078  0.0330078  0.0330078
 0.0457946  0.0457946  0.0457946
 0.0432313  0.0432313  0.0432313
 0.0077654  0.0077654  0.0077654
3-element Vector{Float64}:
 0.14742683369935874
 0.14742683369935877
 0.14742683369935883
6×7 Matrix{Float64}:
 0.0  0.0  0.0  0.25882   0.255594  0.25882   0.226766
 0.0  0.0  0.0  0.238812  0.238812  0.238812  0.283565
 0.0  0.0  0.0  0.258479  0.261704  0.258479  0.221337
 0.0  0.0  0.0  0.0       0.0       0.0       0.0
 0.0  0.0  0.0  0.0       0.0       0.0       0.0
 0.0  0.0  0.0  0.24389   0.24389   0.24389   0.268331
3-element Vector{Float64}:
 0.14742683369935874
 0.14742683369935877
 0.14742683369935883
a: [0.0 0.0 0.0; 0.0 0.0 0.0; 0.0 0.0 0.0; 0.0 0.0 0.0; 0.017627731222511517 0.01762773122251126 0.01762773122251088; 0.03300779418301202 0.03300779418301211 0.03300779418301206; 0.04579459716837139 0.04579459716837172 0.04579459716837215; 0.04323130989589 0.043231309895890184 0.043231309895890295; 0.0077654012295736916 0.007765401229573389 0.00776540122957345]
b: [0.14742683369935874, 0.14742683369935877, 0.14742683369935883]
c: [0.0 0.0 0.0 0.25881964371028054 0.2555943594364587 0.2588196437102813 0.22676635314297955; 0.0 0.0 0.0 0.23881154085983683 0.23881154085983713 0.23881154085983688 0.28356537742048904; 0.0 0.0 0.0 0.258479100516675 0.26170438479049685 0.2584791005166741 0.22133741417615405; 0.0 0.0 0.0 0.0 0.0 0.0 0.0; 0.0 0.0 0.0 0.0 0.0 0.0 0.0; 0.0 0.0 0.0 0.24388971491320763 0.24388971491320746 0.24388971491320763 0.2683308552603773]
d: [0.14742683369935874, 0.14742683369935877, 0.14742683369935883]
comparison (CRT and Glb)on prediction: Dict{Bool, Int64}(0 => 52, 1 => 0)
Dataname	 time	 objv	 lb	 gap	 train_w	 train_g	 test_w	 test_g
/work_bgfs/n/navarrodelacruz/odt/optimal_decision_tree/augmented_datasets/glass/glass_617.glass	 29.26	 10.522114025054929	 N/A	 N/A	 65.19	 0.0	 53.846	 0.0
