Running 6 processes.
Start training /work_bgfs/n/navarrodelacruz/odt/optimal_decision_tree/augmented_datasets/glass/glass_420.glass with seed 1.
Any[]
(9, 210)
(9, 105)
(9, 53)
(9, 52)
dimension: 9, class: 6
cart cost: 145.75
size of X: (9, 158)
Using method: Global linear DT optimization
Version identifier: 20.1.0.0 | 2020-11-10 | 9bedb6d68
CPXPARAM_Threads                                 1
CPXPARAM_TimeLimit                               1728000
Tried aggregator 1 time.
No LP presolve or aggregator reductions.
Presolve time = 0.01 sec. (4.39 ticks)
Initializing dual steep norms . . .

Iteration log . . .
Iteration:     1   Dual objective     =             0.000000
Perturbation started.
Iteration:    51   Dual objective     =             0.000000
Iteration:   194   Dual objective     =             0.000025
Iteration:   341   Dual objective     =             0.010343
Iteration:   485   Dual objective     =             0.017580
Iteration:   625   Dual objective     =             0.030866
Iteration:   771   Dual objective     =             0.720655
Iteration:   927   Dual objective     =             1.451183
Iteration:  1066   Dual objective     =             2.154463
Iteration:  1202   Dual objective     =             2.810401
Iteration:  1317   Dual objective     =             2.837873
Iteration:  1441   Dual objective     =             4.200093
Iteration:  1565   Dual objective     =             4.916447
Iteration:  1721   Dual objective     =             7.055930
Iteration:  1860   Dual objective     =             9.119725
Iteration:  2016   Dual objective     =            10.521568
Removing perturbation.
9×3 Matrix{Float64}:
 0.0  0.0  0.0
 0.0  0.0  0.0
 1.0  0.0  0.0
 0.0  0.0  1.0
 0.0  0.0  0.0
 0.0  0.0  0.0
 0.0  0.0  0.0
 0.0  1.0  0.0
 0.0  0.0  0.0
3-element Vector{Float64}:
 0.6251901637456669
 0.16179804811603393
 0.3607253533740148
6×7 Matrix{Float64}:
 0.0  0.0  0.0  0.0  0.0  1.0  0.0
 0.0  0.0  0.0  1.0  0.0  0.0  1.0
 0.0  0.0  0.0  0.0  0.0  0.0  0.0
 0.0  0.0  0.0  0.0  0.0  0.0  0.0
 0.0  0.0  0.0  0.0  0.0  0.0  0.0
 0.0  0.0  0.0  0.0  1.0  0.0  0.0
3-element Vector{Float64}:
 1.0
 1.0
 1.0
9×3 Matrix{Float64}:
 0.0         0.0         0.0
 0.0         0.0         0.0
 0.0         0.0         0.0
 0.0         0.0         0.0
 0.0133767   0.0133767   0.0133767
 0.0337262   0.0337262   0.0337262
 0.0511109   0.0511109   0.0511109
 0.0480822   0.0480822   0.0480822
 0.00179334  0.00179334  0.00179334
3-element Vector{Float64}:
 0.14808929478517302
 0.14808929478517302
 0.14808929478517308
6×7 Matrix{Float64}:
 0.0  0.0  0.0  0.261721  0.261721  0.261721  0.214836
 0.0  0.0  0.0  0.239922  0.239922  0.239922  0.280235
 0.0  0.0  0.0  0.266155  0.266155  0.266155  0.201535
 0.0  0.0  0.0  0.0       0.0       0.0       0.0
 0.0  0.0  0.0  0.0       0.0       0.0       0.0
 0.0  0.0  0.0  0.232202  0.232202  0.232202  0.303395
3-element Vector{Float64}:
 0.14808929478517302
 0.14808929478517302
 0.14808929478517308
a: [0.0 0.0 0.0; 0.0 0.0 0.0; 0.0 0.0 0.0; 0.0 0.0 0.0; 0.013376716386121763 0.013376716386121729 0.013376716386121576; 0.03372621050378381 0.03372621050378384 0.03372621050378372; 0.051110855763979196 0.051110855763979134 0.05111085576397923; 0.04808217642092083 0.04808217642092086 0.04808217642092107; 0.0017933357103674706 0.0017933357103674386 0.0017933357103674845]
b: [0.14808929478517302, 0.14808929478517302, 0.14808929478517308]
c: [0.0 0.0 0.0 0.2617214926814959 0.2617214926814956 0.2617214926814956 0.21483552195551298; 0.0 0.0 0.0 0.23992182492913994 0.23992182492913972 0.2399218249291398 0.2802345252125804; 0.0 0.0 0.0 0.2661551454350554 0.2661551454350554 0.26615514543505564 0.20153456369483358; 0.0 0.0 0.0 0.0 0.0 0.0 0.0; 0.0 0.0 0.0 0.0 0.0 0.0 0.0; 0.0 0.0 0.0 0.23220153695430876 0.23220153695430928 0.23220153695430895 0.30339538913707303]
d: [0.14808929478517302, 0.14808929478517302, 0.14808929478517308]
comparison (CRT and Glb)on prediction: Dict{Bool, Int64}(0 => 52, 1 => 0)
Dataname	 time	 objv	 lb	 gap	 train_w	 train_g	 test_w	 test_g
/work_bgfs/n/navarrodelacruz/odt/optimal_decision_tree/augmented_datasets/glass/glass_420.glass	 81.43	 10.522213394217795	 N/A	 N/A	 67.089	 0.0	 57.692	 0.0
