Running 6 processes.
Start training /work_bgfs/n/navarrodelacruz/odt/optimal_decision_tree/augmented_datasets/glass/glass_547.glass with seed 1.
Any[]
(9, 210)
(9, 103)
(9, 52)
(9, 55)
dimension: 9, class: 6
cart cost: 157.65
size of X: (9, 155)
Using method: Global linear DT optimization
Version identifier: 20.1.0.0 | 2020-11-10 | 9bedb6d68
CPXPARAM_Threads                                 1
CPXPARAM_TimeLimit                               1728000
Tried aggregator 1 time.
No LP presolve or aggregator reductions.
Presolve time = 0.01 sec. (4.39 ticks)
Initializing dual steep norms . . .

Iteration log . . .
Iteration:     1   Dual objective     =             0.000000
Perturbation started.
Iteration:    51   Dual objective     =             0.000000
Iteration:   160   Dual objective     =             0.000018
Iteration:   295   Dual objective     =             0.000044
Iteration:   404   Dual objective     =             0.021847
Iteration:   527   Dual objective     =             0.029412
Iteration:   651   Dual objective     =             0.786082
Iteration:   770   Dual objective     =             2.245572
Iteration:   894   Dual objective     =             5.128956
Iteration:  1020   Dual objective     =             5.129447
Iteration:  1182   Dual objective     =             6.576546
Iteration:  1299   Dual objective     =             8.749406
Iteration:  1425   Dual objective     =             9.513095
Iteration:  1549   Dual objective     =            10.958984
Iteration:  1702   Dual objective     =            10.959941
Removing perturbation.
Iteration:  1845   Scaled dual infeas =             0.000000
Iteration:  1846   Dual objective     =            10.959989
9×3 Matrix{Float64}:
 0.0  0.0  0.0
 0.0  0.0  0.0
 1.0  0.0  0.0
 0.0  0.0  0.0
 0.0  0.0  0.0
 0.0  0.0  0.0
 0.0  0.0  1.0
 0.0  1.0  0.0
 0.0  0.0  0.0
3-element Vector{Float64}:
 0.6103539222965142
 0.13829679000729447
 0.26106420470501013
6×7 Matrix{Float64}:
 0.0  0.0  0.0  0.0  0.0  0.0  1.0
 0.0  0.0  0.0  1.0  0.0  1.0  0.0
 0.0  0.0  0.0  0.0  0.0  0.0  0.0
 0.0  0.0  0.0  0.0  0.0  0.0  0.0
 0.0  0.0  0.0  0.0  0.0  0.0  0.0
 0.0  0.0  0.0  0.0  1.0  0.0  0.0
3-element Vector{Float64}:
 1.0
 1.0
 1.0
9×3 Matrix{Float64}:
 0.0        0.0        0.0
 0.0104317  0.0104317  0.0104317
 0.0182448  0.0182448  0.0182448
 0.0        0.0        0.0
 0.0229704  0.0229704  0.0229704
 0.0349952  0.0349952  0.0349952
 0.0421844  0.0421844  0.0421844
 0.0157967  0.0157967  0.0157967
 0.0053041  0.0053041  0.0053041
3-element Vector{Float64}:
 0.14992736097513415
 0.14992736097513415
 0.1499273609751341
6×7 Matrix{Float64}:
 0.0  0.0  0.0  0.248243  0.248243  0.248243  0.255271
 0.0  0.0  0.0  0.246234  0.246234  0.246234  0.261297
 0.0  0.0  0.0  0.251762  0.251762  0.251762  0.244714
 0.0  0.0  0.0  0.0       0.0       0.0       0.0
 0.0  0.0  0.0  0.0       0.0       0.0       0.0
 0.0  0.0  0.0  0.253761  0.253761  0.253761  0.238718
3-element Vector{Float64}:
 0.14992736097513415
 0.14992736097513415
 0.1499273609751341
a: [0.0 0.0 0.0; 0.010431745972027697 0.010431745972028325 0.010431745972029331; 0.01824483079161876 0.018244830791618847 0.01824483079161929; 0.0 0.0 0.0; 0.0229703527255367 0.022970352725536033 0.022970352725534254; 0.03499521726681728 0.03499521726681695 0.034995217266816904; 0.04218442478673538 0.04218442478673589 0.04218442478673712; 0.01579668806075267 0.015796688060752875 0.015796688060753114; 0.00530410137164543 0.005304101371645102 0.005304101371644068]
b: [0.14992736097513415, 0.14992736097513415, 0.1499273609751341]
c: [0.0 0.0 0.0 0.24824294914604444 0.2482429491460444 0.24824294914604433 0.25527115256186705; 0.0 0.0 0.0 0.24623433599514266 0.2462343359951424 0.24623433599514277 0.261296992014572; 0.0 0.0 0.0 0.2517620864276645 0.25176208642766457 0.2517620864276644 0.24471374071700636; 0.0 0.0 0.0 0.0 0.0 0.0 0.0; 0.0 0.0 0.0 0.0 0.0 0.0 0.0; 0.0 0.0 0.0 0.2537606284311484 0.25376062843114855 0.2537606284311485 0.23871811470655457]
d: [0.14992736097513415, 0.14992736097513415, 0.1499273609751341]
comparison (CRT and Glb)on prediction: Dict{Bool, Int64}(0 => 55, 1 => 0)
Dataname	 time	 objv	 lb	 gap	 train_w	 train_g	 test_w	 test_g
/work_bgfs/n/navarrodelacruz/odt/optimal_decision_tree/augmented_datasets/glass/glass_547.glass	 27.35	 10.95998910414624	 N/A	 N/A	 65.161	 0.0	 58.182	 0.0
