Running 6 processes.
Start training /work_bgfs/n/navarrodelacruz/odt/optimal_decision_tree/augmented_datasets/glass/glass_583.glass with seed 1.
Any[]
(9, 210)
(9, 104)
(9, 52)
(9, 54)
dimension: 9, class: 6
cart cost: 145.75
size of X: (9, 156)
Using method: Global linear DT optimization
Version identifier: 20.1.0.0 | 2020-11-10 | 9bedb6d68
CPXPARAM_Threads                                 1
CPXPARAM_TimeLimit                               1728000
Tried aggregator 1 time.
No LP presolve or aggregator reductions.
Presolve time = 0.01 sec. (4.29 ticks)
Initializing dual steep norms . . .

Iteration log . . .
Iteration:     1   Dual objective     =             0.000000
Perturbation started.
Iteration:    51   Dual objective     =             0.000000
Iteration:   235   Dual objective     =             0.000042
Iteration:   361   Dual objective     =             0.019859
Iteration:   497   Dual objective     =             0.023607
Iteration:   667   Dual objective     =             0.028488
Iteration:   809   Dual objective     =             0.042979
Iteration:   938   Dual objective     =             0.079871
Iteration:  1094   Dual objective     =             0.724434
Iteration:  1221   Dual objective     =             0.735961
Iteration:  1362   Dual objective     =             1.426596
Iteration:  1492   Dual objective     =             3.513142
Iteration:  1609   Dual objective     =             5.626253
Iteration:  1733   Dual objective     =             9.119784
Iteration:  1876   Dual objective     =             9.820252
Iteration:  2022   Dual objective     =            10.521897
Removing perturbation.
9×3 Matrix{Float64}:
 0.0  0.0  0.0
 0.0  0.0  0.0
 1.0  0.0  0.0
 0.0  0.0  1.0
 0.0  0.0  0.0
 0.0  0.0  0.0
 0.0  0.0  0.0
 0.0  1.0  0.0
 0.0  0.0  0.0
3-element Vector{Float64}:
 0.6143341907512714
 0.0519312300390771
 0.330825228108384
6×7 Matrix{Float64}:
 0.0  0.0  0.0  0.0  0.0  1.0  0.0
 0.0  0.0  0.0  1.0  0.0  0.0  1.0
 0.0  0.0  0.0  0.0  0.0  0.0  0.0
 0.0  0.0  0.0  0.0  0.0  0.0  0.0
 0.0  0.0  0.0  0.0  0.0  0.0  0.0
 0.0  0.0  0.0  0.0  1.0  0.0  0.0
3-element Vector{Float64}:
 1.0
 1.0
 1.0
9×3 Matrix{Float64}:
 0.0         0.0         0.0
 0.0         0.0         0.0
 0.00713839  0.00713839  0.00713839
 0.0         0.0         0.0
 0.00851712  0.00851712  0.00851712
 0.0401303   0.0401303   0.0401303
 0.0429666   0.0429666   0.0429666
 0.0411592   0.0411592   0.0411592
 0.0093889   0.0093889   0.0093889
3-element Vector{Float64}:
 0.14930055215871965
 0.1493005521587197
 0.14930055215871965
6×7 Matrix{Float64}:
 0.0  0.0  0.0  0.262791  0.262791  0.262791  0.211627
 0.0  0.0  0.0  0.21506   0.21506   0.21506   0.35482
 0.0  0.0  0.0  0.266599  0.266599  0.266599  0.200203
 0.0  0.0  0.0  0.0       0.0       0.0       0.0
 0.0  0.0  0.0  0.0       0.0       0.0       0.0
 0.0  0.0  0.0  0.25555   0.25555   0.25555   0.23335
3-element Vector{Float64}:
 0.14930055215871965
 0.1493005521587197
 0.14930055215871965
a: [0.0 0.0 0.0; 0.0 0.0 0.0; 0.007138388534143336 0.0071383885341433475 0.007138388534144747; 0.0 0.0 0.0; 0.008517119518894974 0.00851711951889525 0.00851711951889561; 0.04013033994050833 0.04013033994050832 0.040130339940508186; 0.04296664820882561 0.04296664820882615 0.04296664820882596; 0.04115915849638658 0.041159158496386544 0.04115915849638581; 0.009388897459960813 0.009388897459960424 0.009388897459959269]
b: [0.14930055215871965, 0.1493005521587197, 0.14930055215871965]
c: [0.0 0.0 0.0 0.262790920059933 0.2627909200599326 0.2627909200599321 0.21162723982020243; 0.0 0.0 0.0 0.21505995709945575 0.21505995709945597 0.21505995709945747 0.35482012870163065; 0.0 0.0 0.0 0.26659912631369537 0.26659912631369553 0.26659912631369476 0.20020262105891437; 0.0 0.0 0.0 0.0 0.0 0.0 0.0; 0.0 0.0 0.0 0.0 0.0 0.0 0.0; 0.0 0.0 0.0 0.2555499965269159 0.2555499965269159 0.2555499965269157 0.23335001041925246]
d: [0.14930055215871965, 0.1493005521587197, 0.14930055215871965]
comparison (CRT and Glb)on prediction: Dict{Bool, Int64}(0 => 54, 1 => 0)
Dataname	 time	 objv	 lb	 gap	 train_w	 train_g	 test_w	 test_g
/work_bgfs/n/navarrodelacruz/odt/optimal_decision_tree/augmented_datasets/glass/glass_583.glass	 51.02	 10.522395082823842	 N/A	 N/A	 66.667	 0.0	 51.852	 0.0
