Running 6 processes.
Start training /work_bgfs/n/navarrodelacruz/odt/optimal_decision_tree/augmented_datasets/glass/glass_336.glass with seed 1.
Any[]
(9, 210)
(9, 103)
(9, 52)
(9, 55)
dimension: 9, class: 6
cart cost: 135.3554794520548
size of X: (9, 155)
Using method: Global linear DT optimization
Version identifier: 20.1.0.0 | 2020-11-10 | 9bedb6d68
CPXPARAM_Threads                                 1
CPXPARAM_TimeLimit                               1728000
Tried aggregator 1 time.
No LP presolve or aggregator reductions.
Presolve time = 0.01 sec. (4.38 ticks)
Initializing dual steep norms . . .

Iteration log . . .
Iteration:     1   Dual objective     =             0.000000
Perturbation started.
Iteration:    51   Dual objective     =             0.000000
Iteration:   245   Dual objective     =             0.000042
Iteration:   393   Dual objective     =             0.012984
Iteration:   522   Dual objective     =             0.020835
Iteration:   661   Dual objective     =             0.776457
Iteration:   801   Dual objective     =             1.440950
Iteration:   927   Dual objective     =             2.928184
Iteration:  1086   Dual objective     =             5.089744
Iteration:  1200   Dual objective     =             9.404250
Iteration:  1331   Dual objective     =            10.809520
Iteration:  1466   Dual objective     =            10.810229
Removing perturbation.
Iteration:  1591   Scaled dual infeas =             0.000024
Iteration:  1595   Dual objective     =            10.810168
9×3 Matrix{Float64}:
 0.0  0.0  0.0
 0.0  0.0  0.0
 1.0  0.0  0.0
 0.0  0.0  0.0
 0.0  0.0  0.0
 0.0  0.0  0.0
 0.0  0.0  1.0
 0.0  1.0  0.0
 0.0  0.0  0.0
3-element Vector{Float64}:
 0.732316200505803
 0.1374247669546869
 0.2716934641085831
6×7 Matrix{Float64}:
 0.0  0.0  0.0  0.0  0.0  0.0  1.0
 0.0  0.0  0.0  1.0  0.0  1.0  0.0
 0.0  0.0  0.0  0.0  0.0  0.0  0.0
 0.0  0.0  0.0  0.0  0.0  0.0  0.0
 0.0  0.0  0.0  0.0  0.0  0.0  0.0
 0.0  0.0  0.0  0.0  1.0  0.0  0.0
3-element Vector{Float64}:
 1.0
 1.0
 1.0
9×3 Matrix{Float64}:
 0.0          0.0          0.0
 0.0079428    0.0079428    0.0079428
 0.018689     0.018689     0.018689
 0.0          0.0          0.0
 0.0226257    0.0226257    0.0226257
 0.0365898    0.0365898    0.0365898
 0.045102     0.045102     0.045102
 0.0186082    0.0186082    0.0186082
 0.000583691  0.000583691  0.000583691
3-element Vector{Float64}:
 0.15014117005924782
 0.1501411700592477
 0.15014117005924774
6×7 Matrix{Float64}:
 0.0  0.0  0.0  0.250225  0.250225  0.250225  0.249325
 0.0  0.0  0.0  0.24402   0.24402   0.24402   0.267941
 0.0  0.0  0.0  0.252685  0.252685  0.252685  0.241944
 0.0  0.0  0.0  0.0       0.0       0.0       0.0
 0.0  0.0  0.0  0.0       0.0       0.0       0.0
 0.0  0.0  0.0  0.25307   0.25307   0.25307   0.24079
3-element Vector{Float64}:
 0.15014117005924782
 0.1501411700592477
 0.15014117005924774
a: [0.0 0.0 0.0; 0.007942804314366107 0.007942804314365538 0.007942804314367577; 0.018689015850320442 0.018689015850319568 0.018689015850317944; 0.0 0.0 0.0; 0.022625686284309682 0.0226256862843114 0.022625686284309266; 0.03658980006574957 0.036589800065749176 0.036589800065748586; 0.04510199574995854 0.04510199574995655 0.045101995749959885; 0.018608176633241935 0.018608176633241432 0.0186081766332416; 0.0005836911613015701 0.0005836911613038252 0.0005836911613029323]
b: [0.15014117005924782, 0.1501411700592477, 0.15014117005924774]
c: [0.0 0.0 0.0 0.25022496172113023 0.25022496172112974 0.25022496172113123 0.2493251148366088; 0.0 0.0 0.0 0.2440196922319664 0.2440196922319664 0.24401969223196496 0.26794092330410224; 0.0 0.0 0.0 0.2526854918392936 0.25268549183929356 0.2526854918392943 0.2419435244821186; 0.0 0.0 0.0 0.0 0.0 0.0 0.0; 0.0 0.0 0.0 0.0 0.0 0.0 0.0; 0.0 0.0 0.0 0.2530698542076098 0.2530698542076103 0.2530698542076096 0.24079043737717037]
d: [0.15014117005924782, 0.1501411700592477, 0.15014117005924774]
comparison (CRT and Glb)on prediction: Dict{Bool, Int64}(0 => 55, 1 => 0)
Dataname	 time	 objv	 lb	 gap	 train_w	 train_g	 test_w	 test_g
/work_bgfs/n/navarrodelacruz/odt/optimal_decision_tree/augmented_datasets/glass/glass_336.glass	 28.63	 10.810192408385555	 N/A	 N/A	 69.677	 0.0	 58.182	 0.0
