Running 6 processes.
Start training /work_bgfs/n/navarrodelacruz/odt/optimal_decision_tree/augmented_datasets/glass/glass_626.glass with seed 1.
Any[]
(9, 210)
(9, 104)
(9, 52)
(9, 54)
dimension: 9, class: 6
cart cost: 134.55
size of X: (9, 156)
Using method: Global linear DT optimization
Version identifier: 20.1.0.0 | 2020-11-10 | 9bedb6d68
CPXPARAM_Threads                                 1
CPXPARAM_TimeLimit                               1728000
Tried aggregator 1 time.
No LP presolve or aggregator reductions.
Presolve time = 0.01 sec. (4.42 ticks)
Initializing dual steep norms . . .

Iteration log . . .
Iteration:     1   Dual objective     =             0.000000
Perturbation started.
Iteration:    51   Dual objective     =             0.000000
Iteration:   190   Dual objective     =             0.000026
Iteration:   340   Dual objective     =             0.001952
Iteration:   476   Dual objective     =             0.019837
Iteration:   595   Dual objective     =             0.727268
Iteration:   713   Dual objective     =             1.456649
Iteration:   849   Dual objective     =             2.122068
Iteration:   978   Dual objective     =             2.144080
Iteration:  1112   Dual objective     =             4.249681
Iteration:  1271   Dual objective     =             5.619566
Iteration:  1385   Dual objective     =             7.000001
Iteration:  1509   Dual objective     =             8.429462
Iteration:  1637   Dual objective     =            10.521811
Iteration:  1793   Dual objective     =            10.522593
Removing perturbation.
Iteration:  1806   Scaled dual infeas =             0.000000
Iteration:  1807   Dual objective     =            10.522544
9×3 Matrix{Float64}:
 0.0  0.0  0.0
 0.0  0.0  0.0
 1.0  0.0  0.0
 0.0  0.0  0.0
 0.0  0.0  0.0
 0.0  0.0  0.0
 0.0  0.0  1.0
 0.0  1.0  0.0
 0.0  0.0  0.0
3-element Vector{Float64}:
 0.7370322386223113
 0.14262561531101675
 0.2669392576963906
6×7 Matrix{Float64}:
 0.0  0.0  0.0  0.0  0.0  0.0  1.0
 0.0  0.0  0.0  1.0  0.0  1.0  0.0
 0.0  0.0  0.0  0.0  0.0  0.0  0.0
 0.0  0.0  0.0  0.0  0.0  0.0  0.0
 0.0  0.0  0.0  0.0  0.0  0.0  0.0
 0.0  0.0  0.0  0.0  1.0  0.0  0.0
3-element Vector{Float64}:
 1.0
 1.0
 1.0
9×3 Matrix{Float64}:
 0.0        0.0        0.0
 0.0160953  0.0160953  0.0160953
 0.0207607  0.0207607  0.0207607
 0.0        0.0        0.0
 0.0204607  0.0204607  0.0204607
 0.0355399  0.0355399  0.0355399
 0.0402649  0.0402649  0.0402649
 0.0171731  0.0171731  0.0171731
 0.0        0.0        0.0
3-element Vector{Float64}:
 0.15029459957220923
 0.1502945995722092
 0.15029459957220923
6×7 Matrix{Float64}:
 0.0  0.0  0.0  0.249306  0.249306  0.249306  0.252081
 0.0  0.0  0.0  0.249409  0.249409  0.249409  0.251772
 0.0  0.0  0.0  0.249247  0.249247  0.249247  0.252258
 0.0  0.0  0.0  0.0       0.0       0.0       0.0
 0.0  0.0  0.0  0.0       0.0       0.0       0.0
 0.0  0.0  0.0  0.252037  0.252037  0.252037  0.243889
3-element Vector{Float64}:
 0.15029459957220923
 0.1502945995722092
 0.15029459957220923
a: [0.0 0.0 0.0; 0.016095270668451803 0.016095270668452732 0.016095270668451955; 0.02076072691821476 0.020760726918214924 0.020760726918214643; 0.0 0.0 0.0; 0.020460739303591706 0.020460739303590988 0.020460739303592046; 0.03553990312936606 0.03553990312936579 0.035539903129365946; 0.04026490594683506 0.04026490594683505 0.040264905946834864; 0.01717305360574968 0.017173053605749663 0.017173053605749777; 0.0 0.0 0.0]
b: [0.15029459957220923, 0.1502945995722092, 0.15029459957220923]
c: [0.0 0.0 0.0 0.2493064185460092 0.2493064185460087 0.2493064185460092 0.2520807443619727; 0.0 0.0 0.0 0.24940949797143158 0.2494094979714317 0.2494094979714315 0.25177150608570525; 0.0 0.0 0.0 0.24924722095505114 0.24924722095505158 0.2492472209550517 0.2522583371348456; 0.0 0.0 0.0 0.0 0.0 0.0 0.0; 0.0 0.0 0.0 0.0 0.0 0.0 0.0; 0.0 0.0 0.0 0.252036862527508 0.25203686252750795 0.25203686252750757 0.24388941241747641]
d: [0.15029459957220923, 0.1502945995722092, 0.15029459957220923]
comparison (CRT and Glb)on prediction: Dict{Bool, Int64}(0 => 54, 1 => 0)
Dataname	 time	 objv	 lb	 gap	 train_w	 train_g	 test_w	 test_g
/work_bgfs/n/navarrodelacruz/odt/optimal_decision_tree/augmented_datasets/glass/glass_626.glass	 29.07	 10.522544189935878	 N/A	 N/A	 69.231	 0.0	 57.407	 0.0
