Running 6 processes.
Start training /work_bgfs/n/navarrodelacruz/odt/optimal_decision_tree/augmented_datasets/glass/glass_973.glass with seed 1.
Any[]
(9, 210)
(9, 103)
(9, 51)
(9, 56)
dimension: 9, class: 6
cart cost: 150.5554054054054
size of X: (9, 154)
Using method: Global linear DT optimization
Version identifier: 20.1.0.0 | 2020-11-10 | 9bedb6d68
CPXPARAM_Threads                                 1
CPXPARAM_TimeLimit                               1728000
Tried aggregator 1 time.
No LP presolve or aggregator reductions.
Presolve time = 0.21 sec. (4.37 ticks)
Initializing dual steep norms . . .

Iteration log . . .
Iteration:     1   Dual objective     =             0.000000
Perturbation started.
Iteration:    51   Dual objective     =             0.000000
Iteration:   181   Dual objective     =             0.000022
Iteration:   357   Dual objective     =             0.019466
Iteration:   480   Dual objective     =             0.025596
Iteration:   596   Dual objective     =             0.076277
Iteration:   695   Dual objective     =             0.076284
Iteration:   819   Dual objective     =             1.476686
Iteration:   932   Dual objective     =             5.713576
Iteration:  1050   Dual objective     =             8.534601
Iteration:  1170   Dual objective     =             9.952263
Iteration:  1299   Dual objective     =            10.664274
Removing perturbation.
9×3 Matrix{Float64}:
 0.0  0.0  0.0
 0.0  1.0  0.0
 1.0  0.0  0.0
 0.0  0.0  0.0
 0.0  0.0  0.0
 0.0  0.0  0.0
 0.0  0.0  1.0
 0.0  0.0  0.0
 0.0  0.0  0.0
3-element Vector{Float64}:
 0.5916357029341014
 0.46191337892876694
 0.26389549306076016
6×7 Matrix{Float64}:
 0.0  0.0  0.0  0.0  0.0  0.0  1.0
 0.0  0.0  0.0  1.0  0.0  1.0  0.0
 0.0  0.0  0.0  0.0  0.0  0.0  0.0
 0.0  0.0  0.0  0.0  0.0  0.0  0.0
 0.0  0.0  0.0  0.0  0.0  0.0  0.0
 0.0  0.0  0.0  0.0  1.0  0.0  0.0
3-element Vector{Float64}:
 1.0
 1.0
 1.0
9×3 Matrix{Float64}:
 0.0         0.0         0.0
 0.0         0.0         0.0
 0.00988153  0.00988153  0.00988153
 0.0         0.0         0.0
 0.0147229   0.0147229   0.0147229
 0.0383255   0.0383255   0.0383255
 0.0403805   0.0403805   0.0403805
 0.0430475   0.0430475   0.0430475
 0.00354425  0.00354425  0.00354425
3-element Vector{Float64}:
 0.14990210519490155
 0.1499021051949016
 0.14990210519490155
6×7 Matrix{Float64}:
 0.0  0.0  0.0  0.261268  0.261268  0.261268  0.216196
 0.0  0.0  0.0  0.220791  0.220791  0.220791  0.337628
 0.0  0.0  0.0  0.26493   0.26493   0.26493   0.205209
 0.0  0.0  0.0  0.0       0.0       0.0       0.0
 0.0  0.0  0.0  0.0       0.0       0.0       0.0
 0.0  0.0  0.0  0.253011  0.253011  0.253011  0.240966
3-element Vector{Float64}:
 0.14990210519490155
 0.1499021051949016
 0.14990210519490155
a: [0.0 0.0 0.0; 0.0 0.0 0.0; 0.009881532949658434 0.009881532949658427 0.009881532949658583; 0.0 0.0 0.0; 0.014722864771626256 0.014722864771626258 0.014722864771626099; 0.0383255067581481 0.038325506758148165 0.03832550675814792; 0.04038047175321266 0.04038047175321274 0.04038047175321258; 0.04304748052844019 0.04304748052844035 0.043047480528439624; 0.0035442484338160628 0.003544248433815761 0.0035442484338167497]
b: [0.14990210519490155, 0.1499021051949016, 0.14990210519490155]
c: [0.0 0.0 0.0 0.26126783739193826 0.26126783739193843 0.26126783739193876 0.2161964878241845; 0.0 0.0 0.0 0.22079054549468435 0.22079054549468408 0.22079054549468435 0.3376283635159472; 0.0 0.0 0.0 0.2649302027979069 0.26493020279790674 0.2649302027979064 0.20520939160627993; 0.0 0.0 0.0 0.0 0.0 0.0 0.0; 0.0 0.0 0.0 0.0 0.0 0.0 0.0; 0.0 0.0 0.0 0.2530114143154705 0.2530114143154707 0.2530114143154705 0.24096575705358836]
d: [0.14990210519490155, 0.1499021051949016, 0.14990210519490155]
comparison (CRT and Glb)on prediction: Dict{Bool, Int64}(0 => 56, 1 => 0)
Dataname	 time	 objv	 lb	 gap	 train_w	 train_g	 test_w	 test_g
/work_bgfs/n/navarrodelacruz/odt/optimal_decision_tree/augmented_datasets/glass/glass_973.glass	 51.15	 10.664377207671121	 N/A	 N/A	 65.584	 0.0	 55.357	 0.0
