Running 6 processes.
Start training /work_bgfs/n/navarrodelacruz/odt/optimal_decision_tree/augmented_datasets/glass/glass_376.glass with seed 1.
Any[]
(9, 210)
(9, 104)
(9, 52)
(9, 54)
dimension: 9, class: 6
cart cost: 149.36052631578949
size of X: (9, 156)
Using method: Global linear DT optimization
Version identifier: 20.1.0.0 | 2020-11-10 | 9bedb6d68
CPXPARAM_Threads                                 1
CPXPARAM_TimeLimit                               1728000
Tried aggregator 1 time.
No LP presolve or aggregator reductions.
Presolve time = 0.01 sec. (4.28 ticks)
Initializing dual steep norms . . .

Iteration log . . .
Iteration:     1   Dual objective     =             0.000000
Perturbation started.
Iteration:    51   Dual objective     =             0.000000
Iteration:   191   Dual objective     =             0.000024
Iteration:   353   Dual objective     =             0.006563
Iteration:   485   Dual objective     =             1.398822
Iteration:   599   Dual objective     =             3.477466
Iteration:   718   Dual objective     =             3.508389
Iteration:   844   Dual objective     =             4.162098
Iteration:   956   Dual objective     =             4.183084
Iteration:  1125   Dual objective     =             8.313591
Iteration:  1262   Dual objective     =             9.677926
Iteration:  1401   Dual objective     =            10.383652
Iteration:  1530   Dual objective     =            10.384251
Removing perturbation.
9×3 Matrix{Float64}:
 0.0  0.0  0.0
 0.0  0.0  0.0
 1.0  0.0  0.0
 0.0  0.0  0.0
 0.0  0.0  0.0
 0.0  0.0  0.0
 0.0  0.0  1.0
 0.0  1.0  0.0
 0.0  0.0  0.0
3-element Vector{Float64}:
 0.5835241880808775
 0.1278355764413684
 0.2656999224719361
6×7 Matrix{Float64}:
 0.0  0.0  0.0  0.0  0.0  0.0  1.0
 0.0  0.0  0.0  1.0  0.0  1.0  0.0
 0.0  0.0  0.0  0.0  0.0  0.0  0.0
 0.0  0.0  0.0  0.0  0.0  0.0  0.0
 0.0  0.0  0.0  0.0  0.0  0.0  0.0
 0.0  0.0  0.0  0.0  1.0  0.0  0.0
3-element Vector{Float64}:
 1.0
 1.0
 1.0
9×3 Matrix{Float64}:
 0.0        0.0        0.0
 0.0177287  0.0177287  0.0177287
 0.0108432  0.0108432  0.0108432
 0.0        0.0        0.0
 0.0260616  0.0260616  0.0260616
 0.0338944  0.0338944  0.0338944
 0.0279544  0.0279544  0.0279544
 0.0327865  0.0327865  0.0327865
 0.0        0.0        0.0
3-element Vector{Float64}:
 0.14926872762433155
 0.14926872762433155
 0.14926872762433155
6×7 Matrix{Float64}:
 0.0  0.0  0.0  0.25527   0.25527   0.25527   0.23419
 0.0  0.0  0.0  0.242124  0.242124  0.242124  0.273627
 0.0  0.0  0.0  0.257106  0.257106  0.257106  0.228681
 0.0  0.0  0.0  0.0       0.0       0.0       0.0
 0.0  0.0  0.0  0.0       0.0       0.0       0.0
 0.0  0.0  0.0  0.245499  0.245499  0.245499  0.263502
3-element Vector{Float64}:
 0.14926872762433155
 0.14926872762433155
 0.14926872762433155
a: [0.0 0.0 0.0; 0.017728717262685722 0.0177287172626858 0.017728717262685798; 0.01084321594000335 0.010843215940003339 0.010843215940003346; 0.0 0.0 0.0; 0.026061557799592558 0.026061557799592537 0.026061557799592534; 0.03389436183934908 0.033894361839349046 0.03389436183934907; 0.02795438927626541 0.027954389276265493 0.027954389276265416; 0.032786485506435425 0.032786485506435356 0.03278648550643537; 0.0 0.0 0.0]
b: [0.14926872762433155, 0.14926872762433155, 0.14926872762433155]
c: [0.0 0.0 0.0 0.2552700450057294 0.2552700450057296 0.2552700450057296 0.23418986498281136; 0.0 0.0 0.0 0.24212439629012814 0.24212439629012772 0.24212439629012789 0.2736268111296163; 0.0 0.0 0.0 0.2571063220473054 0.2571063220473055 0.2571063220473054 0.22868103385808367; 0.0 0.0 0.0 0.0 0.0 0.0 0.0; 0.0 0.0 0.0 0.0 0.0 0.0 0.0; 0.0 0.0 0.0 0.24549923665683707 0.24549923665683718 0.24549923665683715 0.26350229002948866]
d: [0.14926872762433155, 0.14926872762433155, 0.14926872762433155]
comparison (CRT and Glb)on prediction: Dict{Bool, Int64}(0 => 54, 1 => 0)
Dataname	 time	 objv	 lb	 gap	 train_w	 train_g	 test_w	 test_g
/work_bgfs/n/navarrodelacruz/odt/optimal_decision_tree/augmented_datasets/glass/glass_376.glass	 30.13	 10.384232414406812	 N/A	 N/A	 65.385	 0.0	 57.407	 0.0
