Running 6 processes.
Start training /work_bgfs/n/navarrodelacruz/odt/optimal_decision_tree/augmented_datasets/glass/glass_566.glass with seed 1.
Any[]
(9, 210)
(9, 104)
(9, 52)
(9, 54)
dimension: 9, class: 6
cart cost: 137.35
size of X: (9, 156)
Using method: Global linear DT optimization
Version identifier: 20.1.0.0 | 2020-11-10 | 9bedb6d68
CPXPARAM_Threads                                 1
CPXPARAM_TimeLimit                               1728000
Tried aggregator 1 time.
No LP presolve or aggregator reductions.
Presolve time = 0.01 sec. (4.44 ticks)
Initializing dual steep norms . . .

Iteration log . . .
Iteration:     1   Dual objective     =             0.000000
Perturbation started.
Iteration:    51   Dual objective     =             0.000000
Iteration:   220   Dual objective     =             0.000033
Iteration:   362   Dual objective     =             0.010863
Iteration:   503   Dual objective     =             0.019604
Iteration:   627   Dual objective     =             0.023527
Iteration:   736   Dual objective     =             0.038473
Iteration:   858   Dual objective     =             1.419393
Iteration:   977   Dual objective     =             1.432139
Iteration:  1107   Dual objective     =             2.117482
Iteration:  1246   Dual objective     =             5.621265
Iteration:  1375   Dual objective     =             6.322817
Iteration:  1522   Dual objective     =             9.116388
Iteration:  1649   Dual objective     =             9.805068
Iteration:  1782   Dual objective     =            10.520327
Iteration:  1914   Dual objective     =            10.522521
Iteration:  2065   Dual objective     =            10.522583
Removing perturbation.
9×3 Matrix{Float64}:
 0.0  0.0  0.0
 0.0  0.0  0.0
 1.0  0.0  0.0
 0.0  0.0  1.0
 0.0  0.0  0.0
 0.0  0.0  0.0
 0.0  0.0  0.0
 0.0  1.0  0.0
 0.0  0.0  0.0
3-element Vector{Float64}:
 0.5833684383609091
 0.13495899089327168
 0.38904737994877203
6×7 Matrix{Float64}:
 0.0  0.0  0.0  0.0  0.0  1.0  0.0
 0.0  0.0  0.0  1.0  0.0  0.0  1.0
 0.0  0.0  0.0  0.0  0.0  0.0  0.0
 0.0  0.0  0.0  0.0  0.0  0.0  0.0
 0.0  0.0  0.0  0.0  0.0  0.0  0.0
 0.0  0.0  0.0  0.0  1.0  0.0  0.0
3-element Vector{Float64}:
 1.0
 1.0
 1.0
9×3 Matrix{Float64}:
 0.0        0.0        0.0
 0.0164162  0.0164162  0.0164162
 0.0192031  0.0192031  0.0192031
 0.0        0.0        0.0
 0.0207806  0.0207806  0.0207806
 0.0349487  0.0349487  0.0349487
 0.0422457  0.0422457  0.0422457
 0.0166705  0.0166705  0.0166705
 0.0        0.0        0.0
3-element Vector{Float64}:
 0.15026472675437536
 0.15026472675437536
 0.15026472675437536
6×7 Matrix{Float64}:
 0.0  0.0  0.0  0.24999   0.24999   0.24999   0.250029
 0.0  0.0  0.0  0.248829  0.248829  0.248829  0.253512
 0.0  0.0  0.0  0.24953   0.24953   0.24953   0.25141
 0.0  0.0  0.0  0.0       0.0       0.0       0.0
 0.0  0.0  0.0  0.0       0.0       0.0       0.0
 0.0  0.0  0.0  0.25165   0.25165   0.25165   0.245049
3-element Vector{Float64}:
 0.15026472675437536
 0.15026472675437536
 0.15026472675437536
a: [0.0 0.0 0.0; 0.016416153111469694 0.01641615311146886 0.01641615311146874; 0.019203123454493376 0.019203123454493643 0.019203123454493803; 0.0 0.0 0.0; 0.020780551872241378 0.020780551872241634 0.020780551872241718; 0.03494869202079222 0.03494869202079255 0.034948692020792586; 0.04224571545998024 0.04224571545998013 0.042245715459979974; 0.016670490835398476 0.016670490835398538 0.016670490835398556; 0.0 0.0 0.0]
b: [0.15026472675437536, 0.15026472675437536, 0.15026472675437536]
c: [0.0 0.0 0.0 0.24999038378997757 0.24999038378997746 0.2499903837899779 0.2500288486300668; 0.0 0.0 0.0 0.24882921396616492 0.24882921396616503 0.2488292139661651 0.25351235810150496; 0.0 0.0 0.0 0.2495300255775259 0.2495300255775259 0.24953002557752557 0.2514099232674226; 0.0 0.0 0.0 0.0 0.0 0.0 0.0; 0.0 0.0 0.0 0.0 0.0 0.0 0.0; 0.0 0.0 0.0 0.25165037666633155 0.2516503766663316 0.25165037666633144 0.24504887000100561]
d: [0.15026472675437536, 0.15026472675437536, 0.15026472675437536]
comparison (CRT and Glb)on prediction: Dict{Bool, Int64}(0 => 54, 1 => 0)
Dataname	 time	 objv	 lb	 gap	 train_w	 train_g	 test_w	 test_g
/work_bgfs/n/navarrodelacruz/odt/optimal_decision_tree/augmented_datasets/glass/glass_566.glass	 28.92	 10.522539709013179	 N/A	 N/A	 68.59	 0.0	 53.704	 0.0
