Running 6 processes.
Start training /work_bgfs/n/navarrodelacruz/odt/optimal_decision_tree/augmented_datasets/glass/glass_667.glass with seed 1.
Any[]
(9, 210)
(9, 103)
(9, 52)
(9, 55)
dimension: 9, class: 6
cart cost: 155.49246575342465
size of X: (9, 155)
Using method: Global linear DT optimization
Version identifier: 20.1.0.0 | 2020-11-10 | 9bedb6d68
CPXPARAM_Threads                                 1
CPXPARAM_TimeLimit                               1728000
Tried aggregator 1 time.
No LP presolve or aggregator reductions.
Presolve time = 0.01 sec. (4.44 ticks)
Initializing dual steep norms . . .

Iteration log . . .
Iteration:     1   Dual objective     =             0.000000
Perturbation started.
Iteration:    51   Dual objective     =             0.000000
Iteration:   239   Dual objective     =             0.000044
Iteration:   379   Dual objective     =             0.012954
Iteration:   511   Dual objective     =             0.041855
Iteration:   636   Dual objective     =             0.058715
Iteration:   766   Dual objective     =             0.763831
Iteration:   884   Dual objective     =             1.459666
Iteration:   989   Dual objective     =             1.493530
Iteration:  1121   Dual objective     =             5.753498
Iteration:  1255   Dual objective     =             7.211872
Iteration:  1392   Dual objective     =            10.087164
Iteration:  1535   Dual objective     =            10.809799
Removing perturbation.
9×3 Matrix{Float64}:
 0.0  0.0  0.0
 0.0  0.0  0.0
 1.0  0.0  0.0
 0.0  0.0  0.0
 0.0  0.0  0.0
 0.0  0.0  0.0
 0.0  0.0  1.0
 0.0  1.0  0.0
 0.0  0.0  0.0
3-element Vector{Float64}:
 0.5941530975798242
 0.1453022829654102
 0.2611468694645671
6×7 Matrix{Float64}:
 0.0  0.0  0.0  0.0  0.0  0.0  1.0
 0.0  0.0  0.0  1.0  0.0  1.0  0.0
 0.0  0.0  0.0  0.0  0.0  0.0  0.0
 0.0  0.0  0.0  0.0  0.0  0.0  0.0
 0.0  0.0  0.0  0.0  0.0  0.0  0.0
 0.0  0.0  0.0  0.0  1.0  0.0  0.0
3-element Vector{Float64}:
 1.0
 1.0
 1.0
9×3 Matrix{Float64}:
 0.0         0.0         0.0
 0.0         0.0         0.0
 0.0         0.0         0.0
 0.0         0.0         0.0
 0.0141353   0.0141353   0.0141353
 0.0339468   0.0339468   0.0339468
 0.0501251   0.0501251   0.0501251
 0.0431584   0.0431584   0.0431584
 0.00657983  0.00657983  0.00657983
3-element Vector{Float64}:
 0.14794540354069
 0.14794540354069002
 0.14794540354069
6×7 Matrix{Float64}:
 0.0  0.0  0.0  0.262777  0.262777  0.262777  0.21167
 0.0  0.0  0.0  0.237602  0.237602  0.237602  0.287193
 0.0  0.0  0.0  0.265914  0.265914  0.265914  0.202258
 0.0  0.0  0.0  0.0       0.0       0.0       0.0
 0.0  0.0  0.0  0.0       0.0       0.0       0.0
 0.0  0.0  0.0  0.233707  0.233707  0.233707  0.298878
3-element Vector{Float64}:
 0.14794540354069
 0.14794540354069002
 0.14794540354069
a: [0.0 0.0 0.0; 0.0 0.0 0.0; 0.0 0.0 0.0; 0.0 0.0 0.0; 0.014135311670165435 0.014135311670165449 0.014135311670166073; 0.03394680554311189 0.033946805543111844 0.03394680554311177; 0.05012505252514966 0.05012505252514954 0.0501250525251489; 0.04315840738848092 0.04315840738848095 0.04315840738848099; 0.006579826413782057 0.0065798264137822415 0.006579826413782339]
b: [0.14794540354069, 0.14794540354069002, 0.14794540354069]
c: [0.0 0.0 0.0 0.2627765223409268 0.26277652234092636 0.2627765223409262 0.21167043297722066; 0.0 0.0 0.0 0.23760233756572785 0.23760233756572813 0.2376023375657288 0.28719298730281523; 0.0 0.0 0.0 0.2659138736782366 0.26591387367823666 0.26591387367823655 0.20225837896529003; 0.0 0.0 0.0 0.0 0.0 0.0 0.0; 0.0 0.0 0.0 0.0 0.0 0.0 0.0; 0.0 0.0 0.0 0.23370726641510875 0.2337072664151088 0.23370726641510844 0.2988782007546741]
d: [0.14794540354069, 0.14794540354069002, 0.14794540354069]
comparison (CRT and Glb)on prediction: Dict{Bool, Int64}(0 => 55, 1 => 0)
Dataname	 time	 objv	 lb	 gap	 train_w	 train_g	 test_w	 test_g
/work_bgfs/n/navarrodelacruz/odt/optimal_decision_tree/augmented_datasets/glass/glass_667.glass	 27.43	 10.80986304340777	 N/A	 N/A	 65.161	 0.0	 56.364	 0.0
