Running 6 processes.
Start training /work_bgfs/n/navarrodelacruz/odt/optimal_decision_tree/augmented_datasets/glass/glass_171.glass with seed 1.
Any[]
(9, 210)
(9, 104)
(9, 52)
(9, 54)
dimension: 9, class: 6
cart cost: 154.14999999999998
size of X: (9, 156)
Using method: Global linear DT optimization
Version identifier: 20.1.0.0 | 2020-11-10 | 9bedb6d68
CPXPARAM_Threads                                 1
CPXPARAM_TimeLimit                               1728000
Tried aggregator 1 time.
No LP presolve or aggregator reductions.
Presolve time = 0.01 sec. (4.44 ticks)
Initializing dual steep norms . . .

Iteration log . . .
Iteration:     1   Dual objective     =             0.000000
Perturbation started.
Iteration:    51   Dual objective     =             0.000000
Iteration:   164   Dual objective     =             0.000020
Iteration:   349   Dual objective     =             0.000066
Iteration:   485   Dual objective     =             0.023592
Iteration:   613   Dual objective     =             0.050920
Iteration:   764   Dual objective     =             0.751022
Iteration:   895   Dual objective     =             1.400073
Iteration:  1040   Dual objective     =             1.451022
Iteration:  1200   Dual objective     =             2.600977
Iteration:  1352   Dual objective     =             7.000005
Iteration:  1455   Dual objective     =             7.035825
Iteration:  1561   Dual objective     =             7.112840
Iteration:  1681   Dual objective     =             8.456439
Iteration:  1798   Dual objective     =             9.137849
Iteration:  1913   Dual objective     =             9.812723
Iteration:  2034   Dual objective     =            10.518867
Iteration:  2171   Dual objective     =            10.520794
Iteration:  2299   Dual objective     =            10.522367
Iteration:  2418   Dual objective     =            10.522504
Removing perturbation.
Iteration:  2428   Scaled dual infeas =             0.000392
Iteration:  2430   Dual objective     =            10.522446
9×3 Matrix{Float64}:
 0.0  0.0  0.0
 0.0  1.0  0.0
 1.0  0.0  0.0
 0.0  0.0  0.0
 0.0  0.0  0.0
 0.0  0.0  0.0
 0.0  0.0  1.0
 0.0  0.0  0.0
 0.0  0.0  0.0
3-element Vector{Float64}:
 0.580359148580833
 0.46081511194372043
 0.2606716937104089
6×7 Matrix{Float64}:
 0.0  0.0  0.0  0.0  0.0  0.0  1.0
 0.0  0.0  0.0  1.0  0.0  1.0  0.0
 0.0  0.0  0.0  0.0  0.0  0.0  0.0
 0.0  0.0  0.0  0.0  0.0  0.0  0.0
 0.0  0.0  0.0  0.0  0.0  0.0  0.0
 0.0  0.0  0.0  0.0  1.0  0.0  0.0
3-element Vector{Float64}:
 1.0
 1.0
 1.0
9×3 Matrix{Float64}:
 0.0         0.0         0.0
 0.00963873  0.00963873  0.00963873
 0.0113752   0.0113752   0.0113752
 0.0         0.0         0.0
 0.0257643   0.0257643   0.0257643
 0.0360042   0.0360042   0.0360042
 0.0260733   0.0260733   0.0260733
 0.0409025   0.0409025   0.0409025
 0.0         0.0         0.0
3-element Vector{Float64}:
 0.14975823777011574
 0.14975823777011577
 0.14975823777011574
6×7 Matrix{Float64}:
 0.0  0.0  0.0  0.25803   0.25803   0.25803   0.225911
 0.0  0.0  0.0  0.235535  0.235535  0.235535  0.293396
 0.0  0.0  0.0  0.259613  0.259613  0.259613  0.221162
 0.0  0.0  0.0  0.0       0.0       0.0       0.0
 0.0  0.0  0.0  0.0       0.0       0.0       0.0
 0.0  0.0  0.0  0.246823  0.246823  0.246823  0.259531
3-element Vector{Float64}:
 0.14975823777011574
 0.14975823777011577
 0.14975823777011574
a: [0.0 0.0 0.0; 0.009638732674405848 0.00963873267440516 0.009638732674403815; 0.011375186830535997 0.011375186830536288 0.011375186830536885; 0.0 0.0 0.0; 0.025764304404845447 0.02576430440484602 0.025764304404844268; 0.03600423859559745 0.03600423859559763 0.03600423859559801; 0.026073282355148768 0.026073282355148397 0.02607328235515039; 0.04090249290958196 0.04090249290958229 0.04090249290958197; 0.0 0.0 0.0]
b: [0.14975823777011574, 0.14975823777011577, 0.14975823777011574]
c: [0.0 0.0 0.0 0.25802980306925394 0.2580298030692534 0.2580298030692538 0.22591059079223869; 0.0 0.0 0.0 0.2355345583742191 0.23553455837421908 0.23553455837421786 0.29339632487734413; 0.0 0.0 0.0 0.25961264331220146 0.2596126433122016 0.2596126433122017 0.22116207006339522; 0.0 0.0 0.0 0.0 0.0 0.0 0.0; 0.0 0.0 0.0 0.0 0.0 0.0 0.0; 0.0 0.0 0.0 0.24682299524432555 0.24682299524432588 0.24682299524432655 0.2595310142670219]
d: [0.14975823777011574, 0.14975823777011577, 0.14975823777011574]
comparison (CRT and Glb)on prediction: Dict{Bool, Int64}(0 => 54, 1 => 0)
Dataname	 time	 objv	 lb	 gap	 train_w	 train_g	 test_w	 test_g
/work_bgfs/n/navarrodelacruz/odt/optimal_decision_tree/augmented_datasets/glass/glass_171.glass	 27.13	 10.522463735665527	 N/A	 N/A	 64.744	 0.0	 55.556	 0.0
