Running 6 processes.
Start training /work_bgfs/n/navarrodelacruz/odt/optimal_decision_tree/augmented_datasets/glass/glass_950.glass with seed 1.
Any[]
(9, 210)
(9, 104)
(9, 52)
(9, 54)
dimension: 9, class: 6
cart cost: 146.59736842105264
size of X: (9, 156)
Using method: Global linear DT optimization
Version identifier: 20.1.0.0 | 2020-11-10 | 9bedb6d68
CPXPARAM_Threads                                 1
CPXPARAM_TimeLimit                               1728000
Tried aggregator 1 time.
No LP presolve or aggregator reductions.
Presolve time = 0.01 sec. (4.41 ticks)
Initializing dual steep norms . . .

Iteration log . . .
Iteration:     1   Dual objective     =             0.000000
Perturbation started.
Iteration:    51   Dual objective     =             0.000000
Iteration:   188   Dual objective     =             0.000023
Iteration:   344   Dual objective     =             0.690837
Iteration:   464   Dual objective     =             0.712102
Iteration:   601   Dual objective     =             0.721139
Iteration:   718   Dual objective     =             0.749063
Iteration:   859   Dual objective     =             1.438861
Iteration:   978   Dual objective     =             2.079208
Iteration:  1116   Dual objective     =             5.537154
Iteration:  1223   Dual objective     =             7.635224
Iteration:  1353   Dual objective     =             9.687342
Iteration:  1497   Dual objective     =            10.384143
Iteration:  1646   Dual objective     =            10.384355
Removing perturbation.
Iteration:  1731   Scaled dual infeas =             0.000000
Iteration:  1732   Dual objective     =            10.384306
9×3 Matrix{Float64}:
 0.0  0.0  0.0
 0.0  0.0  0.0
 1.0  0.0  0.0
 0.0  0.0  1.0
 0.0  0.0  0.0
 0.0  0.0  0.0
 0.0  1.0  0.0
 0.0  0.0  0.0
 0.0  0.0  0.0
3-element Vector{Float64}:
 0.6137860667250489
 0.38102965315273485
 0.34249605295381974
6×7 Matrix{Float64}:
 0.0  0.0  0.0  0.0  0.0  1.0  0.0
 0.0  0.0  0.0  0.0  1.0  0.0  1.0
 0.0  0.0  0.0  0.0  0.0  0.0  0.0
 0.0  0.0  0.0  0.0  0.0  0.0  0.0
 0.0  0.0  0.0  0.0  0.0  0.0  0.0
 0.0  0.0  0.0  1.0  0.0  0.0  0.0
3-element Vector{Float64}:
 1.0
 1.0
 1.0
9×3 Matrix{Float64}:
 0.0        0.0        0.0
 0.0129611  0.0129611  0.0129611
 0.0100156  0.0100156  0.0100156
 0.0        0.0        0.0
 0.0174446  0.0174446  0.0174446
 0.0353976  0.0353976  0.0353976
 0.0404149  0.0404149  0.0404149
 0.0336488  0.0336488  0.0336488
 0.0        0.0        0.0
3-element Vector{Float64}:
 0.14988248421402775
 0.1498824842140277
 0.1498824842140277
6×7 Matrix{Float64}:
 0.0  0.0  0.0  0.257113  0.257113  0.257113  0.228661
 0.0  0.0  0.0  0.232971  0.232971  0.232971  0.301088
 0.0  0.0  0.0  0.259292  0.259292  0.259292  0.222123
 0.0  0.0  0.0  0.0       0.0       0.0       0.0
 0.0  0.0  0.0  0.0       0.0       0.0       0.0
 0.0  0.0  0.0  0.250624  0.250624  0.250624  0.248129
3-element Vector{Float64}:
 0.1498824842140277
 0.1498824842140277
 0.1498824842140277
a: [0.0 0.0 0.0; 0.012961058894038553 0.012961058894038393 0.012961058894038355; 0.010015586680360261 0.010015586680360318 0.010015586680360478; 0.0 0.0 0.0; 0.017444584716792624 0.017444584716792718 0.017444584716792416; 0.035397592762372865 0.035397592762372865 0.035397592762372865; 0.04041487964026128 0.04041487964026111 0.0404148796402614; 0.03364878152020211 0.03364878152020219 0.03364878152020202; 0.0 0.0 0.0]
b: [0.14988248421402775, 0.1498824842140277, 0.1498824842140277]
c: [0.0 0.0 0.0 0.2571130454065198 0.2571130454065198 0.2571130454065198 0.22866086378044065; 0.0 0.0 0.0 0.2329706895212944 0.2329706895212944 0.23297068952129435 0.30108793143611673; 0.0 0.0 0.0 0.2592924521276918 0.2592924521276918 0.25929245212769175 0.22212264361692463; 0.0 0.0 0.0 0.0 0.0 0.0 0.0; 0.0 0.0 0.0 0.0 0.0 0.0 0.0; 0.0 0.0 0.0 0.250623812944494 0.250623812944494 0.2506238129444941 0.24812856116651794]
d: [0.1498824842140277, 0.1498824842140277, 0.1498824842140277]
comparison (CRT and Glb)on prediction: Dict{Bool, Int64}(0 => 54, 1 => 0)
Dataname	 time	 objv	 lb	 gap	 train_w	 train_g	 test_w	 test_g
/work_bgfs/n/navarrodelacruz/odt/optimal_decision_tree/augmented_datasets/glass/glass_950.glass	 29.92	 10.384324477895284	 N/A	 N/A	 66.026	 0.0	 62.963	 0.0
