Running 6 processes.
Start training /work_bgfs/n/navarrodelacruz/odt/optimal_decision_tree/augmented_datasets/glass/glass_24.glass with seed 1.
Any[]
(9, 210)
(9, 105)
(9, 53)
(9, 52)
dimension: 9, class: 6
cart cost: 148.55
size of X: (9, 158)
Using method: Global linear DT optimization
Version identifier: 20.1.0.0 | 2020-11-10 | 9bedb6d68
CPXPARAM_Threads                                 1
CPXPARAM_TimeLimit                               1728000
Tried aggregator 1 time.
No LP presolve or aggregator reductions.
Presolve time = 0.01 sec. (4.50 ticks)
Initializing dual steep norms . . .

Iteration log . . .
Iteration:     1   Dual objective     =             0.000000
Perturbation started.
Iteration:    51   Dual objective     =             0.000000
Iteration:   232   Dual objective     =             0.000038
Iteration:   385   Dual objective     =             0.005955
Iteration:   519   Dual objective     =             0.014228
Iteration:   641   Dual objective     =             0.704915
Iteration:   765   Dual objective     =             1.418078
Iteration:   878   Dual objective     =             1.426588
Iteration:   999   Dual objective     =             2.129157
Iteration:  1124   Dual objective     =             4.225579
Iteration:  1262   Dual objective     =             5.633972
Iteration:  1406   Dual objective     =             7.022575
Iteration:  1526   Dual objective     =             9.819454
Iteration:  1664   Dual objective     =            10.522008
Removing perturbation.
9×3 Matrix{Float64}:
 0.0  0.0  0.0
 0.0  0.0  0.0
 1.0  0.0  0.0
 0.0  0.0  1.0
 0.0  0.0  0.0
 0.0  0.0  0.0
 0.0  0.0  0.0
 0.0  1.0  0.0
 0.0  0.0  0.0
3-element Vector{Float64}:
 0.6160663182946893
 0.15016741636800912
 0.3337773381583349
6×7 Matrix{Float64}:
 0.0  0.0  0.0  0.0  0.0  1.0  0.0
 0.0  0.0  0.0  1.0  0.0  0.0  1.0
 0.0  0.0  0.0  0.0  0.0  0.0  0.0
 0.0  0.0  0.0  0.0  0.0  0.0  0.0
 0.0  0.0  0.0  0.0  0.0  0.0  0.0
 0.0  0.0  0.0  0.0  1.0  0.0  0.0
3-element Vector{Float64}:
 1.0
 1.0
 1.0
9×3 Matrix{Float64}:
 0.0         0.0         0.0
 0.0         0.0         0.0
 0.0         0.0         0.0
 0.0         0.0         0.0
 0.0151456   0.0151456   0.0151456
 0.0329476   0.0329476   0.0329476
 0.0453681   0.0453681   0.0453681
 0.0456845   0.0456845   0.0456845
 0.00863808  0.00863808  0.00863808
3-element Vector{Float64}:
 0.1477838744223077
 0.1477838744223077
 0.1477838744223078
6×7 Matrix{Float64}:
 0.0  0.0  0.0  0.261087  0.261087  0.261087  0.216738
 0.0  0.0  0.0  0.24186   0.24186   0.24186   0.27442
 0.0  0.0  0.0  0.265467  0.265467  0.265467  0.203599
 0.0  0.0  0.0  0.0       0.0       0.0       0.0
 0.0  0.0  0.0  0.0       0.0       0.0       0.0
 0.0  0.0  0.0  0.231586  0.231586  0.231586  0.305243
3-element Vector{Float64}:
 0.1477838744223077
 0.1477838744223077
 0.1477838744223078
a: [0.0 0.0 0.0; 0.0 0.0 0.0; 0.0 0.0 0.0; 0.0 0.0 0.0; 0.0151455773751536 0.015145577375153372 0.015145577375153445; 0.03294764755295709 0.03294764755295719 0.03294764755295729; 0.045368088370161826 0.045368088370162346 0.04536808837016254; 0.045684477774560264 0.045684477774560306 0.045684477774560334; 0.008638083349475268 0.00863808334947451 0.008638083349474773]
b: [0.1477838744223077, 0.1477838744223077, 0.1477838744223078]
c: [0.0 0.0 0.0 0.2610873814564727 0.26108738145647237 0.2610873814564725 0.21673785563058245; 0.0 0.0 0.0 0.24186007304834556 0.24186007304834578 0.24186007304834556 0.2744197808549631; 0.0 0.0 0.0 0.26546692486774776 0.2654669248677479 0.26546692486774776 0.20359922539675657; 0.0 0.0 0.0 0.0 0.0 0.0 0.0; 0.0 0.0 0.0 0.0 0.0 0.0 0.0; 0.0 0.0 0.0 0.23158562062743404 0.23158562062743393 0.23158562062743412 0.3052431381176979]
d: [0.1477838744223077, 0.1477838744223077, 0.1477838744223078]
comparison (CRT and Glb)on prediction: Dict{Bool, Int64}(0 => 52, 1 => 0)
Dataname	 time	 objv	 lb	 gap	 train_w	 train_g	 test_w	 test_g
/work_bgfs/n/navarrodelacruz/odt/optimal_decision_tree/augmented_datasets/glass/glass_24.glass	 29.54	 10.522167581163382	 N/A	 N/A	 66.456	 0.0	 57.692	 0.0
