Running 6 processes.
Start training /work_bgfs/n/navarrodelacruz/odt/optimal_decision_tree/augmented_datasets/glass/glass_461.glass with seed 1.
Any[]
(9, 210)
(9, 104)
(9, 52)
(9, 54)
dimension: 9, class: 6
cart cost: 140.14999999999998
size of X: (9, 156)
Using method: Global linear DT optimization
Version identifier: 20.1.0.0 | 2020-11-10 | 9bedb6d68
CPXPARAM_Threads                                 1
CPXPARAM_TimeLimit                               1728000
Tried aggregator 1 time.
No LP presolve or aggregator reductions.
Presolve time = 0.01 sec. (4.43 ticks)
Initializing dual steep norms . . .

Iteration log . . .
Iteration:     1   Dual objective     =             0.000000
Perturbation started.
Iteration:    51   Dual objective     =             0.000000
Iteration:   223   Dual objective     =             0.000046
Iteration:   388   Dual objective     =             0.715972
Iteration:   536   Dual objective     =             0.727367
Iteration:   656   Dual objective     =             0.732084
Iteration:   809   Dual objective     =             0.750461
Iteration:   941   Dual objective     =             1.452323
Iteration:  1065   Dual objective     =             2.800001
Iteration:  1188   Dual objective     =             2.837873
Iteration:  1332   Dual objective     =             5.610505
Iteration:  1455   Dual objective     =             6.333208
Iteration:  1565   Dual objective     =             8.415398
Iteration:  1690   Dual objective     =             8.457632
Iteration:  1842   Dual objective     =             9.838090
Iteration:  1977   Dual objective     =            10.521156
Removing perturbation.
9×3 Matrix{Float64}:
 0.0  0.0  0.0
 0.0  0.0  0.0
 1.0  0.0  0.0
 0.0  0.0  1.0
 0.0  0.0  0.0
 0.0  0.0  0.0
 0.0  0.0  0.0
 0.0  1.0  0.0
 0.0  0.0  0.0
3-element Vector{Float64}:
 0.6094854817246211
 0.14421160020881732
 0.3674114574922558
6×7 Matrix{Float64}:
 0.0  0.0  0.0  0.0  0.0  1.0  0.0
 0.0  0.0  0.0  1.0  0.0  0.0  1.0
 0.0  0.0  0.0  0.0  0.0  0.0  0.0
 0.0  0.0  0.0  0.0  0.0  0.0  0.0
 0.0  0.0  0.0  0.0  0.0  0.0  0.0
 0.0  0.0  0.0  0.0  1.0  0.0  0.0
3-element Vector{Float64}:
 1.0
 1.0
 1.0
9×3 Matrix{Float64}:
 0.0         0.0         0.0
 0.0         0.0         0.0
 0.0         0.0         0.0
 0.0         0.0         0.0
 0.0160993   0.0160993   0.0160993
 0.0356258   0.0356258   0.0356258
 0.0474343   0.0474343   0.0474343
 0.0429392   0.0429392   0.0429392
 0.00567974  0.00567974  0.00567974
3-element Vector{Float64}:
 0.14777836007758988
 0.14777836007758988
 0.14777836007758988
6×7 Matrix{Float64}:
 0.0  0.0  0.0  0.261805  0.261805  0.261805  0.214586
 0.0  0.0  0.0  0.239452  0.239452  0.239452  0.281643
 0.0  0.0  0.0  0.263453  0.263453  0.263453  0.209642
 0.0  0.0  0.0  0.0       0.0       0.0       0.0
 0.0  0.0  0.0  0.0       0.0       0.0       0.0
 0.0  0.0  0.0  0.23529   0.23529   0.23529   0.294129
3-element Vector{Float64}:
 0.14777836007758988
 0.14777836007758988
 0.14777836007758988
a: [0.0 0.0 0.0; 0.0 0.0 0.0; 0.0 0.0 0.0; 0.0 0.0 0.0; 0.016099340269434298 0.016099340269434315 0.01609934026943415; 0.035625796930082075 0.035625796930082144 0.035625796930082096; 0.04743430473806154 0.04743430473806161 0.047434304738061935; 0.04293918293644106 0.04293918293644098 0.04293918293644109; 0.0056797352035709014 0.005679735203570839 0.005679735203570596]
b: [0.14777836007758988, 0.14777836007758988, 0.14777836007758988]
c: [0.0 0.0 0.0 0.261804512298233 0.2618045122982331 0.2618045122982331 0.2145864631053005; 0.0 0.0 0.0 0.23945237923860208 0.2394523792386022 0.23945237923860205 0.28164286228419366; 0.0 0.0 0.0 0.26345275824046865 0.26345275824046877 0.26345275824046877 0.20964172527859382; 0.0 0.0 0.0 0.0 0.0 0.0 0.0; 0.0 0.0 0.0 0.0 0.0 0.0 0.0; 0.0 0.0 0.0 0.2352903502226963 0.23529035022269598 0.23529035022269604 0.294128949331912]
d: [0.14777836007758988, 0.14777836007758988, 0.14777836007758988]
comparison (CRT and Glb)on prediction: Dict{Bool, Int64}(0 => 54, 1 => 0)
Dataname	 time	 objv	 lb	 gap	 train_w	 train_g	 test_w	 test_g
/work_bgfs/n/navarrodelacruz/odt/optimal_decision_tree/augmented_datasets/glass/glass_461.glass	 27.89	 10.522166754011662	 N/A	 N/A	 67.949	 0.0	 51.852	 0.0
