Running 6 processes.
Start training /work_bgfs/n/navarrodelacruz/odt/optimal_decision_tree/augmented_datasets/glass/glass_962.glass with seed 1.
Any[]
(9, 210)
(9, 104)
(9, 52)
(9, 54)
dimension: 9, class: 6
cart cost: 140.14999999999998
size of X: (9, 156)
Using method: Global linear DT optimization
Version identifier: 20.1.0.0 | 2020-11-10 | 9bedb6d68
CPXPARAM_Threads                                 1
CPXPARAM_TimeLimit                               1728000
Tried aggregator 1 time.
No LP presolve or aggregator reductions.
Presolve time = 0.01 sec. (4.41 ticks)
Initializing dual steep norms . . .

Iteration log . . .
Iteration:     1   Dual objective     =             0.000000
Perturbation started.
Iteration:    51   Dual objective     =             0.000000
Iteration:   191   Dual objective     =             0.000029
Iteration:   332   Dual objective     =             0.000234
Iteration:   468   Dual objective     =             0.024195
Iteration:   570   Dual objective     =             0.031837
Iteration:   673   Dual objective     =             0.052025
Iteration:   810   Dual objective     =             0.052727
Iteration:   944   Dual objective     =             0.723518
Iteration:  1098   Dual objective     =             1.401035
Iteration:  1235   Dual objective     =             1.425558
Iteration:  1366   Dual objective     =             2.821607
Iteration:  1486   Dual objective     =             4.218047
Iteration:  1602   Dual objective     =             4.250318
Iteration:  1751   Dual objective     =             4.933560
Iteration:  1889   Dual objective     =             7.008104
Iteration:  2002   Dual objective     =             7.737901
Iteration:  2126   Dual objective     =             8.432321
Iteration:  2282   Dual objective     =             9.800285
Iteration:  2401   Dual objective     =             9.860392
Iteration:  2529   Dual objective     =            10.515098
Iteration:  2691   Dual objective     =            10.520696
Iteration:  2836   Dual objective     =            10.522479
Removing perturbation.
9×3 Matrix{Float64}:
 0.0  0.0  0.0
 0.0  0.0  0.0
 1.0  0.0  0.0
 0.0  0.0  1.0
 0.0  0.0  0.0
 0.0  0.0  0.0
 0.0  0.0  0.0
 0.0  1.0  0.0
 0.0  0.0  0.0
3-element Vector{Float64}:
 0.6078831205606938
 0.15590414793387303
 0.35178954915101224
6×7 Matrix{Float64}:
 0.0  0.0  0.0  0.0  0.0  1.0  0.0
 0.0  0.0  0.0  1.0  0.0  0.0  1.0
 0.0  0.0  0.0  0.0  0.0  0.0  0.0
 0.0  0.0  0.0  0.0  0.0  0.0  0.0
 0.0  0.0  0.0  0.0  0.0  0.0  0.0
 0.0  0.0  0.0  0.0  1.0  0.0  0.0
3-element Vector{Float64}:
 1.0
 1.0
 1.0
9×3 Matrix{Float64}:
 0.0         0.0         0.0
 0.0101933   0.0101933   0.0101933
 0.0177309   0.0177309   0.0177309
 0.0         0.0         0.0
 0.0206997   0.0206997   0.0206997
 0.035192    0.035192    0.035192
 0.0467027   0.0467027   0.0467027
 0.0169208   0.0169208   0.0169208
 0.00296642  0.00296642  0.00296642
3-element Vector{Float64}:
 0.15040580083085944
 0.1504058008308595
 0.15040580083085944
6×7 Matrix{Float64}:
 0.0  0.0  0.0  0.251148  0.251148  0.251148  0.246557
 0.0  0.0  0.0  0.243414  0.243414  0.243414  0.269758
 0.0  0.0  0.0  0.251374  0.251374  0.251374  0.245878
 0.0  0.0  0.0  0.0       0.0       0.0       0.0
 0.0  0.0  0.0  0.0       0.0       0.0       0.0
 0.0  0.0  0.0  0.254064  0.254064  0.254064  0.237807
3-element Vector{Float64}:
 0.15040580083085944
 0.1504058008308595
 0.15040580083085944
a: [0.0 0.0 0.0; 0.010193285214427306 0.010193285214427267 0.010193285214448658; 0.017730939641481838 0.01773093964148189 0.017730939641468872; 0.0 0.0 0.0; 0.020699664377824924 0.020699664377825028 0.020699664377805082; 0.03519198485805526 0.03519198485805563 0.035191984858048996; 0.04670270342988831 0.046702703429888595 0.04670270342991574; 0.01692080795558973 0.01692080795559006 0.016920807955585253; 0.002966415353591812 0.002966415353590962 0.00296641535358682]
b: [0.15040580083085944, 0.1504058008308595, 0.15040580083085944]
c: [0.0 0.0 0.0 0.25114751709955646 0.2511475170995561 0.2511475170995654 0.24655744870132212; 0.0 0.0 0.0 0.24341413209873103 0.24341413209873097 0.24341413209871954 0.2697576037038184; 0.0 0.0 0.0 0.25137394696857107 0.25137394696857107 0.2513739469685705 0.24587815909428734; 0.0 0.0 0.0 0.0 0.0 0.0 0.0; 0.0 0.0 0.0 0.0 0.0 0.0 0.0; 0.0 0.0 0.0 0.2540644038331415 0.2540644038331418 0.2540644038331446 0.23780678850057213]
d: [0.15040580083085944, 0.1504058008308595, 0.15040580083085944]
comparison (CRT and Glb)on prediction: Dict{Bool, Int64}(0 => 54, 1 => 0)
Dataname	 time	 objv	 lb	 gap	 train_w	 train_g	 test_w	 test_g
/work_bgfs/n/navarrodelacruz/odt/optimal_decision_tree/augmented_datasets/glass/glass_962.glass	 33.77	 10.522560870124645	 N/A	 N/A	 67.949	 0.0	 50.0	 0.0
