Running 6 processes.
Start training /work_bgfs/n/navarrodelacruz/odt/optimal_decision_tree/augmented_datasets/glass/glass_885.glass with seed 1.
Any[]
(9, 210)
(9, 104)
(9, 52)
(9, 54)
dimension: 9, class: 6
cart cost: 154.14999999999998
size of X: (9, 156)
Using method: Global linear DT optimization
Version identifier: 20.1.0.0 | 2020-11-10 | 9bedb6d68
CPXPARAM_Threads                                 1
CPXPARAM_TimeLimit                               1728000
Tried aggregator 1 time.
No LP presolve or aggregator reductions.
Presolve time = 0.01 sec. (4.42 ticks)
Initializing dual steep norms . . .

Iteration log . . .
Iteration:     1   Dual objective     =             0.000000
Perturbation started.
Iteration:    51   Dual objective     =             0.000000
Iteration:   236   Dual objective     =             0.000040
Iteration:   340   Dual objective     =             0.008918
Iteration:   505   Dual objective     =             0.020768
Iteration:   621   Dual objective     =             0.024839
Iteration:   750   Dual objective     =             0.729994
Iteration:   880   Dual objective     =             0.749565
Iteration:  1002   Dual objective     =             1.458224
Iteration:  1128   Dual objective     =             2.843535
Iteration:  1276   Dual objective     =             3.758866
Iteration:  1425   Dual objective     =             7.032151
Iteration:  1557   Dual objective     =             8.881371
Iteration:  1693   Dual objective     =            10.521369
Iteration:  1852   Dual objective     =            10.522418
Removing perturbation.
Iteration:  1991   Scaled dual infeas =             0.000016
Iteration:  1993   Dual objective     =            10.522409
9×3 Matrix{Float64}:
 0.0  0.0  0.0
 0.0  0.0  0.0
 1.0  0.0  0.0
 0.0  0.0  0.0
 0.0  0.0  0.0
 0.0  0.0  0.0
 0.0  0.0  1.0
 0.0  1.0  0.0
 0.0  0.0  0.0
3-element Vector{Float64}:
 0.576646550903229
 0.14467869830009117
 0.2715535964383249
6×7 Matrix{Float64}:
 0.0  0.0  0.0  0.0  0.0  0.0  1.0
 0.0  0.0  0.0  1.0  0.0  1.0  0.0
 0.0  0.0  0.0  0.0  0.0  0.0  0.0
 0.0  0.0  0.0  0.0  0.0  0.0  0.0
 0.0  0.0  0.0  0.0  0.0  0.0  0.0
 0.0  0.0  0.0  0.0  1.0  0.0  0.0
3-element Vector{Float64}:
 1.0
 1.0
 1.0
9×3 Matrix{Float64}:
 0.0         0.0         0.0
 0.0127606   0.0127606   0.0127606
 0.012733    0.012733    0.012733
 0.0         0.0         0.0
 0.0168298   0.0168298   0.0168298
 0.0351435   0.0351435   0.0351435
 0.0376551   0.0376551   0.0376551
 0.0314333   0.0314333   0.0314333
 0.00308223  0.00308223  0.00308223
3-element Vector{Float64}:
 0.14963751809267423
 0.14963751809267428
 0.14963751809267423
6×7 Matrix{Float64}:
 0.0  0.0  0.0  0.257123  0.257123  0.257123  0.228632
 0.0  0.0  0.0  0.234304  0.234304  0.234304  0.297087
 0.0  0.0  0.0  0.257167  0.257167  0.257167  0.228498
 0.0  0.0  0.0  0.0       0.0       0.0       0.0
 0.0  0.0  0.0  0.0       0.0       0.0       0.0
 0.0  0.0  0.0  0.251406  0.251406  0.251406  0.245783
3-element Vector{Float64}:
 0.14963751809267423
 0.14963751809267428
 0.14963751809267423
a: [0.0 0.0 0.0; 0.012760565421942937 0.012760565421943787 0.012760565421943619; 0.012732973914079819 0.012732973914079432 0.012732973914079864; 0.0 0.0 0.0; 0.01682982812394701 0.016829828123946764 0.0168298281239466; 0.03514354763090975 0.035143547630909905 0.035143547630909495; 0.037655111017307084 0.03765511101730736 0.037655111017308535; 0.03143326509340116 0.031433265093400976 0.03143326509340012; 0.0030822268910857473 0.0030822268910860474 0.003082226891086018]
b: [0.14963751809267423, 0.14963751809267428, 0.14963751809267423]
c: [0.0 0.0 0.0 0.25712260437039586 0.2571226043703956 0.25712260437039497 0.22863218688881382; 0.0 0.0 0.0 0.23430440773031158 0.23430440773031222 0.23430440773031314 0.29708677680906304; 0.0 0.0 0.0 0.257167309367402 0.2571673093674017 0.2571673093674011 0.22849807189779514; 0.0 0.0 0.0 0.0 0.0 0.0 0.0; 0.0 0.0 0.0 0.0 0.0 0.0 0.0; 0.0 0.0 0.0 0.2514056785318906 0.2514056785318906 0.2514056785318907 0.245782964404328]
d: [0.14963751809267423, 0.14963751809267428, 0.14963751809267423]
comparison (CRT and Glb)on prediction: Dict{Bool, Int64}(0 => 54, 1 => 0)
Dataname	 time	 objv	 lb	 gap	 train_w	 train_g	 test_w	 test_g
/work_bgfs/n/navarrodelacruz/odt/optimal_decision_tree/augmented_datasets/glass/glass_885.glass	 28.96	 10.522445627713934	 N/A	 N/A	 64.744	 0.0	 57.407	 0.0
