Running 6 processes.
Start training /work_bgfs/n/navarrodelacruz/odt/optimal_decision_tree/augmented_datasets/glass/glass_155.glass with seed 1.
Any[]
(9, 210)
(9, 104)
(9, 52)
(9, 54)
dimension: 9, class: 6
cart cost: 145.75
size of X: (9, 156)
Using method: Global linear DT optimization
Version identifier: 20.1.0.0 | 2020-11-10 | 9bedb6d68
CPXPARAM_Threads                                 1
CPXPARAM_TimeLimit                               1728000
Tried aggregator 1 time.
No LP presolve or aggregator reductions.
Presolve time = 0.01 sec. (4.48 ticks)
Initializing dual steep norms . . .

Iteration log . . .
Iteration:     1   Dual objective     =             0.000000
Perturbation started.
Iteration:    51   Dual objective     =             0.000000
Iteration:   159   Dual objective     =             0.000029
Iteration:   337   Dual objective     =             0.000099
Iteration:   464   Dual objective     =             0.024365
Iteration:   597   Dual objective     =             0.040109
Iteration:   745   Dual objective     =             0.660489
Iteration:   874   Dual objective     =             1.438732
Iteration:  1011   Dual objective     =             1.452677
Iteration:  1126   Dual objective     =             5.608586
Iteration:  1258   Dual objective     =             6.321232
Iteration:  1388   Dual objective     =             8.419779
Iteration:  1513   Dual objective     =            10.516361
Iteration:  1656   Dual objective     =            10.521749
Removing perturbation.
9×3 Matrix{Float64}:
 0.0  0.0  0.0
 0.0  0.0  0.0
 1.0  0.0  0.0
 0.0  0.0  0.0
 0.0  0.0  0.0
 0.0  0.0  0.0
 0.0  0.0  1.0
 0.0  1.0  0.0
 0.0  0.0  0.0
3-element Vector{Float64}:
 0.5801101721694979
 0.12327965968911345
 0.25654738340312716
6×7 Matrix{Float64}:
 0.0  0.0  0.0  0.0  0.0  0.0  1.0
 0.0  0.0  0.0  1.0  0.0  1.0  0.0
 0.0  0.0  0.0  0.0  0.0  0.0  0.0
 0.0  0.0  0.0  0.0  0.0  0.0  0.0
 0.0  0.0  0.0  0.0  0.0  0.0  0.0
 0.0  0.0  0.0  0.0  1.0  0.0  0.0
3-element Vector{Float64}:
 1.0
 1.0
 1.0
9×3 Matrix{Float64}:
 0.0         0.0         0.0
 0.0         0.0         0.0
 0.0         0.0         0.0
 0.0         0.0         0.0
 0.0         0.0         0.0
 0.0363988   0.0363988   0.0363988
 0.00504043  0.00504043  0.00504043
 0.103957    0.103957    0.103957
 0.0         0.0         0.0
3-element Vector{Float64}:
 0.14539600403211417
 0.14539600403211403
 0.14539600403211417
6×7 Matrix{Float64}:
 0.0  0.0  0.0  0.263057  0.263057  0.263057  0.210828
 0.0  0.0  0.0  0.275594  0.275594  0.275594  0.173218
 0.0  0.0  0.0  0.278798  0.278798  0.278798  0.163605
 0.0  0.0  0.0  0.0       0.0       0.0       0.0
 0.0  0.0  0.0  0.0       0.0       0.0       0.0
 0.0  0.0  0.0  0.18255   0.18255   0.18255   0.452349
3-element Vector{Float64}:
 0.14539600403211417
 0.14539600403211403
 0.14539600403211417
a: [0.0 0.0 0.0; 0.0 0.0 0.0; 0.0 0.0 0.0; 0.0 0.0 0.0; 0.0 0.0 0.0; 0.03639881906500664 0.03639881906500654 0.036398819065006784; 0.005040434497374208 0.005040434497374402 0.005040434497374987; 0.10395675046973328 0.10395675046973309 0.1039567504697324; 0.0 0.0 0.0]
b: [0.14539600403211417, 0.14539600403211403, 0.14539600403211417]
c: [0.0 0.0 0.0 0.2630573250441996 0.26305732504419926 0.26305732504419893 0.2108280248674028; 0.0 0.0 0.0 0.2755939551079911 0.2755939551079916 0.2755939551079911 0.17321813467602604; 0.0 0.0 0.0 0.27879838684247904 0.2787983868424787 0.27879838684247876 0.16360483947256335; 0.0 0.0 0.0 0.0 0.0 0.0 0.0; 0.0 0.0 0.0 0.0 0.0 0.0 0.0; 0.0 0.0 0.0 0.18255033300533013 0.1825503330053304 0.18255033300533113 0.4523490009840079]
d: [0.14539600403211417, 0.14539600403211403, 0.14539600403211417]
comparison (CRT and Glb)on prediction: Dict{Bool, Int64}(0 => 54, 1 => 0)
Dataname	 time	 objv	 lb	 gap	 train_w	 train_g	 test_w	 test_g
/work_bgfs/n/navarrodelacruz/odt/optimal_decision_tree/augmented_datasets/glass/glass_155.glass	 29.81	 10.521809400604834	 N/A	 N/A	 66.667	 0.0	 53.704	 0.0
