Running 6 processes.
Start training /work_bgfs/n/navarrodelacruz/odt/optimal_decision_tree/augmented_datasets/glass/glass_745.glass with seed 1.
Any[]
(9, 210)
(9, 104)
(9, 52)
(9, 54)
dimension: 9, class: 6
cart cost: 142.94999999999996
size of X: (9, 156)
Using method: Global linear DT optimization
Version identifier: 20.1.0.0 | 2020-11-10 | 9bedb6d68
CPXPARAM_Threads                                 1
CPXPARAM_TimeLimit                               1728000
Tried aggregator 1 time.
No LP presolve or aggregator reductions.
Presolve time = 0.01 sec. (4.42 ticks)
Initializing dual steep norms . . .

Iteration log . . .
Iteration:     1   Dual objective     =             0.000000
Perturbation started.
Iteration:    51   Dual objective     =             0.000000
Iteration:   229   Dual objective     =             0.000040
Iteration:   385   Dual objective     =             0.013421
Iteration:   518   Dual objective     =             0.019844
Iteration:   660   Dual objective     =             0.062426
Iteration:   780   Dual objective     =             0.082221
Iteration:   920   Dual objective     =             0.723652
Iteration:  1044   Dual objective     =             2.817759
Iteration:  1191   Dual objective     =             2.857140
Iteration:  1328   Dual objective     =             5.645510
Iteration:  1471   Dual objective     =             7.039441
Iteration:  1628   Dual objective     =             7.777273
Iteration:  1783   Dual objective     =             9.819378
Iteration:  1926   Dual objective     =            10.520793
Iteration:  2055   Dual objective     =            10.522052
Removing perturbation.
9×3 Matrix{Float64}:
 0.0  0.0  0.0
 0.0  0.0  0.0
 1.0  0.0  0.0
 0.0  0.0  1.0
 0.0  0.0  0.0
 0.0  0.0  0.0
 0.0  0.0  0.0
 0.0  1.0  0.0
 0.0  0.0  0.0
3-element Vector{Float64}:
 0.6046191891972774
 0.16028780910095292
 0.34116725938685866
6×7 Matrix{Float64}:
 0.0  0.0  0.0  0.0  0.0  1.0  0.0
 0.0  0.0  0.0  1.0  0.0  0.0  1.0
 0.0  0.0  0.0  0.0  0.0  0.0  0.0
 0.0  0.0  0.0  0.0  0.0  0.0  0.0
 0.0  0.0  0.0  0.0  0.0  0.0  0.0
 0.0  0.0  0.0  0.0  1.0  0.0  0.0
3-element Vector{Float64}:
 1.0
 1.0
 1.0
9×3 Matrix{Float64}:
 0.0          0.0          0.0
 0.0          0.0          0.0
 0.000628614  0.000628614  0.000628614
 0.0          0.0          0.0
 0.0111669    0.0111669    0.0111669
 0.0308441    0.0308441    0.0308441
 0.0517707    0.0517707    0.0517707
 0.0448872    0.0448872    0.0448872
 0.00747969   0.00747969   0.00747969
3-element Vector{Float64}:
 0.1467771347396293
 0.1467771347396293
 0.14677713473962936
6×7 Matrix{Float64}:
 0.0  0.0  0.0  0.258484  0.258484  0.258484  0.224548
 0.0  0.0  0.0  0.234743  0.234743  0.234743  0.295771
 0.0  0.0  0.0  0.262794  0.262794  0.262794  0.211617
 0.0  0.0  0.0  0.0       0.0       0.0       0.0
 0.0  0.0  0.0  0.0       0.0       0.0       0.0
 0.0  0.0  0.0  0.243979  0.243979  0.243979  0.268064
3-element Vector{Float64}:
 0.1467771347396293
 0.1467771347396293
 0.14677713473962936
a: [0.0 0.0 0.0; 0.0 0.0 0.0; 0.0006286142969435011 0.0006286142969432994 0.0006286142969427113; 0.0 0.0 0.0; 0.011166907469973524 0.01116690746997323 0.011166907469974037; 0.03084409813356812 0.030844098133568122 0.030844098133568004; 0.05177065782243866 0.051770657822438525 0.051770657822438004; 0.04488717080409414 0.04488717080409437 0.044887170804094975; 0.007479686212611428 0.007479686212611679 0.007479686212611948]
b: [0.1467771347396293, 0.1467771347396293, 0.14677713473962936]
c: [0.0 0.0 0.0 0.25848406730657086 0.25848406730657114 0.2584840673065709 0.22454779808028724; 0.0 0.0 0.0 0.2347428485728449 0.23474284857284486 0.23474284857284528 0.295771454281465; 0.0 0.0 0.0 0.262794475641609 0.26279447564160896 0.26279447564160924 0.21161657307517256; 0.0 0.0 0.0 0.0 0.0 0.0 0.0; 0.0 0.0 0.0 0.0 0.0 0.0 0.0; 0.0 0.0 0.0 0.24397860847897518 0.2439786084789752 0.2439786084789745 0.26806417456307524]
d: [0.1467771347396293, 0.1467771347396293, 0.14677713473962936]
comparison (CRT and Glb)on prediction: Dict{Bool, Int64}(0 => 54, 1 => 0)
Dataname	 time	 objv	 lb	 gap	 train_w	 train_g	 test_w	 test_g
/work_bgfs/n/navarrodelacruz/odt/optimal_decision_tree/augmented_datasets/glass/glass_745.glass	 26.22	 10.522016570210962	 N/A	 N/A	 67.308	 0.0	 51.852	 0.0
