Running 6 processes.
Start training /work_bgfs/n/navarrodelacruz/odt/optimal_decision_tree/augmented_datasets/glass/glass_953.glass with seed 1.
Any[]
(9, 210)
(9, 104)
(9, 52)
(9, 54)
dimension: 9, class: 6
cart cost: 161.90675675675678
size of X: (9, 156)
Using method: Global linear DT optimization
Version identifier: 20.1.0.0 | 2020-11-10 | 9bedb6d68
CPXPARAM_Threads                                 1
CPXPARAM_TimeLimit                               1728000
Tried aggregator 1 time.
No LP presolve or aggregator reductions.
Presolve time = 0.01 sec. (4.43 ticks)
Initializing dual steep norms . . .

Iteration log . . .
Iteration:     1   Dual objective     =             0.000000
Perturbation started.
Iteration:    51   Dual objective     =             0.000000
Iteration:   230   Dual objective     =             0.000038
Iteration:   389   Dual objective     =             0.017563
Iteration:   550   Dual objective     =             0.055418
Iteration:   681   Dual objective     =             1.449661
Iteration:   790   Dual objective     =             2.869255
Iteration:   910   Dual objective     =             2.895796
Iteration:  1034   Dual objective     =             8.564315
Iteration:  1176   Dual objective     =             9.951519
Iteration:  1309   Dual objective     =             9.956773
Iteration:  1445   Dual objective     =            10.662442
Iteration:  1577   Dual objective     =            10.664348
Iteration:  1711   Dual objective     =            10.664425
Removing perturbation.
9×3 Matrix{Float64}:
 0.0  0.0  0.0
 0.0  0.0  0.0
 1.0  0.0  0.0
 0.0  0.0  0.0
 0.0  0.0  0.0
 0.0  0.0  0.0
 0.0  0.0  1.0
 0.0  1.0  0.0
 0.0  0.0  0.0
3-element Vector{Float64}:
 0.6155942641282109
 0.1339281403336257
 0.26268699584852795
6×7 Matrix{Float64}:
 0.0  0.0  0.0  0.0  0.0  0.0  1.0
 0.0  0.0  0.0  1.0  0.0  1.0  0.0
 0.0  0.0  0.0  0.0  0.0  0.0  0.0
 0.0  0.0  0.0  0.0  0.0  0.0  0.0
 0.0  0.0  0.0  0.0  0.0  0.0  0.0
 0.0  0.0  0.0  0.0  1.0  0.0  0.0
3-element Vector{Float64}:
 1.0
 1.0
 1.0
9×3 Matrix{Float64}:
 0.0         0.0         0.0
 0.0175251   0.0175251   0.0175251
 0.0163335   0.0163335   0.0163335
 0.0         0.0         0.0
 0.0240491   0.0240491   0.0240491
 0.0352376   0.0352376   0.0352376
 0.0376237   0.0376237   0.0376237
 0.017016    0.017016    0.017016
 0.00212245  0.00212245  0.00212245
3-element Vector{Float64}:
 0.14990749394139624
 0.14990749394139619
 0.14990749394139619
6×7 Matrix{Float64}:
 0.0  0.0  0.0  0.250728  0.250728  0.250728  0.247817
 0.0  0.0  0.0  0.249895  0.249895  0.249895  0.250315
 0.0  0.0  0.0  0.251201  0.251201  0.251201  0.246396
 0.0  0.0  0.0  0.0       0.0       0.0       0.0
 0.0  0.0  0.0  0.0       0.0       0.0       0.0
 0.0  0.0  0.0  0.248176  0.248176  0.248176  0.255473
3-element Vector{Float64}:
 0.14990749394139624
 0.14990749394139619
 0.14990749394139619
a: [0.0 0.0 0.0; 0.017525119475095514 0.01752511947509533 0.017525119475094275; 0.016333524162212842 0.01633352416221273 0.016333524162211035; 0.0 0.0 0.0; 0.02404913933548924 0.024049139335489543 0.024049139335490546; 0.035237566541684244 0.03523756654168414 0.035237566541684015; 0.037623737162648364 0.03762373716264806 0.037623737162647435; 0.017015960791251346 0.017015960791251127 0.017015960791250815; 0.0021224464730147524 0.002122446473015186 0.0021224464730180623]
b: [0.14990749394139624, 0.14990749394139619, 0.14990749394139619]
c: [0.0 0.0 0.0 0.2507277787935257 0.25072777879352526 0.25072777879352626 0.24781666361942267; 0.0 0.0 0.0 0.24989493010267683 0.24989493010267677 0.24989493010267652 0.25031520969197; 0.0 0.0 0.0 0.251201482965085 0.25120148296508527 0.2512014829650847 0.24639555110474515; 0.0 0.0 0.0 0.0 0.0 0.0 0.0; 0.0 0.0 0.0 0.0 0.0 0.0 0.0; 0.0 0.0 0.0 0.24817580813871248 0.2481758081387127 0.24817580813871276 0.25547257558386216]
d: [0.14990749394139624, 0.14990749394139619, 0.14990749394139619]
comparison (CRT and Glb)on prediction: Dict{Bool, Int64}(0 => 54, 1 => 0)
Dataname	 time	 objv	 lb	 gap	 train_w	 train_g	 test_w	 test_g
/work_bgfs/n/navarrodelacruz/odt/optimal_decision_tree/augmented_datasets/glass/glass_953.glass	 31.57	 10.664378015983093	 N/A	 N/A	 63.462	 0.0	 61.111	 0.0
