Running 6 processes.
Start training /work_bgfs/n/navarrodelacruz/odt/optimal_decision_tree/augmented_datasets/glass/glass_848.glass with seed 1.
Any[]
(9, 210)
(9, 104)
(9, 52)
(9, 54)
dimension: 9, class: 6
cart cost: 148.55
size of X: (9, 156)
Using method: Global linear DT optimization
Version identifier: 20.1.0.0 | 2020-11-10 | 9bedb6d68
CPXPARAM_Threads                                 1
CPXPARAM_TimeLimit                               1728000
Tried aggregator 1 time.
No LP presolve or aggregator reductions.
Presolve time = 0.01 sec. (4.44 ticks)
Initializing dual steep norms . . .

Iteration log . . .
Iteration:     1   Dual objective     =             0.000000
Perturbation started.
Iteration:    51   Dual objective     =             0.000000
Iteration:   159   Dual objective     =             0.000022
Iteration:   276   Dual objective     =             0.006448
Iteration:   405   Dual objective     =             0.018400
Iteration:   522   Dual objective     =             0.024588
Iteration:   642   Dual objective     =             0.045959
Iteration:   788   Dual objective     =             0.057850
Iteration:   932   Dual objective     =             0.710772
Iteration:  1035   Dual objective     =             2.132412
Iteration:  1152   Dual objective     =             2.838805
Iteration:  1271   Dual objective     =             7.732273
Iteration:  1414   Dual objective     =            10.519490
Iteration:  1572   Dual objective     =            10.521866
Removing perturbation.
9×3 Matrix{Float64}:
 0.0  0.0  0.0
 0.0  0.0  0.0
 1.0  0.0  0.0
 0.0  0.0  1.0
 0.0  0.0  0.0
 0.0  0.0  0.0
 0.0  0.0  0.0
 0.0  1.0  0.0
 0.0  0.0  0.0
3-element Vector{Float64}:
 0.5828001646832044
 0.1414802875859764
 0.3510341204378126
6×7 Matrix{Float64}:
 0.0  0.0  0.0  0.0  0.0  1.0  0.0
 0.0  0.0  0.0  1.0  0.0  0.0  1.0
 0.0  0.0  0.0  0.0  0.0  0.0  0.0
 0.0  0.0  0.0  0.0  0.0  0.0  0.0
 0.0  0.0  0.0  0.0  0.0  0.0  0.0
 0.0  0.0  0.0  0.0  1.0  0.0  0.0
3-element Vector{Float64}:
 1.0
 1.0
 1.0
9×3 Matrix{Float64}:
 0.0        0.0        0.0
 0.0        0.0        0.0
 0.0        0.0        0.0
 0.0        0.0        0.0
 0.0        0.0        0.0
 0.0345922  0.0345922  0.0345922
 0.013073   0.013073   0.013073
 0.0978198  0.0978198  0.0978198
 0.0        0.0        0.0
3-element Vector{Float64}:
 0.14548496413959552
 0.1454849641395956
 0.14548496413959552
6×7 Matrix{Float64}:
 0.0  0.0  0.0  0.262032  0.262032  0.262032  0.213905
 0.0  0.0  0.0  0.271781  0.271781  0.271781  0.184658
 0.0  0.0  0.0  0.276126  0.276126  0.276126  0.171622
 0.0  0.0  0.0  0.0       0.0       0.0       0.0
 0.0  0.0  0.0  0.0       0.0       0.0       0.0
 0.0  0.0  0.0  0.190062  0.190062  0.190062  0.429815
3-element Vector{Float64}:
 0.14548496413959552
 0.1454849641395956
 0.14548496413959552
a: [0.0 0.0 0.0; 0.0 0.0 0.0; 0.0 0.0 0.0; 0.0 0.0 0.0; 0.0 0.0 0.0; 0.03459217756757485 0.034592177567575044 0.03459217756757465; 0.013073022549664415 0.013073022549664692 0.013073022549664704; 0.09781976402235626 0.09781976402235629 0.09781976402235593; 0.0 0.0 0.0]
b: [0.14548496413959552, 0.1454849641395956, 0.14548496413959552]
c: [0.0 0.0 0.0 0.26203178200745525 0.26203178200745525 0.26203178200745514 0.2139046539776343; 0.0 0.0 0.0 0.27178053032065275 0.27178053032065286 0.27178053032065264 0.18465840903804176; 0.0 0.0 0.0 0.2761259380554557 0.27612593805545527 0.2761259380554557 0.17162218583363342; 0.0 0.0 0.0 0.0 0.0 0.0 0.0; 0.0 0.0 0.0 0.0 0.0 0.0 0.0; 0.0 0.0 0.0 0.19006174961643627 0.19006174961643665 0.19006174961643657 0.4298147511506905]
d: [0.14548496413959552, 0.1454849641395956, 0.14548496413959552]
comparison (CRT and Glb)on prediction: Dict{Bool, Int64}(0 => 54, 1 => 0)
Dataname	 time	 objv	 lb	 gap	 train_w	 train_g	 test_w	 test_g
/work_bgfs/n/navarrodelacruz/odt/optimal_decision_tree/augmented_datasets/glass/glass_848.glass	 31.94	 10.521822744620971	 N/A	 N/A	 66.026	 0.0	 57.407	 0.0
