Running 6 processes.
Start training /work_bgfs/n/navarrodelacruz/odt/optimal_decision_tree/augmented_datasets/glass/glass_898.glass with seed 1.
Any[]
(9, 210)
(9, 103)
(9, 51)
(9, 56)
dimension: 9, class: 6
cart cost: 144.87972972972975
size of X: (9, 154)
Using method: Global linear DT optimization
Version identifier: 20.1.0.0 | 2020-11-10 | 9bedb6d68
CPXPARAM_Threads                                 1
CPXPARAM_TimeLimit                               1728000
Tried aggregator 1 time.
No LP presolve or aggregator reductions.
Presolve time = 0.01 sec. (4.36 ticks)
Initializing dual steep norms . . .

Iteration log . . .
Iteration:     1   Dual objective     =             0.000000
Perturbation started.
Iteration:    51   Dual objective     =             0.000000
Iteration:   199   Dual objective     =             0.000028
Iteration:   328   Dual objective     =             0.000053
Iteration:   453   Dual objective     =             0.016544
Iteration:   572   Dual objective     =             0.049076
Iteration:   693   Dual objective     =             0.051302
Iteration:   850   Dual objective     =             0.711090
Iteration:   996   Dual objective     =             1.436516
Iteration:  1113   Dual objective     =             1.469358
Iteration:  1244   Dual objective     =             1.469519
Iteration:  1380   Dual objective     =             4.274005
Iteration:  1508   Dual objective     =             8.525241
Iteration:  1636   Dual objective     =             9.246449
Iteration:  1783   Dual objective     =             9.946118
Iteration:  1915   Dual objective     =            10.656985
Iteration:  2045   Dual objective     =            10.664357
Removing perturbation.
Iteration:  2154   Scaled dual infeas =             0.000004
Iteration:  2156   Dual objective     =            10.664418
9×3 Matrix{Float64}:
 0.0  0.0  0.0
 0.0  0.0  0.0
 1.0  0.0  0.0
 0.0  0.0  0.0
 0.0  0.0  0.0
 0.0  0.0  0.0
 0.0  0.0  1.0
 0.0  1.0  0.0
 0.0  0.0  0.0
3-element Vector{Float64}:
 0.6322318178554658
 0.1334315503166678
 0.26817834061289125
6×7 Matrix{Float64}:
 0.0  0.0  0.0  0.0  0.0  0.0  1.0
 0.0  0.0  0.0  1.0  0.0  1.0  0.0
 0.0  0.0  0.0  0.0  0.0  0.0  0.0
 0.0  0.0  0.0  0.0  0.0  0.0  0.0
 0.0  0.0  0.0  0.0  0.0  0.0  0.0
 0.0  0.0  0.0  0.0  1.0  0.0  0.0
3-element Vector{Float64}:
 1.0
 1.0
 1.0
9×3 Matrix{Float64}:
 0.0          0.0          0.0
 0.00952798   0.00952798   0.00952798
 0.0179102    0.0179102    0.0179102
 0.0          0.0          0.0
 0.0219375    0.0219375    0.0219375
 0.0354314    0.0354314    0.0354314
 0.0467667    0.0467667    0.0467667
 0.0177538    0.0177538    0.0177538
 0.000844853  0.000844853  0.000844853
3-element Vector{Float64}:
 0.15017246432748182
 0.1501724643274819
 0.15017246432748196
6×7 Matrix{Float64}:
 0.0  0.0  0.0  0.250704  0.250704  0.250704  0.247887
 0.0  0.0  0.0  0.243968  0.243968  0.243968  0.268096
 0.0  0.0  0.0  0.251979  0.251979  0.251979  0.244062
 0.0  0.0  0.0  0.0       0.0       0.0       0.0
 0.0  0.0  0.0  0.0       0.0       0.0       0.0
 0.0  0.0  0.0  0.253348  0.253348  0.253348  0.239956
3-element Vector{Float64}:
 0.15017246432748182
 0.1501724643274819
 0.15017246432748196
a: [0.0 0.0 0.0; 0.009527979489878158 0.009527979489879407 0.009527979489878331; 0.017910159488644363 0.017910159488643874 0.017910159488644065; 0.0 0.0 0.0; 0.021937481824233114 0.021937481824232774 0.021937481824233062; 0.03543142362830537 0.035431423628304815 0.035431423628304884; 0.0467667372294234 0.04676673722942355 0.04676673722942428; 0.017753829887997098 0.01775382988799687 0.01775382988799733; 0.0008448527790003262 0.0008448527790008284 0.0008448527789999948]
b: [0.15017246432748182, 0.1501724643274819, 0.15017246432748196]
c: [0.0 0.0 0.0 0.25070432008372373 0.25070432008372345 0.25070432008372395 0.24788703974882897; 0.0 0.0 0.0 0.24396808021064037 0.2439680802106403 0.2439680802106402 0.26809575936807917; 0.0 0.0 0.0 0.2519794555899884 0.2519794555899884 0.2519794555899884 0.2440616332300348; 0.0 0.0 0.0 0.0 0.0 0.0 0.0; 0.0 0.0 0.0 0.0 0.0 0.0 0.0; 0.0 0.0 0.0 0.2533481441156476 0.2533481441156479 0.25334814411564743 0.23995556765305703]
d: [0.15017246432748182, 0.1501724643274819, 0.15017246432748196]
comparison (CRT and Glb)on prediction: Dict{Bool, Int64}(0 => 56, 1 => 0)
Dataname	 time	 objv	 lb	 gap	 train_w	 train_g	 test_w	 test_g
/work_bgfs/n/navarrodelacruz/odt/optimal_decision_tree/augmented_datasets/glass/glass_898.glass	 71.53	 10.664417761541012	 N/A	 N/A	 66.883	 0.0	 53.571	 0.0
