Running 6 processes.
Start training /work_bgfs/n/navarrodelacruz/odt/optimal_decision_tree/augmented_datasets/glass/glass_530.glass with seed 1.
Any[]
(9, 210)
(9, 103)
(9, 51)
(9, 56)
dimension: 9, class: 6
cart cost: 139.20405405405407
size of X: (9, 154)
Using method: Global linear DT optimization
Version identifier: 20.1.0.0 | 2020-11-10 | 9bedb6d68
CPXPARAM_Threads                                 1
CPXPARAM_TimeLimit                               1728000
Tried aggregator 1 time.
No LP presolve or aggregator reductions.
Presolve time = 0.01 sec. (4.39 ticks)
Initializing dual steep norms . . .

Iteration log . . .
Iteration:     1   Dual objective     =             0.000000
Perturbation started.
Iteration:    51   Dual objective     =             0.000000
Iteration:   226   Dual objective     =             0.000041
Iteration:   342   Dual objective     =             0.020787
Iteration:   472   Dual objective     =             0.026234
Iteration:   591   Dual objective     =             2.176832
Iteration:   708   Dual objective     =             2.863532
Iteration:   822   Dual objective     =             3.554172
Iteration:   973   Dual objective     =             3.567849
Iteration:  1105   Dual objective     =             7.641281
Iteration:  1227   Dual objective     =             9.241978
Iteration:  1347   Dual objective     =             9.970628
Iteration:  1488   Dual objective     =            10.662856
Removing perturbation.
9×3 Matrix{Float64}:
 0.0  0.0  0.0
 0.0  0.0  0.0
 1.0  0.0  0.0
 0.0  0.0  1.0
 0.0  0.0  0.0
 0.0  0.0  0.0
 0.0  0.0  0.0
 0.0  1.0  0.0
 0.0  0.0  0.0
3-element Vector{Float64}:
 0.5783794651390817
 0.13466771348731854
 0.35864164686490274
6×7 Matrix{Float64}:
 0.0  0.0  0.0  0.0  0.0  1.0  0.0
 0.0  0.0  0.0  1.0  0.0  0.0  1.0
 0.0  0.0  0.0  0.0  0.0  0.0  0.0
 0.0  0.0  0.0  0.0  0.0  0.0  0.0
 0.0  0.0  0.0  0.0  0.0  0.0  0.0
 0.0  0.0  0.0  0.0  1.0  0.0  0.0
3-element Vector{Float64}:
 1.0
 1.0
 1.0
9×3 Matrix{Float64}:
 0.0         0.0         0.0
 0.0         0.0         0.0
 0.0         0.0         0.0
 0.0         0.0         0.0
 0.0         0.0         0.0
 0.0367952   0.0367952   0.0367952
 0.0154843   0.0154843   0.0154843
 0.0891384   0.0891384   0.0891384
 0.00420499  0.00420499  0.00420499
3-element Vector{Float64}:
 0.1456229488635377
 0.14562294886353763
 0.1456229488635377
6×7 Matrix{Float64}:
 0.0  0.0  0.0  0.259762  0.259762  0.259762  0.220715
 0.0  0.0  0.0  0.268523  0.268523  0.268523  0.19443
 0.0  0.0  0.0  0.275865  0.275865  0.275865  0.172406
 0.0  0.0  0.0  0.0       0.0       0.0       0.0
 0.0  0.0  0.0  0.0       0.0       0.0       0.0
 0.0  0.0  0.0  0.195851  0.195851  0.195851  0.412448
3-element Vector{Float64}:
 0.1456229488635377
 0.14562294886353763
 0.1456229488635377
a: [0.0 0.0 0.0; 0.0 0.0 0.0; 0.0 0.0 0.0; 0.0 0.0 0.0; 0.0 0.0 0.0; 0.03679522620159731 0.03679522620159732 0.036795226201597316; 0.015484293375407207 0.015484293375407035 0.015484293375408215; 0.08913844118360195 0.08913844118360188 0.08913844118360194; 0.004204988102931281 0.004204988102931406 0.004204988102930199]
b: [0.1456229488635377, 0.14562294886353763, 0.1456229488635377]
c: [0.0 0.0 0.0 0.2597615265460765 0.2597615265460767 0.2597615265460766 0.2207154203617701; 0.0 0.0 0.0 0.26852327959728195 0.26852327959728195 0.2685232795972821 0.1944301612081541; 0.0 0.0 0.0 0.27586459819477127 0.2758645981947713 0.2758645981947712 0.17240620541568613; 0.0 0.0 0.0 0.0 0.0 0.0 0.0; 0.0 0.0 0.0 0.0 0.0 0.0 0.0; 0.0 0.0 0.0 0.1958505956618703 0.19585059566186996 0.19585059566187002 0.4124482130143897]
d: [0.1456229488635377, 0.14562294886353763, 0.1456229488635377]
comparison (CRT and Glb)on prediction: Dict{Bool, Int64}(0 => 56, 1 => 0)
Dataname	 time	 objv	 lb	 gap	 train_w	 train_g	 test_w	 test_g
/work_bgfs/n/navarrodelacruz/odt/optimal_decision_tree/augmented_datasets/glass/glass_530.glass	 33.35	 10.663735334221412	 N/A	 N/A	 68.182	 0.0	 46.429	 0.0
