Running 6 processes.
Start training /work_bgfs/n/navarrodelacruz/odt/optimal_decision_tree/augmented_datasets/glass/glass_501.glass with seed 1.
Any[]
(9, 210)
(9, 104)
(9, 52)
(9, 54)
dimension: 9, class: 6
cart cost: 152.1236842105263
size of X: (9, 156)
Using method: Global linear DT optimization
Version identifier: 20.1.0.0 | 2020-11-10 | 9bedb6d68
CPXPARAM_Threads                                 1
CPXPARAM_TimeLimit                               1728000
Tried aggregator 1 time.
No LP presolve or aggregator reductions.
Presolve time = 0.01 sec. (4.42 ticks)
Initializing dual steep norms . . .

Iteration log . . .
Iteration:     1   Dual objective     =             0.000000
Perturbation started.
Iteration:    51   Dual objective     =             0.000000
Iteration:   178   Dual objective     =             0.000022
Iteration:   345   Dual objective     =             0.005728
Iteration:   477   Dual objective     =             0.019627
Iteration:   613   Dual objective     =             1.404405
Iteration:   730   Dual objective     =             2.789102
Iteration:   864   Dual objective     =             3.479692
Iteration:   979   Dual objective     =             3.512897
Iteration:  1128   Dual objective     =             6.923491
Iteration:  1263   Dual objective     =             7.650573
Iteration:  1416   Dual objective     =             9.681854
Iteration:  1540   Dual objective     =            10.383909
Iteration:  1683   Dual objective     =            10.384396
Removing perturbation.
9×3 Matrix{Float64}:
 0.0  0.0  0.0
 0.0  0.0  0.0
 1.0  0.0  0.0
 0.0  0.0  0.0
 0.0  0.0  0.0
 0.0  0.0  0.0
 0.0  0.0  1.0
 0.0  1.0  0.0
 0.0  0.0  0.0
3-element Vector{Float64}:
 0.5656970794510188
 0.1363172556048075
 0.2639069910726464
6×7 Matrix{Float64}:
 0.0  0.0  0.0  0.0  0.0  0.0  1.0
 0.0  0.0  0.0  1.0  0.0  1.0  0.0
 0.0  0.0  0.0  0.0  0.0  0.0  0.0
 0.0  0.0  0.0  0.0  0.0  0.0  0.0
 0.0  0.0  0.0  0.0  0.0  0.0  0.0
 0.0  0.0  0.0  0.0  1.0  0.0  0.0
3-element Vector{Float64}:
 1.0
 1.0
 1.0
9×3 Matrix{Float64}:
 0.0         0.0         0.0
 0.0183596   0.0183596   0.0183596
 0.0174456   0.0174456   0.0174456
 0.0         0.0         0.0
 0.0214619   0.0214619   0.0214619
 0.0336754   0.0336754   0.0336754
 0.0415951   0.0415951   0.0415951
 0.0167205   0.0167205   0.0167205
 0.00082942  0.00082942  0.00082942
3-element Vector{Float64}:
 0.15008764398376878
 0.15008764398376878
 0.15008764398376878
6×7 Matrix{Float64}:
 0.0  0.0  0.0  0.250289  0.250289  0.250289  0.249132
 0.0  0.0  0.0  0.248474  0.248474  0.248474  0.254578
 0.0  0.0  0.0  0.250233  0.250233  0.250233  0.2493
 0.0  0.0  0.0  0.0       0.0       0.0       0.0
 0.0  0.0  0.0  0.0       0.0       0.0       0.0
 0.0  0.0  0.0  0.251003  0.251003  0.251003  0.24699
3-element Vector{Float64}:
 0.15008764398376878
 0.15008764398376878
 0.15008764398376878
a: [0.0 0.0 0.0; 0.01835962700919767 0.01835962700919783 0.018359627009199353; 0.017445586798986203 0.017445586798986168 0.017445586798985682; 0.0 0.0 0.0; 0.021461940683080227 0.02146194068307996 0.02146194068308081; 0.033675392792214105 0.033675392792214126 0.03367539279221336; 0.041595132013398727 0.04159513201339852 0.04159513201339792; 0.01672054450757798 0.01672054450757798 0.016720544507577026; 0.0008294201793138823 0.0008294201793140905 0.0008294201793144496]
b: [0.15008764398376878, 0.15008764398376878, 0.15008764398376878]
c: [0.0 0.0 0.0 0.2502892840809532 0.25028928408095374 0.25028928408095324 0.24913214775713943; 0.0 0.0 0.0 0.2484740443642709 0.2484740443642705 0.24847404436427178 0.25457786690718726; 0.0 0.0 0.0 0.2502334378112846 0.25023343781128454 0.2502334378112839 0.24929968656614704; 0.0 0.0 0.0 0.0 0.0 0.0 0.0; 0.0 0.0 0.0 0.0 0.0 0.0 0.0; 0.0 0.0 0.0 0.2510032337434913 0.2510032337434912 0.25100323374349115 0.24699029876952633]
d: [0.15008764398376878, 0.15008764398376878, 0.15008764398376878]
comparison (CRT and Glb)on prediction: Dict{Bool, Int64}(0 => 54, 1 => 0)
Dataname	 time	 objv	 lb	 gap	 train_w	 train_g	 test_w	 test_g
/work_bgfs/n/navarrodelacruz/odt/optimal_decision_tree/augmented_datasets/glass/glass_501.glass	 30.91	 10.38435525186073	 N/A	 N/A	 64.744	 0.0	 51.852	 0.0
