Running 6 processes.
Start training /work_bgfs/n/navarrodelacruz/odt/optimal_decision_tree/augmented_datasets/glass/glass_459.glass with seed 1.
Any[]
(9, 210)
(9, 103)
(9, 51)
(9, 56)
dimension: 9, class: 6
cart cost: 136.36621621621623
size of X: (9, 154)
Using method: Global linear DT optimization
Version identifier: 20.1.0.0 | 2020-11-10 | 9bedb6d68
CPXPARAM_Threads                                 1
CPXPARAM_TimeLimit                               1728000
Tried aggregator 1 time.
No LP presolve or aggregator reductions.
Presolve time = 0.01 sec. (4.35 ticks)
Initializing dual steep norms . . .

Iteration log . . .
Iteration:     1   Dual objective     =             0.000000
Perturbation started.
Iteration:    51   Dual objective     =             0.000000
Iteration:   223   Dual objective     =             0.000033
Iteration:   345   Dual objective     =             0.015363
Iteration:   458   Dual objective     =             0.026634
Iteration:   594   Dual objective     =             0.062897
Iteration:   705   Dual objective     =             1.461965
Iteration:   800   Dual objective     =             1.469592
Iteration:   916   Dual objective     =             2.128648
Iteration:  1049   Dual objective     =             2.147328
Iteration:  1158   Dual objective     =             2.876579
Iteration:  1279   Dual objective     =             7.126761
Iteration:  1426   Dual objective     =             8.526464
Iteration:  1555   Dual objective     =             9.242010
Iteration:  1698   Dual objective     =             9.934103
Iteration:  1834   Dual objective     =             9.952359
Iteration:  1952   Dual objective     =            10.664252
Iteration:  2080   Dual objective     =            10.664338
Removing perturbation.
9×3 Matrix{Float64}:
 0.0  0.0  0.0
 0.0  0.0  0.0
 1.0  0.0  0.0
 0.0  0.0  0.0
 0.0  0.0  0.0
 0.0  0.0  0.0
 0.0  0.0  1.0
 0.0  1.0  0.0
 0.0  0.0  0.0
3-element Vector{Float64}:
 0.7322473520506627
 0.13068848179409764
 0.24113696367544385
6×7 Matrix{Float64}:
 0.0  0.0  0.0  0.0  0.0  0.0  1.0
 0.0  0.0  0.0  1.0  0.0  1.0  0.0
 0.0  0.0  0.0  0.0  0.0  0.0  0.0
 0.0  0.0  0.0  0.0  0.0  0.0  0.0
 0.0  0.0  0.0  0.0  0.0  0.0  0.0
 0.0  0.0  0.0  0.0  1.0  0.0  0.0
3-element Vector{Float64}:
 1.0
 1.0
 1.0
9×3 Matrix{Float64}:
 0.0         0.0         0.0
 0.0158994   0.0158994   0.0158994
 0.0169025   0.0169025   0.0169025
 0.0         0.0         0.0
 0.018119    0.018119    0.018119
 0.0344576   0.0344576   0.0344576
 0.046001    0.046001    0.046001
 0.0164018   0.0164018   0.0164018
 0.00187061  0.00187061  0.00187061
3-element Vector{Float64}:
 0.14965185680993967
 0.14965185680993967
 0.14965185680993962
6×7 Matrix{Float64}:
 0.0  0.0  0.0  0.250265  0.250265  0.250265  0.249204
 0.0  0.0  0.0  0.244713  0.244713  0.244713  0.26586
 0.0  0.0  0.0  0.252016  0.252016  0.252016  0.243952
 0.0  0.0  0.0  0.0       0.0       0.0       0.0
 0.0  0.0  0.0  0.0       0.0       0.0       0.0
 0.0  0.0  0.0  0.253006  0.253006  0.253006  0.240983
3-element Vector{Float64}:
 0.14965185680993967
 0.14965185680993967
 0.14965185680993962
a: [0.0 0.0 0.0; 0.015899404919756513 0.015899404919757013 0.015899404919756527; 0.01690248482100542 0.016902484821005287 0.01690248482100536; 0.0 0.0 0.0; 0.0181189894698962 0.0181189894698961 0.01811898946989625; 0.03445762426733761 0.03445762426733748 0.034457624267337526; 0.04600096037933047 0.046000960379330325 0.046000960379330186; 0.016401787073602864 0.016401787073602833 0.01640178707360282; 0.0018706058790109899 0.0018706058790109205 0.0018706058790109396]
b: [0.14965185680993967, 0.14965185680993967, 0.14965185680993962]
c: [0.0 0.0 0.0 0.2502652355953867 0.2502652355953867 0.25026523559538705 0.2492042932138395; 0.0 0.0 0.0 0.24471331152321296 0.2447133115232128 0.24471331152321252 0.2658600654303618; 0.0 0.0 0.0 0.25201592100292713 0.25201592100292736 0.25201592100292725 0.24395223699121826; 0.0 0.0 0.0 0.0 0.0 0.0 0.0; 0.0 0.0 0.0 0.0 0.0 0.0 0.0; 0.0 0.0 0.0 0.2530055318784732 0.25300553187847324 0.2530055318784732 0.24098340436458046]
d: [0.14965185680993967, 0.14965185680993967, 0.14965185680993962]
comparison (CRT and Glb)on prediction: Dict{Bool, Int64}(0 => 56, 1 => 0)
Dataname	 time	 objv	 lb	 gap	 train_w	 train_g	 test_w	 test_g
/work_bgfs/n/navarrodelacruz/odt/optimal_decision_tree/augmented_datasets/glass/glass_459.glass	 31.15	 10.664339670413368	 N/A	 N/A	 68.831	 0.0	 57.143	 0.0
