Running 6 processes.
Start training /work_bgfs/n/navarrodelacruz/odt/optimal_decision_tree/augmented_datasets/glass/glass_348.glass with seed 1.
Any[]
(9, 210)
(9, 104)
(9, 52)
(9, 54)
dimension: 9, class: 6
cart cost: 148.55
size of X: (9, 156)
Using method: Global linear DT optimization
Version identifier: 20.1.0.0 | 2020-11-10 | 9bedb6d68
CPXPARAM_Threads                                 1
CPXPARAM_TimeLimit                               1728000
Tried aggregator 1 time.
No LP presolve or aggregator reductions.
Presolve time = 0.01 sec. (4.32 ticks)
Initializing dual steep norms . . .

Iteration log . . .
Iteration:     1   Dual objective     =             0.000000
Perturbation started.
Iteration:    51   Dual objective     =             0.000000
Iteration:   248   Dual objective     =             0.000042
Iteration:   386   Dual objective     =             0.017032
Iteration:   520   Dual objective     =             0.021263
Iteration:   665   Dual objective     =             0.027787
Iteration:   787   Dual objective     =             0.051455
Iteration:   928   Dual objective     =             0.076888
Iteration:  1079   Dual objective     =             1.400004
Iteration:  1209   Dual objective     =             1.415938
Iteration:  1335   Dual objective     =             4.942851
Iteration:  1478   Dual objective     =             6.300019
Iteration:  1616   Dual objective     =             7.721543
Iteration:  1731   Dual objective     =            10.521495
Iteration:  1855   Dual objective     =            10.522285
Removing perturbation.
9×3 Matrix{Float64}:
 0.0  0.0  0.0
 0.0  0.0  0.0
 1.0  0.0  0.0
 0.0  0.0  0.0
 0.0  0.0  0.0
 0.0  0.0  0.0
 0.0  0.0  1.0
 0.0  1.0  0.0
 0.0  0.0  0.0
3-element Vector{Float64}:
 0.6332962492133509
 0.1684862756407042
 0.2675227995165708
6×7 Matrix{Float64}:
 0.0  0.0  0.0  0.0  0.0  0.0  1.0
 0.0  0.0  0.0  1.0  0.0  1.0  0.0
 0.0  0.0  0.0  0.0  0.0  0.0  0.0
 0.0  0.0  0.0  0.0  0.0  0.0  0.0
 0.0  0.0  0.0  0.0  0.0  0.0  0.0
 0.0  0.0  0.0  0.0  1.0  0.0  0.0
3-element Vector{Float64}:
 1.0
 1.0
 1.0
9×3 Matrix{Float64}:
 0.0         0.0         0.0
 0.0         0.0         0.0
 0.0         0.0         0.0
 0.0         0.0         0.0
 0.0143036   0.0143036   0.0143036
 0.0350429   0.0350429   0.0350429
 0.0494735   0.0494735   0.0494735
 0.0473479   0.0473479   0.0473479
 0.00255738  0.00255738  0.00255738
3-element Vector{Float64}:
 0.14872534707284463
 0.14872534707284468
 0.14872534707284463
6×7 Matrix{Float64}:
 0.0  0.0  0.0  0.262886  0.262886  0.262886  0.211342
 0.0  0.0  0.0  0.241695  0.241695  0.241695  0.274915
 0.0  0.0  0.0  0.266837  0.266837  0.266837  0.199489
 0.0  0.0  0.0  0.0       0.0       0.0       0.0
 0.0  0.0  0.0  0.0       0.0       0.0       0.0
 0.0  0.0  0.0  0.228582  0.228582  0.228582  0.314254
3-element Vector{Float64}:
 0.14872534707284463
 0.14872534707284468
 0.14872534707284463
a: [0.0 0.0 0.0; 0.0 0.0 0.0; 0.0 0.0 0.0; 0.0 0.0 0.0; 0.014303608695428746 0.01430360869542856 0.014303608695428516; 0.03504294699154367 0.035042946991543665 0.03504294699154367; 0.04947348797500935 0.049473487975009535 0.04947348797500931; 0.04734792083413989 0.04734792083413978 0.047347920834139925; 0.0025573825767230274 0.0025573825767230968 0.0025573825767231245]
b: [0.14872534707284463, 0.14872534707284468, 0.14872534707284463]
c: [0.0 0.0 0.0 0.26288608118662415 0.2628860811866241 0.26288608118662393 0.21134175644012776; 0.0 0.0 0.0 0.2416948762750351 0.2416948762750353 0.2416948762750355 0.2749153711748941; 0.0 0.0 0.0 0.26683703011834614 0.26683703011834614 0.26683703011834614 0.19948890964496163; 0.0 0.0 0.0 0.0 0.0 0.0 0.0; 0.0 0.0 0.0 0.0 0.0 0.0 0.0; 0.0 0.0 0.0 0.2285820124199946 0.22858201241999457 0.22858201241999443 0.3142539627400164]
d: [0.14872534707284463, 0.14872534707284468, 0.14872534707284463]
comparison (CRT and Glb)on prediction: Dict{Bool, Int64}(0 => 54, 1 => 0)
Dataname	 time	 objv	 lb	 gap	 train_w	 train_g	 test_w	 test_g
/work_bgfs/n/navarrodelacruz/odt/optimal_decision_tree/augmented_datasets/glass/glass_348.glass	 27.1	 10.522308802060955	 N/A	 N/A	 66.026	 0.0	 57.407	 0.0
