Running 6 processes.
Start training /work_bgfs/n/navarrodelacruz/odt/optimal_decision_tree/augmented_datasets/glass/glass_340.glass with seed 1.
Any[]
(9, 210)
(9, 103)
(9, 51)
(9, 56)
dimension: 9, class: 6
cart cost: 136.36621621621623
size of X: (9, 154)
Using method: Global linear DT optimization
Version identifier: 20.1.0.0 | 2020-11-10 | 9bedb6d68
CPXPARAM_Threads                                 1
CPXPARAM_TimeLimit                               1728000
Tried aggregator 1 time.
No LP presolve or aggregator reductions.
Presolve time = 0.01 sec. (4.24 ticks)
Initializing dual steep norms . . .

Iteration log . . .
Iteration:     1   Dual objective     =             0.000000
Perturbation started.
Iteration:    51   Dual objective     =             0.000000
Iteration:   165   Dual objective     =             0.000022
Iteration:   293   Dual objective     =             0.008942
Iteration:   451   Dual objective     =             0.015817
Iteration:   577   Dual objective     =             0.023798
Iteration:   709   Dual objective     =             0.030884
Iteration:   846   Dual objective     =             0.051273
Iteration:   996   Dual objective     =             0.735492
Iteration:  1124   Dual objective     =             1.891897
Iteration:  1246   Dual objective     =             2.877602
Iteration:  1405   Dual objective     =             2.895728
Iteration:  1545   Dual objective     =             4.280943
Iteration:  1669   Dual objective     =             4.308429
Iteration:  1808   Dual objective     =             5.732377
Iteration:  1974   Dual objective     =             7.839198
Iteration:  2106   Dual objective     =             8.551296
Iteration:  2258   Dual objective     =             9.971838
Iteration:  2411   Dual objective     =            10.663307
Iteration:  2538   Dual objective     =            10.664444
Removing perturbation.
Iteration:  2673   Scaled dual infeas =             0.000002
Iteration:  2675   Dual objective     =            10.664416
9×3 Matrix{Float64}:
 0.0  0.0  0.0
 0.0  0.0  0.0
 1.0  0.0  0.0
 0.0  0.0  1.0
 0.0  0.0  0.0
 0.0  0.0  0.0
 0.0  0.0  0.0
 0.0  1.0  0.0
 0.0  0.0  0.0
3-element Vector{Float64}:
 0.5983571149098652
 0.14370877234950377
 0.3491380983300856
6×7 Matrix{Float64}:
 0.0  0.0  0.0  0.0  0.0  1.0  0.0
 0.0  0.0  0.0  1.0  0.0  0.0  1.0
 0.0  0.0  0.0  0.0  0.0  0.0  0.0
 0.0  0.0  0.0  0.0  0.0  0.0  0.0
 0.0  0.0  0.0  0.0  0.0  0.0  0.0
 0.0  0.0  0.0  0.0  1.0  0.0  0.0
3-element Vector{Float64}:
 1.0
 1.0
 1.0
9×3 Matrix{Float64}:
 0.0         0.0         0.0
 0.0078031   0.0078031   0.0078031
 0.0177018   0.0177018   0.0177018
 0.0         0.0         0.0
 0.0218654   0.0218654   0.0218654
 0.0354246   0.0354246   0.0354246
 0.0454871   0.0454871   0.0454871
 0.0158806   0.0158806   0.0158806
 0.00600649  0.00600649  0.00600649
3-element Vector{Float64}:
 0.15016918401173984
 0.15016918401173976
 0.15016918401173984
6×7 Matrix{Float64}:
 0.0  0.0  0.0  0.249215  0.249215  0.249215  0.252354
 0.0  0.0  0.0  0.243356  0.243356  0.243356  0.269933
 0.0  0.0  0.0  0.25289   0.25289   0.25289   0.24133
 0.0  0.0  0.0  0.0       0.0       0.0       0.0
 0.0  0.0  0.0  0.0       0.0       0.0       0.0
 0.0  0.0  0.0  0.254539  0.254539  0.254539  0.236382
3-element Vector{Float64}:
 0.15016918401173984
 0.15016918401173976
 0.15016918401173984
a: [0.0 0.0 0.0; 0.007803099817975107 0.007803099817973795 0.007803099817974359; 0.01770184256833869 0.017701842568339066 0.01770184256833967; 0.0 0.0 0.0; 0.021865403281248367 0.02186540328124929 0.021865403281249158; 0.03542463881626936 0.03542463881626965 0.03542463881626981; 0.04548711413928147 0.04548711413928087 0.04548711413928063; 0.01588059083566294 0.015880590835663202 0.015880590835663136; 0.0060064945529641955 0.0060064945529635615 0.006006494552963213]
b: [0.15016918401173984, 0.15016918401173976, 0.15016918401173984]
c: [0.0 0.0 0.0 0.24921526305426311 0.24921526305426422 0.2492152630542629 0.2523542108372099; 0.0 0.0 0.0 0.2433555004689173 0.24335550046891696 0.2433555004689179 0.2699334985932479; 0.0 0.0 0.0 0.25288998977844357 0.25288998977844296 0.25288998977844324 0.24133003066467018; 0.0 0.0 0.0 0.0 0.0 0.0 0.0; 0.0 0.0 0.0 0.0 0.0 0.0 0.0; 0.0 0.0 0.0 0.254539246698376 0.2545392466983759 0.254539246698376 0.23638225990487205]
d: [0.15016918401173984, 0.15016918401173976, 0.15016918401173984]
comparison (CRT and Glb)on prediction: Dict{Bool, Int64}(0 => 56, 1 => 0)
Dataname	 time	 objv	 lb	 gap	 train_w	 train_g	 test_w	 test_g
/work_bgfs/n/navarrodelacruz/odt/optimal_decision_tree/augmented_datasets/glass/glass_340.glass	 62.73	 10.664417269493654	 N/A	 N/A	 68.831	 0.0	 53.571	 0.0
