Running 6 processes.
Start training /work_bgfs/n/navarrodelacruz/odt/optimal_decision_tree/augmented_datasets/glass/glass_383.glass with seed 1.
Any[]
(9, 210)
(9, 103)
(9, 51)
(9, 56)
dimension: 9, class: 6
cart cost: 139.20405405405407
size of X: (9, 154)
Using method: Global linear DT optimization
Version identifier: 20.1.0.0 | 2020-11-10 | 9bedb6d68
CPXPARAM_Threads                                 1
CPXPARAM_TimeLimit                               1728000
Tried aggregator 1 time.
No LP presolve or aggregator reductions.
Presolve time = 0.01 sec. (4.26 ticks)
Initializing dual steep norms . . .

Iteration log . . .
Iteration:     1   Dual objective     =             0.000000
Perturbation started.
Iteration:    51   Dual objective     =             0.000000
Iteration:   246   Dual objective     =             0.000040
Iteration:   365   Dual objective     =             0.019445
Iteration:   517   Dual objective     =             2.142274
Iteration:   629   Dual objective     =             3.604410
Iteration:   748   Dual objective     =             4.278317
Iteration:   915   Dual objective     =             8.546223
Iteration:  1064   Dual objective     =             9.953941
Iteration:  1206   Dual objective     =            10.664105
Removing perturbation.
9×3 Matrix{Float64}:
 0.0  0.0  0.0
 0.0  0.0  0.0
 1.0  0.0  0.0
 0.0  0.0  1.0
 0.0  0.0  0.0
 0.0  0.0  0.0
 0.0  0.0  0.0
 0.0  1.0  0.0
 0.0  0.0  0.0
3-element Vector{Float64}:
 0.5995733223844459
 0.15078860302884342
 0.3564927555386965
6×7 Matrix{Float64}:
 0.0  0.0  0.0  0.0  0.0  1.0  0.0
 0.0  0.0  0.0  1.0  0.0  0.0  1.0
 0.0  0.0  0.0  0.0  0.0  0.0  0.0
 0.0  0.0  0.0  0.0  0.0  0.0  0.0
 0.0  0.0  0.0  0.0  0.0  0.0  0.0
 0.0  0.0  0.0  0.0  1.0  0.0  0.0
3-element Vector{Float64}:
 1.0
 1.0
 1.0
9×3 Matrix{Float64}:
 0.0         0.0         0.0
 0.0         0.0         0.0
 0.0         0.0         0.0
 0.0         0.0         0.0
 0.0180754   0.0180754   0.0180754
 0.0340762   0.0340762   0.0340762
 0.0455423   0.0455423   0.0455423
 0.0418613   0.0418613   0.0418613
 0.00814271  0.00814271  0.00814271
3-element Vector{Float64}:
 0.14769792275960378
 0.14769792275960378
 0.1476979227596038
6×7 Matrix{Float64}:
 0.0  0.0  0.0  0.261015  0.261015  0.261015  0.216954
 0.0  0.0  0.0  0.240602  0.240602  0.240602  0.278193
 0.0  0.0  0.0  0.264785  0.264785  0.264785  0.205645
 0.0  0.0  0.0  0.0       0.0       0.0       0.0
 0.0  0.0  0.0  0.0       0.0       0.0       0.0
 0.0  0.0  0.0  0.233597  0.233597  0.233597  0.299208
3-element Vector{Float64}:
 0.14769792275960378
 0.14769792275960378
 0.1476979227596038
a: [0.0 0.0 0.0; 0.0 0.0 0.0; 0.0 0.0 0.0; 0.0 0.0 0.0; 0.018075403086183217 0.01807540308618306 0.018075403086183273; 0.03407617876638902 0.03407617876638902 0.0340761787663889; 0.04554228539697368 0.04554228539697375 0.04554228539697338; 0.0418613418994623 0.0418613418994624 0.04186134189946242; 0.008142713610595605 0.008142713610595542 0.008142713610595846]
b: [0.14769792275960378, 0.14769792275960378, 0.1476979227596038]
c: [0.0 0.0 0.0 0.2610152750371387 0.26101527503713917 0.2610152750371389 0.21695417488858315; 0.0 0.0 0.0 0.24060248502360465 0.24060248502360446 0.24060248502360476 0.27819254492918627; 0.0 0.0 0.0 0.26478500880977973 0.2647850088097796 0.26478500880977957 0.20564497357066117; 0.0 0.0 0.0 0.0 0.0 0.0 0.0; 0.0 0.0 0.0 0.0 0.0 0.0 0.0; 0.0 0.0 0.0 0.23359723112947717 0.23359723112947675 0.23359723112947672 0.2992083066115695]
d: [0.14769792275960378, 0.14769792275960378, 0.1476979227596038]
comparison (CRT and Glb)on prediction: Dict{Bool, Int64}(0 => 56, 1 => 0)
Dataname	 time	 objv	 lb	 gap	 train_w	 train_g	 test_w	 test_g
/work_bgfs/n/navarrodelacruz/odt/optimal_decision_tree/augmented_datasets/glass/glass_383.glass	 32.88	 10.664046580305836	 N/A	 N/A	 68.182	 0.0	 50.0	 0.0
