Running 6 processes.
Start training /work_bgfs/n/navarrodelacruz/odt/optimal_decision_tree/augmented_datasets/glass/glass_541.glass with seed 1.
Any[]
(9, 210)
(9, 103)
(9, 51)
(9, 56)
dimension: 9, class: 6
cart cost: 133.5283783783784
size of X: (9, 154)
Using method: Global linear DT optimization
Version identifier: 20.1.0.0 | 2020-11-10 | 9bedb6d68
CPXPARAM_Threads                                 1
CPXPARAM_TimeLimit                               1728000
Tried aggregator 1 time.
No LP presolve or aggregator reductions.
Presolve time = 0.01 sec. (4.23 ticks)
Initializing dual steep norms . . .

Iteration log . . .
Iteration:     1   Dual objective     =             0.000000
Perturbation started.
Iteration:    51   Dual objective     =             0.000000
Iteration:   232   Dual objective     =             0.000040
Iteration:   347   Dual objective     =             0.000068
Iteration:   499   Dual objective     =             0.022133
Iteration:   620   Dual objective     =             0.026294
Iteration:   754   Dual objective     =             0.037657
Iteration:   916   Dual objective     =             0.050598
Iteration:  1050   Dual objective     =             1.448068
Iteration:  1175   Dual objective     =             1.469080
Iteration:  1315   Dual objective     =             3.581765
Iteration:  1452   Dual objective     =             3.600389
Iteration:  1589   Dual objective     =             4.288334
Iteration:  1748   Dual objective     =             5.681048
Iteration:  1895   Dual objective     =             5.727942
Iteration:  2058   Dual objective     =             7.098206
Iteration:  2193   Dual objective     =             9.248287
Iteration:  2344   Dual objective     =             9.952714
Iteration:  2488   Dual objective     =            10.664225
Iteration:  2613   Dual objective     =            10.664443
Removing perturbation.
9×3 Matrix{Float64}:
 0.0  0.0  0.0
 0.0  0.0  0.0
 1.0  0.0  0.0
 0.0  0.0  1.0
 0.0  0.0  0.0
 0.0  0.0  0.0
 0.0  0.0  0.0
 0.0  1.0  0.0
 0.0  0.0  0.0
3-element Vector{Float64}:
 0.5983377514798408
 0.1521544498199294
 0.34085699022048255
6×7 Matrix{Float64}:
 0.0  0.0  0.0  0.0  0.0  1.0  0.0
 0.0  0.0  0.0  1.0  0.0  0.0  1.0
 0.0  0.0  0.0  0.0  0.0  0.0  0.0
 0.0  0.0  0.0  0.0  0.0  0.0  0.0
 0.0  0.0  0.0  0.0  0.0  0.0  0.0
 0.0  0.0  0.0  0.0  1.0  0.0  0.0
3-element Vector{Float64}:
 1.0
 1.0
 1.0
9×3 Matrix{Float64}:
 0.0         0.0         0.0
 0.0107086   0.0107086   0.0107086
 0.0185813   0.0185813   0.0185813
 0.0         0.0         0.0
 0.0216506   0.0216506   0.0216506
 0.0352638   0.0352638   0.0352638
 0.0425829   0.0425829   0.0425829
 0.0161571   0.0161571   0.0161571
 0.00522198  0.00522198  0.00522198
3-element Vector{Float64}:
 0.1501663706309611
 0.15016637063096086
 0.1501663706309611
6×7 Matrix{Float64}:
 0.0  0.0  0.0  0.249407  0.249407  0.249407  0.251778
 0.0  0.0  0.0  0.245699  0.245699  0.245699  0.262904
 0.0  0.0  0.0  0.25134   0.25134   0.25134   0.24598
 0.0  0.0  0.0  0.0       0.0       0.0       0.0
 0.0  0.0  0.0  0.0       0.0       0.0       0.0
 0.0  0.0  0.0  0.253554  0.253554  0.253554  0.239339
3-element Vector{Float64}:
 0.1501663706309611
 0.15016637063096086
 0.1501663706309611
a: [0.0 0.0 0.0; 0.01070862922113944 0.010708629221145405 0.010708629221153315; 0.01858129295667759 0.018581292956678826 0.018581292956673906; 0.0 0.0 0.0; 0.02165060184739609 0.021650601847391017 0.021650601847397984; 0.035263814475395776 0.035263814475394034 0.03526381447539122; 0.042582908785800004 0.04258290878580337 0.04258290878579871; 0.016157146241569165 0.016157146241568904 0.016157146241564044; 0.0052219771029831125 0.005221977102979329 0.005221977102982337]
b: [0.1501663706309611, 0.15016637063096086, 0.1501663706309611]
c: [0.0 0.0 0.0 0.24940735882485982 0.24940735882486043 0.24940735882485904 0.2517779235254188; 0.0 0.0 0.0 0.24569883046556956 0.24569883046556776 0.2456988304655749 0.26290350860328954; 0.0 0.0 0.0 0.25134014709748936 0.25134014709749075 0.25134014709748753 0.24597955870753252; 0.0 0.0 0.0 0.0 0.0 0.0 0.0; 0.0 0.0 0.0 0.0 0.0 0.0 0.0; 0.0 0.0 0.0 0.2535536636120812 0.2535536636120811 0.2535536636120786 0.23933900916375916]
d: [0.1501663706309611, 0.15016637063096086, 0.1501663706309611]
comparison (CRT and Glb)on prediction: Dict{Bool, Int64}(0 => 56, 1 => 0)
Dataname	 time	 objv	 lb	 gap	 train_w	 train_g	 test_w	 test_g
/work_bgfs/n/navarrodelacruz/odt/optimal_decision_tree/augmented_datasets/glass/glass_541.glass	 28.6	 10.664416847486518	 N/A	 N/A	 69.481	 0.0	 53.571	 0.0
