Running 6 processes.
Start training /work_bgfs/n/navarrodelacruz/odt/optimal_decision_tree/augmented_datasets/glass/glass_355.glass with seed 1.
Any[]
(9, 210)
(9, 104)
(9, 52)
(9, 54)
dimension: 9, class: 6
cart cost: 141.07105263157894
size of X: (9, 156)
Using method: Global linear DT optimization
Version identifier: 20.1.0.0 | 2020-11-10 | 9bedb6d68
CPXPARAM_Threads                                 1
CPXPARAM_TimeLimit                               1728000
Tried aggregator 1 time.
No LP presolve or aggregator reductions.
Presolve time = 0.01 sec. (4.41 ticks)
Initializing dual steep norms . . .

Iteration log . . .
Iteration:     1   Dual objective     =             0.000000
Perturbation started.
Iteration:    51   Dual objective     =             0.000000
Iteration:   195   Dual objective     =             0.000030
Iteration:   356   Dual objective     =             0.050524
Iteration:   479   Dual objective     =             0.050570
Iteration:   587   Dual objective     =             0.720334
Iteration:   708   Dual objective     =             0.741742
Iteration:   816   Dual objective     =             0.741748
Iteration:   942   Dual objective     =             2.085263
Iteration:  1074   Dual objective     =             5.541454
Iteration:  1196   Dual objective     =             8.294485
Iteration:  1322   Dual objective     =             8.306836
Iteration:  1448   Dual objective     =             8.324137
Iteration:  1606   Dual objective     =             8.997178
Iteration:  1745   Dual objective     =             9.013275
Iteration:  1912   Dual objective     =             9.671060
Iteration:  2045   Dual objective     =            10.382683
Iteration:  2187   Dual objective     =            10.384432
Removing perturbation.
Iteration:  2253   Scaled dual infeas =             0.000002
Iteration:  2255   Dual objective     =            10.384431
9×3 Matrix{Float64}:
 0.0  0.0  0.0
 0.0  0.0  0.0
 1.0  0.0  0.0
 0.0  0.0  1.0
 0.0  0.0  0.0
 0.0  0.0  0.0
 0.0  0.0  0.0
 0.0  1.0  0.0
 0.0  0.0  0.0
3-element Vector{Float64}:
 0.580293808977979
 0.16071486327706697
 0.30911300582619805
6×7 Matrix{Float64}:
 0.0  0.0  0.0  0.0  0.0  1.0  0.0
 0.0  0.0  0.0  1.0  0.0  0.0  1.0
 0.0  0.0  0.0  0.0  0.0  0.0  0.0
 0.0  0.0  0.0  0.0  0.0  0.0  0.0
 0.0  0.0  0.0  0.0  0.0  0.0  0.0
 0.0  0.0  0.0  0.0  1.0  0.0  0.0
3-element Vector{Float64}:
 1.0
 1.0
 1.0
9×3 Matrix{Float64}:
 0.0          0.0          0.0
 0.0148584    0.0148584    0.0148584
 0.0173389    0.0173389    0.0173389
 0.0          0.0          0.0
 0.0199459    0.0199459    0.0199459
 0.0339936    0.0339936    0.0339936
 0.0471106    0.0471106    0.0471106
 0.0165693    0.0165693    0.0165693
 0.000850382  0.000850382  0.000850382
3-element Vector{Float64}:
 0.15066716405679684
 0.15066716405679675
 0.15066716405679684
6×7 Matrix{Float64}:
 0.0  0.0  0.0  0.250379  0.250379  0.250379  0.248864
 0.0  0.0  0.0  0.24555   0.24555   0.24555   0.263349
 0.0  0.0  0.0  0.251027  0.251027  0.251027  0.246919
 0.0  0.0  0.0  0.0       0.0       0.0       0.0
 0.0  0.0  0.0  0.0       0.0       0.0       0.0
 0.0  0.0  0.0  0.253044  0.253044  0.253044  0.240868
3-element Vector{Float64}:
 0.15066716405679684
 0.15066716405679675
 0.15066716405679684
a: [0.0 0.0 0.0; 0.014858434341011348 0.014858434341017076 0.014858434341012982; 0.01733887124179706 0.01733887124179369 0.01733887124179148; 0.0 0.0 0.0; 0.019945894924542046 0.01994589492454036 0.01994589492453242; 0.0339936427063005 0.033993642706298566 0.033993642706299794; 0.04711064621445407 0.0471106462144587 0.04711064621446906; 0.016569292285728565 0.016569292285726154 0.016569292285728277; 0.0008503823429631676 0.0008503823429622094 0.0008503823429630193]
b: [0.15066716405679684, 0.15066716405679675, 0.15066716405679684]
c: [0.0 0.0 0.0 0.2503785032440242 0.2503785032440242 0.25037850324402616 0.24886449026792534; 0.0 0.0 0.0 0.24555035279439494 0.2455503527943951 0.245550352794385 0.2633489416168249; 0.0 0.0 0.0 0.2510270449277343 0.2510270449277343 0.25102704492773903 0.24691886521679235; 0.0 0.0 0.0 0.0 0.0 0.0 0.0; 0.0 0.0 0.0 0.0 0.0 0.0 0.0; 0.0 0.0 0.0 0.25304409903384645 0.25304409903384634 0.25304409903384983 0.24086770289845744]
d: [0.15066716405679684, 0.15066716405679675, 0.15066716405679684]
comparison (CRT and Glb)on prediction: Dict{Bool, Int64}(0 => 54, 1 => 0)
Dataname	 time	 objv	 lb	 gap	 train_w	 train_g	 test_w	 test_g
/work_bgfs/n/navarrodelacruz/odt/optimal_decision_tree/augmented_datasets/glass/glass_355.glass	 29.86	 10.384442179871682	 N/A	 N/A	 67.308	 0.0	 61.111	 0.0
