Running 6 processes.
Start training /work_bgfs/n/navarrodelacruz/odt/optimal_decision_tree/augmented_datasets/glass/glass_549.glass with seed 1.
Any[]
(9, 210)
(9, 104)
(9, 52)
(9, 54)
dimension: 9, class: 6
cart cost: 148.55
size of X: (9, 156)
Using method: Global linear DT optimization
Version identifier: 20.1.0.0 | 2020-11-10 | 9bedb6d68
CPXPARAM_Threads                                 1
CPXPARAM_TimeLimit                               1728000
Tried aggregator 1 time.
No LP presolve or aggregator reductions.
Presolve time = 0.01 sec. (4.32 ticks)
Initializing dual steep norms . . .

Iteration log . . .
Iteration:     1   Dual objective     =             0.000000
Perturbation started.
Iteration:    51   Dual objective     =             0.000000
Iteration:   184   Dual objective     =             0.000023
Iteration:   331   Dual objective     =             0.000060
Iteration:   494   Dual objective     =             0.016462
Iteration:   635   Dual objective     =             0.050166
Iteration:   778   Dual objective     =             0.725213
Iteration:   926   Dual objective     =             2.810698
Iteration:  1035   Dual objective     =             4.215099
Iteration:  1165   Dual objective     =             5.620103
Iteration:  1299   Dual objective     =             7.715377
Iteration:  1429   Dual objective     =             7.763230
Iteration:  1558   Dual objective     =            10.519159
Iteration:  1694   Dual objective     =            10.522424
Iteration:  1821   Dual objective     =            10.522592
Removing perturbation.
9×3 Matrix{Float64}:
 0.0  0.0  0.0
 0.0  0.0  0.0
 1.0  0.0  0.0
 0.0  0.0  1.0
 0.0  0.0  0.0
 0.0  0.0  0.0
 0.0  0.0  0.0
 0.0  1.0  0.0
 0.0  0.0  0.0
3-element Vector{Float64}:
 0.593742476129043
 0.12570575948106621
 0.32190254010006014
6×7 Matrix{Float64}:
 0.0  0.0  0.0  0.0  0.0  1.0  0.0
 0.0  0.0  0.0  1.0  0.0  0.0  1.0
 0.0  0.0  0.0  0.0  0.0  0.0  0.0
 0.0  0.0  0.0  0.0  0.0  0.0  0.0
 0.0  0.0  0.0  0.0  0.0  0.0  0.0
 0.0  0.0  0.0  0.0  1.0  0.0  0.0
3-element Vector{Float64}:
 1.0
 1.0
 1.0
9×3 Matrix{Float64}:
 0.0         0.0         0.0
 0.0         0.0         0.0
 0.020493    0.020493    0.020493
 0.0         0.0         0.0
 0.011949    0.011949    0.011949
 0.0392023   0.0392023   0.0392023
 0.0506946   0.0506946   0.0506946
 0.0231438   0.0231438   0.0231438
 0.00480758  0.00480758  0.00480758
3-element Vector{Float64}:
 0.1502903108229805
 0.1502903108229805
 0.1502903108229805
6×7 Matrix{Float64}:
 0.0  0.0  0.0  0.253329  0.253329  0.253329  0.240012
 0.0  0.0  0.0  0.23421   0.23421   0.23421   0.297369
 0.0  0.0  0.0  0.255843  0.255843  0.255843  0.232472
 0.0  0.0  0.0  0.0       0.0       0.0       0.0
 0.0  0.0  0.0  0.0       0.0       0.0       0.0
 0.0  0.0  0.0  0.256618  0.256618  0.256618  0.230147
3-element Vector{Float64}:
 0.1502903108229805
 0.1502903108229805
 0.1502903108229805
a: [0.0 0.0 0.0; 0.0 0.0 0.0; 0.020493041508758806 0.020493041508758497 0.020493041508758435; 0.0 0.0 0.0; 0.011949008764100483 0.011949008764100377 0.01194900876410093; 0.039202267075739525 0.039202267075739414 0.0392022670757394; 0.05069464340186542 0.05069464340186497 0.05069464340186468; 0.023143770793699066 0.023143770793698906 0.023143770793698566; 0.004807579278817198 0.004807579278818336 0.004807579278818128]
b: [0.1502903108229805, 0.1502903108229805, 0.1502903108229805]
c: [0.0 0.0 0.0 0.253329456034025 0.2533294560340255 0.2533294560340251 0.24001163189792418; 0.0 0.0 0.0 0.23421034836180532 0.23421034836180488 0.23421034836180568 0.29736895491458415; 0.0 0.0 0.0 0.25584267636649216 0.2558426763664918 0.2558426763664917 0.2324719709005245; 0.0 0.0 0.0 0.0 0.0 0.0 0.0; 0.0 0.0 0.0 0.0 0.0 0.0 0.0; 0.0 0.0 0.0 0.2566175192376775 0.25661751923767784 0.2566175192376775 0.23014744228696712]
d: [0.1502903108229805, 0.1502903108229805, 0.1502903108229805]
comparison (CRT and Glb)on prediction: Dict{Bool, Int64}(0 => 54, 1 => 0)
Dataname	 time	 objv	 lb	 gap	 train_w	 train_g	 test_w	 test_g
/work_bgfs/n/navarrodelacruz/odt/optimal_decision_tree/augmented_datasets/glass/glass_549.glass	 28.3	 10.52254354662347	 N/A	 N/A	 66.026	 0.0	 59.259	 0.0
