Running 6 processes.
Start training /work_bgfs/n/navarrodelacruz/odt/optimal_decision_tree/augmented_datasets/glass/glass_190.glass with seed 1.
Any[]
(9, 210)
(9, 102)
(9, 51)
(9, 57)
dimension: 9, class: 6
cart cost: 143.98561643835615
size of X: (9, 153)
Using method: Global linear DT optimization
Version identifier: 20.1.0.0 | 2020-11-10 | 9bedb6d68
CPXPARAM_Threads                                 1
CPXPARAM_TimeLimit                               1728000
Tried aggregator 1 time.
No LP presolve or aggregator reductions.
Presolve time = 0.01 sec. (4.22 ticks)
Initializing dual steep norms . . .

Iteration log . . .
Iteration:     1   Dual objective     =             0.000000
Perturbation started.
Iteration:    51   Dual objective     =             0.000000
Iteration:   194   Dual objective     =             0.000030
Iteration:   327   Dual objective     =             0.013681
Iteration:   471   Dual objective     =             0.020708
Iteration:   643   Dual objective     =             0.023205
Iteration:   777   Dual objective     =             0.029015
Iteration:   937   Dual objective     =             0.036408
Iteration:  1073   Dual objective     =             0.078722
Iteration:  1226   Dual objective     =             1.515342
Iteration:  1352   Dual objective     =             2.893795
Iteration:  1502   Dual objective     =             3.615211
Iteration:  1618   Dual objective     =             5.773897
Iteration:  1748   Dual objective     =             7.206198
Iteration:  1884   Dual objective     =             8.630164
Iteration:  2017   Dual objective     =             9.369039
Iteration:  2149   Dual objective     =            10.808741
Iteration:  2278   Dual objective     =            10.810202
Removing perturbation.
9×3 Matrix{Float64}:
 0.0  0.0  0.0
 0.0  1.0  0.0
 1.0  0.0  0.0
 0.0  0.0  0.0
 0.0  0.0  0.0
 0.0  0.0  0.0
 0.0  0.0  1.0
 0.0  0.0  0.0
 0.0  0.0  0.0
3-element Vector{Float64}:
 0.6180291874106922
 0.5004038929849366
 0.27852074235847984
6×7 Matrix{Float64}:
 0.0  0.0  0.0  0.0  0.0  0.0  1.0
 0.0  0.0  0.0  1.0  0.0  1.0  0.0
 0.0  0.0  0.0  0.0  0.0  0.0  0.0
 0.0  0.0  0.0  0.0  0.0  0.0  0.0
 0.0  0.0  0.0  0.0  0.0  0.0  0.0
 0.0  0.0  0.0  0.0  1.0  0.0  0.0
3-element Vector{Float64}:
 1.0
 1.0
 1.0
9×3 Matrix{Float64}:
 0.0         0.0         0.0
 0.012812    0.012812    0.012812
 0.0197839   0.0197839   0.0197839
 0.0         0.0         0.0
 0.021766    0.021766    0.021766
 0.0352436   0.0352436   0.0352436
 0.0408873   0.0408873   0.0408873
 0.0155268   0.0155268   0.0155268
 0.00403653  0.00403653  0.00403653
3-element Vector{Float64}:
 0.15005610062376193
 0.15005610062376187
 0.15005610062376187
6×7 Matrix{Float64}:
 0.0  0.0  0.0  0.248877  0.248877  0.248877  0.253368
 0.0  0.0  0.0  0.247812  0.247812  0.247812  0.256565
 0.0  0.0  0.0  0.25044   0.25044   0.25044   0.248679
 0.0  0.0  0.0  0.0       0.0       0.0       0.0
 0.0  0.0  0.0  0.0       0.0       0.0       0.0
 0.0  0.0  0.0  0.252871  0.252871  0.252871  0.241388
3-element Vector{Float64}:
 0.15005610062376193
 0.15005610062376187
 0.15005610062376187
a: [0.0 0.0 0.0; 0.012812006841029688 0.012812006841029643 0.012812006841029858; 0.019783920853541425 0.019783920853541085 0.01978392085354118; 0.0 0.0 0.0; 0.02176603305871094 0.021766033058711193 0.021766033058711165; 0.035243573716584424 0.035243573716584264 0.035243573716584264; 0.040887254569978174 0.04088725456997816 0.040887254569977965; 0.015526777795019528 0.015526777795019365 0.015526777795019361; 0.004036533788898119 0.004036533788898164 0.004036533788898122]
b: [0.15005610062376193, 0.15005610062376187, 0.15005610062376187]
c: [0.0 0.0 0.0 0.2488772815699613 0.24887728156996167 0.24887728156996167 0.25336815529011536; 0.0 0.0 0.0 0.24781180064040403 0.24781180064040423 0.24781180064040417 0.2565645980787875; 0.0 0.0 0.0 0.25044017842072286 0.25044017842072264 0.2504401784207228 0.24867946473783165; 0.0 0.0 0.0 0.0 0.0 0.0 0.0; 0.0 0.0 0.0 0.0 0.0 0.0 0.0; 0.0 0.0 0.0 0.2528707393689118 0.25287073936891147 0.2528707393689113 0.24138778189326543]
d: [0.15005610062376193, 0.15005610062376187, 0.15005610062376187]
comparison (CRT and Glb)on prediction: Dict{Bool, Int64}(0 => 57, 1 => 0)
Dataname	 time	 objv	 lb	 gap	 train_w	 train_g	 test_w	 test_g
/work_bgfs/n/navarrodelacruz/odt/optimal_decision_tree/augmented_datasets/glass/glass_190.glass	 27.36	 10.810179647970227	 N/A	 N/A	 67.32	 0.0	 50.877	 0.0
