Running 6 processes.
Start training /work_bgfs/n/navarrodelacruz/odt/optimal_decision_tree/augmented_datasets/glass/glass_111.glass with seed 1.
Any[]
(9, 210)
(9, 104)
(9, 52)
(9, 54)
dimension: 9, class: 6
cart cost: 156.94999999999996
size of X: (9, 156)
Using method: Global linear DT optimization
Version identifier: 20.1.0.0 | 2020-11-10 | 9bedb6d68
CPXPARAM_Threads                                 1
CPXPARAM_TimeLimit                               1728000
Tried aggregator 1 time.
No LP presolve or aggregator reductions.
Presolve time = 0.01 sec. (4.43 ticks)
Initializing dual steep norms . . .

Iteration log . . .
Iteration:     1   Dual objective     =             0.000000
Perturbation started.
Iteration:    51   Dual objective     =             0.000000
Iteration:   174   Dual objective     =             0.000023
Iteration:   335   Dual objective     =             0.017217
Iteration:   474   Dual objective     =             0.026260
Iteration:   580   Dual objective     =             0.727501
Iteration:   687   Dual objective     =             0.751121
Iteration:   810   Dual objective     =             1.427211
Iteration:   973   Dual objective     =             2.125029
Iteration:  1102   Dual objective     =             3.558179
Iteration:  1254   Dual objective     =             8.403054
Iteration:  1370   Dual objective     =             9.121693
Iteration:  1494   Dual objective     =            10.522451
Iteration:  1630   Dual objective     =            10.522579
Removing perturbation.
9×3 Matrix{Float64}:
 0.0  0.0  0.0
 0.0  0.0  0.0
 1.0  0.0  0.0
 0.0  0.0  0.0
 0.0  0.0  0.0
 0.0  0.0  0.0
 0.0  0.0  1.0
 0.0  1.0  0.0
 0.0  0.0  0.0
3-element Vector{Float64}:
 0.5786019967858507
 0.1496379450939051
 0.26540583937932577
6×7 Matrix{Float64}:
 0.0  0.0  0.0  0.0  0.0  0.0  1.0
 0.0  0.0  0.0  1.0  0.0  1.0  0.0
 0.0  0.0  0.0  0.0  0.0  0.0  0.0
 0.0  0.0  0.0  0.0  0.0  0.0  0.0
 0.0  0.0  0.0  0.0  0.0  0.0  0.0
 0.0  0.0  0.0  0.0  1.0  0.0  0.0
3-element Vector{Float64}:
 1.0
 1.0
 1.0
9×3 Matrix{Float64}:
 0.0         0.0         0.0
 0.0209779   0.0209779   0.0209779
 0.0152079   0.0152079   0.0152079
 0.0         0.0         0.0
 0.0231804   0.0231804   0.0231804
 0.0325556   0.0325556   0.0325556
 0.0368543   0.0368543   0.0368543
 0.0181053   0.0181053   0.0181053
 0.00337327  0.00337327  0.00337327
3-element Vector{Float64}:
 0.150254645275547
 0.150254645275547
 0.15025464527554697
6×7 Matrix{Float64}:
 0.0  0.0  0.0  0.251364  0.251364  0.251364  0.245909
 0.0  0.0  0.0  0.250331  0.250331  0.250331  0.249007
 0.0  0.0  0.0  0.251949  0.251949  0.251949  0.244152
 0.0  0.0  0.0  0.0       0.0       0.0       0.0
 0.0  0.0  0.0  0.0       0.0       0.0       0.0
 0.0  0.0  0.0  0.246356  0.246356  0.246356  0.260932
3-element Vector{Float64}:
 0.150254645275547
 0.150254645275547
 0.15025464527554697
a: [0.0 0.0 0.0; 0.020977886649927488 0.020977886649927037 0.020977886649927113; 0.015207935021186357 0.015207935021186942 0.015207935021186874; 0.0 0.0 0.0; 0.023180360153351922 0.02318036015335191 0.023180360153351676; 0.03255560598348199 0.03255560598348227 0.032555605983482186; 0.03685433319427389 0.03685433319427382 0.036854333194273926; 0.018105257029121215 0.018105257029121566 0.018105257029121333; 0.003373267244204073 0.0033732672442034067 0.0033732672442038395]
b: [0.150254645275547, 0.150254645275547, 0.15025464527554697]
c: [0.0 0.0 0.0 0.25136352814787183 0.25136352814787144 0.25136352814787144 0.24590941555638524; 0.0 0.0 0.0 0.2503309040735753 0.2503309040735753 0.25033090407357517 0.24900728777927428; 0.0 0.0 0.0 0.2519494852381936 0.2519494852381941 0.25194948523819394 0.2441515442854184; 0.0 0.0 0.0 0.0 0.0 0.0 0.0; 0.0 0.0 0.0 0.0 0.0 0.0 0.0; 0.0 0.0 0.0 0.2463560825403593 0.24635608254035923 0.2463560825403594 0.26093175237892213]
d: [0.150254645275547, 0.150254645275547, 0.15025464527554697]
comparison (CRT and Glb)on prediction: Dict{Bool, Int64}(0 => 54, 1 => 0)
Dataname	 time	 objv	 lb	 gap	 train_w	 train_g	 test_w	 test_g
/work_bgfs/n/navarrodelacruz/odt/optimal_decision_tree/augmented_datasets/glass/glass_111.glass	 31.74	 10.522538196791356	 N/A	 N/A	 64.103	 0.0	 61.111	 0.0
