Running 6 processes.
Start training /work_bgfs/n/navarrodelacruz/odt/optimal_decision_tree/augmented_datasets/glass/glass_403.glass with seed 1.
Any[]
(9, 210)
(9, 104)
(9, 52)
(9, 54)
dimension: 9, class: 6
cart cost: 145.75
size of X: (9, 156)
Using method: Global linear DT optimization
Version identifier: 20.1.0.0 | 2020-11-10 | 9bedb6d68
CPXPARAM_Threads                                 1
CPXPARAM_TimeLimit                               1728000
Tried aggregator 1 time.
No LP presolve or aggregator reductions.
Presolve time = 0.01 sec. (4.42 ticks)
Initializing dual steep norms . . .

Iteration log . . .
Iteration:     1   Dual objective     =             0.000000
Perturbation started.
Iteration:    51   Dual objective     =             0.000000
Iteration:   209   Dual objective     =             0.000030
Iteration:   369   Dual objective     =             0.002198
Iteration:   486   Dual objective     =             0.047308
Iteration:   615   Dual objective     =             0.737954
Iteration:   730   Dual objective     =             0.757224
Iteration:   858   Dual objective     =             0.757746
Iteration:   981   Dual objective     =             2.845787
Iteration:  1124   Dual objective     =             4.200043
Iteration:  1256   Dual objective     =             7.001729
Iteration:  1382   Dual objective     =             7.718224
Iteration:  1515   Dual objective     =             9.106861
Iteration:  1624   Dual objective     =            10.521422
Iteration:  1756   Dual objective     =            10.522542
Removing perturbation.
Iteration:  1825   Scaled dual infeas =             0.000004
Iteration:  1828   Dual objective     =            10.522510
9×3 Matrix{Float64}:
 0.0  0.0  0.0
 0.0  0.0  0.0
 1.0  0.0  0.0
 0.0  0.0  1.0
 0.0  0.0  0.0
 0.0  0.0  0.0
 0.0  0.0  0.0
 0.0  1.0  0.0
 0.0  0.0  0.0
3-element Vector{Float64}:
 0.603766603634862
 0.13676593982357685
 0.3885287355398407
6×7 Matrix{Float64}:
 0.0  0.0  0.0  0.0  0.0  1.0  0.0
 0.0  0.0  0.0  1.0  0.0  0.0  1.0
 0.0  0.0  0.0  0.0  0.0  0.0  0.0
 0.0  0.0  0.0  0.0  0.0  0.0  0.0
 0.0  0.0  0.0  0.0  0.0  0.0  0.0
 0.0  0.0  0.0  0.0  1.0  0.0  0.0
3-element Vector{Float64}:
 1.0
 1.0
 1.0
9×3 Matrix{Float64}:
 0.0         0.0         0.0
 0.0169928   0.0169928   0.0169928
 0.0164459   0.0164459   0.0164459
 0.0         0.0         0.0
 0.0170447   0.0170447   0.0170447
 0.0339948   0.0339948   0.0339948
 0.0474542   0.0474542   0.0474542
 0.0169958   0.0169958   0.0169958
 0.00114996  0.00114996  0.00114996
3-element Vector{Float64}:
 0.15007821717335804
 0.15007821717335795
 0.15007821717335804
6×7 Matrix{Float64}:
 0.0  0.0  0.0  0.250475  0.250475  0.250475  0.248575
 0.0  0.0  0.0  0.245002  0.245002  0.245002  0.264995
 0.0  0.0  0.0  0.251793  0.251793  0.251793  0.244621
 0.0  0.0  0.0  0.0       0.0       0.0       0.0
 0.0  0.0  0.0  0.0       0.0       0.0       0.0
 0.0  0.0  0.0  0.25273   0.25273   0.25273   0.241809
3-element Vector{Float64}:
 0.15007821717335804
 0.15007821717335795
 0.15007821717335804
a: [0.0 0.0 0.0; 0.016992814034809622 0.016992814034809043 0.01699281403480965; 0.016445889764530527 0.016445889764529875 0.016445889764530066; 0.0 0.0 0.0; 0.017044684463466908 0.0170446844634682 0.017044684463466877; 0.033994846447562496 0.03399484644756244 0.03399484644756237; 0.04745418312345373 0.04745418312345262 0.047454183123454084; 0.016995842075169187 0.016995842075169524 0.016995842075169063; 0.0011499572643657787 0.0011499572643662512 0.0011499572643659643]
b: [0.15007821717335804, 0.15007821717335795, 0.15007821717335804]
c: [0.0 0.0 0.0 0.2504750275188482 0.2504750275188484 0.2504750275188482 0.24857491744345528; 0.0 0.0 0.0 0.24500169269343125 0.24500169269343108 0.24500169269343094 0.2649949219197064; 0.0 0.0 0.0 0.2517930173736271 0.25179301737362714 0.25179301737362747 0.24462094787911837; 0.0 0.0 0.0 0.0 0.0 0.0 0.0; 0.0 0.0 0.0 0.0 0.0 0.0 0.0; 0.0 0.0 0.0 0.25273026241409335 0.25273026241409335 0.25273026241409335 0.24180921275771994]
d: [0.15007821717335804, 0.15007821717335795, 0.15007821717335804]
comparison (CRT and Glb)on prediction: Dict{Bool, Int64}(0 => 54, 1 => 0)
Dataname	 time	 objv	 lb	 gap	 train_w	 train_g	 test_w	 test_g
/work_bgfs/n/navarrodelacruz/odt/optimal_decision_tree/augmented_datasets/glass/glass_403.glass	 55.35	 10.522511732576024	 N/A	 N/A	 66.667	 0.0	 51.852	 0.0
