Running 6 processes.
Start training /work_bgfs/n/navarrodelacruz/odt/optimal_decision_tree/augmented_datasets/glass/glass_852.glass with seed 1.
Any[]
(9, 210)
(9, 103)
(9, 52)
(9, 55)
dimension: 9, class: 6
cart cost: 143.9856164383562
size of X: (9, 155)
Using method: Global linear DT optimization
Version identifier: 20.1.0.0 | 2020-11-10 | 9bedb6d68
CPXPARAM_Threads                                 1
CPXPARAM_TimeLimit                               1728000
Tried aggregator 1 time.
No LP presolve or aggregator reductions.
Presolve time = 0.01 sec. (4.39 ticks)
Initializing dual steep norms . . .

Iteration log . . .
Iteration:     1   Dual objective     =             0.000000
Perturbation started.
Iteration:    51   Dual objective     =             0.000000
Iteration:   183   Dual objective     =             0.000027
Iteration:   326   Dual objective     =             0.002073
Iteration:   463   Dual objective     =             0.014435
Iteration:   591   Dual objective     =             0.019796
Iteration:   753   Dual objective     =             0.026119
Iteration:   896   Dual objective     =             0.051470
Iteration:  1047   Dual objective     =             1.476348
Iteration:  1172   Dual objective     =             3.428373
Iteration:  1334   Dual objective     =             4.315017
Iteration:  1473   Dual objective     =             4.325206
Iteration:  1620   Dual objective     =             5.753445
Iteration:  1749   Dual objective     =             5.776074
Iteration:  1880   Dual objective     =             5.794025
Iteration:  1996   Dual objective     =             6.502535
Iteration:  2127   Dual objective     =             7.234292
Iteration:  2228   Dual objective     =             9.368581
Iteration:  2349   Dual objective     =             9.388130
Iteration:  2468   Dual objective     =            10.092159
Iteration:  2610   Dual objective     =            10.807667
Iteration:  2762   Dual objective     =            10.810119
Iteration:  2910   Dual objective     =            10.810268
Removing perturbation.
Iteration:  2959   Scaled dual infeas =             0.000193
Iteration:  2962   Dual objective     =            10.809857
9×3 Matrix{Float64}:
 0.0  0.0  0.0
 0.0  0.0  0.0
 1.0  0.0  0.0
 0.0  0.0  0.0
 0.0  0.0  0.0
 0.0  0.0  0.0
 0.0  0.0  1.0
 0.0  1.0  0.0
 0.0  0.0  0.0
3-element Vector{Float64}:
 0.7488369259114331
 0.1513930320466092
 0.28693949288504844
6×7 Matrix{Float64}:
 0.0  0.0  0.0  0.0  0.0  0.0  1.0
 0.0  0.0  0.0  1.0  0.0  1.0  0.0
 0.0  0.0  0.0  0.0  0.0  0.0  0.0
 0.0  0.0  0.0  0.0  0.0  0.0  0.0
 0.0  0.0  0.0  0.0  0.0  0.0  0.0
 0.0  0.0  0.0  0.0  1.0  0.0  0.0
3-element Vector{Float64}:
 1.0
 1.0
 1.0
9×3 Matrix{Float64}:
 0.0        0.0        0.0
 0.0169922  0.0169922  0.0169922
 0.0185218  0.0185218  0.0185218
 0.0        0.0        0.0
 0.0211482  0.0211482  0.0211482
 0.0349455  0.0349455  0.0349455
 0.0416185  0.0416185  0.0416185
 0.0171795  0.0171795  0.0171795
 0.0        0.0        0.0
3-element Vector{Float64}:
 0.15040575197490613
 0.15040575197490613
 0.15040575197490613
6×7 Matrix{Float64}:
 0.0  0.0  0.0  0.249375  0.249375  0.249375  0.251875
 0.0  0.0  0.0  0.248049  0.248049  0.248049  0.255853
 0.0  0.0  0.0  0.251077  0.251077  0.251077  0.24677
 0.0  0.0  0.0  0.0       0.0       0.0       0.0
 0.0  0.0  0.0  0.0       0.0       0.0       0.0
 0.0  0.0  0.0  0.251499  0.251499  0.251499  0.245502
3-element Vector{Float64}:
 0.15040575197490613
 0.15040575197490613
 0.15040575197490613
a: [0.0 0.0 0.0; 0.0169922237927113 0.01699222379271136 0.01699222379271058; 0.018521847636238195 0.01852184763623821 0.018521847636238063; 0.0 0.0 0.0; 0.02114820175098663 0.021148201750986667 0.021148201750986147; 0.03494550620712298 0.03494550620712297 0.034945506207123285; 0.041618451583226364 0.0416184515832263 0.04161845158322698; 0.017179521004620647 0.017179521004620616 0.017179521004620904; 0.0 0.0 0.0]
b: [0.15040575197490613, 0.15040575197490613, 0.15040575197490613]
c: [0.0 0.0 0.0 0.24937512573028953 0.24937512573028953 0.24937512573028991 0.25187462280913103; 0.0 0.0 0.0 0.24804904303623088 0.24804904303623088 0.24804904303623004 0.2558528708913082; 0.0 0.0 0.0 0.2510765304434822 0.2510765304434827 0.25107653044348266 0.2467704086695524; 0.0 0.0 0.0 0.0 0.0 0.0 0.0; 0.0 0.0 0.0 0.0 0.0 0.0 0.0; 0.0 0.0 0.0 0.2514993007899974 0.2514993007899969 0.2514993007899974 0.2455020976300084]
d: [0.15040575197490613, 0.15040575197490613, 0.15040575197490613]
comparison (CRT and Glb)on prediction: Dict{Bool, Int64}(0 => 55, 1 => 0)
Dataname	 time	 objv	 lb	 gap	 train_w	 train_g	 test_w	 test_g
/work_bgfs/n/navarrodelacruz/odt/optimal_decision_tree/augmented_datasets/glass/glass_852.glass	 27.72	 10.810232095672912	 N/A	 N/A	 67.742	 0.0	 54.545	 0.0
