Running 6 processes.
Start training /work_bgfs/n/navarrodelacruz/odt/optimal_decision_tree/augmented_datasets/glass/glass_977.glass with seed 1.
Any[]
(9, 210)
(9, 104)
(9, 52)
(9, 54)
dimension: 9, class: 6
cart cost: 145.75
size of X: (9, 156)
Using method: Global linear DT optimization
Version identifier: 20.1.0.0 | 2020-11-10 | 9bedb6d68
CPXPARAM_Threads                                 1
CPXPARAM_TimeLimit                               1728000
Tried aggregator 1 time.
No LP presolve or aggregator reductions.
Presolve time = 0.01 sec. (4.30 ticks)
Initializing dual steep norms . . .

Iteration log . . .
Iteration:     1   Dual objective     =             0.000000
Perturbation started.
Iteration:    51   Dual objective     =             0.000000
Iteration:   236   Dual objective     =             0.000040
Iteration:   397   Dual objective     =             0.012742
Iteration:   526   Dual objective     =             0.023623
Iteration:   656   Dual objective     =             0.032226
Iteration:   784   Dual objective     =             0.040048
Iteration:   923   Dual objective     =             0.758394
Iteration:  1076   Dual objective     =             1.412917
Iteration:  1225   Dual objective     =             2.807287
Iteration:  1358   Dual objective     =             3.888821
Iteration:  1493   Dual objective     =             5.614606
Iteration:  1633   Dual objective     =             7.505433
Iteration:  1756   Dual objective     =             9.838364
Iteration:  1898   Dual objective     =            10.521120
Removing perturbation.
9×3 Matrix{Float64}:
 0.0  0.0  0.0
 0.0  0.0  0.0
 1.0  0.0  0.0
 0.0  0.0  0.0
 0.0  0.0  0.0
 0.0  0.0  0.0
 0.0  0.0  1.0
 0.0  1.0  0.0
 0.0  0.0  0.0
3-element Vector{Float64}:
 0.5744922545624283
 0.1453523164672257
 0.26854156883571534
6×7 Matrix{Float64}:
 0.0  0.0  0.0  0.0  0.0  0.0  1.0
 0.0  0.0  0.0  1.0  0.0  1.0  0.0
 0.0  0.0  0.0  0.0  0.0  0.0  0.0
 0.0  0.0  0.0  0.0  0.0  0.0  0.0
 0.0  0.0  0.0  0.0  0.0  0.0  0.0
 0.0  0.0  0.0  0.0  1.0  0.0  0.0
3-element Vector{Float64}:
 1.0
 1.0
 1.0
9×3 Matrix{Float64}:
 0.0        0.0        0.0
 0.0        0.0        0.0
 0.0        0.0        0.0
 0.0        0.0        0.0
 0.0        0.0        0.0
 0.0340901  0.0340901  0.0340901
 0.0165995  0.0165995  0.0165995
 0.0945298  0.0945298  0.0945298
 0.0        0.0        0.0
3-element Vector{Float64}:
 0.14521942319093453
 0.14521942319093445
 0.14521942319093453
6×7 Matrix{Float64}:
 0.0  0.0  0.0  0.260809  0.260809  0.260809  0.217574
 0.0  0.0  0.0  0.267989  0.267989  0.267989  0.196033
 0.0  0.0  0.0  0.276203  0.276203  0.276203  0.17139
 0.0  0.0  0.0  0.0       0.0       0.0       0.0
 0.0  0.0  0.0  0.0       0.0       0.0       0.0
 0.0  0.0  0.0  0.194999  0.194999  0.194999  0.415003
3-element Vector{Float64}:
 0.14521942319093453
 0.14521942319093445
 0.14521942319093453
a: [0.0 0.0 0.0; 0.0 0.0 0.0; 0.0 0.0 0.0; 0.0 0.0 0.0; 0.0 0.0 0.0; 0.0340900946294398 0.03409009462943966 0.03409009462943984; 0.016599518092585336 0.01659951809258514 0.016599518092585284; 0.09452981046890942 0.09452981046890936 0.09452981046890915; 0.0 0.0 0.0]
b: [0.14521942319093453, 0.14521942319093445, 0.14521942319093453]
c: [0.0 0.0 0.0 0.26080860335790124 0.26080860335790085 0.26080860335790096 0.21757418992629704; 0.0 0.0 0.0 0.2679890890577915 0.26798908905779145 0.26798908905779145 0.19603273282662564; 0.0 0.0 0.0 0.27620328924073123 0.2762032892407313 0.27620328924073173 0.17139013227780578; 0.0 0.0 0.0 0.0 0.0 0.0 0.0; 0.0 0.0 0.0 0.0 0.0 0.0 0.0; 0.0 0.0 0.0 0.19499901834357602 0.19499901834357636 0.19499901834357597 0.4150029449692716]
d: [0.14521942319093453, 0.14521942319093445, 0.14521942319093453]
comparison (CRT and Glb)on prediction: Dict{Bool, Int64}(0 => 54, 1 => 0)
Dataname	 time	 objv	 lb	 gap	 train_w	 train_g	 test_w	 test_g
/work_bgfs/n/navarrodelacruz/odt/optimal_decision_tree/augmented_datasets/glass/glass_977.glass	 33.34	 10.521782913478663	 N/A	 N/A	 66.667	 0.0	 55.556	 0.0
