Running 6 processes.
Start training /work_bgfs/n/navarrodelacruz/odt/optimal_decision_tree/augmented_datasets/glass/glass_699.glass with seed 1.
Any[]
(9, 210)
(9, 104)
(9, 52)
(9, 54)
dimension: 9, class: 6
cart cost: 140.14999999999998
size of X: (9, 156)
Using method: Global linear DT optimization
Version identifier: 20.1.0.0 | 2020-11-10 | 9bedb6d68
CPXPARAM_Threads                                 1
CPXPARAM_TimeLimit                               1728000
Tried aggregator 1 time.
No LP presolve or aggregator reductions.
Presolve time = 0.01 sec. (4.41 ticks)
Initializing dual steep norms . . .

Iteration log . . .
Iteration:     1   Dual objective     =             0.000000
Perturbation started.
Iteration:    51   Dual objective     =             0.000000
Iteration:   234   Dual objective     =             0.000040
Iteration:   374   Dual objective     =             0.012742
Iteration:   502   Dual objective     =             0.020601
Iteration:   609   Dual objective     =             0.020737
Iteration:   750   Dual objective     =             0.034670
Iteration:   909   Dual objective     =             0.050950
Iteration:  1036   Dual objective     =             1.478329
Iteration:  1170   Dual objective     =             7.038458
Iteration:  1302   Dual objective     =             9.838684
Iteration:  1421   Dual objective     =            10.521749
Iteration:  1559   Dual objective     =            10.522277
Iteration:  1690   Dual objective     =            10.522479
Removing perturbation.
9×3 Matrix{Float64}:
 0.0  0.0  0.0
 0.0  0.0  0.0
 1.0  0.0  0.0
 0.0  0.0  1.0
 0.0  0.0  0.0
 0.0  0.0  0.0
 0.0  0.0  0.0
 0.0  1.0  0.0
 0.0  0.0  0.0
3-element Vector{Float64}:
 0.5942088340716477
 0.14793798793406854
 0.35270758465665736
6×7 Matrix{Float64}:
 0.0  0.0  0.0  0.0  0.0  1.0  0.0
 0.0  0.0  0.0  1.0  0.0  0.0  1.0
 0.0  0.0  0.0  0.0  0.0  0.0  0.0
 0.0  0.0  0.0  0.0  0.0  0.0  0.0
 0.0  0.0  0.0  0.0  0.0  0.0  0.0
 0.0  0.0  0.0  0.0  1.0  0.0  0.0
3-element Vector{Float64}:
 1.0
 1.0
 1.0
9×3 Matrix{Float64}:
 0.0        0.0        0.0
 0.0097723  0.0097723  0.0097723
 0.0177103  0.0177103  0.0177103
 0.0        0.0        0.0
 0.0230453  0.0230453  0.0230453
 0.0364627  0.0364627  0.0364627
 0.0442459  0.0442459  0.0442459
 0.0185725  0.0185725  0.0185725
 0.0        0.0        0.0
3-element Vector{Float64}:
 0.14980895431247482
 0.1498089543124747
 0.14980895431247482
6×7 Matrix{Float64}:
 0.0  0.0  0.0  0.250654  0.250654  0.250654  0.248039
 0.0  0.0  0.0  0.243998  0.243998  0.243998  0.268005
 0.0  0.0  0.0  0.252212  0.252212  0.252212  0.243364
 0.0  0.0  0.0  0.0       0.0       0.0       0.0
 0.0  0.0  0.0  0.0       0.0       0.0       0.0
 0.0  0.0  0.0  0.253136  0.253136  0.253136  0.240592
3-element Vector{Float64}:
 0.14980895431247482
 0.1498089543124747
 0.14980895431247482
a: [0.0 0.0 0.0; 0.0097723040566743 0.009772304056671913 0.009772304056672135; 0.017710290412777323 0.017710290412778183 0.01771029041277649; 0.0 0.0 0.0; 0.023045259707269564 0.02304525970727067 0.023045259707269825; 0.036462710918973136 0.036462710918973976 0.036462710918974045; 0.04424592185555888 0.044245921855558056 0.044245921855560616; 0.018572467361221638 0.01857246736122191 0.01857246736122173; 0.0 0.0 0.0]
b: [0.14980895431247482, 0.1498089543124747, 0.14980895431247482]
c: [0.0 0.0 0.0 0.25065366005701606 0.25065366005701584 0.2506536600570155 0.248039019828953; 0.0 0.0 0.0 0.24399844362672685 0.24399844362672707 0.24399844362672618 0.2680046691198196; 0.0 0.0 0.0 0.25221204450106616 0.2522120445010657 0.2522120445010668 0.24336386649680097; 0.0 0.0 0.0 0.0 0.0 0.0 0.0; 0.0 0.0 0.0 0.0 0.0 0.0 0.0; 0.0 0.0 0.0 0.25313585181519094 0.2531358518151908 0.2531358518151915 0.2405924445544264]
d: [0.14980895431247482, 0.1498089543124747, 0.14980895431247482]
comparison (CRT and Glb)on prediction: Dict{Bool, Int64}(0 => 54, 1 => 0)
Dataname	 time	 objv	 lb	 gap	 train_w	 train_g	 test_w	 test_g
/work_bgfs/n/navarrodelacruz/odt/optimal_decision_tree/augmented_datasets/glass/glass_699.glass	 28.48	 10.522471343146897	 N/A	 N/A	 67.949	 0.0	 55.556	 0.0
