Running 6 processes.
Start training /work_bgfs/n/navarrodelacruz/odt/optimal_decision_tree/augmented_datasets/glass/glass_411.glass with seed 1.
Any[]
(9, 210)
(9, 104)
(9, 52)
(9, 54)
dimension: 9, class: 6
cart cost: 145.75
size of X: (9, 156)
Using method: Global linear DT optimization
Version identifier: 20.1.0.0 | 2020-11-10 | 9bedb6d68
CPXPARAM_Threads                                 1
CPXPARAM_TimeLimit                               1728000
Tried aggregator 1 time.
No LP presolve or aggregator reductions.
Presolve time = 0.01 sec. (4.42 ticks)
Initializing dual steep norms . . .

Iteration log . . .
Iteration:     1   Dual objective     =             0.000000
Perturbation started.
Iteration:    51   Dual objective     =             0.000000
Iteration:   207   Dual objective     =             0.000029
Iteration:   353   Dual objective     =             0.000058
Iteration:   485   Dual objective     =             0.009058
Iteration:   647   Dual objective     =             0.020530
Iteration:   774   Dual objective     =             0.022560
Iteration:   913   Dual objective     =             0.030864
Iteration:  1027   Dual objective     =             0.051149
Iteration:  1168   Dual objective     =             1.405654
Iteration:  1273   Dual objective     =             1.424678
Iteration:  1405   Dual objective     =             1.452053
Iteration:  1537   Dual objective     =             2.153279
Iteration:  1664   Dual objective     =             2.822082
Iteration:  1774   Dual objective     =             2.849362
Iteration:  1911   Dual objective     =             4.951446
Iteration:  2046   Dual objective     =             7.508511
Iteration:  2196   Dual objective     =             8.418857
Iteration:  2363   Dual objective     =             9.812859
Iteration:  2497   Dual objective     =            10.522239
Iteration:  2649   Dual objective     =            10.522536
Removing perturbation.
9×3 Matrix{Float64}:
 0.0  0.0  0.0
 0.0  0.0  0.0
 1.0  0.0  0.0
 0.0  0.0  1.0
 0.0  0.0  0.0
 0.0  0.0  0.0
 0.0  0.0  0.0
 0.0  1.0  0.0
 0.0  0.0  0.0
3-element Vector{Float64}:
 0.5725670072385276
 0.16823121647576023
 0.3804746263624518
6×7 Matrix{Float64}:
 0.0  0.0  0.0  0.0  0.0  1.0  0.0
 0.0  0.0  0.0  1.0  0.0  0.0  1.0
 0.0  0.0  0.0  0.0  0.0  0.0  0.0
 0.0  0.0  0.0  0.0  0.0  0.0  0.0
 0.0  0.0  0.0  0.0  0.0  0.0  0.0
 0.0  0.0  0.0  0.0  1.0  0.0  0.0
3-element Vector{Float64}:
 1.0
 1.0
 1.0
9×3 Matrix{Float64}:
 0.0         0.0         0.0
 0.0175507   0.0175507   0.0175507
 0.017663    0.017663    0.017663
 0.0         0.0         0.0
 0.0208038   0.0208038   0.0208038
 0.0329658   0.0329658   0.0329658
 0.043329    0.043329    0.043329
 0.0152107   0.0152107   0.0152107
 0.00254483  0.00254483  0.00254483
3-element Vector{Float64}:
 0.15006784488330363
 0.15006784488330363
 0.15006784488330363
6×7 Matrix{Float64}:
 0.0  0.0  0.0  0.248816  0.248816  0.248816  0.253551
 0.0  0.0  0.0  0.247039  0.247039  0.247039  0.258884
 0.0  0.0  0.0  0.250976  0.250976  0.250976  0.247071
 0.0  0.0  0.0  0.0       0.0       0.0       0.0
 0.0  0.0  0.0  0.0       0.0       0.0       0.0
 0.0  0.0  0.0  0.253169  0.253169  0.253169  0.240494
3-element Vector{Float64}:
 0.15006784488330363
 0.15006784488330363
 0.15006784488330363
a: [0.0 0.0 0.0; 0.017550738112519684 0.01755073811251957 0.017550738112519716; 0.01766299643149247 0.01766299643149245 0.017662996431492065; 0.0 0.0 0.0; 0.020803805340259038 0.02080380534025912 0.02080380534025983; 0.03296576896053285 0.03296576896053283 0.03296576896053254; 0.04332903458927621 0.043329034589276116 0.04332903458927513; 0.015210668769163542 0.015210668769163504 0.01521066876916341; 0.0025448326800598803 0.002544832680060033 0.0025448326800609124]
b: [0.15006784488330363, 0.15006784488330363, 0.15006784488330363]
c: [0.0 0.0 0.0 0.24881639738576233 0.24881639738576222 0.24881639738576222 0.25355080784271355; 0.0 0.0 0.0 0.24703860833882663 0.24703860833882663 0.2470386083388269 0.2588841749835198; 0.0 0.0 0.0 0.2509763382970649 0.250976338297065 0.2509763382970648 0.24707098510880532; 0.0 0.0 0.0 0.0 0.0 0.0 0.0; 0.0 0.0 0.0 0.0 0.0 0.0 0.0; 0.0 0.0 0.0 0.25316865597834615 0.25316865597834615 0.2531686559783461 0.2404940320649614]
d: [0.15006784488330363, 0.15006784488330363, 0.15006784488330363]
comparison (CRT and Glb)on prediction: Dict{Bool, Int64}(0 => 54, 1 => 0)
Dataname	 time	 objv	 lb	 gap	 train_w	 train_g	 test_w	 test_g
/work_bgfs/n/navarrodelacruz/odt/optimal_decision_tree/augmented_datasets/glass/glass_411.glass	 32.91	 10.522510176732526	 N/A	 N/A	 66.667	 0.0	 53.704	 0.0
