Running 6 processes.
Start training /work_bgfs/n/navarrodelacruz/odt/optimal_decision_tree/augmented_datasets/glass/glass_268.glass with seed 1.
Any[]
(9, 210)
(9, 103)
(9, 51)
(9, 56)
dimension: 9, class: 6
cart cost: 142.04189189189188
size of X: (9, 154)
Using method: Global linear DT optimization
Version identifier: 20.1.0.0 | 2020-11-10 | 9bedb6d68
CPXPARAM_Threads                                 1
CPXPARAM_TimeLimit                               1728000
Tried aggregator 1 time.
No LP presolve or aggregator reductions.
Presolve time = 0.01 sec. (4.37 ticks)
Initializing dual steep norms . . .

Iteration log . . .
Iteration:     1   Dual objective     =             0.000000
Perturbation started.
Iteration:    51   Dual objective     =             0.000000
Iteration:   219   Dual objective     =             0.000040
Iteration:   353   Dual objective     =             0.008163
Iteration:   473   Dual objective     =             0.028801
Iteration:   602   Dual objective     =             0.057346
Iteration:   735   Dual objective     =             0.733103
Iteration:   858   Dual objective     =             0.748517
Iteration:  1003   Dual objective     =             1.477702
Iteration:  1127   Dual objective     =             2.177451
Iteration:  1294   Dual objective     =             5.679982
Iteration:  1427   Dual objective     =             5.707587
Iteration:  1559   Dual objective     =             8.570397
Iteration:  1703   Dual objective     =            10.656630
Iteration:  1816   Dual objective     =            10.661995
Iteration:  1944   Dual objective     =            10.664327
Iteration:  2099   Dual objective     =            10.664436
Removing perturbation.
9×3 Matrix{Float64}:
 0.0  0.0  0.0
 0.0  0.0  0.0
 1.0  0.0  0.0
 0.0  0.0  1.0
 0.0  0.0  0.0
 0.0  0.0  0.0
 0.0  0.0  0.0
 0.0  1.0  0.0
 0.0  0.0  0.0
3-element Vector{Float64}:
 0.6150072233240735
 0.14678550193285578
 0.37394370365408125
6×7 Matrix{Float64}:
 0.0  0.0  0.0  0.0  0.0  1.0  0.0
 0.0  0.0  0.0  1.0  0.0  0.0  1.0
 0.0  0.0  0.0  0.0  0.0  0.0  0.0
 0.0  0.0  0.0  0.0  0.0  0.0  0.0
 0.0  0.0  0.0  0.0  0.0  0.0  0.0
 0.0  0.0  0.0  0.0  1.0  0.0  0.0
3-element Vector{Float64}:
 1.0
 1.0
 1.0
9×3 Matrix{Float64}:
 0.0        0.0        0.0
 0.0150814  0.0150814  0.0150814
 0.0173998  0.0173998  0.0173998
 0.0        0.0        0.0
 0.0214673  0.0214673  0.0214673
 0.0341853  0.0341853  0.0341853
 0.0425105  0.0425105  0.0425105
 0.0147896  0.0147896  0.0147896
 0.0045347  0.0045347  0.0045347
3-element Vector{Float64}:
 0.14996858090713694
 0.14996858090713694
 0.14996858090713688
6×7 Matrix{Float64}:
 0.0  0.0  0.0  0.249099  0.249099  0.249099  0.252703
 0.0  0.0  0.0  0.247085  0.247085  0.247085  0.258745
 0.0  0.0  0.0  0.250416  0.250416  0.250416  0.248751
 0.0  0.0  0.0  0.0       0.0       0.0       0.0
 0.0  0.0  0.0  0.0       0.0       0.0       0.0
 0.0  0.0  0.0  0.253399  0.253399  0.253399  0.239802
3-element Vector{Float64}:
 0.14996858090713694
 0.14996858090713694
 0.14996858090713688
a: [0.0 0.0 0.0; 0.01508136777416735 0.015081367774167239 0.015081367774166998; 0.017399813586701444 0.017399813586701517 0.01739981358670158; 0.0 0.0 0.0; 0.02146728772147776 0.02146728772147782 0.021467287721477955; 0.03418526085905878 0.0341852608590588 0.03418526085905886; 0.042510520545720965 0.0425105205457208 0.04251052054572062; 0.014789630920096716 0.014789630920096747 0.014789630920096782; 0.004534699499913902 0.0045346994999140395 0.004534699499914123]
b: [0.14996858090713694, 0.14996858090713694, 0.14996858090713688]
c: [0.0 0.0 0.0 0.24909914770220737 0.2490991477022073 0.2490991477022071 0.25270255689337817; 0.0 0.0 0.0 0.24708509874459444 0.24708509874459444 0.2470850987445945 0.25874470376621655; 0.0 0.0 0.0 0.25041646870569395 0.25041646870569406 0.2504164687056939 0.24875059388291806; 0.0 0.0 0.0 0.0 0.0 0.0 0.0; 0.0 0.0 0.0 0.0 0.0 0.0 0.0; 0.0 0.0 0.0 0.2533992848475042 0.2533992848475042 0.2533992848475045 0.23980214545748713]
d: [0.14996858090713694, 0.14996858090713694, 0.14996858090713688]
comparison (CRT and Glb)on prediction: Dict{Bool, Int64}(0 => 56, 1 => 0)
Dataname	 time	 objv	 lb	 gap	 train_w	 train_g	 test_w	 test_g
/work_bgfs/n/navarrodelacruz/odt/optimal_decision_tree/augmented_datasets/glass/glass_268.glass	 56.59	 10.66438717902796	 N/A	 N/A	 67.532	 0.0	 51.786	 0.0
