Running 6 processes.
Start training /work_bgfs/n/navarrodelacruz/odt/optimal_decision_tree/augmented_datasets/glass/glass_615.glass with seed 1.
Any[]
(9, 210)
(9, 104)
(9, 52)
(9, 54)
dimension: 9, class: 6
cart cost: 142.94999999999996
size of X: (9, 156)
Using method: Global linear DT optimization
Version identifier: 20.1.0.0 | 2020-11-10 | 9bedb6d68
CPXPARAM_Threads                                 1
CPXPARAM_TimeLimit                               1728000
Tried aggregator 1 time.
No LP presolve or aggregator reductions.
Presolve time = 0.01 sec. (4.36 ticks)
Initializing dual steep norms . . .

Iteration log . . .
Iteration:     1   Dual objective     =             0.000000
Perturbation started.
Iteration:    51   Dual objective     =             0.000000
Iteration:   210   Dual objective     =             0.000031
Iteration:   341   Dual objective     =             0.000059
Iteration:   472   Dual objective     =             0.031243
Iteration:   590   Dual objective     =             2.156248
Iteration:   719   Dual objective     =             2.801672
Iteration:   843   Dual objective     =             3.519664
Iteration:   958   Dual objective     =             7.056937
Iteration:  1113   Dual objective     =             8.427473
Iteration:  1255   Dual objective     =            10.520138
Iteration:  1382   Dual objective     =            10.522150
Iteration:  1515   Dual objective     =            10.522551
Removing perturbation.
Iteration:  1611   Scaled dual infeas =             0.000012
Iteration:  1613   Dual objective     =            10.522509
9×3 Matrix{Float64}:
 0.0  0.0  0.0
 0.0  0.0  0.0
 1.0  0.0  0.0
 0.0  0.0  1.0
 0.0  0.0  0.0
 0.0  0.0  0.0
 0.0  0.0  0.0
 0.0  1.0  0.0
 0.0  0.0  0.0
3-element Vector{Float64}:
 0.5947200919460773
 0.14676195854586377
 0.41495974802331437
6×7 Matrix{Float64}:
 0.0  0.0  0.0  0.0  0.0  1.0  0.0
 0.0  0.0  0.0  1.0  0.0  0.0  1.0
 0.0  0.0  0.0  0.0  0.0  0.0  0.0
 0.0  0.0  0.0  0.0  0.0  0.0  0.0
 0.0  0.0  0.0  0.0  0.0  0.0  0.0
 0.0  0.0  0.0  0.0  1.0  0.0  0.0
3-element Vector{Float64}:
 1.0
 1.0
 1.0
9×3 Matrix{Float64}:
 0.0         0.0         0.0
 0.0203826   0.0203826   0.0203826
 0.0152923   0.0152923   0.0152923
 0.0         0.0         0.0
 0.0192073   0.0192073   0.0192073
 0.0317453   0.0317453   0.0317453
 0.0427744   0.0427744   0.0427744
 0.0140635   0.0140635   0.0140635
 0.00667391  0.00667391  0.00667391
3-element Vector{Float64}:
 0.15013932238686292
 0.1501393223868629
 0.1501393223868629
6×7 Matrix{Float64}:
 0.0  0.0  0.0  0.249588  0.249588  0.249588  0.251237
 0.0  0.0  0.0  0.247141  0.247141  0.247141  0.258578
 0.0  0.0  0.0  0.250302  0.250302  0.250302  0.249093
 0.0  0.0  0.0  0.0       0.0       0.0       0.0
 0.0  0.0  0.0  0.0       0.0       0.0       0.0
 0.0  0.0  0.0  0.252969  0.252969  0.252969  0.241092
3-element Vector{Float64}:
 0.15013932238686292
 0.1501393223868629
 0.1501393223868629
a: [0.0 0.0 0.0; 0.02038261583943538 0.020382615839437103 0.020382615839436707; 0.015292315574483881 0.015292315574483193 0.015292315574481952; 0.0 0.0 0.0; 0.01920727880362818 0.019207278803627492 0.01920727880362559; 0.03174530293820799 0.03174530293820723 0.03174530293820709; 0.042774433439157246 0.042774433439157517 0.04277443343916179; 0.014063468075424988 0.014063468075424797 0.014063468075424815; 0.006673907716525247 0.00667390771652538 0.0066739077165249745]
b: [0.15013932238686292, 0.1501393223868629, 0.1501393223868629]
c: [0.0 0.0 0.0 0.24958773626221098 0.24958773626221112 0.24958773626221178 0.25123679121336584; 0.0 0.0 0.0 0.24714052448509208 0.24714052448509197 0.24714052448508958 0.2585784265447265; 0.0 0.0 0.0 0.2503023652919978 0.25030236529199784 0.2503023652919988 0.2490929041240057; 0.0 0.0 0.0 0.0 0.0 0.0 0.0; 0.0 0.0 0.0 0.0 0.0 0.0 0.0; 0.0 0.0 0.0 0.2529693739606992 0.25296937396069913 0.25296937396069985 0.24109187811790184]
d: [0.15013932238686292, 0.1501393223868629, 0.1501393223868629]
comparison (CRT and Glb)on prediction: Dict{Bool, Int64}(0 => 54, 1 => 0)
Dataname	 time	 objv	 lb	 gap	 train_w	 train_g	 test_w	 test_g
/work_bgfs/n/navarrodelacruz/odt/optimal_decision_tree/augmented_datasets/glass/glass_615.glass	 68.08	 10.522520898358065	 N/A	 N/A	 67.308	 0.0	 57.407	 0.0
