Running 6 processes.
Start training /work_bgfs/n/navarrodelacruz/odt/optimal_decision_tree/augmented_datasets/glass/glass_88.glass with seed 1.
Any[]
(9, 210)
(9, 104)
(9, 52)
(9, 54)
dimension: 9, class: 6
cart cost: 142.94999999999996
size of X: (9, 156)
Using method: Global linear DT optimization
Version identifier: 20.1.0.0 | 2020-11-10 | 9bedb6d68
CPXPARAM_Threads                                 1
CPXPARAM_TimeLimit                               1728000
Tried aggregator 1 time.
No LP presolve or aggregator reductions.
Presolve time = 0.01 sec. (4.41 ticks)
Initializing dual steep norms . . .

Iteration log . . .
Iteration:     1   Dual objective     =             0.000000
Perturbation started.
Iteration:    51   Dual objective     =             0.000000
Iteration:   194   Dual objective     =             0.000033
Iteration:   361   Dual objective     =             0.709821
Iteration:   481   Dual objective     =             0.716471
Iteration:   602   Dual objective     =             0.725510
Iteration:   757   Dual objective     =             0.728865
Iteration:   882   Dual objective     =             0.776775
Iteration:  1022   Dual objective     =             2.809318
Iteration:  1141   Dual objective     =             2.845572
Iteration:  1257   Dual objective     =             4.224695
Iteration:  1384   Dual objective     =             4.259854
Iteration:  1515   Dual objective     =             5.617919
Iteration:  1630   Dual objective     =             7.031468
Iteration:  1791   Dual objective     =             7.736008
Iteration:  1936   Dual objective     =             9.120131
Iteration:  2071   Dual objective     =            10.522184
Iteration:  2246   Dual objective     =            10.522606
Removing perturbation.
Iteration:  2347   Scaled dual infeas =             0.000000
Iteration:  2348   Dual objective     =            10.522588
9×3 Matrix{Float64}:
 0.0  0.0  0.0
 0.0  0.0  0.0
 1.0  0.0  0.0
 0.0  0.0  1.0
 0.0  0.0  0.0
 0.0  0.0  0.0
 0.0  0.0  0.0
 0.0  1.0  0.0
 0.0  0.0  0.0
3-element Vector{Float64}:
 0.5728120254445035
 0.1568636107758684
 0.3708060634319351
6×7 Matrix{Float64}:
 0.0  0.0  0.0  0.0  0.0  1.0  0.0
 0.0  0.0  0.0  1.0  0.0  0.0  1.0
 0.0  0.0  0.0  0.0  0.0  0.0  0.0
 0.0  0.0  0.0  0.0  0.0  0.0  0.0
 0.0  0.0  0.0  0.0  0.0  0.0  0.0
 0.0  0.0  0.0  0.0  1.0  0.0  0.0
3-element Vector{Float64}:
 1.0
 1.0
 1.0
9×3 Matrix{Float64}:
 0.0         0.0         0.0
 0.0184587   0.0184587   0.0184587
 0.0206504   0.0206504   0.0206504
 0.0         0.0         0.0
 0.0207605   0.0207605   0.0207605
 0.0344804   0.0344804   0.0344804
 0.0364688   0.0364688   0.0364688
 0.0197706   0.0197706   0.0197706
 4.59407e-7  4.59407e-7  4.59407e-7
3-element Vector{Float64}:
 0.15058984587714544
 0.15058984587714544
 0.15058984587714544
6×7 Matrix{Float64}:
 0.0  0.0  0.0  0.249644  0.249644  0.249644  0.251067
 0.0  0.0  0.0  0.250502  0.250502  0.250502  0.248495
 0.0  0.0  0.0  0.251287  0.251287  0.251287  0.246138
 0.0  0.0  0.0  0.0       0.0       0.0       0.0
 0.0  0.0  0.0  0.0       0.0       0.0       0.0
 0.0  0.0  0.0  0.248567  0.248567  0.248567  0.2543
3-element Vector{Float64}:
 0.15058984587714544
 0.15058984587714544
 0.15058984587714544
a: [0.0 0.0 0.0; 0.01845866807764914 0.018458668077649506 0.01845866807765313; 0.020650410230246313 0.020650410230245875 0.02065041023024465; 0.0 0.0 0.0; 0.020760482808860857 0.02076048280886092 0.02076048280885951; 0.034480386898631865 0.03448038689863178 0.03448038689863023; 0.036468814208720765 0.03646881420872057 0.03646881420872214; 0.019770624246251214 0.019770624246251672 0.01977062424624906; 4.594067853254391e-7 4.5940678511380284e-7 4.594067867721985e-7]
b: [0.15058984587714544, 0.15058984587714544, 0.15058984587714544]
c: [0.0 0.0 0.0 0.2496444205063567 0.24964442050635705 0.24964442050635632 0.2510667384809299; 0.0 0.0 0.0 0.25050154148427506 0.2505015414842746 0.2505015414842751 0.2484953755471752; 0.0 0.0 0.0 0.2512874110236071 0.251287411023607 0.25128741102360624 0.24613776692917969; 0.0 0.0 0.0 0.0 0.0 0.0 0.0; 0.0 0.0 0.0 0.0 0.0 0.0 0.0; 0.0 0.0 0.0 0.24856662698576115 0.24856662698576137 0.24856662698576226 0.2543001190427152]
d: [0.15058984587714544, 0.15058984587714544, 0.15058984587714544]
comparison (CRT and Glb)on prediction: Dict{Bool, Int64}(0 => 54, 1 => 0)
Dataname	 time	 objv	 lb	 gap	 train_w	 train_g	 test_w	 test_g
/work_bgfs/n/navarrodelacruz/odt/optimal_decision_tree/augmented_datasets/glass/glass_88.glass	 33.23	 10.52258847688162	 N/A	 N/A	 67.308	 0.0	 50.0	 0.0
