Running 6 processes.
Start training /work_bgfs/n/navarrodelacruz/odt/optimal_decision_tree/augmented_datasets/glass/glass_693.glass with seed 1.
Any[]
(9, 210)
(9, 104)
(9, 52)
(9, 54)
dimension: 9, class: 6
cart cost: 165.34999999999997
size of X: (9, 156)
Using method: Global linear DT optimization
Version identifier: 20.1.0.0 | 2020-11-10 | 9bedb6d68
CPXPARAM_Threads                                 1
CPXPARAM_TimeLimit                               1728000
Tried aggregator 1 time.
No LP presolve or aggregator reductions.
Presolve time = 0.01 sec. (4.29 ticks)
Initializing dual steep norms . . .

Iteration log . . .
Iteration:     1   Dual objective     =             0.000000
Perturbation started.
Iteration:    51   Dual objective     =             0.000000
Iteration:   246   Dual objective     =             0.000043
Iteration:   366   Dual objective     =             0.013024
Iteration:   501   Dual objective     =             0.017866
Iteration:   646   Dual objective     =             0.022045
Iteration:   769   Dual objective     =             0.034639
Iteration:   903   Dual objective     =             0.052320
Iteration:  1072   Dual objective     =             0.096837
Iteration:  1201   Dual objective     =             1.410596
Iteration:  1337   Dual objective     =             1.424001
Iteration:  1465   Dual objective     =             2.134864
Iteration:  1600   Dual objective     =             2.851244
Iteration:  1739   Dual objective     =             2.858480
Iteration:  1867   Dual objective     =             4.226205
Iteration:  1986   Dual objective     =             4.937573
Iteration:  2128   Dual objective     =             7.744864
Iteration:  2262   Dual objective     =             9.137924
Iteration:  2391   Dual objective     =            10.521570
Iteration:  2536   Dual objective     =            10.522500
Iteration:  2677   Dual objective     =            10.522572
Removing perturbation.
9×3 Matrix{Float64}:
 0.0  0.0  0.0
 0.0  0.0  0.0
 1.0  0.0  0.0
 0.0  0.0  0.0
 0.0  0.0  0.0
 0.0  0.0  0.0
 0.0  0.0  1.0
 0.0  1.0  0.0
 0.0  0.0  0.0
3-element Vector{Float64}:
 0.5300920193623646
 0.1466521768661832
 0.26281154833220544
6×7 Matrix{Float64}:
 0.0  0.0  0.0  0.0  0.0  0.0  1.0
 0.0  0.0  0.0  0.0  0.0  1.0  0.0
 0.0  0.0  0.0  0.0  0.0  0.0  0.0
 0.0  0.0  0.0  1.0  0.0  0.0  0.0
 0.0  0.0  0.0  0.0  0.0  0.0  0.0
 0.0  0.0  0.0  0.0  1.0  0.0  0.0
3-element Vector{Float64}:
 1.0
 1.0
 1.0
9×3 Matrix{Float64}:
 0.0        0.0        0.0
 0.0142415  0.0142415  0.0142415
 0.0200793  0.0200793  0.0200793
 0.0        0.0        0.0
 0.0213842  0.0213842  0.0213842
 0.0359066  0.0359066  0.0359066
 0.0414017  0.0414017  0.0414017
 0.0170905  0.0170905  0.0170905
 0.0        0.0        0.0
3-element Vector{Float64}:
 0.1501038437221977
 0.1501038437221977
 0.1501038437221977
6×7 Matrix{Float64}:
 0.0  0.0  0.0  0.249611  0.249611  0.249611  0.251166
 0.0  0.0  0.0  0.248494  0.248494  0.248494  0.254517
 0.0  0.0  0.0  0.250107  0.250107  0.250107  0.249679
 0.0  0.0  0.0  0.0       0.0       0.0       0.0
 0.0  0.0  0.0  0.0       0.0       0.0       0.0
 0.0  0.0  0.0  0.251787  0.251787  0.251787  0.244638
3-element Vector{Float64}:
 0.1501038437221977
 0.1501038437221977
 0.1501038437221977
a: [0.0 0.0 0.0; 0.014241538044707196 0.01424153804470622 0.014241538044706788; 0.020079284349439064 0.020079284349439272 0.02007928434943932; 0.0 0.0 0.0; 0.021384177960827533 0.02138417796082774 0.021384177960826097; 0.03590659674885498 0.03590659674885483 0.035906596748854686; 0.04140169695382094 0.041401696953821295 0.041401696953823106; 0.01709054966454842 0.017090549664548395 0.017090549664547743; 0.0 0.0 0.0]
b: [0.1501038437221977, 0.1501038437221977, 0.1501038437221977]
c: [0.0 0.0 0.0 0.24961139225636433 0.24961139225636353 0.24961139225636397 0.25116582323090875; 0.0 0.0 0.0 0.24849419639087197 0.2484941963908724 0.2484941963908713 0.2545174108273843; 0.0 0.0 0.0 0.2501070773444563 0.2501070773444571 0.25010707734445625 0.24967876796662986; 0.0 0.0 0.0 0.0 0.0 0.0 0.0; 0.0 0.0 0.0 0.0 0.0 0.0 0.0; 0.0 0.0 0.0 0.25178733400830744 0.251787334008307 0.25178733400830844 0.24463799797507713]
d: [0.1501038437221977, 0.1501038437221977, 0.1501038437221977]
comparison (CRT and Glb)on prediction: Dict{Bool, Int64}(0 => 54, 1 => 0)
Dataname	 time	 objv	 lb	 gap	 train_w	 train_g	 test_w	 test_g
/work_bgfs/n/navarrodelacruz/odt/optimal_decision_tree/augmented_datasets/glass/glass_693.glass	 35.0	 10.52251557655836	 N/A	 N/A	 62.179	 0.0	 59.259	 0.0
