Running 6 processes.
Start training /work_bgfs/n/navarrodelacruz/odt/optimal_decision_tree/augmented_datasets/glass/glass_676.glass with seed 1.
Any[]
(9, 210)
(9, 103)
(9, 52)
(9, 55)
dimension: 9, class: 6
cart cost: 146.86232876712327
size of X: (9, 155)
Using method: Global linear DT optimization
Version identifier: 20.1.0.0 | 2020-11-10 | 9bedb6d68
CPXPARAM_Threads                                 1
CPXPARAM_TimeLimit                               1728000
Tried aggregator 1 time.
No LP presolve or aggregator reductions.
Presolve time = 0.01 sec. (4.39 ticks)
Initializing dual steep norms . . .

Iteration log . . .
Iteration:     1   Dual objective     =             0.000000
Perturbation started.
Iteration:    51   Dual objective     =             0.000000
Iteration:   207   Dual objective     =             0.000032
Iteration:   362   Dual objective     =             0.020664
Iteration:   480   Dual objective     =             0.050765
Iteration:   625   Dual objective     =             0.068200
Iteration:   776   Dual objective     =             0.078814
Iteration:   914   Dual objective     =             0.732296
Iteration:  1047   Dual objective     =             2.208268
Iteration:  1191   Dual objective     =             5.793940
Iteration:  1314   Dual objective     =             7.930675
Iteration:  1439   Dual objective     =            10.065982
Iteration:  1573   Dual objective     =            10.810016
Iteration:  1733   Dual objective     =            10.810219
Removing perturbation.
9×3 Matrix{Float64}:
 0.0  0.0  0.0
 0.0  0.0  0.0
 1.0  0.0  0.0
 0.0  0.0  1.0
 0.0  0.0  0.0
 0.0  0.0  0.0
 0.0  0.0  0.0
 0.0  1.0  0.0
 0.0  0.0  0.0
3-element Vector{Float64}:
 0.5669759659777911
 0.15429636590443663
 0.37314180264799923
6×7 Matrix{Float64}:
 0.0  0.0  0.0  0.0  0.0  1.0  0.0
 0.0  0.0  0.0  1.0  0.0  0.0  1.0
 0.0  0.0  0.0  0.0  0.0  0.0  0.0
 0.0  0.0  0.0  0.0  0.0  0.0  0.0
 0.0  0.0  0.0  0.0  0.0  0.0  0.0
 0.0  0.0  0.0  0.0  1.0  0.0  0.0
3-element Vector{Float64}:
 1.0
 1.0
 1.0
9×3 Matrix{Float64}:
 0.0         0.0         0.0
 0.0160049   0.0160049   0.0160049
 0.0189888   0.0189888   0.0189888
 0.0         0.0         0.0
 0.0229269   0.0229269   0.0229269
 0.034076    0.034076    0.034076
 0.0396799   0.0396799   0.0396799
 0.0176916   0.0176916   0.0176916
 0.00080189  0.00080189  0.00080189
3-element Vector{Float64}:
 0.1501698707999094
 0.1501698707999094
 0.1501698707999094
6×7 Matrix{Float64}:
 0.0  0.0  0.0  0.249875  0.249875  0.249875  0.250374
 0.0  0.0  0.0  0.249454  0.249454  0.249454  0.251639
 0.0  0.0  0.0  0.249351  0.249351  0.249351  0.251946
 0.0  0.0  0.0  0.0       0.0       0.0       0.0
 0.0  0.0  0.0  0.0       0.0       0.0       0.0
 0.0  0.0  0.0  0.25132   0.25132   0.25132   0.246041
3-element Vector{Float64}:
 0.1501698707999094
 0.1501698707999094
 0.1501698707999094
a: [0.0 0.0 0.0; 0.016004881659092824 0.016004881659088095 0.016004881659087547; 0.018988779099334607 0.01898877909933777 0.01898877909933805; 0.0 0.0 0.0; 0.022926931329562632 0.02292693132956278 0.022926931329562847; 0.03407597141959174 0.034075971419593475 0.03407597141959366; 0.03967986268294593 0.03967986268294396 0.039679862682943615; 0.01769155487470038 0.017691554874703103 0.01769155487470323; 0.0008018897346810283 0.0008018897346801692 0.0008018897346804138]
b: [0.1501698707999094, 0.1501698707999094, 0.1501698707999094]
c: [0.0 0.0 0.0 0.24987538198476086 0.24987538198476072 0.2498753819847616 0.25037385404571627; 0.0 0.0 0.0 0.24945378160899925 0.24945378160900006 0.24945378160899917 0.2516386551730017; 0.0 0.0 0.0 0.24935130921308624 0.24935130921308554 0.2493513092130864 0.25194607236074273; 0.0 0.0 0.0 0.0 0.0 0.0 0.0; 0.0 0.0 0.0 0.0 0.0 0.0 0.0; 0.0 0.0 0.0 0.25131952719315365 0.25131952719315365 0.2513195271931528 0.24604141842053928]
d: [0.1501698707999094, 0.1501698707999094, 0.1501698707999094]
comparison (CRT and Glb)on prediction: Dict{Bool, Int64}(0 => 55, 1 => 0)
Dataname	 time	 objv	 lb	 gap	 train_w	 train_g	 test_w	 test_g
/work_bgfs/n/navarrodelacruz/odt/optimal_decision_tree/augmented_datasets/glass/glass_676.glass	 28.96	 10.810196713496648	 N/A	 N/A	 67.097	 0.0	 54.545	 0.0
