Running 6 processes.
Start training /work_bgfs/n/navarrodelacruz/odt/optimal_decision_tree/augmented_datasets/glass/glass_133.glass with seed 1.
Any[]
(9, 210)
(9, 104)
(9, 52)
(9, 54)
dimension: 9, class: 6
cart cost: 138.3078947368421
size of X: (9, 156)
Using method: Global linear DT optimization
Version identifier: 20.1.0.0 | 2020-11-10 | 9bedb6d68
CPXPARAM_Threads                                 1
CPXPARAM_TimeLimit                               1728000
Tried aggregator 1 time.
No LP presolve or aggregator reductions.
Presolve time = 0.01 sec. (4.43 ticks)
Initializing dual steep norms . . .

Iteration log . . .
Iteration:     1   Dual objective     =             0.000000
Perturbation started.
Iteration:    51   Dual objective     =             0.000000
Iteration:   211   Dual objective     =             0.000030
Iteration:   345   Dual objective     =             0.008040
Iteration:   500   Dual objective     =             0.020947
Iteration:   610   Dual objective     =             0.035094
Iteration:   783   Dual objective     =             0.050885
Iteration:   909   Dual objective     =             0.744134
Iteration:  1073   Dual objective     =             1.460015
Iteration:  1204   Dual objective     =             2.763214
Iteration:  1314   Dual objective     =             2.784886
Iteration:  1447   Dual objective     =             3.512405
Iteration:  1605   Dual objective     =             5.536663
Iteration:  1714   Dual objective     =             5.554841
Iteration:  1850   Dual objective     =             6.922299
Iteration:  1972   Dual objective     =             8.289509
Iteration:  2099   Dual objective     =             8.309410
Iteration:  2220   Dual objective     =             9.016181
Iteration:  2360   Dual objective     =             9.691491
Iteration:  2472   Dual objective     =             9.731897
Iteration:  2597   Dual objective     =            10.361883
Iteration:  2716   Dual objective     =            10.382650
Iteration:  2854   Dual objective     =            10.384069
Iteration:  2982   Dual objective     =            10.384422
Removing perturbation.
Iteration:  3073   Scaled dual infeas =             0.000009
Iteration:  3076   Dual objective     =            10.384398
9×3 Matrix{Float64}:
 0.0  0.0  0.0
 0.0  0.0  0.0
 1.0  0.0  0.0
 0.0  0.0  1.0
 0.0  0.0  0.0
 0.0  0.0  0.0
 0.0  0.0  0.0
 0.0  1.0  0.0
 0.0  0.0  0.0
3-element Vector{Float64}:
 0.5873527246908428
 0.1476465694701008
 0.3491918011337768
6×7 Matrix{Float64}:
 0.0  0.0  0.0  0.0  0.0  1.0  0.0
 0.0  0.0  0.0  1.0  0.0  0.0  1.0
 0.0  0.0  0.0  0.0  0.0  0.0  0.0
 0.0  0.0  0.0  0.0  0.0  0.0  0.0
 0.0  0.0  0.0  0.0  0.0  0.0  0.0
 0.0  0.0  0.0  0.0  1.0  0.0  0.0
3-element Vector{Float64}:
 1.0
 1.0
 1.0
9×3 Matrix{Float64}:
 0.0        0.0        0.0
 0.0200294  0.0200294  0.0200294
 0.0178785  0.0178785  0.0178785
 0.0        0.0        0.0
 0.0188023  0.0188023  0.0188023
 0.0332626  0.0332626  0.0332626
 0.0366543  0.0366543  0.0366543
 0.0185843  0.0185843  0.0185843
 0.0051945  0.0051945  0.0051945
3-element Vector{Float64}:
 0.1504060150854407
 0.1504060150854407
 0.1504060150854407
6×7 Matrix{Float64}:
 0.0  0.0  0.0  0.251011  0.251011  0.251011  0.246966
 0.0  0.0  0.0  0.248215  0.248215  0.248215  0.255355
 0.0  0.0  0.0  0.25067   0.25067   0.25067   0.247991
 0.0  0.0  0.0  0.0       0.0       0.0       0.0
 0.0  0.0  0.0  0.0       0.0       0.0       0.0
 0.0  0.0  0.0  0.250104  0.250104  0.250104  0.249688
3-element Vector{Float64}:
 0.1504060150854407
 0.1504060150854407
 0.1504060150854407
a: [0.0 0.0 0.0; 0.020029434528999777 0.020029434529001557 0.020029434529008343; 0.017878536911662725 0.017878536911660955 0.01787853691165875; 0.0 0.0 0.0; 0.018802329164928386 0.01880232916492798 0.018802329164922298; 0.033262638159092334 0.03326263815909141 0.03326263815908912; 0.03665430289019681 0.03665430289019586 0.03665430289020187; 0.0185842771844012 0.01858427718440052 0.01858427718439615; 0.005194496246159461 0.005194496246162505 0.005194496246164157]
b: [0.1504060150854407, 0.1504060150854407, 0.1504060150854407]
c: [0.0 0.0 0.0 0.251011486453001 0.2510114864530001 0.2510114864529989 0.24696554064100001; 0.0 0.0 0.0 0.24821510456955065 0.248215104569551 0.24821510456954982 0.25535468629134844; 0.0 0.0 0.0 0.2506695532383141 0.2506695532383142 0.2506695532383131 0.24799134028505876; 0.0 0.0 0.0 0.0 0.0 0.0 0.0; 0.0 0.0 0.0 0.0 0.0 0.0 0.0; 0.0 0.0 0.0 0.2501038557391343 0.25010385573913474 0.2501038557391382 0.24968843278259278]
d: [0.1504060150854407, 0.1504060150854407, 0.1504060150854407]
comparison (CRT and Glb)on prediction: Dict{Bool, Int64}(0 => 54, 1 => 0)
Dataname	 time	 objv	 lb	 gap	 train_w	 train_g	 test_w	 test_g
/work_bgfs/n/navarrodelacruz/odt/optimal_decision_tree/augmented_datasets/glass/glass_133.glass	 27.23	 10.384403007525995	 N/A	 N/A	 67.949	 0.0	 50.0	 0.0
