Running 6 processes.
Start training /work_bgfs/n/navarrodelacruz/odt/optimal_decision_tree/augmented_datasets/glass/glass_300.glass with seed 1.
Any[]
(9, 210)
(9, 103)
(9, 51)
(9, 56)
dimension: 9, class: 6
cart cost: 144.87972972972975
size of X: (9, 154)
Using method: Global linear DT optimization
Version identifier: 20.1.0.0 | 2020-11-10 | 9bedb6d68
CPXPARAM_Threads                                 1
CPXPARAM_TimeLimit                               1728000
Tried aggregator 1 time.
No LP presolve or aggregator reductions.
Presolve time = 0.01 sec. (4.38 ticks)
Initializing dual steep norms . . .

Iteration log . . .
Iteration:     1   Dual objective     =             0.000000
Perturbation started.
Iteration:    51   Dual objective     =             0.000000
Iteration:   235   Dual objective     =             0.000039
Iteration:   335   Dual objective     =             0.000053
Iteration:   458   Dual objective     =             0.019250
Iteration:   586   Dual objective     =             0.027299
Iteration:   709   Dual objective     =             0.057443
Iteration:   842   Dual objective     =             0.739075
Iteration:   944   Dual objective     =             0.767784
Iteration:  1071   Dual objective     =             1.438882
Iteration:  1186   Dual objective     =             4.285134
Iteration:  1317   Dual objective     =             7.094614
Iteration:  1433   Dual objective     =             7.134095
Iteration:  1564   Dual objective     =             9.259937
Iteration:  1716   Dual objective     =             9.948926
Iteration:  1864   Dual objective     =            10.663772
Iteration:  2025   Dual objective     =            10.664545
Removing perturbation.
Iteration:  2049   Scaled dual infeas =             0.000020
Iteration:  2052   Dual objective     =            10.664464
9×3 Matrix{Float64}:
 0.0  0.0  0.0
 0.0  0.0  0.0
 1.0  0.0  0.0
 0.0  0.0  1.0
 0.0  0.0  0.0
 0.0  0.0  0.0
 0.0  0.0  0.0
 0.0  1.0  0.0
 0.0  0.0  0.0
3-element Vector{Float64}:
 0.5698349945965467
 0.15983105669578193
 0.3554757724991613
6×7 Matrix{Float64}:
 0.0  0.0  0.0  0.0  0.0  1.0  0.0
 0.0  0.0  0.0  1.0  0.0  0.0  1.0
 0.0  0.0  0.0  0.0  0.0  0.0  0.0
 0.0  0.0  0.0  0.0  0.0  0.0  0.0
 0.0  0.0  0.0  0.0  0.0  0.0  0.0
 0.0  0.0  0.0  0.0  1.0  0.0  0.0
3-element Vector{Float64}:
 1.0
 1.0
 1.0
9×3 Matrix{Float64}:
 0.0        0.0        0.0
 0.0210749  0.0210749  0.0210749
 0.0188571  0.0188571  0.0188571
 0.0        0.0        0.0
 0.0216141  0.0216141  0.0216141
 0.0331754  0.0331754  0.0331754
 0.0371909  0.0371909  0.0371909
 0.0187737  0.0187737  0.0187737
 0.0        0.0        0.0
3-element Vector{Float64}:
 0.15068614855710702
 0.15068614855710702
 0.15068614855710702
6×7 Matrix{Float64}:
 0.0  0.0  0.0  0.250444  0.250444  0.250444  0.248669
 0.0  0.0  0.0  0.250969  0.250969  0.250969  0.247093
 0.0  0.0  0.0  0.250386  0.250386  0.250386  0.248841
 0.0  0.0  0.0  0.0       0.0       0.0       0.0
 0.0  0.0  0.0  0.0       0.0       0.0       0.0
 0.0  0.0  0.0  0.248201  0.248201  0.248201  0.255398
3-element Vector{Float64}:
 0.15068614855710702
 0.15068614855710702
 0.15068614855710702
a: [0.0 0.0 0.0; 0.021074896956245995 0.021074896956245967 0.021074896956246866; 0.018857052176402038 0.018857052176401892 0.01885705217640188; 0.0 0.0 0.0; 0.02161414266836137 0.021614142668361144 0.02161414266836143; 0.03317544389703708 0.033175443897037894 0.03317544389703789; 0.037190889506428994 0.03719088950642859 0.03719088950642774; 0.01877372335263143 0.01877372335263149 0.018773723352631014; 0.0 0.0 0.0]
b: [0.15068614855710702, 0.15068614855710702, 0.15068614855710702]
c: [0.0 0.0 0.0 0.2504436661557705 0.2504436661557703 0.25044366615577074 0.24866900153268842; 0.0 0.0 0.0 0.2509690787576081 0.25096907875760865 0.2509690787576082 0.24709276372717504; 0.0 0.0 0.0 0.2503864989159402 0.2503864989159399 0.2503864989159399 0.24884050325218002; 0.0 0.0 0.0 0.0 0.0 0.0 0.0; 0.0 0.0 0.0 0.0 0.0 0.0 0.0; 0.0 0.0 0.0 0.24820075617068116 0.2482007561706812 0.2482007561706812 0.2553977314879565]
d: [0.15068614855710702, 0.15068614855710702, 0.15068614855710702]
comparison (CRT and Glb)on prediction: Dict{Bool, Int64}(0 => 56, 1 => 0)
Dataname	 time	 objv	 lb	 gap	 train_w	 train_g	 test_w	 test_g
/work_bgfs/n/navarrodelacruz/odt/optimal_decision_tree/augmented_datasets/glass/glass_300.glass	 30.84	 10.66449481417545	 N/A	 N/A	 66.883	 0.0	 53.571	 0.0
