Running 6 processes.
Start training /work_bgfs/n/navarrodelacruz/odt/optimal_decision_tree/augmented_datasets/glass/glass_814.glass with seed 1.
Any[]
(9, 210)
(9, 104)
(9, 52)
(9, 54)
dimension: 9, class: 6
cart cost: 142.94999999999996
size of X: (9, 156)
Using method: Global linear DT optimization
Version identifier: 20.1.0.0 | 2020-11-10 | 9bedb6d68
CPXPARAM_Threads                                 1
CPXPARAM_TimeLimit                               1728000
Tried aggregator 1 time.
No LP presolve or aggregator reductions.
Presolve time = 0.01 sec. (4.43 ticks)
Initializing dual steep norms . . .

Iteration log . . .
Iteration:     1   Dual objective     =             0.000000
Perturbation started.
Iteration:    51   Dual objective     =             0.000000
Iteration:   246   Dual objective     =             0.000046
Iteration:   348   Dual objective     =             0.000064
Iteration:   491   Dual objective     =             0.019846
Iteration:   623   Dual objective     =             0.023140
Iteration:   768   Dual objective     =             0.060019
Iteration:   907   Dual objective     =             0.701639
Iteration:  1011   Dual objective     =             1.425439
Iteration:  1115   Dual objective     =             1.438569
Iteration:  1239   Dual objective     =             1.451748
Iteration:  1374   Dual objective     =             2.856787
Iteration:  1499   Dual objective     =             4.236823
Iteration:  1623   Dual objective     =             5.619728
Iteration:  1741   Dual objective     =            10.519914
Iteration:  1888   Dual objective     =            10.521702
Removing perturbation.
9×3 Matrix{Float64}:
 0.0  0.0  0.0
 0.0  0.0  0.0
 1.0  0.0  0.0
 0.0  0.0  1.0
 0.0  0.0  0.0
 0.0  0.0  0.0
 0.0  0.0  0.0
 0.0  1.0  0.0
 0.0  0.0  0.0
3-element Vector{Float64}:
 0.5872870941739221
 0.13983977845328655
 0.3694225601918031
6×7 Matrix{Float64}:
 0.0  0.0  0.0  0.0  0.0  1.0  0.0
 0.0  0.0  0.0  1.0  0.0  0.0  1.0
 0.0  0.0  0.0  0.0  0.0  0.0  0.0
 0.0  0.0  0.0  0.0  0.0  0.0  0.0
 0.0  0.0  0.0  0.0  0.0  0.0  0.0
 0.0  0.0  0.0  0.0  1.0  0.0  0.0
3-element Vector{Float64}:
 1.0
 1.0
 1.0
9×3 Matrix{Float64}:
 0.0        0.0        0.0
 0.0        0.0        0.0
 0.0        0.0        0.0
 0.0        0.0        0.0
 0.0        0.0        0.0
 0.0332271  0.0332271  0.0332271
 0.0214372  0.0214372  0.0214372
 0.0907679  0.0907679  0.0907679
 0.0        0.0        0.0
3-element Vector{Float64}:
 0.14543219507414412
 0.14543219507414407
 0.14543219507414418
6×7 Matrix{Float64}:
 0.0  0.0  0.0  0.261353  0.261353  0.261353  0.215941
 0.0  0.0  0.0  0.267234  0.267234  0.267234  0.198297
 0.0  0.0  0.0  0.273107  0.273107  0.273107  0.180678
 0.0  0.0  0.0  0.0       0.0       0.0       0.0
 0.0  0.0  0.0  0.0       0.0       0.0       0.0
 0.0  0.0  0.0  0.198305  0.198305  0.198305  0.405084
3-element Vector{Float64}:
 0.14543219507414412
 0.14543219507414407
 0.14543219507414418
a: [0.0 0.0 0.0; 0.0 0.0 0.0; 0.0 0.0 0.0; 0.0 0.0 0.0; 0.0 0.0 0.0; 0.033227132192319014 0.0332271321923189 0.0332271321923191; 0.021437162446595142 0.021437162446594993 0.021437162446595125; 0.09076790043522992 0.09076790043523017 0.09076790043523036; 0.0 0.0 0.0]
b: [0.14543219507414412, 0.14543219507414407, 0.14543219507414418]
c: [0.0 0.0 0.0 0.26135301836790914 0.26135301836790914 0.2613530183679093 0.2159409448962725; 0.0 0.0 0.0 0.2672341899269428 0.2672341899269428 0.26723418992694287 0.19829743021917168; 0.0 0.0 0.0 0.27310733265030285 0.2731073326503028 0.2731073326503031 0.18067800204909132; 0.0 0.0 0.0 0.0 0.0 0.0 0.0; 0.0 0.0 0.0 0.0 0.0 0.0 0.0; 0.0 0.0 0.0 0.1983054590548452 0.19830545905484534 0.19830545905484478 0.4050836228354645]
d: [0.14543219507414412, 0.14543219507414407, 0.14543219507414418]
comparison (CRT and Glb)on prediction: Dict{Bool, Int64}(0 => 54, 1 => 0)
Dataname	 time	 objv	 lb	 gap	 train_w	 train_g	 test_w	 test_g
/work_bgfs/n/navarrodelacruz/odt/optimal_decision_tree/augmented_datasets/glass/glass_814.glass	 63.97	 10.52181482926116	 N/A	 N/A	 67.308	 0.0	 51.852	 0.0
