Running 6 processes.
Start training /work_bgfs/n/navarrodelacruz/odt/optimal_decision_tree/augmented_datasets/glass/glass_121.glass with seed 1.
Any[]
(9, 210)
(9, 103)
(9, 51)
(9, 56)
dimension: 9, class: 6
cart cost: 141.07105263157897
size of X: (9, 154)
Using method: Global linear DT optimization
Version identifier: 20.1.0.0 | 2020-11-10 | 9bedb6d68
CPXPARAM_Threads                                 1
CPXPARAM_TimeLimit                               1728000
Tried aggregator 1 time.
No LP presolve or aggregator reductions.
Presolve time = 0.01 sec. (4.26 ticks)
Initializing dual steep norms . . .

Iteration log . . .
Iteration:     1   Dual objective     =             0.000000
Perturbation started.
Iteration:    51   Dual objective     =             0.000000
Iteration:   239   Dual objective     =             0.000046
Iteration:   368   Dual objective     =             0.010371
Iteration:   523   Dual objective     =             0.026386
Iteration:   673   Dual objective     =             0.039473
Iteration:   800   Dual objective     =             0.075709
Iteration:   913   Dual objective     =             0.751733
Iteration:  1057   Dual objective     =             1.407349
Iteration:  1203   Dual objective     =             2.774064
Iteration:  1328   Dual objective     =             2.820346
Iteration:  1445   Dual objective     =             4.176447
Iteration:  1573   Dual objective     =             4.860478
Iteration:  1709   Dual objective     =             6.925435
Iteration:  1828   Dual objective     =             8.328515
Iteration:  1959   Dual objective     =            10.368170
Iteration:  2110   Dual objective     =            10.382865
Removing perturbation.
9×3 Matrix{Float64}:
 0.0  0.0  0.0
 0.0  0.0  0.0
 1.0  0.0  0.0
 0.0  0.0  0.0
 0.0  0.0  0.0
 0.0  0.0  0.0
 0.0  0.0  1.0
 0.0  1.0  0.0
 0.0  0.0  0.0
3-element Vector{Float64}:
 0.5832383900598841
 0.14974453606362131
 0.2762691263725041
6×7 Matrix{Float64}:
 0.0  0.0  0.0  0.0  0.0  0.0  1.0
 0.0  0.0  0.0  1.0  0.0  1.0  0.0
 0.0  0.0  0.0  0.0  0.0  0.0  0.0
 0.0  0.0  0.0  0.0  0.0  0.0  0.0
 0.0  0.0  0.0  0.0  0.0  0.0  0.0
 0.0  0.0  0.0  0.0  1.0  0.0  0.0
3-element Vector{Float64}:
 1.0
 1.0
 1.0
9×3 Matrix{Float64}:
 0.0        0.0        0.0
 0.0        0.0        0.0
 0.0        0.0        0.0
 0.0        0.0        0.0
 0.0        0.0        0.0
 0.0354939  0.0354939  0.0354939
 0.0142385  0.0142385  0.0142385
 0.0952841  0.0952841  0.0952841
 0.0        0.0        0.0
3-element Vector{Float64}:
 0.14501659824071544
 0.14501659824071533
 0.14501659824071544
6×7 Matrix{Float64}:
 0.0  0.0  0.0  0.260184  0.260184  0.260184  0.219447
 0.0  0.0  0.0  0.269405  0.269405  0.269405  0.191786
 0.0  0.0  0.0  0.275958  0.275958  0.275958  0.172126
 0.0  0.0  0.0  0.0       0.0       0.0       0.0
 0.0  0.0  0.0  0.0       0.0       0.0       0.0
 0.0  0.0  0.0  0.194453  0.194453  0.194453  0.416641
3-element Vector{Float64}:
 0.14501659824071544
 0.14501659824071533
 0.14501659824071544
a: [0.0 0.0 0.0; 0.0 0.0 0.0; 0.0 0.0 0.0; 0.0 0.0 0.0; 0.0 0.0 0.0; 0.035493946189103676 0.035493946189103384 0.0354939461891038; 0.014238544601994793 0.014238544601995251 0.014238544601993655; 0.09528410744961702 0.09528410744961671 0.09528410744961799; 0.0 0.0 0.0]
b: [0.14501659824071544, 0.14501659824071533, 0.14501659824071544]
c: [0.0 0.0 0.0 0.26018440499793505 0.26018440499793494 0.2601844049979354 0.21944678500619427; 0.0 0.0 0.0 0.2694045306779298 0.2694045306779299 0.26940453067793013 0.19178640796621058; 0.0 0.0 0.0 0.27595801757853977 0.27595801757853966 0.27595801757854 0.1721259472643806; 0.0 0.0 0.0 0.0 0.0 0.0 0.0; 0.0 0.0 0.0 0.0 0.0 0.0 0.0; 0.0 0.0 0.0 0.19445304674559544 0.19445304674559538 0.1944530467455945 0.4166408597632145]
d: [0.14501659824071544, 0.14501659824071533, 0.14501659824071544]
comparison (CRT and Glb)on prediction: Dict{Bool, Int64}(0 => 56, 1 => 0)
Dataname	 time	 objv	 lb	 gap	 train_w	 train_g	 test_w	 test_g
/work_bgfs/n/navarrodelacruz/odt/optimal_decision_tree/augmented_datasets/glass/glass_121.glass	 27.71	 10.383594594999288	 N/A	 N/A	 66.883	 0.0	 55.357	 0.0
