Running 6 processes.
Start training /work_bgfs/n/navarrodelacruz/odt/optimal_decision_tree/augmented_datasets/glass/glass_250.glass with seed 1.
Any[]
(9, 210)
(9, 104)
(9, 52)
(9, 54)
dimension: 9, class: 6
cart cost: 142.94999999999996
size of X: (9, 156)
Using method: Global linear DT optimization
Version identifier: 20.1.0.0 | 2020-11-10 | 9bedb6d68
CPXPARAM_Threads                                 1
CPXPARAM_TimeLimit                               1728000
Tried aggregator 1 time.
No LP presolve or aggregator reductions.
Presolve time = 0.01 sec. (4.41 ticks)
Initializing dual steep norms . . .

Iteration log . . .
Iteration:     1   Dual objective     =             0.000000
Perturbation started.
Iteration:    51   Dual objective     =             0.000000
Iteration:   230   Dual objective     =             0.000040
Iteration:   403   Dual objective     =             0.016816
Iteration:   514   Dual objective     =             2.112035
Iteration:   622   Dual objective     =             2.820195
Iteration:   730   Dual objective     =             2.856648
Iteration:   871   Dual objective     =             3.505143
Iteration:   979   Dual objective     =             3.520215
Iteration:  1123   Dual objective     =             3.538475
Iteration:  1235   Dual objective     =             4.215056
Iteration:  1367   Dual objective     =             9.121579
Iteration:  1502   Dual objective     =             9.832835
Iteration:  1646   Dual objective     =            10.513027
Iteration:  1802   Dual objective     =            10.522001
Iteration:  1919   Dual objective     =            10.522474
Removing perturbation.
Iteration:  1956   Scaled dual infeas =             0.000000
Iteration:  1957   Dual objective     =            10.522432
Reperturbation started.
Iteration:  2008   Dual objective     =            10.522432
Removing perturbation.
9×3 Matrix{Float64}:
 0.0  0.0  0.0
 0.0  0.0  0.0
 1.0  0.0  0.0
 0.0  0.0  1.0
 0.0  0.0  0.0
 0.0  0.0  0.0
 0.0  0.0  0.0
 0.0  1.0  0.0
 0.0  0.0  0.0
3-element Vector{Float64}:
 0.5863132874351371
 0.14664405377110942
 0.3619795378354641
6×7 Matrix{Float64}:
 0.0  0.0  0.0  0.0  0.0  1.0  0.0
 0.0  0.0  0.0  1.0  0.0  0.0  1.0
 0.0  0.0  0.0  0.0  0.0  0.0  0.0
 0.0  0.0  0.0  0.0  0.0  0.0  0.0
 0.0  0.0  0.0  0.0  0.0  0.0  0.0
 0.0  0.0  0.0  0.0  1.0  0.0  0.0
3-element Vector{Float64}:
 1.0
 1.0
 1.0
9×3 Matrix{Float64}:
 0.0         0.0         0.0
 0.0         0.0         0.0
 0.00893898  0.00893898  0.00893898
 0.0         0.0         0.0
 0.0191459   0.0191459   0.0191459
 0.0396952   0.0396952   0.0396952
 0.0280655   0.0280655   0.0280655
 0.0474949   0.0474949   0.0474949
 0.00620826  0.00620826  0.00620826
3-element Vector{Float64}:
 0.14954874388457445
 0.14954874388457445
 0.14954874388457445
6×7 Matrix{Float64}:
 0.0  0.0  0.0  0.262267  0.262267  0.262267  0.213198
 0.0  0.0  0.0  0.223308  0.223308  0.223308  0.330076
 0.0  0.0  0.0  0.263686  0.263686  0.263686  0.208942
 0.0  0.0  0.0  0.0       0.0       0.0       0.0
 0.0  0.0  0.0  0.0       0.0       0.0       0.0
 0.0  0.0  0.0  0.250739  0.250739  0.250739  0.247784
3-element Vector{Float64}:
 0.14954874388457445
 0.14954874388457445
 0.14954874388457445
a: [0.0 0.0 0.0; 0.0 0.0 0.0; 0.008938980993850392 0.008938980993850385 0.00893898099385035; 0.0 0.0 0.0; 0.019145869845429986 0.019145869845429896 0.01914586984543007; 0.03969521035931762 0.03969521035931758 0.03969521035931758; 0.02806550114131085 0.028065501141311098 0.02806550114131089; 0.04749492351795144 0.04749492351795146 0.04749492351795154; 0.006208258026714179 0.0062082580267139986 0.006208258026714056]
b: [0.14954874388457445, 0.14954874388457445, 0.14954874388457445]
c: [0.0 0.0 0.0 0.26226727476574485 0.2622672747657447 0.26226727476574485 0.21319817570276522; 0.0 0.0 0.0 0.22330794140581467 0.22330794140581478 0.2233079414058149 0.3300761757825561; 0.0 0.0 0.0 0.2636860997252063 0.26368609972520635 0.2636860997252063 0.20894170082438102; 0.0 0.0 0.0 0.0 0.0 0.0 0.0; 0.0 0.0 0.0 0.0 0.0 0.0 0.0; 0.0 0.0 0.0 0.2507386841032342 0.2507386841032342 0.25073868410323397 0.24778394769029766]
d: [0.14954874388457445, 0.14954874388457445, 0.14954874388457445]
comparison (CRT and Glb)on prediction: Dict{Bool, Int64}(0 => 54, 1 => 0)
Dataname	 time	 objv	 lb	 gap	 train_w	 train_g	 test_w	 test_g
/work_bgfs/n/navarrodelacruz/odt/optimal_decision_tree/augmented_datasets/glass/glass_250.glass	 30.95	 10.52243231158271	 N/A	 N/A	 67.308	 0.0	 51.852	 0.0
