Running 6 processes.
Start training /work_bgfs/n/navarrodelacruz/odt/optimal_decision_tree/augmented_datasets/glass/glass_638.glass with seed 1.
Any[]
(9, 210)
(9, 104)
(9, 52)
(9, 54)
dimension: 9, class: 6
cart cost: 145.75
size of X: (9, 156)
Using method: Global linear DT optimization
Version identifier: 20.1.0.0 | 2020-11-10 | 9bedb6d68
CPXPARAM_Threads                                 1
CPXPARAM_TimeLimit                               1728000
Tried aggregator 1 time.
No LP presolve or aggregator reductions.
Presolve time = 0.01 sec. (4.42 ticks)
Initializing dual steep norms . . .

Iteration log . . .
Iteration:     1   Dual objective     =             0.000000
Perturbation started.
Iteration:    51   Dual objective     =             0.000000
Iteration:   223   Dual objective     =             0.000039
Iteration:   351   Dual objective     =             0.008915
Iteration:   485   Dual objective     =             0.020710
Iteration:   617   Dual objective     =             0.050646
Iteration:   741   Dual objective     =             0.058885
Iteration:   908   Dual objective     =             2.106780
Iteration:  1028   Dual objective     =             3.520611
Iteration:  1163   Dual objective     =             3.557233
Iteration:  1292   Dual objective     =             9.119451
Iteration:  1428   Dual objective     =            10.521082
Iteration:  1573   Dual objective     =            10.522448
Iteration:  1702   Dual objective     =            10.522552
Removing perturbation.
9×3 Matrix{Float64}:
 0.0  0.0  0.0
 0.0  1.0  0.0
 1.0  0.0  0.0
 0.0  0.0  0.0
 0.0  0.0  0.0
 0.0  0.0  0.0
 0.0  0.0  1.0
 0.0  0.0  0.0
 0.0  0.0  0.0
3-element Vector{Float64}:
 0.6195867740000603
 0.474836731149332
 0.2807703862294329
6×7 Matrix{Float64}:
 0.0  0.0  0.0  0.0  0.0  0.0  1.0
 0.0  0.0  0.0  1.0  0.0  1.0  0.0
 0.0  0.0  0.0  0.0  0.0  0.0  0.0
 0.0  0.0  0.0  0.0  0.0  0.0  0.0
 0.0  0.0  0.0  0.0  0.0  0.0  0.0
 0.0  0.0  0.0  0.0  1.0  0.0  0.0
3-element Vector{Float64}:
 1.0
 1.0
 1.0
9×3 Matrix{Float64}:
 0.0         0.0         0.0
 0.0162222   0.0162222   0.0162222
 0.0159644   0.0159644   0.0159644
 0.0         0.0         0.0
 0.0179541   0.0179541   0.0179541
 0.0342157   0.0342157   0.0342157
 0.0438913   0.0438913   0.0438913
 0.0149374   0.0149374   0.0149374
 0.00677743  0.00677743  0.00677743
3-element Vector{Float64}:
 0.14996252713800026
 0.1499625271380003
 0.14996252713800015
6×7 Matrix{Float64}:
 0.0  0.0  0.0  0.250469  0.250469  0.250469  0.248594
 0.0  0.0  0.0  0.245133  0.245133  0.245133  0.2646
 0.0  0.0  0.0  0.251712  0.251712  0.251712  0.244863
 0.0  0.0  0.0  0.0       0.0       0.0       0.0
 0.0  0.0  0.0  0.0       0.0       0.0       0.0
 0.0  0.0  0.0  0.252685  0.252685  0.252685  0.241944
3-element Vector{Float64}:
 0.14996252713800026
 0.1499625271380003
 0.14996252713800015
a: [0.0 0.0 0.0; 0.016222198376893135 0.01622219837689359 0.01622219837689411; 0.015964350215118057 0.01596435021511876 0.015964350215117565; 0.0 0.0 0.0; 0.017954135211153327 0.017954135211152113 0.017954135211153008; 0.03421570273722525 0.034215702737225205 0.03421570273722475; 0.04389126523725283 0.043891265237252564 0.04389126523725253; 0.014937441246276072 0.014937441246276367 0.014937441246275749; 0.006777434114081604 0.006777434114081552 0.0067774341140824845]
b: [0.14996252713800026, 0.1499625271380003, 0.14996252713800015]
c: [0.0 0.0 0.0 0.25046879658879995 0.25046879658879995 0.2504687965887999 0.24859361023360016; 0.0 0.0 0.0 0.2451333243406686 0.2451333243406687 0.24513332434066898 0.2646000269779937; 0.0 0.0 0.0 0.25171247782716133 0.2517124778271619 0.2517124778271613 0.2448625665185155; 0.0 0.0 0.0 0.0 0.0 0.0 0.0; 0.0 0.0 0.0 0.0 0.0 0.0 0.0; 0.0 0.0 0.0 0.25268540124337013 0.25268540124336947 0.2526854012433698 0.2419437962698906]
d: [0.14996252713800026, 0.1499625271380003, 0.14996252713800015]
comparison (CRT and Glb)on prediction: Dict{Bool, Int64}(0 => 54, 1 => 0)
Dataname	 time	 objv	 lb	 gap	 train_w	 train_g	 test_w	 test_g
/work_bgfs/n/navarrodelacruz/odt/optimal_decision_tree/augmented_datasets/glass/glass_638.glass	 68.03	 10.522494379070713	 N/A	 N/A	 66.667	 0.0	 57.407	 0.0
