Running 6 processes.
Start training /work_bgfs/n/navarrodelacruz/odt/optimal_decision_tree/augmented_datasets/glass/glass_888.glass with seed 1.
Any[]
(9, 210)
(9, 103)
(9, 51)
(9, 56)
dimension: 9, class: 6
cart cost: 136.36621621621623
size of X: (9, 154)
Using method: Global linear DT optimization
Version identifier: 20.1.0.0 | 2020-11-10 | 9bedb6d68
CPXPARAM_Threads                                 1
CPXPARAM_TimeLimit                               1728000
Tried aggregator 1 time.
No LP presolve or aggregator reductions.
Presolve time = 0.01 sec. (4.28 ticks)
Initializing dual steep norms . . .

Iteration log . . .
Iteration:     1   Dual objective     =             0.000000
Perturbation started.
Iteration:    51   Dual objective     =             0.000000
Iteration:   185   Dual objective     =             0.000019
Iteration:   284   Dual objective     =             0.000040
Iteration:   407   Dual objective     =             2.135032
Iteration:   517   Dual objective     =             2.861997
Iteration:   626   Dual objective     =             4.277916
Iteration:   737   Dual objective     =             4.278333
Iteration:   851   Dual objective     =             4.314957
Iteration:   995   Dual objective     =            10.662185
Iteration:  1129   Dual objective     =            10.664289
Iteration:  1260   Dual objective     =            10.664459
Removing perturbation.
Iteration:  1321   Scaled dual infeas =             0.000107
Iteration:  1327   Dual objective     =            10.664409
9×3 Matrix{Float64}:
 0.0  0.0  0.0
 0.0  0.0  0.0
 1.0  0.0  0.0
 0.0  0.0  1.0
 0.0  0.0  0.0
 0.0  0.0  0.0
 0.0  0.0  0.0
 0.0  1.0  0.0
 0.0  0.0  0.0
3-element Vector{Float64}:
 0.6172964002839569
 0.1562514113193867
 0.3505143423097067
6×7 Matrix{Float64}:
 0.0  0.0  0.0  0.0  0.0  1.0  0.0
 0.0  0.0  0.0  1.0  0.0  0.0  1.0
 0.0  0.0  0.0  0.0  0.0  0.0  0.0
 0.0  0.0  0.0  0.0  0.0  0.0  0.0
 0.0  0.0  0.0  0.0  0.0  0.0  0.0
 0.0  0.0  0.0  0.0  1.0  0.0  0.0
3-element Vector{Float64}:
 1.0
 1.0
 1.0
9×3 Matrix{Float64}:
 0.0         0.0         0.0
 0.0117931   0.0117931   0.0117931
 0.0154199   0.0154199   0.0154199
 0.0         0.0         0.0
 0.0214173   0.0214173   0.0214173
 0.0344718   0.0344718   0.0344718
 0.0478186   0.0478186   0.0478186
 0.0174145   0.0174145   0.0174145
 0.00180669  0.00180669  0.00180669
3-element Vector{Float64}:
 0.1501420060732268
 0.15014200607322686
 0.1501420060732268
6×7 Matrix{Float64}:
 0.0  0.0  0.0  0.251083  0.251083  0.251083  0.246752
 0.0  0.0  0.0  0.242955  0.242955  0.242955  0.271135
 0.0  0.0  0.0  0.2522    0.2522    0.2522    0.243399
 0.0  0.0  0.0  0.0       0.0       0.0       0.0
 0.0  0.0  0.0  0.0       0.0       0.0       0.0
 0.0  0.0  0.0  0.253762  0.253762  0.253762  0.238714
3-element Vector{Float64}:
 0.1501420060732268
 0.15014200607322686
 0.1501420060732268
a: [0.0 0.0 0.0; 0.011793118144505305 0.011793118144506391 0.011793118144499654; 0.015419942018800979 0.015419942018800776 0.015419942018798318; 0.0 0.0 0.0; 0.021417305923980785 0.02141730592398002 0.021417305923978638; 0.03447182726727141 0.03447182726727105 0.03447182726727347; 0.04781857888373567 0.04781857888373627 0.04781857888374688; 0.017414544338887505 0.017414544338887318 0.017414544338888522; 0.001806689496045186 0.001806689496045167 0.00180668949604138]
b: [0.1501420060732268, 0.15014200607322686, 0.1501420060732268]
c: [0.0 0.0 0.0 0.25108258251149107 0.2510825825114905 0.2510825825114932 0.24675225246552518; 0.0 0.0 0.0 0.2429550328555685 0.2429550328555685 0.2429550328555616 0.2711349014333014; 0.0 0.0 0.0 0.2522004736291976 0.2522004736291982 0.2522004736292003 0.24339857911240392; 0.0 0.0 0.0 0.0 0.0 0.0 0.0; 0.0 0.0 0.0 0.0 0.0 0.0 0.0; 0.0 0.0 0.0 0.2537619110037428 0.2537619110037428 0.2537619110037449 0.23871426698876952]
d: [0.1501420060732268, 0.15014200607322686, 0.1501420060732268]
comparison (CRT and Glb)on prediction: Dict{Bool, Int64}(0 => 56, 1 => 0)
Dataname	 time	 objv	 lb	 gap	 train_w	 train_g	 test_w	 test_g
/work_bgfs/n/navarrodelacruz/odt/optimal_decision_tree/augmented_datasets/glass/glass_888.glass	 57.23	 10.664413192802865	 N/A	 N/A	 68.831	 0.0	 57.143	 0.0
