Running 6 processes.
Start training /work_bgfs/n/navarrodelacruz/odt/optimal_decision_tree/augmented_datasets/glass/glass_323.glass with seed 1.
Any[]
(9, 210)
(9, 104)
(9, 52)
(9, 54)
dimension: 9, class: 6
cart cost: 143.83421052631581
size of X: (9, 156)
Using method: Global linear DT optimization
Version identifier: 20.1.0.0 | 2020-11-10 | 9bedb6d68
CPXPARAM_Threads                                 1
CPXPARAM_TimeLimit                               1728000
Tried aggregator 1 time.
No LP presolve or aggregator reductions.
Presolve time = 0.01 sec. (4.41 ticks)
Initializing dual steep norms . . .

Iteration log . . .
Iteration:     1   Dual objective     =             0.000000
Perturbation started.
Iteration:    51   Dual objective     =             0.000000
Iteration:   164   Dual objective     =             0.000018
Iteration:   339   Dual objective     =             0.009252
Iteration:   478   Dual objective     =             0.020686
Iteration:   608   Dual objective     =             0.045316
Iteration:   745   Dual objective     =             0.057731
Iteration:   895   Dual objective     =             0.702956
Iteration:  1029   Dual objective     =             0.741921
Iteration:  1151   Dual objective     =             1.413888
Iteration:  1265   Dual objective     =             1.421237
Iteration:  1390   Dual objective     =             1.457934
Iteration:  1532   Dual objective     =             4.145156
Iteration:  1647   Dual objective     =             4.154172
Iteration:  1799   Dual objective     =             4.221145
Iteration:  1945   Dual objective     =             5.535870
Iteration:  2091   Dual objective     =             5.602476
Iteration:  2254   Dual objective     =             8.998628
Iteration:  2375   Dual objective     =            10.383637
Iteration:  2500   Dual objective     =            10.384356
Removing perturbation.
9×3 Matrix{Float64}:
 0.0  0.0  0.0
 0.0  0.0  0.0
 1.0  0.0  0.0
 0.0  0.0  0.0
 0.0  0.0  0.0
 0.0  0.0  0.0
 0.0  0.0  1.0
 0.0  1.0  0.0
 0.0  0.0  0.0
3-element Vector{Float64}:
 0.5753552728630752
 0.15815898549868457
 0.26280013846724265
6×7 Matrix{Float64}:
 0.0  0.0  0.0  0.0  0.0  0.0  1.0
 0.0  0.0  0.0  1.0  0.0  1.0  0.0
 0.0  0.0  0.0  0.0  0.0  0.0  0.0
 0.0  0.0  0.0  0.0  0.0  0.0  0.0
 0.0  0.0  0.0  0.0  0.0  0.0  0.0
 0.0  0.0  0.0  0.0  1.0  0.0  0.0
3-element Vector{Float64}:
 1.0
 1.0
 1.0
9×3 Matrix{Float64}:
 0.0        0.0        0.0
 0.0148501  0.0148501  0.0148501
 0.0165773  0.0165773  0.0165773
 0.0        0.0        0.0
 0.0192165  0.0192165  0.0192165
 0.0343799  0.0343799  0.0343799
 0.0488888  0.0488888  0.0488888
 0.0162268  0.0162268  0.0162268
 0.0        0.0        0.0
3-element Vector{Float64}:
 0.15013938325629472
 0.15013938325629472
 0.15013938325629472
6×7 Matrix{Float64}:
 0.0  0.0  0.0  0.250809  0.250809  0.250809  0.247574
 0.0  0.0  0.0  0.244268  0.244268  0.244268  0.267197
 0.0  0.0  0.0  0.251105  0.251105  0.251105  0.246684
 0.0  0.0  0.0  0.0       0.0       0.0       0.0
 0.0  0.0  0.0  0.0       0.0       0.0       0.0
 0.0  0.0  0.0  0.253818  0.253818  0.253818  0.238545
3-element Vector{Float64}:
 0.15013938325629472
 0.15013938325629472
 0.15013938325629472
a: [0.0 0.0 0.0; 0.014850056772859539 0.014850056772860457 0.014850056772854336; 0.016577286525197306 0.016577286525195856 0.016577286525197035; 0.0 0.0 0.0; 0.019216501441710825 0.019216501441711657 0.019216501441710117; 0.03437989216318139 0.034379892163180735 0.03437989216318278; 0.048888837426153645 0.04888883742615529 0.04888883742615695; 0.01622680892719182 0.016226808927190726 0.016226808927193102; 0.0 0.0 0.0]
b: [0.15013938325629472, 0.15013938325629472, 0.15013938325629472]
c: [0.0 0.0 0.0 0.2508088127266429 0.2508088127266409 0.25080881272663985 0.2475735618200763; 0.0 0.0 0.0 0.2442676534430533 0.24426765344305515 0.24426765344305304 0.26719703967083863; 0.0 0.0 0.0 0.25110524948713453 0.25110524948713475 0.2511052494871365 0.24668425153859427; 0.0 0.0 0.0 0.0 0.0 0.0 0.0; 0.0 0.0 0.0 0.0 0.0 0.0 0.0; 0.0 0.0 0.0 0.2538182843431693 0.2538182843431692 0.2538182843431707 0.23854514697049078]
d: [0.15013938325629472, 0.15013938325629472, 0.15013938325629472]
comparison (CRT and Glb)on prediction: Dict{Bool, Int64}(0 => 54, 1 => 0)
Dataname	 time	 objv	 lb	 gap	 train_w	 train_g	 test_w	 test_g
/work_bgfs/n/navarrodelacruz/odt/optimal_decision_tree/augmented_datasets/glass/glass_323.glass	 28.01	 10.384363012751626	 N/A	 N/A	 66.667	 0.0	 57.407	 0.0
