Running 6 processes.
Start training /work_bgfs/n/navarrodelacruz/odt/optimal_decision_tree/augmented_datasets/glass/glass_556.glass with seed 1.
Any[]
(9, 210)
(9, 103)
(9, 51)
(9, 56)
dimension: 9, class: 6
cart cost: 153.39324324324323
size of X: (9, 154)
Using method: Global linear DT optimization
Version identifier: 20.1.0.0 | 2020-11-10 | 9bedb6d68
CPXPARAM_Threads                                 1
CPXPARAM_TimeLimit                               1728000
Tried aggregator 1 time.
No LP presolve or aggregator reductions.
Presolve time = 0.01 sec. (4.35 ticks)
Initializing dual steep norms . . .

Iteration log . . .
Iteration:     1   Dual objective     =             0.000000
Perturbation started.
Iteration:    51   Dual objective     =             0.000000
Iteration:   229   Dual objective     =             0.000035
Iteration:   343   Dual objective     =             0.000059
Iteration:   467   Dual objective     =             1.428734
Iteration:   591   Dual objective     =             2.864960
Iteration:   726   Dual objective     =             2.895702
Iteration:   851   Dual objective     =             4.297083
Iteration:  1008   Dual objective     =             8.277302
Iteration:  1137   Dual objective     =             9.955628
Iteration:  1264   Dual objective     =            10.664044
Iteration:  1415   Dual objective     =            10.664424
Removing perturbation.
9×3 Matrix{Float64}:
 0.0  0.0  0.0
 0.0  0.0  0.0
 1.0  0.0  0.0
 0.0  0.0  0.0
 0.0  0.0  0.0
 0.0  0.0  0.0
 0.0  0.0  1.0
 0.0  1.0  0.0
 0.0  0.0  0.0
3-element Vector{Float64}:
 0.5798171500620205
 0.12664256519431402
 0.263071011583501
6×7 Matrix{Float64}:
 0.0  0.0  0.0  0.0  0.0  0.0  1.0
 0.0  0.0  0.0  1.0  0.0  1.0  0.0
 0.0  0.0  0.0  0.0  0.0  0.0  0.0
 0.0  0.0  0.0  0.0  0.0  0.0  0.0
 0.0  0.0  0.0  0.0  0.0  0.0  0.0
 0.0  0.0  0.0  0.0  1.0  0.0  0.0
3-element Vector{Float64}:
 1.0
 1.0
 1.0
9×3 Matrix{Float64}:
 0.0          0.0          0.0
 0.0153479    0.0153479    0.0153479
 0.0176435    0.0176435    0.0176435
 0.0          0.0          0.0
 0.019138     0.019138     0.019138
 0.0347129    0.0347129    0.0347129
 0.0464702    0.0464702    0.0464702
 0.0161394    0.0161394    0.0161394
 0.000621323  0.000621323  0.000621323
3-element Vector{Float64}:
 0.1500732154190661
 0.1500732154190661
 0.1500732154190661
6×7 Matrix{Float64}:
 0.0  0.0  0.0  0.250201  0.250201  0.250201  0.249397
 0.0  0.0  0.0  0.245633  0.245633  0.245633  0.263102
 0.0  0.0  0.0  0.251342  0.251342  0.251342  0.245974
 0.0  0.0  0.0  0.0       0.0       0.0       0.0
 0.0  0.0  0.0  0.0       0.0       0.0       0.0
 0.0  0.0  0.0  0.252824  0.252824  0.252824  0.241527
3-element Vector{Float64}:
 0.1500732154190661
 0.1500732154190661
 0.1500732154190661
a: [0.0 0.0 0.0; 0.015347885259721118 0.015347885259718166 0.015347885259718141; 0.017643547388180636 0.01764354738818189 0.01764354738818197; 0.0 0.0 0.0; 0.01913795992884173 0.01913795992884246 0.019137959928842437; 0.0347129169433558 0.03471291694335646 0.034712916943356494; 0.04647016407410809 0.046470164074107576 0.04647016407410755; 0.01613941925738358 0.016139419257383297 0.016139419257383297; 0.0006213225674751542 0.0006213225674762174 0.0006213225674761705]
b: [0.1500732154190661, 0.1500732154190661, 0.1500732154190661]
c: [0.0 0.0 0.0 0.250200886481207 0.250200886481208 0.25020088648120686 0.2493973405563782; 0.0 0.0 0.0 0.24563265345280194 0.2456326534528017 0.24563265345280172 0.2631020396415946; 0.0 0.0 0.0 0.25134203055060156 0.2513420305506018 0.25134203055060156 0.2459739083481951; 0.0 0.0 0.0 0.0 0.0 0.0 0.0; 0.0 0.0 0.0 0.0 0.0 0.0 0.0; 0.0 0.0 0.0 0.2528244295153895 0.2528244295153885 0.25282442951538986 0.2415267114538321]
d: [0.1500732154190661, 0.1500732154190661, 0.1500732154190661]
comparison (CRT and Glb)on prediction: Dict{Bool, Int64}(0 => 56, 1 => 0)
Dataname	 time	 objv	 lb	 gap	 train_w	 train_g	 test_w	 test_g
/work_bgfs/n/navarrodelacruz/odt/optimal_decision_tree/augmented_datasets/glass/glass_556.glass	 28.82	 10.664402874204747	 N/A	 N/A	 64.935	 0.0	 53.571	 0.0
