Running 6 processes.
Start training /work_bgfs/n/navarrodelacruz/odt/optimal_decision_tree/augmented_datasets/glass/glass_143.glass with seed 1.
Any[]
(9, 210)
(9, 104)
(9, 52)
(9, 54)
dimension: 9, class: 6
cart cost: 136.36621621621623
size of X: (9, 156)
Using method: Global linear DT optimization
Version identifier: 20.1.0.0 | 2020-11-10 | 9bedb6d68
CPXPARAM_Threads                                 1
CPXPARAM_TimeLimit                               1728000
Tried aggregator 1 time.
No LP presolve or aggregator reductions.
Presolve time = 0.01 sec. (4.29 ticks)
Initializing dual steep norms . . .

Iteration log . . .
Iteration:     1   Dual objective     =             0.000000
Perturbation started.
Iteration:    51   Dual objective     =             0.000000
Iteration:   213   Dual objective     =             0.000032
Iteration:   339   Dual objective     =             0.012437
Iteration:   461   Dual objective     =             0.022873
Iteration:   587   Dual objective     =             0.733351
Iteration:   702   Dual objective     =             0.748274
Iteration:   805   Dual objective     =             1.440132
Iteration:   945   Dual objective     =             2.846790
Iteration:  1059   Dual objective     =             2.895865
Iteration:  1192   Dual objective     =             3.553696
Iteration:  1333   Dual objective     =             7.120369
Iteration:  1491   Dual objective     =             8.513566
Iteration:  1596   Dual objective     =             9.242696
Iteration:  1745   Dual objective     =            10.661668
Iteration:  1897   Dual objective     =            10.663699
Removing perturbation.
9×3 Matrix{Float64}:
 0.0  0.0  0.0
 0.0  0.0  0.0
 1.0  0.0  0.0
 0.0  0.0  0.0
 0.0  0.0  0.0
 0.0  0.0  0.0
 0.0  0.0  1.0
 0.0  1.0  0.0
 0.0  0.0  0.0
3-element Vector{Float64}:
 0.7206461044877938
 0.12721758660562493
 0.2610854173097706
6×7 Matrix{Float64}:
 0.0  0.0  0.0  0.0  0.0  0.0  1.0
 0.0  0.0  0.0  1.0  0.0  1.0  0.0
 0.0  0.0  0.0  0.0  0.0  0.0  0.0
 0.0  0.0  0.0  0.0  0.0  0.0  0.0
 0.0  0.0  0.0  0.0  0.0  0.0  0.0
 0.0  0.0  0.0  0.0  1.0  0.0  0.0
3-element Vector{Float64}:
 1.0
 1.0
 1.0
9×3 Matrix{Float64}:
 0.0         0.0         0.0
 0.0         0.0         0.0
 0.0         0.0         0.0
 0.0         0.0         0.0
 0.00252058  0.00252058  0.00252058
 0.0308699   0.0308699   0.0308699
 0.0596672   0.0596672   0.0596672
 0.0442279   0.0442279   0.0442279
 0.0105993   0.0105993   0.0105993
3-element Vector{Float64}:
 0.14788492406661685
 0.1478849240666168
 0.14788492406661685
6×7 Matrix{Float64}:
 0.0  0.0  0.0  0.260999  0.260999  0.260999  0.217004
 0.0  0.0  0.0  0.226157  0.226157  0.226157  0.321528
 0.0  0.0  0.0  0.264361  0.264361  0.264361  0.206916
 0.0  0.0  0.0  0.0       0.0       0.0       0.0
 0.0  0.0  0.0  0.0       0.0       0.0       0.0
 0.0  0.0  0.0  0.248483  0.248483  0.248483  0.254552
3-element Vector{Float64}:
 0.14788492406661685
 0.1478849240666168
 0.14788492406661685
a: [0.0 0.0 0.0; 0.0 0.0 0.0; 0.0 0.0 0.0; 0.0 0.0 0.0; 0.0025205823260377735 0.0025205823260382185 0.00252058232604236; 0.030869935440196672 0.03086993544019412 0.030869935440197116; 0.05966720924937286 0.05966720924936694 0.0596672092493688; 0.044227919087450336 0.04422791908744943 0.04422791908745061; 0.010599277963559202 0.010599277963568125 0.010599277963557967]
b: [0.14788492406661685, 0.1478849240666168, 0.14788492406661685]
c: [0.0 0.0 0.0 0.2609988180029098 0.2609988180029057 0.2609988180029003 0.21700354599128382; 0.0 0.0 0.0 0.2261574072514567 0.2261574072514561 0.22615740725146088 0.3215277782456266; 0.0 0.0 0.0 0.2643612711592371 0.2643612711592412 0.2643612711592408 0.20691618652228072; 0.0 0.0 0.0 0.0 0.0 0.0 0.0; 0.0 0.0 0.0 0.0 0.0 0.0 0.0; 0.0 0.0 0.0 0.24848250358639648 0.24848250358639706 0.24848250358639798 0.25455248924080826]
d: [0.14788492406661685, 0.1478849240666168, 0.14788492406661685]
comparison (CRT and Glb)on prediction: Dict{Bool, Int64}(0 => 54, 1 => 0)
Dataname	 time	 objv	 lb	 gap	 train_w	 train_g	 test_w	 test_g
/work_bgfs/n/navarrodelacruz/odt/optimal_decision_tree/augmented_datasets/glass/glass_143.glass	 27.33	 10.664074630501883	 N/A	 N/A	 69.231	 0.0	 57.407	 0.0
