Running 6 processes.
Start training /work_bgfs/n/navarrodelacruz/odt/optimal_decision_tree/augmented_datasets/glass/glass_913.glass with seed 1.
Any[]
(9, 210)
(9, 103)
(9, 51)
(9, 56)
dimension: 9, class: 6
cart cost: 136.36621621621623
size of X: (9, 154)
Using method: Global linear DT optimization
Version identifier: 20.1.0.0 | 2020-11-10 | 9bedb6d68
CPXPARAM_Threads                                 1
CPXPARAM_TimeLimit                               1728000
Tried aggregator 1 time.
No LP presolve or aggregator reductions.
Presolve time = 0.01 sec. (4.37 ticks)
Initializing dual steep norms . . .

Iteration log . . .
Iteration:     1   Dual objective     =             0.000000
Perturbation started.
Iteration:    51   Dual objective     =             0.000000
Iteration:   186   Dual objective     =             0.000031
Iteration:   347   Dual objective     =             0.013128
Iteration:   464   Dual objective     =             0.729332
Iteration:   585   Dual objective     =             2.157698
Iteration:   692   Dual objective     =             4.289172
Iteration:   820   Dual objective     =             9.235551
Iteration:   956   Dual objective     =            10.662822
Iteration:  1091   Dual objective     =            10.664453
Removing perturbation.
9×3 Matrix{Float64}:
 0.0  0.0  0.0
 0.0  0.0  0.0
 1.0  0.0  0.0
 0.0  0.0  1.0
 0.0  0.0  0.0
 0.0  0.0  0.0
 0.0  0.0  0.0
 0.0  1.0  0.0
 0.0  0.0  0.0
3-element Vector{Float64}:
 0.6125943488025287
 0.1433697521838643
 0.3408623264850581
6×7 Matrix{Float64}:
 0.0  0.0  0.0  0.0  0.0  1.0  0.0
 0.0  0.0  0.0  1.0  0.0  0.0  1.0
 0.0  0.0  0.0  0.0  0.0  0.0  0.0
 0.0  0.0  0.0  0.0  0.0  0.0  0.0
 0.0  0.0  0.0  0.0  0.0  0.0  0.0
 0.0  0.0  0.0  0.0  1.0  0.0  0.0
3-element Vector{Float64}:
 1.0
 1.0
 1.0
9×3 Matrix{Float64}:
 0.0        0.0        0.0
 0.0126433  0.0126433  0.0126433
 0.0199863  0.0199863  0.0199863
 0.0        0.0        0.0
 0.0173356  0.0173356  0.0173356
 0.0359853  0.0359853  0.0359853
 0.0463519  0.0463519  0.0463519
 0.017975   0.017975   0.017975
 0.0        0.0        0.0
3-element Vector{Float64}:
 0.15027744212164684
 0.1502774421216469
 0.15027744212164687
6×7 Matrix{Float64}:
 0.0  0.0  0.0  0.25052   0.25052   0.25052   0.248439
 0.0  0.0  0.0  0.244341  0.244341  0.244341  0.266976
 0.0  0.0  0.0  0.25134   0.25134   0.25134   0.24598
 0.0  0.0  0.0  0.0       0.0       0.0       0.0
 0.0  0.0  0.0  0.0       0.0       0.0       0.0
 0.0  0.0  0.0  0.253798  0.253798  0.253798  0.238605
3-element Vector{Float64}:
 0.15027744212164684
 0.1502774421216469
 0.15027744212164687
a: [0.0 0.0 0.0; 0.012643322124045214 0.012643322124044662 0.012643322124045332; 0.019986256778384698 0.019986256778384802 0.01998625677838414; 0.0 0.0 0.0; 0.017335601065076034 0.01733560106507638 0.017335601065075056; 0.0359852986049478 0.03598529860494798 0.035985298604947674; 0.04635193458044354 0.046351934580443385 0.04635193458044498; 0.01797502896874956 0.017975028968749716 0.017975028968749737; 0.0 0.0 0.0]
b: [0.15027744212164684, 0.1502774421216469, 0.15027744212164687]
c: [0.0 0.0 0.0 0.2505202702929596 0.2505202702929597 0.25052027029296 0.24843918912112078; 0.0 0.0 0.0 0.24434135328553072 0.24434135328553072 0.24434135328552958 0.2669759401434089; 0.0 0.0 0.0 0.25134011929661987 0.25134011929661976 0.25134011929662037 0.24597964211013995; 0.0 0.0 0.0 0.0 0.0 0.0 0.0; 0.0 0.0 0.0 0.0 0.0 0.0 0.0; 0.0 0.0 0.0 0.2537982571248898 0.25379825712488974 0.2537982571248901 0.2386052286253303]
d: [0.15027744212164684, 0.1502774421216469, 0.15027744212164687]
comparison (CRT and Glb)on prediction: Dict{Bool, Int64}(0 => 56, 1 => 0)
Dataname	 time	 objv	 lb	 gap	 train_w	 train_g	 test_w	 test_g
/work_bgfs/n/navarrodelacruz/odt/optimal_decision_tree/augmented_datasets/glass/glass_913.glass	 33.64	 10.664433508210129	 N/A	 N/A	 68.831	 0.0	 55.357	 0.0
