Running 6 processes.
Start training /work_bgfs/n/navarrodelacruz/odt/optimal_decision_tree/augmented_datasets/glass/glass_938.glass with seed 1.
Any[]
(9, 210)
(9, 103)
(9, 52)
(9, 55)
dimension: 9, class: 6
cart cost: 145.98333333333335
size of X: (9, 155)
Using method: Global linear DT optimization
Version identifier: 20.1.0.0 | 2020-11-10 | 9bedb6d68
CPXPARAM_Threads                                 1
CPXPARAM_TimeLimit                               1728000
Tried aggregator 1 time.
No LP presolve or aggregator reductions.
Presolve time = 0.01 sec. (4.38 ticks)
Initializing dual steep norms . . .

Iteration log . . .
Iteration:     1   Dual objective     =             0.000000
Perturbation started.
Iteration:    51   Dual objective     =             0.000000
Iteration:   237   Dual objective     =             0.000045
Iteration:   376   Dual objective     =             0.016352
Iteration:   528   Dual objective     =             0.021078
Iteration:   681   Dual objective     =             0.032064
Iteration:   815   Dual objective     =             0.742782
Iteration:   958   Dual objective     =             0.759881
Iteration:  1093   Dual objective     =             0.767814
Iteration:  1250   Dual objective     =             2.212999
Iteration:  1389   Dual objective     =             2.944193
Iteration:  1519   Dual objective     =             3.695142
Iteration:  1671   Dual objective     =             5.152024
Iteration:  1824   Dual objective     =             5.849404
Iteration:  1939   Dual objective     =             7.317324
Iteration:  2074   Dual objective     =            10.245616
Iteration:  2223   Dual objective     =            10.959432
Iteration:  2377   Dual objective     =            10.960052
Removing perturbation.
Iteration:  2414   Scaled dual infeas =             0.000008
Iteration:  2418   Dual objective     =            10.960004
9×3 Matrix{Float64}:
 0.0  0.0  0.0
 0.0  0.0  0.0
 1.0  0.0  0.0
 0.0  0.0  1.0
 0.0  0.0  0.0
 0.0  0.0  0.0
 0.0  0.0  0.0
 0.0  1.0  0.0
 0.0  0.0  0.0
3-element Vector{Float64}:
 0.6207639649604504
 0.15011995454029345
 0.3577674680601526
6×7 Matrix{Float64}:
 0.0  0.0  0.0  0.0  0.0  1.0  0.0
 0.0  0.0  0.0  1.0  0.0  0.0  1.0
 0.0  0.0  0.0  0.0  0.0  0.0  0.0
 0.0  0.0  0.0  0.0  0.0  0.0  0.0
 0.0  0.0  0.0  0.0  0.0  0.0  0.0
 0.0  0.0  0.0  0.0  1.0  0.0  0.0
3-element Vector{Float64}:
 1.0
 1.0
 1.0
9×3 Matrix{Float64}:
 0.0        0.0        0.0
 0.0133604  0.0133604  0.0133604
 0.019384   0.019384   0.019384
 0.0        0.0        0.0
 0.0201303  0.0201303  0.0201303
 0.0351569  0.0351569  0.0351569
 0.0441647  0.0441647  0.0441647
 0.0178686  0.0178686  0.0178686
 0.0        0.0        0.0
3-element Vector{Float64}:
 0.1500648749317663
 0.1500648749317663
 0.1500648749317663
6×7 Matrix{Float64}:
 0.0  0.0  0.0  0.25018   0.25018   0.25018   0.249461
 0.0  0.0  0.0  0.246342  0.246342  0.246342  0.260973
 0.0  0.0  0.0  0.251274  0.251274  0.251274  0.246178
 0.0  0.0  0.0  0.0       0.0       0.0       0.0
 0.0  0.0  0.0  0.0       0.0       0.0       0.0
 0.0  0.0  0.0  0.252204  0.252204  0.252204  0.243388
3-element Vector{Float64}:
 0.1500648749317663
 0.1500648749317663
 0.1500648749317663
a: [0.0 0.0 0.0; 0.013360354544175376 0.013360354544174786 0.013360354544176428; 0.019384039600258807 0.019384039600258713 0.01938403960026059; 0.0 0.0 0.0; 0.02013034237872772 0.020130342378728218 0.020130342378728894; 0.035156880977837764 0.03515688097783818 0.03515688097783782; 0.04416465677481388 0.044164656774813224 0.044164656774809574; 0.017868600655952777 0.017868600655953172 0.017868600655952832; 0.0 0.0 0.0]
b: [0.1500648749317663, 0.1500648749317663, 0.1500648749317663]
c: [0.0 0.0 0.0 0.25017955906842143 0.25017955906842193 0.25017955906842104 0.2494613227947355; 0.0 0.0 0.0 0.24634238652056217 0.24634238652056178 0.24634238652056473 0.2609728404383114; 0.0 0.0 0.0 0.25127395066754005 0.2512739506675399 0.25127395066753877 0.24617814799738122; 0.0 0.0 0.0 0.0 0.0 0.0 0.0; 0.0 0.0 0.0 0.0 0.0 0.0 0.0; 0.0 0.0 0.0 0.2522041037434764 0.2522041037434764 0.25220410374347546 0.24338768876957179]
d: [0.1500648749317663, 0.1500648749317663, 0.1500648749317663]
comparison (CRT and Glb)on prediction: Dict{Bool, Int64}(0 => 55, 1 => 0)
Dataname	 time	 objv	 lb	 gap	 train_w	 train_g	 test_w	 test_g
/work_bgfs/n/navarrodelacruz/odt/optimal_decision_tree/augmented_datasets/glass/glass_938.glass	 36.55	 10.960009731239738	 N/A	 N/A	 67.742	 0.0	 54.545	 0.0
