Running 6 processes.
Start training /work_bgfs/n/navarrodelacruz/odt/optimal_decision_tree/augmented_datasets/glass/glass_44.glass with seed 1.
Any[]
(9, 210)
(9, 103)
(9, 51)
(9, 56)
dimension: 9, class: 6
cart cost: 153.39324324324323
size of X: (9, 154)
Using method: Global linear DT optimization
Version identifier: 20.1.0.0 | 2020-11-10 | 9bedb6d68
CPXPARAM_Threads                                 1
CPXPARAM_TimeLimit                               1728000
Tried aggregator 1 time.
No LP presolve or aggregator reductions.
Presolve time = 0.01 sec. (4.36 ticks)
Initializing dual steep norms . . .

Iteration log . . .
Iteration:     1   Dual objective     =             0.000000
Perturbation started.
Iteration:    51   Dual objective     =             0.000000
Iteration:   221   Dual objective     =             0.000039
Iteration:   348   Dual objective     =             0.006611
Iteration:   491   Dual objective     =             0.020367
Iteration:   619   Dual objective     =             0.022289
Iteration:   739   Dual objective     =             0.056588
Iteration:   862   Dual objective     =             0.760291
Iteration:  1006   Dual objective     =             0.786344
Iteration:  1137   Dual objective     =             2.837889
Iteration:  1253   Dual objective     =             2.852463
Iteration:  1371   Dual objective     =             4.291806
Iteration:  1477   Dual objective     =             5.712339
Iteration:  1625   Dual objective     =             8.513540
Iteration:  1745   Dual objective     =             9.956268
Iteration:  1909   Dual objective     =            10.661941
Iteration:  2038   Dual objective     =            10.664419
Iteration:  2175   Dual objective     =            10.664451
Removing perturbation.
9×3 Matrix{Float64}:
 0.0  0.0  0.0
 0.0  0.0  0.0
 1.0  0.0  0.0
 0.0  0.0  0.0
 0.0  0.0  0.0
 0.0  0.0  0.0
 0.0  0.0  1.0
 0.0  1.0  0.0
 0.0  0.0  0.0
3-element Vector{Float64}:
 0.5250488161327482
 0.14640519542318264
 0.2674406291597452
6×7 Matrix{Float64}:
 0.0  0.0  0.0  0.0  0.0  0.0  1.0
 0.0  0.0  0.0  1.0  0.0  1.0  0.0
 0.0  0.0  0.0  0.0  0.0  0.0  0.0
 0.0  0.0  0.0  0.0  0.0  0.0  0.0
 0.0  0.0  0.0  0.0  0.0  0.0  0.0
 0.0  0.0  0.0  0.0  1.0  0.0  0.0
3-element Vector{Float64}:
 1.0
 1.0
 1.0
9×3 Matrix{Float64}:
 0.0         0.0         0.0
 0.0145462   0.0145462   0.0145462
 0.0181279   0.0181279   0.0181279
 0.0         0.0         0.0
 0.0216879   0.0216879   0.0216879
 0.0345845   0.0345845   0.0345845
 0.0409503   0.0409503   0.0409503
 0.0153593   0.0153593   0.0153593
 0.00478934  0.00478934  0.00478934
3-element Vector{Float64}:
 0.15004551716563788
 0.15004551716563785
 0.15004551716563788
6×7 Matrix{Float64}:
 0.0  0.0  0.0  0.249781  0.249781  0.249781  0.250658
 0.0  0.0  0.0  0.247826  0.247826  0.247826  0.256523
 0.0  0.0  0.0  0.249869  0.249869  0.249869  0.250394
 0.0  0.0  0.0  0.0       0.0       0.0       0.0
 0.0  0.0  0.0  0.0       0.0       0.0       0.0
 0.0  0.0  0.0  0.252525  0.252525  0.252525  0.242425
3-element Vector{Float64}:
 0.15004551716563788
 0.15004551716563785
 0.15004551716563788
a: [0.0 0.0 0.0; 0.014546174476431537 0.014546174476431549 0.014546174476430567; 0.018127944906521642 0.018127944906521667 0.018127944906522427; 0.0 0.0 0.0; 0.021687923031605424 0.021687923031604932 0.02168792303160571; 0.034584521336891716 0.034584521336891626 0.03458452133689196; 0.04095029218970945 0.04095029218970947 0.04095029218970923; 0.015359320927605336 0.015359320927604968 0.01535932092760571; 0.004789340296872918 0.004789340296873609 0.004789340296872465]
b: [0.15004551716563788, 0.15004551716563785, 0.15004551716563788]
c: [0.0 0.0 0.0 0.24978068780649554 0.2497806878064952 0.24978068780649526 0.25065793658051416; 0.0 0.0 0.0 0.24782583166048266 0.2478258316604827 0.2478258316604828 0.2565225050185519; 0.0 0.0 0.0 0.2498685720225235 0.24986857202252416 0.24986857202252402 0.2503942839324281; 0.0 0.0 0.0 0.0 0.0 0.0 0.0; 0.0 0.0 0.0 0.0 0.0 0.0 0.0; 0.0 0.0 0.0 0.25252490851049825 0.2525249085104979 0.25252490851049797 0.24242527446850587]
d: [0.15004551716563788, 0.15004551716563785, 0.15004551716563788]
comparison (CRT and Glb)on prediction: Dict{Bool, Int64}(0 => 56, 1 => 0)
Dataname	 time	 objv	 lb	 gap	 train_w	 train_g	 test_w	 test_g
/work_bgfs/n/navarrodelacruz/odt/optimal_decision_tree/augmented_datasets/glass/glass_44.glass	 29.34	 10.664398719466726	 N/A	 N/A	 64.935	 0.0	 55.357	 0.0
