Running 6 processes.
Start training /work_bgfs/n/navarrodelacruz/odt/optimal_decision_tree/augmented_datasets/glass/glass_961.glass with seed 1.
Any[]
(9, 210)
(9, 103)
(9, 51)
(9, 56)
dimension: 9, class: 6
cart cost: 133.5283783783784
size of X: (9, 154)
Using method: Global linear DT optimization
Version identifier: 20.1.0.0 | 2020-11-10 | 9bedb6d68
CPXPARAM_Threads                                 1
CPXPARAM_TimeLimit                               1728000
Tried aggregator 1 time.
No LP presolve or aggregator reductions.
Presolve time = 0.01 sec. (4.36 ticks)
Initializing dual steep norms . . .

Iteration log . . .
Iteration:     1   Dual objective     =             0.000000
Perturbation started.
Iteration:    51   Dual objective     =             0.000000
Iteration:   231   Dual objective     =             0.000036
Iteration:   340   Dual objective     =             0.000057
Iteration:   478   Dual objective     =             0.020973
Iteration:   620   Dual objective     =             0.032397
Iteration:   772   Dual objective     =             0.050526
Iteration:   904   Dual objective     =             0.733217
Iteration:  1042   Dual objective     =             1.445224
Iteration:  1169   Dual objective     =             2.889067
Iteration:  1303   Dual objective     =             3.624516
Iteration:  1449   Dual objective     =             5.001737
Iteration:  1601   Dual objective     =             7.104983
Iteration:  1736   Dual objective     =             9.256473
Iteration:  1882   Dual objective     =            10.662080
Iteration:  2038   Dual objective     =            10.664200
Iteration:  2172   Dual objective     =            10.664404
Removing perturbation.
Iteration:  2245   Scaled dual infeas =             0.000000
Iteration:  2246   Dual objective     =            10.664358
9×3 Matrix{Float64}:
 0.0  0.0  0.0
 0.0  0.0  0.0
 1.0  0.0  0.0
 0.0  0.0  1.0
 0.0  0.0  0.0
 0.0  0.0  0.0
 0.0  0.0  0.0
 0.0  1.0  0.0
 0.0  0.0  0.0
3-element Vector{Float64}:
 0.5897519389237269
 0.12344093458407641
 0.34599374331023475
6×7 Matrix{Float64}:
 0.0  0.0  0.0  0.0  0.0  1.0  0.0
 0.0  0.0  0.0  1.0  0.0  0.0  1.0
 0.0  0.0  0.0  0.0  0.0  0.0  0.0
 0.0  0.0  0.0  0.0  0.0  0.0  0.0
 0.0  0.0  0.0  0.0  0.0  0.0  0.0
 0.0  0.0  0.0  0.0  1.0  0.0  0.0
3-element Vector{Float64}:
 1.0
 1.0
 1.0
9×3 Matrix{Float64}:
 0.0         0.0         0.0
 0.0116425   0.0116425   0.0116425
 0.0170876   0.0170876   0.0170876
 0.0         0.0         0.0
 0.0167665   0.0167665   0.0167665
 0.0359821   0.0359821   0.0359821
 0.0460277   0.0460277   0.0460277
 0.0187782   0.0187782   0.0187782
 0.00358549  0.00358549  0.00358549
3-element Vector{Float64}:
 0.14987014494242845
 0.1498701449424284
 0.14987014494242845
6×7 Matrix{Float64}:
 0.0  0.0  0.0  0.251382  0.251382  0.251382  0.245855
 0.0  0.0  0.0  0.241253  0.241253  0.241253  0.27624
 0.0  0.0  0.0  0.253721  0.253721  0.253721  0.238836
 0.0  0.0  0.0  0.0       0.0       0.0       0.0
 0.0  0.0  0.0  0.0       0.0       0.0       0.0
 0.0  0.0  0.0  0.253644  0.253644  0.253644  0.239068
3-element Vector{Float64}:
 0.14987014494242845
 0.1498701449424284
 0.14987014494242845
a: [0.0 0.0 0.0; 0.011642535012309087 0.011642535012307933 0.011642535012312313; 0.017087619898054726 0.017087619898054837 0.017087619898054004; 0.0 0.0 0.0; 0.01676654348027704 0.016766543480278104 0.01676654348027941; 0.03598210339594201 0.03598210339594234 0.035982103395940636; 0.046027698380856116 0.046027698380854826 0.046027698380853015; 0.018778151029236703 0.01877815102923736 0.018778151029235385; 0.0035854937457529294 0.0035854937457530343 0.003585493745753709]
b: [0.14987014494242845, 0.1498701449424284, 0.14987014494242845]
c: [0.0 0.0 0.0 0.2513815718957741 0.2513815718957736 0.2513815718957736 0.2458552843126789; 0.0 0.0 0.0 0.24125321336570693 0.24125321336570693 0.24125321336571012 0.276240359902876; 0.0 0.0 0.0 0.25372138044931236 0.25372138044931225 0.2537213804493105 0.23883585865206464; 0.0 0.0 0.0 0.0 0.0 0.0 0.0; 0.0 0.0 0.0 0.0 0.0 0.0 0.0; 0.0 0.0 0.0 0.2536438342892066 0.2536438342892072 0.25364383428920584 0.23906849713238038]
d: [0.14987014494242845, 0.1498701449424284, 0.14987014494242845]
comparison (CRT and Glb)on prediction: Dict{Bool, Int64}(0 => 56, 1 => 0)
Dataname	 time	 objv	 lb	 gap	 train_w	 train_g	 test_w	 test_g
/work_bgfs/n/navarrodelacruz/odt/optimal_decision_tree/augmented_datasets/glass/glass_961.glass	 33.48	 10.664372413633245	 N/A	 N/A	 69.481	 0.0	 51.786	 0.0
