Running 6 processes.
Start training /work_bgfs/n/navarrodelacruz/odt/optimal_decision_tree/augmented_datasets/glass/glass_14.glass with seed 1.
Any[]
(9, 210)
(9, 103)
(9, 51)
(9, 56)
dimension: 9, class: 6
cart cost: 139.20405405405407
size of X: (9, 154)
Using method: Global linear DT optimization
Version identifier: 20.1.0.0 | 2020-11-10 | 9bedb6d68
CPXPARAM_Threads                                 1
CPXPARAM_TimeLimit                               1728000
Tried aggregator 1 time.
No LP presolve or aggregator reductions.
Presolve time = 0.01 sec. (4.37 ticks)
Initializing dual steep norms . . .

Iteration log . . .
Iteration:     1   Dual objective     =             0.000000
Perturbation started.
Iteration:    51   Dual objective     =             0.000000
Iteration:   183   Dual objective     =             0.000018
Iteration:   288   Dual objective     =             0.000044
Iteration:   448   Dual objective     =             0.015671
Iteration:   576   Dual objective     =             0.033655
Iteration:   736   Dual objective     =             0.709508
Iteration:   898   Dual objective     =             1.432289
Iteration:  1075   Dual objective     =             2.837876
Iteration:  1211   Dual objective     =             2.856685
Iteration:  1321   Dual objective     =             2.878969
Iteration:  1447   Dual objective     =             2.895595
Iteration:  1562   Dual objective     =             4.281750
Iteration:  1689   Dual objective     =             4.292507
Iteration:  1832   Dual objective     =             7.567676
Iteration:  1970   Dual objective     =             9.252055
Iteration:  2104   Dual objective     =             9.939302
Iteration:  2241   Dual objective     =            10.659686
Iteration:  2369   Dual objective     =            10.663278
Iteration:  2503   Dual objective     =            10.664500
Removing perturbation.
Iteration:  2567   Scaled dual infeas =             0.000040
Iteration:  2573   Dual objective     =            10.664451
9×3 Matrix{Float64}:
 0.0  0.0  0.0
 0.0  0.0  0.0
 1.0  0.0  0.0
 0.0  0.0  1.0
 0.0  0.0  0.0
 0.0  0.0  0.0
 0.0  0.0  0.0
 0.0  1.0  0.0
 0.0  0.0  0.0
3-element Vector{Float64}:
 0.5969399576285193
 0.13989368859309964
 0.3270824843088418
6×7 Matrix{Float64}:
 0.0  0.0  0.0  0.0  0.0  1.0  0.0
 0.0  0.0  0.0  1.0  0.0  0.0  1.0
 0.0  0.0  0.0  0.0  0.0  0.0  0.0
 0.0  0.0  0.0  0.0  0.0  0.0  0.0
 0.0  0.0  0.0  0.0  0.0  0.0  0.0
 0.0  0.0  0.0  0.0  1.0  0.0  0.0
3-element Vector{Float64}:
 1.0
 1.0
 1.0
9×3 Matrix{Float64}:
 0.0        0.0        0.0
 0.0173336  0.0173336  0.0173336
 0.0176148  0.0176148  0.0176148
 0.0        0.0        0.0
 0.0208552  0.0208552  0.0208552
 0.0338555  0.0338555  0.0338555
 0.0442183  0.0442183  0.0442183
 0.016568   0.016568   0.016568
 0.0        0.0        0.0
3-element Vector{Float64}:
 0.15044547265138958
 0.1504454726513896
 0.15044547265138955
6×7 Matrix{Float64}:
 0.0  0.0  0.0  0.249848  0.249848  0.249848  0.250457
 0.0  0.0  0.0  0.246917  0.246917  0.246917  0.25925
 0.0  0.0  0.0  0.251021  0.251021  0.251021  0.246937
 0.0  0.0  0.0  0.0       0.0       0.0       0.0
 0.0  0.0  0.0  0.0       0.0       0.0       0.0
 0.0  0.0  0.0  0.252215  0.252215  0.252215  0.243356
3-element Vector{Float64}:
 0.15044547265138958
 0.1504454726513896
 0.15044547265138955
a: [0.0 0.0 0.0; 0.017333612332456703 0.017333612332456498 0.01733361233245613; 0.017614840098112344 0.01761484009811241 0.017614840098112945; 0.0 0.0 0.0; 0.02085524703300099 0.020855247033001074 0.020855247033001206; 0.033855470307960746 0.033855470307960836 0.033855470307960885; 0.0442183358396559 0.04421833583965575 0.04421833583965509; 0.01656796704020291 0.016567967040203017 0.016567967040203274; 0.0 0.0 0.0]
b: [0.15044547265138958, 0.1504454726513896, 0.15044547265138955]
c: [0.0 0.0 0.0 0.24984766748767234 0.2498476674876725 0.24984766748767234 0.25045699753698264; 0.0 0.0 0.0 0.24691680149292372 0.2469168014929235 0.24691680149292408 0.25924959552122895; 0.0 0.0 0.0 0.2510209961554573 0.25102099615545737 0.2510209961554571 0.2469370115336283; 0.0 0.0 0.0 0.0 0.0 0.0 0.0; 0.0 0.0 0.0 0.0 0.0 0.0 0.0; 0.0 0.0 0.0 0.2522145348639467 0.25221453486394674 0.2522145348639465 0.24335639540816012]
d: [0.15044547265138958, 0.1504454726513896, 0.15044547265138955]
comparison (CRT and Glb)on prediction: Dict{Bool, Int64}(0 => 56, 1 => 0)
Dataname	 time	 objv	 lb	 gap	 train_w	 train_g	 test_w	 test_g
/work_bgfs/n/navarrodelacruz/odt/optimal_decision_tree/augmented_datasets/glass/glass_14.glass	 30.3	 10.664458712789589	 N/A	 N/A	 68.182	 0.0	 53.571	 0.0
