Running 6 processes.
Start training /work_bgfs/n/navarrodelacruz/odt/optimal_decision_tree/augmented_datasets/glass/glass_235.glass with seed 1.
Any[]
(9, 210)
(9, 102)
(9, 51)
(9, 57)
dimension: 9, class: 6
cart cost: 141.10890410958902
size of X: (9, 153)
Using method: Global linear DT optimization
Version identifier: 20.1.0.0 | 2020-11-10 | 9bedb6d68
CPXPARAM_Threads                                 1
CPXPARAM_TimeLimit                               1728000
Tried aggregator 1 time.
No LP presolve or aggregator reductions.
Presolve time = 0.01 sec. (4.40 ticks)
Initializing dual steep norms . . .

Iteration log . . .
Iteration:     1   Dual objective     =             0.000000
Perturbation started.
Iteration:    51   Dual objective     =             0.000000
Iteration:   232   Dual objective     =             0.000043
Iteration:   352   Dual objective     =             0.012812
Iteration:   465   Dual objective     =             0.742011
Iteration:   588   Dual objective     =             0.776969
Iteration:   706   Dual objective     =             2.182279
Iteration:   830   Dual objective     =             2.208806
Iteration:   939   Dual objective     =             2.929624
Iteration:  1061   Dual objective     =             4.377194
Iteration:  1208   Dual objective     =             7.208143
Iteration:  1348   Dual objective     =             7.939521
Iteration:  1480   Dual objective     =            10.089198
Iteration:  1638   Dual objective     =            10.794040
Iteration:  1766   Dual objective     =            10.809629
Iteration:  1918   Dual objective     =            10.809899
Removing perturbation.
9×3 Matrix{Float64}:
 0.0  0.0  0.0
 0.0  0.0  0.0
 1.0  0.0  0.0
 0.0  0.0  1.0
 0.0  0.0  0.0
 0.0  0.0  0.0
 0.0  0.0  0.0
 0.0  1.0  0.0
 0.0  0.0  0.0
3-element Vector{Float64}:
 0.6099913978473447
 0.14137078594373978
 0.3637116547039746
6×7 Matrix{Float64}:
 0.0  0.0  0.0  0.0  0.0  1.0  0.0
 0.0  0.0  0.0  1.0  0.0  0.0  1.0
 0.0  0.0  0.0  0.0  0.0  0.0  0.0
 0.0  0.0  0.0  0.0  0.0  0.0  0.0
 0.0  0.0  0.0  0.0  0.0  0.0  0.0
 0.0  0.0  0.0  0.0  1.0  0.0  0.0
3-element Vector{Float64}:
 1.0
 1.0
 1.0
9×3 Matrix{Float64}:
 0.0         0.0         0.0
 0.0         0.0         0.0
 0.0         0.0         0.0
 0.0         0.0         0.0
 0.0185935   0.0185935   0.0185935
 0.0330556   0.0330556   0.0330556
 0.0425087   0.0425087   0.0425087
 0.0453111   0.0453111   0.0453111
 0.00844175  0.00844175  0.00844175
3-element Vector{Float64}:
 0.14791056423546034
 0.1479105642354605
 0.14791056423546034
6×7 Matrix{Float64}:
 0.0  0.0  0.0  0.260398  0.260398  0.260398  0.218805
 0.0  0.0  0.0  0.244841  0.244841  0.244841  0.265478
 0.0  0.0  0.0  0.265358  0.265358  0.265358  0.203925
 0.0  0.0  0.0  0.0       0.0       0.0       0.0
 0.0  0.0  0.0  0.0       0.0       0.0       0.0
 0.0  0.0  0.0  0.229403  0.229403  0.229403  0.311792
3-element Vector{Float64}:
 0.14791056423546034
 0.1479105642354605
 0.14791056423546034
a: [0.0 0.0 0.0; 0.0 0.0 0.0; 0.0 0.0 0.0; 0.0 0.0 0.0; 0.01859350302950322 0.018593503029503904 0.01859350302950344; 0.03305556252220981 0.033055562522209314 0.03305556252220977; 0.04250869024338837 0.04250869024338852 0.04250869024338774; 0.04531105937188317 0.045311059371883095 0.04531105937188305; 0.008441749068475807 0.008441749068475831 0.008441749068476223]
b: [0.14791056423546034, 0.1479105642354605, 0.14791056423546034]
c: [0.0 0.0 0.0 0.2603983485453136 0.26039834854531335 0.2603983485453134 0.21880495436405967; 0.0 0.0 0.0 0.24484060548365288 0.2448406054836531 0.24484060548365322 0.2654781835490408; 0.0 0.0 0.0 0.26535828533441846 0.26535828533441846 0.2653582853344184 0.20392514399674466; 0.0 0.0 0.0 0.0 0.0 0.0 0.0; 0.0 0.0 0.0 0.0 0.0 0.0 0.0; 0.0 0.0 0.0 0.22940276063661502 0.22940276063661502 0.22940276063661505 0.31179171809015493]
d: [0.14791056423546034, 0.1479105642354605, 0.14791056423546034]
comparison (CRT and Glb)on prediction: Dict{Bool, Int64}(0 => 57, 1 => 0)
Dataname	 time	 objv	 lb	 gap	 train_w	 train_g	 test_w	 test_g
/work_bgfs/n/navarrodelacruz/odt/optimal_decision_tree/augmented_datasets/glass/glass_235.glass	 27.53	 10.80985781751199	 N/A	 N/A	 67.974	 0.0	 50.877	 0.0
