Running 6 processes.
Start training /work_bgfs/n/navarrodelacruz/odt/optimal_decision_tree/augmented_datasets/body/body_752.body with seed 1.
Any[]
(5, 497)
(5, 248)
(5, 124)
(5, 125)
dimension: 5, class: 2
cart cost: 73.9234375
size of X: (5, 372)
Using method: Global linear DT optimization
Version identifier: 20.1.0.0 | 2020-11-10 | 9bedb6d68
CPXPARAM_Threads                                 1
CPXPARAM_TimeLimit                               1728000
Tried aggregator 1 time.
Aggregator did 4 substitutions.
Reduced LP has 4844 rows, 1885 columns, and 28288 nonzeros.
Presolve time = 0.01 sec. (8.69 ticks)
Initializing dual steep norms . . .

Iteration log . . .
Iteration:     1   Dual objective     =             0.000000
Perturbation started.
Iteration:   101   Dual objective     =             0.000000
Iteration:   264   Dual objective     =             0.000036
Iteration:   570   Dual objective     =             0.000110
Iteration:   760   Dual objective     =             0.002069
Iteration:   952   Dual objective     =             0.017018
Iteration:  1135   Dual objective     =             0.017518
Iteration:  1298   Dual objective     =             0.018556
Iteration:  1512   Dual objective     =             0.018874
Removing perturbation.
5×3 Matrix{Float64}:
 0.0  0.0  0.0
 0.0  0.0  1.0
 1.0  0.0  0.0
 0.0  1.0  0.0
 0.0  0.0  0.0
3-element Vector{Float64}:
 0.40707721328380875
 0.1823555656976795
 0.37792704443497394
2×7 Matrix{Float64}:
 0.0  0.0  0.0  1.0  1.0  1.0  0.0
 0.0  0.0  0.0  0.0  0.0  0.0  1.0
3-element Vector{Float64}:
 1.0
 1.0
 1.0
5×3 Matrix{Float64}:
 0.0        0.0        0.0
 0.0927834  0.0927834  0.0
 0.0        0.0        0.0
 0.03656    0.03656    0.0
 0.0599338  0.0599338  0.0
3-element Vector{Float64}:
 0.18927724298913698
 0.189277242989137
 0.0
2×7 Matrix{Float64}:
 0.0  0.0  0.0  0.697844  0.69837  1.0  0.478902
 0.0  0.0  0.0  0.302156  0.30163  0.0  0.521098
3-element Vector{Float64}:
 0.18927724298913698
 0.189277242989137
 0.0
a: [0.0 0.0 0.0; 0.09278338942546062 0.09278338942546052 0.0; 0.0 0.0 0.0; 0.03656004410995037 0.03656004410995073 0.0; 0.05993380945372597 0.059933809453725756 0.0]
b: [0.18927724298913698, 0.189277242989137, 0.0]
c: [0.0 0.0 0.0 0.6978443181417284 0.6983700736570304 1.0 0.47890209529576033; 0.0 0.0 0.0 0.3021556818582716 0.3016299263429696 0.0 0.5210979047042397]
d: [0.18927724298913698, 0.189277242989137, 0.0]
comparison (CRT and Glb)on prediction: Dict{Bool, Int64}(0 => 56, 1 => 69)
Dataname	 time	 objv	 lb	 gap	 train_w	 train_g	 test_w	 test_g
/work_bgfs/n/navarrodelacruz/odt/optimal_decision_tree/augmented_datasets/body/body_752.body	 27.27	 0.0189277242989137	 N/A	 N/A	 89.785	 51.613	 91.2	 51.2
