Running 6 processes.
Start training /work_bgfs/n/navarrodelacruz/odt/optimal_decision_tree/augmented_datasets/body/body_480.body with seed 1.
Any[]
(5, 497)
(5, 248)
(5, 124)
(5, 125)
dimension: 5, class: 2
cart cost: 75.09444444444446
size of X: (5, 372)
Using method: Global linear DT optimization
Version identifier: 20.1.0.0 | 2020-11-10 | 9bedb6d68
CPXPARAM_Threads                                 1
CPXPARAM_TimeLimit                               1728000
Tried aggregator 1 time.
Aggregator did 4 substitutions.
Reduced LP has 4844 rows, 1885 columns, and 28284 nonzeros.
Presolve time = 0.01 sec. (8.67 ticks)
Initializing dual steep norms . . .

Iteration log . . .
Iteration:     1   Dual objective     =             0.000000
Perturbation started.
Iteration:   101   Dual objective     =             0.000000
Iteration:   478   Dual objective     =             0.000089
Iteration:   673   Dual objective     =             0.000133
Iteration:   879   Dual objective     =             0.007137
Iteration:  1040   Dual objective     =             0.014902
Iteration:  1225   Dual objective     =             0.018034
Iteration:  1372   Dual objective     =             0.018939
Iteration:  1521   Dual objective     =             0.019388
Iteration:  1666   Dual objective     =             0.019387
Removing perturbation.
5×3 Matrix{Float64}:
 0.0  0.0  0.0
 0.0  0.0  1.0
 1.0  0.0  0.0
 0.0  1.0  0.0
 0.0  0.0  0.0
3-element Vector{Float64}:
 0.3954936610900866
 0.1651133779442809
 0.36512143477174813
2×7 Matrix{Float64}:
 0.0  0.0  0.0  1.0  1.0  1.0  0.0
 0.0  0.0  0.0  0.0  0.0  0.0  1.0
3-element Vector{Float64}:
 1.0
 1.0
 1.0
5×3 Matrix{Float64}:
 0.0        0.0        0.0
 0.0952031  0.0952031  0.0
 0.0        0.0        0.0
 0.0375035  0.0375035  0.0
 0.0616347  0.0616347  0.0
3-element Vector{Float64}:
 0.19434127646915603
 0.1943412764691561
 0.0
2×7 Matrix{Float64}:
 0.0  0.0  0.0  0.684746  0.691595  1.0  0.464896
 0.0  0.0  0.0  0.315254  0.308405  0.0  0.535104
3-element Vector{Float64}:
 0.19434127646915603
 0.1943412764691561
 0.0
a: [0.0 0.0 0.0; 0.09520308455976907 0.09520308455976843 0.0; 0.0 0.0 0.0; 0.03750347788548841 0.03750347788548969 0.0; 0.061634714023898494 0.061634714023897974 0.0]
b: [0.19434127646915603, 0.1943412764691561, 0.0]
c: [0.0 0.0 0.0 0.6847464225175244 0.6915954007294655 1.0 0.46489640414521727; 0.0 0.0 0.0 0.3152535774824756 0.30840459927053454 0.0 0.5351035958547827]
d: [0.19434127646915603, 0.1943412764691561, 0.0]
comparison (CRT and Glb)on prediction: Dict{Bool, Int64}(0 => 59, 1 => 66)
Dataname	 time	 objv	 lb	 gap	 train_w	 train_g	 test_w	 test_g
/work_bgfs/n/navarrodelacruz/odt/optimal_decision_tree/augmented_datasets/body/body_480.body	 27.57	 0.019434127646915607	 N/A	 N/A	 89.785	 50.806	 92.8	 50.4
