Running 6 processes.
Start training /work_bgfs/n/navarrodelacruz/odt/optimal_decision_tree/augmented_datasets/body/body_641.body with seed 1.
Any[]
(5, 497)
(5, 249)
(5, 125)
(5, 123)
dimension: 5, class: 2
cart cost: 78.41771653543306
size of X: (5, 374)
Using method: Global linear DT optimization
Version identifier: 20.1.0.0 | 2020-11-10 | 9bedb6d68
CPXPARAM_Threads                                 1
CPXPARAM_TimeLimit                               1728000
Tried aggregator 1 time.
Aggregator did 4 substitutions.
Reduced LP has 4870 rows, 1895 columns, and 28448 nonzeros.
Presolve time = 0.22 sec. (8.86 ticks)
Initializing dual steep norms . . .

Iteration log . . .
Iteration:     1   Dual objective     =             0.000000
Perturbation started.
Iteration:   101   Dual objective     =             0.000000
Iteration:   296   Dual objective     =             0.000047
Iteration:   568   Dual objective     =             0.000112
Iteration:   800   Dual objective     =             0.002934
Iteration:   990   Dual objective     =             0.016482
Iteration:  1174   Dual objective     =             0.016509
Iteration:  1346   Dual objective     =             0.018308
Iteration:  1511   Dual objective     =             0.018767
Removing perturbation.
5×3 Matrix{Float64}:
 0.0  0.0  0.0
 0.0  0.0  1.0
 1.0  1.0  0.0
 0.0  0.0  0.0
 0.0  0.0  0.0
3-element Vector{Float64}:
 0.4477970454441739
 0.2938491952775538
 0.40017238610637457
2×7 Matrix{Float64}:
 0.0  0.0  0.0  1.0  1.0  1.0  0.0
 0.0  0.0  0.0  0.0  0.0  0.0  1.0
3-element Vector{Float64}:
 1.0
 1.0
 1.0
5×3 Matrix{Float64}:
 0.0272229   0.0272229   0.0
 0.0225227   0.0225227   0.0
 0.00187421  0.00187421  0.0
 0.0250331   0.0250331   0.0
 0.109968    0.109968    0.0
3-element Vector{Float64}:
 0.1866206619664772
 0.18662066196647717
 0.0
2×7 Matrix{Float64}:
 0.0  0.0  0.0  0.687858  0.702607  1.0  0.471173
 0.0  0.0  0.0  0.312142  0.297393  0.0  0.528827
3-element Vector{Float64}:
 0.18662066196647717
 0.18662066196647717
 0.0
a: [0.027222949107293587 0.027222949107292074 0.0; 0.022522674753551977 0.02252267475355198 0.0; 0.0018742106047677856 0.0018742106047677648 0.0; 0.025033071480079477 0.025033071480080347 0.0; 0.10996775602078442 0.10996775602078498 0.0]
b: [0.1866206619664772, 0.18662066196647717, 0.0]
c: [0.0 0.0 0.0 0.6878578677112739 0.702606818997382 1.0 0.47117331627448833; 0.0 0.0 0.0 0.3121421322887261 0.297393181002618 0.0 0.5288266837255117]
d: [0.18662066196647717, 0.18662066196647717, 0.0]
comparison (CRT and Glb)on prediction: Dict{Bool, Int64}(0 => 49, 1 => 74)
Dataname	 time	 objv	 lb	 gap	 train_w	 train_g	 test_w	 test_g
/work_bgfs/n/navarrodelacruz/odt/optimal_decision_tree/augmented_datasets/body/body_641.body	 30.28	 0.01866206619664771	 N/A	 N/A	 89.305	 51.07	 86.179	 51.22
