Running 6 processes.
Start training /work_bgfs/n/navarrodelacruz/odt/optimal_decision_tree/augmented_datasets/body/body_941.body with seed 1.
Any[]
(5, 497)
(5, 248)
(5, 124)
(5, 125)
dimension: 5, class: 2
cart cost: 75.09444444444446
size of X: (5, 372)
Using method: Global linear DT optimization
Version identifier: 20.1.0.0 | 2020-11-10 | 9bedb6d68
CPXPARAM_Threads                                 1
CPXPARAM_TimeLimit                               1728000
Tried aggregator 1 time.
Aggregator did 4 substitutions.
Reduced LP has 4844 rows, 1885 columns, and 28288 nonzeros.
Presolve time = 0.02 sec. (8.69 ticks)
Initializing dual steep norms . . .

Iteration log . . .
Iteration:     1   Dual objective     =             0.000000
Perturbation started.
Iteration:   101   Dual objective     =             0.000000
Iteration:   449   Dual objective     =             0.000085
Iteration:   692   Dual objective     =             0.000144
Iteration:   892   Dual objective     =             0.017516
Iteration:  1107   Dual objective     =             0.018318
Iteration:  1323   Dual objective     =             0.019533
Removing perturbation.
5×3 Matrix{Float64}:
 0.0  0.0  0.0
 0.0  0.0  1.0
 1.0  0.0  0.0
 0.0  1.0  0.0
 0.0  0.0  0.0
3-element Vector{Float64}:
 0.4055478459618276
 0.16602525228331527
 0.3537382084262769
2×7 Matrix{Float64}:
 0.0  0.0  0.0  1.0  1.0  1.0  0.0
 0.0  0.0  0.0  0.0  0.0  0.0  1.0
3-element Vector{Float64}:
 1.0
 1.0
 1.0
5×3 Matrix{Float64}:
 0.0        0.0        0.0
 0.0956983  0.0956983  0.0
 0.0        0.0        0.0
 0.0367736  0.0367736  0.0
 0.061811   0.061811   0.0
3-element Vector{Float64}:
 0.19428287765237431
 0.19428287765237467
 0.0
2×7 Matrix{Float64}:
 0.0  0.0  0.0  0.68904  0.689286  1.0  0.465036
 0.0  0.0  0.0  0.31096  0.310714  0.0  0.534964
3-element Vector{Float64}:
 0.19428287765237431
 0.19428287765237467
 0.0
a: [0.0 0.0 0.0; 0.09569830852255376 0.09569830852255297 0.0; 0.0 0.0 0.0; 0.03677357494502015 0.036773574945020676 0.0; 0.061810994184800426 0.061810994184801 0.0]
b: [0.19428287765237431, 0.19428287765237467, 0.0]
c: [0.0 0.0 0.0 0.6890395627768826 0.689286086973117 1.0 0.4650359151188894; 0.0 0.0 0.0 0.3109604372231174 0.310713913026883 0.0 0.5349640848811106]
d: [0.19428287765237431, 0.19428287765237467, 0.0]
comparison (CRT and Glb)on prediction: Dict{Bool, Int64}(0 => 57, 1 => 68)
Dataname	 time	 objv	 lb	 gap	 train_w	 train_g	 test_w	 test_g
/work_bgfs/n/navarrodelacruz/odt/optimal_decision_tree/augmented_datasets/body/body_941.body	 28.17	 0.019428287765237424	 N/A	 N/A	 89.785	 50.806	 91.2	 50.4
