Running 6 processes.
Start training /work_bgfs/n/navarrodelacruz/odt/optimal_decision_tree/augmented_datasets/body/body_543.body with seed 1.
Any[]
(5, 497)
(5, 249)
(5, 125)
(5, 123)
dimension: 5, class: 2
cart cost: 68.63425196850396
size of X: (5, 374)
Using method: Global linear DT optimization
Version identifier: 20.1.0.0 | 2020-11-10 | 9bedb6d68
CPXPARAM_Threads                                 1
CPXPARAM_TimeLimit                               1728000
Tried aggregator 1 time.
Aggregator did 4 substitutions.
Reduced LP has 4870 rows, 1895 columns, and 28448 nonzeros.
Presolve time = 0.02 sec. (8.86 ticks)
Initializing dual steep norms . . .

Iteration log . . .
Iteration:     1   Dual objective     =             0.000000
Perturbation started.
Iteration:   101   Dual objective     =             0.000000
Iteration:   244   Dual objective     =             0.000019
Iteration:   423   Dual objective     =             0.000037
Iteration:   639   Dual objective     =             0.000074
Iteration:   790   Dual objective     =             0.000109
Iteration:   932   Dual objective     =             0.000165
Iteration:  1099   Dual objective     =             0.000210
Iteration:  1293   Dual objective     =             0.016060
Iteration:  1469   Dual objective     =             0.017685
Iteration:  1659   Dual objective     =             0.017689
Iteration:  1877   Dual objective     =             0.018567
Iteration:  2118   Dual objective     =             0.019367
Removing perturbation.
5×3 Matrix{Float64}:
 0.0  0.0  0.0
 0.0  0.0  1.0
 1.0  1.0  0.0
 0.0  0.0  0.0
 0.0  0.0  0.0
3-element Vector{Float64}:
 0.3975800711374696
 0.27609124651180594
 0.375633536540968
2×7 Matrix{Float64}:
 0.0  0.0  0.0  1.0  1.0  1.0  0.0
 0.0  0.0  0.0  0.0  0.0  0.0  1.0
3-element Vector{Float64}:
 1.0
 1.0
 1.0
5×3 Matrix{Float64}:
 0.0        0.0        0.0
 0.0771274  0.0771274  0.0
 0.0        0.0        0.0
 0.113151   0.113151   0.0
 0.0026689  0.0026689  0.0
3-element Vector{Float64}:
 0.19294742671447612
 0.1929474267144761
 0.0
2×7 Matrix{Float64}:
 0.0  0.0  0.0  0.688488  0.695437  1.0  0.444413
 0.0  0.0  0.0  0.311512  0.304563  0.0  0.555587
3-element Vector{Float64}:
 0.19294742671447612
 0.1929474267144761
 0.0
a: [0.0 0.0 0.0; 0.07712738887430504 0.07712738887430513 0.0; 0.0 0.0 0.0; 0.11315114068548436 0.11315114068548418 0.0; 0.002668897154686753 0.0026688971546868084 0.0]
b: [0.19294742671447612, 0.1929474267144761, 0.0]
c: [0.0 0.0 0.0 0.6884882920924826 0.6954374823362361 1.0 0.4444127968532525; 0.0 0.0 0.0 0.31151170790751737 0.30456251766376385 0.0 0.5555872031467475]
d: [0.19294742671447612, 0.1929474267144761, 0.0]
comparison (CRT and Glb)on prediction: Dict{Bool, Int64}(0 => 59, 1 => 64)
Dataname	 time	 objv	 lb	 gap	 train_w	 train_g	 test_w	 test_g
/work_bgfs/n/navarrodelacruz/odt/optimal_decision_tree/augmented_datasets/body/body_543.body	 27.53	 0.019294742671447616	 N/A	 N/A	 90.642	 51.07	 92.683	 51.22
