Running 6 processes.
Start training /work_bgfs/n/navarrodelacruz/odt/optimal_decision_tree/augmented_datasets/body/body_425.body with seed 1.
Any[]
(5, 497)
(5, 249)
(5, 125)
(5, 123)
dimension: 5, class: 2
cart cost: 70.5909448818898
size of X: (5, 374)
Using method: Global linear DT optimization
Version identifier: 20.1.0.0 | 2020-11-10 | 9bedb6d68
CPXPARAM_Threads                                 1
CPXPARAM_TimeLimit                               1728000
Tried aggregator 1 time.
Aggregator did 4 substitutions.
Reduced LP has 4870 rows, 1895 columns, and 28444 nonzeros.
Presolve time = 0.02 sec. (8.79 ticks)
Initializing dual steep norms . . .

Iteration log . . .
Iteration:     1   Dual objective     =             0.000000
Perturbation started.
Iteration:   101   Dual objective     =             0.000000
Iteration:   432   Dual objective     =             0.000077
Iteration:   612   Dual objective     =             0.000117
Iteration:   763   Dual objective     =             0.014258
Iteration:   959   Dual objective     =             0.016912
Iteration:  1156   Dual objective     =             0.017136
Iteration:  1372   Dual objective     =             0.018363
Removing perturbation.
5×3 Matrix{Float64}:
 0.0  0.0  0.0
 0.0  0.0  1.0
 1.0  1.0  0.0
 0.0  0.0  0.0
 0.0  0.0  0.0
3-element Vector{Float64}:
 0.40497037383892237
 0.27724435640604395
 0.3796052131183424
2×7 Matrix{Float64}:
 0.0  0.0  0.0  1.0  1.0  1.0  0.0
 0.0  0.0  0.0  0.0  0.0  0.0  1.0
3-element Vector{Float64}:
 1.0
 1.0
 1.0
5×3 Matrix{Float64}:
 0.0232616   0.0232616   0.0
 0.121304    0.121304    0.0
 0.0         0.0         0.0
 0.00106019  0.00106019  0.0
 0.0459059   0.0459059   0.0
3-element Vector{Float64}:
 0.19153214695814863
 0.19153214695814857
 0.0
2×7 Matrix{Float64}:
 0.0  0.0  0.0  0.6981  0.704385  1.0  0.451528
 0.0  0.0  0.0  0.3019  0.295615  0.0  0.548472
3-element Vector{Float64}:
 0.19153214695814855
 0.19153214695814857
 0.0
a: [0.02326164089992866 0.023261640899929298 0.0; 0.12130444060563372 0.12130444060563403 0.0; 0.0 0.0 0.0; 0.0010601903135242785 0.0010601903135238205 0.0; 0.045905875139062025 0.04590587513906128 0.0]
b: [0.19153214695814863, 0.19153214695814857, 0.0]
c: [0.0 0.0 0.0 0.6981001823709414 0.704385167421709 1.0 0.45152809717959724; 0.0 0.0 0.0 0.3018998176290586 0.295614832578291 0.0 0.5484719028204028]
d: [0.19153214695814855, 0.19153214695814857, 0.0]
comparison (CRT and Glb)on prediction: Dict{Bool, Int64}(0 => 56, 1 => 67)
Dataname	 time	 objv	 lb	 gap	 train_w	 train_g	 test_w	 test_g
/work_bgfs/n/navarrodelacruz/odt/optimal_decision_tree/augmented_datasets/body/body_425.body	 27.26	 0.019153214695814862	 N/A	 N/A	 90.374	 51.07	 88.618	 51.22
