Running 6 processes.
Start training /work_bgfs/n/navarrodelacruz/odt/optimal_decision_tree/augmented_datasets/body/body_293.body with seed 1.
Any[]
(5, 497)
(5, 249)
(5, 125)
(5, 123)
dimension: 5, class: 2
cart cost: 72.54763779527556
size of X: (5, 374)
Using method: Global linear DT optimization
Version identifier: 20.1.0.0 | 2020-11-10 | 9bedb6d68
CPXPARAM_Threads                                 1
CPXPARAM_TimeLimit                               1728000
Tried aggregator 1 time.
Aggregator did 4 substitutions.
Reduced LP has 4870 rows, 1895 columns, and 28444 nonzeros.
Presolve time = 0.02 sec. (8.79 ticks)
Initializing dual steep norms . . .

Iteration log . . .
Iteration:     1   Dual objective     =             0.000000
Perturbation started.
Iteration:   101   Dual objective     =             0.000000
Iteration:   283   Dual objective     =             0.000027
Iteration:   493   Dual objective     =             0.000045
Iteration:   650   Dual objective     =             0.000072
Iteration:   798   Dual objective     =             0.000103
Iteration:   972   Dual objective     =             0.005755
Iteration:  1167   Dual objective     =             0.008038
Iteration:  1380   Dual objective     =             0.012322
Iteration:  1605   Dual objective     =             0.015926
Iteration:  1806   Dual objective     =             0.017068
Iteration:  2044   Dual objective     =             0.017891
Iteration:  2227   Dual objective     =             0.019498
Removing perturbation.
5×3 Matrix{Float64}:
 0.0  0.0  0.0
 0.0  0.0  1.0
 1.0  0.0  0.0
 0.0  1.0  0.0
 0.0  0.0  0.0
3-element Vector{Float64}:
 0.4027445016803678
 0.18548104847408958
 0.377697733282953
2×7 Matrix{Float64}:
 0.0  0.0  0.0  1.0  1.0  1.0  0.0
 0.0  0.0  0.0  0.0  0.0  0.0  1.0
3-element Vector{Float64}:
 1.0
 1.0
 1.0
5×3 Matrix{Float64}:
 0.0        0.0        0.0
 0.0954412  0.0954412  0.0
 0.0        0.0        0.0
 0.0373726  0.0373726  0.0
 0.0614224  0.0614224  0.0
3-element Vector{Float64}:
 0.1942361775991795
 0.1942361775991795
 0.0
2×7 Matrix{Float64}:
 0.0  0.0  0.0  0.682057  0.698859  1.0  0.464927
 0.0  0.0  0.0  0.317943  0.301141  0.0  0.535073
3-element Vector{Float64}:
 0.1942361775991795
 0.1942361775991795
 0.0
a: [0.0 0.0 0.0; 0.09544120448041404 0.09544120448041384 0.0; 0.0 0.0 0.0; 0.037372583488365814 0.03737258348836603 0.0; 0.06142238963039962 0.061422389630399615 0.0]
b: [0.1942361775991795, 0.1942361775991795, 0.0]
c: [0.0 0.0 0.0 0.6820571442674119 0.6988587888139846 1.0 0.4649274759468024; 0.0 0.0 0.0 0.31794285573258807 0.30114121118601545 0.0 0.5350725240531976]
d: [0.1942361775991795, 0.1942361775991795, 0.0]
comparison (CRT and Glb)on prediction: Dict{Bool, Int64}(0 => 60, 1 => 63)
Dataname	 time	 objv	 lb	 gap	 train_w	 train_g	 test_w	 test_g
/work_bgfs/n/navarrodelacruz/odt/optimal_decision_tree/augmented_datasets/body/body_293.body	 28.16	 0.019423617759917952	 N/A	 N/A	 90.107	 51.07	 90.244	 51.22
