Running 6 processes.
Start training /work_bgfs/n/navarrodelacruz/odt/optimal_decision_tree/augmented_datasets/body/body_797.body with seed 1.
Any[]
(5, 497)
(5, 248)
(5, 124)
(5, 125)
dimension: 5, class: 2
cart cost: 65.23333333333336
size of X: (5, 372)
Using method: Global linear DT optimization
Version identifier: 20.1.0.0 | 2020-11-10 | 9bedb6d68
CPXPARAM_Threads                                 1
CPXPARAM_TimeLimit                               1728000
Tried aggregator 1 time.
Aggregator did 4 substitutions.
Reduced LP has 4844 rows, 1885 columns, and 28296 nonzeros.
Presolve time = 0.02 sec. (8.81 ticks)
Initializing dual steep norms . . .

Iteration log . . .
Iteration:     1   Dual objective     =             0.000000
Perturbation started.
Iteration:   101   Dual objective     =             0.000000
Iteration:   249   Dual objective     =             0.000033
Iteration:   480   Dual objective     =             0.000087
Iteration:   722   Dual objective     =             0.000145
Iteration:   922   Dual objective     =             0.016258
Iteration:  1141   Dual objective     =             0.018082
Iteration:  1328   Dual objective     =             0.018091
Iteration:  1572   Dual objective     =             0.019456
Removing perturbation.
5×3 Matrix{Float64}:
 0.0  0.0  0.0
 0.0  0.0  1.0
 1.0  1.0  0.0
 0.0  0.0  0.0
 0.0  0.0  0.0
3-element Vector{Float64}:
 0.39598896573089815
 0.25889369655463634
 0.3642291577594142
2×7 Matrix{Float64}:
 0.0  0.0  0.0  1.0  1.0  1.0  0.0
 0.0  0.0  0.0  0.0  0.0  0.0  1.0
3-element Vector{Float64}:
 1.0
 1.0
 1.0
5×3 Matrix{Float64}:
 0.0        0.0        0.0
 0.0909294  0.0909294  0.0
 0.0        0.0        0.0
 0.0582458  0.0582458  0.0
 0.0443285  0.0443285  0.0
3-element Vector{Float64}:
 0.19350367795364123
 0.19350367795364123
 0.0
2×7 Matrix{Float64}:
 0.0  0.0  0.0  0.685065  0.678944  1.0  0.458896
 0.0  0.0  0.0  0.314935  0.321056  0.0  0.541104
3-element Vector{Float64}:
 0.19350367795364123
 0.19350367795364123
 0.0
a: [0.0 0.0 0.0; 0.09092939338090968 0.09092939338090951 0.0; 0.0 0.0 0.0; 0.05824575247694966 0.058245752476949963 0.0; 0.04432853209578194 0.04432853209578176 0.0]
b: [0.19350367795364123, 0.19350367795364123, 0.0]
c: [0.0 0.0 0.0 0.685065480066589 0.6789442960664901 1.0 0.4588963024507575; 0.0 0.0 0.0 0.31493451993341104 0.3210557039335099 0.0 0.5411036975492425]
d: [0.19350367795364123, 0.19350367795364123, 0.0]
comparison (CRT and Glb)on prediction: Dict{Bool, Int64}(0 => 60, 1 => 65)
Dataname	 time	 objv	 lb	 gap	 train_w	 train_g	 test_w	 test_g
/work_bgfs/n/navarrodelacruz/odt/optimal_decision_tree/augmented_datasets/body/body_797.body	 31.29	 0.019350367795364126	 N/A	 N/A	 91.129	 50.806	 90.4	 50.4
