Running 6 processes.
Start training /work_bgfs/n/navarrodelacruz/odt/optimal_decision_tree/augmented_datasets/body/body_361.body with seed 1.
Any[]
(5, 497)
(5, 248)
(5, 124)
(5, 125)
dimension: 5, class: 2
cart cost: 69.76867704280158
size of X: (5, 372)
Using method: Global linear DT optimization
Version identifier: 20.1.0.0 | 2020-11-10 | 9bedb6d68
CPXPARAM_Threads                                 1
CPXPARAM_TimeLimit                               1728000
Tried aggregator 1 time.
Aggregator did 4 substitutions.
Reduced LP has 4844 rows, 1885 columns, and 28284 nonzeros.
Presolve time = 0.02 sec. (8.67 ticks)
Initializing dual steep norms . . .

Iteration log . . .
Iteration:     1   Dual objective     =             0.000000
Perturbation started.
Iteration:   101   Dual objective     =             0.000000
Iteration:   225   Dual objective     =             0.000026
Iteration:   539   Dual objective     =             0.000101
Iteration:   724   Dual objective     =             0.000142
Iteration:   933   Dual objective     =             0.017116
Iteration:  1189   Dual objective     =             0.018096
Iteration:  1403   Dual objective     =             0.018471
Iteration:  1586   Dual objective     =             0.019221
Removing perturbation.
5×3 Matrix{Float64}:
 0.0  0.0  0.0
 0.0  0.0  1.0
 1.0  0.0  0.0
 0.0  1.0  0.0
 0.0  0.0  0.0
3-element Vector{Float64}:
 0.45095961981785326
 0.270775811088721
 0.37578342097241524
2×7 Matrix{Float64}:
 0.0  0.0  0.0  1.0  1.0  1.0  0.0
 0.0  0.0  0.0  0.0  0.0  0.0  1.0
3-element Vector{Float64}:
 1.0
 1.0
 1.0
5×3 Matrix{Float64}:
 0.00742567  0.00742567  0.0
 0.1213      0.1213      0.0
 0.0         0.0         0.0
 0.0         0.0         0.0
 0.0625965   0.0625965   0.0
3-element Vector{Float64}:
 0.1913224541221518
 0.1913224541221518
 0.0
2×7 Matrix{Float64}:
 0.0  0.0  0.0  0.694088  0.709824  1.0  0.457451
 0.0  0.0  0.0  0.305912  0.290176  0.0  0.542549
3-element Vector{Float64}:
 0.1913224541221518
 0.1913224541221518
 0.0
a: [0.007425671720474453 0.007425671720474508 0.0; 0.12130031537679128 0.12130031537679134 0.0; 0.0 0.0 0.0; 0.0 0.0 0.0; 0.062596467024886 0.06259646702488597 0.0]
b: [0.1913224541221518, 0.1913224541221518, 0.0]
c: [0.0 0.0 0.0 0.6940884434692496 0.7098244927943249 1.0 0.4574506535537569; 0.0 0.0 0.0 0.3059115565307504 0.2901755072056751 0.0 0.5425493464462431]
d: [0.1913224541221518, 0.1913224541221518, 0.0]
comparison (CRT and Glb)on prediction: Dict{Bool, Int64}(0 => 49, 1 => 76)
Dataname	 time	 objv	 lb	 gap	 train_w	 train_g	 test_w	 test_g
/work_bgfs/n/navarrodelacruz/odt/optimal_decision_tree/augmented_datasets/body/body_361.body	 27.36	 0.01913224541221518	 N/A	 N/A	 90.323	 51.613	 84.8	 52.0
