Running 6 processes.
Start training /work_bgfs/n/navarrodelacruz/odt/optimal_decision_tree/augmented_datasets/body/body_560.body with seed 1.
Any[]
(5, 497)
(5, 248)
(5, 124)
(5, 125)
dimension: 5, class: 2
cart cost: 69.76867704280158
size of X: (5, 372)
Using method: Global linear DT optimization
Version identifier: 20.1.0.0 | 2020-11-10 | 9bedb6d68
CPXPARAM_Threads                                 1
CPXPARAM_TimeLimit                               1728000
Tried aggregator 1 time.
Aggregator did 4 substitutions.
Reduced LP has 4844 rows, 1885 columns, and 28284 nonzeros.
Presolve time = 0.02 sec. (8.67 ticks)
Initializing dual steep norms . . .

Iteration log . . .
Iteration:     1   Dual objective     =             0.000000
Perturbation started.
Iteration:   101   Dual objective     =             0.000000
Iteration:   238   Dual objective     =             0.000032
Iteration:   458   Dual objective     =             0.000061
Iteration:   664   Dual objective     =             0.000104
Iteration:   811   Dual objective     =             0.000145
Iteration:   996   Dual objective     =             0.000196
Iteration:  1178   Dual objective     =             0.007829
Iteration:  1423   Dual objective     =             0.017709
Iteration:  1579   Dual objective     =             0.019091
Removing perturbation.
5×3 Matrix{Float64}:
 0.0  0.0  0.0
 0.0  0.0  1.0
 1.0  1.0  0.0
 0.0  0.0  0.0
 0.0  0.0  0.0
3-element Vector{Float64}:
 0.4053314073895224
 0.268935771456812
 0.37605256363414263
2×7 Matrix{Float64}:
 0.0  0.0  0.0  1.0  1.0  1.0  0.0
 0.0  0.0  0.0  0.0  0.0  0.0  1.0
3-element Vector{Float64}:
 1.0
 1.0
 1.0
5×3 Matrix{Float64}:
 0.0        0.0        0.0
 0.0954283  0.0954283  0.0
 0.0        0.0        0.0
 0.0371545  0.0371545  0.0
 0.0615701  0.0615701  0.0
3-element Vector{Float64}:
 0.19415285476122873
 0.19415285476122873
 0.0
2×7 Matrix{Float64}:
 0.0  0.0  0.0  0.676846  0.689797  1.0  0.465118
 0.0  0.0  0.0  0.323154  0.310203  0.0  0.534882
3-element Vector{Float64}:
 0.19415285476122873
 0.19415285476122873
 0.0
a: [0.0 0.0 0.0; 0.09542831777700393 0.09542831777700389 0.0; 0.0 0.0 0.0; 0.037154475904914656 0.03715447590491477 0.0; 0.061570061079310096 0.06157006107931008 0.0]
b: [0.19415285476122873, 0.19415285476122873, 0.0]
c: [0.0 0.0 0.0 0.6768460205877957 0.6897965155139946 1.0 0.46511767076010124; 0.0 0.0 0.0 0.32315397941220425 0.31020348448600543 0.0 0.5348823292398988]
d: [0.19415285476122873, 0.19415285476122873, 0.0]
comparison (CRT and Glb)on prediction: Dict{Bool, Int64}(0 => 58, 1 => 67)
Dataname	 time	 objv	 lb	 gap	 train_w	 train_g	 test_w	 test_g
/work_bgfs/n/navarrodelacruz/odt/optimal_decision_tree/augmented_datasets/body/body_560.body	 32.67	 0.01941528547612287	 N/A	 N/A	 90.323	 51.613	 90.4	 52.0
