Running 6 processes.
Start training /work_bgfs/n/navarrodelacruz/odt/optimal_decision_tree/augmented_datasets/body/body_899.body with seed 1.
Any[]
(5, 497)
(5, 248)
(5, 124)
(5, 125)
dimension: 5, class: 2
cart cost: 70.040625
size of X: (5, 372)
Using method: Global linear DT optimization
Version identifier: 20.1.0.0 | 2020-11-10 | 9bedb6d68
CPXPARAM_Threads                                 1
CPXPARAM_TimeLimit                               1728000
Tried aggregator 1 time.
Aggregator did 4 substitutions.
Reduced LP has 4844 rows, 1885 columns, and 28296 nonzeros.
Presolve time = 0.02 sec. (8.81 ticks)
Initializing dual steep norms . . .

Iteration log . . .
Iteration:     1   Dual objective     =             0.000000
Perturbation started.
Iteration:   101   Dual objective     =             0.000000
Iteration:   283   Dual objective     =             0.000018
Iteration:   491   Dual objective     =             0.000038
Iteration:   703   Dual objective     =             0.000073
Iteration:   874   Dual objective     =             0.000110
Iteration:  1079   Dual objective     =             0.009715
Iteration:  1227   Dual objective     =             0.009732
Iteration:  1348   Dual objective     =             0.009760
Iteration:  1523   Dual objective     =             0.009793
Iteration:  1726   Dual objective     =             0.016339
Iteration:  1914   Dual objective     =             0.018008
Iteration:  2084   Dual objective     =             0.019342
Removing perturbation.
5×3 Matrix{Float64}:
 0.0  0.0  0.0
 0.0  0.0  1.0
 1.0  1.0  0.0
 0.0  0.0  0.0
 0.0  0.0  0.0
3-element Vector{Float64}:
 0.39987122388251045
 0.27084558570882566
 0.3219546638360492
2×7 Matrix{Float64}:
 0.0  0.0  0.0  1.0  1.0  1.0  0.0
 0.0  0.0  0.0  0.0  0.0  0.0  1.0
3-element Vector{Float64}:
 1.0
 1.0
 1.0
5×3 Matrix{Float64}:
 0.0        0.0        0.0
 0.119933   0.119933   0.0
 0.0        0.0        0.0
 0.0767988  0.0767988  0.0
 0.0        0.0        0.0
3-element Vector{Float64}:
 0.19673216300729987
 0.1967321630072999
 0.0
2×7 Matrix{Float64}:
 0.0  0.0  0.0  0.668501  0.682739  1.0  0.448923
 0.0  0.0  0.0  0.331499  0.317261  0.0  0.551077
3-element Vector{Float64}:
 0.19673216300729987
 0.1967321630072999
 0.0
a: [0.0 0.0 0.0; 0.11993331578110035 0.11993331578110032 0.0; 0.0 0.0 0.0; 0.07679884722619953 0.07679884722619953 0.0; 0.0 0.0 0.0]
b: [0.19673216300729987, 0.1967321630072999, 0.0]
c: [0.0 0.0 0.0 0.668501288537184 0.6827388393964704 1.0 0.44892291296517217; 0.0 0.0 0.0 0.33149871146281595 0.3172611606035296 0.0 0.5510770870348278]
d: [0.19673216300729987, 0.1967321630072999, 0.0]
comparison (CRT and Glb)on prediction: Dict{Bool, Int64}(0 => 61, 1 => 64)
Dataname	 time	 objv	 lb	 gap	 train_w	 train_g	 test_w	 test_g
/work_bgfs/n/navarrodelacruz/odt/optimal_decision_tree/augmented_datasets/body/body_899.body	 31.58	 0.01967321630072999	 N/A	 N/A	 90.323	 51.613	 92.0	 51.2
