Running 6 processes.
Start training /work_bgfs/n/navarrodelacruz/odt/optimal_decision_tree/augmented_datasets/body/body_762.body with seed 1.
Any[]
(5, 497)
(5, 249)
(5, 124)
(5, 124)
dimension: 5, class: 2
cart cost: 62.51862745098035
size of X: (5, 373)
Using method: Global linear DT optimization
Version identifier: 20.1.0.0 | 2020-11-10 | 9bedb6d68
CPXPARAM_Threads                                 1
CPXPARAM_TimeLimit                               1728000
Tried aggregator 1 time.
Aggregator did 4 substitutions.
Reduced LP has 4857 rows, 1890 columns, and 28364 nonzeros.
Presolve time = 0.01 sec. (8.72 ticks)
Initializing dual steep norms . . .

Iteration log . . .
Iteration:     1   Dual objective     =             0.000000
Perturbation started.
Iteration:   101   Dual objective     =             0.000000
Iteration:   257   Dual objective     =             0.000029
Iteration:   484   Dual objective     =             0.000084
Iteration:   692   Dual objective     =             0.000132
Iteration:   849   Dual objective     =             0.006628
Iteration:  1066   Dual objective     =             0.015626
Iteration:  1295   Dual objective     =             0.018074
Iteration:  1443   Dual objective     =             0.019276
Iteration:  1605   Dual objective     =             0.019334
Removing perturbation.
5×3 Matrix{Float64}:
 0.0  0.0  0.0
 0.0  0.0  1.0
 1.0  0.0  0.0
 0.0  1.0  0.0
 0.0  0.0  0.0
3-element Vector{Float64}:
 0.39613976123002814
 0.224418373077182
 0.3517009115176159
2×7 Matrix{Float64}:
 0.0  0.0  0.0  1.0  1.0  1.0  0.0
 0.0  0.0  0.0  0.0  0.0  0.0  1.0
3-element Vector{Float64}:
 1.0
 1.0
 1.0
5×3 Matrix{Float64}:
 0.0         0.0         0.0
 0.102208    0.102208    0.0
 0.0         0.0         0.0
 0.00338933  0.00338933  0.0
 0.086672    0.086672    0.0
3-element Vector{Float64}:
 0.192268936910378
 0.19226893691037794
 0.0
2×7 Matrix{Float64}:
 0.0  0.0  0.0  0.693833  0.698724  1.0  0.480801
 0.0  0.0  0.0  0.306167  0.301276  0.0  0.519199
3-element Vector{Float64}:
 0.192268936910378
 0.19226893691037794
 0.0
a: [0.0 0.0 0.0; 0.1022076364149725 0.10220763641497252 0.0; 0.0 0.0 0.0; 0.0033893305484448966 0.0033893305484449243 0.0; 0.08667196994696065 0.08667196994696058 0.0]
b: [0.192268936910378, 0.19226893691037794, 0.0]
c: [0.0 0.0 0.0 0.69383259198997 0.6987237743211149 1.0 0.4808010312247384; 0.0 0.0 0.0 0.30616740801002995 0.3012762256788851 0.0 0.5191989687752616]
d: [0.192268936910378, 0.19226893691037794, 0.0]
comparison (CRT and Glb)on prediction: Dict{Bool, Int64}(0 => 61, 1 => 63)
Dataname	 time	 objv	 lb	 gap	 train_w	 train_g	 test_w	 test_g
/work_bgfs/n/navarrodelacruz/odt/optimal_decision_tree/augmented_datasets/body/body_762.body	 27.33	 0.0192268936910378	 N/A	 N/A	 91.421	 51.475	 90.323	 50.806
