Running 6 processes.
Start training /work_bgfs/n/navarrodelacruz/odt/optimal_decision_tree/augmented_datasets/body/body_532.body with seed 1.
Any[]
(5, 497)
(5, 249)
(5, 125)
(5, 123)
dimension: 5, class: 2
cart cost: 70.5909448818898
size of X: (5, 374)
Using method: Global linear DT optimization
Version identifier: 20.1.0.0 | 2020-11-10 | 9bedb6d68
CPXPARAM_Threads                                 1
CPXPARAM_TimeLimit                               1728000
Tried aggregator 1 time.
Aggregator did 4 substitutions.
Reduced LP has 4870 rows, 1895 columns, and 28436 nonzeros.
Presolve time = 0.02 sec. (8.72 ticks)
Initializing dual steep norms . . .

Iteration log . . .
Iteration:     1   Dual objective     =             0.000000
Perturbation started.
Iteration:   101   Dual objective     =             0.000000
Iteration:   449   Dual objective     =             0.000084
Iteration:   644   Dual objective     =             0.000127
Iteration:   840   Dual objective     =             0.009291
Iteration:  1020   Dual objective     =             0.016823
Iteration:  1197   Dual objective     =             0.018875
Iteration:  1372   Dual objective     =             0.019214
Removing perturbation.
5×3 Matrix{Float64}:
 0.0  0.0  0.0
 0.0  0.0  1.0
 1.0  0.0  0.0
 0.0  1.0  0.0
 0.0  0.0  0.0
3-element Vector{Float64}:
 0.3975741397729069
 0.21692980843666326
 0.365172375587805
2×7 Matrix{Float64}:
 0.0  0.0  0.0  1.0  1.0  1.0  0.0
 0.0  0.0  0.0  0.0  0.0  0.0  1.0
3-element Vector{Float64}:
 1.0
 1.0
 1.0
5×3 Matrix{Float64}:
 0.0        0.0        0.0
 0.0909396  0.0909396  0.0
 0.0190188  0.0190188  0.0
 0.0240638  0.0240638  0.0
 0.0572345  0.0572345  0.0
3-element Vector{Float64}:
 0.19125676369636752
 0.19125676369636752
 0.0
2×7 Matrix{Float64}:
 0.0  0.0  0.0  0.694819  0.704008  1.0  0.475044
 0.0  0.0  0.0  0.305181  0.295992  0.0  0.524956
3-element Vector{Float64}:
 0.19125676369636752
 0.19125676369636752
 0.0
a: [0.0 0.0 0.0; 0.09093963111022041 0.09093963111022063 0.0; 0.019018812585184074 0.019018812585183932 0.0; 0.02406381099124886 0.024063810991248755 0.0; 0.05723450900971418 0.05723450900971426 0.0]
b: [0.19125676369636752, 0.19125676369636752, 0.0]
c: [0.0 0.0 0.0 0.6948185910325819 0.704007641458634 1.0 0.475044268670349; 0.0 0.0 0.0 0.3051814089674181 0.29599235854136596 0.0 0.524955731329651]
d: [0.19125676369636752, 0.19125676369636752, 0.0]
comparison (CRT and Glb)on prediction: Dict{Bool, Int64}(0 => 59, 1 => 64)
Dataname	 time	 objv	 lb	 gap	 train_w	 train_g	 test_w	 test_g
/work_bgfs/n/navarrodelacruz/odt/optimal_decision_tree/augmented_datasets/body/body_532.body	 29.29	 0.019125676369636753	 N/A	 N/A	 90.374	 51.07	 92.683	 51.22
