Running 6 processes.
Start training /work_bgfs/n/navarrodelacruz/odt/optimal_decision_tree/augmented_datasets/body/body_630.body with seed 1.
Any[]
(5, 497)
(5, 248)
(5, 124)
(5, 125)
dimension: 5, class: 2
cart cost: 60.33359375000001
size of X: (5, 372)
Using method: Global linear DT optimization
Version identifier: 20.1.0.0 | 2020-11-10 | 9bedb6d68
CPXPARAM_Threads                                 1
CPXPARAM_TimeLimit                               1728000
Tried aggregator 1 time.
Aggregator did 4 substitutions.
Reduced LP has 4844 rows, 1885 columns, and 28292 nonzeros.
Presolve time = 0.01 sec. (8.74 ticks)
Initializing dual steep norms . . .

Iteration log . . .
Iteration:     1   Dual objective     =             0.000000
Perturbation started.
Iteration:   101   Dual objective     =             0.000000
Iteration:   440   Dual objective     =             0.000076
Iteration:   593   Dual objective     =             0.000116
Iteration:   762   Dual objective     =             0.000155
Iteration:   926   Dual objective     =             0.014583
Iteration:  1113   Dual objective     =             0.018168
Iteration:  1273   Dual objective     =             0.019394
Removing perturbation.
5×3 Matrix{Float64}:
 0.0  0.0  0.0
 0.0  0.0  1.0
 1.0  0.0  0.0
 0.0  1.0  0.0
 0.0  0.0  0.0
3-element Vector{Float64}:
 0.3979101988514904
 0.21447256893969444
 0.36486983366097525
2×7 Matrix{Float64}:
 0.0  0.0  0.0  1.0  1.0  1.0  0.0
 0.0  0.0  0.0  0.0  0.0  0.0  1.0
3-element Vector{Float64}:
 1.0
 1.0
 1.0
5×3 Matrix{Float64}:
 0.0        0.0        0.0
 0.0903583  0.0903583  0.0
 0.0        0.0        0.0
 0.0576228  0.0576228  0.0
 0.045996   0.045996   0.0
3-element Vector{Float64}:
 0.1939771275346069
 0.1939771275346069
 0.0
2×7 Matrix{Float64}:
 0.0  0.0  0.0  0.687471  0.685294  1.0  0.459363
 0.0  0.0  0.0  0.312529  0.314706  0.0  0.540637
3-element Vector{Float64}:
 0.1939771275346069
 0.1939771275346069
 0.0
a: [0.0 0.0 0.0; 0.090358309283784 0.09035830928378397 0.0; 0.0 0.0 0.0; 0.057622793776942904 0.05762279377694296 0.0; 0.045996024473880015 0.04599602447387998 0.0]
b: [0.1939771275346069, 0.1939771275346069, 0.0]
c: [0.0 0.0 0.0 0.6874712864251564 0.6852942991595075 1.0 0.45936316491800344; 0.0 0.0 0.0 0.3125287135748436 0.31470570084049254 0.0 0.5406368350819966]
d: [0.1939771275346069, 0.1939771275346069, 0.0]
comparison (CRT and Glb)on prediction: Dict{Bool, Int64}(0 => 62, 1 => 63)
Dataname	 time	 objv	 lb	 gap	 train_w	 train_g	 test_w	 test_g
/work_bgfs/n/navarrodelacruz/odt/optimal_decision_tree/augmented_datasets/body/body_630.body	 27.37	 0.019397712753460698	 N/A	 N/A	 91.667	 51.613	 88.0	 51.2
