Running 6 processes.
Start training /work_bgfs/n/navarrodelacruz/odt/optimal_decision_tree/augmented_datasets/body/body_556.body with seed 1.
Any[]
(5, 497)
(5, 248)
(5, 124)
(5, 125)
dimension: 5, class: 2
cart cost: 70.86936758893283
size of X: (5, 372)
Using method: Global linear DT optimization
Version identifier: 20.1.0.0 | 2020-11-10 | 9bedb6d68
CPXPARAM_Threads                                 1
CPXPARAM_TimeLimit                               1728000
Tried aggregator 1 time.
Aggregator did 4 substitutions.
Reduced LP has 4844 rows, 1885 columns, and 28284 nonzeros.
Presolve time = 0.02 sec. (8.67 ticks)
Initializing dual steep norms . . .

Iteration log . . .
Iteration:     1   Dual objective     =             0.000000
Perturbation started.
Iteration:   101   Dual objective     =             0.000000
Iteration:   445   Dual objective     =             0.000080
Iteration:   675   Dual objective     =             0.000134
Iteration:   844   Dual objective     =             0.010007
Iteration:  1055   Dual objective     =             0.018289
Iteration:  1253   Dual objective     =             0.019457
Removing perturbation.
5×3 Matrix{Float64}:
 0.0  0.0  0.0
 0.0  0.0  1.0
 1.0  1.0  0.0
 0.0  0.0  0.0
 0.0  0.0  0.0
3-element Vector{Float64}:
 0.4299177925493467
 0.2935525614326478
 0.37529796230284806
2×7 Matrix{Float64}:
 0.0  0.0  0.0  1.0  1.0  1.0  0.0
 0.0  0.0  0.0  0.0  0.0  0.0  1.0
3-element Vector{Float64}:
 1.0
 1.0
 1.0
5×3 Matrix{Float64}:
 0.0        0.0        0.0
 0.106794   0.106794   0.0
 0.0646928  0.0646928  0.0
 0.026743   0.026743   0.0
 0.0        0.0        0.0
3-element Vector{Float64}:
 0.19822977585701598
 0.19822977585701598
 0.0
2×7 Matrix{Float64}:
 0.0  0.0  0.0  0.693744  0.697736  1.0  0.455588
 0.0  0.0  0.0  0.306256  0.302264  0.0  0.544412
3-element Vector{Float64}:
 0.19822977585701598
 0.19822977585701598
 0.0
a: [0.0 0.0 0.0; 0.10679394482811522 0.10679394482811516 0.0; 0.06469278726358273 0.06469278726358321 0.0; 0.02674304376531804 0.02674304376531763 0.0; 0.0 0.0 0.0]
b: [0.19822977585701598, 0.19822977585701598, 0.0]
c: [0.0 0.0 0.0 0.6937443597383015 0.6977357839080156 1.0 0.45558829454749805; 0.0 0.0 0.0 0.3062556402616985 0.3022642160919844 0.0 0.544411705452502]
d: [0.19822977585701598, 0.19822977585701598, 0.0]
comparison (CRT and Glb)on prediction: Dict{Bool, Int64}(0 => 52, 1 => 73)
Dataname	 time	 objv	 lb	 gap	 train_w	 train_g	 test_w	 test_g
/work_bgfs/n/navarrodelacruz/odt/optimal_decision_tree/augmented_datasets/body/body_556.body	 28.96	 0.019822977585701597	 N/A	 N/A	 90.323	 50.806	 88.0	 51.2
