Running 6 processes.
Start training /work_bgfs/n/navarrodelacruz/odt/optimal_decision_tree/augmented_datasets/body/body_847.body with seed 1.
Any[]
(5, 497)
(5, 249)
(5, 125)
(5, 123)
dimension: 5, class: 2
cart cost: 66.67755905511812
size of X: (5, 374)
Using method: Global linear DT optimization
Version identifier: 20.1.0.0 | 2020-11-10 | 9bedb6d68
CPXPARAM_Threads                                 1
CPXPARAM_TimeLimit                               1728000
Tried aggregator 1 time.
Aggregator did 4 substitutions.
Reduced LP has 4870 rows, 1895 columns, and 28444 nonzeros.
Presolve time = 0.02 sec. (8.79 ticks)
Initializing dual steep norms . . .

Iteration log . . .
Iteration:     1   Dual objective     =             0.000000
Perturbation started.
Iteration:   101   Dual objective     =             0.000000
Iteration:   312   Dual objective     =             0.000045
Iteration:   518   Dual objective     =             0.000063
Iteration:   654   Dual objective     =             0.000108
Iteration:   821   Dual objective     =             0.000152
Iteration:  1020   Dual objective     =             0.010929
Iteration:  1236   Dual objective     =             0.015950
Iteration:  1429   Dual objective     =             0.017724
Iteration:  1595   Dual objective     =             0.018177
Iteration:  1759   Dual objective     =             0.018725
Removing perturbation.
5×3 Matrix{Float64}:
 0.0  0.0  0.0
 0.0  0.0  1.0
 1.0  0.0  0.0
 0.0  1.0  0.0
 0.0  0.0  0.0
3-element Vector{Float64}:
 0.40546568622693285
 0.18399327700500087
 0.3523236890847431
2×7 Matrix{Float64}:
 0.0  0.0  0.0  1.0  1.0  1.0  0.0
 0.0  0.0  0.0  0.0  0.0  0.0  1.0
3-element Vector{Float64}:
 1.0
 1.0
 1.0
5×3 Matrix{Float64}:
 0.0        0.0        0.0
 0.0951876  0.0951876  0.0
 0.0        0.0        0.0
 0.0372326  0.0372326  0.0
 0.0617673  0.0617673  0.0
3-element Vector{Float64}:
 0.19418753533032032
 0.19418753533032035
 0.0
2×7 Matrix{Float64}:
 0.0  0.0  0.0  0.675029  0.696645  1.0  0.465175
 0.0  0.0  0.0  0.324971  0.303355  0.0  0.534825
3-element Vector{Float64}:
 0.19418753533032032
 0.19418753533032035
 0.0
a: [0.0 0.0 0.0; 0.09518763585260391 0.09518763585260387 0.0; 0.0 0.0 0.0; 0.03723256150235116 0.03723256150235127 0.0; 0.06176733797536524 0.06176733797536517 0.0]
b: [0.19418753533032032, 0.19418753533032035, 0.0]
c: [0.0 0.0 0.0 0.6750286332942488 0.6966445255081496 1.0 0.46517534836814933; 0.0 0.0 0.0 0.3249713667057512 0.3033554744918504 0.0 0.5348246516318507]
d: [0.19418753533032032, 0.19418753533032035, 0.0]
comparison (CRT and Glb)on prediction: Dict{Bool, Int64}(0 => 58, 1 => 65)
Dataname	 time	 objv	 lb	 gap	 train_w	 train_g	 test_w	 test_g
/work_bgfs/n/navarrodelacruz/odt/optimal_decision_tree/augmented_datasets/body/body_847.body	 35.65	 0.019418753533032032	 N/A	 N/A	 90.909	 51.07	 90.244	 51.22
