Running 6 processes.
Start training /work_bgfs/n/navarrodelacruz/odt/optimal_decision_tree/augmented_datasets/body/body_789.body with seed 1.
Any[]
(5, 497)
(5, 249)
(5, 125)
(5, 123)
dimension: 5, class: 2
cart cost: 76.46102362204722
size of X: (5, 374)
Using method: Global linear DT optimization
Version identifier: 20.1.0.0 | 2020-11-10 | 9bedb6d68
CPXPARAM_Threads                                 1
CPXPARAM_TimeLimit                               1728000
Tried aggregator 1 time.
Aggregator did 4 substitutions.
Reduced LP has 4870 rows, 1895 columns, and 28440 nonzeros.
Presolve time = 0.02 sec. (8.74 ticks)
Initializing dual steep norms . . .

Iteration log . . .
Iteration:     1   Dual objective     =             0.000000
Perturbation started.
Iteration:   101   Dual objective     =             0.000000
Iteration:   439   Dual objective     =             0.000080
Iteration:   616   Dual objective     =             0.000122
Iteration:   798   Dual objective     =             0.000160
Iteration:   956   Dual objective     =             0.011814
Iteration:  1122   Dual objective     =             0.018857
Iteration:  1259   Dual objective     =             0.019312
Removing perturbation.
5×3 Matrix{Float64}:
 0.0  0.0  0.0
 0.0  0.0  1.0
 1.0  0.0  0.0
 0.0  1.0  0.0
 0.0  0.0  0.0
3-element Vector{Float64}:
 0.4060080648194977
 0.16698149095431838
 0.35286311091924316
2×7 Matrix{Float64}:
 0.0  0.0  0.0  1.0  1.0  1.0  0.0
 0.0  0.0  0.0  0.0  0.0  0.0  1.0
3-element Vector{Float64}:
 1.0
 1.0
 1.0
5×3 Matrix{Float64}:
 0.0        0.0        0.0
 0.0953927  0.0953927  0.0
 0.0        0.0        0.0
 0.0365792  0.0365792  0.0
 0.0623009  0.0623009  0.0
3-element Vector{Float64}:
 0.19427282369982324
 0.1942728236998236
 0.0
2×7 Matrix{Float64}:
 0.0  0.0  0.0  0.68422  0.684904  1.0  0.465026
 0.0  0.0  0.0  0.31578  0.315096  0.0  0.534974
3-element Vector{Float64}:
 0.1942728236998234
 0.19427282369982354
 0.0
a: [0.0 0.0 0.0; 0.0953927293586522 0.095392729358653 0.0; 0.0 0.0 0.0; 0.03657921140529519 0.03657921140529694 0.0; 0.062300882935875976 0.062300882935873714 0.0]
b: [0.19427282369982324, 0.1942728236998236, 0.0]
c: [0.0 0.0 0.0 0.6842197746666855 0.6849042158324791 1.0 0.46502625035959133; 0.0 0.0 0.0 0.3157802253333145 0.31509578416752093 0.0 0.5349737496404087]
d: [0.1942728236998234, 0.19427282369982354, 0.0]
comparison (CRT and Glb)on prediction: Dict{Bool, Int64}(0 => 59, 1 => 64)
Dataname	 time	 objv	 lb	 gap	 train_w	 train_g	 test_w	 test_g
/work_bgfs/n/navarrodelacruz/odt/optimal_decision_tree/augmented_datasets/body/body_789.body	 31.87	 0.019427282369982354	 N/A	 N/A	 89.572	 51.07	 91.057	 51.22
