Running 6 processes.
Start training /work_bgfs/n/navarrodelacruz/odt/optimal_decision_tree/augmented_datasets/body/body_238.body with seed 1.
Any[]
(5, 497)
(5, 249)
(5, 124)
(5, 124)
dimension: 5, class: 2
cart cost: 66.41666666666664
size of X: (5, 373)
Using method: Global linear DT optimization
Version identifier: 20.1.0.0 | 2020-11-10 | 9bedb6d68
CPXPARAM_Threads                                 1
CPXPARAM_TimeLimit                               1728000
Tried aggregator 1 time.
Aggregator did 4 substitutions.
Reduced LP has 4857 rows, 1890 columns, and 28360 nonzeros.
Presolve time = 0.02 sec. (8.69 ticks)
Initializing dual steep norms . . .

Iteration log . . .
Iteration:     1   Dual objective     =             0.000000
Perturbation started.
Iteration:   101   Dual objective     =             0.000000
Iteration:   472   Dual objective     =             0.000089
Iteration:   704   Dual objective     =             0.000129
Iteration:   910   Dual objective     =             0.006153
Iteration:  1171   Dual objective     =             0.016657
Iteration:  1358   Dual objective     =             0.017853
Iteration:  1531   Dual objective     =             0.018733
Removing perturbation.
5×3 Matrix{Float64}:
 0.0  0.0  0.0
 0.0  0.0  1.0
 1.0  0.0  0.0
 0.0  1.0  0.0
 0.0  0.0  0.0
3-element Vector{Float64}:
 0.4085036695224212
 0.18372178230430958
 0.37744072628649916
2×7 Matrix{Float64}:
 0.0  0.0  0.0  1.0  1.0  1.0  0.0
 0.0  0.0  0.0  0.0  0.0  0.0  1.0
3-element Vector{Float64}:
 1.0
 1.0
 1.0
5×3 Matrix{Float64}:
 0.0        0.0        0.0
 0.095952   0.095952   0.0
 0.0        0.0        0.0
 0.0368279  0.0368279  0.0
 0.0614477  0.0614477  0.0
3-element Vector{Float64}:
 0.1942276483262105
 0.19422764832621053
 0.0
2×7 Matrix{Float64}:
 0.0  0.0  0.0  0.686281  0.687422  1.0  0.464921
 0.0  0.0  0.0  0.313719  0.312578  0.0  0.535079
3-element Vector{Float64}:
 0.1942276483262106
 0.19422764832621053
 0.0
a: [0.0 0.0 0.0; 0.09595198292651563 0.09595198292651555 0.0; 0.0 0.0 0.0; 0.03682793461947578 0.036827934619476255 0.0; 0.0614477307802191 0.06144773078021871 0.0]
b: [0.1942276483262105, 0.19422764832621053, 0.0]
c: [0.0 0.0 0.0 0.6862806056019921 0.6874220294903719 1.0 0.46492075711501546; 0.0 0.0 0.0 0.3137193943980079 0.3125779705096281 0.0 0.5350792428849845]
d: [0.1942276483262106, 0.19422764832621053, 0.0]
comparison (CRT and Glb)on prediction: Dict{Bool, Int64}(0 => 57, 1 => 67)
Dataname	 time	 objv	 lb	 gap	 train_w	 train_g	 test_w	 test_g
/work_bgfs/n/navarrodelacruz/odt/optimal_decision_tree/augmented_datasets/body/body_238.body	 27.23	 0.019422764832621058	 N/A	 N/A	 90.885	 51.475	 87.097	 50.806
