Running 6 processes.
Start training /work_bgfs/n/navarrodelacruz/odt/optimal_decision_tree/augmented_datasets/body/body_638.body with seed 1.
Any[]
(5, 497)
(5, 248)
(5, 124)
(5, 125)
dimension: 5, class: 2
cart cost: 69.76867704280158
size of X: (5, 372)
Using method: Global linear DT optimization
Version identifier: 20.1.0.0 | 2020-11-10 | 9bedb6d68
CPXPARAM_Threads                                 1
CPXPARAM_TimeLimit                               1728000
Tried aggregator 1 time.
Aggregator did 4 substitutions.
Reduced LP has 4844 rows, 1885 columns, and 28288 nonzeros.
Presolve time = 0.01 sec. (8.69 ticks)
Initializing dual steep norms . . .

Iteration log . . .
Iteration:     1   Dual objective     =             0.000000
Perturbation started.
Iteration:   101   Dual objective     =             0.000000
Iteration:   362   Dual objective     =             0.000057
Iteration:   585   Dual objective     =             0.000113
Iteration:   766   Dual objective     =             0.000154
Iteration:   957   Dual objective     =             0.014170
Iteration:  1146   Dual objective     =             0.018369
Iteration:  1317   Dual objective     =             0.018966
Removing perturbation.
5×3 Matrix{Float64}:
 0.0  0.0  0.0
 0.0  0.0  1.0
 1.0  0.0  0.0
 0.0  1.0  0.0
 0.0  0.0  0.0
3-element Vector{Float64}:
 0.3962418356469388
 0.22949456425438244
 0.3522782889742962
2×7 Matrix{Float64}:
 0.0  0.0  0.0  1.0  1.0  1.0  0.0
 0.0  0.0  0.0  0.0  0.0  0.0  1.0
3-element Vector{Float64}:
 1.0
 1.0
 1.0
5×3 Matrix{Float64}:
 0.0         0.0         0.0
 0.0974839   0.0974839   0.0
 0.0178404   0.0178404   0.0
 0.00157049  0.00157049  0.0
 0.075751    0.075751    0.0
3-element Vector{Float64}:
 0.19264575846936619
 0.19264575846936632
 0.0
2×7 Matrix{Float64}:
 0.0  0.0  0.0  0.69443  0.696757  1.0  0.478009
 0.0  0.0  0.0  0.30557  0.303243  0.0  0.521991
3-element Vector{Float64}:
 0.19264575846936619
 0.19264575846936632
 0.0
a: [0.0 0.0 0.0; 0.09748385880139793 0.09748385880139812 0.0; 0.01784036419670776 0.01784036419670787 0.0; 0.0015704888787389788 0.0015704888787389003 0.0; 0.07575104659252138 0.07575104659252141 0.0]
b: [0.19264575846936619, 0.19264575846936632, 0.0]
c: [0.0 0.0 0.0 0.6944297074676176 0.6967573173399098 1.0 0.4780086508915814; 0.0 0.0 0.0 0.30557029253238244 0.30324268266009025 0.0 0.5219913491084186]
d: [0.19264575846936619, 0.19264575846936632, 0.0]
comparison (CRT and Glb)on prediction: Dict{Bool, Int64}(0 => 59, 1 => 66)
Dataname	 time	 objv	 lb	 gap	 train_w	 train_g	 test_w	 test_g
/work_bgfs/n/navarrodelacruz/odt/optimal_decision_tree/augmented_datasets/body/body_638.body	 27.5	 0.019264575846936628	 N/A	 N/A	 90.323	 51.613	 92.8	 52.0
