Running 6 processes.
Start training /work_bgfs/n/navarrodelacruz/odt/optimal_decision_tree/augmented_datasets/body/body_488.body with seed 1.
Any[]
(5, 497)
(5, 249)
(5, 124)
(5, 124)
dimension: 5, class: 2
cart cost: 72.26372549019605
size of X: (5, 373)
Using method: Global linear DT optimization
Version identifier: 20.1.0.0 | 2020-11-10 | 9bedb6d68
CPXPARAM_Threads                                 1
CPXPARAM_TimeLimit                               1728000
Tried aggregator 1 time.
Aggregator did 4 substitutions.
Reduced LP has 4857 rows, 1890 columns, and 28368 nonzeros.
Presolve time = 0.02 sec. (8.76 ticks)
Initializing dual steep norms . . .

Iteration log . . .
Iteration:     1   Dual objective     =             0.000000
Perturbation started.
Iteration:   101   Dual objective     =             0.000000
Iteration:   471   Dual objective     =             0.000092
Iteration:   684   Dual objective     =             0.000136
Iteration:   825   Dual objective     =             0.010512
Iteration:  1013   Dual objective     =             0.017605
Iteration:  1186   Dual objective     =             0.018390
Iteration:  1375   Dual objective     =             0.019500
Removing perturbation.
5×3 Matrix{Float64}:
 0.0  0.0  0.0
 0.0  1.0  1.0
 1.0  0.0  0.0
 0.0  0.0  0.0
 0.0  0.0  0.0
3-element Vector{Float64}:
 0.4493686314960694
 0.538139285207619
 0.3836081310576227
2×7 Matrix{Float64}:
 0.0  0.0  0.0  1.0  0.0  1.0  0.0
 0.0  0.0  0.0  0.0  1.0  0.0  1.0
3-element Vector{Float64}:
 1.0
 1.0
 1.0
5×3 Matrix{Float64}:
 0.0        0.0        0.0
 0.0953953  0.0953953  0.0
 0.0        0.0        0.0
 0.0372388  0.0372388  0.0
 0.0616053  0.0616053  0.0
3-element Vector{Float64}:
 0.19423942887418577
 0.19423942887418577
 0.0
2×7 Matrix{Float64}:
 0.0  0.0  0.0  0.689384  0.693002  1.0  0.464981
 0.0  0.0  0.0  0.310616  0.306998  0.0  0.535019
3-element Vector{Float64}:
 0.19423942887418577
 0.19423942887418577
 0.0
a: [0.0 0.0 0.0; 0.09539533811455084 0.09539533811455084 0.0; 0.0 0.0 0.0; 0.03723876166809031 0.03723876166809031 0.0; 0.06160532909154462 0.06160532909154462 0.0]
b: [0.19423942887418577, 0.19423942887418577, 0.0]
c: [0.0 0.0 0.0 0.68938414990184 0.6930015610328517 1.0 0.4649813119283862; 0.0 0.0 0.0 0.31061585009815995 0.3069984389671483 0.0 0.5350186880716138]
d: [0.19423942887418577, 0.19423942887418577, 0.0]
comparison (CRT and Glb)on prediction: Dict{Bool, Int64}(0 => 57, 1 => 67)
Dataname	 time	 objv	 lb	 gap	 train_w	 train_g	 test_w	 test_g
/work_bgfs/n/navarrodelacruz/odt/optimal_decision_tree/augmented_datasets/body/body_488.body	 28.19	 0.019423942887418586	 N/A	 N/A	 90.08	 51.475	 87.097	 50.806
