Running 6 processes.
Start training /work_bgfs/n/navarrodelacruz/odt/optimal_decision_tree/augmented_datasets/body/body_154.body with seed 1.
Any[]
(5, 497)
(5, 248)
(5, 124)
(5, 125)
dimension: 5, class: 2
cart cost: 83.63046875
size of X: (5, 372)
Using method: Global linear DT optimization
Version identifier: 20.1.0.0 | 2020-11-10 | 9bedb6d68
CPXPARAM_Threads                                 1
CPXPARAM_TimeLimit                               1728000
Tried aggregator 1 time.
Aggregator did 4 substitutions.
Reduced LP has 4844 rows, 1885 columns, and 28292 nonzeros.
Presolve time = 0.02 sec. (8.74 ticks)
Initializing dual steep norms . . .

Iteration log . . .
Iteration:     1   Dual objective     =             0.000000
Perturbation started.
Iteration:   101   Dual objective     =             0.000000
Iteration:   276   Dual objective     =             0.000026
Iteration:   504   Dual objective     =             0.000048
Iteration:   648   Dual objective     =             0.000091
Iteration:   909   Dual objective     =             0.000158
Iteration:  1089   Dual objective     =             0.000177
Iteration:  1261   Dual objective     =             0.016309
Iteration:  1398   Dual objective     =             0.016618
Iteration:  1607   Dual objective     =             0.017670
Iteration:  1807   Dual objective     =             0.018483
Removing perturbation.
5×3 Matrix{Float64}:
 0.0  0.0  0.0
 0.0  1.0  1.0
 1.0  0.0  0.0
 0.0  0.0  0.0
 0.0  0.0  0.0
3-element Vector{Float64}:
 0.4691922482051998
 0.38307317297325794
 0.3875674661355045
2×7 Matrix{Float64}:
 0.0  0.0  0.0  1.0  1.0  1.0  0.0
 0.0  0.0  0.0  0.0  0.0  0.0  1.0
3-element Vector{Float64}:
 1.0
 1.0
 1.0
5×3 Matrix{Float64}:
 0.0        0.0        0.0
 0.114573   0.114573   0.0
 0.0169879  0.0169879  0.0
 0.0        0.0        0.0
 0.0605121  0.0605121  0.0
3-element Vector{Float64}:
 0.19207317903423457
 0.19207317903423463
 0.0
2×7 Matrix{Float64}:
 0.0  0.0  0.0  0.688943  0.35131  1.0  0.458669
 0.0  0.0  0.0  0.311057  0.64869  0.0  0.541331
3-element Vector{Float64}:
 0.19207317903423457
 0.19207317903423463
 0.0
a: [0.0 0.0 0.0; 0.11457313193395333 0.11457313193395388 0.0; 0.0169879273601748 0.016987927360174127 0.0; 0.0 0.0 0.0; 0.06051211974010644 0.060512119740106715 0.0]
b: [0.19207317903423457, 0.19207317903423463, 0.0]
c: [0.0 0.0 0.0 0.6889431359946808 0.3513095942512857 1.0 0.45866894458195745; 0.0 0.0 0.0 0.3110568640053192 0.6486904057487143 0.0 0.5413310554180426]
d: [0.19207317903423457, 0.19207317903423463, 0.0]
comparison (CRT and Glb)on prediction: Dict{Bool, Int64}(0 => 50, 1 => 75)
Dataname	 time	 objv	 lb	 gap	 train_w	 train_g	 test_w	 test_g
/work_bgfs/n/navarrodelacruz/odt/optimal_decision_tree/augmented_datasets/body/body_154.body	 27.22	 0.019207317903423456	 N/A	 N/A	 88.441	 51.613	 86.4	 51.2
