Running 6 processes.
Start training /work_bgfs/n/navarrodelacruz/odt/optimal_decision_tree/augmented_datasets/body/body_49.body with seed 1.
Any[]
(5, 497)
(5, 249)
(5, 124)
(5, 124)
dimension: 5, class: 2
cart cost: 70.31470588235291
size of X: (5, 373)
Using method: Global linear DT optimization
Version identifier: 20.1.0.0 | 2020-11-10 | 9bedb6d68
CPXPARAM_Threads                                 1
CPXPARAM_TimeLimit                               1728000
Tried aggregator 1 time.
Aggregator did 4 substitutions.
Reduced LP has 4857 rows, 1890 columns, and 28368 nonzeros.
Presolve time = 0.02 sec. (8.76 ticks)
Initializing dual steep norms . . .

Iteration log . . .
Iteration:     1   Dual objective     =             0.000000
Perturbation started.
Iteration:   101   Dual objective     =             0.000000
Iteration:   321   Dual objective     =             0.000045
Iteration:   535   Dual objective     =             0.000066
Iteration:   678   Dual objective     =             0.000107
Iteration:   841   Dual objective     =             0.000148
Iteration:  1009   Dual objective     =             0.015929
Iteration:  1198   Dual objective     =             0.016612
Iteration:  1334   Dual objective     =             0.016872
Iteration:  1508   Dual objective     =             0.016926
Iteration:  1653   Dual objective     =             0.018322
Iteration:  1834   Dual objective     =             0.019208
Iteration:  1980   Dual objective     =             0.019221
Removing perturbation.
5×3 Matrix{Float64}:
 0.0  0.0  0.0
 0.0  0.0  1.0
 1.0  0.0  0.0
 0.0  1.0  0.0
 0.0  0.0  0.0
3-element Vector{Float64}:
 0.4461757706732649
 0.26840748758005445
 0.36408642698896987
2×7 Matrix{Float64}:
 0.0  0.0  0.0  1.0  1.0  1.0  0.0
 0.0  0.0  0.0  0.0  0.0  0.0  1.0
3-element Vector{Float64}:
 1.0
 1.0
 1.0
5×3 Matrix{Float64}:
 0.0        0.0        0.0
 0.0914368  0.0914368  0.0
 0.0        0.0        0.0
 0.0563885  0.0563885  0.0
 0.0456737  0.0456737  0.0
3-element Vector{Float64}:
 0.1934990387143236
 0.19349903871432356
 0.0
2×7 Matrix{Float64}:
 0.0  0.0  0.0  0.68483  0.347711  1.0  0.459484
 0.0  0.0  0.0  0.31517  0.652289  0.0  0.540516
3-element Vector{Float64}:
 0.1934990387143236
 0.19349903871432356
 0.0
a: [0.0 0.0 0.0; 0.09143677216266709 0.09143677216266713 0.0; 0.0 0.0 0.0; 0.056388520835470406 0.056388520835470496 0.0; 0.045673745716186105 0.045673745716185925 0.0]
b: [0.1934990387143236, 0.19349903871432356, 0.0]
c: [0.0 0.0 0.0 0.6848300836718034 0.3477114269166582 1.0 0.45948365209247655; 0.0 0.0 0.0 0.3151699163281966 0.6522885730833419 0.0 0.5405163479075235]
d: [0.1934990387143236, 0.19349903871432356, 0.0]
comparison (CRT and Glb)on prediction: Dict{Bool, Int64}(0 => 51, 1 => 73)
Dataname	 time	 objv	 lb	 gap	 train_w	 train_g	 test_w	 test_g
/work_bgfs/n/navarrodelacruz/odt/optimal_decision_tree/augmented_datasets/body/body_49.body	 32.76	 0.01934990387143236	 N/A	 N/A	 90.349	 51.475	 87.097	 50.806
