Running 6 processes.
Start training /work_bgfs/n/navarrodelacruz/odt/optimal_decision_tree/augmented_datasets/body/body_282.body with seed 1.
Any[]
(5, 497)
(5, 249)
(5, 124)
(5, 124)
dimension: 5, class: 2
cart cost: 75.27790697674416
size of X: (5, 373)
Using method: Global linear DT optimization
Version identifier: 20.1.0.0 | 2020-11-10 | 9bedb6d68
CPXPARAM_Threads                                 1
CPXPARAM_TimeLimit                               1728000
Tried aggregator 1 time.
Aggregator did 4 substitutions.
Reduced LP has 4857 rows, 1890 columns, and 28364 nonzeros.
Presolve time = 0.02 sec. (8.72 ticks)
Initializing dual steep norms . . .

Iteration log . . .
Iteration:     1   Dual objective     =             0.000000
Perturbation started.
Iteration:   101   Dual objective     =             0.000000
Iteration:   219   Dual objective     =             0.000025
Iteration:   447   Dual objective     =             0.000081
Iteration:   678   Dual objective     =             0.000131
Iteration:   831   Dual objective     =             0.000169
Iteration:  1006   Dual objective     =             0.016629
Iteration:  1175   Dual objective     =             0.018083
Iteration:  1344   Dual objective     =             0.019278
Removing perturbation.
5×3 Matrix{Float64}:
 0.0  0.0  0.0
 0.0  0.0  1.0
 1.0  0.0  0.0
 0.0  1.0  0.0
 0.0  0.0  0.0
3-element Vector{Float64}:
 0.43068839741312936
 0.26572060655627383
 0.38828032361540643
2×7 Matrix{Float64}:
 0.0  0.0  0.0  1.0  1.0  1.0  0.0
 0.0  0.0  0.0  0.0  0.0  0.0  1.0
3-element Vector{Float64}:
 1.0
 1.0
 1.0
5×3 Matrix{Float64}:
 0.0        0.0        0.0
 0.114306   0.114306   0.0
 0.0176922  0.0176922  0.0
 0.0        0.0        0.0
 0.060051   0.060051   0.0
3-element Vector{Float64}:
 0.19204882058718825
 0.19204882058718836
 0.0
2×7 Matrix{Float64}:
 0.0  0.0  0.0  0.702284  0.696017  1.0  0.458755
 0.0  0.0  0.0  0.297716  0.303983  0.0  0.541245
3-element Vector{Float64}:
 0.19204882058718828
 0.1920488205871883
 0.0
a: [0.0 0.0 0.0; 0.11430566702580533 0.11430566702580514 0.0; 0.01769216874617322 0.017692168746173464 0.0; 0.0 0.0 0.0; 0.06005098481520973 0.0600509848152097 0.0]
b: [0.19204882058718825, 0.19204882058718836, 0.0]
c: [0.0 0.0 0.0 0.7022836483802868 0.6960173899521418 1.0 0.45875457689624366; 0.0 0.0 0.0 0.2977163516197132 0.3039826100478582 0.0 0.5412454231037563]
d: [0.19204882058718828, 0.1920488205871883, 0.0]
comparison (CRT and Glb)on prediction: Dict{Bool, Int64}(0 => 51, 1 => 73)
Dataname	 time	 objv	 lb	 gap	 train_w	 train_g	 test_w	 test_g
/work_bgfs/n/navarrodelacruz/odt/optimal_decision_tree/augmented_datasets/body/body_282.body	 27.18	 0.019204882058718835	 N/A	 N/A	 89.544	 51.743	 87.097	 52.419
