Running 6 processes.
Start training /work_bgfs/n/navarrodelacruz/odt/optimal_decision_tree/augmented_datasets/body/body_105.body with seed 1.
Any[]
(5, 497)
(5, 248)
(5, 124)
(5, 125)
dimension: 5, class: 2
cart cost: 60.33359375000001
size of X: (5, 372)
Using method: Global linear DT optimization
Version identifier: 20.1.0.0 | 2020-11-10 | 9bedb6d68
CPXPARAM_Threads                                 1
CPXPARAM_TimeLimit                               1728000
Tried aggregator 1 time.
Aggregator did 4 substitutions.
Reduced LP has 4844 rows, 1885 columns, and 28288 nonzeros.
Presolve time = 0.01 sec. (8.69 ticks)
Initializing dual steep norms . . .

Iteration log . . .
Iteration:     1   Dual objective     =             0.000000
Perturbation started.
Iteration:   101   Dual objective     =             0.000000
Iteration:   252   Dual objective     =             0.000036
Iteration:   525   Dual objective     =             0.000102
Iteration:   716   Dual objective     =             0.000146
Iteration:   946   Dual objective     =             0.016936
Iteration:  1119   Dual objective     =             0.018407
Iteration:  1300   Dual objective     =             0.019547
Removing perturbation.
5×3 Matrix{Float64}:
 0.0  0.0  0.0
 0.0  1.0  1.0
 1.0  0.0  0.0
 0.0  0.0  0.0
 0.0  0.0  0.0
3-element Vector{Float64}:
 0.45163092043976605
 0.5566665822241887
 0.3855161499897023
2×7 Matrix{Float64}:
 0.0  0.0  0.0  1.0  0.0  1.0  0.0
 0.0  0.0  0.0  0.0  1.0  0.0  1.0
3-element Vector{Float64}:
 1.0
 1.0
 1.0
5×3 Matrix{Float64}:
 0.0        0.0        0.0
 0.0955078  0.0955078  0.0
 0.0        0.0        0.0
 0.0360652  0.0360652  0.0
 0.0628481  0.0628481  0.0
3-element Vector{Float64}:
 0.1944210600352906
 0.19442106003529064
 0.0
2×7 Matrix{Float64}:
 0.0  0.0  0.0  0.690792  0.690457  1.0  0.465038
 0.0  0.0  0.0  0.309208  0.309543  0.0  0.534962
3-element Vector{Float64}:
 0.19442106003529055
 0.19442106003529058
 0.0
a: [0.0 0.0 0.0; 0.09550776216216389 0.09550776216216378 0.0; 0.0 0.0 0.0; 0.036065206747744126 0.036065206747744126 0.0; 0.06284809112538256 0.06284809112538277 0.0]
b: [0.1944210600352906, 0.19442106003529064, 0.0]
c: [0.0 0.0 0.0 0.6907922126118045 0.6904568899488304 1.0 0.4650376108923847; 0.0 0.0 0.0 0.30920778738819554 0.30954311005116963 0.0 0.5349623891076153]
d: [0.19442106003529055, 0.19442106003529058, 0.0]
comparison (CRT and Glb)on prediction: Dict{Bool, Int64}(0 => 59, 1 => 66)
Dataname	 time	 objv	 lb	 gap	 train_w	 train_g	 test_w	 test_g
/work_bgfs/n/navarrodelacruz/odt/optimal_decision_tree/augmented_datasets/body/body_105.body	 27.54	 0.01944210600352906	 N/A	 N/A	 91.667	 51.613	 88.8	 51.2
