Running 6 processes.
Start training /work_bgfs/n/navarrodelacruz/odt/optimal_decision_tree/augmented_datasets/body/body_524.body with seed 1.
Any[]
(5, 497)
(5, 248)
(5, 124)
(5, 125)
dimension: 5, class: 2
cart cost: 63.01166007905141
size of X: (5, 372)
Using method: Global linear DT optimization
Version identifier: 20.1.0.0 | 2020-11-10 | 9bedb6d68
CPXPARAM_Threads                                 1
CPXPARAM_TimeLimit                               1728000
Tried aggregator 1 time.
Aggregator did 4 substitutions.
Reduced LP has 4844 rows, 1885 columns, and 28284 nonzeros.
Presolve time = 0.02 sec. (8.67 ticks)
Initializing dual steep norms . . .

Iteration log . . .
Iteration:     1   Dual objective     =             0.000000
Perturbation started.
Iteration:   101   Dual objective     =             0.000000
Iteration:   374   Dual objective     =             0.000064
Iteration:   553   Dual objective     =             0.000106
Iteration:   753   Dual objective     =             0.000149
Iteration:   947   Dual objective     =             0.014478
Iteration:  1161   Dual objective     =             0.018408
Iteration:  1329   Dual objective     =             0.019249
Iteration:  1461   Dual objective     =             0.019321
Removing perturbation.
5×3 Matrix{Float64}:
 0.0  0.0  0.0
 0.0  0.0  1.0
 1.0  0.0  0.0
 0.0  1.0  0.0
 0.0  0.0  0.0
3-element Vector{Float64}:
 0.39591022939503284
 0.16900703447834833
 0.3783926901654273
2×7 Matrix{Float64}:
 0.0  0.0  0.0  1.0  1.0  1.0  0.0
 0.0  0.0  0.0  0.0  0.0  0.0  1.0
3-element Vector{Float64}:
 1.0
 1.0
 1.0
5×3 Matrix{Float64}:
 0.0        0.0        0.0
 0.114903   0.114903   0.0
 0.0171081  0.0171081  0.0
 0.0        0.0        0.0
 0.0601165  0.0601165  0.0
3-element Vector{Float64}:
 0.1921276282294212
 0.19212762822942125
 0.0
2×7 Matrix{Float64}:
 0.0  0.0  0.0  0.700441  0.706915  1.0  0.458352
 0.0  0.0  0.0  0.299559  0.293085  0.0  0.541648
3-element Vector{Float64}:
 0.1921276282294212
 0.19212762822942125
 0.0
a: [0.0 0.0 0.0; 0.11490305330900347 0.11490305330900344 0.0; 0.017108094154617653 0.017108094154617615 0.0; 0.0 0.0 0.0; 0.06011648076580012 0.06011648076580017 0.0]
b: [0.1921276282294212, 0.19212762822942125, 0.0]
c: [0.0 0.0 0.0 0.7004409365220334 0.7069153049641643 1.0 0.45835246683087105; 0.0 0.0 0.0 0.29955906347796657 0.2930846950358357 0.0 0.541647533169129]
d: [0.1921276282294212, 0.19212762822942125, 0.0]
comparison (CRT and Glb)on prediction: Dict{Bool, Int64}(0 => 57, 1 => 68)
Dataname	 time	 objv	 lb	 gap	 train_w	 train_g	 test_w	 test_g
/work_bgfs/n/navarrodelacruz/odt/optimal_decision_tree/augmented_datasets/body/body_524.body	 29.83	 0.019212762822942125	 N/A	 N/A	 91.398	 50.806	 90.4	 51.2
