Running 6 processes.
Start training /work_bgfs/n/navarrodelacruz/odt/optimal_decision_tree/augmented_datasets/body/body_210.body with seed 1.
Any[]
(5, 497)
(5, 249)
(5, 125)
(5, 123)
dimension: 5, class: 2
cart cost: 76.46102362204722
size of X: (5, 374)
Using method: Global linear DT optimization
Version identifier: 20.1.0.0 | 2020-11-10 | 9bedb6d68
CPXPARAM_Threads                                 1
CPXPARAM_TimeLimit                               1728000
Tried aggregator 1 time.
Aggregator did 4 substitutions.
Reduced LP has 4870 rows, 1895 columns, and 28440 nonzeros.
Presolve time = 0.01 sec. (8.74 ticks)
Initializing dual steep norms . . .

Iteration log . . .
Iteration:     1   Dual objective     =             0.000000
Perturbation started.
Iteration:   101   Dual objective     =             0.000000
Iteration:   276   Dual objective     =             0.000030
Iteration:   483   Dual objective     =             0.000054
Iteration:   680   Dual objective     =             0.000104
Iteration:   826   Dual objective     =             0.000150
Iteration:  1007   Dual objective     =             0.000196
Iteration:  1171   Dual objective     =             0.012155
Iteration:  1389   Dual objective     =             0.017261
Iteration:  1601   Dual objective     =             0.017646
Iteration:  1823   Dual objective     =             0.019058
Iteration:  1998   Dual objective     =             0.019261
Removing perturbation.
5×3 Matrix{Float64}:
 0.0  0.0  0.0
 0.0  0.0  1.0
 1.0  0.0  0.0
 0.0  1.0  0.0
 0.0  0.0  0.0
3-element Vector{Float64}:
 0.43057147282726227
 0.16725452911651253
 0.3769332071573116
2×7 Matrix{Float64}:
 0.0  0.0  0.0  1.0  1.0  1.0  0.0
 0.0  0.0  0.0  0.0  0.0  0.0  1.0
3-element Vector{Float64}:
 1.0
 1.0
 1.0
5×3 Matrix{Float64}:
 0.0        0.0        0.0
 0.11452    0.11452    0.0
 0.017102   0.017102   0.0
 0.0        0.0        0.0
 0.0605703  0.0605703  0.0
3-element Vector{Float64}:
 0.19219277446973201
 0.19219277446973201
 0.0
2×7 Matrix{Float64}:
 0.0  0.0  0.0  0.683288  0.675838  1.0  0.458448
 0.0  0.0  0.0  0.316712  0.324162  0.0  0.541552
3-element Vector{Float64}:
 0.19219277446973201
 0.19219277446973201
 0.0
a: [0.0 0.0 0.0; 0.11452045153823114 0.11452045153823126 0.0; 0.017102037543524493 0.017102037543524573 0.0; 0.0 0.0 0.0; 0.06057028538797638 0.06057028538797615 0.0]
b: [0.19219277446973201, 0.19219277446973201, 0.0]
c: [0.0 0.0 0.0 0.6832876948651274 0.6758382105677038 1.0 0.4584475416093844; 0.0 0.0 0.0 0.3167123051348726 0.32416178943229623 0.0 0.5415524583906156]
d: [0.19219277446973201, 0.19219277446973201, 0.0]
comparison (CRT and Glb)on prediction: Dict{Bool, Int64}(0 => 55, 1 => 68)
Dataname	 time	 objv	 lb	 gap	 train_w	 train_g	 test_w	 test_g
/work_bgfs/n/navarrodelacruz/odt/optimal_decision_tree/augmented_datasets/body/body_210.body	 27.48	 0.0192192774469732	 N/A	 N/A	 89.572	 51.07	 89.431	 51.22
