Running 6 processes.
Start training /work_bgfs/n/navarrodelacruz/odt/optimal_decision_tree/augmented_datasets/body/body_993.body with seed 1.
Any[]
(5, 497)
(5, 249)
(5, 125)
(5, 123)
dimension: 5, class: 2
cart cost: 65.39324324324328
size of X: (5, 374)
Using method: Global linear DT optimization
Version identifier: 20.1.0.0 | 2020-11-10 | 9bedb6d68
CPXPARAM_Threads                                 1
CPXPARAM_TimeLimit                               1728000
Tried aggregator 1 time.
Aggregator did 4 substitutions.
Reduced LP has 4870 rows, 1895 columns, and 28436 nonzeros.
Presolve time = 0.02 sec. (8.72 ticks)
Initializing dual steep norms . . .

Iteration log . . .
Iteration:     1   Dual objective     =             0.000000
Perturbation started.
Iteration:   101   Dual objective     =             0.000000
Iteration:   444   Dual objective     =             0.000081
Iteration:   620   Dual objective     =             0.000127
Iteration:   785   Dual objective     =             0.000168
Iteration:   937   Dual objective     =             0.005598
Iteration:  1138   Dual objective     =             0.017308
Iteration:  1290   Dual objective     =             0.017455
Iteration:  1410   Dual objective     =             0.018168
Iteration:  1585   Dual objective     =             0.019373
Removing perturbation.
5×3 Matrix{Float64}:
 0.0  0.0  0.0
 0.0  1.0  1.0
 1.0  0.0  0.0
 0.0  0.0  0.0
 0.0  0.0  0.0
3-element Vector{Float64}:
 0.4039632437581333
 0.5260375408514562
 0.3518102586975359
2×7 Matrix{Float64}:
 0.0  0.0  0.0  1.0  1.0  1.0  0.0
 0.0  0.0  0.0  0.0  0.0  0.0  1.0
3-element Vector{Float64}:
 1.0
 1.0
 1.0
5×3 Matrix{Float64}:
 0.0         0.0         0.0
 0.0976462   0.0976462   0.0
 0.0171177   0.0171177   0.0
 0.00197043  0.00197043  0.0
 0.0758814   0.0758814   0.0
3-element Vector{Float64}:
 0.1926156973015628
 0.19261569730156256
 0.0
2×7 Matrix{Float64}:
 0.0  0.0  0.0  0.694412  0.694212  1.0  0.478158
 0.0  0.0  0.0  0.305588  0.305788  0.0  0.521842
3-element Vector{Float64}:
 0.19261569730156283
 0.19261569730156256
 0.0
a: [0.0 0.0 0.0; 0.09764616435133333 0.09764616435133067 0.0; 0.017117676767138018 0.017117676767137935 0.0; 0.0019704345681758988 0.001970434568177939 0.0; 0.07588142161491561 0.07588142161491604 0.0]
b: [0.1926156973015628, 0.19261569730156256, 0.0]
c: [0.0 0.0 0.0 0.6944116156064367 0.6942124737790127 1.0 0.47815817685003315; 0.0 0.0 0.0 0.3055883843935633 0.30578752622098726 0.0 0.5218418231499669]
d: [0.19261569730156283, 0.19261569730156256, 0.0]
comparison (CRT and Glb)on prediction: Dict{Bool, Int64}(0 => 54, 1 => 69)
Dataname	 time	 objv	 lb	 gap	 train_w	 train_g	 test_w	 test_g
/work_bgfs/n/navarrodelacruz/odt/optimal_decision_tree/augmented_datasets/body/body_993.body	 27.71	 0.019261569730156282	 N/A	 N/A	 90.909	 52.139	 87.805	 52.033
