Running 6 processes.
Start training /work_bgfs/n/navarrodelacruz/odt/optimal_decision_tree/augmented_datasets/body/body_982.body with seed 1.
Any[]
(5, 497)
(5, 248)
(5, 124)
(5, 125)
dimension: 5, class: 2
cart cost: 63.26111111111114
size of X: (5, 372)
Using method: Global linear DT optimization
Version identifier: 20.1.0.0 | 2020-11-10 | 9bedb6d68
CPXPARAM_Threads                                 1
CPXPARAM_TimeLimit                               1728000
Tried aggregator 1 time.
Aggregator did 4 substitutions.
Reduced LP has 4844 rows, 1885 columns, and 28288 nonzeros.
Presolve time = 0.02 sec. (8.69 ticks)
Initializing dual steep norms . . .

Iteration log . . .
Iteration:     1   Dual objective     =             0.000000
Perturbation started.
Iteration:   101   Dual objective     =             0.000000
Iteration:   389   Dual objective     =             0.000066
Iteration:   631   Dual objective     =             0.000109
Iteration:   817   Dual objective     =             0.000139
Iteration:   999   Dual objective     =             0.000181
Iteration:  1180   Dual objective     =             0.015149
Iteration:  1367   Dual objective     =             0.017042
Iteration:  1534   Dual objective     =             0.019213
Removing perturbation.
5×3 Matrix{Float64}:
 0.0  0.0  0.0
 0.0  0.0  1.0
 1.0  1.0  0.0
 0.0  0.0  0.0
 0.0  0.0  0.0
3-element Vector{Float64}:
 0.39835172031055827
 0.2702294605431728
 0.3792062237550139
2×7 Matrix{Float64}:
 0.0  0.0  0.0  1.0  1.0  1.0  0.0
 0.0  0.0  0.0  0.0  0.0  0.0  1.0
3-element Vector{Float64}:
 1.0
 1.0
 1.0
5×3 Matrix{Float64}:
 0.0        0.0        0.0
 0.0948956  0.0948956  0.0
 0.0        0.0        0.0
 0.0377618  0.0377618  0.0
 0.0616941  0.0616941  0.0
3-element Vector{Float64}:
 0.19435154641588753
 0.1943515464158876
 0.0
2×7 Matrix{Float64}:
 0.0  0.0  0.0  0.691686  0.693831  1.0  0.465006
 0.0  0.0  0.0  0.308314  0.306169  0.0  0.534994
3-element Vector{Float64}:
 0.19435154641588753
 0.1943515464158876
 0.0
a: [0.0 0.0 0.0; 0.09489564985504399 0.09489564985504412 0.0; 0.0 0.0 0.0; 0.03776175754323563 0.0377617575432356 0.0; 0.061694139017607806 0.061694139017607924 0.0]
b: [0.19435154641588753, 0.1943515464158876, 0.0]
c: [0.0 0.0 0.0 0.6916864706657847 0.6938309523495804 1.0 0.4650063519472978; 0.0 0.0 0.0 0.3083135293342153 0.30616904765041963 0.0 0.5349936480527022]
d: [0.19435154641588753, 0.1943515464158876, 0.0]
comparison (CRT and Glb)on prediction: Dict{Bool, Int64}(0 => 58, 1 => 67)
Dataname	 time	 objv	 lb	 gap	 train_w	 train_g	 test_w	 test_g
/work_bgfs/n/navarrodelacruz/odt/optimal_decision_tree/augmented_datasets/body/body_982.body	 29.41	 0.019435154641588747	 N/A	 N/A	 91.398	 50.806	 88.8	 50.4
