Running 6 processes.
Start training /work_bgfs/n/navarrodelacruz/odt/optimal_decision_tree/augmented_datasets/body/body_69.body with seed 1.
Any[]
(5, 497)
(5, 249)
(5, 124)
(5, 124)
dimension: 5, class: 2
cart cost: 72.26372549019605
size of X: (5, 373)
Using method: Global linear DT optimization
Version identifier: 20.1.0.0 | 2020-11-10 | 9bedb6d68
CPXPARAM_Threads                                 1
CPXPARAM_TimeLimit                               1728000
Tried aggregator 1 time.
Aggregator did 4 substitutions.
Reduced LP has 4857 rows, 1890 columns, and 28360 nonzeros.
Presolve time = 0.01 sec. (8.69 ticks)
Initializing dual steep norms . . .

Iteration log . . .
Iteration:     1   Dual objective     =             0.000000
Perturbation started.
Iteration:   101   Dual objective     =             0.000000
Iteration:   300   Dual objective     =             0.000049
Iteration:   565   Dual objective     =             0.000111
Iteration:   776   Dual objective     =             0.000161
Iteration:   984   Dual objective     =             0.016349
Iteration:  1142   Dual objective     =             0.017638
Iteration:  1301   Dual objective     =             0.019173
Iteration:  1452   Dual objective     =             0.019191
Removing perturbation.
5×3 Matrix{Float64}:
 0.0  0.0  0.0
 0.0  0.0  1.0
 1.0  0.0  0.0
 0.0  1.0  0.0
 0.0  0.0  0.0
3-element Vector{Float64}:
 0.4043143347955333
 0.18181002002117655
 0.3798815329191333
2×7 Matrix{Float64}:
 0.0  0.0  0.0  1.0  1.0  1.0  0.0
 0.0  0.0  0.0  0.0  0.0  0.0  1.0
3-element Vector{Float64}:
 1.0
 1.0
 1.0
5×3 Matrix{Float64}:
 0.0        0.0        0.0
 0.11411    0.11411    0.0
 0.0174177  0.0174177  0.0
 0.0        0.0        0.0
 0.0605982  0.0605982  0.0
3-element Vector{Float64}:
 0.19212608693650374
 0.19212608693650374
 0.0
2×7 Matrix{Float64}:
 0.0  0.0  0.0  0.699344  0.674656  1.0  0.45878
 0.0  0.0  0.0  0.300656  0.325344  0.0  0.54122
3-element Vector{Float64}:
 0.19212608693650374
 0.19212608693650374
 0.0
a: [0.0 0.0 0.0; 0.11411024847539494 0.11411024847539489 0.0; 0.017417652352592183 0.017417652352592294 0.0; 0.0 0.0 0.0; 0.06059818610851655 0.060598186108516555 0.0]
b: [0.19212608693650374, 0.19212608693650374, 0.0]
c: [0.0 0.0 0.0 0.6993440909910346 0.6746559447769667 1.0 0.45878023764961906; 0.0 0.0 0.0 0.30065590900896544 0.32534405522303333 0.0 0.5412197623503809]
d: [0.19212608693650374, 0.19212608693650374, 0.0]
comparison (CRT and Glb)on prediction: Dict{Bool, Int64}(0 => 55, 1 => 69)
Dataname	 time	 objv	 lb	 gap	 train_w	 train_g	 test_w	 test_g
/work_bgfs/n/navarrodelacruz/odt/optimal_decision_tree/augmented_datasets/body/body_69.body	 27.5	 0.01921260869365038	 N/A	 N/A	 90.08	 51.475	 90.323	 50.806
