Running 6 processes.
Start training /work_bgfs/n/navarrodelacruz/odt/optimal_decision_tree/augmented_datasets/body/body_523.body with seed 1.
Any[]
(5, 497)
(5, 249)
(5, 125)
(5, 123)
dimension: 5, class: 2
cart cost: 64.7208661417323
size of X: (5, 374)
Using method: Global linear DT optimization
Version identifier: 20.1.0.0 | 2020-11-10 | 9bedb6d68
CPXPARAM_Threads                                 1
CPXPARAM_TimeLimit                               1728000
Tried aggregator 1 time.
Aggregator did 4 substitutions.
Reduced LP has 4870 rows, 1895 columns, and 28444 nonzeros.
Presolve time = 0.02 sec. (8.79 ticks)
Initializing dual steep norms . . .

Iteration log . . .
Iteration:     1   Dual objective     =             0.000000
Perturbation started.
Iteration:   101   Dual objective     =             0.000000
Iteration:   479   Dual objective     =             0.000089
Iteration:   668   Dual objective     =             0.000131
Iteration:   870   Dual objective     =             0.007205
Iteration:  1043   Dual objective     =             0.016829
Iteration:  1231   Dual objective     =             0.018041
Iteration:  1387   Dual objective     =             0.018542
Removing perturbation.
5×3 Matrix{Float64}:
 0.0  0.0  0.0
 0.0  0.0  1.0
 1.0  0.0  0.0
 0.0  1.0  0.0
 0.0  0.0  0.0
3-element Vector{Float64}:
 0.3971436695335312
 0.22909659020120085
 0.37663368100513217
2×7 Matrix{Float64}:
 0.0  0.0  0.0  1.0  1.0  1.0  0.0
 0.0  0.0  0.0  0.0  0.0  0.0  1.0
3-element Vector{Float64}:
 1.0
 1.0
 1.0
5×3 Matrix{Float64}:
 0.0        0.0        0.0
 0.113504   0.113504   0.0
 0.0        0.0        0.0
 0.0115505  0.0115505  0.0
 0.0655831  0.0655831  0.0
3-element Vector{Float64}:
 0.1906379085765641
 0.1906379085765642
 0.0
2×7 Matrix{Float64}:
 0.0  0.0  0.0  0.696679  0.709701  1.0  0.46447
 0.0  0.0  0.0  0.303321  0.290299  0.0  0.53553
3-element Vector{Float64}:
 0.1906379085765641
 0.1906379085765642
 0.0
a: [0.0 0.0 0.0; 0.11350432900270238 0.1135043290027031 0.0; 0.0 0.0 0.0; 0.011550484696053631 0.01155048469605327 0.0; 0.06558309487780806 0.06558309487780783 0.0]
b: [0.1906379085765641, 0.1906379085765642, 0.0]
c: [0.0 0.0 0.0 0.6966786263182299 0.7097011150191259 1.0 0.4644699812170978; 0.0 0.0 0.0 0.30332137368177015 0.2902988849808741 0.0 0.5355300187829022]
d: [0.1906379085765641, 0.1906379085765642, 0.0]
comparison (CRT and Glb)on prediction: Dict{Bool, Int64}(0 => 59, 1 => 64)
Dataname	 time	 objv	 lb	 gap	 train_w	 train_g	 test_w	 test_g
/work_bgfs/n/navarrodelacruz/odt/optimal_decision_tree/augmented_datasets/body/body_523.body	 27.35	 0.019063790857656415	 N/A	 N/A	 91.176	 51.07	 89.431	 51.22
