Running 6 processes.
Start training /work_bgfs/n/navarrodelacruz/odt/optimal_decision_tree/augmented_datasets/body/body_924.body with seed 1.
Any[]
(5, 497)
(5, 249)
(5, 124)
(5, 124)
dimension: 5, class: 2
cart cost: 64.4676470588235
size of X: (5, 373)
Using method: Global linear DT optimization
Version identifier: 20.1.0.0 | 2020-11-10 | 9bedb6d68
CPXPARAM_Threads                                 1
CPXPARAM_TimeLimit                               1728000
Tried aggregator 1 time.
Aggregator did 4 substitutions.
Reduced LP has 4857 rows, 1890 columns, and 28360 nonzeros.
Presolve time = 0.01 sec. (8.69 ticks)
Initializing dual steep norms . . .

Iteration log . . .
Iteration:     1   Dual objective     =             0.000000
Perturbation started.
Iteration:   101   Dual objective     =             0.000000
Iteration:   428   Dual objective     =             0.000078
Iteration:   621   Dual objective     =             0.000119
Iteration:   787   Dual objective     =             0.000156
Iteration:   994   Dual objective     =             0.016785
Iteration:  1166   Dual objective     =             0.018166
Iteration:  1322   Dual objective     =             0.018580
Iteration:  1501   Dual objective     =             0.019330
Removing perturbation.
5×3 Matrix{Float64}:
 0.0  0.0  0.0
 0.0  0.0  1.0
 1.0  0.0  0.0
 0.0  1.0  0.0
 0.0  0.0  0.0
3-element Vector{Float64}:
 0.39965133120394647
 0.22773423812664972
 0.3756563153143135
2×7 Matrix{Float64}:
 0.0  0.0  0.0  1.0  1.0  1.0  0.0
 0.0  0.0  0.0  0.0  0.0  0.0  1.0
3-element Vector{Float64}:
 1.0
 1.0
 1.0
5×3 Matrix{Float64}:
 0.0        0.0        0.0
 0.102485   0.102485   0.0
 0.0        0.0        0.0
 0.0022994  0.0022994  0.0
 0.0874337  0.0874337  0.0
3-element Vector{Float64}:
 0.19221807862266477
 0.19221807862266477
 0.0
2×7 Matrix{Float64}:
 0.0  0.0  0.0  0.690616  0.70842  1.0  0.480696
 0.0  0.0  0.0  0.309384  0.29158  0.0  0.519304
3-element Vector{Float64}:
 0.19221807862266477
 0.19221807862266477
 0.0
a: [0.0 0.0 0.0; 0.1024850061052369 0.10248500610523692 0.0; 0.0 0.0 0.0; 0.0022993975759903473 0.002299397575990361 0.0; 0.08743367494143751 0.08743367494143751 0.0]
b: [0.19221807862266477, 0.19221807862266477, 0.0]
c: [0.0 0.0 0.0 0.6906156854735326 0.7084199096974861 1.0 0.480695617670034; 0.0 0.0 0.0 0.3093843145264674 0.29158009030251386 0.0 0.519304382329966]
d: [0.19221807862266477, 0.19221807862266477, 0.0]
comparison (CRT and Glb)on prediction: Dict{Bool, Int64}(0 => 60, 1 => 64)
Dataname	 time	 objv	 lb	 gap	 train_w	 train_g	 test_w	 test_g
/work_bgfs/n/navarrodelacruz/odt/optimal_decision_tree/augmented_datasets/body/body_924.body	 27.3	 0.019221807862266484	 N/A	 N/A	 91.153	 51.475	 89.516	 50.806
