Running 6 processes.
Start training /work_bgfs/n/navarrodelacruz/odt/optimal_decision_tree/augmented_datasets/body/body_917.body with seed 1.
Any[]
(5, 497)
(5, 249)
(5, 125)
(5, 123)
dimension: 5, class: 2
cart cost: 82.33110236220473
size of X: (5, 374)
Using method: Global linear DT optimization
Version identifier: 20.1.0.0 | 2020-11-10 | 9bedb6d68
CPXPARAM_Threads                                 1
CPXPARAM_TimeLimit                               1728000
Tried aggregator 1 time.
Aggregator did 4 substitutions.
Reduced LP has 4870 rows, 1895 columns, and 28444 nonzeros.
Presolve time = 0.02 sec. (8.79 ticks)
Initializing dual steep norms . . .

Iteration log . . .
Iteration:     1   Dual objective     =             0.000000
Perturbation started.
Iteration:   101   Dual objective     =             0.000000
Iteration:   365   Dual objective     =             0.000058
Iteration:   528   Dual objective     =             0.000098
Iteration:   701   Dual objective     =             0.000141
Iteration:   875   Dual objective     =             0.010335
Iteration:  1054   Dual objective     =             0.016816
Iteration:  1227   Dual objective     =             0.018025
Iteration:  1392   Dual objective     =             0.019526
Removing perturbation.
5×3 Matrix{Float64}:
 0.0  0.0  0.0
 0.0  0.0  1.0
 1.0  0.0  0.0
 0.0  1.0  0.0
 0.0  0.0  0.0
3-element Vector{Float64}:
 0.44561623695479136
 0.24480984113876592
 0.3655536359861813
2×7 Matrix{Float64}:
 0.0  0.0  0.0  1.0  1.0  1.0  0.0
 0.0  0.0  0.0  0.0  0.0  0.0  1.0
3-element Vector{Float64}:
 1.0
 1.0
 1.0
5×3 Matrix{Float64}:
 0.0        0.0        0.0
 0.0957003  0.0957003  0.0
 0.0        0.0        0.0
 0.0369762  0.0369762  0.0
 0.061501   0.061501   0.0
3-element Vector{Float64}:
 0.19417749001555587
 0.19417749001555584
 0.0
2×7 Matrix{Float64}:
 0.0  0.0  0.0  0.683254  0.674483  1.0  0.465192
 0.0  0.0  0.0  0.316746  0.325517  0.0  0.534808
3-element Vector{Float64}:
 0.19417749001555587
 0.19417749001555595
 0.0
a: [0.0 0.0 0.0; 0.09570032814176935 0.09570032814176957 0.0; 0.0 0.0 0.0; 0.03697615170249381 0.036976151702493576 0.0; 0.061501010171292766 0.06150101017129281 0.0]
b: [0.19417749001555587, 0.19417749001555584, 0.0]
c: [0.0 0.0 0.0 0.6832541550180931 0.6744827498450425 1.0 0.4651915914346503; 0.0 0.0 0.0 0.31674584498190694 0.32551725015495747 0.0 0.5348084085653497]
d: [0.19417749001555587, 0.19417749001555595, 0.0]
comparison (CRT and Glb)on prediction: Dict{Bool, Int64}(0 => 52, 1 => 71)
Dataname	 time	 objv	 lb	 gap	 train_w	 train_g	 test_w	 test_g
/work_bgfs/n/navarrodelacruz/odt/optimal_decision_tree/augmented_datasets/body/body_917.body	 34.55	 0.019417749001555597	 N/A	 N/A	 88.77	 51.07	 90.244	 51.22
