Running 6 processes.
Start training /work_bgfs/n/navarrodelacruz/odt/optimal_decision_tree/augmented_datasets/body/body_17.body with seed 1.
Any[]
(5, 497)
(5, 248)
(5, 124)
(5, 125)
dimension: 5, class: 2
cart cost: 73.9234375
size of X: (5, 372)
Using method: Global linear DT optimization
Version identifier: 20.1.0.0 | 2020-11-10 | 9bedb6d68
CPXPARAM_Threads                                 1
CPXPARAM_TimeLimit                               1728000
Tried aggregator 1 time.
Aggregator did 4 substitutions.
Reduced LP has 4844 rows, 1885 columns, and 28296 nonzeros.
Presolve time = 0.02 sec. (8.81 ticks)
Initializing dual steep norms . . .

Iteration log . . .
Iteration:     1   Dual objective     =             0.000000
Perturbation started.
Iteration:   101   Dual objective     =             0.000000
Iteration:   465   Dual objective     =             0.000091
Iteration:   720   Dual objective     =             0.000148
Iteration:   922   Dual objective     =             0.017352
Iteration:  1080   Dual objective     =             0.018265
Iteration:  1247   Dual objective     =             0.019145
Removing perturbation.
5×3 Matrix{Float64}:
 0.0  0.0  0.0
 0.0  0.0  1.0
 1.0  1.0  0.0
 0.0  0.0  0.0
 0.0  0.0  0.0
3-element Vector{Float64}:
 0.405322723762662
 0.27548441531320805
 0.36560228457768695
2×7 Matrix{Float64}:
 0.0  0.0  0.0  1.0  1.0  1.0  0.0
 0.0  0.0  0.0  0.0  0.0  0.0  1.0
3-element Vector{Float64}:
 1.0
 1.0
 1.0
5×3 Matrix{Float64}:
 0.0        0.0        0.0
 0.095204   0.095204   0.0
 0.0        0.0        0.0
 0.0371744  0.0371744  0.0
 0.0620251  0.0620251  0.0
3-element Vector{Float64}:
 0.1944035001730008
 0.1944035001730008
 0.0
2×7 Matrix{Float64}:
 0.0  0.0  0.0  0.684801  0.683841  1.0  0.465058
 0.0  0.0  0.0  0.315199  0.316159  0.0  0.534942
3-element Vector{Float64}:
 0.1944035001730008
 0.1944035001730008
 0.0
a: [0.0 0.0 0.0; 0.09520396026654196 0.09520396026654182 0.0; 0.0 0.0 0.0; 0.03717443528045494 0.037174435280454804 0.0; 0.06202510462600395 0.0620251046260041 0.0]
b: [0.1944035001730008, 0.1944035001730008, 0.0]
c: [0.0 0.0 0.0 0.6848011575207125 0.6838405249425038 1.0 0.46505837533680594; 0.0 0.0 0.0 0.31519884247928753 0.3161594750574962 0.0 0.5349416246631941]
d: [0.1944035001730008, 0.1944035001730008, 0.0]
comparison (CRT and Glb)on prediction: Dict{Bool, Int64}(0 => 56, 1 => 69)
Dataname	 time	 objv	 lb	 gap	 train_w	 train_g	 test_w	 test_g
/work_bgfs/n/navarrodelacruz/odt/optimal_decision_tree/augmented_datasets/body/body_17.body	 31.46	 0.019440350017300073	 N/A	 N/A	 89.785	 51.613	 89.6	 51.2
