Running 6 processes.
Start training /work_bgfs/n/navarrodelacruz/odt/optimal_decision_tree/augmented_datasets/body/body_404.body with seed 1.
Any[]
(5, 497)
(5, 248)
(5, 124)
(5, 125)
dimension: 5, class: 2
cart cost: 65.90097276264595
size of X: (5, 372)
Using method: Global linear DT optimization
Version identifier: 20.1.0.0 | 2020-11-10 | 9bedb6d68
CPXPARAM_Threads                                 1
CPXPARAM_TimeLimit                               1728000
Tried aggregator 1 time.
Aggregator did 4 substitutions.
Reduced LP has 4844 rows, 1885 columns, and 28288 nonzeros.
Presolve time = 0.02 sec. (8.69 ticks)
Initializing dual steep norms . . .

Iteration log . . .
Iteration:     1   Dual objective     =             0.000000
Perturbation started.
Iteration:   101   Dual objective     =             0.000000
Iteration:   311   Dual objective     =             0.000030
Iteration:   511   Dual objective     =             0.000048
Iteration:   691   Dual objective     =             0.000070
Iteration:   834   Dual objective     =             0.015971
Iteration:  1079   Dual objective     =             0.016028
Iteration:  1309   Dual objective     =             0.016831
Iteration:  1482   Dual objective     =             0.018650
Iteration:  1668   Dual objective     =             0.019355
Removing perturbation.
5×3 Matrix{Float64}:
 0.0  0.0  0.0
 0.0  0.0  1.0
 1.0  0.0  0.0
 0.0  1.0  0.0
 0.0  0.0  0.0
3-element Vector{Float64}:
 0.4063682236702578
 0.1940737967292216
 0.36297047285763406
2×7 Matrix{Float64}:
 0.0  0.0  0.0  1.0  1.0  1.0  0.0
 0.0  0.0  0.0  0.0  0.0  0.0  1.0
3-element Vector{Float64}:
 1.0
 1.0
 1.0
5×3 Matrix{Float64}:
 0.0         0.0         0.0
 0.0969671   0.0969671   0.0
 0.0191758   0.0191758   0.0
 0.00165532  0.00165532  0.0
 0.07494     0.07494     0.0
3-element Vector{Float64}:
 0.1927382192239272
 0.19273821922392717
 0.0
2×7 Matrix{Float64}:
 0.0  0.0  0.0  0.670073  0.698883  1.0  0.477838
 0.0  0.0  0.0  0.329927  0.301117  0.0  0.522162
3-element Vector{Float64}:
 0.19273821922392717
 0.19273821922392717
 0.0
a: [0.0 0.0 0.0; 0.09696711123341352 0.09696711123341323 0.0; 0.01917582134620266 0.01917582134620277 0.0; 0.0016553193755406868 0.0016553193755405459 0.0; 0.0749399672687703 0.0749399672687705 0.0]
b: [0.1927382192239272, 0.19273821922392717, 0.0]
c: [0.0 0.0 0.0 0.670073110819876 0.6988832559884022 1.0 0.477838238305061; 0.0 0.0 0.0 0.32992688918012403 0.3011167440115978 0.0 0.522161761694939]
d: [0.19273821922392717, 0.19273821922392717, 0.0]
comparison (CRT and Glb)on prediction: Dict{Bool, Int64}(0 => 56, 1 => 69)
Dataname	 time	 objv	 lb	 gap	 train_w	 train_g	 test_w	 test_g
/work_bgfs/n/navarrodelacruz/odt/optimal_decision_tree/augmented_datasets/body/body_404.body	 27.35	 0.01927382192239272	 N/A	 N/A	 90.86	 51.613	 87.2	 52.0
