Running 6 processes.
Start training /work_bgfs/n/navarrodelacruz/odt/optimal_decision_tree/augmented_datasets/body/body_547.body with seed 1.
Any[]
(5, 497)
(5, 248)
(5, 124)
(5, 125)
dimension: 5, class: 2
cart cost: 70.86936758893283
size of X: (5, 372)
Using method: Global linear DT optimization
Version identifier: 20.1.0.0 | 2020-11-10 | 9bedb6d68
CPXPARAM_Threads                                 1
CPXPARAM_TimeLimit                               1728000
Tried aggregator 1 time.
Aggregator did 4 substitutions.
Reduced LP has 4844 rows, 1885 columns, and 28296 nonzeros.
Presolve time = 0.02 sec. (8.81 ticks)
Initializing dual steep norms . . .

Iteration log . . .
Iteration:     1   Dual objective     =             0.000000
Perturbation started.
Iteration:   101   Dual objective     =             0.000000
Iteration:   281   Dual objective     =             0.000033
Iteration:   508   Dual objective     =             0.000074
Iteration:   740   Dual objective     =             0.000126
Iteration:   890   Dual objective     =             0.000172
Iteration:  1068   Dual objective     =             0.016530
Iteration:  1264   Dual objective     =             0.018026
Iteration:  1446   Dual objective     =             0.018688
Iteration:  1618   Dual objective     =             0.019282
Removing perturbation.
5×3 Matrix{Float64}:
 0.0  0.0  0.0
 0.0  0.0  1.0
 1.0  0.0  0.0
 0.0  1.0  0.0
 0.0  0.0  0.0
3-element Vector{Float64}:
 0.4054659964140777
 0.1824012486729092
 0.35293216677475564
2×7 Matrix{Float64}:
 0.0  0.0  0.0  1.0  1.0  1.0  0.0
 0.0  0.0  0.0  0.0  0.0  0.0  1.0
3-element Vector{Float64}:
 1.0
 1.0
 1.0
5×3 Matrix{Float64}:
 0.0584373  0.0584373  0.0
 0.0440022  0.0440022  0.0
 0.0148001  0.0148001  0.0
 0.0750161  0.0750161  0.0
 0.0        0.0        0.0
3-element Vector{Float64}:
 0.19225565440317652
 0.19225565440317663
 0.0
2×7 Matrix{Float64}:
 0.0  0.0  0.0  0.688587  0.690859  1.0  0.4417
 0.0  0.0  0.0  0.311413  0.309141  0.0  0.5583
3-element Vector{Float64}:
 0.19225565440317652
 0.19225565440317663
 0.0
a: [0.05843726516053553 0.058437265160534546 0.0; 0.0440022117866159 0.04400221178661645 0.0; 0.014800102536906409 0.014800102536906435 0.0; 0.07501607491911867 0.0750160749191192 0.0; 0.0 0.0 0.0]
b: [0.19225565440317652, 0.19225565440317663, 0.0]
c: [0.0 0.0 0.0 0.6885872403592244 0.6908585342374703 1.0 0.44170038121435795; 0.0 0.0 0.0 0.31141275964077564 0.30914146576252965 0.0 0.558299618785642]
d: [0.19225565440317652, 0.19225565440317663, 0.0]
comparison (CRT and Glb)on prediction: Dict{Bool, Int64}(0 => 56, 1 => 69)
Dataname	 time	 objv	 lb	 gap	 train_w	 train_g	 test_w	 test_g
/work_bgfs/n/navarrodelacruz/odt/optimal_decision_tree/augmented_datasets/body/body_547.body	 31.27	 0.019225565440317643	 N/A	 N/A	 90.323	 50.806	 89.6	 51.2
