Running 6 processes.
Start training /work_bgfs/n/navarrodelacruz/odt/optimal_decision_tree/augmented_datasets/body/body_358.body with seed 1.
Any[]
(5, 497)
(5, 248)
(5, 124)
(5, 125)
dimension: 5, class: 2
cart cost: 73.12222222222225
size of X: (5, 372)
Using method: Global linear DT optimization
Version identifier: 20.1.0.0 | 2020-11-10 | 9bedb6d68
CPXPARAM_Threads                                 1
CPXPARAM_TimeLimit                               1728000
Tried aggregator 1 time.
Aggregator did 4 substitutions.
Reduced LP has 4844 rows, 1885 columns, and 28284 nonzeros.
Presolve time = 0.02 sec. (8.67 ticks)
Initializing dual steep norms . . .

Iteration log . . .
Iteration:     1   Dual objective     =             0.000000
Perturbation started.
Iteration:   101   Dual objective     =             0.000000
Iteration:   438   Dual objective     =             0.000077
Iteration:   611   Dual objective     =             0.000122
Iteration:   769   Dual objective     =             0.000162
Iteration:   932   Dual objective     =             0.016483
Iteration:  1144   Dual objective     =             0.017228
Iteration:  1266   Dual objective     =             0.017233
Iteration:  1430   Dual objective     =             0.017953
Iteration:  1593   Dual objective     =             0.019432
Removing perturbation.
5×3 Matrix{Float64}:
 0.0  0.0  0.0
 0.0  0.0  1.0
 1.0  1.0  0.0
 0.0  0.0  0.0
 0.0  0.0  0.0
3-element Vector{Float64}:
 0.4041889648502175
 0.2786706720102847
 0.3637807978831284
2×7 Matrix{Float64}:
 0.0  0.0  0.0  1.0  1.0  1.0  0.0
 0.0  0.0  0.0  0.0  0.0  0.0  1.0
3-element Vector{Float64}:
 1.0
 1.0
 1.0
5×3 Matrix{Float64}:
 0.0        0.0        0.0
 0.0965781  0.0965781  0.0
 0.0        0.0        0.0
 0.0361181  0.0361181  0.0
 0.061824   0.061824   0.0
3-element Vector{Float64}:
 0.19452013764585804
 0.19452013764585804
 0.0
2×7 Matrix{Float64}:
 0.0  0.0  0.0  0.690888  0.682719  1.0  0.464665
 0.0  0.0  0.0  0.309112  0.317281  0.0  0.535335
3-element Vector{Float64}:
 0.19452013764585804
 0.19452013764585804
 0.0
a: [0.0 0.0 0.0; 0.09657806346435382 0.09657806346435382 0.0; 0.0 0.0 0.0; 0.03611811377209464 0.036118113772094645 0.0; 0.06182396040940956 0.061823960409409566 0.0]
b: [0.19452013764585804, 0.19452013764585804, 0.0]
c: [0.0 0.0 0.0 0.690888228661083 0.6827191093974623 1.0 0.4646647454160465; 0.0 0.0 0.0 0.309111771338917 0.3172808906025377 0.0 0.5353352545839535]
d: [0.19452013764585804, 0.19452013764585804, 0.0]
comparison (CRT and Glb)on prediction: Dict{Bool, Int64}(0 => 57, 1 => 68)
Dataname	 time	 objv	 lb	 gap	 train_w	 train_g	 test_w	 test_g
/work_bgfs/n/navarrodelacruz/odt/optimal_decision_tree/augmented_datasets/body/body_358.body	 56.86	 0.0194520137645858	 N/A	 N/A	 90.054	 50.806	 89.6	 50.4
