Running 6 processes.
Start training /work_bgfs/n/navarrodelacruz/odt/optimal_decision_tree/augmented_datasets/body/body_565.body with seed 1.
Any[]
(5, 497)
(5, 249)
(5, 125)
(5, 123)
dimension: 5, class: 2
cart cost: 64.7208661417323
size of X: (5, 374)
Using method: Global linear DT optimization
Version identifier: 20.1.0.0 | 2020-11-10 | 9bedb6d68
CPXPARAM_Threads                                 1
CPXPARAM_TimeLimit                               1728000
Tried aggregator 1 time.
Aggregator did 4 substitutions.
Reduced LP has 4870 rows, 1895 columns, and 28440 nonzeros.
Presolve time = 0.02 sec. (8.74 ticks)
Initializing dual steep norms . . .

Iteration log . . .
Iteration:     1   Dual objective     =             0.000000
Perturbation started.
Iteration:   101   Dual objective     =             0.000000
Iteration:   300   Dual objective     =             0.000028
Iteration:   490   Dual objective     =             0.000046
Iteration:   664   Dual objective     =             0.000092
Iteration:   804   Dual objective     =             0.000130
Iteration:   959   Dual objective     =             0.000290
Iteration:  1160   Dual objective     =             0.014957
Iteration:  1340   Dual objective     =             0.015578
Iteration:  1505   Dual objective     =             0.015695
Iteration:  1636   Dual objective     =             0.017804
Iteration:  1801   Dual objective     =             0.018585
Iteration:  2021   Dual objective     =             0.019114
Removing perturbation.
5×3 Matrix{Float64}:
 0.0  0.0  0.0
 0.0  0.0  1.0
 1.0  0.0  0.0
 0.0  1.0  0.0
 0.0  0.0  0.0
3-element Vector{Float64}:
 0.39393663955775315
 0.2163423494956254
 0.37775062863085496
2×7 Matrix{Float64}:
 0.0  0.0  0.0  1.0  1.0  1.0  0.0
 0.0  0.0  0.0  0.0  0.0  0.0  1.0
3-element Vector{Float64}:
 1.0
 1.0
 1.0
5×3 Matrix{Float64}:
 0.0         0.0         0.0
 0.113034    0.113034    0.0
 0.00486198  0.00486198  0.0
 0.0107427   0.0107427   0.0
 0.0621462   0.0621462   0.0
3-element Vector{Float64}:
 0.1907852353666887
 0.19078523536668868
 0.0
2×7 Matrix{Float64}:
 0.0  0.0  0.0  0.691932  0.36586  1.0  0.462996
 0.0  0.0  0.0  0.308068  0.63414  0.0  0.537004
3-element Vector{Float64}:
 0.1907852353666887
 0.19078523536668868
 0.0
a: [0.0 0.0 0.0; 0.11303437198528682 0.11303437198528661 0.0; 0.004861977196053413 0.004861977196053524 0.0; 0.010742718565927057 0.010742718565927527 0.0; 0.06214616761942133 0.06214616761942102 0.0]
b: [0.1907852353666887, 0.19078523536668868, 0.0]
c: [0.0 0.0 0.0 0.6919320525414838 0.3658599286923515 1.0 0.4629955519866581; 0.0 0.0 0.0 0.3080679474585162 0.6341400713076485 0.0 0.5370044480133419]
d: [0.1907852353666887, 0.19078523536668868, 0.0]
comparison (CRT and Glb)on prediction: Dict{Bool, Int64}(0 => 62, 1 => 61)
Dataname	 time	 objv	 lb	 gap	 train_w	 train_g	 test_w	 test_g
/work_bgfs/n/navarrodelacruz/odt/optimal_decision_tree/augmented_datasets/body/body_565.body	 27.42	 0.019078523536668866	 N/A	 N/A	 91.176	 51.07	 88.618	 51.22
