Running 6 processes.
Start training /work_bgfs/n/navarrodelacruz/odt/optimal_decision_tree/augmented_datasets/body/body_816.body with seed 1.
Any[]
(5, 497)
(5, 248)
(5, 124)
(5, 125)
dimension: 5, class: 2
cart cost: 66.94051383399213
size of X: (5, 372)
Using method: Global linear DT optimization
Version identifier: 20.1.0.0 | 2020-11-10 | 9bedb6d68
CPXPARAM_Threads                                 1
CPXPARAM_TimeLimit                               1728000
Tried aggregator 1 time.
Aggregator did 4 substitutions.
Reduced LP has 4844 rows, 1885 columns, and 28296 nonzeros.
Presolve time = 0.01 sec. (8.81 ticks)
Initializing dual steep norms . . .

Iteration log . . .
Iteration:     1   Dual objective     =             0.000000
Perturbation started.
Iteration:   101   Dual objective     =             0.000000
Iteration:   295   Dual objective     =             0.000049
Iteration:   568   Dual objective     =             0.000109
Iteration:   736   Dual objective     =             0.000150
Iteration:   885   Dual objective     =             0.016003
Iteration:  1058   Dual objective     =             0.017418
Iteration:  1192   Dual objective     =             0.017552
Iteration:  1395   Dual objective     =             0.019342
Removing perturbation.
5×3 Matrix{Float64}:
 0.0  0.0  0.0
 0.0  0.0  1.0
 1.0  1.0  0.0
 0.0  0.0  0.0
 0.0  0.0  0.0
3-element Vector{Float64}:
 0.4103750986694781
 0.30047202637855686
 0.36406218383586797
2×7 Matrix{Float64}:
 0.0  0.0  0.0  1.0  1.0  1.0  0.0
 0.0  0.0  0.0  0.0  0.0  0.0  1.0
3-element Vector{Float64}:
 1.0
 1.0
 1.0
5×3 Matrix{Float64}:
 0.0        0.0        0.0
 0.0952393  0.0952393  0.0
 0.0        0.0        0.0
 0.0371571  0.0371571  0.0
 0.0617518  0.0617518  0.0
3-element Vector{Float64}:
 0.1941482466305481
 0.19414824663054814
 0.0
2×7 Matrix{Float64}:
 0.0  0.0  0.0  0.687054  0.674268  1.0  0.46504
 0.0  0.0  0.0  0.312946  0.325732  0.0  0.53496
3-element Vector{Float64}:
 0.1941482466305481
 0.19414824663054814
 0.0
a: [0.0 0.0 0.0; 0.09523927249745068 0.09523927249745077 0.0; 0.0 0.0 0.0; 0.0371571273446981 0.03715712734469806 0.0; 0.06175184678839926 0.061751846788399345 0.0]
b: [0.1941482466305481, 0.19414824663054814, 0.0]
c: [0.0 0.0 0.0 0.6870536362539004 0.6742680728196931 1.0 0.4650401362304123; 0.0 0.0 0.0 0.31294636374609963 0.32573192718030686 0.0 0.5349598637695877]
d: [0.1941482466305481, 0.19414824663054814, 0.0]
comparison (CRT and Glb)on prediction: Dict{Bool, Int64}(0 => 58, 1 => 67)
Dataname	 time	 objv	 lb	 gap	 train_w	 train_g	 test_w	 test_g
/work_bgfs/n/navarrodelacruz/odt/optimal_decision_tree/augmented_datasets/body/body_816.body	 27.2	 0.01941482466305482	 N/A	 N/A	 90.86	 50.806	 88.0	 51.2
