Running 6 processes.
Start training /work_bgfs/n/navarrodelacruz/odt/optimal_decision_tree/augmented_datasets/body/body_657.body with seed 1.
Any[]
(5, 497)
(5, 248)
(5, 124)
(5, 125)
dimension: 5, class: 2
cart cost: 66.94051383399213
size of X: (5, 372)
Using method: Global linear DT optimization
Version identifier: 20.1.0.0 | 2020-11-10 | 9bedb6d68
CPXPARAM_Threads                                 1
CPXPARAM_TimeLimit                               1728000
Tried aggregator 1 time.
Aggregator did 4 substitutions.
Reduced LP has 4844 rows, 1885 columns, and 28284 nonzeros.
Presolve time = 0.02 sec. (8.67 ticks)
Initializing dual steep norms . . .

Iteration log . . .
Iteration:     1   Dual objective     =             0.000000
Perturbation started.
Iteration:   101   Dual objective     =             0.000000
Iteration:   330   Dual objective     =             0.000055
Iteration:   591   Dual objective     =             0.000103
Iteration:   800   Dual objective     =             0.000150
Iteration:   965   Dual objective     =             0.012147
Iteration:  1150   Dual objective     =             0.016837
Iteration:  1337   Dual objective     =             0.018061
Iteration:  1494   Dual objective     =             0.019179
Removing perturbation.
5×3 Matrix{Float64}:
 0.0  0.0  0.0
 0.0  0.0  1.0
 1.0  1.0  0.0
 0.0  0.0  0.0
 0.0  0.0  0.0
3-element Vector{Float64}:
 0.4054653863275044
 0.2760399006082233
 0.3775918376103122
2×7 Matrix{Float64}:
 0.0  0.0  0.0  1.0  1.0  1.0  0.0
 0.0  0.0  0.0  0.0  0.0  0.0  1.0
3-element Vector{Float64}:
 1.0
 1.0
 1.0
5×3 Matrix{Float64}:
 0.0        0.0        0.0
 0.0954749  0.0954749  0.0
 0.0        0.0        0.0
 0.0366164  0.0366164  0.0
 0.0621277  0.0621277  0.0
3-element Vector{Float64}:
 0.19421903527560694
 0.19421903527560705
 0.0
2×7 Matrix{Float64}:
 0.0  0.0  0.0  0.690688  0.7077  1.0  0.465202
 0.0  0.0  0.0  0.309312  0.2923  0.0  0.534798
3-element Vector{Float64}:
 0.1942190352756069
 0.19421903527560705
 0.0
a: [0.0 0.0 0.0; 0.09547488201605175 0.0954748820160517 0.0; 0.0 0.0 0.0; 0.03661642270551493 0.03661642270551458 0.0; 0.06212773055404017 0.06212773055404075 0.0]
b: [0.19421903527560694, 0.19421903527560705, 0.0]
c: [0.0 0.0 0.0 0.690687735438612 0.7077001545769337 1.0 0.46520234551496115; 0.0 0.0 0.0 0.30931226456138805 0.2922998454230663 0.0 0.5347976544850388]
d: [0.1942190352756069, 0.19421903527560705, 0.0]
comparison (CRT and Glb)on prediction: Dict{Bool, Int64}(0 => 54, 1 => 71)
Dataname	 time	 objv	 lb	 gap	 train_w	 train_g	 test_w	 test_g
/work_bgfs/n/navarrodelacruz/odt/optimal_decision_tree/augmented_datasets/body/body_657.body	 27.39	 0.019421903527560704	 N/A	 N/A	 90.86	 50.806	 88.0	 51.2
