Running 6 processes.
Start training /work_bgfs/n/navarrodelacruz/odt/optimal_decision_tree/augmented_datasets/body/body_669.body with seed 1.
Any[]
(5, 497)
(5, 249)
(5, 124)
(5, 124)
dimension: 5, class: 2
cart cost: 60.56960784313729
size of X: (5, 373)
Using method: Global linear DT optimization
Version identifier: 20.1.0.0 | 2020-11-10 | 9bedb6d68
CPXPARAM_Threads                                 1
CPXPARAM_TimeLimit                               1728000
Tried aggregator 1 time.
Aggregator did 4 substitutions.
Reduced LP has 4857 rows, 1890 columns, and 28360 nonzeros.
Presolve time = 0.02 sec. (8.69 ticks)
Initializing dual steep norms . . .

Iteration log . . .
Iteration:     1   Dual objective     =             0.000000
Perturbation started.
Iteration:   101   Dual objective     =             0.000000
Iteration:   454   Dual objective     =             0.000082
Iteration:   641   Dual objective     =             0.000124
Iteration:   802   Dual objective     =             0.008271
Iteration:   974   Dual objective     =             0.016333
Iteration:  1167   Dual objective     =             0.017995
Removing perturbation.
5×3 Matrix{Float64}:
 0.0  0.0  0.0
 0.0  0.0  1.0
 1.0  0.0  0.0
 0.0  1.0  0.0
 0.0  0.0  0.0
3-element Vector{Float64}:
 0.39581732713921164
 0.23286132092486117
 0.35089619770291947
2×7 Matrix{Float64}:
 0.0  0.0  0.0  1.0  1.0  1.0  0.0
 0.0  0.0  0.0  0.0  0.0  0.0  1.0
3-element Vector{Float64}:
 1.0
 1.0
 1.0
5×3 Matrix{Float64}:
 0.0        0.0        0.0
 0.113698   0.113698   0.0
 0.0184285  0.0184285  0.0
 0.0        0.0        0.0
 0.060056   0.060056   0.0
3-element Vector{Float64}:
 0.19218208720950838
 0.1921820872095085
 0.0
2×7 Matrix{Float64}:
 0.0  0.0  0.0  0.698254  0.689416  1.0  0.458512
 0.0  0.0  0.0  0.301746  0.310584  0.0  0.541488
3-element Vector{Float64}:
 0.19218208720950844
 0.19218208720950847
 0.0
a: [0.0 0.0 0.0; 0.1136975788766848 0.11369757887668597 0.0; 0.018428534769503013 0.01842853476950257 0.0; 0.0 0.0 0.0; 0.06005597356332064 0.06005597356331992 0.0]
b: [0.19218208720950838, 0.1921820872095085, 0.0]
c: [0.0 0.0 0.0 0.6982543155372425 0.6894156210648719 1.0 0.45851169260523783; 0.0 0.0 0.0 0.3017456844627575 0.31058437893512814 0.0 0.5414883073947622]
d: [0.19218208720950844, 0.19218208720950847, 0.0]
comparison (CRT and Glb)on prediction: Dict{Bool, Int64}(0 => 61, 1 => 63)
Dataname	 time	 objv	 lb	 gap	 train_w	 train_g	 test_w	 test_g
/work_bgfs/n/navarrodelacruz/odt/optimal_decision_tree/augmented_datasets/body/body_669.body	 31.92	 0.019218208720950848	 N/A	 N/A	 91.689	 51.475	 88.71	 50.806
