Running 6 processes.
Start training /work_bgfs/n/navarrodelacruz/odt/optimal_decision_tree/augmented_datasets/body/body_283.body with seed 1.
Any[]
(5, 497)
(5, 249)
(5, 124)
(5, 124)
dimension: 5, class: 2
cart cost: 74.21274509803919
size of X: (5, 373)
Using method: Global linear DT optimization
Version identifier: 20.1.0.0 | 2020-11-10 | 9bedb6d68
CPXPARAM_Threads                                 1
CPXPARAM_TimeLimit                               1728000
Tried aggregator 1 time.
Aggregator did 4 substitutions.
Reduced LP has 4857 rows, 1890 columns, and 28364 nonzeros.
Presolve time = 0.02 sec. (8.72 ticks)
Initializing dual steep norms . . .

Iteration log . . .
Iteration:     1   Dual objective     =             0.000000
Perturbation started.
Iteration:   101   Dual objective     =             0.000000
Iteration:   443   Dual objective     =             0.000078
Iteration:   619   Dual objective     =             0.000125
Iteration:   791   Dual objective     =             0.000165
Iteration:  1018   Dual objective     =             0.016655
Iteration:  1218   Dual objective     =             0.018230
Removing perturbation.
5×3 Matrix{Float64}:
 0.0  0.0  0.0
 0.0  0.0  1.0
 1.0  0.0  0.0
 0.0  1.0  0.0
 0.0  0.0  0.0
3-element Vector{Float64}:
 0.4036017520735261
 0.26833535032975564
 0.36381756644412167
2×7 Matrix{Float64}:
 0.0  0.0  0.0  1.0  1.0  1.0  0.0
 0.0  0.0  0.0  0.0  0.0  0.0  1.0
3-element Vector{Float64}:
 1.0
 1.0
 1.0
5×3 Matrix{Float64}:
 0.0         0.0         0.0
 0.102519    0.102519    0.0
 0.0         0.0         0.0
 0.00174137  0.00174137  0.0
 0.088245    0.088245    0.0
3-element Vector{Float64}:
 0.1925055655223845
 0.19250556552238454
 0.0
2×7 Matrix{Float64}:
 0.0  0.0  0.0  0.690978  0.675976  1.0  0.481012
 0.0  0.0  0.0  0.309022  0.324024  0.0  0.518988
3-element Vector{Float64}:
 0.1925055655223845
 0.19250556552238454
 0.0
a: [0.0 0.0 0.0; 0.10251923682476596 0.10251923682476481 0.0; 0.0 0.0 0.0; 0.0017413679442337404 0.0017413679442346698 0.0; 0.08824496075338478 0.08824496075338507 0.0]
b: [0.1925055655223845, 0.19250556552238454, 0.0]
c: [0.0 0.0 0.0 0.6909781833287766 0.6759762184427464 1.0 0.4810123154541265; 0.0 0.0 0.0 0.3090218166712234 0.32402378155725364 0.0 0.5189876845458735]
d: [0.1925055655223845, 0.19250556552238454, 0.0]
comparison (CRT and Glb)on prediction: Dict{Bool, Int64}(0 => 53, 1 => 71)
Dataname	 time	 objv	 lb	 gap	 train_w	 train_g	 test_w	 test_g
/work_bgfs/n/navarrodelacruz/odt/optimal_decision_tree/augmented_datasets/body/body_283.body	 35.65	 0.019250556552238448	 N/A	 N/A	 89.812	 51.475	 90.323	 50.806
