Running 6 processes.
Start training /work_bgfs/n/navarrodelacruz/odt/optimal_decision_tree/augmented_datasets/body/body_459.body with seed 1.
Any[]
(5, 497)
(5, 248)
(5, 124)
(5, 125)
dimension: 5, class: 2
cart cost: 66.15781250000002
size of X: (5, 372)
Using method: Global linear DT optimization
Version identifier: 20.1.0.0 | 2020-11-10 | 9bedb6d68
CPXPARAM_Threads                                 1
CPXPARAM_TimeLimit                               1728000
Tried aggregator 1 time.
Aggregator did 4 substitutions.
Reduced LP has 4844 rows, 1885 columns, and 28296 nonzeros.
Presolve time = 0.02 sec. (8.81 ticks)
Initializing dual steep norms . . .

Iteration log . . .
Iteration:     1   Dual objective     =             0.000000
Perturbation started.
Iteration:   101   Dual objective     =             0.000000
Iteration:   441   Dual objective     =             0.000084
Iteration:   629   Dual objective     =             0.000121
Iteration:   825   Dual objective     =             0.004260
Iteration:  1056   Dual objective     =             0.016709
Iteration:  1211   Dual objective     =             0.017678
Iteration:  1352   Dual objective     =             0.018761
Iteration:  1511   Dual objective     =             0.019263
Removing perturbation.
5×3 Matrix{Float64}:
 0.0  0.0  0.0
 0.0  0.0  1.0
 1.0  0.0  0.0
 0.0  1.0  0.0
 0.0  0.0  0.0
3-element Vector{Float64}:
 0.43040223907603203
 0.18385332937407203
 0.3769370139886854
2×7 Matrix{Float64}:
 0.0  0.0  0.0  1.0  1.0  1.0  0.0
 0.0  0.0  0.0  0.0  0.0  0.0  1.0
3-element Vector{Float64}:
 1.0
 1.0
 1.0
5×3 Matrix{Float64}:
 0.0         0.0         0.0
 0.0774324   0.0774324   0.0
 0.0         0.0         0.0
 0.112485    0.112485    0.0
 0.00333146  0.00333146  0.0
3-element Vector{Float64}:
 0.19324842802386033
 0.19324842802386039
 0.0
2×7 Matrix{Float64}:
 0.0  0.0  0.0  0.69503  0.697133  1.0  0.444323
 0.0  0.0  0.0  0.30497  0.302867  0.0  0.555677
3-element Vector{Float64}:
 0.19324842802386033
 0.19324842802386039
 0.0
a: [0.0 0.0 0.0; 0.07743240264427062 0.07743240264427069 0.0; 0.0 0.0 0.0; 0.11248456221971848 0.11248456221971881 0.0; 0.003331463159871248 0.003331463159870887 0.0]
b: [0.19324842802386033, 0.19324842802386039, 0.0]
c: [0.0 0.0 0.0 0.6950304658759835 0.6971330541203296 1.0 0.4443233792231755; 0.0 0.0 0.0 0.3049695341240165 0.30286694587967045 0.0 0.5556766207768244]
d: [0.19324842802386033, 0.19324842802386039, 0.0]
comparison (CRT and Glb)on prediction: Dict{Bool, Int64}(0 => 54, 1 => 71)
Dataname	 time	 objv	 lb	 gap	 train_w	 train_g	 test_w	 test_g
/work_bgfs/n/navarrodelacruz/odt/optimal_decision_tree/augmented_datasets/body/body_459.body	 33.22	 0.019324842802386038	 N/A	 N/A	 90.86	 51.613	 88.0	 51.2
