Running 6 processes.
Start training /work_bgfs/n/navarrodelacruz/odt/optimal_decision_tree/augmented_datasets/body/body_698.body with seed 1.
Any[]
(5, 497)
(5, 248)
(5, 124)
(5, 125)
dimension: 5, class: 2
cart cost: 91.0410505836576
size of X: (5, 372)
Using method: Global linear DT optimization
Version identifier: 20.1.0.0 | 2020-11-10 | 9bedb6d68
CPXPARAM_Threads                                 1
CPXPARAM_TimeLimit                               1728000
Tried aggregator 1 time.
Aggregator did 4 substitutions.
Reduced LP has 4844 rows, 1885 columns, and 28284 nonzeros.
Presolve time = 0.02 sec. (8.67 ticks)
Initializing dual steep norms . . .

Iteration log . . .
Iteration:     1   Dual objective     =             0.000000
Perturbation started.
Iteration:   101   Dual objective     =             0.000000
Iteration:   267   Dual objective     =             0.000035
Iteration:   534   Dual objective     =             0.000076
Iteration:   741   Dual objective     =             0.000126
Iteration:   922   Dual objective     =             0.000172
Iteration:  1114   Dual objective     =             0.013126
Iteration:  1315   Dual objective     =             0.017200
Iteration:  1477   Dual objective     =             0.018282
Iteration:  1731   Dual objective     =             0.018907
Removing perturbation.
5×3 Matrix{Float64}:
 0.0  0.0  0.0
 0.0  0.0  0.0
 1.0  0.0  1.0
 0.0  1.0  0.0
 0.0  0.0  0.0
3-element Vector{Float64}:
 0.44744306735368833
 0.18282205809709254
 0.5722017989245298
2×7 Matrix{Float64}:
 0.0  0.0  0.0  1.0  1.0  0.0  0.0
 0.0  0.0  0.0  0.0  0.0  1.0  1.0
3-element Vector{Float64}:
 1.0
 1.0
 1.0
5×3 Matrix{Float64}:
 0.0        0.0        0.0
 0.0953248  0.0953248  0.0
 0.0        0.0        0.0
 0.0372714  0.0372714  0.0
 0.061703   0.061703   0.0
3-element Vector{Float64}:
 0.19429911282345036
 0.19429911282345042
 0.0
2×7 Matrix{Float64}:
 0.0  0.0  0.0  0.689964  0.702073  1.0  0.464642
 0.0  0.0  0.0  0.310036  0.297927  0.0  0.535358
3-element Vector{Float64}:
 0.19429911282345033
 0.19429911282345042
 0.0
a: [0.0 0.0 0.0; 0.09532478261532287 0.09532478261532332 0.0; 0.0 0.0 0.0; 0.037271359055728315 0.03727135905572788 0.0; 0.06170297115239914 0.061702971152399144 0.0]
b: [0.19429911282345036, 0.19429911282345042, 0.0]
c: [0.0 0.0 0.0 0.6899643044221277 0.7020730108198042 1.0 0.46464244832365464; 0.0 0.0 0.0 0.31003569557787225 0.2979269891801958 0.0 0.5353575516763454]
d: [0.19429911282345033, 0.19429911282345042, 0.0]
comparison (CRT and Glb)on prediction: Dict{Bool, Int64}(0 => 59, 1 => 66)
Dataname	 time	 objv	 lb	 gap	 train_w	 train_g	 test_w	 test_g
/work_bgfs/n/navarrodelacruz/odt/optimal_decision_tree/augmented_datasets/body/body_698.body	 27.32	 0.019429911282345037	 N/A	 N/A	 87.366	 51.613	 86.4	 52.0
