Running 6 processes.
Start training /work_bgfs/n/navarrodelacruz/odt/optimal_decision_tree/augmented_datasets/body/body_580.body with seed 1.
Any[]
(5, 497)
(5, 249)
(5, 125)
(5, 123)
dimension: 5, class: 2
cart cost: 64.7208661417323
size of X: (5, 374)
Using method: Global linear DT optimization
Version identifier: 20.1.0.0 | 2020-11-10 | 9bedb6d68
CPXPARAM_Threads                                 1
CPXPARAM_TimeLimit                               1728000
Tried aggregator 1 time.
Aggregator did 4 substitutions.
Reduced LP has 4870 rows, 1895 columns, and 28436 nonzeros.
Presolve time = 0.02 sec. (8.72 ticks)
Initializing dual steep norms . . .

Iteration log . . .
Iteration:     1   Dual objective     =             0.000000
Perturbation started.
Iteration:   101   Dual objective     =             0.000000
Iteration:   464   Dual objective     =             0.000080
Iteration:   674   Dual objective     =             0.000124
Iteration:   864   Dual objective     =             0.000170
Iteration:  1039   Dual objective     =             0.014352
Iteration:  1193   Dual objective     =             0.019286
Iteration:  1354   Dual objective     =             0.019525
Removing perturbation.
5×3 Matrix{Float64}:
 0.0  0.0  0.0
 0.0  0.0  1.0
 1.0  0.0  0.0
 0.0  1.0  0.0
 0.0  0.0  0.0
3-element Vector{Float64}:
 0.3939923801190415
 0.2291403955443496
 0.3779955293744557
2×7 Matrix{Float64}:
 0.0  0.0  0.0  1.0  1.0  1.0  0.0
 0.0  0.0  0.0  0.0  0.0  0.0  1.0
3-element Vector{Float64}:
 1.0
 1.0
 1.0
5×3 Matrix{Float64}:
 0.0        0.0        0.0
 0.0955939  0.0955939  0.0
 0.0        0.0        0.0
 0.0369752  0.0369752  0.0
 0.0616398  0.0616398  0.0
3-element Vector{Float64}:
 0.19420884183216064
 0.1942088418321607
 0.0
2×7 Matrix{Float64}:
 0.0  0.0  0.0  0.6896  0.692037  1.0  0.464975
 0.0  0.0  0.0  0.3104  0.307963  0.0  0.535025
3-element Vector{Float64}:
 0.19420884183216064
 0.1942088418321607
 0.0
a: [0.0 0.0 0.0; 0.09559392250488152 0.09559392250488119 0.0; 0.0 0.0 0.0; 0.03697516473640583 0.036975164736406205 0.0; 0.0616397545908733 0.06163975459087328 0.0]
b: [0.19420884183216064, 0.1942088418321607, 0.0]
c: [0.0 0.0 0.0 0.6895999216712433 0.692036612236478 1.0 0.46497450665124807; 0.0 0.0 0.0 0.3104000783287567 0.30796338776352195 0.0 0.5350254933487519]
d: [0.19420884183216064, 0.1942088418321607, 0.0]
comparison (CRT and Glb)on prediction: Dict{Bool, Int64}(0 => 60, 1 => 63)
Dataname	 time	 objv	 lb	 gap	 train_w	 train_g	 test_w	 test_g
/work_bgfs/n/navarrodelacruz/odt/optimal_decision_tree/augmented_datasets/body/body_580.body	 28.18	 0.019420884183216063	 N/A	 N/A	 91.176	 51.07	 88.618	 51.22
