Running 6 processes.
Start training /work_bgfs/n/navarrodelacruz/odt/optimal_decision_tree/augmented_datasets/body/body_99.body with seed 1.
Any[]
(5, 497)
(5, 248)
(5, 124)
(5, 125)
dimension: 5, class: 2
cart cost: 79.74765625
size of X: (5, 372)
Using method: Global linear DT optimization
Version identifier: 20.1.0.0 | 2020-11-10 | 9bedb6d68
CPXPARAM_Threads                                 1
CPXPARAM_TimeLimit                               1728000
Tried aggregator 1 time.
Aggregator did 4 substitutions.
Reduced LP has 4844 rows, 1885 columns, and 28292 nonzeros.
Presolve time = 0.02 sec. (8.74 ticks)
Initializing dual steep norms . . .

Iteration log . . .
Iteration:     1   Dual objective     =             0.000000
Perturbation started.
Iteration:   101   Dual objective     =             0.000000
Iteration:   488   Dual objective     =             0.000089
Iteration:   683   Dual objective     =             0.000134
Iteration:   885   Dual objective     =             0.017055
Iteration:  1042   Dual objective     =             0.018740
Iteration:  1232   Dual objective     =             0.018973
Iteration:  1478   Dual objective     =             0.019274
Removing perturbation.
5×3 Matrix{Float64}:
 0.0  0.0  0.0
 0.0  0.0  1.0
 1.0  0.0  0.0
 0.0  1.0  0.0
 0.0  0.0  0.0
3-element Vector{Float64}:
 0.4036298734766558
 0.1647261617409594
 0.4501016030296383
2×7 Matrix{Float64}:
 0.0  0.0  0.0  1.0  1.0  1.0  0.0
 0.0  0.0  0.0  0.0  0.0  0.0  1.0
3-element Vector{Float64}:
 1.0
 1.0
 1.0
5×3 Matrix{Float64}:
 0.00780443  0.00780443  0.0
 0.121398    0.121398    0.0
 0.0         0.0         0.0
 0.0         0.0         0.0
 0.0624546   0.0624546   0.0
3-element Vector{Float64}:
 0.19165684593249158
 0.1916568459324916
 0.0
2×7 Matrix{Float64}:
 0.0  0.0  0.0  0.693899  0.701295  1.0  0.456828
 0.0  0.0  0.0  0.306101  0.298705  0.0  0.543172
3-element Vector{Float64}:
 0.19165684593249158
 0.1916568459324916
 0.0
a: [0.007804425095898959 0.007804425095899126 0.0; 0.1213978350724589 0.12139783507245883 0.0; 0.0 0.0 0.0; 0.0 0.0 0.0; 0.06245458576413374 0.062454585764133624 0.0]
b: [0.19165684593249158, 0.1916568459324916, 0.0]
c: [0.0 0.0 0.0 0.6938985072854582 0.7012947747927935 1.0 0.45682757485664793; 0.0 0.0 0.0 0.3061014927145418 0.29870522520720655 0.0 0.5431724251433521]
d: [0.19165684593249158, 0.1916568459324916, 0.0]
comparison (CRT and Glb)on prediction: Dict{Bool, Int64}(0 => 50, 1 => 75)
Dataname	 time	 objv	 lb	 gap	 train_w	 train_g	 test_w	 test_g
/work_bgfs/n/navarrodelacruz/odt/optimal_decision_tree/augmented_datasets/body/body_99.body	 29.15	 0.01916568459324916	 N/A	 N/A	 88.978	 51.613	 86.4	 51.2
