Running 6 processes.
Start training /work_bgfs/n/navarrodelacruz/odt/optimal_decision_tree/augmented_datasets/body/body_242.body with seed 1.
Any[]
(5, 497)
(5, 249)
(5, 124)
(5, 124)
dimension: 5, class: 2
cart cost: 62.51862745098035
size of X: (5, 373)
Using method: Global linear DT optimization
Version identifier: 20.1.0.0 | 2020-11-10 | 9bedb6d68
CPXPARAM_Threads                                 1
CPXPARAM_TimeLimit                               1728000
Tried aggregator 1 time.
Aggregator did 4 substitutions.
Reduced LP has 4857 rows, 1890 columns, and 28364 nonzeros.
Presolve time = 0.02 sec. (8.72 ticks)
Initializing dual steep norms . . .

Iteration log . . .
Iteration:     1   Dual objective     =             0.000000
Perturbation started.
Iteration:   101   Dual objective     =             0.000000
Iteration:   294   Dual objective     =             0.000034
Iteration:   458   Dual objective     =             0.000052
Iteration:   637   Dual objective     =             0.000091
Iteration:   788   Dual objective     =             0.000134
Iteration:   935   Dual objective     =             0.000175
Iteration:  1121   Dual objective     =             0.011695
Iteration:  1322   Dual objective     =             0.017880
Iteration:  1454   Dual objective     =             0.018285
Iteration:  1621   Dual objective     =             0.018373
Removing perturbation.
5×3 Matrix{Float64}:
 0.0  0.0  0.0
 0.0  0.0  1.0
 1.0  0.0  0.0
 0.0  1.0  0.0
 0.0  0.0  0.0
3-element Vector{Float64}:
 0.3958394049586672
 0.2333236912279154
 0.36599006021895186
2×7 Matrix{Float64}:
 0.0  0.0  0.0  1.0  1.0  1.0  0.0
 0.0  0.0  0.0  0.0  0.0  0.0  1.0
3-element Vector{Float64}:
 1.0
 1.0
 1.0
5×3 Matrix{Float64}:
 0.0         0.0         0.0
 0.102776    0.102776    0.0
 0.0         0.0         0.0
 0.00160696  0.00160696  0.0
 0.088158    0.088158    0.0
3-element Vector{Float64}:
 0.19254106893051418
 0.19254106893051415
 0.0
2×7 Matrix{Float64}:
 0.0  0.0  0.0  0.6911  0.693648  1.0  0.480706
 0.0  0.0  0.0  0.3089  0.306352  0.0  0.519294
3-element Vector{Float64}:
 0.19254106893051418
 0.19254106893051415
 0.0
a: [0.0 0.0 0.0; 0.10277605711400932 0.10277605711400942 0.0; 0.0 0.0 0.0; 0.0016069618723517087 0.0016069618723515422 0.0; 0.08815804994415319 0.08815804994415322 0.0]
b: [0.19254106893051418, 0.19254106893051415, 0.0]
c: [0.0 0.0 0.0 0.6910997515086501 0.6936476931755746 1.0 0.4807062534991473; 0.0 0.0 0.0 0.3089002484913499 0.3063523068244254 0.0 0.5192937465008527]
d: [0.19254106893051418, 0.19254106893051415, 0.0]
comparison (CRT and Glb)on prediction: Dict{Bool, Int64}(0 => 62, 1 => 62)
Dataname	 time	 objv	 lb	 gap	 train_w	 train_g	 test_w	 test_g
/work_bgfs/n/navarrodelacruz/odt/optimal_decision_tree/augmented_datasets/body/body_242.body	 27.45	 0.01925410689305142	 N/A	 N/A	 91.421	 51.475	 87.903	 50.806
