Running 6 processes.
Start training /work_bgfs/n/navarrodelacruz/odt/optimal_decision_tree/augmented_datasets/body/body_100.body with seed 1.
Any[]
(5, 497)
(5, 248)
(5, 124)
(5, 125)
dimension: 5, class: 2
cart cost: 56.45078125000003
size of X: (5, 372)
Using method: Global linear DT optimization
Version identifier: 20.1.0.0 | 2020-11-10 | 9bedb6d68
CPXPARAM_Threads                                 1
CPXPARAM_TimeLimit                               1728000
Tried aggregator 1 time.
Aggregator did 4 substitutions.
Reduced LP has 4844 rows, 1885 columns, and 28292 nonzeros.
Presolve time = 0.02 sec. (8.74 ticks)
Initializing dual steep norms . . .

Iteration log . . .
Iteration:     1   Dual objective     =             0.000000
Perturbation started.
Iteration:   101   Dual objective     =             0.000000
Iteration:   327   Dual objective     =             0.000030
Iteration:   603   Dual objective     =             0.000077
Iteration:   728   Dual objective     =             0.000119
Iteration:   905   Dual objective     =             0.000165
Iteration:  1072   Dual objective     =             0.010705
Iteration:  1339   Dual objective     =             0.016130
Iteration:  1568   Dual objective     =             0.016732
Iteration:  1744   Dual objective     =             0.018177
Iteration:  1918   Dual objective     =             0.019131
Iteration:  2069   Dual objective     =             0.019258
Removing perturbation.
5×3 Matrix{Float64}:
 0.0  0.0  0.0
 0.0  0.0  1.0
 1.0  0.0  0.0
 0.0  1.0  0.0
 0.0  0.0  0.0
3-element Vector{Float64}:
 0.3975375055112361
 0.2340168656773534
 0.3858288545323457
2×7 Matrix{Float64}:
 0.0  0.0  0.0  1.0  1.0  1.0  0.0
 0.0  0.0  0.0  0.0  0.0  0.0  1.0
3-element Vector{Float64}:
 1.0
 1.0
 1.0
5×3 Matrix{Float64}:
 0.000631198  0.000631198  0.0
 0.101486     0.101486     0.0
 0.0253586    0.0253586    0.0
 0.0414944    0.0414944    0.0
 0.0226302    0.0226302    0.0
3-element Vector{Float64}:
 0.1916007769412368
 0.19160077694123703
 0.0
2×7 Matrix{Float64}:
 0.0  0.0  0.0  0.706871  0.720508  1.0  0.446161
 0.0  0.0  0.0  0.293129  0.279492  0.0  0.553839
3-element Vector{Float64}:
 0.1916007769412368
 0.19160077694123703
 0.0
a: [0.0006311984930888227 0.0006311984930735502 0.0; 0.1014862794864051 0.10148627948639832 0.0; 0.025358628090493714 0.02535862809051253 0.0; 0.041494449468602194 0.04149444946860831 0.0; 0.022630221402646963 0.022630221402644337 0.0]
b: [0.1916007769412368, 0.19160077694123703, 0.0]
c: [0.0 0.0 0.0 0.706870958400192 0.7205080307349692 1.0 0.446161033345681; 0.0 0.0 0.0 0.293129041599808 0.27949196926503084 0.0 0.553838966654319]
d: [0.1916007769412368, 0.19160077694123703, 0.0]
comparison (CRT and Glb)on prediction: Dict{Bool, Int64}(0 => 56, 1 => 69)
Dataname	 time	 objv	 lb	 gap	 train_w	 train_g	 test_w	 test_g
/work_bgfs/n/navarrodelacruz/odt/optimal_decision_tree/augmented_datasets/body/body_100.body	 27.46	 0.01916007769412377	 N/A	 N/A	 92.204	 51.613	 86.4	 51.2
