Running 6 processes.
Start training /work_bgfs/n/navarrodelacruz/odt/optimal_decision_tree/augmented_datasets/body/body_654.body with seed 1.
Any[]
(5, 497)
(5, 248)
(5, 124)
(5, 125)
dimension: 5, class: 2
cart cost: 68.09921875000002
size of X: (5, 372)
Using method: Global linear DT optimization
Version identifier: 20.1.0.0 | 2020-11-10 | 9bedb6d68
CPXPARAM_Threads                                 1
CPXPARAM_TimeLimit                               1728000
Tried aggregator 1 time.
Aggregator did 4 substitutions.
Reduced LP has 4844 rows, 1885 columns, and 28284 nonzeros.
Presolve time = 0.01 sec. (8.67 ticks)
Initializing dual steep norms . . .

Iteration log . . .
Iteration:     1   Dual objective     =             0.000000
Perturbation started.
Iteration:   101   Dual objective     =             0.000000
Iteration:   311   Dual objective     =             0.000049
Iteration:   588   Dual objective     =             0.000112
Iteration:   827   Dual objective     =             0.013364
Iteration:  1016   Dual objective     =             0.018504
Iteration:  1186   Dual objective     =             0.018751
Iteration:  1326   Dual objective     =             0.019449
Removing perturbation.
5×3 Matrix{Float64}:
 0.0  0.0  0.0
 0.0  0.0  1.0
 1.0  0.0  0.0
 0.0  1.0  0.0
 0.0  0.0  0.0
3-element Vector{Float64}:
 0.4010487739891978
 0.2719037662560853
 0.3768939261346299
2×7 Matrix{Float64}:
 0.0  0.0  0.0  1.0  1.0  1.0  0.0
 0.0  0.0  0.0  0.0  0.0  0.0  1.0
3-element Vector{Float64}:
 1.0
 1.0
 1.0
5×3 Matrix{Float64}:
 0.0         0.0         0.0
 0.152446    0.152446    0.0
 0.00409061  0.00409061  0.0
 0.0389903   0.0389903   0.0
 0.0         0.0         0.0
3-element Vector{Float64}:
 0.19552686680555945
 0.19552686680555942
 0.0
2×7 Matrix{Float64}:
 0.0  0.0  0.0  0.698979  0.710864  1.0  0.438034
 0.0  0.0  0.0  0.301021  0.289136  0.0  0.561966
3-element Vector{Float64}:
 0.19552686680555945
 0.19552686680555942
 0.0
a: [0.0 0.0 0.0; 0.15244597039728514 0.1524459703972851 0.0; 0.00409061438054549 0.004090614380545449 0.0; 0.03899028202772891 0.03899028202772886 0.0; 0.0 0.0 0.0]
b: [0.19552686680555945, 0.19552686680555942, 0.0]
c: [0.0 0.0 0.0 0.698979391044097 0.7108643435247984 1.0 0.4380343772413343; 0.0 0.0 0.0 0.301020608955903 0.28913565647520156 0.0 0.5619656227586657]
d: [0.19552686680555945, 0.19552686680555942, 0.0]
comparison (CRT and Glb)on prediction: Dict{Bool, Int64}(0 => 56, 1 => 69)
Dataname	 time	 objv	 lb	 gap	 train_w	 train_g	 test_w	 test_g
/work_bgfs/n/navarrodelacruz/odt/optimal_decision_tree/augmented_datasets/body/body_654.body	 27.37	 0.019552686680555945	 N/A	 N/A	 90.591	 51.613	 91.2	 51.2
