Running 6 processes.
Start training /work_bgfs/n/navarrodelacruz/odt/optimal_decision_tree/augmented_datasets/body/body_113.body with seed 1.
Any[]
(5, 497)
(5, 249)
(5, 125)
(5, 123)
dimension: 5, class: 2
cart cost: 64.7208661417323
size of X: (5, 374)
Using method: Global linear DT optimization
Version identifier: 20.1.0.0 | 2020-11-10 | 9bedb6d68
CPXPARAM_Threads                                 1
CPXPARAM_TimeLimit                               1728000
Tried aggregator 1 time.
Aggregator did 4 substitutions.
Reduced LP has 4870 rows, 1895 columns, and 28444 nonzeros.
Presolve time = 0.02 sec. (8.79 ticks)
Initializing dual steep norms . . .

Iteration log . . .
Iteration:     1   Dual objective     =             0.000000
Perturbation started.
Iteration:   101   Dual objective     =             0.000000
Iteration:   282   Dual objective     =             0.000038
Iteration:   538   Dual objective     =             0.000102
Iteration:   768   Dual objective     =             0.000155
Iteration:   960   Dual objective     =             0.015139
Iteration:  1124   Dual objective     =             0.017749
Iteration:  1304   Dual objective     =             0.019171
Iteration:  1515   Dual objective     =             0.019531
Removing perturbation.
5×3 Matrix{Float64}:
 0.0  0.0  0.0
 0.0  0.0  1.0
 1.0  0.0  0.0
 0.0  1.0  0.0
 0.0  0.0  0.0
3-element Vector{Float64}:
 0.40100247018524726
 0.271834461541412
 0.3865948727507388
2×7 Matrix{Float64}:
 0.0  0.0  0.0  1.0  1.0  1.0  0.0
 0.0  0.0  0.0  0.0  0.0  0.0  1.0
3-element Vector{Float64}:
 1.0
 1.0
 1.0
5×3 Matrix{Float64}:
 0.0        0.0        0.0
 0.0953734  0.0953734  0.0
 0.0        0.0        0.0
 0.0379595  0.0379595  0.0
 0.0609086  0.0609086  0.0
3-element Vector{Float64}:
 0.19424154914610361
 0.19424154914610361
 0.0
2×7 Matrix{Float64}:
 0.0  0.0  0.0  0.689599  0.682919  1.0  0.464882
 0.0  0.0  0.0  0.310401  0.317081  0.0  0.535118
3-element Vector{Float64}:
 0.19424154914610361
 0.19424154914610361
 0.0
a: [0.0 0.0 0.0; 0.09537343083886989 0.09537343083887001 0.0; 0.0 0.0 0.0; 0.03795947307128622 0.037959473071286554 0.0; 0.06090864523594747 0.06090864523594705 0.0]
b: [0.19424154914610361, 0.19424154914610361, 0.0]
c: [0.0 0.0 0.0 0.6895993118988458 0.6829193772373549 1.0 0.4648815660009932; 0.0 0.0 0.0 0.3104006881011542 0.31708062276264515 0.0 0.5351184339990068]
d: [0.19424154914610361, 0.19424154914610361, 0.0]
comparison (CRT and Glb)on prediction: Dict{Bool, Int64}(0 => 58, 1 => 65)
Dataname	 time	 objv	 lb	 gap	 train_w	 train_g	 test_w	 test_g
/work_bgfs/n/navarrodelacruz/odt/optimal_decision_tree/augmented_datasets/body/body_113.body	 27.18	 0.01942415491461036	 N/A	 N/A	 91.176	 51.07	 86.992	 51.22
