Running 6 processes.
Start training /work_bgfs/n/navarrodelacruz/odt/optimal_decision_tree/augmented_datasets/body/body_42.body with seed 1.
Any[]
(5, 497)
(5, 248)
(5, 124)
(5, 125)
dimension: 5, class: 2
cart cost: 56.45078125000003
size of X: (5, 372)
Using method: Global linear DT optimization
Version identifier: 20.1.0.0 | 2020-11-10 | 9bedb6d68
CPXPARAM_Threads                                 1
CPXPARAM_TimeLimit                               1728000
Tried aggregator 1 time.
Aggregator did 4 substitutions.
Reduced LP has 4844 rows, 1885 columns, and 28292 nonzeros.
Presolve time = 0.02 sec. (8.74 ticks)
Initializing dual steep norms . . .

Iteration log . . .
Iteration:     1   Dual objective     =             0.000000
Perturbation started.
Iteration:   101   Dual objective     =             0.000000
Iteration:   393   Dual objective     =             0.000066
Iteration:   566   Dual objective     =             0.000109
Iteration:   749   Dual objective     =             0.000148
Iteration:   902   Dual objective     =             0.016157
Iteration:  1080   Dual objective     =             0.017710
Iteration:  1243   Dual objective     =             0.018017
Iteration:  1397   Dual objective     =             0.019531
Removing perturbation.
5×3 Matrix{Float64}:
 0.0  0.0  0.0
 0.0  1.0  1.0
 1.0  0.0  0.0
 0.0  0.0  0.0
 0.0  0.0  0.0
3-element Vector{Float64}:
 0.45347176685696433
 0.5513939966579986
 0.37907063821896014
2×7 Matrix{Float64}:
 0.0  0.0  0.0  1.0  0.0  1.0  0.0
 0.0  0.0  0.0  0.0  1.0  0.0  1.0
3-element Vector{Float64}:
 1.0
 1.0
 1.0
5×3 Matrix{Float64}:
 0.0        0.0        0.0
 0.0952187  0.0952187  0.0
 0.0        0.0        0.0
 0.0368124  0.0368124  0.0
 0.0621809  0.0621809  0.0
3-element Vector{Float64}:
 0.19421197413424623
 0.19421197413424623
 0.0
2×7 Matrix{Float64}:
 0.0  0.0  0.0  0.689017  0.693666  1.0  0.465134
 0.0  0.0  0.0  0.310983  0.306334  0.0  0.534866
3-element Vector{Float64}:
 0.19421197413424623
 0.19421197413424623
 0.0
a: [0.0 0.0 0.0; 0.09521869769897309 0.09521869769897366 0.0; 0.0 0.0 0.0; 0.03681238604385351 0.03681238604385355 0.0; 0.062180890391419635 0.06218089039141901 0.0]
b: [0.19421197413424623, 0.19421197413424623, 0.0]
c: [0.0 0.0 0.0 0.6890166068374706 0.6936660528288451 1.0 0.465133902852654; 0.0 0.0 0.0 0.31098339316252943 0.3063339471711549 0.0 0.534866097147346]
d: [0.19421197413424623, 0.19421197413424623, 0.0]
comparison (CRT and Glb)on prediction: Dict{Bool, Int64}(0 => 53, 1 => 72)
Dataname	 time	 objv	 lb	 gap	 train_w	 train_g	 test_w	 test_g
/work_bgfs/n/navarrodelacruz/odt/optimal_decision_tree/augmented_datasets/body/body_42.body	 30.22	 0.01942119741342463	 N/A	 N/A	 92.204	 51.613	 85.6	 51.2
