Running 6 processes.
Start training /work_bgfs/n/navarrodelacruz/odt/optimal_decision_tree/augmented_datasets/body/body_624.body with seed 1.
Any[]
(5, 497)
(5, 248)
(5, 124)
(5, 125)
dimension: 5, class: 2
cart cost: 63.96712062256812
size of X: (5, 372)
Using method: Global linear DT optimization
Version identifier: 20.1.0.0 | 2020-11-10 | 9bedb6d68
CPXPARAM_Threads                                 1
CPXPARAM_TimeLimit                               1728000
Tried aggregator 1 time.
Aggregator did 4 substitutions.
Reduced LP has 4844 rows, 1885 columns, and 28284 nonzeros.
Presolve time = 0.02 sec. (8.67 ticks)
Initializing dual steep norms . . .

Iteration log . . .
Iteration:     1   Dual objective     =             0.000000
Perturbation started.
Iteration:   101   Dual objective     =             0.000000
Iteration:   428   Dual objective     =             0.000074
Iteration:   635   Dual objective     =             0.000121
Iteration:   822   Dual objective     =             0.005998
Iteration:  1007   Dual objective     =             0.018079
Iteration:  1175   Dual objective     =             0.018751
Iteration:  1320   Dual objective     =             0.019075
Removing perturbation.
5×3 Matrix{Float64}:
 0.0  0.0  0.0
 0.0  1.0  1.0
 1.0  0.0  0.0
 0.0  0.0  0.0
 0.0  0.0  0.0
3-element Vector{Float64}:
 0.45109273161747776
 0.5531589767869471
 0.3770383137338959
2×7 Matrix{Float64}:
 0.0  0.0  0.0  1.0  0.0  1.0  0.0
 0.0  0.0  0.0  0.0  1.0  0.0  1.0
3-element Vector{Float64}:
 1.0
 1.0
 1.0
5×3 Matrix{Float64}:
 0.0        0.0        0.0
 0.0953503  0.0953503  0.0
 0.0        0.0        0.0
 0.0372793  0.0372793  0.0
 0.0616296  0.0616296  0.0
3-element Vector{Float64}:
 0.19425920279837333
 0.19425920279837336
 0.0
2×7 Matrix{Float64}:
 0.0  0.0  0.0  0.687786  0.696859  1.0  0.464924
 0.0  0.0  0.0  0.312214  0.303141  0.0  0.535076
3-element Vector{Float64}:
 0.19425920279837333
 0.19425920279837336
 0.0
a: [0.0 0.0 0.0; 0.09535030449413145 0.09535030449413143 0.0; 0.0 0.0 0.0; 0.03727931658160335 0.03727931658160337 0.0; 0.06162958172263854 0.06162958172263854 0.0]
b: [0.19425920279837333, 0.19425920279837336, 0.0]
c: [0.0 0.0 0.0 0.6877861146176985 0.6968593573812772 1.0 0.46492392236938296; 0.0 0.0 0.0 0.31221388538230155 0.30314064261872276 0.0 0.535076077630617]
d: [0.19425920279837333, 0.19425920279837336, 0.0]
comparison (CRT and Glb)on prediction: Dict{Bool, Int64}(0 => 59, 1 => 66)
Dataname	 time	 objv	 lb	 gap	 train_w	 train_g	 test_w	 test_g
/work_bgfs/n/navarrodelacruz/odt/optimal_decision_tree/augmented_datasets/body/body_624.body	 27.38	 0.019425920279837333	 N/A	 N/A	 91.129	 51.613	 89.6	 52.0
