Running 6 processes.
Start training /work_bgfs/n/navarrodelacruz/odt/optimal_decision_tree/augmented_datasets/body/body_625.body with seed 1.
Any[]
(5, 497)
(5, 248)
(5, 124)
(5, 125)
dimension: 5, class: 2
cart cost: 66.15781250000002
size of X: (5, 372)
Using method: Global linear DT optimization
Version identifier: 20.1.0.0 | 2020-11-10 | 9bedb6d68
CPXPARAM_Threads                                 1
CPXPARAM_TimeLimit                               1728000
Tried aggregator 1 time.
Aggregator did 4 substitutions.
Reduced LP has 4844 rows, 1885 columns, and 28292 nonzeros.
Presolve time = 0.01 sec. (8.74 ticks)
Initializing dual steep norms . . .

Iteration log . . .
Iteration:     1   Dual objective     =             0.000000
Perturbation started.
Iteration:   101   Dual objective     =             0.000000
Iteration:   322   Dual objective     =             0.000027
Iteration:   482   Dual objective     =             0.000044
Iteration:   635   Dual objective     =             0.000093
Iteration:   869   Dual objective     =             0.000152
Iteration:  1031   Dual objective     =             0.000194
Iteration:  1228   Dual objective     =             0.012114
Iteration:  1488   Dual objective     =             0.016287
Iteration:  1684   Dual objective     =             0.016693
Iteration:  1863   Dual objective     =             0.019213
Iteration:  2080   Dual objective     =             0.019240
Iteration:  2224   Dual objective     =             0.019264
Removing perturbation.
5×3 Matrix{Float64}:
 0.0  0.0  0.0
 0.0  0.0  1.0
 1.0  0.0  0.0
 0.0  1.0  0.0
 0.0  0.0  0.0
3-element Vector{Float64}:
 0.4042761199606154
 0.2706804349673333
 0.35318095631423707
2×7 Matrix{Float64}:
 0.0  0.0  0.0  1.0  1.0  1.0  0.0
 0.0  0.0  0.0  0.0  0.0  0.0  1.0
3-element Vector{Float64}:
 1.0
 1.0
 1.0
5×3 Matrix{Float64}:
 7.88393e-5  7.88393e-5  0.0
 0.10278     0.10278     0.0
 0.0258694   0.0258694   0.0
 0.0387873   0.0387873   0.0
 0.02408     0.02408     0.0
3-element Vector{Float64}:
 0.1915955205423136
 0.19159552054231355
 0.0
2×7 Matrix{Float64}:
 0.0  0.0  0.0  0.697884  0.709733  1.0  0.446698
 0.0  0.0  0.0  0.302116  0.290267  0.0  0.553302
3-element Vector{Float64}:
 0.1915955205423136
 0.19159552054231355
 0.0
a: [7.883932952603909e-5 7.883932952825606e-5 0.0; 0.10277995117070318 0.1027799511707036 0.0; 0.025869368489513093 0.02586936848951385 0.0; 0.038787332171331755 0.03878733217132917 0.0; 0.024080029381239543 0.024080029381238724 0.0]
b: [0.1915955205423136, 0.19159552054231355, 0.0]
c: [0.0 0.0 0.0 0.6978839019737733 0.7097327101822278 1.0 0.44669772157345633; 0.0 0.0 0.0 0.30211609802622674 0.29026728981777217 0.0 0.5533022784265437]
d: [0.1915955205423136, 0.19159552054231355, 0.0]
comparison (CRT and Glb)on prediction: Dict{Bool, Int64}(0 => 58, 1 => 67)
Dataname	 time	 objv	 lb	 gap	 train_w	 train_g	 test_w	 test_g
/work_bgfs/n/navarrodelacruz/odt/optimal_decision_tree/augmented_datasets/body/body_625.body	 27.35	 0.01915955205423136	 N/A	 N/A	 90.86	 51.613	 89.6	 51.2
