Running 6 processes.
Start training /work_bgfs/n/navarrodelacruz/odt/optimal_decision_tree/augmented_datasets/body/body_832.body with seed 1.
Any[]
(5, 497)
(5, 249)
(5, 125)
(5, 123)
dimension: 5, class: 2
cart cost: 74.50433070866139
size of X: (5, 374)
Using method: Global linear DT optimization
Version identifier: 20.1.0.0 | 2020-11-10 | 9bedb6d68
CPXPARAM_Threads                                 1
CPXPARAM_TimeLimit                               1728000
Tried aggregator 1 time.
Aggregator did 4 substitutions.
Reduced LP has 4870 rows, 1895 columns, and 28440 nonzeros.
Presolve time = 0.02 sec. (8.74 ticks)
Initializing dual steep norms . . .

Iteration log . . .
Iteration:     1   Dual objective     =             0.000000
Perturbation started.
Iteration:   101   Dual objective     =             0.000000
Iteration:   436   Dual objective     =             0.000081
Iteration:   594   Dual objective     =             0.000111
Iteration:   779   Dual objective     =             0.000153
Iteration:   925   Dual objective     =             0.013385
Iteration:  1112   Dual objective     =             0.017542
Iteration:  1305   Dual objective     =             0.019537
Removing perturbation.
5×3 Matrix{Float64}:
 0.0  0.0  0.0
 0.0  0.0  1.0
 1.0  0.0  0.0
 0.0  1.0  0.0
 0.0  0.0  0.0
3-element Vector{Float64}:
 0.40956894924803755
 0.1798157158516086
 0.37684414439119684
2×7 Matrix{Float64}:
 0.0  0.0  0.0  1.0  1.0  1.0  0.0
 0.0  0.0  0.0  0.0  0.0  0.0  1.0
3-element Vector{Float64}:
 1.0
 1.0
 1.0
5×3 Matrix{Float64}:
 0.0        0.0        0.0
 0.0954525  0.0954525  0.0
 0.0        0.0        0.0
 0.0378754  0.0378754  0.0
 0.0609591  0.0609591  0.0
3-element Vector{Float64}:
 0.194287021196759
 0.19428702119675895
 0.0
2×7 Matrix{Float64}:
 0.0  0.0  0.0  0.684829  0.710656  1.0  0.464445
 0.0  0.0  0.0  0.315171  0.289344  0.0  0.535555
3-element Vector{Float64}:
 0.19428702119675892
 0.19428702119675886
 0.0
a: [0.0 0.0 0.0; 0.09545247463854875 0.0954524746385482 0.0; 0.0 0.0 0.0; 0.03787541112593107 0.03787541112593114 0.0; 0.06095913543227909 0.06095913543227957 0.0]
b: [0.194287021196759, 0.19428702119675895, 0.0]
c: [0.0 0.0 0.0 0.6848286362208835 0.7106561560062935 1.0 0.4644449868177207; 0.0 0.0 0.0 0.3151713637791165 0.2893438439937065 0.0 0.5355550131822793]
d: [0.19428702119675892, 0.19428702119675886, 0.0]
comparison (CRT and Glb)on prediction: Dict{Bool, Int64}(0 => 55, 1 => 68)
Dataname	 time	 objv	 lb	 gap	 train_w	 train_g	 test_w	 test_g
/work_bgfs/n/navarrodelacruz/odt/optimal_decision_tree/augmented_datasets/body/body_832.body	 33.48	 0.019428702119675893	 N/A	 N/A	 89.84	 51.07	 89.431	 51.22
