Running 6 processes.
Start training /work_bgfs/n/navarrodelacruz/odt/optimal_decision_tree/augmented_datasets/body/body_691.body with seed 1.
Any[]
(5, 497)
(5, 249)
(5, 124)
(5, 124)
dimension: 5, class: 2
cart cost: 101.49901960784312
size of X: (5, 373)
Using method: Global linear DT optimization
Version identifier: 20.1.0.0 | 2020-11-10 | 9bedb6d68
CPXPARAM_Threads                                 1
CPXPARAM_TimeLimit                               1728000
Tried aggregator 1 time.
Aggregator did 4 substitutions.
Reduced LP has 4857 rows, 1890 columns, and 28368 nonzeros.
Presolve time = 0.01 sec. (8.76 ticks)
Initializing dual steep norms . . .

Iteration log . . .
Iteration:     1   Dual objective     =             0.000000
Perturbation started.
Iteration:   101   Dual objective     =             0.000000
Iteration:   278   Dual objective     =             0.000035
Iteration:   510   Dual objective     =             0.000094
Iteration:   680   Dual objective     =             0.000134
Iteration:   880   Dual objective     =             0.014429
Iteration:  1071   Dual objective     =             0.017282
Iteration:  1276   Dual objective     =             0.018054
Removing perturbation.
5×3 Matrix{Float64}:
 0.0  0.0  0.0
 0.0  0.0  1.0
 1.0  0.0  0.0
 0.0  1.0  0.0
 0.0  0.0  0.0
3-element Vector{Float64}:
 0.40237287608671995
 0.18319947517292184
 0.5759503580841857
2×7 Matrix{Float64}:
 0.0  0.0  0.0  1.0  1.0  0.0  0.0
 0.0  0.0  0.0  0.0  0.0  1.0  1.0
3-element Vector{Float64}:
 1.0
 1.0
 1.0
5×3 Matrix{Float64}:
 0.0        0.0        0.0
 0.0953282  0.0953282  0.0
 0.0        0.0        0.0
 0.0376783  0.0376783  0.0
 0.0611843  0.0611843  0.0
3-element Vector{Float64}:
 0.19419082572596183
 0.19419082572596189
 0.0
2×7 Matrix{Float64}:
 0.0  0.0  0.0  0.686659  0.678044  1.0  0.465204
 0.0  0.0  0.0  0.313341  0.321956  0.0  0.534796
3-element Vector{Float64}:
 0.19419082572596183
 0.19419082572596189
 0.0
a: [0.0 0.0 0.0; 0.09532820226962811 0.09532820226962807 0.0; 0.0 0.0 0.0; 0.0376783037227917 0.03767830372279131 0.0; 0.061184319733541964 0.06118431973354256 0.0]
b: [0.19419082572596183, 0.19419082572596189, 0.0]
c: [0.0 0.0 0.0 0.6866587171126955 0.678043785419148 1.0 0.4652035265587879; 0.0 0.0 0.0 0.31334128288730445 0.321956214580852 0.0 0.5347964734412121]
d: [0.19419082572596183, 0.19419082572596189, 0.0]
comparison (CRT and Glb)on prediction: Dict{Bool, Int64}(0 => 59, 1 => 65)
Dataname	 time	 objv	 lb	 gap	 train_w	 train_g	 test_w	 test_g
/work_bgfs/n/navarrodelacruz/odt/optimal_decision_tree/augmented_datasets/body/body_691.body	 27.26	 0.01941908257259619	 N/A	 N/A	 86.059	 51.475	 90.323	 50.806
