Running 6 processes.
Start training /work_bgfs/n/navarrodelacruz/odt/optimal_decision_tree/augmented_datasets/body/body_118.body with seed 1.
Any[]
(5, 497)
(5, 248)
(5, 124)
(5, 125)
dimension: 5, class: 2
cart cost: 77.80625
size of X: (5, 372)
Using method: Global linear DT optimization
Version identifier: 20.1.0.0 | 2020-11-10 | 9bedb6d68
CPXPARAM_Threads                                 1
CPXPARAM_TimeLimit                               1728000
Tried aggregator 1 time.
Aggregator did 4 substitutions.
Reduced LP has 4844 rows, 1885 columns, and 28296 nonzeros.
Presolve time = 0.02 sec. (8.81 ticks)
Initializing dual steep norms . . .

Iteration log . . .
Iteration:     1   Dual objective     =             0.000000
Perturbation started.
Iteration:   101   Dual objective     =             0.000000
Iteration:   453   Dual objective     =             0.000084
Iteration:   655   Dual objective     =             0.000129
Iteration:   921   Dual objective     =             0.016312
Iteration:  1124   Dual objective     =             0.017534
Iteration:  1305   Dual objective     =             0.018608
Removing perturbation.
5×3 Matrix{Float64}:
 0.0  0.0  0.0
 0.0  1.0  1.0
 0.0  0.0  0.0
 1.0  0.0  0.0
 0.0  0.0  0.0
3-element Vector{Float64}:
 0.2719064170368829
 0.4519468058582268
 0.46025342498541655
2×7 Matrix{Float64}:
 0.0  0.0  0.0  1.0  1.0  1.0  0.0
 0.0  0.0  0.0  0.0  0.0  0.0  1.0
3-element Vector{Float64}:
 1.0
 1.0
 1.0
5×3 Matrix{Float64}:
 0.0         0.0         0.0
 0.102486    0.102486    0.0
 0.0         0.0         0.0
 0.00253257  0.00253257  0.0
 0.0874989   0.0874989   0.0
3-element Vector{Float64}:
 0.19251701945591618
 0.19251701945591693
 0.0
2×7 Matrix{Float64}:
 0.0  0.0  0.0  0.690985  0.700629  1.0  0.480847
 0.0  0.0  0.0  0.309015  0.299371  0.0  0.519153
3-element Vector{Float64}:
 0.19251701945591615
 0.19251701945591693
 0.0
a: [0.0 0.0 0.0; 0.10248553005330585 0.10248553005330957 0.0; 0.0 0.0 0.0; 0.0025325665899885164 0.0025325665899891174 0.0; 0.08749892281262178 0.08749892281261816 0.0]
b: [0.19251701945591618, 0.19251701945591693, 0.0]
c: [0.0 0.0 0.0 0.6909848628957362 0.7006291292564938 1.0 0.48084660166768456; 0.0 0.0 0.0 0.30901513710426376 0.2993708707435062 0.0 0.5191533983323154]
d: [0.19251701945591615, 0.19251701945591693, 0.0]
comparison (CRT and Glb)on prediction: Dict{Bool, Int64}(0 => 46, 1 => 79)
Dataname	 time	 objv	 lb	 gap	 train_w	 train_g	 test_w	 test_g
/work_bgfs/n/navarrodelacruz/odt/optimal_decision_tree/augmented_datasets/body/body_118.body	 27.19	 0.019251701945591646	 N/A	 N/A	 89.247	 51.613	 81.6	 51.2
