Running 6 processes.
Start training /work_bgfs/n/navarrodelacruz/odt/optimal_decision_tree/augmented_datasets/body/body_900.body with seed 1.
Any[]
(5, 497)
(5, 249)
(5, 124)
(5, 124)
dimension: 5, class: 2
cart cost: 73.70599999999997
size of X: (5, 373)
Using method: Global linear DT optimization
Version identifier: 20.1.0.0 | 2020-11-10 | 9bedb6d68
CPXPARAM_Threads                                 1
CPXPARAM_TimeLimit                               1728000
Tried aggregator 1 time.
Aggregator did 4 substitutions.
Reduced LP has 4857 rows, 1890 columns, and 28360 nonzeros.
Presolve time = 0.02 sec. (8.69 ticks)
Initializing dual steep norms . . .

Iteration log . . .
Iteration:     1   Dual objective     =             0.000000
Perturbation started.
Iteration:   101   Dual objective     =             0.000000
Iteration:   300   Dual objective     =             0.000040
Iteration:   533   Dual objective     =             0.000092
Iteration:   738   Dual objective     =             0.000141
Iteration:   926   Dual objective     =             0.013506
Iteration:  1103   Dual objective     =             0.017293
Iteration:  1271   Dual objective     =             0.018840
Iteration:  1448   Dual objective     =             0.019039
Removing perturbation.
5×3 Matrix{Float64}:
 0.0  0.0  0.0
 0.0  0.0  1.0
 1.0  0.0  0.0
 0.0  1.0  0.0
 0.0  0.0  0.0
3-element Vector{Float64}:
 0.40589284162213557
 0.2780559525654933
 0.3524673870308025
2×7 Matrix{Float64}:
 0.0  0.0  0.0  1.0  1.0  1.0  0.0
 0.0  0.0  0.0  0.0  0.0  0.0  1.0
3-element Vector{Float64}:
 1.0
 1.0
 1.0
5×3 Matrix{Float64}:
 0.0615842  0.0615842  0.0
 0.0492174  0.0492174  0.0
 0.0        0.0        0.0
 0.0804799  0.0804799  0.0
 0.0        0.0        0.0
3-element Vector{Float64}:
 0.19128159518966104
 0.19128159518966106
 0.0
2×7 Matrix{Float64}:
 0.0  0.0  0.0  0.692085  0.704803  1.0  0.444791
 0.0  0.0  0.0  0.307915  0.295197  0.0  0.555209
3-element Vector{Float64}:
 0.19128159518966104
 0.19128159518966106
 0.0
a: [0.061584232464104785 0.06158423246410487 0.0; 0.049217422460589466 0.049217422460589466 0.0; 0.0 0.0 0.0; 0.08047994026496677 0.08047994026496673 0.0; 0.0 0.0 0.0]
b: [0.19128159518966104, 0.19128159518966106, 0.0]
c: [0.0 0.0 0.0 0.6920846206622662 0.7048028315880148 1.0 0.4447909714073386; 0.0 0.0 0.0 0.30791537933773383 0.2951971684119852 0.0 0.5552090285926614]
d: [0.19128159518966104, 0.19128159518966106, 0.0]
comparison (CRT and Glb)on prediction: Dict{Bool, Int64}(0 => 59, 1 => 65)
Dataname	 time	 objv	 lb	 gap	 train_w	 train_g	 test_w	 test_g
/work_bgfs/n/navarrodelacruz/odt/optimal_decision_tree/augmented_datasets/body/body_900.body	 31.47	 0.019128159518966105	 N/A	 N/A	 90.08	 50.134	 90.323	 50.806
