Running 6 processes.
Start training /work_bgfs/n/navarrodelacruz/odt/optimal_decision_tree/augmented_datasets/body/body_739.body with seed 1.
Any[]
(5, 497)
(5, 248)
(5, 124)
(5, 125)
dimension: 5, class: 2
cart cost: 100.7103112840467
size of X: (5, 372)
Using method: Global linear DT optimization
Version identifier: 20.1.0.0 | 2020-11-10 | 9bedb6d68
CPXPARAM_Threads                                 1
CPXPARAM_TimeLimit                               1728000
Tried aggregator 1 time.
Aggregator did 4 substitutions.
Reduced LP has 4844 rows, 1885 columns, and 28288 nonzeros.
Presolve time = 0.02 sec. (8.69 ticks)
Initializing dual steep norms . . .

Iteration log . . .
Iteration:     1   Dual objective     =             0.000000
Perturbation started.
Iteration:   101   Dual objective     =             0.000000
Iteration:   327   Dual objective     =             0.000049
Iteration:   542   Dual objective     =             0.000093
Iteration:   790   Dual objective     =             0.000118
Iteration:   960   Dual objective     =             0.004988
Iteration:  1168   Dual objective     =             0.014692
Iteration:  1354   Dual objective     =             0.016316
Iteration:  1603   Dual objective     =             0.016695
Iteration:  1808   Dual objective     =             0.018221
Iteration:  1991   Dual objective     =             0.019134
Removing perturbation.
5×3 Matrix{Float64}:
 0.0  0.0  0.0
 0.0  0.0  1.0
 1.0  0.0  0.0
 0.0  1.0  0.0
 0.0  0.0  0.0
3-element Vector{Float64}:
 0.39626545553148756
 0.1679646411511239
 0.5747765803726965
2×7 Matrix{Float64}:
 0.0  0.0  0.0  1.0  1.0  0.0  0.0
 0.0  0.0  0.0  0.0  0.0  1.0  1.0
3-element Vector{Float64}:
 1.0
 1.0
 1.0
5×3 Matrix{Float64}:
 0.0        0.0        0.0
 0.110341   0.110341   0.0
 0.0        0.0        0.0
 0.0170807  0.0170807  0.0
 0.0628169  0.0628169  0.0
3-element Vector{Float64}:
 0.19023908350024316
 0.1902390835002431
 0.0
2×7 Matrix{Float64}:
 0.0  0.0  0.0  0.70085  0.717744  1.0  0.465848
 0.0  0.0  0.0  0.29915  0.282256  0.0  0.534152
3-element Vector{Float64}:
 0.19023908350024316
 0.1902390835002431
 0.0
a: [0.0 0.0 0.0; 0.11034145336955191 0.11034145336955176 0.0; 0.0 0.0 0.0; 0.01708071238710812 0.017080712387108843 0.0; 0.0628169177435831 0.0628169177435825 0.0]
b: [0.19023908350024316, 0.1902390835002431, 0.0]
c: [0.0 0.0 0.0 0.7008504859524926 0.7177438659570237 1.0 0.46584819574988046; 0.0 0.0 0.0 0.29914951404750745 0.28225613404297634 0.0 0.5341518042501195]
d: [0.19023908350024316, 0.1902390835002431, 0.0]
comparison (CRT and Glb)on prediction: Dict{Bool, Int64}(0 => 66, 1 => 59)
Dataname	 time	 objv	 lb	 gap	 train_w	 train_g	 test_w	 test_g
/work_bgfs/n/navarrodelacruz/odt/optimal_decision_tree/augmented_datasets/body/body_739.body	 27.34	 0.019023908350024314	 N/A	 N/A	 86.022	 51.613	 88.8	 52.0
