Running 6 processes.
Start training /work_bgfs/n/navarrodelacruz/odt/optimal_decision_tree/augmented_datasets/body/body_303.body with seed 1.
Any[]
(5, 497)
(5, 248)
(5, 124)
(5, 125)
dimension: 5, class: 2
cart cost: 75.86484375
size of X: (5, 372)
Using method: Global linear DT optimization
Version identifier: 20.1.0.0 | 2020-11-10 | 9bedb6d68
CPXPARAM_Threads                                 1
CPXPARAM_TimeLimit                               1728000
Tried aggregator 1 time.
Aggregator did 4 substitutions.
Reduced LP has 4844 rows, 1885 columns, and 28292 nonzeros.
Presolve time = 0.02 sec. (8.74 ticks)
Initializing dual steep norms . . .

Iteration log . . .
Iteration:     1   Dual objective     =             0.000000
Perturbation started.
Iteration:   101   Dual objective     =             0.000000
Iteration:   436   Dual objective     =             0.000085
Iteration:   622   Dual objective     =             0.000125
Iteration:   812   Dual objective     =             0.000161
Iteration:  1000   Dual objective     =             0.016230
Iteration:  1172   Dual objective     =             0.018540
Iteration:  1319   Dual objective     =             0.019054
Iteration:  1507   Dual objective     =             0.019192
Removing perturbation.
5×3 Matrix{Float64}:
 0.0  0.0  0.0
 0.0  0.0  1.0
 1.0  0.0  0.0
 0.0  1.0  0.0
 0.0  0.0  0.0
3-element Vector{Float64}:
 0.4047050637966003
 0.18182568431800872
 0.377593216992952
2×7 Matrix{Float64}:
 0.0  0.0  0.0  1.0  1.0  1.0  0.0
 0.0  0.0  0.0  0.0  0.0  0.0  1.0
3-element Vector{Float64}:
 1.0
 1.0
 1.0
5×3 Matrix{Float64}:
 0.0        0.0        0.0
 0.114152   0.114152   0.0
 0.0178878  0.0178878  0.0
 0.0        0.0        0.0
 0.0601875  0.0601875  0.0
3-element Vector{Float64}:
 0.19222680233315304
 0.19222680233315304
 0.0
2×7 Matrix{Float64}:
 0.0  0.0  0.0  0.695773  0.709547  1.0  0.458696
 0.0  0.0  0.0  0.304227  0.290453  0.0  0.541304
3-element Vector{Float64}:
 0.19222680233315304
 0.19222680233315304
 0.0
a: [0.0 0.0 0.0; 0.11415153692984183 0.11415153692984178 0.0; 0.017887791856340183 0.017887791856340193 0.0; 0.0 0.0 0.0; 0.060187473546971064 0.06018747354697105 0.0]
b: [0.19222680233315304, 0.19222680233315304, 0.0]
c: [0.0 0.0 0.0 0.6957733595717438 0.7095474961650616 1.0 0.45869634223850997; 0.0 0.0 0.0 0.3042266404282562 0.29045250383493837 0.0 0.54130365776149]
d: [0.19222680233315304, 0.19222680233315304, 0.0]
comparison (CRT and Glb)on prediction: Dict{Bool, Int64}(0 => 61, 1 => 64)
Dataname	 time	 objv	 lb	 gap	 train_w	 train_g	 test_w	 test_g
/work_bgfs/n/navarrodelacruz/odt/optimal_decision_tree/augmented_datasets/body/body_303.body	 32.03	 0.01922268023331531	 N/A	 N/A	 89.516	 51.613	 92.0	 51.2
