Running 6 processes.
Start training /work_bgfs/n/navarrodelacruz/odt/optimal_decision_tree/augmented_datasets/body/body_790.body with seed 1.
Any[]
(5, 497)
(5, 248)
(5, 124)
(5, 125)
dimension: 5, class: 2
cart cost: 63.01166007905141
size of X: (5, 372)
Using method: Global linear DT optimization
Version identifier: 20.1.0.0 | 2020-11-10 | 9bedb6d68
CPXPARAM_Threads                                 1
CPXPARAM_TimeLimit                               1728000
Tried aggregator 1 time.
Aggregator did 4 substitutions.
Reduced LP has 4844 rows, 1885 columns, and 28280 nonzeros.
Presolve time = 0.02 sec. (8.67 ticks)
Initializing dual steep norms . . .

Iteration log . . .
Iteration:     1   Dual objective     =             0.000000
Perturbation started.
Iteration:   101   Dual objective     =             0.000000
Iteration:   269   Dual objective     =             0.000023
Iteration:   472   Dual objective     =             0.000040
Iteration:   634   Dual objective     =             0.000069
Iteration:   839   Dual objective     =             0.008293
Iteration:   997   Dual objective     =             0.010445
Iteration:  1129   Dual objective     =             0.010452
Iteration:  1262   Dual objective     =             0.010497
Iteration:  1497   Dual objective     =             0.016466
Iteration:  1663   Dual objective     =             0.018586
Iteration:  1874   Dual objective     =             0.019223
Removing perturbation.
5×3 Matrix{Float64}:
 0.0  0.0  0.0
 0.0  0.0  1.0
 1.0  0.0  0.0
 0.0  1.0  0.0
 0.0  0.0  0.0
3-element Vector{Float64}:
 0.40317463272838633
 0.1834309621431912
 0.3763188327375031
2×7 Matrix{Float64}:
 0.0  0.0  0.0  1.0  1.0  1.0  0.0
 0.0  0.0  0.0  0.0  0.0  0.0  1.0
3-element Vector{Float64}:
 1.0
 1.0
 1.0
5×3 Matrix{Float64}:
 0.000366214  0.000366214  0.0
 0.101772     0.101772     0.0
 0.0263469    0.0263469    0.0
 0.0396025    0.0396025    0.0
 0.0234262    0.0234262    0.0
3-element Vector{Float64}:
 0.19151334812715493
 0.19151334812715493
 0.0
2×7 Matrix{Float64}:
 0.0  0.0  0.0  0.693514  0.700777  1.0  0.446639
 0.0  0.0  0.0  0.306486  0.299223  0.0  0.553361
3-element Vector{Float64}:
 0.19151334812715493
 0.19151334812715493
 0.0
a: [0.00036621414670345853 0.00036621414670295546 0.0; 0.10177150956873281 0.10177150956873282 0.0; 0.02634686097525568 0.02634686097525607 0.0; 0.039602516791641104 0.039602516791641396 0.0; 0.023426246644821912 0.023426246644821683 0.0]
b: [0.19151334812715493, 0.19151334812715493, 0.0]
c: [0.0 0.0 0.0 0.6935142293680471 0.7007768569524965 1.0 0.446639387959895; 0.0 0.0 0.0 0.3064857706319529 0.2992231430475035 0.0 0.553360612040105]
d: [0.19151334812715493, 0.19151334812715493, 0.0]
comparison (CRT and Glb)on prediction: Dict{Bool, Int64}(0 => 56, 1 => 69)
Dataname	 time	 objv	 lb	 gap	 train_w	 train_g	 test_w	 test_g
/work_bgfs/n/navarrodelacruz/odt/optimal_decision_tree/augmented_datasets/body/body_790.body	 31.89	 0.019151334812715505	 N/A	 N/A	 91.398	 50.806	 86.4	 51.2
