Running 6 processes.
Start training /work_bgfs/n/navarrodelacruz/odt/optimal_decision_tree/augmented_datasets/body/body_339.body with seed 1.
Any[]
(5, 497)
(5, 248)
(5, 124)
(5, 125)
dimension: 5, class: 2
cart cost: 72.83379446640319
size of X: (5, 372)
Using method: Global linear DT optimization
Version identifier: 20.1.0.0 | 2020-11-10 | 9bedb6d68
CPXPARAM_Threads                                 1
CPXPARAM_TimeLimit                               1728000
Tried aggregator 1 time.
Aggregator did 4 substitutions.
Reduced LP has 4844 rows, 1885 columns, and 28280 nonzeros.
Presolve time = 0.02 sec. (8.67 ticks)
Initializing dual steep norms . . .

Iteration log . . .
Iteration:     1   Dual objective     =             0.000000
Perturbation started.
Iteration:   101   Dual objective     =             0.000000
Iteration:   389   Dual objective     =             0.000069
Iteration:   603   Dual objective     =             0.000116
Iteration:   796   Dual objective     =             0.000160
Iteration:   966   Dual objective     =             0.017289
Iteration:  1182   Dual objective     =             0.017661
Iteration:  1353   Dual objective     =             0.019515
Removing perturbation.
5×3 Matrix{Float64}:
 0.0  0.0  0.0
 0.0  0.0  1.0
 1.0  0.0  0.0
 0.0  1.0  0.0
 0.0  0.0  0.0
3-element Vector{Float64}:
 0.40263162578814093
 0.18380962165445813
 0.3771679129885177
2×7 Matrix{Float64}:
 0.0  0.0  0.0  1.0  1.0  1.0  0.0
 0.0  0.0  0.0  0.0  0.0  0.0  1.0
3-element Vector{Float64}:
 1.0
 1.0
 1.0
5×3 Matrix{Float64}:
 0.0        0.0        0.0
 0.0953176  0.0953176  0.0
 0.0        0.0        0.0
 0.0370965  0.0370965  0.0
 0.0616887  0.0616887  0.0
3-element Vector{Float64}:
 0.194102753490472
 0.1941027534904721
 0.0
2×7 Matrix{Float64}:
 0.0  0.0  0.0  0.684887  0.701771  1.0  0.465213
 0.0  0.0  0.0  0.315113  0.298229  0.0  0.534787
3-element Vector{Float64}:
 0.194102753490472
 0.1941027534904721
 0.0
a: [0.0 0.0 0.0; 0.0953176155460469 0.09531761554604745 0.0; 0.0 0.0 0.0; 0.037096462357533 0.037096462357533166 0.0; 0.06168867558689214 0.061688675586891464 0.0]
b: [0.194102753490472, 0.1941027534904721, 0.0]
c: [0.0 0.0 0.0 0.6848870447116207 0.7017709833310728 1.0 0.465212914167606; 0.0 0.0 0.0 0.31511295528837935 0.2982290166689272 0.0 0.534787085832394]
d: [0.194102753490472, 0.1941027534904721, 0.0]
comparison (CRT and Glb)on prediction: Dict{Bool, Int64}(0 => 55, 1 => 70)
Dataname	 time	 objv	 lb	 gap	 train_w	 train_g	 test_w	 test_g
/work_bgfs/n/navarrodelacruz/odt/optimal_decision_tree/augmented_datasets/body/body_339.body	 32.81	 0.019410275349047205	 N/A	 N/A	 90.054	 50.806	 92.0	 51.2
