Running 6 processes.
Start training /work_bgfs/n/navarrodelacruz/odt/optimal_decision_tree/augmented_datasets/body/body_466.body with seed 1.
Any[]
(5, 497)
(5, 248)
(5, 124)
(5, 125)
dimension: 5, class: 2
cart cost: 68.09921875000002
size of X: (5, 372)
Using method: Global linear DT optimization
Version identifier: 20.1.0.0 | 2020-11-10 | 9bedb6d68
CPXPARAM_Threads                                 1
CPXPARAM_TimeLimit                               1728000
Tried aggregator 1 time.
Aggregator did 4 substitutions.
Reduced LP has 4844 rows, 1885 columns, and 28296 nonzeros.
Presolve time = 0.02 sec. (8.81 ticks)
Initializing dual steep norms . . .

Iteration log . . .
Iteration:     1   Dual objective     =             0.000000
Perturbation started.
Iteration:   101   Dual objective     =             0.000000
Iteration:   395   Dual objective     =             0.000069
Iteration:   589   Dual objective     =             0.000117
Iteration:   741   Dual objective     =             0.000151
Iteration:   943   Dual objective     =             0.016704
Iteration:  1099   Dual objective     =             0.016899
Iteration:  1322   Dual objective     =             0.018955
Removing perturbation.
5×3 Matrix{Float64}:
 0.0  0.0  0.0
 0.0  0.0  1.0
 1.0  0.0  0.0
 0.0  1.0  0.0
 0.0  0.0  0.0
3-element Vector{Float64}:
 0.3975286944170462
 0.165530840958912
 0.3767928805384553
2×7 Matrix{Float64}:
 0.0  0.0  0.0  1.0  1.0  1.0  0.0
 0.0  0.0  0.0  0.0  0.0  0.0  1.0
3-element Vector{Float64}:
 1.0
 1.0
 1.0
5×3 Matrix{Float64}:
 0.0        0.0        0.0
 0.0953704  0.0953704  0.0
 0.0        0.0        0.0
 0.0381699  0.0381699  0.0
 0.0605375  0.0605375  0.0
3-element Vector{Float64}:
 0.19407782941558796
 0.194077829415588
 0.0
2×7 Matrix{Float64}:
 0.0  0.0  0.0  0.688191  0.696006  1.0  0.464885
 0.0  0.0  0.0  0.311809  0.303994  0.0  0.535115
3-element Vector{Float64}:
 0.19407782941558796
 0.194077829415588
 0.0
a: [0.0 0.0 0.0; 0.09537041818946657 0.09537041818946655 0.0; 0.0 0.0 0.0; 0.03816992649236295 0.03816992649236303 0.0; 0.06053748473375844 0.06053748473375836 0.0]
b: [0.19407782941558796, 0.194077829415588, 0.0]
c: [0.0 0.0 0.0 0.6881914981366193 0.6960058368919932 1.0 0.46488515807722897; 0.0 0.0 0.0 0.3118085018633807 0.30399416310800675 0.0 0.535114841922771]
d: [0.19407782941558796, 0.194077829415588, 0.0]
comparison (CRT and Glb)on prediction: Dict{Bool, Int64}(0 => 61, 1 => 64)
Dataname	 time	 objv	 lb	 gap	 train_w	 train_g	 test_w	 test_g
/work_bgfs/n/navarrodelacruz/odt/optimal_decision_tree/augmented_datasets/body/body_466.body	 27.12	 0.019407782941558795	 N/A	 N/A	 90.591	 51.613	 93.6	 51.2
