Running 6 processes.
Start training /work_bgfs/n/navarrodelacruz/odt/optimal_decision_tree/augmented_datasets/body/body_184.body with seed 1.
Any[]
(5, 497)
(5, 248)
(5, 124)
(5, 125)
dimension: 5, class: 2
cart cost: 64.97608695652177
size of X: (5, 372)
Using method: Global linear DT optimization
Version identifier: 20.1.0.0 | 2020-11-10 | 9bedb6d68
CPXPARAM_Threads                                 1
CPXPARAM_TimeLimit                               1728000
Tried aggregator 1 time.
Aggregator did 4 substitutions.
Reduced LP has 4844 rows, 1885 columns, and 28288 nonzeros.
Presolve time = 0.02 sec. (8.69 ticks)
Initializing dual steep norms . . .

Iteration log . . .
Iteration:     1   Dual objective     =             0.000000
Perturbation started.
Iteration:   101   Dual objective     =             0.000000
Iteration:   288   Dual objective     =             0.000028
Iteration:   498   Dual objective     =             0.000048
Iteration:   671   Dual objective     =             0.000090
Iteration:   825   Dual objective     =             0.000135
Iteration:  1016   Dual objective     =             0.000183
Iteration:  1200   Dual objective     =             0.003008
Iteration:  1435   Dual objective     =             0.010142
Iteration:  1587   Dual objective     =             0.016057
Iteration:  1741   Dual objective     =             0.016628
Iteration:  1965   Dual objective     =             0.017790
Iteration:  2126   Dual objective     =             0.019020
Removing perturbation.
5×3 Matrix{Float64}:
 0.0  0.0  0.0
 0.0  0.0  1.0
 1.0  0.0  0.0
 0.0  1.0  0.0
 0.0  0.0  0.0
3-element Vector{Float64}:
 0.3983839933047321
 0.18113725935239583
 0.40085124738584366
2×7 Matrix{Float64}:
 0.0  0.0  0.0  1.0  1.0  1.0  0.0
 0.0  0.0  0.0  0.0  0.0  0.0  1.0
3-element Vector{Float64}:
 1.0
 1.0
 1.0
5×3 Matrix{Float64}:
 0.0        0.0        0.0
 0.0956275  0.0956275  0.0
 0.0        0.0        0.0
 0.0367723  0.0367723  0.0
 0.0619277  0.0619277  0.0
3-element Vector{Float64}:
 0.19432757414339566
 0.19432757414339563
 0.0
2×7 Matrix{Float64}:
 0.0  0.0  0.0  0.687087  0.690348  1.0  0.465014
 0.0  0.0  0.0  0.312913  0.309652  0.0  0.534986
3-element Vector{Float64}:
 0.19432757414339563
 0.19432757414339563
 0.0
a: [0.0 0.0 0.0; 0.09562753064644258 0.0956275306464427 0.0; 0.0 0.0 0.0; 0.03677234224526407 0.036772342245263996 0.0; 0.06192770125168898 0.06192770125168894 0.0]
b: [0.19432757414339566, 0.19432757414339563, 0.0]
c: [0.0 0.0 0.0 0.6870873734989448 0.6903476157807731 1.0 0.4650136111212009; 0.0 0.0 0.0 0.3129126265010552 0.3096523842192269 0.0 0.5349863888787991]
d: [0.19432757414339563, 0.19432757414339563, 0.0]
comparison (CRT and Glb)on prediction: Dict{Bool, Int64}(0 => 55, 1 => 70)
Dataname	 time	 objv	 lb	 gap	 train_w	 train_g	 test_w	 test_g
/work_bgfs/n/navarrodelacruz/odt/optimal_decision_tree/augmented_datasets/body/body_184.body	 28.02	 0.019432757414339565	 N/A	 N/A	 91.129	 50.806	 88.8	 51.2
