Running 6 processes.
Start training /work_bgfs/n/navarrodelacruz/odt/optimal_decision_tree/augmented_datasets/body/body_632.body with seed 1.
Any[]
(5, 497)
(5, 248)
(5, 124)
(5, 125)
dimension: 5, class: 2
cart cost: 73.12222222222225
size of X: (5, 372)
Using method: Global linear DT optimization
Version identifier: 20.1.0.0 | 2020-11-10 | 9bedb6d68
CPXPARAM_Threads                                 1
CPXPARAM_TimeLimit                               1728000
Tried aggregator 1 time.
Aggregator did 4 substitutions.
Reduced LP has 4844 rows, 1885 columns, and 28288 nonzeros.
Presolve time = 0.02 sec. (8.69 ticks)
Initializing dual steep norms . . .

Iteration log . . .
Iteration:     1   Dual objective     =             0.000000
Perturbation started.
Iteration:   101   Dual objective     =             0.000000
Iteration:   246   Dual objective     =             0.000029
Iteration:   542   Dual objective     =             0.000098
Iteration:   737   Dual objective     =             0.000144
Iteration:   902   Dual objective     =             0.012629
Iteration:  1108   Dual objective     =             0.017633
Iteration:  1278   Dual objective     =             0.018446
Iteration:  1507   Dual objective     =             0.019018
Iteration:  1733   Dual objective     =             0.019171
Removing perturbation.
5×3 Matrix{Float64}:
 0.0  0.0  0.0
 0.0  0.0  1.0
 1.0  1.0  0.0
 0.0  0.0  0.0
 0.0  0.0  0.0
3-element Vector{Float64}:
 0.39614204746961734
 0.27593571382602966
 0.366107235560261
2×7 Matrix{Float64}:
 0.0  0.0  0.0  1.0  1.0  1.0  0.0
 0.0  0.0  0.0  0.0  0.0  0.0  1.0
3-element Vector{Float64}:
 1.0
 1.0
 1.0
5×3 Matrix{Float64}:
 0.0        0.0        0.0
 0.0954055  0.0954055  0.0
 0.0        0.0        0.0
 0.0372885  0.0372885  0.0
 0.0616113  0.0616113  0.0
3-element Vector{Float64}:
 0.19430525765671128
 0.19430525765671125
 0.0
2×7 Matrix{Float64}:
 0.0  0.0  0.0  0.693153  0.679042  1.0  0.464988
 0.0  0.0  0.0  0.306847  0.320958  0.0  0.535012
3-element Vector{Float64}:
 0.19430525765671122
 0.19430525765671125
 0.0
a: [0.0 0.0 0.0; 0.09540545880817883 0.09540545880817895 0.0; 0.0 0.0 0.0; 0.037288507739095145 0.03728850773909476 0.0; 0.06161129110943726 0.061611291109437555 0.0]
b: [0.19430525765671128, 0.19430525765671125, 0.0]
c: [0.0 0.0 0.0 0.6931527906816801 0.6790420288101175 1.0 0.4649879594190284; 0.0 0.0 0.0 0.3068472093183199 0.32095797118988245 0.0 0.5350120405809716]
d: [0.19430525765671122, 0.19430525765671125, 0.0]
comparison (CRT and Glb)on prediction: Dict{Bool, Int64}(0 => 57, 1 => 68)
Dataname	 time	 objv	 lb	 gap	 train_w	 train_g	 test_w	 test_g
/work_bgfs/n/navarrodelacruz/odt/optimal_decision_tree/augmented_datasets/body/body_632.body	 28.78	 0.019430525765671128	 N/A	 N/A	 90.054	 50.806	 91.2	 50.4
