Running 6 processes.
Start training /work_bgfs/n/navarrodelacruz/odt/optimal_decision_tree/augmented_datasets/body/body_572.body with seed 1.
Any[]
(5, 497)
(5, 249)
(5, 125)
(5, 123)
dimension: 5, class: 2
cart cost: 68.63425196850396
size of X: (5, 374)
Using method: Global linear DT optimization
Version identifier: 20.1.0.0 | 2020-11-10 | 9bedb6d68
CPXPARAM_Threads                                 1
CPXPARAM_TimeLimit                               1728000
Tried aggregator 1 time.
Aggregator did 4 substitutions.
Reduced LP has 4870 rows, 1895 columns, and 28444 nonzeros.
Presolve time = 0.02 sec. (8.79 ticks)
Initializing dual steep norms . . .

Iteration log . . .
Iteration:     1   Dual objective     =             0.000000
Perturbation started.
Iteration:   101   Dual objective     =             0.000000
Iteration:   400   Dual objective     =             0.000067
Iteration:   640   Dual objective     =             0.000123
Iteration:   842   Dual objective     =             0.000178
Iteration:  1064   Dual objective     =             0.016229
Iteration:  1277   Dual objective     =             0.017179
Iteration:  1436   Dual objective     =             0.017432
Iteration:  1603   Dual objective     =             0.018453
Iteration:  1766   Dual objective     =             0.019535
Removing perturbation.
5×3 Matrix{Float64}:
 0.0  0.0  0.0
 0.0  0.0  1.0
 1.0  0.0  0.0
 0.0  1.0  0.0
 0.0  0.0  0.0
3-element Vector{Float64}:
 0.39931472593598205
 0.22730956147160392
 0.35244637222877523
2×7 Matrix{Float64}:
 0.0  0.0  0.0  1.0  1.0  1.0  0.0
 0.0  0.0  0.0  0.0  0.0  0.0  1.0
3-element Vector{Float64}:
 1.0
 1.0
 1.0
5×3 Matrix{Float64}:
 0.0        0.0        0.0
 0.0956236  0.0956236  0.0
 0.0        0.0        0.0
 0.0365268  0.0365268  0.0
 0.0620989  0.0620989  0.0
3-element Vector{Float64}:
 0.1942493265102832
 0.1942493265102832
 0.0
2×7 Matrix{Float64}:
 0.0  0.0  0.0  0.689064  0.696146  1.0  0.465062
 0.0  0.0  0.0  0.310936  0.303854  0.0  0.534938
3-element Vector{Float64}:
 0.1942493265102832
 0.1942493265102832
 0.0
a: [0.0 0.0 0.0; 0.09562359548272581 0.09562359548272582 0.0; 0.0 0.0 0.0; 0.03652681603944963 0.036526816039450585 0.0; 0.062098914988107774 0.06209891498810681 0.0]
b: [0.1942493265102832, 0.1942493265102832, 0.0]
c: [0.0 0.0 0.0 0.6890643266573422 0.6961462325859074 1.0 0.46506183534491663; 0.0 0.0 0.0 0.3109356733426578 0.30385376741409265 0.0 0.5349381646550834]
d: [0.1942493265102832, 0.1942493265102832, 0.0]
comparison (CRT and Glb)on prediction: Dict{Bool, Int64}(0 => 55, 1 => 68)
Dataname	 time	 objv	 lb	 gap	 train_w	 train_g	 test_w	 test_g
/work_bgfs/n/navarrodelacruz/odt/optimal_decision_tree/augmented_datasets/body/body_572.body	 32.1	 0.019424932651028317	 N/A	 N/A	 90.642	 51.07	 91.057	 51.22
