Running 6 processes.
Start training /work_bgfs/n/navarrodelacruz/odt/optimal_decision_tree/augmented_datasets/body/body_31.body with seed 1.
Any[]
(5, 497)
(5, 249)
(5, 125)
(5, 123)
dimension: 5, class: 2
cart cost: 84.28779527559057
size of X: (5, 374)
Using method: Global linear DT optimization
Version identifier: 20.1.0.0 | 2020-11-10 | 9bedb6d68
CPXPARAM_Threads                                 1
CPXPARAM_TimeLimit                               1728000
Tried aggregator 1 time.
Aggregator did 4 substitutions.
Reduced LP has 4870 rows, 1895 columns, and 28448 nonzeros.
Presolve time = 0.02 sec. (8.86 ticks)
Initializing dual steep norms . . .

Iteration log . . .
Iteration:     1   Dual objective     =             0.000000
Perturbation started.
Iteration:   101   Dual objective     =             0.000000
Iteration:   314   Dual objective     =             0.000028
Iteration:   502   Dual objective     =             0.000045
Iteration:   671   Dual objective     =             0.000081
Iteration:   876   Dual objective     =             0.000124
Iteration:  1058   Dual objective     =             0.000171
Iteration:  1243   Dual objective     =             0.012131
Iteration:  1479   Dual objective     =             0.014550
Iteration:  1687   Dual objective     =             0.014567
Iteration:  1873   Dual objective     =             0.014884
Iteration:  2031   Dual objective     =             0.017700
Iteration:  2225   Dual objective     =             0.018643
Removing perturbation.
5×3 Matrix{Float64}:
 0.0  0.0  0.0
 0.0  0.0  1.0
 1.0  0.0  0.0
 0.0  1.0  0.0
 0.0  0.0  0.0
3-element Vector{Float64}:
 0.4029442968377871
 0.22732259436430058
 0.45101950984048367
2×7 Matrix{Float64}:
 0.0  0.0  0.0  1.0  1.0  1.0  0.0
 0.0  0.0  0.0  0.0  0.0  0.0  1.0
3-element Vector{Float64}:
 1.0
 1.0
 1.0
5×3 Matrix{Float64}:
 0.0        0.0        0.0
 0.0975374  0.0975374  0.0
 0.0183858  0.0183858  0.0
 0.0        0.0        0.0
 0.0768627  0.0768627  0.0
3-element Vector{Float64}:
 0.19278594177927735
 0.1927859417792775
 0.0
2×7 Matrix{Float64}:
 0.0  0.0  0.0  0.660424  0.671971  1.0  0.478439
 0.0  0.0  0.0  0.339576  0.328029  0.0  0.521561
3-element Vector{Float64}:
 0.19278594177927735
 0.1927859417792775
 0.0
a: [0.0 0.0 0.0; 0.0975374382095163 0.09753743820951702 0.0; 0.018385849887132506 0.018385849887132766 0.0; 0.0 0.0 0.0; 0.07686265368262857 0.07686265368262771 0.0]
b: [0.19278594177927735, 0.1927859417792775, 0.0]
c: [0.0 0.0 0.0 0.6604237626175422 0.6719706105514813 1.0 0.4784389493259791; 0.0 0.0 0.0 0.3395762373824578 0.32802938944851867 0.0 0.5215610506740209]
d: [0.19278594177927735, 0.1927859417792775, 0.0]
comparison (CRT and Glb)on prediction: Dict{Bool, Int64}(0 => 50, 1 => 73)
Dataname	 time	 objv	 lb	 gap	 train_w	 train_g	 test_w	 test_g
/work_bgfs/n/navarrodelacruz/odt/optimal_decision_tree/augmented_datasets/body/body_31.body	 32.19	 0.01927859417792775	 N/A	 N/A	 88.503	 51.07	 86.992	 51.22
