Running 6 processes.
Start training /work_bgfs/n/navarrodelacruz/odt/optimal_decision_tree/augmented_datasets/body/body_271.body with seed 1.
Any[]
(5, 497)
(5, 248)
(5, 124)
(5, 125)
dimension: 5, class: 2
cart cost: 70.86936758893283
size of X: (5, 372)
Using method: Global linear DT optimization
Version identifier: 20.1.0.0 | 2020-11-10 | 9bedb6d68
CPXPARAM_Threads                                 1
CPXPARAM_TimeLimit                               1728000
Tried aggregator 1 time.
Aggregator did 4 substitutions.
Reduced LP has 4844 rows, 1885 columns, and 28292 nonzeros.
Presolve time = 0.02 sec. (8.74 ticks)
Initializing dual steep norms . . .

Iteration log . . .
Iteration:     1   Dual objective     =             0.000000
Perturbation started.
Iteration:   101   Dual objective     =             0.000000
Iteration:   436   Dual objective     =             0.000081
Iteration:   603   Dual objective     =             0.000118
Iteration:   779   Dual objective     =             0.000159
Iteration:   928   Dual objective     =             0.016956
Iteration:  1176   Dual objective     =             0.018024
Iteration:  1360   Dual objective     =             0.019095
Removing perturbation.
5×3 Matrix{Float64}:
 0.0  0.0  0.0
 0.0  0.0  1.0
 1.0  0.0  0.0
 0.0  1.0  0.0
 0.0  0.0  0.0
3-element Vector{Float64}:
 0.40051534413899714
 0.18244390094006507
 0.35066071990682746
2×7 Matrix{Float64}:
 0.0  0.0  0.0  1.0  1.0  1.0  0.0
 0.0  0.0  0.0  0.0  0.0  0.0  1.0
3-element Vector{Float64}:
 1.0
 1.0
 1.0
5×3 Matrix{Float64}:
 0.0        0.0        0.0
 0.0909954  0.0909954  0.0
 0.0        0.0        0.0
 0.0558816  0.0558816  0.0
 0.0469279  0.0469279  0.0
3-element Vector{Float64}:
 0.19380492270119765
 0.19380492270119762
 0.0
2×7 Matrix{Float64}:
 0.0  0.0  0.0  0.68567  0.697911  1.0  0.459835
 0.0  0.0  0.0  0.31433  0.302089  0.0  0.540165
3-element Vector{Float64}:
 0.19380492270119765
 0.19380492270119762
 0.0
a: [0.0 0.0 0.0; 0.09099540155710696 0.09099540155710684 0.0; 0.0 0.0 0.0; 0.05588157920812342 0.05588157920812348 0.0; 0.04692794193596719 0.046927941935967304 0.0]
b: [0.19380492270119765, 0.19380492270119762, 0.0]
c: [0.0 0.0 0.0 0.6856695351926188 0.6979113078598322 1.0 0.45983513193960845; 0.0 0.0 0.0 0.31433046480738125 0.30208869214016776 0.0 0.5401648680603915]
d: [0.19380492270119765, 0.19380492270119762, 0.0]
comparison (CRT and Glb)on prediction: Dict{Bool, Int64}(0 => 62, 1 => 63)
Dataname	 time	 objv	 lb	 gap	 train_w	 train_g	 test_w	 test_g
/work_bgfs/n/navarrodelacruz/odt/optimal_decision_tree/augmented_datasets/body/body_271.body	 27.44	 0.019380492270119766	 N/A	 N/A	 90.323	 50.806	 89.6	 51.2
