Running 6 processes.
Start training /work_bgfs/n/navarrodelacruz/odt/optimal_decision_tree/augmented_datasets/body/body_808.body with seed 1.
Any[]
(5, 497)
(5, 248)
(5, 124)
(5, 125)
dimension: 5, class: 2
cart cost: 66.94051383399213
size of X: (5, 372)
Using method: Global linear DT optimization
Version identifier: 20.1.0.0 | 2020-11-10 | 9bedb6d68
CPXPARAM_Threads                                 1
CPXPARAM_TimeLimit                               1728000
Tried aggregator 1 time.
Aggregator did 4 substitutions.
Reduced LP has 4844 rows, 1885 columns, and 28284 nonzeros.
Presolve time = 0.02 sec. (8.67 ticks)
Initializing dual steep norms . . .

Iteration log . . .
Iteration:     1   Dual objective     =             0.000000
Perturbation started.
Iteration:   101   Dual objective     =             0.000000
Iteration:   447   Dual objective     =             0.000085
Iteration:   641   Dual objective     =             0.000131
Iteration:   833   Dual objective     =             0.015610
Iteration:  1051   Dual objective     =             0.017786
Iteration:  1279   Dual objective     =             0.019433
Removing perturbation.
5×3 Matrix{Float64}:
 0.0  0.0  0.0
 0.0  0.0  1.0
 1.0  1.0  0.0
 0.0  0.0  0.0
 0.0  0.0  0.0
3-element Vector{Float64}:
 0.39700115327946295
 0.274096175981688
 0.3651136575465107
2×7 Matrix{Float64}:
 0.0  0.0  0.0  1.0  1.0  1.0  0.0
 0.0  0.0  0.0  0.0  0.0  0.0  1.0
3-element Vector{Float64}:
 1.0
 1.0
 1.0
5×3 Matrix{Float64}:
 0.0       0.0       0.0
 0.076105  0.076105  0.0
 0.0       0.0       0.0
 0.117178  0.117178  0.0
 0.0       0.0       0.0
3-element Vector{Float64}:
 0.19328259112853002
 0.1932825911285301
 0.0
2×7 Matrix{Float64}:
 0.0  0.0  0.0  0.690021  0.69618  1.0  0.443129
 0.0  0.0  0.0  0.309979  0.30382  0.0  0.556871
3-element Vector{Float64}:
 0.1932825911285301
 0.1932825911285301
 0.0
a: [0.0 0.0 0.0; 0.07610501273797152 0.07610501273797196 0.0; 0.0 0.0 0.0; 0.11717757839055853 0.11717757839055812 0.0; 0.0 0.0 0.0]
b: [0.19328259112853002, 0.1932825911285301, 0.0]
c: [0.0 0.0 0.0 0.6900211025805025 0.6961802277828408 1.0 0.4431288447907058; 0.0 0.0 0.0 0.30997889741949747 0.30381977221715917 0.0 0.5568711552092942]
d: [0.1932825911285301, 0.1932825911285301, 0.0]
comparison (CRT and Glb)on prediction: Dict{Bool, Int64}(0 => 58, 1 => 67)
Dataname	 time	 objv	 lb	 gap	 train_w	 train_g	 test_w	 test_g
/work_bgfs/n/navarrodelacruz/odt/optimal_decision_tree/augmented_datasets/body/body_808.body	 27.45	 0.019328259112853005	 N/A	 N/A	 90.86	 50.806	 91.2	 51.2
