Running 6 processes.
Start training /work_bgfs/n/navarrodelacruz/odt/optimal_decision_tree/augmented_datasets/body/body_126.body with seed 1.
Any[]
(5, 497)
(5, 249)
(5, 125)
(5, 123)
dimension: 5, class: 2
cart cost: 69.45278884462155
size of X: (5, 374)
Using method: Global linear DT optimization
Version identifier: 20.1.0.0 | 2020-11-10 | 9bedb6d68
CPXPARAM_Threads                                 1
CPXPARAM_TimeLimit                               1728000
Tried aggregator 1 time.
Aggregator did 4 substitutions.
Reduced LP has 4870 rows, 1895 columns, and 28444 nonzeros.
Presolve time = 0.02 sec. (8.79 ticks)
Initializing dual steep norms . . .

Iteration log . . .
Iteration:     1   Dual objective     =             0.000000
Perturbation started.
Iteration:   101   Dual objective     =             0.000000
Iteration:   366   Dual objective     =             0.000064
Iteration:   605   Dual objective     =             0.000123
Iteration:   764   Dual objective     =             0.000159
Iteration:   940   Dual objective     =             0.016827
Iteration:  1084   Dual objective     =             0.017690
Iteration:  1264   Dual objective     =             0.018287
Iteration:  1439   Dual objective     =             0.018530
Iteration:  1608   Dual objective     =             0.019231
Removing perturbation.
5×3 Matrix{Float64}:
 0.0  0.0  0.0
 0.0  0.0  1.0
 1.0  0.0  0.0
 0.0  1.0  0.0
 0.0  0.0  0.0
3-element Vector{Float64}:
 0.4059350786285423
 0.16440067362660768
 0.37660191374599095
2×7 Matrix{Float64}:
 0.0  0.0  0.0  1.0  1.0  1.0  0.0
 0.0  0.0  0.0  0.0  0.0  0.0  1.0
3-element Vector{Float64}:
 1.0
 1.0
 1.0
5×3 Matrix{Float64}:
 0.0         0.0         0.0
 0.0918051   0.0918051   0.0
 0.0         0.0         0.0
 0.096837    0.096837    0.0
 0.00261483  0.00261483  0.0
3-element Vector{Float64}:
 0.19125692196958083
 0.19125692196958083
 0.0
2×7 Matrix{Float64}:
 0.0  0.0  0.0  0.694985  0.685156  1.0  0.438704
 0.0  0.0  0.0  0.305015  0.314844  0.0  0.561296
3-element Vector{Float64}:
 0.19125692196958083
 0.19125692196958083
 0.0
a: [0.0 0.0 0.0; 0.09180511368257319 0.09180511368257321 0.0; 0.0 0.0 0.0; 0.09683697713010951 0.09683697713010953 0.0; 0.0026148311568981175 0.0026148311568980898 0.0]
b: [0.19125692196958083, 0.19125692196958083, 0.0]
c: [0.0 0.0 0.0 0.6949852229902034 0.6851556047940905 1.0 0.43870448668190853; 0.0 0.0 0.0 0.3050147770097966 0.31484439520590946 0.0 0.5612955133180915]
d: [0.19125692196958083, 0.19125692196958083, 0.0]
comparison (CRT and Glb)on prediction: Dict{Bool, Int64}(0 => 59, 1 => 64)
Dataname	 time	 objv	 lb	 gap	 train_w	 train_g	 test_w	 test_g
/work_bgfs/n/navarrodelacruz/odt/optimal_decision_tree/augmented_datasets/body/body_126.body	 27.48	 0.01912569219695808	 N/A	 N/A	 90.642	 50.535	 88.618	 50.407
