Running 6 processes.
Start training /work_bgfs/n/navarrodelacruz/odt/optimal_decision_tree/augmented_datasets/body/body_468.body with seed 1.
Any[]
(5, 497)
(5, 248)
(5, 124)
(5, 125)
dimension: 5, class: 2
cart cost: 79.74765625
size of X: (5, 372)
Using method: Global linear DT optimization
Version identifier: 20.1.0.0 | 2020-11-10 | 9bedb6d68
CPXPARAM_Threads                                 1
CPXPARAM_TimeLimit                               1728000
Tried aggregator 1 time.
Aggregator did 4 substitutions.
Reduced LP has 4844 rows, 1885 columns, and 28292 nonzeros.
Presolve time = 0.02 sec. (8.74 ticks)
Initializing dual steep norms . . .

Iteration log . . .
Iteration:     1   Dual objective     =             0.000000
Perturbation started.
Iteration:   101   Dual objective     =             0.000000
Iteration:   273   Dual objective     =             0.000027
Iteration:   478   Dual objective     =             0.000048
Iteration:   640   Dual objective     =             0.000099
Iteration:   826   Dual objective     =             0.000145
Iteration:   980   Dual objective     =             0.000183
Iteration:  1172   Dual objective     =             0.012160
Iteration:  1461   Dual objective     =             0.015750
Iteration:  1715   Dual objective     =             0.016087
Iteration:  1975   Dual objective     =             0.017263
Removing perturbation.
5×3 Matrix{Float64}:
 0.0  0.0  0.0
 0.0  0.0  1.0
 1.0  0.0  0.0
 0.0  1.0  0.0
 0.0  0.0  0.0
3-element Vector{Float64}:
 0.45008437602861473
 0.26955677653301
 0.3827057717072012
2×7 Matrix{Float64}:
 0.0  0.0  0.0  1.0  1.0  1.0  0.0
 0.0  0.0  0.0  0.0  0.0  0.0  1.0
3-element Vector{Float64}:
 1.0
 1.0
 1.0
5×3 Matrix{Float64}:
 0.0        0.0        0.0
 0.113559   0.113559   0.0
 0.0193787  0.0193787  0.0
 0.0        0.0        0.0
 0.0591125  0.0591125  0.0
3-element Vector{Float64}:
 0.1920502432714641
 0.19205024327146414
 0.0
2×7 Matrix{Float64}:
 0.0  0.0  0.0  0.696743  0.366345  1.0  0.45867
 0.0  0.0  0.0  0.303257  0.633655  0.0  0.54133
3-element Vector{Float64}:
 0.1920502432714641
 0.19205024327146414
 0.0
a: [0.0 0.0 0.0; 0.11355906170228638 0.11355906170228647 0.0; 0.019378666430536408 0.019378666430536415 0.0; 0.0 0.0 0.0; 0.05911251513864127 0.05911251513864126 0.0]
b: [0.1920502432714641, 0.19205024327146414, 0.0]
c: [0.0 0.0 0.0 0.696743244982479 0.3663446657887244 1.0 0.4586696344740906; 0.0 0.0 0.0 0.30325675501752103 0.6336553342112756 0.0 0.5413303655259094]
d: [0.1920502432714641, 0.19205024327146414, 0.0]
comparison (CRT and Glb)on prediction: Dict{Bool, Int64}(0 => 52, 1 => 73)
Dataname	 time	 objv	 lb	 gap	 train_w	 train_g	 test_w	 test_g
/work_bgfs/n/navarrodelacruz/odt/optimal_decision_tree/augmented_datasets/body/body_468.body	 29.99	 0.019205024327146412	 N/A	 N/A	 88.978	 51.613	 88.0	 51.2
