Running 6 processes.
Start training /work_bgfs/n/navarrodelacruz/odt/optimal_decision_tree/augmented_datasets/body/body_656.body with seed 1.
Any[]
(5, 497)
(5, 249)
(5, 125)
(5, 123)
dimension: 5, class: 2
cart cost: 70.5909448818898
size of X: (5, 374)
Using method: Global linear DT optimization
Version identifier: 20.1.0.0 | 2020-11-10 | 9bedb6d68
CPXPARAM_Threads                                 1
CPXPARAM_TimeLimit                               1728000
Tried aggregator 1 time.
Aggregator did 4 substitutions.
Reduced LP has 4870 rows, 1895 columns, and 28448 nonzeros.
Presolve time = 0.01 sec. (8.86 ticks)
Initializing dual steep norms . . .

Iteration log . . .
Iteration:     1   Dual objective     =             0.000000
Perturbation started.
Iteration:   101   Dual objective     =             0.000000
Iteration:   300   Dual objective     =             0.000029
Iteration:   491   Dual objective     =             0.000046
Iteration:   664   Dual objective     =             0.000071
Iteration:   810   Dual objective     =             0.000110
Iteration:   980   Dual objective     =             0.015588
Iteration:  1140   Dual objective     =             0.015883
Iteration:  1352   Dual objective     =             0.015930
Iteration:  1562   Dual objective     =             0.017581
Iteration:  1771   Dual objective     =             0.018635
Iteration:  1930   Dual objective     =             0.019250
Removing perturbation.
5×3 Matrix{Float64}:
 0.0  0.0  0.0
 0.0  0.0  1.0
 1.0  1.0  0.0
 0.0  0.0  0.0
 0.0  0.0  0.0
3-element Vector{Float64}:
 0.40747500078783316
 0.27364160943870774
 0.36531448387380483
2×7 Matrix{Float64}:
 0.0  0.0  0.0  1.0  1.0  1.0  0.0
 0.0  0.0  0.0  0.0  0.0  0.0  1.0
3-element Vector{Float64}:
 1.0
 1.0
 1.0
5×3 Matrix{Float64}:
 0.000232264  0.000232264  0.0
 0.102343     0.102343     0.0
 0.023502     0.023502     0.0
 0.0419584    0.0419584    0.0
 0.0235644    0.0235644    0.0
3-element Vector{Float64}:
 0.19160026514139364
 0.1916002651413936
 0.0
2×7 Matrix{Float64}:
 0.0  0.0  0.0  0.691843  0.718918  1.0  0.446228
 0.0  0.0  0.0  0.308157  0.281082  0.0  0.553772
3-element Vector{Float64}:
 0.19160026514139364
 0.1916002651413936
 0.0
a: [0.00023226407617609607 0.00023226407617628342 0.0; 0.10234317705061446 0.10234317705061405 0.0; 0.02350201461707637 0.023502014617076558 0.0; 0.04195844249980615 0.04195844249980567 0.0; 0.023564366897720554 0.023564366897721113 0.0]
b: [0.19160026514139364, 0.1916002651413936, 0.0]
c: [0.0 0.0 0.0 0.6918429328585401 0.7189180641731954 1.0 0.4462282672036797; 0.0 0.0 0.0 0.30815706714145985 0.28108193582680463 0.0 0.5537717327963203]
d: [0.19160026514139364, 0.1916002651413936, 0.0]
comparison (CRT and Glb)on prediction: Dict{Bool, Int64}(0 => 57, 1 => 66)
Dataname	 time	 objv	 lb	 gap	 train_w	 train_g	 test_w	 test_g
/work_bgfs/n/navarrodelacruz/odt/optimal_decision_tree/augmented_datasets/body/body_656.body	 27.5	 0.019160026514139377	 N/A	 N/A	 90.374	 51.07	 87.805	 51.22
