Running 6 processes.
Start training /work_bgfs/n/navarrodelacruz/odt/optimal_decision_tree/augmented_datasets/body/body_553.body with seed 1.
Any[]
(5, 497)
(5, 248)
(5, 124)
(5, 125)
dimension: 5, class: 2
cart cost: 65.90097276264595
size of X: (5, 372)
Using method: Global linear DT optimization
Version identifier: 20.1.0.0 | 2020-11-10 | 9bedb6d68
CPXPARAM_Threads                                 1
CPXPARAM_TimeLimit                               1728000
Tried aggregator 1 time.
Aggregator did 4 substitutions.
Reduced LP has 4844 rows, 1885 columns, and 28284 nonzeros.
Presolve time = 0.01 sec. (8.67 ticks)
Initializing dual steep norms . . .

Iteration log . . .
Iteration:     1   Dual objective     =             0.000000
Perturbation started.
Iteration:   101   Dual objective     =             0.000000
Iteration:   392   Dual objective     =             0.000046
Iteration:   567   Dual objective     =             0.000100
Iteration:   750   Dual objective     =             0.000148
Iteration:   937   Dual objective     =             0.000187
Iteration:  1118   Dual objective     =             0.016001
Iteration:  1265   Dual objective     =             0.017933
Iteration:  1438   Dual objective     =             0.018369
Iteration:  1634   Dual objective     =             0.019131
Removing perturbation.
5×3 Matrix{Float64}:
 0.0  0.0  0.0
 0.0  0.0  1.0
 1.0  0.0  0.0
 0.0  1.0  0.0
 0.0  0.0  0.0
3-element Vector{Float64}:
 0.40526513512303813
 0.19061313837852192
 0.3834153689488058
2×7 Matrix{Float64}:
 0.0  0.0  0.0  1.0  1.0  1.0  0.0
 0.0  0.0  0.0  0.0  0.0  0.0  1.0
3-element Vector{Float64}:
 1.0
 1.0
 1.0
5×3 Matrix{Float64}:
 0.0        0.0        0.0
 0.116441   0.116441   0.0
 0.0        0.0        0.0
 0.0128259  0.0128259  0.0
 0.0611596  0.0611596  0.0
3-element Vector{Float64}:
 0.19042650660385357
 0.1904265066038537
 0.0
2×7 Matrix{Float64}:
 0.0  0.0  0.0  0.695716  0.701875  1.0  0.460758
 0.0  0.0  0.0  0.304284  0.298125  0.0  0.539242
3-element Vector{Float64}:
 0.19042650660385357
 0.1904265066038537
 0.0
a: [0.0 0.0 0.0; 0.11644106775403154 0.11644106775403218 0.0; 0.0 0.0 0.0; 0.012825855067917934 0.012825855067918002 0.0; 0.06115958378190412 0.06115958378190356 0.0]
b: [0.19042650660385357, 0.1904265066038537, 0.0]
c: [0.0 0.0 0.0 0.6957164226254784 0.7018747087921275 1.0 0.46075779694285546; 0.0 0.0 0.0 0.3042835773745216 0.29812529120787246 0.0 0.5392422030571445]
d: [0.19042650660385357, 0.1904265066038537, 0.0]
comparison (CRT and Glb)on prediction: Dict{Bool, Int64}(0 => 55, 1 => 70)
Dataname	 time	 objv	 lb	 gap	 train_w	 train_g	 test_w	 test_g
/work_bgfs/n/navarrodelacruz/odt/optimal_decision_tree/augmented_datasets/body/body_553.body	 27.75	 0.019042650660385362	 N/A	 N/A	 90.86	 51.613	 86.4	 52.0
