Running 6 processes.
Start training /work_bgfs/n/navarrodelacruz/odt/optimal_decision_tree/augmented_datasets/body/body_55.body with seed 1.
Any[]
(5, 497)
(5, 248)
(5, 124)
(5, 125)
dimension: 5, class: 2
cart cost: 72.83379446640319
size of X: (5, 372)
Using method: Global linear DT optimization
Version identifier: 20.1.0.0 | 2020-11-10 | 9bedb6d68
CPXPARAM_Threads                                 1
CPXPARAM_TimeLimit                               1728000
Tried aggregator 1 time.
Aggregator did 4 substitutions.
Reduced LP has 4844 rows, 1885 columns, and 28292 nonzeros.
Presolve time = 0.02 sec. (8.74 ticks)
Initializing dual steep norms . . .

Iteration log . . .
Iteration:     1   Dual objective     =             0.000000
Perturbation started.
Iteration:   101   Dual objective     =             0.000000
Iteration:   302   Dual objective     =             0.000044
Iteration:   541   Dual objective     =             0.000100
Iteration:   723   Dual objective     =             0.000143
Iteration:   889   Dual objective     =             0.006413
Iteration:  1093   Dual objective     =             0.017136
Iteration:  1283   Dual objective     =             0.017986
Removing perturbation.
5×3 Matrix{Float64}:
 0.0  0.0  0.0
 0.0  0.0  1.0
 1.0  1.0  0.0
 0.0  0.0  0.0
 0.0  0.0  0.0
3-element Vector{Float64}:
 0.40428644076058484
 0.27403118384485614
 0.37700463624398306
2×7 Matrix{Float64}:
 0.0  0.0  0.0  1.0  1.0  1.0  0.0
 0.0  0.0  0.0  0.0  0.0  0.0  1.0
3-element Vector{Float64}:
 1.0
 1.0
 1.0
5×3 Matrix{Float64}:
 0.0        0.0        0.0
 0.0478086  0.0478086  0.0
 0.0        0.0        0.0
 0.0        0.0        0.0
 0.142919   0.142919   0.0
3-element Vector{Float64}:
 0.19072722430288971
 0.1907272243028897
 0.0
2×7 Matrix{Float64}:
 0.0  0.0  0.0  0.678155  0.667472  1.0  0.488238
 0.0  0.0  0.0  0.321845  0.332528  0.0  0.511762
3-element Vector{Float64}:
 0.1907272243028897
 0.1907272243028897
 0.0
a: [0.0 0.0 0.0; 0.04780862222707444 0.04780862222707462 0.0; 0.0 0.0 0.0; 0.0 0.0 0.0; 0.14291860207581528 0.1429186020758151 0.0]
b: [0.19072722430288971, 0.1907272243028897, 0.0]
c: [0.0 0.0 0.0 0.6781553240615389 0.6674720754882555 1.0 0.4882380722114188; 0.0 0.0 0.0 0.3218446759384611 0.3325279245117445 0.0 0.5117619277885812]
d: [0.1907272243028897, 0.1907272243028897, 0.0]
comparison (CRT and Glb)on prediction: Dict{Bool, Int64}(0 => 58, 1 => 67)
Dataname	 time	 objv	 lb	 gap	 train_w	 train_g	 test_w	 test_g
/work_bgfs/n/navarrodelacruz/odt/optimal_decision_tree/augmented_datasets/body/body_55.body	 32.26	 0.01907272243028897	 N/A	 N/A	 90.054	 50.806	 91.2	 51.2
