Running 6 processes.
Start training /work_bgfs/n/navarrodelacruz/odt/optimal_decision_tree/augmented_datasets/body/body_536.body with seed 1.
Any[]
(5, 497)
(5, 248)
(5, 124)
(5, 125)
dimension: 5, class: 2
cart cost: 70.040625
size of X: (5, 372)
Using method: Global linear DT optimization
Version identifier: 20.1.0.0 | 2020-11-10 | 9bedb6d68
CPXPARAM_Threads                                 1
CPXPARAM_TimeLimit                               1728000
Tried aggregator 1 time.
Aggregator did 4 substitutions.
Reduced LP has 4844 rows, 1885 columns, and 28292 nonzeros.
Presolve time = 0.02 sec. (8.74 ticks)
Initializing dual steep norms . . .

Iteration log . . .
Iteration:     1   Dual objective     =             0.000000
Perturbation started.
Iteration:   101   Dual objective     =             0.000000
Iteration:   285   Dual objective     =             0.000025
Iteration:   421   Dual objective     =             0.000045
Iteration:   689   Dual objective     =             0.000108
Iteration:   841   Dual objective     =             0.000148
Iteration:   993   Dual objective     =             0.000189
Iteration:  1196   Dual objective     =             0.016269
Iteration:  1381   Dual objective     =             0.017437
Iteration:  1574   Dual objective     =             0.019176
Iteration:  1711   Dual objective     =             0.019320
Removing perturbation.
5×3 Matrix{Float64}:
 0.0  0.0  0.0
 0.0  0.0  1.0
 1.0  0.0  0.0
 0.0  1.0  0.0
 0.0  0.0  0.0
3-element Vector{Float64}:
 0.4045196614755501
 0.18269999025507205
 0.35256641109110715
2×7 Matrix{Float64}:
 0.0  0.0  0.0  1.0  1.0  1.0  0.0
 0.0  0.0  0.0  0.0  0.0  0.0  1.0
3-element Vector{Float64}:
 1.0
 1.0
 1.0
5×3 Matrix{Float64}:
 0.0        0.0        0.0
 0.0954713  0.0954713  0.0
 0.0        0.0        0.0
 0.0367869  0.0367869  0.0
 0.0620112  0.0620112  0.0
3-element Vector{Float64}:
 0.1942693658801935
 0.19426936588019356
 0.0
2×7 Matrix{Float64}:
 0.0  0.0  0.0  0.691482  0.693956  1.0  0.464956
 0.0  0.0  0.0  0.308518  0.306044  0.0  0.535044
3-element Vector{Float64}:
 0.1942693658801935
 0.19426936588019356
 0.0
a: [0.0 0.0 0.0; 0.09547128252102025 0.09547128252102027 0.0; 0.0 0.0 0.0; 0.036786908788216485 0.0367869087882165 0.0; 0.062011174570956756 0.0620111745709568 0.0]
b: [0.1942693658801935, 0.19426936588019356, 0.0]
c: [0.0 0.0 0.0 0.6914816236611133 0.6939561264691909 1.0 0.4649556119052123; 0.0 0.0 0.0 0.3085183763388867 0.3060438735308091 0.0 0.5350443880947877]
d: [0.1942693658801935, 0.19426936588019356, 0.0]
comparison (CRT and Glb)on prediction: Dict{Bool, Int64}(0 => 57, 1 => 68)
Dataname	 time	 objv	 lb	 gap	 train_w	 train_g	 test_w	 test_g
/work_bgfs/n/navarrodelacruz/odt/optimal_decision_tree/augmented_datasets/body/body_536.body	 28.19	 0.019426936588019354	 N/A	 N/A	 90.323	 51.613	 90.4	 51.2
