Running 6 processes.
Start training /work_bgfs/n/navarrodelacruz/odt/optimal_decision_tree/augmented_datasets/body/body_360.body with seed 1.
Any[]
(5, 497)
(5, 248)
(5, 124)
(5, 125)
dimension: 5, class: 2
cart cost: 73.12222222222225
size of X: (5, 372)
Using method: Global linear DT optimization
Version identifier: 20.1.0.0 | 2020-11-10 | 9bedb6d68
CPXPARAM_Threads                                 1
CPXPARAM_TimeLimit                               1728000
Tried aggregator 1 time.
Aggregator did 4 substitutions.
Reduced LP has 4844 rows, 1885 columns, and 28288 nonzeros.
Presolve time = 0.02 sec. (8.69 ticks)
Initializing dual steep norms . . .

Iteration log . . .
Iteration:     1   Dual objective     =             0.000000
Perturbation started.
Iteration:   101   Dual objective     =             0.000000
Iteration:   411   Dual objective     =             0.000072
Iteration:   619   Dual objective     =             0.000117
Iteration:   781   Dual objective     =             0.000151
Iteration:   951   Dual objective     =             0.014389
Iteration:  1110   Dual objective     =             0.018066
Iteration:  1281   Dual objective     =             0.018693
Iteration:  1458   Dual objective     =             0.019234
Removing perturbation.
5×3 Matrix{Float64}:
 0.0  0.0  0.0
 0.0  0.0  1.0
 1.0  0.0  0.0
 0.0  1.0  0.0
 0.0  0.0  0.0
3-element Vector{Float64}:
 0.40658228751693426
 0.16739712054777128
 0.377269778596949
2×7 Matrix{Float64}:
 0.0  0.0  0.0  1.0  1.0  1.0  0.0
 0.0  0.0  0.0  0.0  0.0  0.0  1.0
3-element Vector{Float64}:
 1.0
 1.0
 1.0
5×3 Matrix{Float64}:
 0.00703804  0.00703804  0.0
 0.120775    0.120775    0.0
 0.0         0.0         0.0
 0.0         0.0         0.0
 0.0637428   0.0637428   0.0
3-element Vector{Float64}:
 0.19155614153475736
 0.19155614153475733
 0.0
2×7 Matrix{Float64}:
 0.0  0.0  0.0  0.692542  0.696606  1.0  0.457619
 0.0  0.0  0.0  0.307458  0.303394  0.0  0.542381
3-element Vector{Float64}:
 0.19155614153475736
 0.19155614153475733
 0.0
a: [0.00703804121231643 0.007038041212317048 0.0; 0.12077531247739307 0.12077531247739326 0.0; 0.0 0.0 0.0; 0.0 0.0 0.0; 0.06374278784504785 0.06374278784504706 0.0]
b: [0.19155614153475736, 0.19155614153475733, 0.0]
c: [0.0 0.0 0.0 0.6925423817650469 0.6966062149168788 1.0 0.45761875224375803; 0.0 0.0 0.0 0.3074576182349531 0.3033937850831212 0.0 0.542381247756242]
d: [0.19155614153475736, 0.19155614153475733, 0.0]
comparison (CRT and Glb)on prediction: Dict{Bool, Int64}(0 => 61, 1 => 64)
Dataname	 time	 objv	 lb	 gap	 train_w	 train_g	 test_w	 test_g
/work_bgfs/n/navarrodelacruz/odt/optimal_decision_tree/augmented_datasets/body/body_360.body	 31.15	 0.019155614153475737	 N/A	 N/A	 90.054	 50.806	 89.6	 50.4
