Running 6 processes.
Start training /work_bgfs/n/navarrodelacruz/odt/optimal_decision_tree/augmented_datasets/body/body_995.body with seed 1.
Any[]
(5, 497)
(5, 249)
(5, 124)
(5, 124)
dimension: 5, class: 2
cart cost: 62.51862745098035
size of X: (5, 373)
Using method: Global linear DT optimization
Version identifier: 20.1.0.0 | 2020-11-10 | 9bedb6d68
CPXPARAM_Threads                                 1
CPXPARAM_TimeLimit                               1728000
Tried aggregator 1 time.
Aggregator did 4 substitutions.
Reduced LP has 4857 rows, 1890 columns, and 28360 nonzeros.
Presolve time = 0.02 sec. (8.69 ticks)
Initializing dual steep norms . . .

Iteration log . . .
Iteration:     1   Dual objective     =             0.000000
Perturbation started.
Iteration:   101   Dual objective     =             0.000000
Iteration:   292   Dual objective     =             0.000041
Iteration:   555   Dual objective     =             0.000085
Iteration:   723   Dual objective     =             0.000125
Iteration:   891   Dual objective     =             0.000164
Iteration:  1056   Dual objective     =             0.013637
Iteration:  1234   Dual objective     =             0.017521
Iteration:  1380   Dual objective     =             0.018620
Iteration:  1531   Dual objective     =             0.018741
Iteration:  1728   Dual objective     =             0.018951
Iteration:  1887   Dual objective     =             0.019492
Removing perturbation.
5×3 Matrix{Float64}:
 0.0  0.0  0.0
 0.0  0.0  1.0
 1.0  0.0  0.0
 0.0  1.0  0.0
 0.0  0.0  0.0
3-element Vector{Float64}:
 0.40625634894581697
 0.1844419437286156
 0.376754761810919
2×7 Matrix{Float64}:
 0.0  0.0  0.0  1.0  1.0  1.0  0.0
 0.0  0.0  0.0  0.0  0.0  0.0  1.0
3-element Vector{Float64}:
 1.0
 1.0
 1.0
5×3 Matrix{Float64}:
 0.0        0.0        0.0
 0.091479   0.091479   0.0
 0.0        0.0        0.0
 0.0536906  0.0536906  0.0
 0.0487738  0.0487738  0.0
3-element Vector{Float64}:
 0.1939432997958817
 0.19394329979588174
 0.0
2×7 Matrix{Float64}:
 0.0  0.0  0.0  0.69853  0.699723  1.0  0.460714
 0.0  0.0  0.0  0.30147  0.300277  0.0  0.539286
3-element Vector{Float64}:
 0.1939432997958817
 0.19394329979588174
 0.0
a: [0.0 0.0 0.0; 0.09147897410956754 0.09147897410956787 0.0; 0.0 0.0 0.0; 0.05369057474896536 0.05369057474896444 0.0; 0.048773750937348814 0.048773750937349446 0.0]
b: [0.1939432997958817, 0.19394329979588174, 0.0]
c: [0.0 0.0 0.0 0.6985297692673644 0.6997234168916231 1.0 0.46071389222066594; 0.0 0.0 0.0 0.30147023073263557 0.3002765831083769 0.0 0.5392861077793341]
d: [0.1939432997958817, 0.19394329979588174, 0.0]
comparison (CRT and Glb)on prediction: Dict{Bool, Int64}(0 => 53, 1 => 71)
Dataname	 time	 objv	 lb	 gap	 train_w	 train_g	 test_w	 test_g
/work_bgfs/n/navarrodelacruz/odt/optimal_decision_tree/augmented_datasets/body/body_995.body	 27.0	 0.01939432997958817	 N/A	 N/A	 91.421	 51.475	 85.484	 50.806
