Running 6 processes.
Start training /work_bgfs/n/navarrodelacruz/odt/optimal_decision_tree/augmented_datasets/body/body_188.body with seed 1.
Any[]
(5, 497)
(5, 248)
(5, 124)
(5, 125)
dimension: 5, class: 2
cart cost: 81.6890625
size of X: (5, 372)
Using method: Global linear DT optimization
Version identifier: 20.1.0.0 | 2020-11-10 | 9bedb6d68
CPXPARAM_Threads                                 1
CPXPARAM_TimeLimit                               1728000
Tried aggregator 1 time.
Aggregator did 4 substitutions.
Reduced LP has 4844 rows, 1885 columns, and 28292 nonzeros.
Presolve time = 0.01 sec. (8.74 ticks)
Initializing dual steep norms . . .

Iteration log . . .
Iteration:     1   Dual objective     =             0.000000
Perturbation started.
Iteration:   101   Dual objective     =             0.000000
Iteration:   443   Dual objective     =             0.000085
Iteration:   685   Dual objective     =             0.000140
Iteration:   865   Dual objective     =             0.011667
Iteration:  1020   Dual objective     =             0.017685
Iteration:  1234   Dual objective     =             0.018601
Removing perturbation.
5×3 Matrix{Float64}:
 0.0  0.0  0.0
 0.0  0.0  1.0
 1.0  0.0  0.0
 0.0  1.0  0.0
 0.0  0.0  0.0
3-element Vector{Float64}:
 0.40064231443665393
 0.1828188534285377
 0.45123536091134264
2×7 Matrix{Float64}:
 0.0  0.0  0.0  1.0  1.0  1.0  0.0
 0.0  0.0  0.0  0.0  0.0  0.0  1.0
3-element Vector{Float64}:
 1.0
 1.0
 1.0
5×3 Matrix{Float64}:
 0.0        0.0        0.0
 0.0555417  0.0555417  0.0
 0.0        0.0        0.0
 0.0        0.0        0.0
 0.13497    0.13497    0.0
3-element Vector{Float64}:
 0.19051177259338598
 0.19051177259338592
 0.0
2×7 Matrix{Float64}:
 0.0  0.0  0.0  0.686502  0.690471  1.0  0.485262
 0.0  0.0  0.0  0.313498  0.309529  0.0  0.514738
3-element Vector{Float64}:
 0.19051177259338598
 0.19051177259338592
 0.0
a: [0.0 0.0 0.0; 0.05554174530507297 0.05554174530507289 0.0; 0.0 0.0 0.0; 0.0 0.0 0.0; 0.134970027288313 0.13497002728831287 0.0]
b: [0.19051177259338598, 0.19051177259338592, 0.0]
c: [0.0 0.0 0.0 0.686502065337669 0.6904712870145938 1.0 0.485262075261805; 0.0 0.0 0.0 0.313497934662331 0.3095287129854062 0.0 0.514737924738195]
d: [0.19051177259338598, 0.19051177259338592, 0.0]
comparison (CRT and Glb)on prediction: Dict{Bool, Int64}(0 => 47, 1 => 78)
Dataname	 time	 objv	 lb	 gap	 train_w	 train_g	 test_w	 test_g
/work_bgfs/n/navarrodelacruz/odt/optimal_decision_tree/augmented_datasets/body/body_188.body	 27.45	 0.019051177259338598	 N/A	 N/A	 88.71	 51.613	 88.8	 51.2
