Running 6 processes.
Start training /work_bgfs/n/navarrodelacruz/odt/optimal_decision_tree/augmented_datasets/body/body_314.body with seed 1.
Any[]
(5, 497)
(5, 249)
(5, 124)
(5, 124)
dimension: 5, class: 2
cart cost: 71.42519379844958
size of X: (5, 373)
Using method: Global linear DT optimization
Version identifier: 20.1.0.0 | 2020-11-10 | 9bedb6d68
CPXPARAM_Threads                                 1
CPXPARAM_TimeLimit                               1728000
Tried aggregator 1 time.
Aggregator did 4 substitutions.
Reduced LP has 4857 rows, 1890 columns, and 28368 nonzeros.
Presolve time = 0.02 sec. (8.76 ticks)
Initializing dual steep norms . . .

Iteration log . . .
Iteration:     1   Dual objective     =             0.000000
Perturbation started.
Iteration:   101   Dual objective     =             0.000000
Iteration:   250   Dual objective     =             0.000035
Iteration:   488   Dual objective     =             0.000090
Iteration:   699   Dual objective     =             0.000137
Iteration:   890   Dual objective     =             0.016545
Iteration:  1121   Dual objective     =             0.017126
Iteration:  1311   Dual objective     =             0.017497
Iteration:  1507   Dual objective     =             0.019375
Removing perturbation.
5×3 Matrix{Float64}:
 0.0  0.0  0.0
 0.0  0.0  1.0
 1.0  0.0  0.0
 0.0  1.0  0.0
 0.0  0.0  0.0
3-element Vector{Float64}:
 0.40331528078757917
 0.16671159991764123
 0.3650547569282972
2×7 Matrix{Float64}:
 0.0  0.0  0.0  1.0  1.0  1.0  0.0
 0.0  0.0  0.0  0.0  0.0  0.0  1.0
3-element Vector{Float64}:
 1.0
 1.0
 1.0
5×3 Matrix{Float64}:
 0.0         0.0         0.0
 0.102672    0.102672    0.0
 0.0         0.0         0.0
 0.00140462  0.00140462  0.0
 0.0885114   0.0885114   0.0
3-element Vector{Float64}:
 0.19258788017569178
 0.19258788017569178
 0.0
2×7 Matrix{Float64}:
 0.0  0.0  0.0  0.690836  0.673582  1.0  0.48082
 0.0  0.0  0.0  0.309164  0.326418  0.0  0.51918
3-element Vector{Float64}:
 0.19258788017569178
 0.19258788017569178
 0.0
a: [0.0 0.0 0.0; 0.10267191156682996 0.1026719115668303 0.0; 0.0 0.0 0.0; 0.0014046161639929 0.0014046161639930557 0.0; 0.08851135244486892 0.08851135244486842 0.0]
b: [0.19258788017569178, 0.19258788017569178, 0.0]
c: [0.0 0.0 0.0 0.6908358895973012 0.673581837242203 1.0 0.48081954508367764; 0.0 0.0 0.0 0.30916411040269876 0.326418162757797 0.0 0.5191804549163224]
d: [0.19258788017569178, 0.19258788017569178, 0.0]
comparison (CRT and Glb)on prediction: Dict{Bool, Int64}(0 => 55, 1 => 69)
Dataname	 time	 objv	 lb	 gap	 train_w	 train_g	 test_w	 test_g
/work_bgfs/n/navarrodelacruz/odt/optimal_decision_tree/augmented_datasets/body/body_314.body	 30.21	 0.019258788017569174	 N/A	 N/A	 90.08	 51.743	 90.323	 52.419
