Running 6 processes.
Start training /work_bgfs/n/navarrodelacruz/odt/optimal_decision_tree/augmented_datasets/body/body_442.body with seed 1.
Any[]
(5, 497)
(5, 248)
(5, 124)
(5, 125)
dimension: 5, class: 2
cart cost: 63.96712062256812
size of X: (5, 372)
Using method: Global linear DT optimization
Version identifier: 20.1.0.0 | 2020-11-10 | 9bedb6d68
CPXPARAM_Threads                                 1
CPXPARAM_TimeLimit                               1728000
Tried aggregator 1 time.
Aggregator did 4 substitutions.
Reduced LP has 4844 rows, 1885 columns, and 28288 nonzeros.
Presolve time = 0.02 sec. (8.69 ticks)
Initializing dual steep norms . . .

Iteration log . . .
Iteration:     1   Dual objective     =             0.000000
Perturbation started.
Iteration:   101   Dual objective     =             0.000000
Iteration:   258   Dual objective     =             0.000034
Iteration:   447   Dual objective     =             0.000066
Iteration:   676   Dual objective     =             0.000103
Iteration:   809   Dual objective     =             0.000146
Iteration:   988   Dual objective     =             0.000195
Iteration:  1163   Dual objective     =             0.014758
Iteration:  1354   Dual objective     =             0.016343
Iteration:  1577   Dual objective     =             0.016403
Iteration:  1749   Dual objective     =             0.018889
Removing perturbation.
5×3 Matrix{Float64}:
 0.0  0.0  0.0
 0.0  1.0  1.0
 1.0  0.0  0.0
 0.0  0.0  0.0
 0.0  0.0  0.0
3-element Vector{Float64}:
 0.4500969591561391
 0.5529251295894313
 0.3781481412054419
2×7 Matrix{Float64}:
 0.0  0.0  0.0  1.0  0.0  1.0  0.0
 0.0  0.0  0.0  0.0  1.0  0.0  1.0
3-element Vector{Float64}:
 1.0
 1.0
 1.0
5×3 Matrix{Float64}:
 0.0        0.0        0.0
 0.0952397  0.0952397  0.0
 0.0        0.0        0.0
 0.0377248  0.0377248  0.0
 0.0613837  0.0613837  0.0
3-element Vector{Float64}:
 0.19434828012745056
 0.1943482801274506
 0.0
2×7 Matrix{Float64}:
 0.0  0.0  0.0  0.67895  0.668352  1.0  0.464708
 0.0  0.0  0.0  0.32105  0.331648  0.0  0.535292
3-element Vector{Float64}:
 0.19434828012745056
 0.1943482801274506
 0.0
a: [0.0 0.0 0.0; 0.0952397091724897 0.0952397091724895 0.0; 0.0 0.0 0.0; 0.03772484304869602 0.03772484304869539 0.0; 0.06138372790626484 0.06138372790626571 0.0]
b: [0.19434828012745056, 0.1943482801274506, 0.0]
c: [0.0 0.0 0.0 0.6789499161660857 0.6683522738684169 1.0 0.46470783678071137; 0.0 0.0 0.0 0.3210500838339143 0.3316477261315831 0.0 0.5352921632192886]
d: [0.19434828012745056, 0.1943482801274506, 0.0]
comparison (CRT and Glb)on prediction: Dict{Bool, Int64}(0 => 59, 1 => 66)
Dataname	 time	 objv	 lb	 gap	 train_w	 train_g	 test_w	 test_g
/work_bgfs/n/navarrodelacruz/odt/optimal_decision_tree/augmented_datasets/body/body_442.body	 27.24	 0.019434828012745056	 N/A	 N/A	 91.129	 51.613	 89.6	 52.0
