Running 6 processes.
Start training /work_bgfs/n/navarrodelacruz/odt/optimal_decision_tree/augmented_datasets/body/body_355.body with seed 1.
Any[]
(5, 497)
(5, 248)
(5, 124)
(5, 125)
dimension: 5, class: 2
cart cost: 92.84444444444446
size of X: (5, 372)
Using method: Global linear DT optimization
Version identifier: 20.1.0.0 | 2020-11-10 | 9bedb6d68
CPXPARAM_Threads                                 1
CPXPARAM_TimeLimit                               1728000
Tried aggregator 1 time.
Aggregator did 4 substitutions.
Reduced LP has 4844 rows, 1885 columns, and 28288 nonzeros.
Presolve time = 0.02 sec. (8.69 ticks)
Initializing dual steep norms . . .

Iteration log . . .
Iteration:     1   Dual objective     =             0.000000
Perturbation started.
Iteration:   101   Dual objective     =             0.000000
Iteration:   462   Dual objective     =             0.000087
Iteration:   656   Dual objective     =             0.000132
Iteration:   802   Dual objective     =             0.000162
Iteration:   967   Dual objective     =             0.015352
Iteration:  1127   Dual objective     =             0.018799
Iteration:  1272   Dual objective     =             0.018802
Removing perturbation.
5×3 Matrix{Float64}:
 0.0  0.0  0.0
 0.0  0.0  0.0
 1.0  0.0  1.0
 0.0  1.0  0.0
 0.0  0.0  0.0
3-element Vector{Float64}:
 0.40703579362044223
 0.1648958130555347
 0.5850533320054069
2×7 Matrix{Float64}:
 0.0  0.0  0.0  1.0  1.0  0.0  0.0
 0.0  0.0  0.0  0.0  0.0  1.0  1.0
3-element Vector{Float64}:
 1.0
 1.0
 1.0
5×3 Matrix{Float64}:
 0.0         0.0         0.0
 0.0769383   0.0769383   0.0
 0.0         0.0         0.0
 0.112728    0.112728    0.0
 0.00339918  0.00339918  0.0
3-element Vector{Float64}:
 0.19306530250634604
 0.19306530250634596
 0.0
2×7 Matrix{Float64}:
 0.0  0.0  0.0  0.689977  0.705197  1.0  0.444669
 0.0  0.0  0.0  0.310023  0.294803  0.0  0.555331
3-element Vector{Float64}:
 0.19306530250634604
 0.19306530250634596
 0.0
a: [0.0 0.0 0.0; 0.0769383019472021 0.07693830194720143 0.0; 0.0 0.0 0.0; 0.1127278239872926 0.11272782398729347 0.0; 0.003399176571851348 0.003399176571851098 0.0]
b: [0.19306530250634604, 0.19306530250634596, 0.0]
c: [0.0 0.0 0.0 0.6899766098489315 0.7051971921995445 1.0 0.4446688100999263; 0.0 0.0 0.0 0.3100233901510685 0.29480280780045554 0.0 0.5553311899000737]
d: [0.19306530250634604, 0.19306530250634596, 0.0]
comparison (CRT and Glb)on prediction: Dict{Bool, Int64}(0 => 66, 1 => 59)
Dataname	 time	 objv	 lb	 gap	 train_w	 train_g	 test_w	 test_g
/work_bgfs/n/navarrodelacruz/odt/optimal_decision_tree/augmented_datasets/body/body_355.body	 35.58	 0.0193065302506346	 N/A	 N/A	 87.366	 50.806	 85.6	 50.4
