Running 6 processes.
Start training /work_bgfs/n/navarrodelacruz/odt/optimal_decision_tree/augmented_datasets/body/body_659.body with seed 1.
Any[]
(5, 497)
(5, 248)
(5, 124)
(5, 125)
dimension: 5, class: 2
cart cost: 64.97608695652177
size of X: (5, 372)
Using method: Global linear DT optimization
Version identifier: 20.1.0.0 | 2020-11-10 | 9bedb6d68
CPXPARAM_Threads                                 1
CPXPARAM_TimeLimit                               1728000
Tried aggregator 1 time.
Aggregator did 4 substitutions.
Reduced LP has 4844 rows, 1885 columns, and 28292 nonzeros.
Presolve time = 0.02 sec. (8.74 ticks)
Initializing dual steep norms . . .

Iteration log . . .
Iteration:     1   Dual objective     =             0.000000
Perturbation started.
Iteration:   101   Dual objective     =             0.000000
Iteration:   355   Dual objective     =             0.000061
Iteration:   583   Dual objective     =             0.000113
Iteration:   767   Dual objective     =             0.000153
Iteration:   946   Dual objective     =             0.016924
Iteration:  1188   Dual objective     =             0.017483
Iteration:  1350   Dual objective     =             0.019482
Removing perturbation.
5×3 Matrix{Float64}:
 0.0  0.0  0.0
 0.0  0.0  1.0
 1.0  0.0  0.0
 0.0  1.0  0.0
 0.0  0.0  0.0
3-element Vector{Float64}:
 0.3966324226906326
 0.18168527393171952
 0.3824810224455336
2×7 Matrix{Float64}:
 0.0  0.0  0.0  1.0  1.0  1.0  0.0
 0.0  0.0  0.0  0.0  0.0  0.0  1.0
3-element Vector{Float64}:
 1.0
 1.0
 1.0
5×3 Matrix{Float64}:
 0.0        0.0        0.0
 0.095204   0.095204   0.0
 0.0        0.0        0.0
 0.0370973  0.0370973  0.0
 0.0617942  0.0617942  0.0
3-element Vector{Float64}:
 0.1940954476017847
 0.19409544760178477
 0.0
2×7 Matrix{Float64}:
 0.0  0.0  0.0  0.688026  0.697057  1.0  0.465098
 0.0  0.0  0.0  0.311974  0.302943  0.0  0.534902
3-element Vector{Float64}:
 0.1940954476017847
 0.19409544760178477
 0.0
a: [0.0 0.0 0.0; 0.09520397019582814 0.0952039701958282 0.0; 0.0 0.0 0.0; 0.03709726446478792 0.03709726446478791 0.0; 0.061794212941168644 0.061794212941168644 0.0]
b: [0.1940954476017847, 0.19409544760178477, 0.0]
c: [0.0 0.0 0.0 0.6880264421715581 0.6970569068588912 1.0 0.4650979191320832; 0.0 0.0 0.0 0.31197355782844194 0.3029430931411088 0.0 0.5349020808679168]
d: [0.1940954476017847, 0.19409544760178477, 0.0]
comparison (CRT and Glb)on prediction: Dict{Bool, Int64}(0 => 58, 1 => 67)
Dataname	 time	 objv	 lb	 gap	 train_w	 train_g	 test_w	 test_g
/work_bgfs/n/navarrodelacruz/odt/optimal_decision_tree/augmented_datasets/body/body_659.body	 28.82	 0.019409544760178466	 N/A	 N/A	 91.129	 50.806	 88.0	 51.2
