Running 6 processes.
Start training /work_bgfs/n/navarrodelacruz/odt/optimal_decision_tree/augmented_datasets/body/body_112.body with seed 1.
Any[]
(5, 497)
(5, 248)
(5, 124)
(5, 125)
dimension: 5, class: 2
cart cost: 73.9234375
size of X: (5, 372)
Using method: Global linear DT optimization
Version identifier: 20.1.0.0 | 2020-11-10 | 9bedb6d68
CPXPARAM_Threads                                 1
CPXPARAM_TimeLimit                               1728000
Tried aggregator 1 time.
Aggregator did 4 substitutions.
Reduced LP has 4844 rows, 1885 columns, and 28296 nonzeros.
Presolve time = 0.02 sec. (8.81 ticks)
Initializing dual steep norms . . .

Iteration log . . .
Iteration:     1   Dual objective     =             0.000000
Perturbation started.
Iteration:   101   Dual objective     =             0.000000
Iteration:   451   Dual objective     =             0.000089
Iteration:   625   Dual objective     =             0.000127
Iteration:   802   Dual objective     =             0.009394
Iteration:   996   Dual objective     =             0.016715
Iteration:  1176   Dual objective     =             0.018380
Iteration:  1354   Dual objective     =             0.019022
Removing perturbation.
5×3 Matrix{Float64}:
 0.0  0.0  0.0
 0.0  1.0  1.0
 0.0  0.0  0.0
 1.0  0.0  0.0
 0.0  0.0  0.0
3-element Vector{Float64}:
 0.26796639051838944
 0.517805043093255
 0.460119557385926
2×7 Matrix{Float64}:
 0.0  0.0  0.0  1.0  1.0  1.0  0.0
 0.0  0.0  0.0  0.0  0.0  0.0  1.0
3-element Vector{Float64}:
 1.0
 1.0
 1.0
5×3 Matrix{Float64}:
 0.0        0.0        0.0
 0.0950686  0.0950686  0.0
 0.0        0.0        0.0
 0.0372818  0.0372818  0.0
 0.0617663  0.0617663  0.0
3-element Vector{Float64}:
 0.19411672495223187
 0.1941167249522319
 0.0
2×7 Matrix{Float64}:
 0.0  0.0  0.0  0.689772  0.698391  1.0  0.465026
 0.0  0.0  0.0  0.310228  0.301609  0.0  0.534974
3-element Vector{Float64}:
 0.19411672495223187
 0.1941167249522319
 0.0
a: [0.0 0.0 0.0; 0.09506859530668946 0.09506859530668949 0.0; 0.0 0.0 0.0; 0.037281819827676074 0.03728181982767603 0.0; 0.061766309817866336 0.06176630981786636 0.0]
b: [0.19411672495223187, 0.1941167249522319, 0.0]
c: [0.0 0.0 0.0 0.689771659062885 0.6983912660827541 1.0 0.4650261513520889; 0.0 0.0 0.0 0.31022834093711504 0.30160873391724585 0.0 0.5349738486479111]
d: [0.19411672495223187, 0.1941167249522319, 0.0]
comparison (CRT and Glb)on prediction: Dict{Bool, Int64}(0 => 43, 1 => 82)
Dataname	 time	 objv	 lb	 gap	 train_w	 train_g	 test_w	 test_g
/work_bgfs/n/navarrodelacruz/odt/optimal_decision_tree/augmented_datasets/body/body_112.body	 27.49	 0.019411672495223194	 N/A	 N/A	 89.785	 51.613	 80.8	 51.2
