Running 6 processes.
Start training /work_bgfs/n/navarrodelacruz/odt/optimal_decision_tree/augmented_datasets/body/body_751.body with seed 1.
Any[]
(5, 497)
(5, 248)
(5, 124)
(5, 125)
dimension: 5, class: 2
cart cost: 89.10719844357979
size of X: (5, 372)
Using method: Global linear DT optimization
Version identifier: 20.1.0.0 | 2020-11-10 | 9bedb6d68
CPXPARAM_Threads                                 1
CPXPARAM_TimeLimit                               1728000
Tried aggregator 1 time.
Aggregator did 4 substitutions.
Reduced LP has 4844 rows, 1885 columns, and 28292 nonzeros.
Presolve time = 0.02 sec. (8.74 ticks)
Initializing dual steep norms . . .

Iteration log . . .
Iteration:     1   Dual objective     =             0.000000
Perturbation started.
Iteration:   101   Dual objective     =             0.000000
Iteration:   339   Dual objective     =             0.000033
Iteration:   559   Dual objective     =             0.000065
Iteration:   699   Dual objective     =             0.000097
Iteration:   852   Dual objective     =             0.000144
Iteration:   987   Dual objective     =             0.000188
Iteration:  1178   Dual objective     =             0.016411
Iteration:  1345   Dual objective     =             0.016829
Iteration:  1573   Dual objective     =             0.016897
Iteration:  1759   Dual objective     =             0.019187
Removing perturbation.
5×3 Matrix{Float64}:
 0.0  0.0  0.0
 0.0  0.0  1.0
 1.0  0.0  0.0
 0.0  1.0  0.0
 0.0  0.0  0.0
3-element Vector{Float64}:
 0.4983482165518892
 0.27332495104429455
 0.44828546149308013
2×7 Matrix{Float64}:
 0.0  0.0  0.0  1.0  1.0  0.0  0.0
 0.0  0.0  0.0  0.0  0.0  1.0  1.0
3-element Vector{Float64}:
 1.0
 1.0
 1.0
5×3 Matrix{Float64}:
 0.0        0.0        0.0
 0.102035   0.102035   0.0
 0.0258411  0.0258411  0.0
 0.0411358  0.0411358  0.0
 0.0225655  0.0225655  0.0
3-element Vector{Float64}:
 0.19157764401606603
 0.1915776440160659
 0.0
2×7 Matrix{Float64}:
 0.0  0.0  0.0  0.69409  0.718766  1.0  0.446232
 0.0  0.0  0.0  0.30591  0.281234  0.0  0.553768
3-element Vector{Float64}:
 0.191577644016066
 0.19157764401606608
 0.0
a: [0.0 0.0 0.0; 0.10203528232791262 0.10203528232791262 0.0; 0.025841108707888222 0.025841108707888256 0.0; 0.041135774593912176 0.041135774593912405 0.0; 0.02256547838635302 0.02256547838635278 0.0]
b: [0.19157764401606603, 0.1915776440160659, 0.0]
c: [0.0 0.0 0.0 0.6940899060416541 0.7187660971619998 1.0 0.44623160629803926; 0.0 0.0 0.0 0.3059100939583459 0.2812339028380002 0.0 0.5537683937019607]
d: [0.191577644016066, 0.19157764401606608, 0.0]
comparison (CRT and Glb)on prediction: Dict{Bool, Int64}(0 => 46, 1 => 79)
Dataname	 time	 objv	 lb	 gap	 train_w	 train_g	 test_w	 test_g
/work_bgfs/n/navarrodelacruz/odt/optimal_decision_tree/augmented_datasets/body/body_751.body	 32.52	 0.019157764401606603	 N/A	 N/A	 87.634	 51.613	 79.2	 52.0
