Running 6 processes.
Start training /work_bgfs/n/navarrodelacruz/odt/optimal_decision_tree/augmented_datasets/body/body_742.body with seed 1.
Any[]
(5, 497)
(5, 249)
(5, 124)
(5, 124)
dimension: 5, class: 2
cart cost: 71.42519379844958
size of X: (5, 373)
Using method: Global linear DT optimization
Version identifier: 20.1.0.0 | 2020-11-10 | 9bedb6d68
CPXPARAM_Threads                                 1
CPXPARAM_TimeLimit                               1728000
Tried aggregator 1 time.
Aggregator did 4 substitutions.
Reduced LP has 4857 rows, 1890 columns, and 28360 nonzeros.
Presolve time = 0.02 sec. (8.69 ticks)
Initializing dual steep norms . . .

Iteration log . . .
Iteration:     1   Dual objective     =             0.000000
Perturbation started.
Iteration:   101   Dual objective     =             0.000000
Iteration:   295   Dual objective     =             0.000045
Iteration:   566   Dual objective     =             0.000113
Iteration:   714   Dual objective     =             0.000145
Iteration:   892   Dual objective     =             0.012528
Iteration:  1070   Dual objective     =             0.017078
Iteration:  1227   Dual objective     =             0.018894
Iteration:  1386   Dual objective     =             0.019025
Iteration:  1574   Dual objective     =             0.019257
Removing perturbation.
5×3 Matrix{Float64}:
 0.0  0.0  0.0
 0.0  1.0  1.0
 1.0  0.0  0.0
 0.0  0.0  0.0
 0.0  0.0  0.0
3-element Vector{Float64}:
 0.4051295345620608
 0.5269892955829354
 0.3827044980358091
2×7 Matrix{Float64}:
 0.0  0.0  0.0  1.0  1.0  1.0  0.0
 0.0  0.0  0.0  0.0  0.0  0.0  1.0
3-element Vector{Float64}:
 1.0
 1.0
 1.0
5×3 Matrix{Float64}:
 0.00480918  0.00480918  0.0
 0.0984008   0.0984008   0.0
 0.0621887   0.0621887   0.0
 0.0260893   0.0260893   0.0
 0.0         0.0         0.0
3-element Vector{Float64}:
 0.1914879387783519
 0.1914879387783519
 0.0
2×7 Matrix{Float64}:
 0.0  0.0  0.0  0.71109  0.721728  1.0  0.439828
 0.0  0.0  0.0  0.28891  0.278272  0.0  0.560172
3-element Vector{Float64}:
 0.1914879387783519
 0.1914879387783519
 0.0
a: [0.004809184060573235 0.004809184060573495 0.0; 0.09840078499738336 0.09840078499738322 0.0; 0.062188656016722514 0.06218865601672251 0.0; 0.026089313703672786 0.026089313703672682 0.0; 0.0 0.0 0.0]
b: [0.1914879387783519, 0.1914879387783519, 0.0]
c: [0.0 0.0 0.0 0.711089945244194 0.721727577694033 1.0 0.4398281384703916; 0.0 0.0 0.0 0.288910054755806 0.27827242230596705 0.0 0.5601718615296084]
d: [0.1914879387783519, 0.1914879387783519, 0.0]
comparison (CRT and Glb)on prediction: Dict{Bool, Int64}(0 => 55, 1 => 69)
Dataname	 time	 objv	 lb	 gap	 train_w	 train_g	 test_w	 test_g
/work_bgfs/n/navarrodelacruz/odt/optimal_decision_tree/augmented_datasets/body/body_742.body	 30.07	 0.019148793877835187	 N/A	 N/A	 90.08	 51.743	 88.71	 52.419
