Running 6 processes.
Start training /work_bgfs/n/navarrodelacruz/odt/optimal_decision_tree/augmented_datasets/body/body_681.body with seed 1.
Any[]
(5, 497)
(5, 249)
(5, 125)
(5, 123)
dimension: 5, class: 2
cart cost: 66.67755905511812
size of X: (5, 374)
Using method: Global linear DT optimization
Version identifier: 20.1.0.0 | 2020-11-10 | 9bedb6d68
CPXPARAM_Threads                                 1
CPXPARAM_TimeLimit                               1728000
Tried aggregator 1 time.
Aggregator did 4 substitutions.
Reduced LP has 4870 rows, 1895 columns, and 28444 nonzeros.
Presolve time = 0.02 sec. (8.79 ticks)
Initializing dual steep norms . . .

Iteration log . . .
Iteration:     1   Dual objective     =             0.000000
Perturbation started.
Iteration:   101   Dual objective     =             0.000000
Iteration:   291   Dual objective     =             0.000029
Iteration:   464   Dual objective     =             0.000046
Iteration:   648   Dual objective     =             0.000081
Iteration:   794   Dual objective     =             0.000126
Iteration:   930   Dual objective     =             0.000173
Iteration:  1132   Dual objective     =             0.007362
Iteration:  1378   Dual objective     =             0.015439
Iteration:  1541   Dual objective     =             0.016953
Iteration:  1723   Dual objective     =             0.017426
Iteration:  1936   Dual objective     =             0.018235
Iteration:  2140   Dual objective     =             0.018761
Removing perturbation.
5×3 Matrix{Float64}:
 0.0  0.0  0.0
 0.0  0.0  1.0
 1.0  0.0  0.0
 0.0  1.0  0.0
 0.0  0.0  0.0
3-element Vector{Float64}:
 0.39600496743294533
 0.1797826019048085
 0.35220670194217896
2×7 Matrix{Float64}:
 0.0  0.0  0.0  1.0  1.0  1.0  0.0
 0.0  0.0  0.0  0.0  0.0  0.0  1.0
3-element Vector{Float64}:
 1.0
 1.0
 1.0
5×3 Matrix{Float64}:
 0.00733444  0.00733444  0.0
 0.120927    0.120927    0.0
 0.0         0.0         0.0
 0.0         0.0         0.0
 0.0634477   0.0634477   0.0
3-element Vector{Float64}:
 0.19170956229985442
 0.1917095622998544
 0.0
2×7 Matrix{Float64}:
 0.0  0.0  0.0  0.688823  0.691034  1.0  0.457427
 0.0  0.0  0.0  0.311177  0.308966  0.0  0.542573
3-element Vector{Float64}:
 0.19170956229985442
 0.1917095622998544
 0.0
a: [0.007334437024008288 0.007334437024008433 0.0; 0.12092739727726429 0.12092739727726429 0.0; 0.0 0.0 0.0; 0.0 0.0 0.0; 0.06344772799858185 0.0634477279985817 0.0]
b: [0.19170956229985442, 0.1917095622998544, 0.0]
c: [0.0 0.0 0.0 0.6888230119154817 0.6910340763823646 1.0 0.4574265715238446; 0.0 0.0 0.0 0.3111769880845183 0.3089659236176354 0.0 0.5425734284761554]
d: [0.19170956229985442, 0.1917095622998544, 0.0]
comparison (CRT and Glb)on prediction: Dict{Bool, Int64}(0 => 60, 1 => 63)
Dataname	 time	 objv	 lb	 gap	 train_w	 train_g	 test_w	 test_g
/work_bgfs/n/navarrodelacruz/odt/optimal_decision_tree/augmented_datasets/body/body_681.body	 28.27	 0.019170956229985443	 N/A	 N/A	 90.909	 51.07	 90.244	 51.22
