Running 6 processes.
Start training /work_bgfs/n/navarrodelacruz/odt/optimal_decision_tree/augmented_datasets/body/body_181.body with seed 1.
Any[]
(5, 497)
(5, 248)
(5, 124)
(5, 125)
dimension: 5, class: 2
cart cost: 72.83379446640319
size of X: (5, 372)
Using method: Global linear DT optimization
Version identifier: 20.1.0.0 | 2020-11-10 | 9bedb6d68
CPXPARAM_Threads                                 1
CPXPARAM_TimeLimit                               1728000
Tried aggregator 1 time.
Aggregator did 4 substitutions.
Reduced LP has 4844 rows, 1885 columns, and 28284 nonzeros.
Presolve time = 0.02 sec. (8.67 ticks)
Initializing dual steep norms . . .

Iteration log . . .
Iteration:     1   Dual objective     =             0.000000
Perturbation started.
Iteration:   101   Dual objective     =             0.000000
Iteration:   474   Dual objective     =             0.000090
Iteration:   674   Dual objective     =             0.000137
Iteration:   876   Dual objective     =             0.015512
Iteration:  1044   Dual objective     =             0.017159
Iteration:  1226   Dual objective     =             0.018287
Removing perturbation.
5×3 Matrix{Float64}:
 0.0  0.0  0.0
 0.0  0.0  1.0
 1.0  0.0  0.0
 0.0  1.0  0.0
 0.0  0.0  0.0
3-element Vector{Float64}:
 0.40573697828246724
 0.1829870388203652
 0.35258163254860636
2×7 Matrix{Float64}:
 0.0  0.0  0.0  1.0  1.0  1.0  0.0
 0.0  0.0  0.0  0.0  0.0  0.0  1.0
3-element Vector{Float64}:
 1.0
 1.0
 1.0
5×3 Matrix{Float64}:
 0.0         0.0         0.0
 0.0770212   0.0770212   0.0
 0.0         0.0         0.0
 0.112751    0.112751    0.0
 0.00322722  0.00322722  0.0
3-element Vector{Float64}:
 0.19299968829944028
 0.19299968829944025
 0.0
2×7 Matrix{Float64}:
 0.0  0.0  0.0  0.690053  0.682117  1.0  0.44465
 0.0  0.0  0.0  0.309947  0.317883  0.0  0.55535
3-element Vector{Float64}:
 0.19299968829944028
 0.19299968829944025
 0.0
a: [0.0 0.0 0.0; 0.07702122673936758 0.0770212267393683 0.0; 0.0 0.0 0.0; 0.11275124069684268 0.11275124069684123 0.0; 0.003227220863230032 0.003227220863230733 0.0]
b: [0.19299968829944028, 0.19299968829944025, 0.0]
c: [0.0 0.0 0.0 0.6900527899751132 0.6821168275291523 1.0 0.44465009852494775; 0.0 0.0 0.0 0.3099472100248868 0.31788317247084774 0.0 0.5553499014750523]
d: [0.19299968829944028, 0.19299968829944025, 0.0]
comparison (CRT and Glb)on prediction: Dict{Bool, Int64}(0 => 58, 1 => 67)
Dataname	 time	 objv	 lb	 gap	 train_w	 train_g	 test_w	 test_g
/work_bgfs/n/navarrodelacruz/odt/optimal_decision_tree/augmented_datasets/body/body_181.body	 27.29	 0.019299968829944038	 N/A	 N/A	 90.054	 50.806	 92.8	 51.2
