Running 6 processes.
Start training /work_bgfs/n/navarrodelacruz/odt/optimal_decision_tree/augmented_datasets/body/body_332.body with seed 1.
Any[]
(5, 497)
(5, 249)
(5, 125)
(5, 123)
dimension: 5, class: 2
cart cost: 74.50433070866139
size of X: (5, 374)
Using method: Global linear DT optimization
Version identifier: 20.1.0.0 | 2020-11-10 | 9bedb6d68
CPXPARAM_Threads                                 1
CPXPARAM_TimeLimit                               1728000
Tried aggregator 1 time.
Aggregator did 4 substitutions.
Reduced LP has 4870 rows, 1895 columns, and 28448 nonzeros.
Presolve time = 0.02 sec. (8.86 ticks)
Initializing dual steep norms . . .

Iteration log . . .
Iteration:     1   Dual objective     =             0.000000
Perturbation started.
Iteration:   101   Dual objective     =             0.000000
Iteration:   458   Dual objective     =             0.000083
Iteration:   641   Dual objective     =             0.000129
Iteration:   819   Dual objective     =             0.000172
Iteration:   991   Dual objective     =             0.017984
Iteration:  1148   Dual objective     =             0.019242
Iteration:  1280   Dual objective     =             0.019245
Removing perturbation.
5×3 Matrix{Float64}:
 0.0  0.0  0.0
 0.0  0.0  1.0
 1.0  0.0  0.0
 0.0  1.0  0.0
 0.0  0.0  0.0
3-element Vector{Float64}:
 0.40413051712673675
 0.18298653901012646
 0.377560627906971
2×7 Matrix{Float64}:
 0.0  0.0  0.0  1.0  1.0  1.0  0.0
 0.0  0.0  0.0  0.0  0.0  0.0  1.0
3-element Vector{Float64}:
 1.0
 1.0
 1.0
5×3 Matrix{Float64}:
 0.0         0.0         0.0
 0.0768091   0.0768091   0.0
 0.0         0.0         0.0
 0.113525    0.113525    0.0
 0.00282654  0.00282654  0.0
3-element Vector{Float64}:
 0.19316110733262018
 0.19316110733262026
 0.0
2×7 Matrix{Float64}:
 0.0  0.0  0.0  0.691164  0.685971  1.0  0.444229
 0.0  0.0  0.0  0.308836  0.314029  0.0  0.555771
3-element Vector{Float64}:
 0.1931611073326202
 0.1931611073326202
 0.0
a: [0.0 0.0 0.0; 0.07680911176551455 0.07680911176551464 0.0; 0.0 0.0 0.0; 0.11352545263137878 0.11352545263137936 0.0; 0.0028265429357268385 0.002826542935726359 0.0]
b: [0.19316110733262018, 0.19316110733262026, 0.0]
c: [0.0 0.0 0.0 0.6911643544162684 0.6859712693487114 1.0 0.4442292075786922; 0.0 0.0 0.0 0.30883564558373156 0.31402873065128856 0.0 0.5557707924213078]
d: [0.1931611073326202, 0.1931611073326202, 0.0]
comparison (CRT and Glb)on prediction: Dict{Bool, Int64}(0 => 61, 1 => 62)
Dataname	 time	 objv	 lb	 gap	 train_w	 train_g	 test_w	 test_g
/work_bgfs/n/navarrodelacruz/odt/optimal_decision_tree/augmented_datasets/body/body_332.body	 29.51	 0.019316110733262018	 N/A	 N/A	 89.84	 51.07	 91.057	 51.22
