Running 6 processes.
Start training /work_bgfs/n/navarrodelacruz/odt/optimal_decision_tree/augmented_datasets/body/body_772.body with seed 1.
Any[]
(5, 497)
(5, 249)
(5, 124)
(5, 124)
dimension: 5, class: 2
cart cost: 76.16176470588233
size of X: (5, 373)
Using method: Global linear DT optimization
Version identifier: 20.1.0.0 | 2020-11-10 | 9bedb6d68
CPXPARAM_Threads                                 1
CPXPARAM_TimeLimit                               1728000
Tried aggregator 1 time.
Aggregator did 4 substitutions.
Reduced LP has 4857 rows, 1890 columns, and 28368 nonzeros.
Presolve time = 0.02 sec. (8.76 ticks)
Initializing dual steep norms . . .

Iteration log . . .
Iteration:     1   Dual objective     =             0.000000
Perturbation started.
Iteration:   101   Dual objective     =             0.000000
Iteration:   465   Dual objective     =             0.000092
Iteration:   741   Dual objective     =             0.000150
Iteration:   967   Dual objective     =             0.016389
Iteration:  1112   Dual objective     =             0.018281
Iteration:  1261   Dual objective     =             0.019037
Iteration:  1461   Dual objective     =             0.019508
Removing perturbation.
5×3 Matrix{Float64}:
 0.0  0.0  0.0
 0.0  0.0  1.0
 1.0  0.0  0.0
 0.0  1.0  0.0
 0.0  0.0  0.0
3-element Vector{Float64}:
 0.4034055732404136
 0.1817698096249732
 0.3771319143413968
2×7 Matrix{Float64}:
 0.0  0.0  0.0  1.0  1.0  1.0  0.0
 0.0  0.0  0.0  0.0  0.0  0.0  1.0
3-element Vector{Float64}:
 1.0
 1.0
 1.0
5×3 Matrix{Float64}:
 0.0        0.0        0.0
 0.0951506  0.0951506  0.0
 0.0        0.0        0.0
 0.0376598  0.0376598  0.0
 0.0615162  0.0615162  0.0
3-element Vector{Float64}:
 0.19432649115985973
 0.19432649115985978
 0.0
2×7 Matrix{Float64}:
 0.0  0.0  0.0  0.690622  0.699777  1.0  0.464946
 0.0  0.0  0.0  0.309378  0.300223  0.0  0.535054
3-element Vector{Float64}:
 0.19432649115985973
 0.19432649115985978
 0.0
a: [0.0 0.0 0.0; 0.09515056452962817 0.09515056452962804 0.0; 0.0 0.0 0.0; 0.037659769361610085 0.03765976936160972 0.0; 0.06151615726862148 0.061516157268622015 0.0]
b: [0.19432649115985973, 0.19432649115985978, 0.0]
c: [0.0 0.0 0.0 0.6906223224278405 0.6997773590273353 1.0 0.46494587598913917; 0.0 0.0 0.0 0.3093776775721595 0.3002226409726647 0.0 0.5350541240108608]
d: [0.19432649115985973, 0.19432649115985978, 0.0]
comparison (CRT and Glb)on prediction: Dict{Bool, Int64}(0 => 56, 1 => 68)
Dataname	 time	 objv	 lb	 gap	 train_w	 train_g	 test_w	 test_g
/work_bgfs/n/navarrodelacruz/odt/optimal_decision_tree/augmented_datasets/body/body_772.body	 28.43	 0.019432649115985978	 N/A	 N/A	 89.544	 51.475	 92.742	 50.806
