Running 6 processes.
Start training /work_bgfs/n/navarrodelacruz/odt/optimal_decision_tree/augmented_datasets/body/body_765.body with seed 1.
Any[]
(5, 497)
(5, 249)
(5, 124)
(5, 124)
dimension: 5, class: 2
cart cost: 93.70294117647059
size of X: (5, 373)
Using method: Global linear DT optimization
Version identifier: 20.1.0.0 | 2020-11-10 | 9bedb6d68
CPXPARAM_Threads                                 1
CPXPARAM_TimeLimit                               1728000
Tried aggregator 1 time.
Aggregator did 4 substitutions.
Reduced LP has 4857 rows, 1890 columns, and 28372 nonzeros.
Presolve time = 0.02 sec. (8.83 ticks)
Initializing dual steep norms . . .

Iteration log . . .
Iteration:     1   Dual objective     =             0.000000
Perturbation started.
Iteration:   101   Dual objective     =             0.000000
Iteration:   226   Dual objective     =             0.000031
Iteration:   510   Dual objective     =             0.000087
Iteration:   706   Dual objective     =             0.000140
Iteration:   901   Dual objective     =             0.014357
Iteration:  1128   Dual objective     =             0.017650
Iteration:  1357   Dual objective     =             0.017888
Removing perturbation.
5×3 Matrix{Float64}:
 0.0  0.0  0.0
 0.0  0.0  0.0
 1.0  0.0  1.0
 0.0  1.0  0.0
 0.0  0.0  0.0
3-element Vector{Float64}:
 0.40487851600687214
 0.1836142166690583
 0.5722571528060973
2×7 Matrix{Float64}:
 0.0  0.0  0.0  1.0  1.0  0.0  0.0
 0.0  0.0  0.0  0.0  0.0  1.0  1.0
3-element Vector{Float64}:
 1.0
 1.0
 1.0
5×3 Matrix{Float64}:
 0.0        0.0        0.0
 0.0772561  0.0772561  0.0
 0.0        0.0        0.0
 0.112071   0.112071   0.0
 0.0037227  0.0037227  0.0
3-element Vector{Float64}:
 0.19304998003176843
 0.19304998003176843
 0.0
2×7 Matrix{Float64}:
 0.0  0.0  0.0  0.692954  0.671434  1.0  0.444785
 0.0  0.0  0.0  0.307046  0.328566  0.0  0.555215
3-element Vector{Float64}:
 0.1930499800317684
 0.19304998003176843
 0.0
a: [0.0 0.0 0.0; 0.07725609985851614 0.07725609985851631 0.0; 0.0 0.0 0.0; 0.11207117949555512 0.11207117949555473 0.0; 0.0037227006776971577 0.0037227006776973937 0.0]
b: [0.19304998003176843, 0.19304998003176843, 0.0]
c: [0.0 0.0 0.0 0.6929539750066792 0.6714337786589255 1.0 0.44478519713593867; 0.0 0.0 0.0 0.3070460249933208 0.3285662213410745 0.0 0.5552148028640613]
d: [0.1930499800317684, 0.19304998003176843, 0.0]
comparison (CRT and Glb)on prediction: Dict{Bool, Int64}(0 => 65, 1 => 59)
Dataname	 time	 objv	 lb	 gap	 train_w	 train_g	 test_w	 test_g
/work_bgfs/n/navarrodelacruz/odt/optimal_decision_tree/augmented_datasets/body/body_765.body	 27.29	 0.019304998003176845	 N/A	 N/A	 87.131	 51.475	 87.097	 50.806
