Running 6 processes.
Start training /work_bgfs/n/navarrodelacruz/odt/optimal_decision_tree/augmented_datasets/body/body_171.body with seed 1.
Any[]
(5, 497)
(5, 248)
(5, 124)
(5, 125)
dimension: 5, class: 2
cart cost: 77.50408560311287
size of X: (5, 372)
Using method: Global linear DT optimization
Version identifier: 20.1.0.0 | 2020-11-10 | 9bedb6d68
CPXPARAM_Threads                                 1
CPXPARAM_TimeLimit                               1728000
Tried aggregator 1 time.
Aggregator did 4 substitutions.
Reduced LP has 4844 rows, 1885 columns, and 28288 nonzeros.
Presolve time = 0.02 sec. (8.69 ticks)
Initializing dual steep norms . . .

Iteration log . . .
Iteration:     1   Dual objective     =             0.000000
Perturbation started.
Iteration:   101   Dual objective     =             0.000000
Iteration:   455   Dual objective     =             0.000082
Iteration:   653   Dual objective     =             0.000128
Iteration:   806   Dual objective     =             0.006825
Iteration:  1032   Dual objective     =             0.017035
Iteration:  1207   Dual objective     =             0.017949
Iteration:  1363   Dual objective     =             0.019197
Iteration:  1524   Dual objective     =             0.019253
Removing perturbation.
5×3 Matrix{Float64}:
 0.0  0.0  0.0
 0.0  0.0  1.0
 1.0  0.0  0.0
 0.0  1.0  0.0
 0.0  0.0  0.0
3-element Vector{Float64}:
 0.4007988117236291
 0.26889369792176243
 0.45077918952956614
2×7 Matrix{Float64}:
 0.0  0.0  0.0  1.0  1.0  1.0  0.0
 0.0  0.0  0.0  0.0  0.0  0.0  1.0
3-element Vector{Float64}:
 1.0
 1.0
 1.0
5×3 Matrix{Float64}:
 0.0139892  0.0139892  0.0
 0.109309   0.109309   0.0
 0.0        0.0        0.0
 0.0396599  0.0396599  0.0
 0.0285134  0.0285134  0.0
3-element Vector{Float64}:
 0.1914713990479468
 0.19147139904794674
 0.0
2×7 Matrix{Float64}:
 0.0  0.0  0.0  0.697578  0.710003  1.0  0.446445
 0.0  0.0  0.0  0.302422  0.289997  0.0  0.553555
3-element Vector{Float64}:
 0.1914713990479468
 0.19147139904794674
 0.0
a: [0.013989205434666328 0.013989205434666169 0.0; 0.10930889531989998 0.10930889531990062 0.0; 0.0 0.0 0.0; 0.03965991322712478 0.039659913227123866 0.0; 0.028513385066255722 0.028513385066256086 0.0]
b: [0.1914713990479468, 0.19147139904794674, 0.0]
c: [0.0 0.0 0.0 0.6975783045313074 0.7100028541200049 1.0 0.44644521871622833; 0.0 0.0 0.0 0.3024216954686926 0.28999714587999514 0.0 0.5535547812837717]
d: [0.1914713990479468, 0.19147139904794674, 0.0]
comparison (CRT and Glb)on prediction: Dict{Bool, Int64}(0 => 48, 1 => 77)
Dataname	 time	 objv	 lb	 gap	 train_w	 train_g	 test_w	 test_g
/work_bgfs/n/navarrodelacruz/odt/optimal_decision_tree/augmented_datasets/body/body_171.body	 27.27	 0.019147139904794698	 N/A	 N/A	 89.247	 51.613	 85.6	 52.0
