Running 6 processes.
Start training /work_bgfs/n/navarrodelacruz/odt/optimal_decision_tree/augmented_datasets/body/body_646.body with seed 1.
Any[]
(5, 497)
(5, 248)
(5, 124)
(5, 125)
dimension: 5, class: 2
cart cost: 63.01166007905141
size of X: (5, 372)
Using method: Global linear DT optimization
Version identifier: 20.1.0.0 | 2020-11-10 | 9bedb6d68
CPXPARAM_Threads                                 1
CPXPARAM_TimeLimit                               1728000
Tried aggregator 1 time.
Aggregator did 4 substitutions.
Reduced LP has 4844 rows, 1885 columns, and 28288 nonzeros.
Presolve time = 0.02 sec. (8.72 ticks)
Initializing dual steep norms . . .

Iteration log . . .
Iteration:     1   Dual objective     =             0.000000
Perturbation started.
Iteration:   101   Dual objective     =             0.000000
Iteration:   460   Dual objective     =             0.000085
Iteration:   654   Dual objective     =             0.000128
Iteration:   850   Dual objective     =             0.009321
Iteration:  1033   Dual objective     =             0.017405
Iteration:  1182   Dual objective     =             0.018610
Iteration:  1400   Dual objective     =             0.018623
Removing perturbation.
5×3 Matrix{Float64}:
 0.0  0.0  0.0
 0.0  0.0  1.0
 1.0  0.0  0.0
 0.0  1.0  0.0
 0.0  0.0  0.0
3-element Vector{Float64}:
 0.3787481055922751
 0.23473174003433578
 0.37562720788250914
2×7 Matrix{Float64}:
 0.0  0.0  0.0  1.0  1.0  1.0  0.0
 0.0  0.0  0.0  0.0  0.0  0.0  1.0
3-element Vector{Float64}:
 1.0
 1.0
 1.0
5×3 Matrix{Float64}:
 0.0        0.0        0.0
 0.0949822  0.0949822  0.0
 0.0        0.0        0.0
 0.0378167  0.0378167  0.0
 0.0613981  0.0613981  0.0
3-element Vector{Float64}:
 0.19419703683273223
 0.19419703683273223
 0.0
2×7 Matrix{Float64}:
 0.0  0.0  0.0  0.686364  0.698827  1.0  0.464995
 0.0  0.0  0.0  0.313636  0.301173  0.0  0.535005
3-element Vector{Float64}:
 0.19419703683273223
 0.19419703683273223
 0.0
a: [0.0 0.0 0.0; 0.09498220517171481 0.09498220517171485 0.0; 0.0 0.0 0.0; 0.037816698483618016 0.03781669848361788 0.0; 0.06139813317739941 0.06139813317739951 0.0]
b: [0.19419703683273223, 0.19419703683273223, 0.0]
c: [0.0 0.0 0.0 0.6863638532159593 0.6988274822843219 1.0 0.46499507073347324; 0.0 0.0 0.0 0.3136361467840407 0.3011725177156781 0.0 0.5350049292665268]
d: [0.19419703683273223, 0.19419703683273223, 0.0]
comparison (CRT and Glb)on prediction: Dict{Bool, Int64}(0 => 59, 1 => 66)
Dataname	 time	 objv	 lb	 gap	 train_w	 train_g	 test_w	 test_g
/work_bgfs/n/navarrodelacruz/odt/optimal_decision_tree/augmented_datasets/body/body_646.body	 31.64	 0.019419703683273226	 N/A	 N/A	 91.398	 50.806	 88.8	 51.2
