Running 6 processes.
Start training /work_bgfs/n/navarrodelacruz/odt/optimal_decision_tree/augmented_datasets/body/body_777.body with seed 1.
Any[]
(5, 497)
(5, 248)
(5, 124)
(5, 125)
dimension: 5, class: 2
cart cost: 75.57023346303505
size of X: (5, 372)
Using method: Global linear DT optimization
Version identifier: 20.1.0.0 | 2020-11-10 | 9bedb6d68
CPXPARAM_Threads                                 1
CPXPARAM_TimeLimit                               1728000
Tried aggregator 1 time.
Aggregator did 4 substitutions.
Reduced LP has 4844 rows, 1885 columns, and 28284 nonzeros.
Presolve time = 0.02 sec. (8.67 ticks)
Initializing dual steep norms . . .

Iteration log . . .
Iteration:     1   Dual objective     =             0.000000
Perturbation started.
Iteration:   101   Dual objective     =             0.000000
Iteration:   240   Dual objective     =             0.000031
Iteration:   438   Dual objective     =             0.000074
Iteration:   656   Dual objective     =             0.000127
Iteration:   855   Dual objective     =             0.010605
Iteration:  1068   Dual objective     =             0.015688
Iteration:  1235   Dual objective     =             0.016466
Iteration:  1420   Dual objective     =             0.017728
Iteration:  1630   Dual objective     =             0.019143
Iteration:  1808   Dual objective     =             0.019285
Removing perturbation.
5×3 Matrix{Float64}:
 0.0  0.0  0.0
 0.0  0.0  1.0
 1.0  0.0  0.0
 0.0  1.0  0.0
 0.0  0.0  0.0
3-element Vector{Float64}:
 0.40781464194269856
 0.18310481639396692
 0.36421678637692323
2×7 Matrix{Float64}:
 0.0  0.0  0.0  1.0  1.0  1.0  0.0
 0.0  0.0  0.0  0.0  0.0  0.0  1.0
3-element Vector{Float64}:
 1.0
 1.0
 1.0
5×3 Matrix{Float64}:
 0.0        0.0        0.0
 0.117395   0.117395   0.0
 0.0        0.0        0.0
 0.0103054  0.0103054  0.0
 0.0640722  0.0640722  0.0
3-element Vector{Float64}:
 0.191772985024698
 0.19177298502469806
 0.0
2×7 Matrix{Float64}:
 0.0  0.0  0.0  0.692796  0.686714  1.0  0.457905
 0.0  0.0  0.0  0.307204  0.313286  0.0  0.542095
3-element Vector{Float64}:
 0.191772985024698
 0.19177298502469806
 0.0
a: [0.0 0.0 0.0; 0.11739542716576447 0.1173954271657647 0.0; 0.0 0.0 0.0; 0.010305396427686797 0.010305396427686353 0.0; 0.06407216143124675 0.064072161431247 0.0]
b: [0.191772985024698, 0.19177298502469806, 0.0]
c: [0.0 0.0 0.0 0.6927958256943016 0.6867144054194045 1.0 0.45790462806394017; 0.0 0.0 0.0 0.30720417430569835 0.31328559458059546 0.0 0.5420953719360598]
d: [0.191772985024698, 0.19177298502469806, 0.0]
comparison (CRT and Glb)on prediction: Dict{Bool, Int64}(0 => 59, 1 => 66)
Dataname	 time	 objv	 lb	 gap	 train_w	 train_g	 test_w	 test_g
/work_bgfs/n/navarrodelacruz/odt/optimal_decision_tree/augmented_datasets/body/body_777.body	 27.58	 0.019177298502469804	 N/A	 N/A	 89.516	 51.613	 91.2	 52.0
