Running 6 processes.
Start training /work_bgfs/n/navarrodelacruz/odt/optimal_decision_tree/augmented_datasets/body/body_783.body with seed 1.
Any[]
(5, 497)
(5, 248)
(5, 124)
(5, 125)
dimension: 5, class: 2
cart cost: 76.7626482213439
size of X: (5, 372)
Using method: Global linear DT optimization
Version identifier: 20.1.0.0 | 2020-11-10 | 9bedb6d68
CPXPARAM_Threads                                 1
CPXPARAM_TimeLimit                               1728000
Tried aggregator 1 time.
Aggregator did 4 substitutions.
Reduced LP has 4844 rows, 1885 columns, and 28288 nonzeros.
Presolve time = 0.02 sec. (8.69 ticks)
Initializing dual steep norms . . .

Iteration log . . .
Iteration:     1   Dual objective     =             0.000000
Perturbation started.
Iteration:   101   Dual objective     =             0.000000
Iteration:   436   Dual objective     =             0.000075
Iteration:   651   Dual objective     =             0.000125
Iteration:   836   Dual objective     =             0.000174
Iteration:   999   Dual objective     =             0.014661
Iteration:  1164   Dual objective     =             0.016683
Iteration:  1309   Dual objective     =             0.017543
Iteration:  1462   Dual objective     =             0.017556
Iteration:  1633   Dual objective     =             0.019152
Removing perturbation.
5×3 Matrix{Float64}:
 0.0  0.0  0.0
 0.0  0.0  1.0
 1.0  0.0  0.0
 0.0  1.0  0.0
 0.0  0.0  0.0
3-element Vector{Float64}:
 0.41014480452818297
 0.1828338976134361
 0.35499466838563853
2×7 Matrix{Float64}:
 0.0  0.0  0.0  1.0  1.0  1.0  0.0
 0.0  0.0  0.0  0.0  0.0  0.0  1.0
3-element Vector{Float64}:
 1.0
 1.0
 1.0
5×3 Matrix{Float64}:
 0.0        0.0        0.0
 0.0910882  0.0910882  0.0
 0.0        0.0        0.0
 0.0557337  0.0557337  0.0
 0.0471841  0.0471841  0.0
3-element Vector{Float64}:
 0.19400599225293377
 0.19400599225293377
 0.0
2×7 Matrix{Float64}:
 0.0  0.0  0.0  0.687428  0.678787  1.0  0.46
 0.0  0.0  0.0  0.312572  0.321213  0.0  0.54
3-element Vector{Float64}:
 0.19400599225293383
 0.19400599225293377
 0.0
a: [0.0 0.0 0.0; 0.09108815769377912 0.09108815769377816 0.0; 0.0 0.0 0.0; 0.05573372701307921 0.055733727013079326 0.0; 0.0471841075460755 0.047184107546076305 0.0]
b: [0.19400599225293377, 0.19400599225293377, 0.0]
c: [0.0 0.0 0.0 0.6874284350311732 0.6787874062465453 1.0 0.4599999406369919; 0.0 0.0 0.0 0.31257156496882676 0.3212125937534547 0.0 0.5400000593630081]
d: [0.19400599225293383, 0.19400599225293377, 0.0]
comparison (CRT and Glb)on prediction: Dict{Bool, Int64}(0 => 61, 1 => 64)
Dataname	 time	 objv	 lb	 gap	 train_w	 train_g	 test_w	 test_g
/work_bgfs/n/navarrodelacruz/odt/optimal_decision_tree/augmented_datasets/body/body_783.body	 28.29	 0.01940059922529338	 N/A	 N/A	 89.516	 50.806	 90.4	 51.2
