Running 6 processes.
Start training /work_bgfs/n/navarrodelacruz/odt/optimal_decision_tree/augmented_datasets/body/body_956.body with seed 1.
Any[]
(5, 497)
(5, 249)
(5, 124)
(5, 124)
dimension: 5, class: 2
cart cost: 66.41666666666664
size of X: (5, 373)
Using method: Global linear DT optimization
Version identifier: 20.1.0.0 | 2020-11-10 | 9bedb6d68
CPXPARAM_Threads                                 1
CPXPARAM_TimeLimit                               1728000
Tried aggregator 1 time.
Aggregator did 4 substitutions.
Reduced LP has 4857 rows, 1890 columns, and 28360 nonzeros.
Presolve time = 0.02 sec. (8.69 ticks)
Initializing dual steep norms . . .

Iteration log . . .
Iteration:     1   Dual objective     =             0.000000
Perturbation started.
Iteration:   101   Dual objective     =             0.000000
Iteration:   256   Dual objective     =             0.000022
Iteration:   444   Dual objective     =             0.000042
Iteration:   659   Dual objective     =             0.000080
Iteration:   803   Dual objective     =             0.000119
Iteration:   959   Dual objective     =             0.000224
Iteration:  1131   Dual objective     =             0.017172
Iteration:  1312   Dual objective     =             0.017587
Iteration:  1513   Dual objective     =             0.017856
Iteration:  1712   Dual objective     =             0.019158
Removing perturbation.
5×3 Matrix{Float64}:
 0.0  0.0  0.0
 0.0  0.0  1.0
 1.0  0.0  0.0
 0.0  1.0  0.0
 0.0  0.0  0.0
3-element Vector{Float64}:
 0.44387110382590944
 0.2474991824171936
 0.3784429117770779
2×7 Matrix{Float64}:
 0.0  0.0  0.0  1.0  1.0  1.0  0.0
 0.0  0.0  0.0  0.0  0.0  0.0  1.0
3-element Vector{Float64}:
 1.0
 1.0
 1.0
5×3 Matrix{Float64}:
 0.0         0.0         0.0
 0.112213    0.112213    0.0
 0.00429529  0.00429529  0.0
 0.0109705   0.0109705   0.0
 0.0631609   0.0631609   0.0
3-element Vector{Float64}:
 0.19064008478746486
 0.19064008478746483
 0.0
2×7 Matrix{Float64}:
 0.0  0.0  0.0  0.689198  0.344613  1.0  0.463774
 0.0  0.0  0.0  0.310802  0.655387  0.0  0.536226
3-element Vector{Float64}:
 0.19064008478746483
 0.19064008478746483
 0.0
a: [0.0 0.0 0.0; 0.11221337041191021 0.1122133704119091 0.0; 0.004295289424196325 0.004295289424196325 0.0; 0.010970544650407322 0.01097054465040893 0.0; 0.06316088030095099 0.0631608803009502 0.0]
b: [0.19064008478746486, 0.19064008478746483, 0.0]
c: [0.0 0.0 0.0 0.6891975527283709 0.34461278289777403 1.0 0.4637743910211972; 0.0 0.0 0.0 0.3108024472716291 0.6553872171022259 0.0 0.5362256089788028]
d: [0.19064008478746483, 0.19064008478746483, 0.0]
comparison (CRT and Glb)on prediction: Dict{Bool, Int64}(0 => 52, 1 => 72)
Dataname	 time	 objv	 lb	 gap	 train_w	 train_g	 test_w	 test_g
/work_bgfs/n/navarrodelacruz/odt/optimal_decision_tree/augmented_datasets/body/body_956.body	 33.04	 0.019064008478746487	 N/A	 N/A	 90.885	 51.475	 86.29	 50.806
