Running 6 processes.
Start training /work_bgfs/n/navarrodelacruz/odt/optimal_decision_tree/augmented_datasets/body/body_427.body with seed 1.
Any[]
(5, 497)
(5, 248)
(5, 124)
(5, 125)
dimension: 5, class: 2
cart cost: 83.63046875
size of X: (5, 372)
Using method: Global linear DT optimization
Version identifier: 20.1.0.0 | 2020-11-10 | 9bedb6d68
CPXPARAM_Threads                                 1
CPXPARAM_TimeLimit                               1728000
Tried aggregator 1 time.
Aggregator did 4 substitutions.
Reduced LP has 4844 rows, 1885 columns, and 28284 nonzeros.
Presolve time = 0.02 sec. (8.69 ticks)
Initializing dual steep norms . . .

Iteration log . . .
Iteration:     1   Dual objective     =             0.000000
Perturbation started.
Iteration:   101   Dual objective     =             0.000000
Iteration:   267   Dual objective     =             0.000036
Iteration:   585   Dual objective     =             0.000114
Iteration:   741   Dual objective     =             0.000146
Iteration:   942   Dual objective     =             0.014754
Iteration:  1106   Dual objective     =             0.018558
Iteration:  1306   Dual objective     =             0.019373
Removing perturbation.
5×3 Matrix{Float64}:
 0.0  0.0  0.0
 0.0  0.0  1.0
 1.0  1.0  0.0
 0.0  0.0  0.0
 0.0  0.0  0.0
3-element Vector{Float64}:
 0.4469734863146688
 0.2944573235100262
 0.4006548341768451
2×7 Matrix{Float64}:
 0.0  0.0  0.0  1.0  1.0  1.0  0.0
 0.0  0.0  0.0  0.0  0.0  0.0  1.0
3-element Vector{Float64}:
 1.0
 1.0
 1.0
5×3 Matrix{Float64}:
 0.0        0.0        0.0
 0.0956324  0.0956324  0.0
 0.0        0.0        0.0
 0.0365214  0.0365214  0.0
 0.0620981  0.0620981  0.0
3-element Vector{Float64}:
 0.1942519847881555
 0.1942519847881555
 0.0
2×7 Matrix{Float64}:
 0.0  0.0  0.0  0.689265  0.698682  1.0  0.465092
 0.0  0.0  0.0  0.310735  0.301318  0.0  0.534908
3-element Vector{Float64}:
 0.1942519847881555
 0.1942519847881555
 0.0
a: [0.0 0.0 0.0; 0.09563244300887498 0.09563244300887501 0.0; 0.0 0.0 0.0; 0.03652142132141573 0.0365214213214157 0.0; 0.062098120457864794 0.062098120457864794 0.0]
b: [0.1942519847881555, 0.1942519847881555, 0.0]
c: [0.0 0.0 0.0 0.6892653341136187 0.6986820619670331 1.0 0.46509186426806826; 0.0 0.0 0.0 0.3107346658863813 0.3013179380329669 0.0 0.5349081357319317]
d: [0.1942519847881555, 0.1942519847881555, 0.0]
comparison (CRT and Glb)on prediction: Dict{Bool, Int64}(0 => 52, 1 => 73)
Dataname	 time	 objv	 lb	 gap	 train_w	 train_g	 test_w	 test_g
/work_bgfs/n/navarrodelacruz/odt/optimal_decision_tree/augmented_datasets/body/body_427.body	 31.21	 0.01942519847881555	 N/A	 N/A	 88.441	 51.613	 89.6	 51.2
