Running 6 processes.
Start training /work_bgfs/n/navarrodelacruz/odt/optimal_decision_tree/augmented_datasets/body/body_969.body with seed 1.
Any[]
(5, 497)
(5, 249)
(5, 124)
(5, 124)
dimension: 5, class: 2
cart cost: 72.26372549019605
size of X: (5, 373)
Using method: Global linear DT optimization
Version identifier: 20.1.0.0 | 2020-11-10 | 9bedb6d68
CPXPARAM_Threads                                 1
CPXPARAM_TimeLimit                               1728000
Tried aggregator 1 time.
Aggregator did 4 substitutions.
Reduced LP has 4857 rows, 1890 columns, and 28360 nonzeros.
Presolve time = 0.02 sec. (8.69 ticks)
Initializing dual steep norms . . .

Iteration log . . .
Iteration:     1   Dual objective     =             0.000000
Perturbation started.
Iteration:   101   Dual objective     =             0.000000
Iteration:   350   Dual objective     =             0.000041
Iteration:   565   Dual objective     =             0.000069
Iteration:   740   Dual objective     =             0.000100
Iteration:   884   Dual objective     =             0.000144
Iteration:  1054   Dual objective     =             0.000202
Iteration:  1250   Dual objective     =             0.015082
Iteration:  1442   Dual objective     =             0.017847
Iteration:  1595   Dual objective     =             0.017916
Iteration:  1792   Dual objective     =             0.019493
Removing perturbation.
5×3 Matrix{Float64}:
 0.0  0.0  0.0
 0.0  0.0  1.0
 1.0  1.0  0.0
 0.0  0.0  0.0
 0.0  0.0  0.0
3-element Vector{Float64}:
 0.3979773984756081
 0.2764438431397197
 0.3768693237526599
2×7 Matrix{Float64}:
 0.0  0.0  0.0  1.0  1.0  1.0  0.0
 0.0  0.0  0.0  0.0  0.0  0.0  1.0
3-element Vector{Float64}:
 1.0
 1.0
 1.0
5×3 Matrix{Float64}:
 0.0        0.0        0.0
 0.095147   0.095147   0.0
 0.0        0.0        0.0
 0.0369432  0.0369432  0.0
 0.0620854  0.0620854  0.0
3-element Vector{Float64}:
 0.19417563886701988
 0.19417563886701994
 0.0
2×7 Matrix{Float64}:
 0.0  0.0  0.0  0.684125  0.705081  1.0  0.465172
 0.0  0.0  0.0  0.315875  0.294919  0.0  0.534828
3-element Vector{Float64}:
 0.19417563886701994
 0.19417563886701997
 0.0
a: [0.0 0.0 0.0; 0.09514698370098262 0.0951469837009832 0.0; 0.0 0.0 0.0; 0.03694321545614998 0.03694321545615082 0.0; 0.06208543970988738 0.062085439709885934 0.0]
b: [0.19417563886701988, 0.19417563886701994, 0.0]
c: [0.0 0.0 0.0 0.6841253684117741 0.7050814887464474 1.0 0.46517181410056496; 0.0 0.0 0.0 0.31587463158822593 0.2949185112535526 0.0 0.534828185899435]
d: [0.19417563886701994, 0.19417563886701997, 0.0]
comparison (CRT and Glb)on prediction: Dict{Bool, Int64}(0 => 61, 1 => 63)
Dataname	 time	 objv	 lb	 gap	 train_w	 train_g	 test_w	 test_g
/work_bgfs/n/navarrodelacruz/odt/optimal_decision_tree/augmented_datasets/body/body_969.body	 27.38	 0.019417563886701995	 N/A	 N/A	 90.08	 51.475	 91.935	 50.806
