Running 6 processes.
Start training /work_bgfs/n/navarrodelacruz/odt/optimal_decision_tree/augmented_datasets/body/body_225.body with seed 1.
Any[]
(5, 497)
(5, 249)
(5, 125)
(5, 123)
dimension: 5, class: 2
cart cost: 69.45278884462155
size of X: (5, 374)
Using method: Global linear DT optimization
Version identifier: 20.1.0.0 | 2020-11-10 | 9bedb6d68
CPXPARAM_Threads                                 1
CPXPARAM_TimeLimit                               1728000
Tried aggregator 1 time.
Aggregator did 4 substitutions.
Reduced LP has 4870 rows, 1895 columns, and 28436 nonzeros.
Presolve time = 0.02 sec. (8.72 ticks)
Initializing dual steep norms . . .

Iteration log . . .
Iteration:     1   Dual objective     =             0.000000
Perturbation started.
Iteration:   101   Dual objective     =             0.000000
Iteration:   458   Dual objective     =             0.000084
Iteration:   641   Dual objective     =             0.000128
Iteration:   853   Dual objective     =             0.006272
Iteration:  1039   Dual objective     =             0.017801
Iteration:  1274   Dual objective     =             0.019081
Iteration:  1448   Dual objective     =             0.019162
Removing perturbation.
5×3 Matrix{Float64}:
 0.0  0.0  0.0
 0.0  0.0  1.0
 1.0  1.0  0.0
 0.0  0.0  0.0
 0.0  0.0  0.0
3-element Vector{Float64}:
 0.42877943238557015
 0.2746652737174382
 0.37641723770486113
2×7 Matrix{Float64}:
 0.0  0.0  0.0  1.0  1.0  1.0  0.0
 0.0  0.0  0.0  0.0  0.0  0.0  1.0
3-element Vector{Float64}:
 1.0
 1.0
 1.0
5×3 Matrix{Float64}:
 0.000485747  0.000485747  0.0
 0.101254     0.101254     0.0
 0.0275987    0.0275987    0.0
 0.0409416    0.0409416    0.0
 0.0211403    0.0211403    0.0
3-element Vector{Float64}:
 0.1914207496300948
 0.19142074963009487
 0.0
2×7 Matrix{Float64}:
 0.0  0.0  0.0  0.701321  0.69512  1.0  0.445975
 0.0  0.0  0.0  0.298679  0.30488  0.0  0.554025
3-element Vector{Float64}:
 0.1914207496300948
 0.19142074963009487
 0.0
a: [0.000485747229783437 0.00048574722978388454 0.0; 0.10125443611859561 0.10125443611859583 0.0; 0.027598669898969266 0.02759866989896917 0.0; 0.04094159973902481 0.040941599739024365 0.0; 0.021140296643721572 0.021140296643721652 0.0]
b: [0.1914207496300948, 0.19142074963009487, 0.0]
c: [0.0 0.0 0.0 0.7013209423459084 0.6951202428963499 1.0 0.44597522033862014; 0.0 0.0 0.0 0.29867905765409164 0.3048797571036501 0.0 0.5540247796613799]
d: [0.1914207496300948, 0.19142074963009487, 0.0]
comparison (CRT and Glb)on prediction: Dict{Bool, Int64}(0 => 50, 1 => 73)
Dataname	 time	 objv	 lb	 gap	 train_w	 train_g	 test_w	 test_g
/work_bgfs/n/navarrodelacruz/odt/optimal_decision_tree/augmented_datasets/body/body_225.body	 27.6	 0.019142074963009494	 N/A	 N/A	 90.642	 50.535	 86.179	 50.407
