Running 6 processes.
Start training /work_bgfs/n/navarrodelacruz/odt/optimal_decision_tree/augmented_datasets/body/body_869.body with seed 1.
Any[]
(5, 497)
(5, 249)
(5, 125)
(5, 123)
dimension: 5, class: 2
cart cost: 70.5909448818898
size of X: (5, 374)
Using method: Global linear DT optimization
Version identifier: 20.1.0.0 | 2020-11-10 | 9bedb6d68
CPXPARAM_Threads                                 1
CPXPARAM_TimeLimit                               1728000
Tried aggregator 1 time.
Aggregator did 4 substitutions.
Reduced LP has 4870 rows, 1895 columns, and 28440 nonzeros.
Presolve time = 0.02 sec. (8.76 ticks)
Initializing dual steep norms . . .

Iteration log . . .
Iteration:     1   Dual objective     =             0.000000
Perturbation started.
Iteration:   101   Dual objective     =             0.000000
Iteration:   281   Dual objective     =             0.000033
Iteration:   473   Dual objective     =             0.000050
Iteration:   654   Dual objective     =             0.000092
Iteration:   780   Dual objective     =             0.000139
Iteration:   971   Dual objective     =             0.000185
Iteration:  1140   Dual objective     =             0.010319
Iteration:  1363   Dual objective     =             0.017052
Iteration:  1557   Dual objective     =             0.018117
Iteration:  1846   Dual objective     =             0.018362
Removing perturbation.
5×3 Matrix{Float64}:
 0.0  0.0  0.0
 0.0  0.0  1.0
 1.0  0.0  0.0
 0.0  1.0  0.0
 0.0  0.0  0.0
3-element Vector{Float64}:
 0.4052847115358863
 0.18314527053056215
 0.37675034401343394
2×7 Matrix{Float64}:
 0.0  0.0  0.0  1.0  1.0  1.0  0.0
 0.0  0.0  0.0  0.0  0.0  0.0  1.0
3-element Vector{Float64}:
 1.0
 1.0
 1.0
5×3 Matrix{Float64}:
 0.0        0.0        0.0
 0.0956983  0.0956983  0.0
 0.0        0.0        0.0
 0.03682    0.03682    0.0
 0.061787   0.061787   0.0
3-element Vector{Float64}:
 0.19430529179355208
 0.19430529179355208
 0.0
2×7 Matrix{Float64}:
 0.0  0.0  0.0  0.682603  0.677282  1.0  0.464953
 0.0  0.0  0.0  0.317397  0.322718  0.0  0.535047
3-element Vector{Float64}:
 0.19430529179355208
 0.19430529179355208
 0.0
a: [0.0 0.0 0.0; 0.09569830805479859 0.0956983080547981 0.0; 0.0 0.0 0.0; 0.03681996127142795 0.03681996127142806 0.0; 0.061787022467325495 0.06178702246732591 0.0]
b: [0.19430529179355208, 0.19430529179355208, 0.0]
c: [0.0 0.0 0.0 0.6826031371479578 0.6772818853071326 1.0 0.4649525666530471; 0.0 0.0 0.0 0.31739686285204216 0.3227181146928674 0.0 0.5350474333469529]
d: [0.19430529179355208, 0.19430529179355208, 0.0]
comparison (CRT and Glb)on prediction: Dict{Bool, Int64}(0 => 57, 1 => 66)
Dataname	 time	 objv	 lb	 gap	 train_w	 train_g	 test_w	 test_g
/work_bgfs/n/navarrodelacruz/odt/optimal_decision_tree/augmented_datasets/body/body_869.body	 30.34	 0.019430529179355213	 N/A	 N/A	 90.374	 51.07	 87.805	 51.22
