Running 6 processes.
Start training /work_bgfs/n/navarrodelacruz/odt/optimal_decision_tree/augmented_datasets/body/body_518.body with seed 1.
Any[]
(5, 497)
(5, 249)
(5, 125)
(5, 123)
dimension: 5, class: 2
cart cost: 72.54763779527556
size of X: (5, 374)
Using method: Global linear DT optimization
Version identifier: 20.1.0.0 | 2020-11-10 | 9bedb6d68
CPXPARAM_Threads                                 1
CPXPARAM_TimeLimit                               1728000
Tried aggregator 1 time.
Aggregator did 4 substitutions.
Reduced LP has 4870 rows, 1895 columns, and 28440 nonzeros.
Presolve time = 0.02 sec. (8.74 ticks)
Initializing dual steep norms . . .

Iteration log . . .
Iteration:     1   Dual objective     =             0.000000
Perturbation started.
Iteration:   101   Dual objective     =             0.000000
Iteration:   442   Dual objective     =             0.000082
Iteration:   642   Dual objective     =             0.000127
Iteration:   829   Dual objective     =             0.015776
Iteration:  1055   Dual objective     =             0.017813
Iteration:  1261   Dual objective     =             0.019306
Removing perturbation.
5×3 Matrix{Float64}:
 0.0  0.0  0.0
 0.0  0.0  1.0
 1.0  0.0  0.0
 0.0  1.0  0.0
 0.0  0.0  0.0
3-element Vector{Float64}:
 0.39937999135616575
 0.2173084338423572
 0.37833370926163323
2×7 Matrix{Float64}:
 0.0  0.0  0.0  1.0  1.0  1.0  0.0
 0.0  0.0  0.0  0.0  0.0  0.0  1.0
3-element Vector{Float64}:
 1.0
 1.0
 1.0
5×3 Matrix{Float64}:
 0.0        0.0        0.0
 0.0953526  0.0953526  0.0
 0.0        0.0        0.0
 0.0369646  0.0369646  0.0
 0.0620148  0.0620148  0.0
3-element Vector{Float64}:
 0.1943319819764133
 0.19433198197641324
 0.0
2×7 Matrix{Float64}:
 0.0  0.0  0.0  0.68775  0.690593  1.0  0.465011
 0.0  0.0  0.0  0.31225  0.309407  0.0  0.534989
3-element Vector{Float64}:
 0.19433198197641335
 0.19433198197641324
 0.0
a: [0.0 0.0 0.0; 0.09535259291281856 0.09535259291281842 0.0; 0.0 0.0 0.0; 0.0369645688258027 0.03696456882580297 0.0; 0.062014820237792104 0.06201482023779184 0.0]
b: [0.1943319819764133, 0.19433198197641324, 0.0]
c: [0.0 0.0 0.0 0.6877495931997424 0.6905929966689124 1.0 0.4650111838794253; 0.0 0.0 0.0 0.3122504068002576 0.3094070033310876 0.0 0.5349888161205747]
d: [0.19433198197641335, 0.19433198197641324, 0.0]
comparison (CRT and Glb)on prediction: Dict{Bool, Int64}(0 => 57, 1 => 66)
Dataname	 time	 objv	 lb	 gap	 train_w	 train_g	 test_w	 test_g
/work_bgfs/n/navarrodelacruz/odt/optimal_decision_tree/augmented_datasets/body/body_518.body	 30.84	 0.019433198197641333	 N/A	 N/A	 90.107	 51.07	 92.683	 51.22
