Running 6 processes.
Start training /work_bgfs/n/navarrodelacruz/odt/optimal_decision_tree/augmented_datasets/body/body_146.body with seed 1.
Any[]
(5, 497)
(5, 249)
(5, 124)
(5, 124)
dimension: 5, class: 2
cart cost: 70.31470588235291
size of X: (5, 373)
Using method: Global linear DT optimization
Version identifier: 20.1.0.0 | 2020-11-10 | 9bedb6d68
CPXPARAM_Threads                                 1
CPXPARAM_TimeLimit                               1728000
Tried aggregator 1 time.
Aggregator did 4 substitutions.
Reduced LP has 4857 rows, 1890 columns, and 28360 nonzeros.
Presolve time = 0.01 sec. (8.69 ticks)
Initializing dual steep norms . . .

Iteration log . . .
Iteration:     1   Dual objective     =             0.000000
Perturbation started.
Iteration:   101   Dual objective     =             0.000000
Iteration:   276   Dual objective     =             0.000028
Iteration:   482   Dual objective     =             0.000049
Iteration:   651   Dual objective     =             0.000078
Iteration:   830   Dual objective     =             0.000129
Iteration:   993   Dual objective     =             0.000168
Iteration:  1207   Dual objective     =             0.000147
Iteration:  1373   Dual objective     =             0.012666
Iteration:  1587   Dual objective     =             0.015821
Iteration:  1801   Dual objective     =             0.018544
Iteration:  1958   Dual objective     =             0.019505
Removing perturbation.
5×3 Matrix{Float64}:
 0.0  0.0  0.0
 0.0  0.0  1.0
 1.0  0.0  0.0
 0.0  1.0  0.0
 0.0  0.0  0.0
3-element Vector{Float64}:
 0.3959888504453584
 0.1829504108199646
 0.35273700753742354
2×7 Matrix{Float64}:
 0.0  0.0  0.0  1.0  1.0  1.0  0.0
 0.0  0.0  0.0  0.0  0.0  0.0  1.0
3-element Vector{Float64}:
 1.0
 1.0
 1.0
5×3 Matrix{Float64}:
 0.0        0.0        0.0
 0.0953527  0.0953527  0.0
 0.0        0.0        0.0
 0.0376415  0.0376415  0.0
 0.061238   0.061238   0.0
3-element Vector{Float64}:
 0.1942322697094374
 0.19423226970943747
 0.0
2×7 Matrix{Float64}:
 0.0  0.0  0.0  0.684734  0.655831  1.0  0.464978
 0.0  0.0  0.0  0.315266  0.344169  0.0  0.535022
3-element Vector{Float64}:
 0.1942322697094374
 0.19423226970943747
 0.0
a: [0.0 0.0 0.0; 0.09535271508305473 0.09535271508305505 0.0; 0.0 0.0 0.0; 0.037641505905300354 0.03764150590530032 0.0; 0.061238048721082315 0.061238048721082086 0.0]
b: [0.1942322697094374, 0.19423226970943747, 0.0]
c: [0.0 0.0 0.0 0.684734250977967 0.655831017948101 1.0 0.4649782164194629; 0.0 0.0 0.0 0.31526574902203297 0.34416898205189905 0.0 0.5350217835805371]
d: [0.1942322697094374, 0.19423226970943747, 0.0]
comparison (CRT and Glb)on prediction: Dict{Bool, Int64}(0 => 62, 1 => 62)
Dataname	 time	 objv	 lb	 gap	 train_w	 train_g	 test_w	 test_g
/work_bgfs/n/navarrodelacruz/odt/optimal_decision_tree/augmented_datasets/body/body_146.body	 27.36	 0.019423226970943737	 N/A	 N/A	 90.349	 51.475	 91.129	 50.806
