Running 6 processes.
Start training /work_bgfs/n/navarrodelacruz/odt/optimal_decision_tree/augmented_datasets/body/body_484.body with seed 1.
Any[]
(5, 497)
(5, 249)
(5, 124)
(5, 124)
dimension: 5, class: 2
cart cost: 83.95784313725488
size of X: (5, 373)
Using method: Global linear DT optimization
Version identifier: 20.1.0.0 | 2020-11-10 | 9bedb6d68
CPXPARAM_Threads                                 1
CPXPARAM_TimeLimit                               1728000
Tried aggregator 1 time.
Aggregator did 4 substitutions.
Reduced LP has 4857 rows, 1890 columns, and 28356 nonzeros.
Presolve time = 0.02 sec. (8.71 ticks)
Initializing dual steep norms . . .

Iteration log . . .
Iteration:     1   Dual objective     =             0.000000
Perturbation started.
Iteration:   101   Dual objective     =             0.000000
Iteration:   450   Dual objective     =             0.000084
Iteration:   620   Dual objective     =             0.000120
Iteration:   813   Dual objective     =             0.016298
Iteration:  1000   Dual objective     =             0.016986
Iteration:  1166   Dual objective     =             0.018210
Iteration:  1407   Dual objective     =             0.018332
Removing perturbation.
5×3 Matrix{Float64}:
 0.0  0.0  0.0
 0.0  1.0  1.0
 0.0  0.0  0.0
 1.0  0.0  0.0
 0.0  0.0  0.0
3-element Vector{Float64}:
 0.2690367749103235
 0.5092379644042779
 0.4552697507030308
2×7 Matrix{Float64}:
 0.0  0.0  0.0  1.0  1.0  1.0  0.0
 0.0  0.0  0.0  0.0  0.0  0.0  1.0
3-element Vector{Float64}:
 1.0
 1.0
 1.0
5×3 Matrix{Float64}:
 0.0        0.0        0.0
 0.0488357  0.0488357  0.0
 0.0        0.0        0.0
 0.0361982  0.0361982  0.0
 0.101882   0.101882   0.0
3-element Vector{Float64}:
 0.18691581853092898
 0.18691581853092892
 0.0
2×7 Matrix{Float64}:
 0.0  0.0  0.0  0.687322  0.660049  1.0  0.476314
 0.0  0.0  0.0  0.312678  0.339951  0.0  0.523686
3-element Vector{Float64}:
 0.186915818530929
 0.18691581853092895
 0.0
a: [0.0 0.0 0.0; 0.048835673779642264 0.04883567377964221 0.0; 0.0 0.0 0.0; 0.036198186741232374 0.036198186741232194 0.0; 0.10188195801005442 0.10188195801005441 0.0]
b: [0.18691581853092898, 0.18691581853092892, 0.0]
c: [0.0 0.0 0.0 0.6873220355053277 0.6600488369245214 1.0 0.47631433451478455; 0.0 0.0 0.0 0.31267796449467233 0.33995116307547857 0.0 0.5236856654852154]
d: [0.186915818530929, 0.18691581853092895, 0.0]
comparison (CRT and Glb)on prediction: Dict{Bool, Int64}(0 => 48, 1 => 76)
Dataname	 time	 objv	 lb	 gap	 train_w	 train_g	 test_w	 test_g
/work_bgfs/n/navarrodelacruz/odt/optimal_decision_tree/augmented_datasets/body/body_484.body	 29.1	 0.018691581853092904	 N/A	 N/A	 88.472	 51.475	 84.677	 50.806
