Running 6 processes.
Start training /work_bgfs/n/navarrodelacruz/odt/optimal_decision_tree/augmented_datasets/body/body_95.body with seed 1.
Any[]
(5, 497)
(5, 249)
(5, 125)
(5, 123)
dimension: 5, class: 2
cart cost: 54.93740157480312
size of X: (5, 374)
Using method: Global linear DT optimization
Version identifier: 20.1.0.0 | 2020-11-10 | 9bedb6d68
CPXPARAM_Threads                                 1
CPXPARAM_TimeLimit                               1728000
Tried aggregator 1 time.
Aggregator did 4 substitutions.
Reduced LP has 4870 rows, 1895 columns, and 28440 nonzeros.
Presolve time = 0.02 sec. (8.74 ticks)
Initializing dual steep norms . . .

Iteration log . . .
Iteration:     1   Dual objective     =             0.000000
Perturbation started.
Iteration:   101   Dual objective     =             0.000000
Iteration:   448   Dual objective     =             0.000079
Iteration:   662   Dual objective     =             0.000129
Iteration:   812   Dual objective     =             0.000163
Iteration:  1025   Dual objective     =             0.018107
Iteration:  1230   Dual objective     =             0.019211
Removing perturbation.
5×3 Matrix{Float64}:
 0.0  0.0  0.0
 0.0  1.0  1.0
 1.0  0.0  0.0
 0.0  0.0  0.0
 0.0  0.0  0.0
3-element Vector{Float64}:
 0.44866431497233306
 0.5620134305487814
 0.3768516353755326
2×7 Matrix{Float64}:
 0.0  0.0  0.0  1.0  0.0  1.0  0.0
 0.0  0.0  0.0  0.0  1.0  0.0  1.0
3-element Vector{Float64}:
 1.0
 1.0
 1.0
5×3 Matrix{Float64}:
 0.0         0.0         0.0
 0.0976071   0.0976071   0.0
 0.0172357   0.0172357   0.0
 0.00164213  0.00164213  0.0
 0.0763095   0.0763095   0.0
3-element Vector{Float64}:
 0.19279445681749724
 0.19279445681749763
 0.0
2×7 Matrix{Float64}:
 0.0  0.0  0.0  0.694117  0.707221  1.0  0.478064
 0.0  0.0  0.0  0.305883  0.292779  0.0  0.521936
3-element Vector{Float64}:
 0.19279445681749738
 0.19279445681749752
 0.0
a: [0.0 0.0 0.0; 0.09760711618590218 0.09760711618589926 0.0; 0.017235741580743813 0.017235741580748143 0.0; 0.0016421268081410652 0.0016421268081354898 0.0; 0.07630947224271045 0.07630947224271452 0.0]
b: [0.19279445681749724, 0.19279445681749763, 0.0]
c: [0.0 0.0 0.0 0.694116806741673 0.7072211281846768 1.0 0.4780643325530798; 0.0 0.0 0.0 0.305883193258327 0.29277887181532325 0.0 0.5219356674469202]
d: [0.19279445681749738, 0.19279445681749752, 0.0]
comparison (CRT and Glb)on prediction: Dict{Bool, Int64}(0 => 55, 1 => 68)
Dataname	 time	 objv	 lb	 gap	 train_w	 train_g	 test_w	 test_g
/work_bgfs/n/navarrodelacruz/odt/optimal_decision_tree/augmented_datasets/body/body_95.body	 27.31	 0.019279445681749736	 N/A	 N/A	 92.513	 51.07	 86.179	 51.22
