Running 6 processes.
Start training /work_bgfs/n/navarrodelacruz/odt/optimal_decision_tree/augmented_datasets/body/body_802.body with seed 1.
Any[]
(5, 497)
(5, 248)
(5, 124)
(5, 125)
dimension: 5, class: 2
cart cost: 71.98203125
size of X: (5, 372)
Using method: Global linear DT optimization
Version identifier: 20.1.0.0 | 2020-11-10 | 9bedb6d68
CPXPARAM_Threads                                 1
CPXPARAM_TimeLimit                               1728000
Tried aggregator 1 time.
Aggregator did 4 substitutions.
Reduced LP has 4844 rows, 1885 columns, and 28292 nonzeros.
Presolve time = 0.02 sec. (8.74 ticks)
Initializing dual steep norms . . .

Iteration log . . .
Iteration:     1   Dual objective     =             0.000000
Perturbation started.
Iteration:   101   Dual objective     =             0.000000
Iteration:   232   Dual objective     =             0.000030
Iteration:   529   Dual objective     =             0.000100
Iteration:   726   Dual objective     =             0.007171
Iteration:   982   Dual objective     =             0.016854
Iteration:  1164   Dual objective     =             0.017411
Iteration:  1411   Dual objective     =             0.018842
Removing perturbation.
5×3 Matrix{Float64}:
 0.0  0.0  0.0
 0.0  0.0  1.0
 1.0  0.0  0.0
 0.0  1.0  0.0
 0.0  0.0  0.0
3-element Vector{Float64}:
 0.40106394457821404
 0.22842097172627066
 0.3652294592876799
2×7 Matrix{Float64}:
 0.0  0.0  0.0  1.0  1.0  1.0  0.0
 0.0  0.0  0.0  0.0  0.0  0.0  1.0
3-element Vector{Float64}:
 1.0
 1.0
 1.0
5×3 Matrix{Float64}:
 0.0        0.0        0.0
 0.0909147  0.0909147  0.0
 0.0193339  0.0193339  0.0
 0.0237679  0.0237679  0.0
 0.057141   0.057141   0.0
3-element Vector{Float64}:
 0.19115758648228776
 0.1911575864822877
 0.0
2×7 Matrix{Float64}:
 0.0  0.0  0.0  0.694785  0.70274  1.0  0.475046
 0.0  0.0  0.0  0.305215  0.29726  0.0  0.524954
3-element Vector{Float64}:
 0.19115758648228776
 0.1911575864822877
 0.0
a: [0.0 0.0 0.0; 0.09091468962542013 0.09091468962542051 0.0; 0.01933394942877762 0.01933394942877742 0.0; 0.023767945468257667 0.023767945468257362 0.0; 0.057141001959832335 0.057141001959832405 0.0]
b: [0.19115758648228776, 0.1911575864822877, 0.0]
c: [0.0 0.0 0.0 0.6947847921818203 0.7027399838149984 1.0 0.4750464248541778; 0.0 0.0 0.0 0.3052152078181797 0.29726001618500164 0.0 0.5249535751458222]
d: [0.19115758648228776, 0.1911575864822877, 0.0]
comparison (CRT and Glb)on prediction: Dict{Bool, Int64}(0 => 58, 1 => 67)
Dataname	 time	 objv	 lb	 gap	 train_w	 train_g	 test_w	 test_g
/work_bgfs/n/navarrodelacruz/odt/optimal_decision_tree/augmented_datasets/body/body_802.body	 27.3	 0.019115758648228776	 N/A	 N/A	 90.054	 51.613	 91.2	 51.2
