Running 6 processes.
Start training /work_bgfs/n/navarrodelacruz/odt/optimal_decision_tree/augmented_datasets/body/body_347.body with seed 1.
Any[]
(5, 497)
(5, 249)
(5, 124)
(5, 124)
dimension: 5, class: 2
cart cost: 80.0598039215686
size of X: (5, 373)
Using method: Global linear DT optimization
Version identifier: 20.1.0.0 | 2020-11-10 | 9bedb6d68
CPXPARAM_Threads                                 1
CPXPARAM_TimeLimit                               1728000
Tried aggregator 1 time.
Aggregator did 4 substitutions.
Reduced LP has 4857 rows, 1890 columns, and 28364 nonzeros.
Presolve time = 0.02 sec. (8.72 ticks)
Initializing dual steep norms . . .

Iteration log . . .
Iteration:     1   Dual objective     =             0.000000
Perturbation started.
Iteration:   101   Dual objective     =             0.000000
Iteration:   444   Dual objective     =             0.000082
Iteration:   650   Dual objective     =             0.000128
Iteration:   816   Dual objective     =             0.011153
Iteration:  1054   Dual objective     =             0.016052
Iteration:  1208   Dual objective     =             0.016209
Iteration:  1338   Dual objective     =             0.018131
Iteration:  1457   Dual objective     =             0.018174
Iteration:  1582   Dual objective     =             0.018862
Iteration:  1719   Dual objective     =             0.019519
Removing perturbation.
5×3 Matrix{Float64}:
 0.0  0.0  0.0
 0.0  0.0  1.0
 1.0  0.0  0.0
 0.0  1.0  0.0
 0.0  0.0  0.0
3-element Vector{Float64}:
 0.40526172124973703
 0.16474210382433846
 0.3637302074145204
2×7 Matrix{Float64}:
 0.0  0.0  0.0  1.0  1.0  1.0  0.0
 0.0  0.0  0.0  0.0  0.0  0.0  1.0
3-element Vector{Float64}:
 1.0
 1.0
 1.0
5×3 Matrix{Float64}:
 0.0        0.0        0.0
 0.0954009  0.0954009  0.0
 0.0        0.0        0.0
 0.0369887  0.0369887  0.0
 0.0617278  0.0617278  0.0
3-element Vector{Float64}:
 0.19411729894022675
 0.19411729894022675
 0.0
2×7 Matrix{Float64}:
 0.0  0.0  0.0  0.694325  0.711103  1.0  0.46518
 0.0  0.0  0.0  0.305675  0.288897  0.0  0.53482
3-element Vector{Float64}:
 0.19411729894022675
 0.19411729894022675
 0.0
a: [0.0 0.0 0.0; 0.09540085863211258 0.09540085863211265 0.0; 0.0 0.0 0.0; 0.036988688334910445 0.03698868833491045 0.0; 0.06172775197320371 0.06172775197320368 0.0]
b: [0.19411729894022675, 0.19411729894022675, 0.0]
c: [0.0 0.0 0.0 0.6943251587895661 0.7111029684082056 1.0 0.4651802210084086; 0.0 0.0 0.0 0.30567484121043387 0.28889703159179436 0.0 0.5348197789915914]
d: [0.19411729894022675, 0.19411729894022675, 0.0]
comparison (CRT and Glb)on prediction: Dict{Bool, Int64}(0 => 57, 1 => 67)
Dataname	 time	 objv	 lb	 gap	 train_w	 train_g	 test_w	 test_g
/work_bgfs/n/navarrodelacruz/odt/optimal_decision_tree/augmented_datasets/body/body_347.body	 31.2	 0.019411729894022674	 N/A	 N/A	 89.008	 51.475	 91.935	 50.806
