Running 6 processes.
Start training /work_bgfs/n/navarrodelacruz/odt/optimal_decision_tree/augmented_datasets/body/body_793.body with seed 1.
Any[]
(5, 497)
(5, 248)
(5, 124)
(5, 125)
dimension: 5, class: 2
cart cost: 77.80625
size of X: (5, 372)
Using method: Global linear DT optimization
Version identifier: 20.1.0.0 | 2020-11-10 | 9bedb6d68
CPXPARAM_Threads                                 1
CPXPARAM_TimeLimit                               1728000
Tried aggregator 1 time.
Aggregator did 4 substitutions.
Reduced LP has 4844 rows, 1885 columns, and 28284 nonzeros.
Presolve time = 0.02 sec. (8.67 ticks)
Initializing dual steep norms . . .

Iteration log . . .
Iteration:     1   Dual objective     =             0.000000
Perturbation started.
Iteration:   101   Dual objective     =             0.000000
Iteration:   268   Dual objective     =             0.000038
Iteration:   584   Dual objective     =             0.000116
Iteration:   762   Dual objective     =             0.000155
Iteration:   955   Dual objective     =             0.015886
Iteration:  1111   Dual objective     =             0.017892
Iteration:  1271   Dual objective     =             0.019532
Removing perturbation.
5×3 Matrix{Float64}:
 0.0  0.0  0.0
 0.0  0.0  1.0
 1.0  0.0  0.0
 0.0  1.0  0.0
 0.0  0.0  0.0
3-element Vector{Float64}:
 0.40419900012343596
 0.18257355369278377
 0.451490442168326
2×7 Matrix{Float64}:
 0.0  0.0  0.0  1.0  1.0  1.0  0.0
 0.0  0.0  0.0  0.0  0.0  0.0  1.0
3-element Vector{Float64}:
 1.0
 1.0
 1.0
5×3 Matrix{Float64}:
 0.0        0.0        0.0
 0.0957843  0.0957843  0.0
 0.0        0.0        0.0
 0.0376089  0.0376089  0.0
 0.0608811  0.0608811  0.0
3-element Vector{Float64}:
 0.19427428041519013
 0.19427428041519015
 0.0
2×7 Matrix{Float64}:
 0.0  0.0  0.0  0.691038  0.698531  1.0  0.464511
 0.0  0.0  0.0  0.308962  0.301469  0.0  0.535489
3-element Vector{Float64}:
 0.19427428041519013
 0.19427428041519015
 0.0
a: [0.0 0.0 0.0; 0.09578425263413035 0.0957842526341304 0.0; 0.0 0.0 0.0; 0.037608882853151976 0.03760888285315195 0.0; 0.060881144927907783 0.060881144927907804 0.0]
b: [0.19427428041519013, 0.19427428041519015, 0.0]
c: [0.0 0.0 0.0 0.6910381295107014 0.6985314998068748 1.0 0.4645113104417531; 0.0 0.0 0.0 0.3089618704892986 0.3014685001931252 0.0 0.5354886895582469]
d: [0.19427428041519013, 0.19427428041519015, 0.0]
comparison (CRT and Glb)on prediction: Dict{Bool, Int64}(0 => 45, 1 => 80)
Dataname	 time	 objv	 lb	 gap	 train_w	 train_g	 test_w	 test_g
/work_bgfs/n/navarrodelacruz/odt/optimal_decision_tree/augmented_datasets/body/body_793.body	 27.65	 0.019427428041519014	 N/A	 N/A	 89.247	 51.613	 84.0	 51.2
