Running 6 processes.
Start training /work_bgfs/n/navarrodelacruz/odt/optimal_decision_tree/augmented_datasets/body/body_517.body with seed 1.
Any[]
(5, 497)
(5, 249)
(5, 124)
(5, 124)
dimension: 5, class: 2
cart cost: 68.36568627450978
size of X: (5, 373)
Using method: Global linear DT optimization
Version identifier: 20.1.0.0 | 2020-11-10 | 9bedb6d68
CPXPARAM_Threads                                 1
CPXPARAM_TimeLimit                               1728000
Tried aggregator 1 time.
Aggregator did 4 substitutions.
Reduced LP has 4857 rows, 1890 columns, and 28364 nonzeros.
Presolve time = 0.01 sec. (8.72 ticks)
Initializing dual steep norms . . .

Iteration log . . .
Iteration:     1   Dual objective     =             0.000000
Perturbation started.
Iteration:   101   Dual objective     =             0.000000
Iteration:   458   Dual objective     =             0.000085
Iteration:   666   Dual objective     =             0.000133
Iteration:   844   Dual objective     =             0.013438
Iteration:  1038   Dual objective     =             0.016179
Iteration:  1228   Dual objective     =             0.018354
Iteration:  1399   Dual objective     =             0.018786
Removing perturbation.
5×3 Matrix{Float64}:
 0.0  0.0  0.0
 0.0  0.0  1.0
 1.0  0.0  0.0
 0.0  1.0  0.0
 0.0  0.0  0.0
3-element Vector{Float64}:
 0.40560086996047073
 0.1846165076675138
 0.3779116631121154
2×7 Matrix{Float64}:
 0.0  0.0  0.0  1.0  1.0  1.0  0.0
 0.0  0.0  0.0  0.0  0.0  0.0  1.0
3-element Vector{Float64}:
 1.0
 1.0
 1.0
5×3 Matrix{Float64}:
 0.0        0.0        0.0
 0.09103    0.09103    0.0
 0.0        0.0        0.0
 0.0576117  0.0576117  0.0
 0.045363   0.045363   0.0
3-element Vector{Float64}:
 0.19400480766123207
 0.19400480766123207
 0.0
2×7 Matrix{Float64}:
 0.0  0.0  0.0  0.689745  0.691072  1.0  0.459052
 0.0  0.0  0.0  0.310255  0.308928  0.0  0.540948
3-element Vector{Float64}:
 0.19400480766123207
 0.19400480766123207
 0.0
a: [0.0 0.0 0.0; 0.0910300437285234 0.0910300437285234 0.0; 0.0 0.0 0.0; 0.057611724458147814 0.05761172445814782 0.0; 0.045363039474560884 0.04536303947456083 0.0]
b: [0.19400480766123207, 0.19400480766123207, 0.0]
c: [0.0 0.0 0.0 0.6897451350051123 0.691071734703914 1.0 0.4590518038975717; 0.0 0.0 0.0 0.31025486499488775 0.30892826529608597 0.0 0.5409481961024283]
d: [0.19400480766123207, 0.19400480766123207, 0.0]
comparison (CRT and Glb)on prediction: Dict{Bool, Int64}(0 => 56, 1 => 68)
Dataname	 time	 objv	 lb	 gap	 train_w	 train_g	 test_w	 test_g
/work_bgfs/n/navarrodelacruz/odt/optimal_decision_tree/augmented_datasets/body/body_517.body	 27.38	 0.019400480766123208	 N/A	 N/A	 90.617	 51.475	 89.516	 50.806
