Running 6 processes.
Start training /work_bgfs/n/navarrodelacruz/odt/optimal_decision_tree/augmented_datasets/body/body_80.body with seed 1.
Any[]
(5, 497)
(5, 248)
(5, 124)
(5, 125)
dimension: 5, class: 2
cart cost: 75.86484375
size of X: (5, 372)
Using method: Global linear DT optimization
Version identifier: 20.1.0.0 | 2020-11-10 | 9bedb6d68
CPXPARAM_Threads                                 1
CPXPARAM_TimeLimit                               1728000
Tried aggregator 1 time.
Aggregator did 4 substitutions.
Reduced LP has 4844 rows, 1885 columns, and 28292 nonzeros.
Presolve time = 0.01 sec. (8.74 ticks)
Initializing dual steep norms . . .

Iteration log . . .
Iteration:     1   Dual objective     =             0.000000
Perturbation started.
Iteration:   101   Dual objective     =             0.000000
Iteration:   244   Dual objective     =             0.000031
Iteration:   467   Dual objective     =             0.000085
Iteration:   645   Dual objective     =             0.000125
Iteration:   825   Dual objective     =             0.005657
Iteration:  1093   Dual objective     =             0.012305
Iteration:  1297   Dual objective     =             0.016982
Iteration:  1516   Dual objective     =             0.017500
Iteration:  1727   Dual objective     =             0.018427
Iteration:  1892   Dual objective     =             0.018855
Removing perturbation.
5×3 Matrix{Float64}:
 0.0  0.0  0.0
 0.0  0.0  1.0
 1.0  0.0  0.0
 0.0  1.0  0.0
 0.0  0.0  0.0
3-element Vector{Float64}:
 0.4471116243889788
 0.271545407636677
 0.36394852528425814
2×7 Matrix{Float64}:
 0.0  0.0  0.0  1.0  1.0  1.0  0.0
 0.0  0.0  0.0  0.0  0.0  0.0  1.0
3-element Vector{Float64}:
 1.0
 1.0
 1.0
5×3 Matrix{Float64}:
 0.0         0.0         0.0
 0.112854    0.112854    0.0
 0.00465831  0.00465831  0.0
 0.0114451   0.0114451   0.0
 0.0616472   0.0616472   0.0
3-element Vector{Float64}:
 0.19060486188676612
 0.19060486188676615
 0.0
2×7 Matrix{Float64}:
 0.0  0.0  0.0  0.697569  0.705992  1.0  0.463011
 0.0  0.0  0.0  0.302431  0.294008  0.0  0.536989
3-element Vector{Float64}:
 0.19060486188676612
 0.19060486188676615
 0.0
a: [0.0 0.0 0.0; 0.11285428122927196 0.11285428122927174 0.0; 0.004658306180306344 0.004658306180306382 0.0; 0.011445051243568942 0.011445051243569381 0.0; 0.0616472232336189 0.06164722323361865 0.0]
b: [0.19060486188676612, 0.19060486188676615, 0.0]
c: [0.0 0.0 0.0 0.6975686330864275 0.7059923906729935 1.0 0.4630105499664775; 0.0 0.0 0.0 0.30243136691357253 0.29400760932700654 0.0 0.5369894500335225]
d: [0.19060486188676612, 0.19060486188676615, 0.0]
comparison (CRT and Glb)on prediction: Dict{Bool, Int64}(0 => 51, 1 => 74)
Dataname	 time	 objv	 lb	 gap	 train_w	 train_g	 test_w	 test_g
/work_bgfs/n/navarrodelacruz/odt/optimal_decision_tree/augmented_datasets/body/body_80.body	 27.43	 0.019060486188676614	 N/A	 N/A	 89.516	 51.613	 88.8	 51.2
