Running 6 processes.
Start training /work_bgfs/n/navarrodelacruz/odt/optimal_decision_tree/augmented_datasets/body/body_429.body with seed 1.
Any[]
(5, 497)
(5, 248)
(5, 124)
(5, 125)
dimension: 5, class: 2
cart cost: 69.1777777777778
size of X: (5, 372)
Using method: Global linear DT optimization
Version identifier: 20.1.0.0 | 2020-11-10 | 9bedb6d68
CPXPARAM_Threads                                 1
CPXPARAM_TimeLimit                               1728000
Tried aggregator 1 time.
Aggregator did 4 substitutions.
Reduced LP has 4844 rows, 1885 columns, and 28284 nonzeros.
Presolve time = 0.02 sec. (8.67 ticks)
Initializing dual steep norms . . .

Iteration log . . .
Iteration:     1   Dual objective     =             0.000000
Perturbation started.
Iteration:   101   Dual objective     =             0.000000
Iteration:   319   Dual objective     =             0.000041
Iteration:   546   Dual objective     =             0.000075
Iteration:   782   Dual objective     =             0.000132
Iteration:   995   Dual objective     =             0.010042
Iteration:  1225   Dual objective     =             0.015734
Iteration:  1362   Dual objective     =             0.016726
Iteration:  1511   Dual objective     =             0.017605
Iteration:  1694   Dual objective     =             0.018442
Iteration:  1863   Dual objective     =             0.019362
Iteration:  2005   Dual objective     =             0.019389
Removing perturbation.
5×3 Matrix{Float64}:
 0.0  0.0  0.0
 0.0  0.0  1.0
 1.0  1.0  0.0
 0.0  0.0  0.0
 0.0  0.0  0.0
3-element Vector{Float64}:
 0.40102292684591023
 0.26114973511046524
 0.3753257557646177
2×7 Matrix{Float64}:
 0.0  0.0  0.0  1.0  1.0  1.0  0.0
 0.0  0.0  0.0  0.0  0.0  0.0  1.0
3-element Vector{Float64}:
 1.0
 1.0
 1.0
5×3 Matrix{Float64}:
 0.0        0.0        0.0
 0.0910279  0.0910279  0.0
 0.0        0.0        0.0
 0.0551811  0.0551811  0.0
 0.0476386  0.0476386  0.0
3-element Vector{Float64}:
 0.1938476023322927
 0.19384760233229273
 0.0
2×7 Matrix{Float64}:
 0.0  0.0  0.0  0.697909  0.687682  1.0  0.460118
 0.0  0.0  0.0  0.302091  0.312318  0.0  0.539882
3-element Vector{Float64}:
 0.1938476023322927
 0.19384760233229273
 0.0
a: [0.0 0.0 0.0; 0.09102787424478852 0.0910278742447884 0.0; 0.0 0.0 0.0; 0.05518114176012951 0.05518114176012956 0.0; 0.047638586327374687 0.04763858632737487 0.0]
b: [0.1938476023322927, 0.19384760233229273, 0.0]
c: [0.0 0.0 0.0 0.6979087507987894 0.6876824690024677 1.0 0.460117953712878; 0.0 0.0 0.0 0.30209124920121055 0.31231753099753234 0.0 0.539882046287122]
d: [0.1938476023322927, 0.19384760233229273, 0.0]
comparison (CRT and Glb)on prediction: Dict{Bool, Int64}(0 => 58, 1 => 67)
Dataname	 time	 objv	 lb	 gap	 train_w	 train_g	 test_w	 test_g
/work_bgfs/n/navarrodelacruz/odt/optimal_decision_tree/augmented_datasets/body/body_429.body	 27.4	 0.019384760233229274	 N/A	 N/A	 90.591	 50.806	 92.0	 50.4
