Running 6 processes.
Start training /work_bgfs/n/navarrodelacruz/odt/optimal_decision_tree/augmented_datasets/body/body_252.body with seed 1.
Any[]
(5, 497)
(5, 249)
(5, 124)
(5, 124)
dimension: 5, class: 2
cart cost: 63.71976744186043
size of X: (5, 373)
Using method: Global linear DT optimization
Version identifier: 20.1.0.0 | 2020-11-10 | 9bedb6d68
CPXPARAM_Threads                                 1
CPXPARAM_TimeLimit                               1728000
Tried aggregator 1 time.
Aggregator did 4 substitutions.
Reduced LP has 4857 rows, 1890 columns, and 28368 nonzeros.
Presolve time = 0.01 sec. (8.76 ticks)
Initializing dual steep norms . . .

Iteration log . . .
Iteration:     1   Dual objective     =             0.000000
Perturbation started.
Iteration:   101   Dual objective     =             0.000000
Iteration:   443   Dual objective     =             0.000081
Iteration:   675   Dual objective     =             0.000134
Iteration:   936   Dual objective     =             0.011698
Iteration:  1124   Dual objective     =             0.018626
Iteration:  1351   Dual objective     =             0.019346
Removing perturbation.
5×3 Matrix{Float64}:
 0.0  0.0  0.0
 0.0  0.0  1.0
 1.0  0.0  0.0
 0.0  1.0  0.0
 0.0  0.0  0.0
3-element Vector{Float64}:
 0.3980189220931203
 0.2161165484393567
 0.3652585691875997
2×7 Matrix{Float64}:
 0.0  0.0  0.0  1.0  1.0  1.0  0.0
 0.0  0.0  0.0  0.0  0.0  0.0  1.0
3-element Vector{Float64}:
 1.0
 1.0
 1.0
5×3 Matrix{Float64}:
 0.0         0.0         0.0
 0.102665    0.102665    0.0
 0.0         0.0         0.0
 0.00285473  0.00285473  0.0
 0.0869376   0.0869376   0.0
3-element Vector{Float64}:
 0.19245750762323144
 0.19245750762323144
 0.0
2×7 Matrix{Float64}:
 0.0  0.0  0.0  0.689392  0.683642  1.0  0.480399
 0.0  0.0  0.0  0.310608  0.316358  0.0  0.519601
3-element Vector{Float64}:
 0.19245750762323144
 0.19245750762323144
 0.0
a: [0.0 0.0 0.0; 0.10266519895464858 0.10266519895464833 0.0; 0.0 0.0 0.0; 0.0028547296675350484 0.00285472966753586 0.0; 0.08693757900104779 0.08693757900104725 0.0]
b: [0.19245750762323144, 0.19245750762323144, 0.0]
c: [0.0 0.0 0.0 0.6893924765269798 0.683641682901515 1.0 0.4803988967026943; 0.0 0.0 0.0 0.31060752347302023 0.31635831709848505 0.0 0.5196011032973057]
d: [0.19245750762323144, 0.19245750762323144, 0.0]
comparison (CRT and Glb)on prediction: Dict{Bool, Int64}(0 => 57, 1 => 67)
Dataname	 time	 objv	 lb	 gap	 train_w	 train_g	 test_w	 test_g
/work_bgfs/n/navarrodelacruz/odt/optimal_decision_tree/augmented_datasets/body/body_252.body	 27.27	 0.01924575076232314	 N/A	 N/A	 91.153	 51.743	 88.71	 52.419
