Running 6 processes.
Start training /work_bgfs/n/navarrodelacruz/odt/optimal_decision_tree/augmented_datasets/body/body_922.body with seed 1.
Any[]
(5, 497)
(5, 249)
(5, 124)
(5, 124)
dimension: 5, class: 2
cart cost: 68.36568627450978
size of X: (5, 373)
Using method: Global linear DT optimization
Version identifier: 20.1.0.0 | 2020-11-10 | 9bedb6d68
CPXPARAM_Threads                                 1
CPXPARAM_TimeLimit                               1728000
Tried aggregator 1 time.
Aggregator did 4 substitutions.
Reduced LP has 4857 rows, 1890 columns, and 28360 nonzeros.
Presolve time = 0.02 sec. (8.69 ticks)
Initializing dual steep norms . . .

Iteration log . . .
Iteration:     1   Dual objective     =             0.000000
Perturbation started.
Iteration:   101   Dual objective     =             0.000000
Iteration:   321   Dual objective     =             0.000053
Iteration:   629   Dual objective     =             0.000125
Iteration:   792   Dual objective     =             0.000161
Iteration:   958   Dual objective     =             0.015452
Iteration:  1160   Dual objective     =             0.018412
Iteration:  1336   Dual objective     =             0.018423
Iteration:  1505   Dual objective     =             0.019499
Removing perturbation.
5×3 Matrix{Float64}:
 0.0  0.0  0.0
 0.0  0.0  1.0
 1.0  0.0  0.0
 0.0  1.0  0.0
 0.0  0.0  0.0
3-element Vector{Float64}:
 0.39961239539456517
 0.18249954919600672
 0.37698483369009905
2×7 Matrix{Float64}:
 0.0  0.0  0.0  1.0  1.0  1.0  0.0
 0.0  0.0  0.0  0.0  0.0  0.0  1.0
3-element Vector{Float64}:
 1.0
 1.0
 1.0
5×3 Matrix{Float64}:
 0.0        0.0        0.0
 0.0959437  0.0959437  0.0
 0.0        0.0        0.0
 0.0367729  0.0367729  0.0
 0.0615727  0.0615727  0.0
3-element Vector{Float64}:
 0.19428923595447758
 0.1942892359544776
 0.0
2×7 Matrix{Float64}:
 0.0  0.0  0.0  0.689176  0.696899  1.0  0.464658
 0.0  0.0  0.0  0.310824  0.303101  0.0  0.535342
3-element Vector{Float64}:
 0.19428923595447756
 0.1942892359544776
 0.0
a: [0.0 0.0 0.0; 0.09594365769836999 0.09594365769837027 0.0; 0.0 0.0 0.0; 0.03677289261714789 0.036772892617147335 0.0; 0.061572685638959665 0.06157268563896001 0.0]
b: [0.19428923595447758, 0.1942892359544776, 0.0]
c: [0.0 0.0 0.0 0.6891757445311166 0.6968990051936159 1.0 0.4646580785336165; 0.0 0.0 0.0 0.31082425546888337 0.3031009948063841 0.0 0.5353419214663835]
d: [0.19428923595447756, 0.1942892359544776, 0.0]
comparison (CRT and Glb)on prediction: Dict{Bool, Int64}(0 => 62, 1 => 62)
Dataname	 time	 objv	 lb	 gap	 train_w	 train_g	 test_w	 test_g
/work_bgfs/n/navarrodelacruz/odt/optimal_decision_tree/augmented_datasets/body/body_922.body	 27.57	 0.01942892359544776	 N/A	 N/A	 90.617	 51.475	 91.129	 50.806
