Running 6 processes.
Start training /work_bgfs/n/navarrodelacruz/odt/optimal_decision_tree/augmented_datasets/body/body_402.body with seed 1.
Any[]
(5, 497)
(5, 249)
(5, 124)
(5, 124)
dimension: 5, class: 2
cart cost: 68.36568627450978
size of X: (5, 373)
Using method: Global linear DT optimization
Version identifier: 20.1.0.0 | 2020-11-10 | 9bedb6d68
CPXPARAM_Threads                                 1
CPXPARAM_TimeLimit                               1728000
Tried aggregator 1 time.
Aggregator did 4 substitutions.
Reduced LP has 4857 rows, 1890 columns, and 28364 nonzeros.
Presolve time = 0.01 sec. (8.72 ticks)
Initializing dual steep norms . . .

Iteration log . . .
Iteration:     1   Dual objective     =             0.000000
Perturbation started.
Iteration:   101   Dual objective     =             0.000000
Iteration:   269   Dual objective     =             0.000037
Iteration:   517   Dual objective     =             0.000086
Iteration:   712   Dual objective     =             0.000133
Iteration:   873   Dual objective     =             0.001661
Iteration:  1071   Dual objective     =             0.013412
Iteration:  1311   Dual objective     =             0.016041
Iteration:  1516   Dual objective     =             0.017367
Iteration:  1708   Dual objective     =             0.019199
Removing perturbation.
5×3 Matrix{Float64}:
 0.0  0.0  0.0
 0.0  0.0  1.0
 1.0  1.0  0.0
 0.0  0.0  0.0
 0.0  0.0  0.0
3-element Vector{Float64}:
 0.40609535690334175
 0.2754180940254111
 0.35340642645590414
2×7 Matrix{Float64}:
 0.0  0.0  0.0  1.0  1.0  1.0  0.0
 0.0  0.0  0.0  0.0  0.0  0.0  1.0
3-element Vector{Float64}:
 1.0
 1.0
 1.0
5×3 Matrix{Float64}:
 0.0        0.0        0.0
 0.0899968  0.0899968  0.0
 0.0        0.0        0.0
 0.0584595  0.0584595  0.0
 0.0454575  0.0454575  0.0
3-element Vector{Float64}:
 0.19391376149584316
 0.19391376149584316
 0.0
2×7 Matrix{Float64}:
 0.0  0.0  0.0  0.689597  0.693017  1.0  0.459262
 0.0  0.0  0.0  0.310403  0.306983  0.0  0.540738
3-element Vector{Float64}:
 0.19391376149584316
 0.19391376149584316
 0.0
a: [0.0 0.0 0.0; 0.08999678278320061 0.08999678278320057 0.0; 0.0 0.0 0.0; 0.05845949448318496 0.058459494483185104 0.0; 0.04545748422945757 0.045457484229457466 0.0]
b: [0.19391376149584316, 0.19391376149584316, 0.0]
c: [0.0 0.0 0.0 0.6895974457578169 0.6930173442257472 1.0 0.45926199729969275; 0.0 0.0 0.0 0.3104025542421831 0.30698265577425277 0.0 0.5407380027003073]
d: [0.19391376149584316, 0.19391376149584316, 0.0]
comparison (CRT and Glb)on prediction: Dict{Bool, Int64}(0 => 56, 1 => 68)
Dataname	 time	 objv	 lb	 gap	 train_w	 train_g	 test_w	 test_g
/work_bgfs/n/navarrodelacruz/odt/optimal_decision_tree/augmented_datasets/body/body_402.body	 27.64	 0.019391376149584316	 N/A	 N/A	 90.617	 51.475	 87.903	 50.806
