Running 6 processes.
Start training /work_bgfs/n/navarrodelacruz/odt/optimal_decision_tree/augmented_datasets/body/body_538.body with seed 1.
Any[]
(5, 497)
(5, 248)
(5, 124)
(5, 125)
dimension: 5, class: 2
cart cost: 70.040625
size of X: (5, 372)
Using method: Global linear DT optimization
Version identifier: 20.1.0.0 | 2020-11-10 | 9bedb6d68
CPXPARAM_Threads                                 1
CPXPARAM_TimeLimit                               1728000
Tried aggregator 1 time.
Aggregator did 4 substitutions.
Reduced LP has 4844 rows, 1885 columns, and 28288 nonzeros.
Presolve time = 0.02 sec. (8.69 ticks)
Initializing dual steep norms . . .

Iteration log . . .
Iteration:     1   Dual objective     =             0.000000
Perturbation started.
Iteration:   101   Dual objective     =             0.000000
Iteration:   291   Dual objective     =             0.000041
Iteration:   530   Dual objective     =             0.000086
Iteration:   706   Dual objective     =             0.000126
Iteration:   907   Dual objective     =             0.012315
Iteration:  1114   Dual objective     =             0.016138
Iteration:  1254   Dual objective     =             0.016154
Iteration:  1453   Dual objective     =             0.017088
Iteration:  1635   Dual objective     =             0.018077
Iteration:  1770   Dual objective     =             0.018198
Iteration:  1992   Dual objective     =             0.019163
Iteration:  2135   Dual objective     =             0.019277
Removing perturbation.
5×3 Matrix{Float64}:
 0.0  0.0  0.0
 0.0  1.0  1.0
 1.0  0.0  0.0
 0.0  0.0  0.0
 0.0  0.0  0.0
3-element Vector{Float64}:
 0.40510500632432306
 0.5552209556825853
 0.38407420413189786
2×7 Matrix{Float64}:
 0.0  0.0  0.0  1.0  1.0  1.0  0.0
 0.0  0.0  0.0  0.0  0.0  0.0  1.0
3-element Vector{Float64}:
 1.0
 1.0
 1.0
5×3 Matrix{Float64}:
 0.0        0.0        0.0
 0.115767   0.115767   0.0
 0.0        0.0        0.0
 0.0134322  0.0134322  0.0
 0.0623696  0.0623696  0.0
3-element Vector{Float64}:
 0.19156909752391535
 0.19156909752391538
 0.0
2×7 Matrix{Float64}:
 0.0  0.0  0.0  0.69893  0.709326  0.0  0.460014
 0.0  0.0  0.0  0.30107  0.290674  1.0  0.539986
3-element Vector{Float64}:
 0.19156909752391535
 0.19156909752391538
 0.0
a: [0.0 0.0 0.0; 0.11576729043514337 0.11576729043514342 0.0; 0.0 0.0 0.0; 0.013432208474776145 0.013432208474776025 0.0; 0.06236959861399584 0.06236959861399588 0.0]
b: [0.19156909752391535, 0.19156909752391538, 0.0]
c: [0.0 0.0 0.0 0.698929537184824 0.7093261548452077 0.0 0.46001422409706305; 0.0 0.0 0.0 0.301070462815176 0.29067384515479233 1.0000000000000007 0.539985775902937]
d: [0.19156909752391535, 0.19156909752391538, 0.0]
comparison (CRT and Glb)on prediction: Dict{Bool, Int64}(0 => 56, 1 => 69)
Dataname	 time	 objv	 lb	 gap	 train_w	 train_g	 test_w	 test_g
/work_bgfs/n/navarrodelacruz/odt/optimal_decision_tree/augmented_datasets/body/body_538.body	 30.63	 0.019156909752391527	 N/A	 N/A	 90.323	 51.613	 88.0	 51.2
