Running 6 processes.
Start training /work_bgfs/n/navarrodelacruz/odt/optimal_decision_tree/augmented_datasets/body/body_308.body with seed 1.
Any[]
(5, 497)
(5, 248)
(5, 124)
(5, 125)
dimension: 5, class: 2
cart cost: 60.33359375000001
size of X: (5, 372)
Using method: Global linear DT optimization
Version identifier: 20.1.0.0 | 2020-11-10 | 9bedb6d68
CPXPARAM_Threads                                 1
CPXPARAM_TimeLimit                               1728000
Tried aggregator 1 time.
Aggregator did 4 substitutions.
Reduced LP has 4844 rows, 1885 columns, and 28292 nonzeros.
Presolve time = 0.03 sec. (8.74 ticks)
Initializing dual steep norms . . .

Iteration log . . .
Iteration:     1   Dual objective     =             0.000000
Perturbation started.
Iteration:   101   Dual objective     =             0.000000
Iteration:   275   Dual objective     =             0.000038
Iteration:   558   Dual objective     =             0.000106
Iteration:   742   Dual objective     =             0.003429
Iteration:   935   Dual objective     =             0.013023
Iteration:  1165   Dual objective     =             0.016881
Iteration:  1348   Dual objective     =             0.018482
Iteration:  1500   Dual objective     =             0.018507
Iteration:  1658   Dual objective     =             0.018701
Iteration:  1823   Dual objective     =             0.019367
Removing perturbation.
5×3 Matrix{Float64}:
 0.0  0.0  0.0
 0.0  1.0  1.0
 1.0  0.0  0.0
 0.0  0.0  0.0
 0.0  0.0  0.0
3-element Vector{Float64}:
 0.45017668677389744
 0.5518166109220741
 0.3884100094966085
2×7 Matrix{Float64}:
 0.0  0.0  0.0  1.0  0.0  1.0  0.0
 0.0  0.0  0.0  0.0  1.0  0.0  1.0
3-element Vector{Float64}:
 1.0
 1.0
 1.0
5×3 Matrix{Float64}:
 0.0        0.0        0.0
 0.0955182  0.0955182  0.0
 0.0        0.0        0.0
 0.0374158  0.0374158  0.0
 0.0611798  0.0611798  0.0
3-element Vector{Float64}:
 0.19411375518619794
 0.19411375518619792
 0.0
2×7 Matrix{Float64}:
 0.0  0.0  0.0  0.689224  0.709439  1.0  0.464806
 0.0  0.0  0.0  0.310776  0.290561  0.0  0.535194
3-element Vector{Float64}:
 0.19411375518619794
 0.19411375518619792
 0.0
a: [0.0 0.0 0.0; 0.09551817551683416 0.09551817551683417 0.0; 0.0 0.0 0.0; 0.0374157799729626 0.03741577997296261 0.0; 0.061179799696401166 0.06117979969640118 0.0]
b: [0.19411375518619794, 0.19411375518619792, 0.0]
c: [0.0 0.0 0.0 0.6892235850203713 0.7094391029570923 1.0 0.4648063351966618; 0.0 0.0 0.0 0.3107764149796287 0.29056089704290766 0.0 0.5351936648033382]
d: [0.19411375518619794, 0.19411375518619792, 0.0]
comparison (CRT and Glb)on prediction: Dict{Bool, Int64}(0 => 57, 1 => 68)
Dataname	 time	 objv	 lb	 gap	 train_w	 train_g	 test_w	 test_g
/work_bgfs/n/navarrodelacruz/odt/optimal_decision_tree/augmented_datasets/body/body_308.body	 43.57	 0.01941137551861979	 N/A	 N/A	 91.667	 51.613	 87.2	 51.2
