Running 6 processes.
Start training /work_bgfs/n/navarrodelacruz/odt/optimal_decision_tree/augmented_datasets/body/body_510.body with seed 1.
Any[]
(5, 497)
(5, 248)
(5, 124)
(5, 125)
dimension: 5, class: 2
cart cost: 60.33359375000001
size of X: (5, 372)
Using method: Global linear DT optimization
Version identifier: 20.1.0.0 | 2020-11-10 | 9bedb6d68
CPXPARAM_Threads                                 1
CPXPARAM_TimeLimit                               1728000
Tried aggregator 1 time.
Aggregator did 4 substitutions.
Reduced LP has 4844 rows, 1885 columns, and 28292 nonzeros.
Presolve time = 0.01 sec. (8.74 ticks)
Initializing dual steep norms . . .

Iteration log . . .
Iteration:     1   Dual objective     =             0.000000
Perturbation started.
Iteration:   101   Dual objective     =             0.000000
Iteration:   353   Dual objective     =             0.000055
Iteration:   576   Dual objective     =             0.000111
Iteration:   742   Dual objective     =             0.000144
Iteration:   917   Dual objective     =             0.014681
Iteration:  1089   Dual objective     =             0.017330
Iteration:  1254   Dual objective     =             0.018268
Iteration:  1464   Dual objective     =             0.018289
Iteration:  1652   Dual objective     =             0.018508
Iteration:  1838   Dual objective     =             0.019168
Removing perturbation.
5×3 Matrix{Float64}:
 0.0  0.0  0.0
 0.0  1.0  1.0
 1.0  0.0  0.0
 0.0  0.0  0.0
 0.0  0.0  0.0
3-element Vector{Float64}:
 0.4650077694040644
 0.552922156722606
 0.37790500441749575
2×7 Matrix{Float64}:
 0.0  0.0  0.0  1.0  0.0  1.0  0.0
 0.0  0.0  0.0  0.0  1.0  0.0  1.0
3-element Vector{Float64}:
 1.0
 1.0
 1.0
5×3 Matrix{Float64}:
 0.0        0.0        0.0
 0.0952177  0.0952177  0.0
 0.0        0.0        0.0
 0.0377746  0.0377746  0.0
 0.0611998  0.0611998  0.0
3-element Vector{Float64}:
 0.19419210905206158
 0.1941921090520616
 0.0
2×7 Matrix{Float64}:
 0.0  0.0  0.0  0.689416  0.712931  0.0  0.464832
 0.0  0.0  0.0  0.310584  0.287069  1.0  0.535168
3-element Vector{Float64}:
 0.19419210905206166
 0.1941921090520616
 0.0
a: [0.0 0.0 0.0; 0.09521769996602575 0.0952176999660262 0.0; 0.0 0.0 0.0; 0.03777464024461885 0.037774640244617866 0.0; 0.06119976884141698 0.06119976884141749 0.0]
b: [0.19419210905206158, 0.1941921090520616, 0.0]
c: [0.0 0.0 0.0 0.6894163304229693 0.7129312200949924 0.0 0.4648324925400368; 0.0 0.0 0.0 0.31058366957703065 0.28706877990500757 1.0 0.5351675074599632]
d: [0.19419210905206166, 0.1941921090520616, 0.0]
comparison (CRT and Glb)on prediction: Dict{Bool, Int64}(0 => 57, 1 => 68)
Dataname	 time	 objv	 lb	 gap	 train_w	 train_g	 test_w	 test_g
/work_bgfs/n/navarrodelacruz/odt/optimal_decision_tree/augmented_datasets/body/body_510.body	 27.46	 0.019419210905206166	 N/A	 N/A	 91.667	 51.613	 87.2	 51.2
