Running 6 processes.
Start training /work_bgfs/n/navarrodelacruz/odt/optimal_decision_tree/augmented_datasets/body/body_167.body with seed 1.
Any[]
(5, 497)
(5, 249)
(5, 125)
(5, 123)
dimension: 5, class: 2
cart cost: 72.54763779527556
size of X: (5, 374)
Using method: Global linear DT optimization
Version identifier: 20.1.0.0 | 2020-11-10 | 9bedb6d68
CPXPARAM_Threads                                 1
CPXPARAM_TimeLimit                               1728000
Tried aggregator 1 time.
Aggregator did 4 substitutions.
Reduced LP has 4870 rows, 1895 columns, and 28448 nonzeros.
Presolve time = 0.02 sec. (8.86 ticks)
Initializing dual steep norms . . .

Iteration log . . .
Iteration:     1   Dual objective     =             0.000000
Perturbation started.
Iteration:   101   Dual objective     =             0.000000
Iteration:   439   Dual objective     =             0.000081
Iteration:   642   Dual objective     =             0.000125
Iteration:   799   Dual objective     =             0.011040
Iteration:   996   Dual objective     =             0.016400
Iteration:  1146   Dual objective     =             0.017721
Iteration:  1335   Dual objective     =             0.018325
Iteration:  1498   Dual objective     =             0.019504
Removing perturbation.
5×3 Matrix{Float64}:
 0.0  0.0  0.0
 0.0  0.0  1.0
 1.0  0.0  0.0
 0.0  1.0  0.0
 0.0  0.0  0.0
3-element Vector{Float64}:
 0.4067528467676377
 0.1833262972205888
 0.37704724069276724
2×7 Matrix{Float64}:
 0.0  0.0  0.0  1.0  1.0  1.0  0.0
 0.0  0.0  0.0  0.0  0.0  0.0  1.0
3-element Vector{Float64}:
 1.0
 1.0
 1.0
5×3 Matrix{Float64}:
 0.0        0.0        0.0
 0.0904266  0.0904266  0.0
 0.0        0.0        0.0
 0.0580038  0.0580038  0.0
 0.0455313  0.0455313  0.0
3-element Vector{Float64}:
 0.19396167605272266
 0.19396167605272266
 0.0
2×7 Matrix{Float64}:
 0.0  0.0  0.0  0.692659  0.701638  1.0  0.459167
 0.0  0.0  0.0  0.307341  0.298362  0.0  0.540833
3-element Vector{Float64}:
 0.19396167605272266
 0.19396167605272266
 0.0
a: [0.0 0.0 0.0; 0.09042659382590278 0.09042659382590318 0.0; 0.0 0.0 0.0; 0.058003757012726906 0.058003757012727086 0.0; 0.04553132521409297 0.04553132521409228 0.0]
b: [0.19396167605272266, 0.19396167605272266, 0.0]
c: [0.0 0.0 0.0 0.692659236137391 0.7016381006003448 1.0 0.45916743115900127; 0.0 0.0 0.0 0.307340763862609 0.2983618993996552 0.0 0.5408325688409987]
d: [0.19396167605272266, 0.19396167605272266, 0.0]
comparison (CRT and Glb)on prediction: Dict{Bool, Int64}(0 => 57, 1 => 66)
Dataname	 time	 objv	 lb	 gap	 train_w	 train_g	 test_w	 test_g
/work_bgfs/n/navarrodelacruz/odt/optimal_decision_tree/augmented_datasets/body/body_167.body	 27.32	 0.019396167605272262	 N/A	 N/A	 90.107	 51.07	 89.431	 51.22
