Running 6 processes.
Start training /work_bgfs/n/navarrodelacruz/odt/optimal_decision_tree/augmented_datasets/body/body_897.body with seed 1.
Any[]
(5, 497)
(5, 249)
(5, 125)
(5, 123)
dimension: 5, class: 2
cart cost: 66.67755905511812
size of X: (5, 374)
Using method: Global linear DT optimization
Version identifier: 20.1.0.0 | 2020-11-10 | 9bedb6d68
CPXPARAM_Threads                                 1
CPXPARAM_TimeLimit                               1728000
Tried aggregator 1 time.
Aggregator did 4 substitutions.
Reduced LP has 4870 rows, 1895 columns, and 28444 nonzeros.
Presolve time = 0.02 sec. (8.79 ticks)
Initializing dual steep norms . . .

Iteration log . . .
Iteration:     1   Dual objective     =             0.000000
Perturbation started.
Iteration:   101   Dual objective     =             0.000000
Iteration:   382   Dual objective     =             0.000067
Iteration:   605   Dual objective     =             0.000119
Iteration:   778   Dual objective     =             0.004784
Iteration:  1042   Dual objective     =             0.014945
Iteration:  1215   Dual objective     =             0.018207
Iteration:  1406   Dual objective     =             0.018250
Iteration:  1567   Dual objective     =             0.019364
Removing perturbation.
5×3 Matrix{Float64}:
 0.0  0.0  0.0
 0.0  0.0  1.0
 1.0  0.0  0.0
 0.0  1.0  0.0
 0.0  0.0  0.0
3-element Vector{Float64}:
 0.40373295381470165
 0.18390349540577783
 0.3770256965387576
2×7 Matrix{Float64}:
 0.0  0.0  0.0  1.0  1.0  1.0  0.0
 0.0  0.0  0.0  0.0  0.0  0.0  1.0
3-element Vector{Float64}:
 1.0
 1.0
 1.0
5×3 Matrix{Float64}:
 0.0        0.0        0.0
 0.0907727  0.0907727  0.0
 0.0        0.0        0.0
 0.057296   0.057296   0.0
 0.0459584  0.0459584  0.0
3-element Vector{Float64}:
 0.19402703167700425
 0.1940270316770042
 0.0
2×7 Matrix{Float64}:
 0.0  0.0  0.0  0.689522  0.67047  0.0  0.459482
 0.0  0.0  0.0  0.310478  0.32953  1.0  0.540518
3-element Vector{Float64}:
 0.19402703167700427
 0.1940270316770042
 0.0
a: [0.0 0.0 0.0; 0.0907727122809894 0.09077271228099049 0.0; 0.0 0.0 0.0; 0.057295956368838885 0.05729595636883589 0.0; 0.04595836302717607 0.04595836302717784 0.0]
b: [0.19402703167700425, 0.1940270316770042, 0.0]
c: [0.0 0.0 0.0 0.689522253247566 0.6704701038511984 0.0 0.4594820049881292; 0.0 0.0 0.0 0.310477746752434 0.32952989614880157 1.0 0.5405179950118708]
d: [0.19402703167700427, 0.1940270316770042, 0.0]
comparison (CRT and Glb)on prediction: Dict{Bool, Int64}(0 => 60, 1 => 63)
Dataname	 time	 objv	 lb	 gap	 train_w	 train_g	 test_w	 test_g
/work_bgfs/n/navarrodelacruz/odt/optimal_decision_tree/augmented_datasets/body/body_897.body	 27.46	 0.01940270316770042	 N/A	 N/A	 90.909	 51.07	 90.244	 51.22
