Running 6 processes.
Start training /work_bgfs/n/navarrodelacruz/odt/optimal_decision_tree/augmented_datasets/body/body_782.body with seed 1.
Any[]
(5, 497)
(5, 248)
(5, 124)
(5, 125)
dimension: 5, class: 2
cart cost: 68.90494071146247
size of X: (5, 372)
Using method: Global linear DT optimization
Version identifier: 20.1.0.0 | 2020-11-10 | 9bedb6d68
CPXPARAM_Threads                                 1
CPXPARAM_TimeLimit                               1728000
Tried aggregator 1 time.
Aggregator did 4 substitutions.
Reduced LP has 4844 rows, 1885 columns, and 28296 nonzeros.
Presolve time = 0.02 sec. (8.81 ticks)
Initializing dual steep norms . . .

Iteration log . . .
Iteration:     1   Dual objective     =             0.000000
Perturbation started.
Iteration:   101   Dual objective     =             0.000000
Iteration:   488   Dual objective     =             0.000093
Iteration:   664   Dual objective     =             0.000130
Iteration:   830   Dual objective     =             0.000168
Iteration:  1009   Dual objective     =             0.017156
Iteration:  1207   Dual objective     =             0.018626
Removing perturbation.
5×3 Matrix{Float64}:
 0.0  0.0  0.0
 0.0  0.0  1.0
 1.0  0.0  0.0
 0.0  1.0  0.0
 0.0  0.0  0.0
3-element Vector{Float64}:
 0.4048349524593488
 0.16793367981132656
 0.37908367236594687
2×7 Matrix{Float64}:
 0.0  0.0  0.0  1.0  1.0  1.0  0.0
 0.0  0.0  0.0  0.0  0.0  0.0  1.0
3-element Vector{Float64}:
 1.0
 1.0
 1.0
5×3 Matrix{Float64}:
 0.0        0.0        0.0
 0.0955927  0.0955927  0.0
 0.0        0.0        0.0
 0.0368691  0.0368691  0.0
 0.061693   0.061693   0.0
3-element Vector{Float64}:
 0.1941547862910512
 0.19415478629105126
 0.0
2×7 Matrix{Float64}:
 0.0  0.0  0.0  0.688413  0.702104  1.0  0.465088
 0.0  0.0  0.0  0.311587  0.297896  0.0  0.534912
3-element Vector{Float64}:
 0.1941547862910512
 0.19415478629105126
 0.0
a: [0.0 0.0 0.0; 0.09559268929539919 0.09559268929539944 0.0; 0.0 0.0 0.0; 0.03686908970487379 0.03686908970487371 0.0; 0.061693007290778236 0.061693007290778125 0.0]
b: [0.1941547862910512, 0.19415478629105126, 0.0]
c: [0.0 0.0 0.0 0.6884131565917049 0.7021040472765961 1.0 0.4650877049356219; 0.0 0.0 0.0 0.3115868434082951 0.29789595272340386 0.0 0.5349122950643781]
d: [0.1941547862910512, 0.19415478629105126, 0.0]
comparison (CRT and Glb)on prediction: Dict{Bool, Int64}(0 => 64, 1 => 61)
Dataname	 time	 objv	 lb	 gap	 train_w	 train_g	 test_w	 test_g
/work_bgfs/n/navarrodelacruz/odt/optimal_decision_tree/augmented_datasets/body/body_782.body	 28.12	 0.019415478629105122	 N/A	 N/A	 90.591	 50.806	 89.6	 51.2
