Running 6 processes.
Start training /work_bgfs/n/navarrodelacruz/odt/optimal_decision_tree/augmented_datasets/body/body_775.body with seed 1.
Any[]
(5, 497)
(5, 249)
(5, 124)
(5, 124)
dimension: 5, class: 2
cart cost: 68.36568627450978
size of X: (5, 373)
Using method: Global linear DT optimization
Version identifier: 20.1.0.0 | 2020-11-10 | 9bedb6d68
CPXPARAM_Threads                                 1
CPXPARAM_TimeLimit                               1728000
Tried aggregator 1 time.
Aggregator did 4 substitutions.
Reduced LP has 4857 rows, 1890 columns, and 28356 nonzeros.
Presolve time = 0.02 sec. (8.69 ticks)
Initializing dual steep norms . . .

Iteration log . . .
Iteration:     1   Dual objective     =             0.000000
Perturbation started.
Iteration:   101   Dual objective     =             0.000000
Iteration:   225   Dual objective     =             0.000026
Iteration:   514   Dual objective     =             0.000095
Iteration:   710   Dual objective     =             0.000136
Iteration:   871   Dual objective     =             0.006261
Iteration:  1067   Dual objective     =             0.018344
Iteration:  1215   Dual objective     =             0.018436
Iteration:  1357   Dual objective     =             0.018805
Removing perturbation.
5×3 Matrix{Float64}:
 0.0  0.0  0.0
 0.0  0.0  1.0
 1.0  0.0  0.0
 0.0  1.0  0.0
 0.0  0.0  0.0
3-element Vector{Float64}:
 0.40278766348666784
 0.1841013092263153
 0.3834333848081843
2×7 Matrix{Float64}:
 0.0  0.0  0.0  1.0  1.0  1.0  0.0
 0.0  0.0  0.0  0.0  0.0  0.0  1.0
3-element Vector{Float64}:
 1.0
 1.0
 1.0
5×3 Matrix{Float64}:
 0.0        0.0        0.0
 0.0909388  0.0909388  0.0
 0.0        0.0        0.0
 0.0564917  0.0564917  0.0
 0.0466287  0.0466287  0.0
3-element Vector{Float64}:
 0.19405924709416447
 0.19405924709416444
 0.0
2×7 Matrix{Float64}:
 0.0  0.0  0.0  0.694087  0.675225  1.0  0.459688
 0.0  0.0  0.0  0.305913  0.324775  0.0  0.540312
3-element Vector{Float64}:
 0.19405924709416453
 0.19405924709416444
 0.0
a: [0.0 0.0 0.0; 0.09093878774016931 0.09093878774016813 0.0; 0.0 0.0 0.0; 0.05649174284048128 0.056491742840479864 0.0; 0.04662871651351386 0.046628716513516445 0.0]
b: [0.19405924709416447, 0.19405924709416444, 0.0]
c: [0.0 0.0 0.0 0.6940870738769553 0.6752247950365458 1.0 0.4596875229073473; 0.0 0.0 0.0 0.30591292612304466 0.32477520496345424 0.0 0.5403124770926526]
d: [0.19405924709416453, 0.19405924709416444, 0.0]
comparison (CRT and Glb)on prediction: Dict{Bool, Int64}(0 => 58, 1 => 66)
Dataname	 time	 objv	 lb	 gap	 train_w	 train_g	 test_w	 test_g
/work_bgfs/n/navarrodelacruz/odt/optimal_decision_tree/augmented_datasets/body/body_775.body	 27.16	 0.01940592470941645	 N/A	 N/A	 90.617	 51.475	 89.516	 50.806
