Running 6 processes.
Start training /work_bgfs/n/navarrodelacruz/odt/optimal_decision_tree/augmented_datasets/body/body_15.body with seed 1.
Any[]
(5, 497)
(5, 249)
(5, 125)
(5, 123)
dimension: 5, class: 2
cart cost: 74.50433070866139
size of X: (5, 374)
Using method: Global linear DT optimization
Version identifier: 20.1.0.0 | 2020-11-10 | 9bedb6d68
CPXPARAM_Threads                                 1
CPXPARAM_TimeLimit                               1728000
Tried aggregator 1 time.
Aggregator did 4 substitutions.
Reduced LP has 4870 rows, 1895 columns, and 28436 nonzeros.
Presolve time = 0.02 sec. (8.72 ticks)
Initializing dual steep norms . . .

Iteration log . . .
Iteration:     1   Dual objective     =             0.000000
Perturbation started.
Iteration:   101   Dual objective     =             0.000000
Iteration:   290   Dual objective     =             0.000024
Iteration:   493   Dual objective     =             0.000043
Iteration:   698   Dual objective     =             0.000087
Iteration:   836   Dual objective     =             0.000115
Iteration:  1005   Dual objective     =             0.000163
Iteration:  1154   Dual objective     =             0.000211
Iteration:  1319   Dual objective     =             0.013332
Iteration:  1476   Dual objective     =             0.016754
Iteration:  1647   Dual objective     =             0.018574
Iteration:  1798   Dual objective     =             0.019215
Iteration:  1977   Dual objective     =             0.019282
Removing perturbation.
5×3 Matrix{Float64}:
 0.0  0.0  0.0
 0.0  0.0  1.0
 1.0  0.0  0.0
 0.0  1.0  0.0
 0.0  0.0  0.0
3-element Vector{Float64}:
 0.44744884242065064
 0.1846549761653085
 0.3781581157364088
2×7 Matrix{Float64}:
 0.0  0.0  0.0  1.0  1.0  1.0  0.0
 0.0  0.0  0.0  0.0  0.0  0.0  1.0
3-element Vector{Float64}:
 1.0
 1.0
 1.0
5×3 Matrix{Float64}:
 0.0        0.0        0.0
 0.0954594  0.0954594  0.0
 0.0        0.0        0.0
 0.0364113  0.0364113  0.0
 0.0624008  0.0624008  0.0
3-element Vector{Float64}:
 0.19427153478137105
 0.19427153478137105
 0.0
2×7 Matrix{Float64}:
 0.0  0.0  0.0  0.683885  0.693794  1.0  0.465115
 0.0  0.0  0.0  0.316115  0.306206  0.0  0.534885
3-element Vector{Float64}:
 0.19427153478137105
 0.19427153478137105
 0.0
a: [0.0 0.0 0.0; 0.0954594410710589 0.09545944107105872 0.0; 0.0 0.0 0.0; 0.03641127286721921 0.03641127286721901 0.0; 0.062400820843092925 0.06240082084309331 0.0]
b: [0.19427153478137105, 0.19427153478137105, 0.0]
c: [0.0 0.0 0.0 0.6838851042631531 0.6937939508365718 1.0 0.46511450297104273; 0.0 0.0 0.0 0.3161148957368469 0.3062060491634282 0.0 0.5348854970289573]
d: [0.19427153478137105, 0.19427153478137105, 0.0]
comparison (CRT and Glb)on prediction: Dict{Bool, Int64}(0 => 51, 1 => 72)
Dataname	 time	 objv	 lb	 gap	 train_w	 train_g	 test_w	 test_g
/work_bgfs/n/navarrodelacruz/odt/optimal_decision_tree/augmented_datasets/body/body_15.body	 28.67	 0.019427153478137102	 N/A	 N/A	 89.84	 51.07	 86.179	 51.22
