Running 6 processes.
Start training /work_bgfs/n/navarrodelacruz/odt/optimal_decision_tree/augmented_datasets/body/body_493.body with seed 1.
Any[]
(5, 497)
(5, 249)
(5, 125)
(5, 123)
dimension: 5, class: 2
cart cost: 70.5909448818898
size of X: (5, 374)
Using method: Global linear DT optimization
Version identifier: 20.1.0.0 | 2020-11-10 | 9bedb6d68
CPXPARAM_Threads                                 1
CPXPARAM_TimeLimit                               1728000
Tried aggregator 1 time.
Aggregator did 4 substitutions.
Reduced LP has 4870 rows, 1895 columns, and 28444 nonzeros.
Presolve time = 0.01 sec. (8.79 ticks)
Initializing dual steep norms . . .

Iteration log . . .
Iteration:     1   Dual objective     =             0.000000
Perturbation started.
Iteration:   101   Dual objective     =             0.000000
Iteration:   296   Dual objective     =             0.000029
Iteration:   504   Dual objective     =             0.000049
Iteration:   658   Dual objective     =             0.000087
Iteration:   833   Dual objective     =             0.000138
Iteration:  1059   Dual objective     =             0.016595
Iteration:  1239   Dual objective     =             0.017206
Iteration:  1408   Dual objective     =             0.017221
Iteration:  1587   Dual objective     =             0.017807
Iteration:  1763   Dual objective     =             0.018784
Iteration:  1915   Dual objective     =             0.019160
Removing perturbation.
5×3 Matrix{Float64}:
 0.0  0.0  0.0
 0.0  0.0  1.0
 1.0  0.0  0.0
 0.0  1.0  0.0
 0.0  0.0  0.0
3-element Vector{Float64}:
 0.40322464094190236
 0.1855974992634175
 0.35129218217794334
2×7 Matrix{Float64}:
 0.0  0.0  0.0  1.0  1.0  1.0  0.0
 0.0  0.0  0.0  0.0  0.0  0.0  1.0
3-element Vector{Float64}:
 1.0
 1.0
 1.0
5×3 Matrix{Float64}:
 0.0214726   0.0214726   0.0
 0.12141     0.12141     0.0
 0.0         0.0         0.0
 0.00103691  0.00103691  0.0
 0.0474172   0.0474172   0.0
3-element Vector{Float64}:
 0.19133635628268658
 0.1913363562826865
 0.0
2×7 Matrix{Float64}:
 0.0  0.0  0.0  0.688956  0.675863  1.0  0.452092
 0.0  0.0  0.0  0.311044  0.324137  0.0  0.547908
3-element Vector{Float64}:
 0.19133635628268658
 0.1913363562826865
 0.0
a: [0.02147257780855471 0.02147257780855264 0.0; 0.1214096306195922 0.12140963061959334 0.0; 0.0 0.0 0.0; 0.0010369084448324517 0.0010369084448323684 0.0; 0.047417239409707275 0.04741723940970814 0.0]
b: [0.19133635628268658, 0.1913363562826865, 0.0]
c: [0.0 0.0 0.0 0.6889562179783503 0.6758628320452873 1.0 0.45209164993108164; 0.0 0.0 0.0 0.31104378202164973 0.3241371679547127 0.0 0.5479083500689184]
d: [0.19133635628268658, 0.1913363562826865, 0.0]
comparison (CRT and Glb)on prediction: Dict{Bool, Int64}(0 => 57, 1 => 66)
Dataname	 time	 objv	 lb	 gap	 train_w	 train_g	 test_w	 test_g
/work_bgfs/n/navarrodelacruz/odt/optimal_decision_tree/augmented_datasets/body/body_493.body	 27.42	 0.019133635628268655	 N/A	 N/A	 90.374	 51.07	 91.057	 51.22
