Running 6 processes.
Start training /work_bgfs/n/navarrodelacruz/odt/optimal_decision_tree/augmented_datasets/body/body_3.body with seed 1.
Any[]
(5, 497)
(5, 249)
(5, 124)
(5, 124)
dimension: 5, class: 2
cart cost: 78.11078431372547
size of X: (5, 373)
Using method: Global linear DT optimization
Version identifier: 20.1.0.0 | 2020-11-10 | 9bedb6d68
CPXPARAM_Threads                                 1
CPXPARAM_TimeLimit                               1728000
Tried aggregator 1 time.
Aggregator did 4 substitutions.
Reduced LP has 4857 rows, 1890 columns, and 28360 nonzeros.
Presolve time = 0.02 sec. (8.69 ticks)
Initializing dual steep norms . . .

Iteration log . . .
Iteration:     1   Dual objective     =             0.000000
Perturbation started.
Iteration:   101   Dual objective     =             0.000000
Iteration:   228   Dual objective     =             0.000029
Iteration:   426   Dual objective     =             0.000054
Iteration:   691   Dual objective     =             0.000096
Iteration:   839   Dual objective     =             0.000132
Iteration:   981   Dual objective     =             0.000177
Iteration:  1206   Dual objective     =             0.011065
Iteration:  1397   Dual objective     =             0.017192
Iteration:  1564   Dual objective     =             0.017820
Iteration:  1717   Dual objective     =             0.019315
Removing perturbation.
5×3 Matrix{Float64}:
 0.0  0.0  0.0
 0.0  0.0  1.0
 1.0  1.0  0.0
 0.0  0.0  0.0
 0.0  0.0  0.0
3-element Vector{Float64}:
 0.4041968601668752
 0.29070362735178096
 0.36486169652441497
2×7 Matrix{Float64}:
 0.0  0.0  0.0  1.0  1.0  1.0  0.0
 0.0  0.0  0.0  0.0  0.0  0.0  1.0
3-element Vector{Float64}:
 1.0
 1.0
 1.0
5×3 Matrix{Float64}:
 0.0        0.0        0.0
 0.113355   0.113355   0.0
 0.0170958  0.0170958  0.0
 0.0        0.0        0.0
 0.0617986  0.0617986  0.0
3-element Vector{Float64}:
 0.19224969288706684
 0.19224969288706684
 0.0
2×7 Matrix{Float64}:
 0.0  0.0  0.0  0.686551  0.683063  1.0  0.459207
 0.0  0.0  0.0  0.313449  0.316937  0.0  0.540793
3-element Vector{Float64}:
 0.19224969288706684
 0.19224969288706684
 0.0
a: [0.0 0.0 0.0; 0.11335528872121195 0.11335528872121203 0.0; 0.017095829022973918 0.01709582902297383 0.0; 0.0 0.0 0.0; 0.061798575142880965 0.061798575142880986 0.0]
b: [0.19224969288706684, 0.19224969288706684, 0.0]
c: [0.0 0.0 0.0 0.6865514354117903 0.6830633656409096 1.0 0.4592071442617751; 0.0 0.0 0.0 0.3134485645882097 0.31693663435909036 0.0 0.5407928557382249]
d: [0.19224969288706684, 0.19224969288706684, 0.0]
comparison (CRT and Glb)on prediction: Dict{Bool, Int64}(0 => 56, 1 => 68)
Dataname	 time	 objv	 lb	 gap	 train_w	 train_g	 test_w	 test_g
/work_bgfs/n/navarrodelacruz/odt/optimal_decision_tree/augmented_datasets/body/body_3.body	 70.18	 0.019224969288706685	 N/A	 N/A	 89.276	 51.475	 91.129	 50.806
