Running 6 processes.
Start training /work_bgfs/n/navarrodelacruz/odt/optimal_decision_tree/augmented_datasets/body/body_316.body with seed 1.
Any[]
(5, 497)
(5, 248)
(5, 124)
(5, 125)
dimension: 5, class: 2
cart cost: 67.83482490272377
size of X: (5, 372)
Using method: Global linear DT optimization
Version identifier: 20.1.0.0 | 2020-11-10 | 9bedb6d68
CPXPARAM_Threads                                 1
CPXPARAM_TimeLimit                               1728000
Tried aggregator 1 time.
Aggregator did 4 substitutions.
Reduced LP has 4844 rows, 1885 columns, and 28288 nonzeros.
Presolve time = 0.02 sec. (8.69 ticks)
Initializing dual steep norms . . .

Iteration log . . .
Iteration:     1   Dual objective     =             0.000000
Perturbation started.
Iteration:   101   Dual objective     =             0.000000
Iteration:   450   Dual objective     =             0.000087
Iteration:   612   Dual objective     =             0.000121
Iteration:   749   Dual objective     =             0.000153
Iteration:   912   Dual objective     =             0.012545
Iteration:  1065   Dual objective     =             0.017269
Iteration:  1233   Dual objective     =             0.019178
Removing perturbation.
5×3 Matrix{Float64}:
 0.0  0.0  0.0
 0.0  1.0  1.0
 1.0  0.0  0.0
 0.0  0.0  0.0
 0.0  0.0  0.0
3-element Vector{Float64}:
 0.45005597624604554
 0.3893447636544483
 0.37746994583413973
2×7 Matrix{Float64}:
 0.0  0.0  0.0  1.0  1.0  1.0  0.0
 0.0  0.0  0.0  0.0  0.0  0.0  1.0
3-element Vector{Float64}:
 1.0
 1.0
 1.0
5×3 Matrix{Float64}:
 0.0        0.0        0.0
 0.0951287  0.0951287  0.0
 0.0        0.0        0.0
 0.0382665  0.0382665  0.0
 0.0608797  0.0608797  0.0
3-element Vector{Float64}:
 0.19427489367786044
 0.19427489367786044
 0.0
2×7 Matrix{Float64}:
 0.0  0.0  0.0  0.690522  0.69182  1.0  0.464917
 0.0  0.0  0.0  0.309478  0.30818  0.0  0.535083
3-element Vector{Float64}:
 0.19427489367786044
 0.19427489367786044
 0.0
a: [0.0 0.0 0.0; 0.09512870872223414 0.09512870872223456 0.0; 0.0 0.0 0.0; 0.03826647545170109 0.0382664754517007 0.0; 0.06087970950392535 0.06087970950392518 0.0]
b: [0.19427489367786044, 0.19427489367786044, 0.0]
c: [0.0 0.0 0.0 0.6905215727548535 0.6918203364153532 1.0 0.46491721711969647; 0.0 0.0 0.0 0.3094784272451465 0.30817966358464677 0.0 0.5350827828803035]
d: [0.19427489367786044, 0.19427489367786044, 0.0]
comparison (CRT and Glb)on prediction: Dict{Bool, Int64}(0 => 46, 1 => 79)
Dataname	 time	 objv	 lb	 gap	 train_w	 train_g	 test_w	 test_g
/work_bgfs/n/navarrodelacruz/odt/optimal_decision_tree/augmented_datasets/body/body_316.body	 32.01	 0.019427489367786044	 N/A	 N/A	 90.591	 51.613	 84.0	 52.0
