Running 6 processes.
Start training /work_bgfs/n/navarrodelacruz/odt/optimal_decision_tree/augmented_datasets/body/body_692.body with seed 1.
Any[]
(5, 497)
(5, 249)
(5, 124)
(5, 124)
dimension: 5, class: 2
cart cost: 97.60098039215684
size of X: (5, 373)
Using method: Global linear DT optimization
Version identifier: 20.1.0.0 | 2020-11-10 | 9bedb6d68
CPXPARAM_Threads                                 1
CPXPARAM_TimeLimit                               1728000
Tried aggregator 1 time.
Aggregator did 4 substitutions.
Reduced LP has 4857 rows, 1890 columns, and 28360 nonzeros.
Presolve time = 0.02 sec. (8.69 ticks)
Initializing dual steep norms . . .

Iteration log . . .
Iteration:     1   Dual objective     =             0.000000
Perturbation started.
Iteration:   101   Dual objective     =             0.000000
Iteration:   309   Dual objective     =             0.000051
Iteration:   591   Dual objective     =             0.000111
Iteration:   768   Dual objective     =             0.008662
Iteration:   964   Dual objective     =             0.015527
Iteration:  1140   Dual objective     =             0.016166
Iteration:  1374   Dual objective     =             0.017097
Iteration:  1565   Dual objective     =             0.019272
Removing perturbation.
5×3 Matrix{Float64}:
 0.0  0.0  0.0
 0.0  0.0  1.0
 1.0  0.0  0.0
 0.0  1.0  0.0
 0.0  0.0  0.0
3-element Vector{Float64}:
 0.40523546827151546
 0.1832256309725515
 0.4532305154946207
2×7 Matrix{Float64}:
 0.0  0.0  0.0  1.0  1.0  1.0  0.0
 0.0  0.0  0.0  0.0  0.0  0.0  1.0
3-element Vector{Float64}:
 1.0
 1.0
 1.0
5×3 Matrix{Float64}:
 0.0        0.0        0.0
 0.114328   0.114328   0.0
 0.0178898  0.0178898  0.0
 0.0        0.0        0.0
 0.0599375  0.0599375  0.0
3-element Vector{Float64}:
 0.1921548974225838
 0.19215489742258374
 0.0
2×7 Matrix{Float64}:
 0.0  0.0  0.0  0.69879  0.689311  1.0  0.458896
 0.0  0.0  0.0  0.30121  0.310689  0.0  0.541104
3-element Vector{Float64}:
 0.19215489742258374
 0.19215489742258374
 0.0
a: [0.0 0.0 0.0; 0.11432765178985552 0.11432765178985572 0.0; 0.017889759335313612 0.01788975933531345 0.0; 0.0 0.0 0.0; 0.05993748629741462 0.05993748629741456 0.0]
b: [0.1921548974225838, 0.19215489742258374, 0.0]
c: [0.0 0.0 0.0 0.6987896226762503 0.6893112057924466 1.0 0.4588958968733108; 0.0 0.0 0.0 0.30121037732374967 0.31068879420755335 0.0 0.5411041031266892]
d: [0.19215489742258374, 0.19215489742258374, 0.0]
comparison (CRT and Glb)on prediction: Dict{Bool, Int64}(0 => 50, 1 => 74)
Dataname	 time	 objv	 lb	 gap	 train_w	 train_g	 test_w	 test_g
/work_bgfs/n/navarrodelacruz/odt/optimal_decision_tree/augmented_datasets/body/body_692.body	 27.2	 0.019215489742258382	 N/A	 N/A	 86.595	 51.475	 87.903	 50.806
