Running 6 processes.
Start training /work_bgfs/n/navarrodelacruz/odt/optimal_decision_tree/augmented_datasets/body/body_420.body with seed 1.
Any[]
(5, 497)
(5, 248)
(5, 124)
(5, 125)
dimension: 5, class: 2
cart cost: 75.86484375
size of X: (5, 372)
Using method: Global linear DT optimization
Version identifier: 20.1.0.0 | 2020-11-10 | 9bedb6d68
CPXPARAM_Threads                                 1
CPXPARAM_TimeLimit                               1728000
Tried aggregator 1 time.
Aggregator did 4 substitutions.
Reduced LP has 4844 rows, 1885 columns, and 28296 nonzeros.
Presolve time = 0.02 sec. (8.81 ticks)
Initializing dual steep norms . . .

Iteration log . . .
Iteration:     1   Dual objective     =             0.000000
Perturbation started.
Iteration:   101   Dual objective     =             0.000000
Iteration:   269   Dual objective     =             0.000033
Iteration:   533   Dual objective     =             0.000098
Iteration:   703   Dual objective     =             0.000139
Iteration:   889   Dual objective     =             0.009171
Iteration:  1053   Dual objective     =             0.015917
Iteration:  1219   Dual objective     =             0.018043
Iteration:  1407   Dual objective     =             0.018274
Iteration:  1605   Dual objective     =             0.018318
Iteration:  1751   Dual objective     =             0.019029
Iteration:  1900   Dual objective     =             0.019514
Removing perturbation.
5×3 Matrix{Float64}:
 0.0  0.0  0.0
 0.0  0.0  1.0
 1.0  0.0  0.0
 0.0  1.0  0.0
 0.0  0.0  0.0
3-element Vector{Float64}:
 0.4022096488577903
 0.1824774151054514
 0.36395480087418713
2×7 Matrix{Float64}:
 0.0  0.0  0.0  1.0  1.0  1.0  0.0
 0.0  0.0  0.0  0.0  0.0  0.0  1.0
3-element Vector{Float64}:
 1.0
 1.0
 1.0
5×3 Matrix{Float64}:
 0.0        0.0        0.0
 0.0878288  0.0878288  0.0153478
 0.0        0.0        0.0
 0.0369053  0.0369053  0.0
 0.0368412  0.0368412  0.0498483
3-element Vector{Float64}:
 0.1615752378559401
 0.1615752378559401
 0.06519607905524583
2×7 Matrix{Float64}:
 0.0  0.0  0.0  0.74445  0.74445  0.88865  0.464994
 0.0  0.0  0.0  0.25555  0.25555  0.11135  0.535006
3-element Vector{Float64}:
 0.16157523785594013
 0.1615752378559401
 0.06519607905524583
a: [0.0 0.0 0.0; 0.08782878016168819 0.08782878016168812 0.015347772376036607; 0.0 0.0 0.0; 0.03690529862079777 0.03690529862079782 0.0; 0.03684115907345417 0.03684115907345421 0.04984830667920909]
b: [0.1615752378559401, 0.1615752378559401, 0.06519607905524583]
c: [0.0 0.0 0.0 0.7444497088211655 0.7444497088211655 0.8886496184948611 0.46499374585967734; 0.0 0.0 0.0 0.25555029117883454 0.25555029117883454 0.11135038150513882 0.5350062541403227]
d: [0.16157523785594013, 0.1615752378559401, 0.06519607905524583]
comparison (CRT and Glb)on prediction: Dict{Bool, Int64}(0 => 58, 1 => 67)
Dataname	 time	 objv	 lb	 gap	 train_w	 train_g	 test_w	 test_g
/work_bgfs/n/navarrodelacruz/odt/optimal_decision_tree/augmented_datasets/body/body_420.body	 28.11	 0.019417327738356298	 N/A	 N/A	 89.516	 51.613	 92.8	 51.2
