Running 6 processes.
Start training /work_bgfs/n/navarrodelacruz/odt/optimal_decision_tree/augmented_datasets/body/body_321.body with seed 1.
Any[]
(5, 497)
(5, 248)
(5, 124)
(5, 125)
dimension: 5, class: 2
cart cost: 79.74765625
size of X: (5, 372)
Using method: Global linear DT optimization
Version identifier: 20.1.0.0 | 2020-11-10 | 9bedb6d68
CPXPARAM_Threads                                 1
CPXPARAM_TimeLimit                               1728000
Tried aggregator 1 time.
Aggregator did 4 substitutions.
Reduced LP has 4844 rows, 1885 columns, and 28296 nonzeros.
Presolve time = 0.02 sec. (8.81 ticks)
Initializing dual steep norms . . .

Iteration log . . .
Iteration:     1   Dual objective     =             0.000000
Perturbation started.
Iteration:   101   Dual objective     =             0.000000
Iteration:   443   Dual objective     =             0.000085
Iteration:   629   Dual objective     =             0.000128
Iteration:   784   Dual objective     =             0.000187
Iteration:   967   Dual objective     =             0.016556
Iteration:  1185   Dual objective     =             0.019356
Removing perturbation.
5×3 Matrix{Float64}:
 0.0  0.0  0.0
 0.0  1.0  1.0
 0.0  0.0  0.0
 1.0  0.0  0.0
 0.0  0.0  0.0
3-element Vector{Float64}:
 0.2681441775206022
 0.4270931727904908
 0.46052054753852195
2×7 Matrix{Float64}:
 0.0  0.0  0.0  1.0  1.0  1.0  0.0
 0.0  0.0  0.0  0.0  0.0  0.0  1.0
3-element Vector{Float64}:
 1.0
 1.0
 1.0
5×3 Matrix{Float64}:
 0.0        0.0        0.0
 0.0911903  0.0911903  0.0
 0.0        0.0        0.0
 0.0550267  0.0550267  0.0
 0.0477275  0.0477275  0.0
3-element Vector{Float64}:
 0.19394443601103387
 0.19394443601103387
 0.0
2×7 Matrix{Float64}:
 0.0  0.0  0.0  0.689325  0.6888  1.0  0.460114
 0.0  0.0  0.0  0.310675  0.3112  0.0  0.539886
3-element Vector{Float64}:
 0.19394443601103387
 0.19394443601103387
 0.0
a: [0.0 0.0 0.0; 0.0911902751476855 0.09119027514768535 0.0; 0.0 0.0 0.0; 0.05502667698699176 0.05502667698699179 0.0; 0.047727483876356676 0.047727483876356724 0.0]
b: [0.19394443601103387, 0.19394443601103387, 0.0]
c: [0.0 0.0 0.0 0.6893254982257946 0.6888002500864463 1.0 0.4601138422146611; 0.0 0.0 0.0 0.3106745017742054 0.3111997499135537 0.0 0.5398861577853389]
d: [0.19394443601103387, 0.19394443601103387, 0.0]
comparison (CRT and Glb)on prediction: Dict{Bool, Int64}(0 => 47, 1 => 78)
Dataname	 time	 objv	 lb	 gap	 train_w	 train_g	 test_w	 test_g
/work_bgfs/n/navarrodelacruz/odt/optimal_decision_tree/augmented_datasets/body/body_321.body	 32.83	 0.019394443601103394	 N/A	 N/A	 88.978	 51.613	 84.0	 51.2
