Running 6 processes.
Start training /work_bgfs/n/navarrodelacruz/odt/optimal_decision_tree/augmented_datasets/body/body_469.body with seed 1.
Any[]
(5, 497)
(5, 248)
(5, 124)
(5, 125)
dimension: 5, class: 2
cart cost: 71.7025291828794
size of X: (5, 372)
Using method: Global linear DT optimization
Version identifier: 20.1.0.0 | 2020-11-10 | 9bedb6d68
CPXPARAM_Threads                                 1
CPXPARAM_TimeLimit                               1728000
Tried aggregator 1 time.
Aggregator did 4 substitutions.
Reduced LP has 4844 rows, 1885 columns, and 28284 nonzeros.
Presolve time = 0.02 sec. (8.67 ticks)
Initializing dual steep norms . . .

Iteration log . . .
Iteration:     1   Dual objective     =             0.000000
Perturbation started.
Iteration:   101   Dual objective     =             0.000000
Iteration:   320   Dual objective     =             0.000050
Iteration:   594   Dual objective     =             0.000115
Iteration:   819   Dual objective     =             0.007385
Iteration:  1013   Dual objective     =             0.017079
Iteration:  1203   Dual objective     =             0.018947
Iteration:  1362   Dual objective     =             0.019186
Removing perturbation.
5×3 Matrix{Float64}:
 0.0  0.0  0.0
 0.0  0.0  1.0
 1.0  1.0  0.0
 0.0  0.0  0.0
 0.0  0.0  0.0
3-element Vector{Float64}:
 0.4056372015920296
 0.2945841850781654
 0.37576231739088894
2×7 Matrix{Float64}:
 0.0  0.0  0.0  1.0  1.0  1.0  0.0
 0.0  0.0  0.0  0.0  0.0  0.0  1.0
3-element Vector{Float64}:
 1.0
 1.0
 1.0
5×3 Matrix{Float64}:
 0.0        0.0        0.0
 0.0953293  0.0953293  0.0
 0.0        0.0        0.0
 0.0373626  0.0373626  0.0
 0.0615712  0.0615712  0.0
3-element Vector{Float64}:
 0.19426316826531115
 0.19426316826531115
 0.0
2×7 Matrix{Float64}:
 0.0  0.0  0.0  0.68805  0.697833  1.0  0.464758
 0.0  0.0  0.0  0.31195  0.302167  0.0  0.535242
3-element Vector{Float64}:
 0.19426316826531112
 0.19426316826531115
 0.0
a: [0.0 0.0 0.0; 0.09532934015683953 0.09532934015683955 0.0; 0.0 0.0 0.0; 0.0373626198057182 0.03736261980571835 0.0; 0.06157120830275344 0.06157120830275333 0.0]
b: [0.19426316826531115, 0.19426316826531115, 0.0]
c: [0.0 0.0 0.0 0.6880502882633882 0.6978330408713801 1.0 0.4647575125669292; 0.0 0.0 0.0 0.3119497117366118 0.3021669591286199 0.0 0.5352424874330708]
d: [0.19426316826531112, 0.19426316826531115, 0.0]
comparison (CRT and Glb)on prediction: Dict{Bool, Int64}(0 => 56, 1 => 69)
Dataname	 time	 objv	 lb	 gap	 train_w	 train_g	 test_w	 test_g
/work_bgfs/n/navarrodelacruz/odt/optimal_decision_tree/augmented_datasets/body/body_469.body	 27.66	 0.019426316826531113	 N/A	 N/A	 90.054	 51.613	 90.4	 52.0
