Running 6 processes.
Start training /work_bgfs/n/navarrodelacruz/odt/optimal_decision_tree/augmented_datasets/body/body_501.body with seed 1.
Any[]
(5, 497)
(5, 249)
(5, 124)
(5, 124)
dimension: 5, class: 2
cart cost: 67.572480620155
size of X: (5, 373)
Using method: Global linear DT optimization
Version identifier: 20.1.0.0 | 2020-11-10 | 9bedb6d68
CPXPARAM_Threads                                 1
CPXPARAM_TimeLimit                               1728000
Tried aggregator 1 time.
Aggregator did 4 substitutions.
Reduced LP has 4857 rows, 1890 columns, and 28368 nonzeros.
Presolve time = 0.02 sec. (8.76 ticks)
Initializing dual steep norms . . .

Iteration log . . .
Iteration:     1   Dual objective     =             0.000000
Perturbation started.
Iteration:   101   Dual objective     =             0.000000
Iteration:   290   Dual objective     =             0.000035
Iteration:   481   Dual objective     =             0.000053
Iteration:   690   Dual objective     =             0.000102
Iteration:   860   Dual objective     =             0.000149
Iteration:  1005   Dual objective     =             0.001743
Iteration:  1172   Dual objective     =             0.014335
Iteration:  1351   Dual objective     =             0.018130
Iteration:  1508   Dual objective     =             0.019213
Removing perturbation.
5×3 Matrix{Float64}:
 0.0  0.0  0.0
 0.0  0.0  1.0
 1.0  0.0  0.0
 0.0  1.0  0.0
 0.0  0.0  0.0
3-element Vector{Float64}:
 0.39827897714666205
 0.1831541396343064
 0.36681499171083437
2×7 Matrix{Float64}:
 0.0  0.0  0.0  1.0  1.0  1.0  0.0
 0.0  0.0  0.0  0.0  0.0  0.0  1.0
3-element Vector{Float64}:
 1.0
 1.0
 1.0
5×3 Matrix{Float64}:
 0.0        0.0        0.0
 0.113375   0.113375   0.0
 0.0183667  0.0183667  0.0
 0.0        0.0        0.0
 0.0606761  0.0606761  0.0
3-element Vector{Float64}:
 0.19241752256284156
 0.19241752256284156
 0.0
2×7 Matrix{Float64}:
 0.0  0.0  0.0  0.698977  0.702908  1.0  0.458514
 0.0  0.0  0.0  0.301023  0.297092  0.0  0.541486
3-element Vector{Float64}:
 0.19241752256284156
 0.19241752256284156
 0.0
a: [0.0 0.0 0.0; 0.11337471825896235 0.11337471825896211 0.0; 0.018366737129116295 0.018366737129116295 0.0; 0.0 0.0 0.0; 0.06067606717476285 0.06067606717476315 0.0]
b: [0.19241752256284156, 0.19241752256284156, 0.0]
c: [0.0 0.0 0.0 0.698977463701284 0.7029075106933891 1.0 0.4585142330192147; 0.0 0.0 0.0 0.301022536298716 0.2970924893066109 0.0 0.5414857669807853]
d: [0.19241752256284156, 0.19241752256284156, 0.0]
comparison (CRT and Glb)on prediction: Dict{Bool, Int64}(0 => 56, 1 => 68)
Dataname	 time	 objv	 lb	 gap	 train_w	 train_g	 test_w	 test_g
/work_bgfs/n/navarrodelacruz/odt/optimal_decision_tree/augmented_datasets/body/body_501.body	 27.5	 0.019241752256284154	 N/A	 N/A	 90.617	 51.743	 91.129	 52.419
