Running 6 processes.
Start training /work_bgfs/n/navarrodelacruz/odt/optimal_decision_tree/augmented_datasets/body/body_324.body with seed 1.
Any[]
(5, 497)
(5, 248)
(5, 124)
(5, 125)
dimension: 5, class: 2
cart cost: 66.15781250000002
size of X: (5, 372)
Using method: Global linear DT optimization
Version identifier: 20.1.0.0 | 2020-11-10 | 9bedb6d68
CPXPARAM_Threads                                 1
CPXPARAM_TimeLimit                               1728000
Tried aggregator 1 time.
Aggregator did 4 substitutions.
Reduced LP has 4844 rows, 1885 columns, and 28284 nonzeros.
Presolve time = 0.02 sec. (8.67 ticks)
Initializing dual steep norms . . .

Iteration log . . .
Iteration:     1   Dual objective     =             0.000000
Perturbation started.
Iteration:   101   Dual objective     =             0.000000
Iteration:   268   Dual objective     =             0.000036
Iteration:   484   Dual objective     =             0.000086
Iteration:   780   Dual objective     =             0.000156
Iteration:  1007   Dual objective     =             0.016016
Iteration:  1156   Dual objective     =             0.017255
Iteration:  1306   Dual objective     =             0.017735
Iteration:  1468   Dual objective     =             0.018418
Iteration:  1676   Dual objective     =             0.018760
Removing perturbation.
5×3 Matrix{Float64}:
 0.0  0.0  0.0
 0.0  0.0  1.0
 1.0  0.0  0.0
 0.0  1.0  0.0
 0.0  0.0  0.0
3-element Vector{Float64}:
 0.4066973063913021
 0.16566430985077762
 0.4004986167530936
2×7 Matrix{Float64}:
 0.0  0.0  0.0  1.0  1.0  1.0  0.0
 0.0  0.0  0.0  0.0  0.0  0.0  1.0
3-element Vector{Float64}:
 1.0
 1.0
 1.0
5×3 Matrix{Float64}:
 0.0        0.0        0.0
 0.0819933  0.0819933  0.0
 0.01526    0.01526    0.0
 0.0612957  0.0612957  0.0
 0.0304981  0.0304981  0.0
3-element Vector{Float64}:
 0.18904723152310243
 0.18904723152310243
 0.0
2×7 Matrix{Float64}:
 0.0  0.0  0.0  0.700163  0.705708  1.0  0.469987
 0.0  0.0  0.0  0.299837  0.294292  0.0  0.530013
3-element Vector{Float64}:
 0.18904723152310243
 0.18904723152310243
 0.0
a: [0.0 0.0 0.0; 0.08199334168605019 0.08199334168605024 0.0; 0.015260046462441597 0.015260046462441501 0.0; 0.061295705356500224 0.061295705356500314 0.0; 0.03049813801811041 0.030498138018110375 0.0]
b: [0.18904723152310243, 0.18904723152310243, 0.0]
c: [0.0 0.0 0.0 0.7001634631343632 0.7057084453007495 1.0 0.46998714373153516; 0.0 0.0 0.0 0.2998365368656368 0.2942915546992505 0.0 0.5300128562684648]
d: [0.18904723152310243, 0.18904723152310243, 0.0]
comparison (CRT and Glb)on prediction: Dict{Bool, Int64}(0 => 49, 1 => 76)
Dataname	 time	 objv	 lb	 gap	 train_w	 train_g	 test_w	 test_g
/work_bgfs/n/navarrodelacruz/odt/optimal_decision_tree/augmented_datasets/body/body_324.body	 31.01	 0.018904723152310243	 N/A	 N/A	 90.86	 51.613	 84.0	 51.2
