Running 6 processes.
Start training /work_bgfs/n/navarrodelacruz/odt/optimal_decision_tree/augmented_datasets/body/body_661.body with seed 1.
Any[]
(5, 497)
(5, 248)
(5, 124)
(5, 125)
dimension: 5, class: 2
cart cost: 70.040625
size of X: (5, 372)
Using method: Global linear DT optimization
Version identifier: 20.1.0.0 | 2020-11-10 | 9bedb6d68
CPXPARAM_Threads                                 1
CPXPARAM_TimeLimit                               1728000
Tried aggregator 1 time.
Aggregator did 4 substitutions.
Reduced LP has 4844 rows, 1885 columns, and 28288 nonzeros.
Presolve time = 0.01 sec. (8.69 ticks)
Initializing dual steep norms . . .

Iteration log . . .
Iteration:     1   Dual objective     =             0.000000
Perturbation started.
Iteration:   101   Dual objective     =             0.000000
Iteration:   392   Dual objective     =             0.000065
Iteration:   637   Dual objective     =             0.000123
Iteration:   819   Dual objective     =             0.002041
Iteration:   990   Dual objective     =             0.016168
Iteration:  1173   Dual objective     =             0.018404
Iteration:  1336   Dual objective     =             0.019504
Removing perturbation.
5×3 Matrix{Float64}:
 0.0  0.0  0.0
 0.0  1.0  1.0
 1.0  0.0  0.0
 0.0  0.0  0.0
 0.0  0.0  0.0
3-element Vector{Float64}:
 0.49655309392072244
 0.5266900972890352
 0.39374284742181176
2×7 Matrix{Float64}:
 0.0  0.0  0.0  1.0  0.0  1.0  0.0
 0.0  0.0  0.0  0.0  1.0  0.0  1.0
3-element Vector{Float64}:
 1.0
 1.0
 1.0
5×3 Matrix{Float64}:
 0.0        0.0        0.0
 0.0896254  0.0896254  0.0
 0.0        0.0        0.0
 0.0595436  0.0595436  0.0
 0.0448206  0.0448206  0.0
3-element Vector{Float64}:
 0.19398957606332945
 0.19398957606332945
 0.0
2×7 Matrix{Float64}:
 0.0  0.0  0.0  0.689581  0.683048  1.0  0.459053
 0.0  0.0  0.0  0.310419  0.316952  0.0  0.540947
3-element Vector{Float64}:
 0.19398957606332945
 0.19398957606332945
 0.0
a: [0.0 0.0 0.0; 0.08962539708745174 0.08962539708745174 0.0; 0.0 0.0 0.0; 0.059543623642026144 0.059543623642026366 0.0; 0.044820555333851514 0.044820555333851396 0.0]
b: [0.19398957606332945, 0.19398957606332945, 0.0]
c: [0.0 0.0 0.0 0.6895807116044687 0.6830479325796213 1.0 0.4590532838373105; 0.0 0.0 0.0 0.31041928839553135 0.31695206742037874 0.0 0.5409467161626895]
d: [0.19398957606332945, 0.19398957606332945, 0.0]
comparison (CRT and Glb)on prediction: Dict{Bool, Int64}(0 => 62, 1 => 63)
Dataname	 time	 objv	 lb	 gap	 train_w	 train_g	 test_w	 test_g
/work_bgfs/n/navarrodelacruz/odt/optimal_decision_tree/augmented_datasets/body/body_661.body	 27.4	 0.019398957606332947	 N/A	 N/A	 90.323	 51.613	 84.8	 51.2
