Running 6 processes.
Start training /work_bgfs/n/navarrodelacruz/odt/optimal_decision_tree/augmented_datasets/body/body_398.body with seed 1.
Any[]
(5, 497)
(5, 248)
(5, 124)
(5, 125)
dimension: 5, class: 2
cart cost: 65.90097276264595
size of X: (5, 372)
Using method: Global linear DT optimization
Version identifier: 20.1.0.0 | 2020-11-10 | 9bedb6d68
CPXPARAM_Threads                                 1
CPXPARAM_TimeLimit                               1728000
Tried aggregator 1 time.
Aggregator did 4 substitutions.
Reduced LP has 4844 rows, 1885 columns, and 28284 nonzeros.
Presolve time = 0.02 sec. (8.67 ticks)
Initializing dual steep norms . . .

Iteration log . . .
Iteration:     1   Dual objective     =             0.000000
Perturbation started.
Iteration:   101   Dual objective     =             0.000000
Iteration:   351   Dual objective     =             0.000059
Iteration:   506   Dual objective     =             0.000096
Iteration:   739   Dual objective     =             0.000151
Iteration:   900   Dual objective     =             0.016521
Iteration:  1109   Dual objective     =             0.017030
Iteration:  1290   Dual objective     =             0.018234
Iteration:  1458   Dual objective     =             0.019144
Removing perturbation.
5×3 Matrix{Float64}:
 0.0  0.0  0.0
 0.0  0.0  1.0
 1.0  0.0  0.0
 0.0  1.0  0.0
 0.0  0.0  0.0
3-element Vector{Float64}:
 0.405262223994698
 0.19179712571121277
 0.37886340338411273
2×7 Matrix{Float64}:
 0.0  0.0  0.0  1.0  1.0  1.0  0.0
 0.0  0.0  0.0  0.0  0.0  0.0  1.0
3-element Vector{Float64}:
 1.0
 1.0
 1.0
5×3 Matrix{Float64}:
 0.0        0.0        0.0
 0.115798   0.115798   0.0
 0.0        0.0        0.0
 0.0131072  0.0131072  0.0
 0.061526   0.061526   0.0
3-element Vector{Float64}:
 0.19043091340957993
 0.19043091340957988
 0.0
2×7 Matrix{Float64}:
 0.0  0.0  0.0  0.697941  0.687077  1.0  0.461372
 0.0  0.0  0.0  0.302059  0.312923  0.0  0.538628
3-element Vector{Float64}:
 0.19043091340957996
 0.19043091340957993
 0.0
a: [0.0 0.0 0.0; 0.11579773000682103 0.11579773000682064 0.0; 0.0 0.0 0.0; 0.01310720067245176 0.013107200672452047 0.0; 0.06152598273030713 0.06152598273030716 0.0]
b: [0.19043091340957993, 0.19043091340957988, 0.0]
c: [0.0 0.0 0.0 0.6979408521210398 0.687076961186865 1.0 0.461371605400407; 0.0 0.0 0.0 0.30205914787896015 0.312923038813135 0.0 0.538628394599593]
d: [0.19043091340957996, 0.19043091340957993, 0.0]
comparison (CRT and Glb)on prediction: Dict{Bool, Int64}(0 => 56, 1 => 69)
Dataname	 time	 objv	 lb	 gap	 train_w	 train_g	 test_w	 test_g
/work_bgfs/n/navarrodelacruz/odt/optimal_decision_tree/augmented_datasets/body/body_398.body	 27.44	 0.019043091340958003	 N/A	 N/A	 90.86	 51.613	 87.2	 52.0
