Running 6 processes.
Start training /work_bgfs/n/navarrodelacruz/odt/optimal_decision_tree/augmented_datasets/body/body_791.body with seed 1.
Any[]
(5, 497)
(5, 249)
(5, 124)
(5, 124)
dimension: 5, class: 2
cart cost: 68.36568627450978
size of X: (5, 373)
Using method: Global linear DT optimization
Version identifier: 20.1.0.0 | 2020-11-10 | 9bedb6d68
CPXPARAM_Threads                                 1
CPXPARAM_TimeLimit                               1728000
Tried aggregator 1 time.
Aggregator did 4 substitutions.
Reduced LP has 4857 rows, 1890 columns, and 28368 nonzeros.
Presolve time = 0.02 sec. (8.76 ticks)
Initializing dual steep norms . . .

Iteration log . . .
Iteration:     1   Dual objective     =             0.000000
Perturbation started.
Iteration:   101   Dual objective     =             0.000000
Iteration:   319   Dual objective     =             0.000047
Iteration:   519   Dual objective     =             0.000065
Iteration:   714   Dual objective     =             0.000116
Iteration:   884   Dual objective     =             0.000162
Iteration:  1107   Dual objective     =             0.014367
Iteration:  1289   Dual objective     =             0.016333
Iteration:  1494   Dual objective     =             0.016960
Iteration:  1680   Dual objective     =             0.017142
Iteration:  1834   Dual objective     =             0.019245
Removing perturbation.
5×3 Matrix{Float64}:
 0.0  0.0  0.0
 0.0  1.0  1.0
 1.0  0.0  0.0
 0.0  0.0  0.0
 0.0  0.0  0.0
3-element Vector{Float64}:
 0.4057013889668356
 0.5254632745639753
 0.377151897845574
2×7 Matrix{Float64}:
 0.0  0.0  0.0  1.0  1.0  1.0  0.0
 0.0  0.0  0.0  0.0  0.0  0.0  1.0
3-element Vector{Float64}:
 1.0
 1.0
 1.0
5×3 Matrix{Float64}:
 0.0        0.0        0.0
 0.0906974  0.0906974  0.0
 0.0        0.0        0.0
 0.0562224  0.0562224  0.0
 0.046904   0.046904   0.0
3-element Vector{Float64}:
 0.19382375797887588
 0.19382375797887574
 0.0
2×7 Matrix{Float64}:
 0.0  0.0  0.0  0.685278  0.698578  1.0  0.460011
 0.0  0.0  0.0  0.314722  0.301422  0.0  0.539989
3-element Vector{Float64}:
 0.19382375797887588
 0.19382375797887574
 0.0
a: [0.0 0.0 0.0; 0.09069738172123824 0.09069738172123665 0.0; 0.0 0.0 0.0; 0.05622239964130337 0.05622239964130715 0.0; 0.04690397661633429 0.04690397661633195 0.0]
b: [0.19382375797887588, 0.19382375797887574, 0.0]
c: [0.0 0.0 0.0 0.6852783701631929 0.6985778425802525 1.0 0.46001120363024206; 0.0 0.0 0.0 0.31472162983680707 0.30142215741974754 0.0 0.5399887963697579]
d: [0.19382375797887588, 0.19382375797887574, 0.0]
comparison (CRT and Glb)on prediction: Dict{Bool, Int64}(0 => 54, 1 => 70)
Dataname	 time	 objv	 lb	 gap	 train_w	 train_g	 test_w	 test_g
/work_bgfs/n/navarrodelacruz/odt/optimal_decision_tree/augmented_datasets/body/body_791.body	 29.43	 0.019382375797887583	 N/A	 N/A	 90.617	 51.475	 87.903	 50.806
