Running 6 processes.
Start training /work_bgfs/n/navarrodelacruz/odt/optimal_decision_tree/augmented_datasets/body/body_350.body with seed 1.
Any[]
(5, 497)
(5, 249)
(5, 124)
(5, 124)
dimension: 5, class: 2
cart cost: 68.36568627450978
size of X: (5, 373)
Using method: Global linear DT optimization
Version identifier: 20.1.0.0 | 2020-11-10 | 9bedb6d68
CPXPARAM_Threads                                 1
CPXPARAM_TimeLimit                               1728000
Tried aggregator 1 time.
Aggregator did 4 substitutions.
Reduced LP has 4857 rows, 1890 columns, and 28364 nonzeros.
Presolve time = 0.02 sec. (8.72 ticks)
Initializing dual steep norms . . .

Iteration log . . .
Iteration:     1   Dual objective     =             0.000000
Perturbation started.
Iteration:   101   Dual objective     =             0.000000
Iteration:   340   Dual objective     =             0.000044
Iteration:   588   Dual objective     =             0.000099
Iteration:   779   Dual objective     =             0.000133
Iteration:   950   Dual objective     =             0.016166
Iteration:  1128   Dual objective     =             0.017309
Iteration:  1310   Dual objective     =             0.017356
Iteration:  1481   Dual objective     =             0.017698
Iteration:  1679   Dual objective     =             0.019143
Removing perturbation.
5×3 Matrix{Float64}:
 0.0  0.0  0.0
 0.0  0.0  1.0
 1.0  0.0  0.0
 0.0  1.0  0.0
 0.0  0.0  0.0
3-element Vector{Float64}:
 0.4458732872086286
 0.2287579834546835
 0.3535671060047463
2×7 Matrix{Float64}:
 0.0  0.0  0.0  1.0  1.0  1.0  0.0
 0.0  0.0  0.0  0.0  0.0  0.0  1.0
3-element Vector{Float64}:
 1.0
 1.0
 1.0
5×3 Matrix{Float64}:
 0.0        0.0        0.0
 0.106705   0.106705   0.0
 0.0382515  0.0382515  0.0
 0.0125184  0.0125184  0.0
 0.0332429  0.0332429  0.0
3-element Vector{Float64}:
 0.19071798947588736
 0.19071798947588742
 0.0
2×7 Matrix{Float64}:
 0.0  0.0  0.0  0.70332  0.725753  1.0  0.453093
 0.0  0.0  0.0  0.29668  0.274247  0.0  0.546907
3-element Vector{Float64}:
 0.19071798947588742
 0.19071798947588742
 0.0
a: [0.0 0.0 0.0; 0.10670516774518055 0.10670516774518155 0.0; 0.0382514761888233 0.0382514761888193 0.0; 0.012518440218527438 0.012518440218531119 0.0; 0.03324290532335607 0.03324290532335545 0.0]
b: [0.19071798947588736, 0.19071798947588742, 0.0]
c: [0.0 0.0 0.0 0.7033198760460946 0.7257530753068292 1.0 0.4530928234078388; 0.0 0.0 0.0 0.2966801239539054 0.2742469246931708 0.0 0.5469071765921611]
d: [0.19071798947588742, 0.19071798947588742, 0.0]
comparison (CRT and Glb)on prediction: Dict{Bool, Int64}(0 => 54, 1 => 70)
Dataname	 time	 objv	 lb	 gap	 train_w	 train_g	 test_w	 test_g
/work_bgfs/n/navarrodelacruz/odt/optimal_decision_tree/augmented_datasets/body/body_350.body	 30.09	 0.01907179894758874	 N/A	 N/A	 90.617	 51.475	 86.29	 50.806
