Running 6 processes.
Start training /work_bgfs/n/navarrodelacruz/odt/optimal_decision_tree/augmented_datasets/body/body_246.body with seed 1.
Any[]
(5, 497)
(5, 249)
(5, 125)
(5, 123)
dimension: 5, class: 2
cart cost: 60.80748031496063
size of X: (5, 374)
Using method: Global linear DT optimization
Version identifier: 20.1.0.0 | 2020-11-10 | 9bedb6d68
CPXPARAM_Threads                                 1
CPXPARAM_TimeLimit                               1728000
Tried aggregator 1 time.
Aggregator did 4 substitutions.
Reduced LP has 4870 rows, 1895 columns, and 28432 nonzeros.
Presolve time = 0.02 sec. (8.74 ticks)
Initializing dual steep norms . . .

Iteration log . . .
Iteration:     1   Dual objective     =             0.000000
Perturbation started.
Iteration:   101   Dual objective     =             0.000000
Iteration:   440   Dual objective     =             0.000083
Iteration:   665   Dual objective     =             0.000129
Iteration:   811   Dual objective     =             0.000156
Iteration:   950   Dual objective     =             0.017531
Iteration:  1159   Dual objective     =             0.018006
Iteration:  1297   Dual objective     =             0.018786
Removing perturbation.
5×3 Matrix{Float64}:
 0.0  0.0  0.0
 0.0  0.0  1.0
 1.0  1.0  0.0
 0.0  0.0  0.0
 0.0  0.0  0.0
3-element Vector{Float64}:
 0.39616515511862316
 0.272334264517354
 0.3775442169161164
2×7 Matrix{Float64}:
 0.0  0.0  0.0  1.0  1.0  1.0  0.0
 0.0  0.0  0.0  0.0  0.0  0.0  1.0
3-element Vector{Float64}:
 1.0
 1.0
 1.0
5×3 Matrix{Float64}:
 0.0        0.0        0.0
 0.0955297  0.0955297  0.0
 0.0        0.0        0.0
 0.0372041  0.0372041  0.0
 0.0615397  0.0615397  0.0
3-element Vector{Float64}:
 0.19427361299493515
 0.19427361299493517
 0.0
2×7 Matrix{Float64}:
 0.0  0.0  0.0  0.688962  0.668692  1.0  0.464832
 0.0  0.0  0.0  0.311038  0.331308  0.0  0.535168
3-element Vector{Float64}:
 0.19427361299493512
 0.19427361299493512
 0.0
a: [0.0 0.0 0.0; 0.09552972680554198 0.09552972680554203 0.0; 0.0 0.0 0.0; 0.03720414944827821 0.03720414944827838 0.0; 0.061539736741114924 0.061539736741114674 0.0]
b: [0.19427361299493515, 0.19427361299493517, 0.0]
c: [0.0 0.0 0.0 0.6889619660044384 0.6686918392330756 1.0 0.464832332237885; 0.0 0.0 0.0 0.3110380339955616 0.3313081607669244 0.0 0.535167667762115]
d: [0.19427361299493512, 0.19427361299493512, 0.0]
comparison (CRT and Glb)on prediction: Dict{Bool, Int64}(0 => 60, 1 => 63)
Dataname	 time	 objv	 lb	 gap	 train_w	 train_g	 test_w	 test_g
/work_bgfs/n/navarrodelacruz/odt/optimal_decision_tree/augmented_datasets/body/body_246.body	 27.43	 0.019427361299493517	 N/A	 N/A	 91.711	 51.07	 88.618	 51.22
