Running 6 processes.
Start training /work_bgfs/n/navarrodelacruz/odt/optimal_decision_tree/augmented_datasets/body/body_46.body with seed 1.
Any[]
(5, 497)
(5, 249)
(5, 125)
(5, 123)
dimension: 5, class: 2
cart cost: 68.63425196850396
size of X: (5, 374)
Using method: Global linear DT optimization
Version identifier: 20.1.0.0 | 2020-11-10 | 9bedb6d68
CPXPARAM_Threads                                 1
CPXPARAM_TimeLimit                               1728000
Tried aggregator 1 time.
Aggregator did 4 substitutions.
Reduced LP has 4870 rows, 1895 columns, and 28440 nonzeros.
Presolve time = 0.02 sec. (8.74 ticks)
Initializing dual steep norms . . .

Iteration log . . .
Iteration:     1   Dual objective     =             0.000000
Perturbation started.
Iteration:   101   Dual objective     =             0.000000
Iteration:   444   Dual objective     =             0.000081
Iteration:   597   Dual objective     =             0.000119
Iteration:   795   Dual objective     =             0.015802
Iteration:   959   Dual objective     =             0.016697
Iteration:  1108   Dual objective     =             0.017643
Iteration:  1279   Dual objective     =             0.017664
Iteration:  1473   Dual objective     =             0.018648
Iteration:  1625   Dual objective     =             0.019236
Removing perturbation.
5×3 Matrix{Float64}:
 0.0  0.0  0.0
 0.0  0.0  1.0
 1.0  0.0  0.0
 0.0  1.0  0.0
 0.0  0.0  0.0
3-element Vector{Float64}:
 0.40468389381884873
 0.1837691151129429
 0.3762557087617342
2×7 Matrix{Float64}:
 0.0  0.0  0.0  1.0  1.0  1.0  0.0
 0.0  0.0  0.0  0.0  0.0  0.0  1.0
3-element Vector{Float64}:
 1.0
 1.0
 1.0
5×3 Matrix{Float64}:
 0.0216564    0.0216564    0.0
 0.121248     0.121248     0.0
 0.0          0.0          0.0
 0.000677449  0.000677449  0.0
 0.0476723    0.0476723    0.0
3-element Vector{Float64}:
 0.19125411388567387
 0.1912541138856739
 0.0
2×7 Matrix{Float64}:
 0.0  0.0  0.0  0.693348  0.708279  1.0  0.452222
 0.0  0.0  0.0  0.306652  0.291721  0.0  0.547778
3-element Vector{Float64}:
 0.19125411388567387
 0.1912541138856739
 0.0
a: [0.021656410601590636 0.02165641060159084 0.0; 0.12124790525868627 0.12124790525868637 0.0; 0.0 0.0 0.0; 0.0006774493668090242 0.0006774493668086357 0.0; 0.047672348658587965 0.047672348658588076 0.0]
b: [0.19125411388567387, 0.1912541138856739, 0.0]
c: [0.0 0.0 0.0 0.6933483548493018 0.708278900364869 1.0 0.45222203596030885; 0.0 0.0 0.0 0.3066516451506982 0.29172109963513104 0.0 0.5477779640396911]
d: [0.19125411388567387, 0.1912541138856739, 0.0]
comparison (CRT and Glb)on prediction: Dict{Bool, Int64}(0 => 57, 1 => 66)
Dataname	 time	 objv	 lb	 gap	 train_w	 train_g	 test_w	 test_g
/work_bgfs/n/navarrodelacruz/odt/optimal_decision_tree/augmented_datasets/body/body_46.body	 32.47	 0.01912541138856739	 N/A	 N/A	 90.642	 51.07	 87.805	 51.22
