Running 6 processes.
Start training /work_bgfs/n/navarrodelacruz/odt/optimal_decision_tree/augmented_datasets/body/body_50.body with seed 1.
Any[]
(5, 497)
(5, 248)
(5, 124)
(5, 125)
dimension: 5, class: 2
cart cost: 71.98203125
size of X: (5, 372)
Using method: Global linear DT optimization
Version identifier: 20.1.0.0 | 2020-11-10 | 9bedb6d68
CPXPARAM_Threads                                 1
CPXPARAM_TimeLimit                               1728000
Tried aggregator 1 time.
Aggregator did 4 substitutions.
Reduced LP has 4844 rows, 1885 columns, and 28292 nonzeros.
Presolve time = 0.02 sec. (8.74 ticks)
Initializing dual steep norms . . .

Iteration log . . .
Iteration:     1   Dual objective     =             0.000000
Perturbation started.
Iteration:   101   Dual objective     =             0.000000
Iteration:   237   Dual objective     =             0.000033
Iteration:   559   Dual objective     =             0.000103
Iteration:   700   Dual objective     =             0.000135
Iteration:   899   Dual objective     =             0.016975
Iteration:  1151   Dual objective     =             0.018524
Iteration:  1431   Dual objective     =             0.018546
Iteration:  1625   Dual objective     =             0.019225
Removing perturbation.
5×3 Matrix{Float64}:
 0.0  0.0  0.0
 0.0  0.0  1.0
 1.0  0.0  0.0
 0.0  1.0  0.0
 0.0  0.0  0.0
3-element Vector{Float64}:
 0.40478804527384044
 0.18233835428341644
 0.3766713020374385
2×7 Matrix{Float64}:
 0.0  0.0  0.0  1.0  1.0  1.0  0.0
 0.0  0.0  0.0  0.0  0.0  0.0  1.0
3-element Vector{Float64}:
 1.0
 1.0
 1.0
5×3 Matrix{Float64}:
 0.0        0.0        0.0
 0.0765976  0.0765976  0.0
 0.0        0.0        0.0
 0.116384   0.116384   0.0
 0.0        0.0        0.0
3-element Vector{Float64}:
 0.19298140343279294
 0.19298140343279285
 0.0
2×7 Matrix{Float64}:
 0.0  0.0  0.0  0.686616  0.687163  1.0  0.443288
 0.0  0.0  0.0  0.313384  0.312837  0.0  0.556712
3-element Vector{Float64}:
 0.19298140343279294
 0.19298140343279285
 0.0
a: [0.0 0.0 0.0; 0.07659761444846855 0.07659761444846888 0.0; 0.0 0.0 0.0; 0.11638378898432437 0.11638378898432405 0.0; 0.0 0.0 0.0]
b: [0.19298140343279294, 0.19298140343279285, 0.0]
c: [0.0 0.0 0.0 0.6866163908832975 0.6871634030179773 1.0 0.44328787483576315; 0.0 0.0 0.0 0.3133836091167025 0.3128365969820227 0.0 0.5567121251642368]
d: [0.19298140343279294, 0.19298140343279285, 0.0]
comparison (CRT and Glb)on prediction: Dict{Bool, Int64}(0 => 57, 1 => 68)
Dataname	 time	 objv	 lb	 gap	 train_w	 train_g	 test_w	 test_g
/work_bgfs/n/navarrodelacruz/odt/optimal_decision_tree/augmented_datasets/body/body_50.body	 32.3	 0.019298140343279285	 N/A	 N/A	 90.054	 51.613	 90.4	 51.2
