Running 6 processes.
Start training /work_bgfs/n/navarrodelacruz/odt/optimal_decision_tree/augmented_datasets/body/body_854.body with seed 1.
Any[]
(5, 497)
(5, 248)
(5, 124)
(5, 125)
dimension: 5, class: 2
cart cost: 70.040625
size of X: (5, 372)
Using method: Global linear DT optimization
Version identifier: 20.1.0.0 | 2020-11-10 | 9bedb6d68
CPXPARAM_Threads                                 1
CPXPARAM_TimeLimit                               1728000
Tried aggregator 1 time.
Aggregator did 4 substitutions.
Reduced LP has 4844 rows, 1885 columns, and 28288 nonzeros.
Presolve time = 0.02 sec. (8.69 ticks)
Initializing dual steep norms . . .

Iteration log . . .
Iteration:     1   Dual objective     =             0.000000
Perturbation started.
Iteration:   101   Dual objective     =             0.000000
Iteration:   328   Dual objective     =             0.000032
Iteration:   482   Dual objective     =             0.000047
Iteration:   649   Dual objective     =             0.000093
Iteration:   818   Dual objective     =             0.000143
Iteration:   985   Dual objective     =             0.000180
Iteration:  1145   Dual objective     =             0.010458
Iteration:  1379   Dual objective     =             0.015328
Iteration:  1595   Dual objective     =             0.016967
Iteration:  1779   Dual objective     =             0.017988
Iteration:  1984   Dual objective     =             0.018548
Removing perturbation.
5×3 Matrix{Float64}:
 0.0  0.0  0.0
 0.0  0.0  1.0
 1.0  1.0  0.0
 0.0  0.0  0.0
 0.0  0.0  0.0
3-element Vector{Float64}:
 0.4053848570400665
 0.27597229095013487
 0.3766711470435804
2×7 Matrix{Float64}:
 0.0  0.0  0.0  1.0  1.0  1.0  0.0
 0.0  0.0  0.0  0.0  0.0  0.0  1.0
3-element Vector{Float64}:
 1.0
 1.0
 1.0
5×3 Matrix{Float64}:
 0.0226444  0.0226444  0.0
 0.121582   0.121582   0.0
 0.0        0.0        0.0
 0.0        0.0        0.0
 0.0470818  0.0470818  0.0
3-element Vector{Float64}:
 0.19130855058774093
 0.19130855058774102
 0.0
2×7 Matrix{Float64}:
 0.0  0.0  0.0  0.693191  0.703988  1.0  0.452155
 0.0  0.0  0.0  0.306809  0.296012  0.0  0.547845
3-element Vector{Float64}:
 0.19130855058774093
 0.19130855058774102
 0.0
a: [0.022644427561197285 0.022644427561197118 0.0; 0.12158227934020677 0.12158227934020686 0.0; 0.0 0.0 0.0; 0.0 0.0 0.0; 0.04708184368633683 0.047081843686337 0.0]
b: [0.19130855058774093, 0.19130855058774102, 0.0]
c: [0.0 0.0 0.0 0.6931905266554623 0.7039884263096499 1.0 0.45215535951698815; 0.0 0.0 0.0 0.3068094733445377 0.29601157369035014 0.0 0.5478446404830118]
d: [0.19130855058774093, 0.19130855058774102, 0.0]
comparison (CRT and Glb)on prediction: Dict{Bool, Int64}(0 => 61, 1 => 64)
Dataname	 time	 objv	 lb	 gap	 train_w	 train_g	 test_w	 test_g
/work_bgfs/n/navarrodelacruz/odt/optimal_decision_tree/augmented_datasets/body/body_854.body	 31.75	 0.0191308550587741	 N/A	 N/A	 90.323	 51.613	 90.4	 51.2
