Running 6 processes.
Start training /work_bgfs/n/navarrodelacruz/odt/optimal_decision_tree/augmented_datasets/body/body_214.body with seed 1.
Any[]
(5, 497)
(5, 248)
(5, 124)
(5, 125)
dimension: 5, class: 2
cart cost: 68.09921875000002
size of X: (5, 372)
Using method: Global linear DT optimization
Version identifier: 20.1.0.0 | 2020-11-10 | 9bedb6d68
CPXPARAM_Threads                                 1
CPXPARAM_TimeLimit                               1728000
Tried aggregator 1 time.
Aggregator did 4 substitutions.
Reduced LP has 4844 rows, 1885 columns, and 28296 nonzeros.
Presolve time = 0.01 sec. (8.81 ticks)
Initializing dual steep norms . . .

Iteration log . . .
Iteration:     1   Dual objective     =             0.000000
Perturbation started.
Iteration:   101   Dual objective     =             0.000000
Iteration:   263   Dual objective     =             0.000037
Iteration:   520   Dual objective     =             0.000099
Iteration:   722   Dual objective     =             0.000146
Iteration:   932   Dual objective     =             0.013182
Iteration:  1118   Dual objective     =             0.018399
Iteration:  1330   Dual objective     =             0.018410
Iteration:  1539   Dual objective     =             0.019463
Removing perturbation.
5×3 Matrix{Float64}:
 0.0  0.0  0.0
 0.0  0.0  1.0
 1.0  0.0  0.0
 0.0  1.0  0.0
 0.0  0.0  0.0
3-element Vector{Float64}:
 0.40301879834368554
 0.22810339603740043
 0.35893121426966657
2×7 Matrix{Float64}:
 0.0  0.0  0.0  1.0  1.0  1.0  0.0
 0.0  0.0  0.0  0.0  0.0  0.0  1.0
3-element Vector{Float64}:
 1.0
 1.0
 1.0
5×3 Matrix{Float64}:
 0.0        0.0        0.0
 0.095201   0.095201   0.0
 0.0        0.0        0.0
 0.0368018  0.0368018  0.0
 0.063161   0.063161   0.0
3-element Vector{Float64}:
 0.19516378674698065
 0.19516378674698062
 0.0
2×7 Matrix{Float64}:
 0.0  0.0  0.0  0.691519  0.693449  1.0  0.464807
 0.0  0.0  0.0  0.308481  0.306551  0.0  0.535193
3-element Vector{Float64}:
 0.19516378674698065
 0.19516378674698062
 0.0
a: [0.0 0.0 0.0; 0.095200957256289 0.09520095725628896 0.0; 0.0 0.0 0.0; 0.036801832759632336 0.03680183275963239 0.0; 0.06316099673105935 0.06316099673105927 0.0]
b: [0.19516378674698065, 0.19516378674698062, 0.0]
c: [0.0 0.0 0.0 0.6915191134357992 0.6934485370212184 1.0 0.4648070075637588; 0.0 0.0 0.0 0.3084808865642008 0.30655146297878155 0.0 0.5351929924362412]
d: [0.19516378674698065, 0.19516378674698062, 0.0]
comparison (CRT and Glb)on prediction: Dict{Bool, Int64}(0 => 57, 1 => 68)
Dataname	 time	 objv	 lb	 gap	 train_w	 train_g	 test_w	 test_g
/work_bgfs/n/navarrodelacruz/odt/optimal_decision_tree/augmented_datasets/body/body_214.body	 27.46	 0.019516378674698066	 N/A	 N/A	 90.591	 51.613	 92.0	 51.2
