Running 6 processes.
Start training /work_bgfs/n/navarrodelacruz/odt/optimal_decision_tree/augmented_datasets/body/body_750.body with seed 1.
Any[]
(5, 497)
(5, 249)
(5, 124)
(5, 124)
dimension: 5, class: 2
cart cost: 72.26372549019605
size of X: (5, 373)
Using method: Global linear DT optimization
Version identifier: 20.1.0.0 | 2020-11-10 | 9bedb6d68
CPXPARAM_Threads                                 1
CPXPARAM_TimeLimit                               1728000
Tried aggregator 1 time.
Aggregator did 4 substitutions.
Reduced LP has 4857 rows, 1890 columns, and 28360 nonzeros.
Presolve time = 0.02 sec. (8.69 ticks)
Initializing dual steep norms . . .

Iteration log . . .
Iteration:     1   Dual objective     =             0.000000
Perturbation started.
Iteration:   101   Dual objective     =             0.000000
Iteration:   289   Dual objective     =             0.000034
Iteration:   464   Dual objective     =             0.000050
Iteration:   628   Dual objective     =             0.000085
Iteration:   776   Dual objective     =             0.000126
Iteration:   938   Dual objective     =             0.016037
Iteration:  1143   Dual objective     =             0.018278
Iteration:  1301   Dual objective     =             0.018299
Iteration:  1476   Dual objective     =             0.018421
Iteration:  1646   Dual objective     =             0.018830
Removing perturbation.
5×3 Matrix{Float64}:
 0.0  0.0  0.0
 0.0  0.0  1.0
 1.0  0.0  0.0
 0.0  1.0  0.0
 0.0  0.0  0.0
3-element Vector{Float64}:
 0.3960503588090205
 0.1659930033602554
 0.3517069082282394
2×7 Matrix{Float64}:
 0.0  0.0  0.0  1.0  1.0  1.0  0.0
 0.0  0.0  0.0  0.0  0.0  0.0  1.0
3-element Vector{Float64}:
 1.0
 1.0
 1.0
5×3 Matrix{Float64}:
 0.0        0.0        0.0
 0.0956789  0.0956789  0.0
 0.0        0.0        0.0
 0.0367744  0.0367744  0.0
 0.0617537  0.0617537  0.0
3-element Vector{Float64}:
 0.19420699547904477
 0.19420699547904463
 0.0
2×7 Matrix{Float64}:
 0.0  0.0  0.0  0.688014  0.677744  1.0  0.464769
 0.0  0.0  0.0  0.311986  0.322256  0.0  0.535231
3-element Vector{Float64}:
 0.19420699547904477
 0.19420699547904463
 0.0
a: [0.0 0.0 0.0; 0.09567885899067909 0.09567885899068063 0.0; 0.0 0.0 0.0; 0.03677444033807967 0.03677444033807653 0.0; 0.06175369615028602 0.061753696150287474 0.0]
b: [0.19420699547904477, 0.19420699547904463, 0.0]
c: [0.0 0.0 0.0 0.6880140833172039 0.6777443234300433 1.0 0.4647693656598725; 0.0 0.0 0.0 0.31198591668279607 0.3222556765699567 0.0 0.5352306343401275]
d: [0.19420699547904477, 0.19420699547904463, 0.0]
comparison (CRT and Glb)on prediction: Dict{Bool, Int64}(0 => 63, 1 => 61)
Dataname	 time	 objv	 lb	 gap	 train_w	 train_g	 test_w	 test_g
/work_bgfs/n/navarrodelacruz/odt/optimal_decision_tree/augmented_datasets/body/body_750.body	 27.52	 0.019420699547904475	 N/A	 N/A	 90.08	 51.475	 93.548	 50.806
