Running 6 processes.
Start training /work_bgfs/n/navarrodelacruz/odt/optimal_decision_tree/augmented_datasets/body/body_331.body with seed 1.
Any[]
(5, 497)
(5, 249)
(5, 124)
(5, 124)
dimension: 5, class: 2
cart cost: 78.11078431372547
size of X: (5, 373)
Using method: Global linear DT optimization
Version identifier: 20.1.0.0 | 2020-11-10 | 9bedb6d68
CPXPARAM_Threads                                 1
CPXPARAM_TimeLimit                               1728000
Tried aggregator 1 time.
Aggregator did 4 substitutions.
Reduced LP has 4857 rows, 1890 columns, and 28360 nonzeros.
Presolve time = 0.02 sec. (8.69 ticks)
Initializing dual steep norms . . .

Iteration log . . .
Iteration:     1   Dual objective     =             0.000000
Perturbation started.
Iteration:   101   Dual objective     =             0.000000
Iteration:   317   Dual objective     =             0.000048
Iteration:   543   Dual objective     =             0.000107
Iteration:   728   Dual objective     =             0.000143
Iteration:   938   Dual objective     =             0.017073
Iteration:  1131   Dual objective     =             0.018478
Iteration:  1280   Dual objective     =             0.018717
Iteration:  1487   Dual objective     =             0.019188
Removing perturbation.
5×3 Matrix{Float64}:
 0.0  0.0  0.0
 0.0  0.0  1.0
 1.0  0.0  0.0
 0.0  1.0  0.0
 0.0  0.0  0.0
3-element Vector{Float64}:
 0.4483475809921026
 0.22861923502118298
 0.3662132744948262
2×7 Matrix{Float64}:
 0.0  0.0  0.0  1.0  1.0  1.0  0.0
 0.0  0.0  0.0  0.0  0.0  0.0  1.0
3-element Vector{Float64}:
 1.0
 1.0
 1.0
5×3 Matrix{Float64}:
 0.0         0.0         0.0
 0.113086    0.113086    0.0
 0.00380254  0.00380254  0.0
 0.0113194   0.0113194   0.0
 0.0625759   0.0625759   0.0
3-element Vector{Float64}:
 0.19078419904395846
 0.19078419904395846
 0.0
2×7 Matrix{Float64}:
 0.0  0.0  0.0  0.697814  0.696623  1.0  0.463216
 0.0  0.0  0.0  0.302186  0.303377  0.0  0.536784
3-element Vector{Float64}:
 0.19078419904395846
 0.19078419904395846
 0.0
a: [0.0 0.0 0.0; 0.11308632370706038 0.11308632370706043 0.0; 0.0038025392865319585 0.0038025392865319585 0.0; 0.01131942492927378 0.011319424929273757 0.0; 0.06257591112109233 0.06257591112109229 0.0]
b: [0.19078419904395846, 0.19078419904395846, 0.0]
c: [0.0 0.0 0.0 0.6978144252483178 0.6966229918354205 1.0 0.46321637894738854; 0.0 0.0 0.0 0.3021855747516822 0.30337700816457946 0.0 0.5367836210526115]
d: [0.19078419904395846, 0.19078419904395846, 0.0]
comparison (CRT and Glb)on prediction: Dict{Bool, Int64}(0 => 53, 1 => 71)
Dataname	 time	 objv	 lb	 gap	 train_w	 train_g	 test_w	 test_g
/work_bgfs/n/navarrodelacruz/odt/optimal_decision_tree/augmented_datasets/body/body_331.body	 29.56	 0.019078419904395846	 N/A	 N/A	 89.276	 51.475	 88.71	 50.806
