Running 6 processes.
Start training /work_bgfs/n/navarrodelacruz/odt/optimal_decision_tree/augmented_datasets/body/body_89.body with seed 1.
Any[]
(5, 497)
(5, 249)
(5, 124)
(5, 124)
dimension: 5, class: 2
cart cost: 66.41666666666664
size of X: (5, 373)
Using method: Global linear DT optimization
Version identifier: 20.1.0.0 | 2020-11-10 | 9bedb6d68
CPXPARAM_Threads                                 1
CPXPARAM_TimeLimit                               1728000
Tried aggregator 1 time.
Aggregator did 4 substitutions.
Reduced LP has 4857 rows, 1890 columns, and 28364 nonzeros.
Presolve time = 0.02 sec. (8.72 ticks)
Initializing dual steep norms . . .

Iteration log . . .
Iteration:     1   Dual objective     =             0.000000
Perturbation started.
Iteration:   101   Dual objective     =             0.000000
Iteration:   472   Dual objective     =             0.000091
Iteration:   735   Dual objective     =             0.000113
Iteration:   925   Dual objective     =             0.000178
Iteration:  1086   Dual objective     =             0.015400
Iteration:  1250   Dual objective     =             0.017492
Iteration:  1394   Dual objective     =             0.018500
Removing perturbation.
5×3 Matrix{Float64}:
 0.0  0.0  0.0
 0.0  0.0  1.0
 1.0  0.0  0.0
 0.0  1.0  0.0
 0.0  0.0  0.0
3-element Vector{Float64}:
 0.40493971981610755
 0.19054855560219075
 0.35196013812876914
2×7 Matrix{Float64}:
 0.0  0.0  0.0  1.0  1.0  1.0  0.0
 0.0  0.0  0.0  0.0  0.0  0.0  1.0
3-element Vector{Float64}:
 1.0
 1.0
 1.0
5×3 Matrix{Float64}:
 0.0        0.0        0.0
 0.11358    0.11358    0.0
 0.0184971  0.0184971  0.0
 0.0        0.0        0.0
 0.0599578  0.0599578  0.0
3-element Vector{Float64}:
 0.19203470036178594
 0.19203470036178577
 0.0
2×7 Matrix{Float64}:
 0.0  0.0  0.0  0.694752  0.702726  1.0  0.458905
 0.0  0.0  0.0  0.305248  0.297274  0.0  0.541095
3-element Vector{Float64}:
 0.19203470036178594
 0.19203470036178577
 0.0
a: [0.0 0.0 0.0; 0.11357980319499686 0.11357980319499941 0.0; 0.018497096164109862 0.018497096164109963 0.0; 0.0 0.0 0.0; 0.05995780100267921 0.0599578010026764 0.0]
b: [0.19203470036178594, 0.19203470036178577, 0.0]
c: [0.0 0.0 0.0 0.6947524700614207 0.7027264642604301 1.0 0.45890468689549524; 0.0 0.0 0.0 0.3052475299385793 0.29727353573956994 0.0 0.5410953131045048]
d: [0.19203470036178594, 0.19203470036178577, 0.0]
comparison (CRT and Glb)on prediction: Dict{Bool, Int64}(0 => 59, 1 => 65)
Dataname	 time	 objv	 lb	 gap	 train_w	 train_g	 test_w	 test_g
/work_bgfs/n/navarrodelacruz/odt/optimal_decision_tree/augmented_datasets/body/body_89.body	 27.29	 0.019203470036178602	 N/A	 N/A	 90.885	 51.475	 88.71	 50.806
