Running 6 processes.
Start training /work_bgfs/n/navarrodelacruz/odt/optimal_decision_tree/augmented_datasets/body/body_715.body with seed 1.
Any[]
(5, 497)
(5, 249)
(5, 125)
(5, 123)
dimension: 5, class: 2
cart cost: 64.7208661417323
size of X: (5, 374)
Using method: Global linear DT optimization
Version identifier: 20.1.0.0 | 2020-11-10 | 9bedb6d68
CPXPARAM_Threads                                 1
CPXPARAM_TimeLimit                               1728000
Tried aggregator 1 time.
Aggregator did 4 substitutions.
Reduced LP has 4870 rows, 1895 columns, and 28440 nonzeros.
Presolve time = 0.02 sec. (8.74 ticks)
Initializing dual steep norms . . .

Iteration log . . .
Iteration:     1   Dual objective     =             0.000000
Perturbation started.
Iteration:   101   Dual objective     =             0.000000
Iteration:   313   Dual objective     =             0.000032
Iteration:   506   Dual objective     =             0.000054
Iteration:   703   Dual objective     =             0.000097
Iteration:   850   Dual objective     =             0.000137
Iteration:  1037   Dual objective     =             0.011676
Iteration:  1241   Dual objective     =             0.016132
Iteration:  1390   Dual objective     =             0.016155
Iteration:  1605   Dual objective     =             0.016463
Iteration:  1850   Dual objective     =             0.016515
Iteration:  2042   Dual objective     =             0.019045
Removing perturbation.
5×3 Matrix{Float64}:
 0.0  0.0  0.0
 0.0  0.0  1.0
 1.0  0.0  0.0
 0.0  1.0  0.0
 0.0  0.0  0.0
3-element Vector{Float64}:
 0.40520820802317303
 0.233280211279675
 0.37715043480212046
2×7 Matrix{Float64}:
 0.0  0.0  0.0  1.0  1.0  1.0  0.0
 0.0  0.0  0.0  0.0  0.0  0.0  1.0
3-element Vector{Float64}:
 1.0
 1.0
 1.0
5×3 Matrix{Float64}:
 0.0        0.0        0.0
 0.0908052  0.0908052  0.0
 0.0        0.0        0.0
 0.0569647  0.0569647  0.0
 0.0461179  0.0461179  0.0
3-element Vector{Float64}:
 0.19388780020809743
 0.19388780020809743
 0.0
2×7 Matrix{Float64}:
 0.0  0.0  0.0  0.682721  0.685447  1.0  0.459354
 0.0  0.0  0.0  0.317279  0.314553  0.0  0.540646
3-element Vector{Float64}:
 0.19388780020809743
 0.19388780020809743
 0.0
a: [0.0 0.0 0.0; 0.09080524084167542 0.09080524084167538 0.0; 0.0 0.0 0.0; 0.05696465160797533 0.05696465160797534 0.0; 0.04611790775844669 0.04611790775844666 0.0]
b: [0.19388780020809743, 0.19388780020809743, 0.0]
c: [0.0 0.0 0.0 0.6827209394540686 0.6854469132982367 1.0 0.4593539614881812; 0.0 0.0 0.0 0.31727906054593136 0.3145530867017633 0.0 0.5406460385118188]
d: [0.19388780020809743, 0.19388780020809743, 0.0]
comparison (CRT and Glb)on prediction: Dict{Bool, Int64}(0 => 56, 1 => 67)
Dataname	 time	 objv	 lb	 gap	 train_w	 train_g	 test_w	 test_g
/work_bgfs/n/navarrodelacruz/odt/optimal_decision_tree/augmented_datasets/body/body_715.body	 27.32	 0.019388780020809744	 N/A	 N/A	 91.176	 51.07	 88.618	 51.22
