Running 6 processes.
Start training /work_bgfs/n/navarrodelacruz/odt/optimal_decision_tree/augmented_datasets/body/body_334.body with seed 1.
Any[]
(5, 497)
(5, 248)
(5, 124)
(5, 125)
dimension: 5, class: 2
cart cost: 72.83379446640319
size of X: (5, 372)
Using method: Global linear DT optimization
Version identifier: 20.1.0.0 | 2020-11-10 | 9bedb6d68
CPXPARAM_Threads                                 1
CPXPARAM_TimeLimit                               1728000
Tried aggregator 1 time.
Aggregator did 4 substitutions.
Reduced LP has 4844 rows, 1885 columns, and 28288 nonzeros.
Presolve time = 0.02 sec. (8.69 ticks)
Initializing dual steep norms . . .

Iteration log . . .
Iteration:     1   Dual objective     =             0.000000
Perturbation started.
Iteration:   101   Dual objective     =             0.000000
Iteration:   467   Dual objective     =             0.000090
Iteration:   734   Dual objective     =             0.000150
Iteration:   902   Dual objective     =             0.016582
Iteration:  1056   Dual objective     =             0.018299
Iteration:  1223   Dual objective     =             0.019248
Iteration:  1378   Dual objective     =             0.019319
Removing perturbation.
5×3 Matrix{Float64}:
 0.0  0.0  0.0
 0.0  0.0  1.0
 1.0  0.0  0.0
 0.0  1.0  0.0
 0.0  0.0  0.0
3-element Vector{Float64}:
 0.40487569008786134
 0.16616601331971617
 0.3538842581534428
2×7 Matrix{Float64}:
 0.0  0.0  0.0  1.0  1.0  1.0  0.0
 0.0  0.0  0.0  0.0  0.0  0.0  1.0
3-element Vector{Float64}:
 1.0
 1.0
 1.0
5×3 Matrix{Float64}:
 0.0        0.0        0.0
 0.0958989  0.0958989  0.0
 0.0        0.0        0.0
 0.0370842  0.0370842  0.0
 0.0612213  0.0612213  0.0
3-element Vector{Float64}:
 0.1942043767370544
 0.19420437673705437
 0.0
2×7 Matrix{Float64}:
 0.0  0.0  0.0  0.6895  0.690956  1.0  0.464962
 0.0  0.0  0.0  0.3105  0.309044  0.0  0.535038
3-element Vector{Float64}:
 0.1942043767370544
 0.19420437673705437
 0.0
a: [0.0 0.0 0.0; 0.09589888178621 0.09589888178620996 0.0; 0.0 0.0 0.0; 0.03708422485225031 0.037084224852250214 0.0; 0.06122127009859413 0.06122127009859424 0.0]
b: [0.1942043767370544, 0.19420437673705437, 0.0]
c: [0.0 0.0 0.0 0.6895004094662914 0.6909556283174966 1.0 0.4649624850804107; 0.0 0.0 0.0 0.31049959053370857 0.3090443716825034 0.0 0.5350375149195893]
d: [0.1942043767370544, 0.19420437673705437, 0.0]
comparison (CRT and Glb)on prediction: Dict{Bool, Int64}(0 => 57, 1 => 68)
Dataname	 time	 objv	 lb	 gap	 train_w	 train_g	 test_w	 test_g
/work_bgfs/n/navarrodelacruz/odt/optimal_decision_tree/augmented_datasets/body/body_334.body	 34.16	 0.019420437673705444	 N/A	 N/A	 90.054	 50.806	 90.4	 51.2
