Running 6 processes.
Start training /work_bgfs/n/navarrodelacruz/odt/optimal_decision_tree/augmented_datasets/body/body_965.body with seed 1.
Any[]
(5, 497)
(5, 249)
(5, 125)
(5, 123)
dimension: 5, class: 2
cart cost: 92.11456692913383
size of X: (5, 374)
Using method: Global linear DT optimization
Version identifier: 20.1.0.0 | 2020-11-10 | 9bedb6d68
CPXPARAM_Threads                                 1
CPXPARAM_TimeLimit                               1728000
Tried aggregator 1 time.
Aggregator did 4 substitutions.
Reduced LP has 4870 rows, 1895 columns, and 28444 nonzeros.
Presolve time = 0.02 sec. (8.79 ticks)
Initializing dual steep norms . . .

Iteration log . . .
Iteration:     1   Dual objective     =             0.000000
Perturbation started.
Iteration:   101   Dual objective     =             0.000000
Iteration:   305   Dual objective     =             0.000049
Iteration:   612   Dual objective     =             0.000114
Iteration:   818   Dual objective     =             0.003641
Iteration:  1028   Dual objective     =             0.010491
Iteration:  1212   Dual objective     =             0.017635
Iteration:  1366   Dual objective     =             0.017767
Iteration:  1521   Dual objective     =             0.017778
Iteration:  1739   Dual objective     =             0.019587
Removing perturbation.
5×3 Matrix{Float64}:
 0.0  0.0  0.0
 0.0  0.0  1.0
 1.0  0.0  0.0
 0.0  1.0  0.0
 0.0  0.0  0.0
3-element Vector{Float64}:
 0.4032980370282612
 0.18428239270142266
 0.4514571245623924
2×7 Matrix{Float64}:
 0.0  0.0  0.0  1.0  1.0  1.0  0.0
 0.0  0.0  0.0  0.0  0.0  0.0  1.0
3-element Vector{Float64}:
 1.0
 1.0
 1.0
5×3 Matrix{Float64}:
 0.0        0.0        0.0
 0.108481   0.108481   0.0
 0.0578858  0.0578858  0.00248203
 0.0307629  0.0307629  0.0
 0.0        0.0        0.0
3-element Vector{Float64}:
 0.19712976012195174
 0.19712976012195177
 0.0024820315472100507
2×7 Matrix{Float64}:
 0.0  0.0  0.0  0.706947  0.672776  0.995678   0.454921
 0.0  0.0  0.0  0.293053  0.327224  0.0043218  0.545079
3-element Vector{Float64}:
 0.19712976012195174
 0.19712976012195177
 0.0024820315472100507
a: [0.0 0.0 0.0; 0.10848102088278182 0.10848102088278169 0.0; 0.05788584702812516 0.0578858470281256 0.0024820315472100507; 0.030762892211044765 0.030762892211044467 0.0; 0.0 0.0 0.0]
b: [0.19712976012195174, 0.19712976012195177, 0.0024820315472100507]
c: [0.0 0.0 0.0 0.7069469837314605 0.6727755635518284 0.9956782031084828 0.45492108494837213; 0.0 0.0 0.0 0.2930530162685395 0.32722443644817156 0.004321796891517238 0.5450789150516279]
d: [0.19712976012195174, 0.19712976012195177, 0.0024820315472100507]
comparison (CRT and Glb)on prediction: Dict{Bool, Int64}(0 => 50, 1 => 73)
Dataname	 time	 objv	 lb	 gap	 train_w	 train_g	 test_w	 test_g
/work_bgfs/n/navarrodelacruz/odt/optimal_decision_tree/augmented_datasets/body/body_965.body	 27.26	 0.019837077589555687	 N/A	 N/A	 87.433	 51.07	 88.618	 51.22
