Running 6 processes.
Start training /work_bgfs/n/navarrodelacruz/odt/optimal_decision_tree/augmented_datasets/body/body_696.body with seed 1.
Any[]
(5, 497)
(5, 249)
(5, 124)
(5, 124)
dimension: 5, class: 2
cart cost: 83.95784313725488
size of X: (5, 373)
Using method: Global linear DT optimization
Version identifier: 20.1.0.0 | 2020-11-10 | 9bedb6d68
CPXPARAM_Threads                                 1
CPXPARAM_TimeLimit                               1728000
Tried aggregator 1 time.
Aggregator did 4 substitutions.
Reduced LP has 4857 rows, 1890 columns, and 28360 nonzeros.
Presolve time = 0.02 sec. (8.69 ticks)
Initializing dual steep norms . . .

Iteration log . . .
Iteration:     1   Dual objective     =             0.000000
Perturbation started.
Iteration:   101   Dual objective     =             0.000000
Iteration:   322   Dual objective     =             0.000030
Iteration:   513   Dual objective     =             0.000048
Iteration:   649   Dual objective     =             0.000082
Iteration:   777   Dual objective     =             0.000119
Iteration:   944   Dual objective     =             0.009534
Iteration:  1134   Dual objective     =             0.014706
Iteration:  1297   Dual objective     =             0.014735
Iteration:  1442   Dual objective     =             0.014911
Iteration:  1597   Dual objective     =             0.014919
Iteration:  1760   Dual objective     =             0.017333
Iteration:  1953   Dual objective     =             0.018471
Iteration:  2134   Dual objective     =             0.019118
Removing perturbation.
5×3 Matrix{Float64}:
 0.0  0.0  0.0
 0.0  0.0  1.0
 1.0  0.0  0.0
 0.0  1.0  0.0
 0.0  0.0  0.0
3-element Vector{Float64}:
 0.4293631149566576
 0.16861654267496715
 0.3773041697256584
2×7 Matrix{Float64}:
 0.0  0.0  0.0  1.0  1.0  1.0  0.0
 0.0  0.0  0.0  0.0  0.0  0.0  1.0
3-element Vector{Float64}:
 1.0
 1.0
 1.0
5×3 Matrix{Float64}:
 0.0        0.0        0.0
 0.0957549  0.0957549  0.0
 0.0        0.0        0.0
 0.03706    0.03706    0.0
 0.0613466  0.0613466  0.0
3-element Vector{Float64}:
 0.1941615161270586
 0.1941615161270586
 0.0
2×7 Matrix{Float64}:
 0.0  0.0  0.0  0.689117  0.376801  1.0  0.46473
 0.0  0.0  0.0  0.310883  0.623199  0.0  0.53527
3-element Vector{Float64}:
 0.1941615161270586
 0.1941615161270586
 0.0
a: [0.0 0.0 0.0; 0.0957549409718354 0.0957549409718354 0.0; 0.0 0.0 0.0; 0.03705996483808261 0.03705996483808249 0.0; 0.0613466103171406 0.0613466103171407 0.0]
b: [0.1941615161270586, 0.1941615161270586, 0.0]
c: [0.0 0.0 0.0 0.6891173555402661 0.37680080638068875 1.0 0.4647303608924259; 0.0 0.0 0.0 0.3108826444597339 0.6231991936193113 0.0 0.5352696391075741]
d: [0.1941615161270586, 0.1941615161270586, 0.0]
comparison (CRT and Glb)on prediction: Dict{Bool, Int64}(0 => 55, 1 => 69)
Dataname	 time	 objv	 lb	 gap	 train_w	 train_g	 test_w	 test_g
/work_bgfs/n/navarrodelacruz/odt/optimal_decision_tree/augmented_datasets/body/body_696.body	 27.4	 0.019416151612705858	 N/A	 N/A	 88.472	 51.475	 91.935	 50.806
