Running 6 processes.
Start training /work_bgfs/n/navarrodelacruz/odt/optimal_decision_tree/augmented_datasets/body/body_833.body with seed 1.
Any[]
(5, 497)
(5, 248)
(5, 124)
(5, 125)
dimension: 5, class: 2
cart cost: 74.79822134387354
size of X: (5, 372)
Using method: Global linear DT optimization
Version identifier: 20.1.0.0 | 2020-11-10 | 9bedb6d68
CPXPARAM_Threads                                 1
CPXPARAM_TimeLimit                               1728000
Tried aggregator 1 time.
Aggregator did 4 substitutions.
Reduced LP has 4844 rows, 1885 columns, and 28288 nonzeros.
Presolve time = 0.02 sec. (8.69 ticks)
Initializing dual steep norms . . .

Iteration log . . .
Iteration:     1   Dual objective     =             0.000000
Perturbation started.
Iteration:   101   Dual objective     =             0.000000
Iteration:   274   Dual objective     =             0.000039
Iteration:   508   Dual objective     =             0.000099
Iteration:   700   Dual objective     =             0.000142
Iteration:   880   Dual objective     =             0.007521
Iteration:  1117   Dual objective     =             0.015814
Iteration:  1309   Dual objective     =             0.017115
Iteration:  1507   Dual objective     =             0.017188
Iteration:  1773   Dual objective     =             0.018293
Removing perturbation.
5×3 Matrix{Float64}:
 0.0  0.0  0.0
 0.0  0.0  1.0
 1.0  0.0  0.0
 0.0  1.0  0.0
 0.0  0.0  0.0
3-element Vector{Float64}:
 0.40455651935464076
 0.16713433617704376
 0.3763779948829641
2×7 Matrix{Float64}:
 0.0  0.0  0.0  1.0  1.0  1.0  0.0
 0.0  0.0  0.0  0.0  0.0  0.0  1.0
3-element Vector{Float64}:
 1.0
 1.0
 1.0
5×3 Matrix{Float64}:
 0.0        0.0        0.0
 0.114324   0.114324   0.0
 0.0172339  0.0172339  0.0
 0.0        0.0        0.0
 0.0604253  0.0604253  0.0
3-element Vector{Float64}:
 0.1919829519799508
 0.1919829519799508
 0.0
2×7 Matrix{Float64}:
 0.0  0.0  0.0  0.694844  0.688874  1.0  0.458814
 0.0  0.0  0.0  0.305156  0.311126  0.0  0.541186
3-element Vector{Float64}:
 0.1919829519799508
 0.1919829519799508
 0.0
a: [0.0 0.0 0.0; 0.1143237151856279 0.11432371518562792 0.0; 0.017233897138056505 0.017233897138056592 0.0; 0.0 0.0 0.0; 0.0604253396562664 0.060425339656266286 0.0]
b: [0.1919829519799508, 0.1919829519799508, 0.0]
c: [0.0 0.0 0.0 0.6948440124245808 0.6888736627875756 1.0 0.45881423501397733; 0.0 0.0 0.0 0.3051559875754192 0.31112633721242444 0.0 0.5411857649860227]
d: [0.1919829519799508, 0.1919829519799508, 0.0]
comparison (CRT and Glb)on prediction: Dict{Bool, Int64}(0 => 61, 1 => 64)
Dataname	 time	 objv	 lb	 gap	 train_w	 train_g	 test_w	 test_g
/work_bgfs/n/navarrodelacruz/odt/optimal_decision_tree/augmented_datasets/body/body_833.body	 71.14	 0.019198295197995076	 N/A	 N/A	 89.785	 50.806	 92.0	 51.2
