Running 6 processes.
Start training /work_bgfs/n/navarrodelacruz/odt/optimal_decision_tree/augmented_datasets/body/body_522.body with seed 1.
Any[]
(5, 497)
(5, 249)
(5, 125)
(5, 123)
dimension: 5, class: 2
cart cost: 66.67755905511812
size of X: (5, 374)
Using method: Global linear DT optimization
Version identifier: 20.1.0.0 | 2020-11-10 | 9bedb6d68
CPXPARAM_Threads                                 1
CPXPARAM_TimeLimit                               1728000
Tried aggregator 1 time.
Aggregator did 4 substitutions.
Reduced LP has 4870 rows, 1895 columns, and 28444 nonzeros.
Presolve time = 0.02 sec. (8.79 ticks)
Initializing dual steep norms . . .

Iteration log . . .
Iteration:     1   Dual objective     =             0.000000
Perturbation started.
Iteration:   101   Dual objective     =             0.000000
Iteration:   233   Dual objective     =             0.000017
Iteration:   432   Dual objective     =             0.000037
Iteration:   612   Dual objective     =             0.000052
Iteration:   829   Dual objective     =             0.000105
Iteration:  1014   Dual objective     =             0.000158
Iteration:  1169   Dual objective     =             0.000194
Iteration:  1365   Dual objective     =             0.010319
Iteration:  1596   Dual objective     =             0.012531
Iteration:  1822   Dual objective     =             0.014911
Iteration:  2038   Dual objective     =             0.016220
Removing perturbation.
5×3 Matrix{Float64}:
 0.0  0.0  0.0
 0.0  0.0  1.0
 1.0  0.0  0.0
 0.0  1.0  0.0
 0.0  0.0  0.0
3-element Vector{Float64}:
 0.400820745179084
 0.1823125181634005
 0.3543296272959081
2×7 Matrix{Float64}:
 0.0  0.0  0.0  1.0  1.0  1.0  0.0
 0.0  0.0  0.0  0.0  0.0  0.0  1.0
3-element Vector{Float64}:
 1.0
 1.0
 1.0
5×3 Matrix{Float64}:
 0.0        0.0        0.0
 0.0960005  0.0960005  0.0
 0.0        0.0        0.0
 0.0364467  0.0364467  0.0
 0.0617661  0.0617661  0.0
3-element Vector{Float64}:
 0.19421325113712806
 0.19421325113712806
 0.0
2×7 Matrix{Float64}:
 0.0  0.0  0.0  0.682966  0.679071  1.0  0.464941
 0.0  0.0  0.0  0.317034  0.320929  0.0  0.535059
3-element Vector{Float64}:
 0.19421325113712806
 0.19421325113712806
 0.0
a: [0.0 0.0 0.0; 0.09600051707132407 0.09600051707132408 0.0; 0.0 0.0 0.0; 0.036446656867536543 0.036446656867536564 0.0; 0.06176607719826747 0.06176607719826742 0.0]
b: [0.19421325113712806, 0.19421325113712806, 0.0]
c: [0.0 0.0 0.0 0.6829658745268183 0.6790706126898235 1.0 0.464941047166854; 0.0 0.0 0.0 0.31703412547318166 0.3209293873101765 0.0 0.535058952833146]
d: [0.19421325113712806, 0.19421325113712806, 0.0]
comparison (CRT and Glb)on prediction: Dict{Bool, Int64}(0 => 57, 1 => 66)
Dataname	 time	 objv	 lb	 gap	 train_w	 train_g	 test_w	 test_g
/work_bgfs/n/navarrodelacruz/odt/optimal_decision_tree/augmented_datasets/body/body_522.body	 27.7	 0.019421325113712806	 N/A	 N/A	 90.909	 51.07	 89.431	 51.22
