Running 6 processes.
Start training /work_bgfs/n/navarrodelacruz/odt/optimal_decision_tree/augmented_datasets/body/body_852.body with seed 1.
Any[]
(5, 497)
(5, 248)
(5, 124)
(5, 125)
dimension: 5, class: 2
cart cost: 76.7626482213439
size of X: (5, 372)
Using method: Global linear DT optimization
Version identifier: 20.1.0.0 | 2020-11-10 | 9bedb6d68
CPXPARAM_Threads                                 1
CPXPARAM_TimeLimit                               1728000
Tried aggregator 1 time.
Aggregator did 4 substitutions.
Reduced LP has 4844 rows, 1885 columns, and 28280 nonzeros.
Presolve time = 0.01 sec. (8.67 ticks)
Initializing dual steep norms . . .

Iteration log . . .
Iteration:     1   Dual objective     =             0.000000
Perturbation started.
Iteration:   101   Dual objective     =             0.000000
Iteration:   364   Dual objective     =             0.000059
Iteration:   567   Dual objective     =             0.000084
Iteration:   719   Dual objective     =             0.000120
Iteration:   859   Dual objective     =             0.000163
Iteration:  1065   Dual objective     =             0.017344
Iteration:  1250   Dual objective     =             0.017723
Iteration:  1446   Dual objective     =             0.018409
Iteration:  1617   Dual objective     =             0.018731
Removing perturbation.
5×3 Matrix{Float64}:
 0.0  0.0  0.0
 0.0  0.0  1.0
 1.0  1.0  0.0
 0.0  0.0  0.0
 0.0  0.0  0.0
3-element Vector{Float64}:
 0.4092837368646718
 0.2758765444419592
 0.37768559085889486
2×7 Matrix{Float64}:
 0.0  0.0  0.0  1.0  1.0  1.0  0.0
 0.0  0.0  0.0  0.0  0.0  0.0  1.0
3-element Vector{Float64}:
 1.0
 1.0
 1.0
5×3 Matrix{Float64}:
 0.0        0.0        0.0
 0.0549857  0.0549857  0.0
 0.0        0.0        0.0
 0.0        0.0        0.0
 0.135542   0.135542   0.0
3-element Vector{Float64}:
 0.19052737506772865
 0.19052737506772868
 0.0
2×7 Matrix{Float64}:
 0.0  0.0  0.0  0.685316  0.363244  1.0  0.485244
 0.0  0.0  0.0  0.314684  0.636756  0.0  0.514756
3-element Vector{Float64}:
 0.1905273750677287
 0.19052737506772868
 0.0
a: [0.0 0.0 0.0; 0.05498571411524539 0.05498571411524497 0.0; 0.0 0.0 0.0; 0.0 0.0 0.0; 0.13554166095248332 0.13554166095248374 0.0]
b: [0.19052737506772865, 0.19052737506772868, 0.0]
c: [0.0 0.0 0.0 0.6853161762004699 0.36324435207773653 1.0 0.4852436690324351; 0.0 0.0 0.0 0.3146838237995301 0.6367556479222635 0.0 0.5147563309675649]
d: [0.1905273750677287, 0.19052737506772868, 0.0]
comparison (CRT and Glb)on prediction: Dict{Bool, Int64}(0 => 53, 1 => 72)
Dataname	 time	 objv	 lb	 gap	 train_w	 train_g	 test_w	 test_g
/work_bgfs/n/navarrodelacruz/odt/optimal_decision_tree/augmented_datasets/body/body_852.body	 31.12	 0.019052737506772867	 N/A	 N/A	 89.516	 50.806	 92.0	 51.2
