Running 6 processes.
Start training /work_bgfs/n/navarrodelacruz/odt/optimal_decision_tree/augmented_datasets/body/body_64.body with seed 1.
Any[]
(5, 497)
(5, 248)
(5, 124)
(5, 125)
dimension: 5, class: 2
cart cost: 67.83482490272377
size of X: (5, 372)
Using method: Global linear DT optimization
Version identifier: 20.1.0.0 | 2020-11-10 | 9bedb6d68
CPXPARAM_Threads                                 1
CPXPARAM_TimeLimit                               1728000
Tried aggregator 1 time.
Aggregator did 4 substitutions.
Reduced LP has 4844 rows, 1885 columns, and 28284 nonzeros.
Presolve time = 0.02 sec. (8.67 ticks)
Initializing dual steep norms . . .

Iteration log . . .
Iteration:     1   Dual objective     =             0.000000
Perturbation started.
Iteration:   101   Dual objective     =             0.000000
Iteration:   361   Dual objective     =             0.000061
Iteration:   581   Dual objective     =             0.000107
Iteration:   785   Dual objective     =             0.000151
Iteration:   945   Dual objective     =             0.014900
Iteration:  1152   Dual objective     =             0.017233
Iteration:  1313   Dual objective     =             0.019071
Removing perturbation.
5×3 Matrix{Float64}:
 0.0  0.0  0.0
 0.0  0.0  1.0
 1.0  0.0  0.0
 0.0  1.0  0.0
 0.0  0.0  0.0
3-element Vector{Float64}:
 0.4062640950609515
 0.190550913976708
 0.3644220657592474
2×7 Matrix{Float64}:
 0.0  0.0  0.0  1.0  1.0  1.0  0.0
 0.0  0.0  0.0  0.0  0.0  0.0  1.0
3-element Vector{Float64}:
 1.0
 1.0
 1.0
5×3 Matrix{Float64}:
 0.0        0.0        0.0
 0.11438    0.11438    0.0
 0.0        0.0        0.0
 0.0125998  0.0125998  0.0
 0.0636008  0.0636008  0.0
3-element Vector{Float64}:
 0.19058032748621767
 0.19058032748621767
 0.0
2×7 Matrix{Float64}:
 0.0  0.0  0.0  0.700996  0.705057  1.0  0.462565
 0.0  0.0  0.0  0.299004  0.294943  0.0  0.537435
3-element Vector{Float64}:
 0.19058032748621767
 0.19058032748621767
 0.0
a: [0.0 0.0 0.0; 0.11437975646765895 0.11437975646765895 0.0; 0.0 0.0 0.0; 0.01259978107238069 0.012599781072380703 0.0; 0.06360078994617803 0.06360078994617799 0.0]
b: [0.19058032748621767, 0.19058032748621767, 0.0]
c: [0.0 0.0 0.0 0.7009960488840385 0.7050572889854985 1.0 0.46256504798273923; 0.0 0.0 0.0 0.29900395111596145 0.29494271101450154 0.0 0.5374349520172608]
d: [0.19058032748621767, 0.19058032748621767, 0.0]
comparison (CRT and Glb)on prediction: Dict{Bool, Int64}(0 => 57, 1 => 68)
Dataname	 time	 objv	 lb	 gap	 train_w	 train_g	 test_w	 test_g
/work_bgfs/n/navarrodelacruz/odt/optimal_decision_tree/augmented_datasets/body/body_64.body	 30.22	 0.019058032748621768	 N/A	 N/A	 90.591	 51.613	 89.6	 52.0
