Running 6 processes.
Start training /work_bgfs/n/navarrodelacruz/odt/optimal_decision_tree/augmented_datasets/body/body_713.body with seed 1.
Any[]
(5, 497)
(5, 249)
(5, 125)
(5, 123)
dimension: 5, class: 2
cart cost: 58.85078740157479
size of X: (5, 374)
Using method: Global linear DT optimization
Version identifier: 20.1.0.0 | 2020-11-10 | 9bedb6d68
CPXPARAM_Threads                                 1
CPXPARAM_TimeLimit                               1728000
Tried aggregator 1 time.
Aggregator did 4 substitutions.
Reduced LP has 4870 rows, 1895 columns, and 28448 nonzeros.
Presolve time = 0.02 sec. (8.86 ticks)
Initializing dual steep norms . . .

Iteration log . . .
Iteration:     1   Dual objective     =             0.000000
Perturbation started.
Iteration:   101   Dual objective     =             0.000000
Iteration:   294   Dual objective     =             0.000033
Iteration:   510   Dual objective     =             0.000051
Iteration:   687   Dual objective     =             0.000096
Iteration:   842   Dual objective     =             0.000138
Iteration:  1013   Dual objective     =             0.016868
Iteration:  1160   Dual objective     =             0.017215
Iteration:  1330   Dual objective     =             0.017234
Iteration:  1520   Dual objective     =             0.017878
Iteration:  1719   Dual objective     =             0.019314
Iteration:  1955   Dual objective     =             0.019340
Removing perturbation.
5×3 Matrix{Float64}:
 0.0  0.0  0.0
 0.0  1.0  1.0
 1.0  0.0  0.0
 0.0  0.0  0.0
 0.0  0.0  0.0
3-element Vector{Float64}:
 0.404210730352602
 0.546086336277098
 0.37727768450902066
2×7 Matrix{Float64}:
 0.0  0.0  0.0  1.0  0.0  1.0  0.0
 0.0  0.0  0.0  0.0  1.0  0.0  1.0
3-element Vector{Float64}:
 1.0
 1.0
 1.0
5×3 Matrix{Float64}:
 0.0         0.0         0.0
 0.0974675   0.0974675   0.0
 0.0167817   0.0167817   0.0
 0.00161014  0.00161014  0.0
 0.0768549   0.0768549   0.0
3-element Vector{Float64}:
 0.19271422594433568
 0.19271422594433563
 0.0
2×7 Matrix{Float64}:
 0.0  0.0  0.0  0.68265  0.683183  1.0  0.478585
 0.0  0.0  0.0  0.31735  0.316817  0.0  0.521415
3-element Vector{Float64}:
 0.19271422594433568
 0.19271422594433563
 0.0
a: [0.0 0.0 0.0; 0.09746746628156616 0.09746746628156601 0.0; 0.016781672968735086 0.016781672968735006 0.0; 0.0016101374112954155 0.0016101374112958838 0.0; 0.07685494928273902 0.07685494928273871 0.0]
b: [0.19271422594433568, 0.19271422594433563, 0.0]
c: [0.0 0.0 0.0 0.6826499839667315 0.6831826468252691 1.0 0.47858545068716896; 0.0 0.0 0.0 0.3173500160332685 0.3168173531747309 0.0 0.521414549312831]
d: [0.19271422594433568, 0.19271422594433563, 0.0]
comparison (CRT and Glb)on prediction: Dict{Bool, Int64}(0 => 63, 1 => 60)
Dataname	 time	 objv	 lb	 gap	 train_w	 train_g	 test_w	 test_g
/work_bgfs/n/navarrodelacruz/odt/optimal_decision_tree/augmented_datasets/body/body_713.body	 33.15	 0.01927142259443356	 N/A	 N/A	 91.979	 51.07	 82.927	 51.22
