Running 6 processes.
Start training /work_bgfs/n/navarrodelacruz/odt/optimal_decision_tree/augmented_datasets/body/body_121.body with seed 1.
Any[]
(5, 497)
(5, 249)
(5, 124)
(5, 124)
dimension: 5, class: 2
cart cost: 72.26372549019605
size of X: (5, 373)
Using method: Global linear DT optimization
Version identifier: 20.1.0.0 | 2020-11-10 | 9bedb6d68
CPXPARAM_Threads                                 1
CPXPARAM_TimeLimit                               1728000
Tried aggregator 1 time.
Aggregator did 4 substitutions.
Reduced LP has 4857 rows, 1890 columns, and 28364 nonzeros.
Presolve time = 0.01 sec. (8.72 ticks)
Initializing dual steep norms . . .

Iteration log . . .
Iteration:     1   Dual objective     =             0.000000
Perturbation started.
Iteration:   101   Dual objective     =             0.000000
Iteration:   298   Dual objective     =             0.000023
Iteration:   501   Dual objective     =             0.000071
Iteration:   782   Dual objective     =             0.000136
Iteration:   942   Dual objective     =             0.001897
Iteration:  1161   Dual objective     =             0.016022
Iteration:  1359   Dual objective     =             0.017586
Iteration:  1568   Dual objective     =             0.019511
Removing perturbation.
5×3 Matrix{Float64}:
 0.0  0.0  0.0
 0.0  0.0  1.0
 1.0  0.0  0.0
 0.0  1.0  0.0
 0.0  0.0  0.0
3-element Vector{Float64}:
 0.40442224945448924
 0.18198127101978231
 0.3526292547087124
2×7 Matrix{Float64}:
 0.0  0.0  0.0  1.0  1.0  1.0  0.0
 0.0  0.0  0.0  0.0  0.0  0.0  1.0
3-element Vector{Float64}:
 1.0
 1.0
 1.0
5×3 Matrix{Float64}:
 0.0        0.0        0.0
 0.095707   0.095707   0.0
 0.0        0.0        0.0
 0.0368845  0.0368845  0.0
 0.0616365  0.0616365  0.0
3-element Vector{Float64}:
 0.19422791897342528
 0.19422791897342523
 0.0
2×7 Matrix{Float64}:
 0.0  0.0  0.0  0.683344  0.689662  1.0  0.464846
 0.0  0.0  0.0  0.316656  0.310338  0.0  0.535154
3-element Vector{Float64}:
 0.19422791897342528
 0.19422791897342523
 0.0
a: [0.0 0.0 0.0; 0.09570695397743437 0.09570695397743423 0.0; 0.0 0.0 0.0; 0.03688449026119892 0.03688449026119933 0.0; 0.061636474734792 0.06163647473479167 0.0]
b: [0.19422791897342528, 0.19422791897342523, 0.0]
c: [0.0 0.0 0.0 0.6833444502238104 0.6896620757464913 1.0 0.4648462490029903; 0.0 0.0 0.0 0.3166555497761896 0.3103379242535087 0.0 0.5351537509970097]
d: [0.19422791897342528, 0.19422791897342523, 0.0]
comparison (CRT and Glb)on prediction: Dict{Bool, Int64}(0 => 59, 1 => 65)
Dataname	 time	 objv	 lb	 gap	 train_w	 train_g	 test_w	 test_g
/work_bgfs/n/navarrodelacruz/odt/optimal_decision_tree/augmented_datasets/body/body_121.body	 27.22	 0.01942279189734252	 N/A	 N/A	 90.08	 51.475	 90.323	 50.806
