Running 6 processes.
Start training /work_bgfs/n/navarrodelacruz/odt/optimal_decision_tree/augmented_datasets/body/body_119.body with seed 1.
Any[]
(5, 497)
(5, 248)
(5, 124)
(5, 125)
dimension: 5, class: 2
cart cost: 76.7626482213439
size of X: (5, 372)
Using method: Global linear DT optimization
Version identifier: 20.1.0.0 | 2020-11-10 | 9bedb6d68
CPXPARAM_Threads                                 1
CPXPARAM_TimeLimit                               1728000
Tried aggregator 1 time.
Aggregator did 4 substitutions.
Reduced LP has 4844 rows, 1885 columns, and 28296 nonzeros.
Presolve time = 0.01 sec. (8.81 ticks)
Initializing dual steep norms . . .

Iteration log . . .
Iteration:     1   Dual objective     =             0.000000
Perturbation started.
Iteration:   101   Dual objective     =             0.000000
Iteration:   470   Dual objective     =             0.000091
Iteration:   664   Dual objective     =             0.000130
Iteration:   837   Dual objective     =             0.000169
Iteration:  1029   Dual objective     =             0.017175
Iteration:  1194   Dual objective     =             0.018095
Iteration:  1375   Dual objective     =             0.019408
Removing perturbation.
5×3 Matrix{Float64}:
 0.0  0.0  0.0
 0.0  0.0  1.0
 1.0  0.0  0.0
 0.0  1.0  0.0
 0.0  0.0  0.0
3-element Vector{Float64}:
 0.44650054328902583
 0.24625909896275733
 0.35307219561881736
2×7 Matrix{Float64}:
 0.0  0.0  0.0  1.0  1.0  1.0  0.0
 0.0  0.0  0.0  0.0  0.0  0.0  1.0
3-element Vector{Float64}:
 1.0
 1.0
 1.0
5×3 Matrix{Float64}:
 0.0        0.0        0.0
 0.0761529  0.0761529  0.0
 0.0        0.0        0.0
 0.117001   0.117001   0.0
 0.0        0.0        0.0
3-element Vector{Float64}:
 0.19315388024087957
 0.19315388024087962
 0.0
2×7 Matrix{Float64}:
 0.0  0.0  0.0  0.690135  0.699337  1.0  0.443169
 0.0  0.0  0.0  0.309865  0.300663  0.0  0.556831
3-element Vector{Float64}:
 0.1931538802408796
 0.19315388024087954
 0.0
a: [0.0 0.0 0.0; 0.07615285816247913 0.07615285816247902 0.0; 0.0 0.0 0.0; 0.1170010220784005 0.11700102207840052 0.0; 0.0 0.0 0.0]
b: [0.19315388024087957, 0.19315388024087962, 0.0]
c: [0.0 0.0 0.0 0.6901348231991578 0.6993366411354807 1.0 0.44316870959883414; 0.0 0.0 0.0 0.30986517680084225 0.30066335886451934 0.0 0.5568312904011659]
d: [0.1931538802408796, 0.19315388024087954, 0.0]
comparison (CRT and Glb)on prediction: Dict{Bool, Int64}(0 => 57, 1 => 68)
Dataname	 time	 objv	 lb	 gap	 train_w	 train_g	 test_w	 test_g
/work_bgfs/n/navarrodelacruz/odt/optimal_decision_tree/augmented_datasets/body/body_119.body	 27.34	 0.019315388024087957	 N/A	 N/A	 89.516	 50.806	 88.8	 51.2
