Running 6 processes.
Start training /work_bgfs/n/navarrodelacruz/odt/optimal_decision_tree/augmented_datasets/body/body_351.body with seed 1.
Any[]
(5, 497)
(5, 248)
(5, 124)
(5, 125)
dimension: 5, class: 2
cart cost: 87.51328125
size of X: (5, 372)
Using method: Global linear DT optimization
Version identifier: 20.1.0.0 | 2020-11-10 | 9bedb6d68
CPXPARAM_Threads                                 1
CPXPARAM_TimeLimit                               1728000
Tried aggregator 1 time.
Aggregator did 4 substitutions.
Reduced LP has 4844 rows, 1885 columns, and 28284 nonzeros.
Presolve time = 0.02 sec. (8.67 ticks)
Initializing dual steep norms . . .

Iteration log . . .
Iteration:     1   Dual objective     =             0.000000
Perturbation started.
Iteration:   101   Dual objective     =             0.000000
Iteration:   216   Dual objective     =             0.000025
Iteration:   521   Dual objective     =             0.000096
Iteration:   688   Dual objective     =             0.000137
Iteration:   874   Dual objective     =             0.007495
Iteration:  1053   Dual objective     =             0.012208
Iteration:  1276   Dual objective     =             0.016788
Iteration:  1472   Dual objective     =             0.018995
Iteration:  1630   Dual objective     =             0.019371
Removing perturbation.
5×3 Matrix{Float64}:
 0.0  0.0  0.0
 0.0  0.0  1.0
 1.0  0.0  0.0
 0.0  1.0  0.0
 0.0  0.0  0.0
3-element Vector{Float64}:
 0.39683770002452073
 0.2701304947701346
 0.46700061066688175
2×7 Matrix{Float64}:
 0.0  0.0  0.0  1.0  1.0  1.0  0.0
 0.0  0.0  0.0  0.0  0.0  0.0  1.0
3-element Vector{Float64}:
 1.0
 1.0
 1.0
5×3 Matrix{Float64}:
 0.0        0.0        0.0
 0.0971534  0.0971534  0.0
 0.0180406  0.0180406  0.0
 0.0017284  0.0017284  0.0
 0.0757564  0.0757564  0.0
3-element Vector{Float64}:
 0.19267883156918697
 0.19267883156918703
 0.0
2×7 Matrix{Float64}:
 0.0  0.0  0.0  0.693973  0.694842  1.0  0.478136
 0.0  0.0  0.0  0.306027  0.305158  0.0  0.521864
3-element Vector{Float64}:
 0.19267883156918697
 0.19267883156918703
 0.0
a: [0.0 0.0 0.0; 0.09715344134153428 0.09715344134153475 0.0; 0.018040613601605443 0.01804061360160547 0.0; 0.0017284021076676408 0.0017284021076667284 0.0; 0.07575637451837954 0.07575637451838016 0.0]
b: [0.19267883156918697, 0.19267883156918703, 0.0]
c: [0.0 0.0 0.0 0.6939734433779111 0.6948422867517103 1.0 0.4781355088170235; 0.0 0.0 0.0 0.3060265566220889 0.30515771324828966 0.0 0.5218644911829765]
d: [0.19267883156918697, 0.19267883156918703, 0.0]
comparison (CRT and Glb)on prediction: Dict{Bool, Int64}(0 => 48, 1 => 77)
Dataname	 time	 objv	 lb	 gap	 train_w	 train_g	 test_w	 test_g
/work_bgfs/n/navarrodelacruz/odt/optimal_decision_tree/augmented_datasets/body/body_351.body	 33.95	 0.019267883156918696	 N/A	 N/A	 87.903	 51.613	 86.4	 51.2
