Running 6 processes.
Start training /work_bgfs/n/navarrodelacruz/odt/optimal_decision_tree/augmented_datasets/body/body_41.body with seed 1.
Any[]
(5, 497)
(5, 249)
(5, 125)
(5, 123)
dimension: 5, class: 2
cart cost: 68.63425196850396
size of X: (5, 374)
Using method: Global linear DT optimization
Version identifier: 20.1.0.0 | 2020-11-10 | 9bedb6d68
CPXPARAM_Threads                                 1
CPXPARAM_TimeLimit                               1728000
Tried aggregator 1 time.
Aggregator did 4 substitutions.
Reduced LP has 4870 rows, 1895 columns, and 28440 nonzeros.
Presolve time = 0.02 sec. (8.74 ticks)
Initializing dual steep norms . . .

Iteration log . . .
Iteration:     1   Dual objective     =             0.000000
Perturbation started.
Iteration:   101   Dual objective     =             0.000000
Iteration:   442   Dual objective     =             0.000080
Iteration:   633   Dual objective     =             0.000125
Iteration:   786   Dual objective     =             0.014789
Iteration:   971   Dual objective     =             0.016208
Iteration:  1219   Dual objective     =             0.018072
Iteration:  1378   Dual objective     =             0.019277
Removing perturbation.
5×3 Matrix{Float64}:
 0.0  0.0  0.0
 0.0  0.0  1.0
 1.0  0.0  0.0
 0.0  1.0  0.0
 0.0  0.0  0.0
3-element Vector{Float64}:
 0.39973693604185995
 0.1828429103864997
 0.3841512577487768
2×7 Matrix{Float64}:
 0.0  0.0  0.0  1.0  1.0  1.0  0.0
 0.0  0.0  0.0  0.0  0.0  0.0  1.0
3-element Vector{Float64}:
 1.0
 1.0
 1.0
5×3 Matrix{Float64}:
 0.0        0.0        0.0
 0.0954098  0.0954098  0.0
 0.0        0.0        0.0
 0.0370917  0.0370917  0.0
 0.0618699  0.0618699  0.0
3-element Vector{Float64}:
 0.19437142664881019
 0.19437142664881019
 0.0
2×7 Matrix{Float64}:
 0.0  0.0  0.0  0.687942  0.673404  1.0  0.464881
 0.0  0.0  0.0  0.312058  0.326596  0.0  0.535119
3-element Vector{Float64}:
 0.19437142664881019
 0.19437142664881019
 0.0
a: [0.0 0.0 0.0; 0.09540978927372694 0.09540978927372694 0.0; 0.0 0.0 0.0; 0.03709174143858851 0.03709174143858822 0.0; 0.06186989593649485 0.061869895936495015 0.0]
b: [0.19437142664881019, 0.19437142664881019, 0.0]
c: [0.0 0.0 0.0 0.6879419171199224 0.6734037963653775 1.0 0.4648813699586454; 0.0 0.0 0.0 0.31205808288007764 0.3265962036346225 0.0 0.5351186300413546]
d: [0.19437142664881019, 0.19437142664881019, 0.0]
comparison (CRT and Glb)on prediction: Dict{Bool, Int64}(0 => 58, 1 => 65)
Dataname	 time	 objv	 lb	 gap	 train_w	 train_g	 test_w	 test_g
/work_bgfs/n/navarrodelacruz/odt/optimal_decision_tree/augmented_datasets/body/body_41.body	 33.21	 0.01943714266488102	 N/A	 N/A	 90.642	 51.07	 91.87	 51.22
