Running 6 processes.
Start training /work_bgfs/n/navarrodelacruz/odt/optimal_decision_tree/augmented_datasets/body/body_430.body with seed 1.
Any[]
(5, 497)
(5, 249)
(5, 124)
(5, 124)
dimension: 5, class: 2
cart cost: 87.85588235294117
size of X: (5, 373)
Using method: Global linear DT optimization
Version identifier: 20.1.0.0 | 2020-11-10 | 9bedb6d68
CPXPARAM_Threads                                 1
CPXPARAM_TimeLimit                               1728000
Tried aggregator 1 time.
Aggregator did 4 substitutions.
Reduced LP has 4857 rows, 1890 columns, and 28364 nonzeros.
Presolve time = 0.02 sec. (8.72 ticks)
Initializing dual steep norms . . .

Iteration log . . .
Iteration:     1   Dual objective     =             0.000000
Perturbation started.
Iteration:   101   Dual objective     =             0.000000
Iteration:   469   Dual objective     =             0.000090
Iteration:   620   Dual objective     =             0.000125
Iteration:   844   Dual objective     =             0.002572
Iteration:  1018   Dual objective     =             0.017732
Iteration:  1182   Dual objective     =             0.018931
Iteration:  1330   Dual objective     =             0.019135
Removing perturbation.
5×3 Matrix{Float64}:
 0.0  0.0  0.0
 0.0  0.0  1.0
 1.0  0.0  0.0
 0.0  1.0  0.0
 0.0  0.0  0.0
3-element Vector{Float64}:
 0.40356687873281644
 0.19504785585028186
 0.4492248428472382
2×7 Matrix{Float64}:
 0.0  0.0  0.0  1.0  1.0  1.0  0.0
 0.0  0.0  0.0  0.0  0.0  0.0  1.0
3-element Vector{Float64}:
 1.0
 1.0
 1.0
5×3 Matrix{Float64}:
 0.0        0.0        0.0
 0.11489    0.11489    0.0
 0.0171208  0.0171208  0.0
 0.0        0.0        0.0
 0.0599476  0.0599476  0.0
3-element Vector{Float64}:
 0.19195862347411768
 0.1919586234741173
 0.0
2×7 Matrix{Float64}:
 0.0  0.0  0.0  0.696816  0.709196  1.0  0.458519
 0.0  0.0  0.0  0.303184  0.290804  0.0  0.541481
3-element Vector{Float64}:
 0.19195862347411768
 0.19195862347411732
 0.0
a: [0.0 0.0 0.0; 0.11489026989286039 0.11489026989286019 0.0; 0.017120761058255773 0.017120761058252998 0.0; 0.0 0.0 0.0; 0.05994759252300154 0.059947592523004106 0.0]
b: [0.19195862347411768, 0.1919586234741173, 0.0]
c: [0.0 0.0 0.0 0.6968164360735667 0.7091956752075367 1.0 0.4585192731621287; 0.0 0.0 0.0 0.3031835639264333 0.2908043247924633 0.0 0.5414807268378713]
d: [0.19195862347411768, 0.19195862347411732, 0.0]
comparison (CRT and Glb)on prediction: Dict{Bool, Int64}(0 => 53, 1 => 71)
Dataname	 time	 objv	 lb	 gap	 train_w	 train_g	 test_w	 test_g
/work_bgfs/n/navarrodelacruz/odt/optimal_decision_tree/augmented_datasets/body/body_430.body	 31.79	 0.019195862347411753	 N/A	 N/A	 87.936	 51.475	 88.71	 50.806
