Running 6 processes.
Start training /work_bgfs/n/navarrodelacruz/odt/optimal_decision_tree/augmented_datasets/body/body_267.body with seed 1.
Any[]
(5, 497)
(5, 249)
(5, 125)
(5, 123)
dimension: 5, class: 2
cart cost: 78.41771653543306
size of X: (5, 374)
Using method: Global linear DT optimization
Version identifier: 20.1.0.0 | 2020-11-10 | 9bedb6d68
CPXPARAM_Threads                                 1
CPXPARAM_TimeLimit                               1728000
Tried aggregator 1 time.
Aggregator did 4 substitutions.
Reduced LP has 4870 rows, 1895 columns, and 28444 nonzeros.
Presolve time = 0.02 sec. (8.79 ticks)
Initializing dual steep norms . . .

Iteration log . . .
Iteration:     1   Dual objective     =             0.000000
Perturbation started.
Iteration:   101   Dual objective     =             0.000000
Iteration:   308   Dual objective     =             0.000031
Iteration:   519   Dual objective     =             0.000061
Iteration:   683   Dual objective     =             0.000092
Iteration:   841   Dual objective     =             0.000133
Iteration:   979   Dual objective     =             0.000169
Iteration:  1140   Dual objective     =             0.000171
Iteration:  1325   Dual objective     =             0.016870
Iteration:  1503   Dual objective     =             0.017848
Iteration:  1655   Dual objective     =             0.018340
Iteration:  1883   Dual objective     =             0.019061
Removing perturbation.
5×3 Matrix{Float64}:
 0.0  0.0  0.0
 0.0  0.0  1.0
 1.0  0.0  0.0
 0.0  1.0  0.0
 0.0  0.0  0.0
3-element Vector{Float64}:
 0.40409356569664945
 0.16416880015277607
 0.36502348617647684
2×7 Matrix{Float64}:
 0.0  0.0  0.0  1.0  1.0  1.0  0.0
 0.0  0.0  0.0  0.0  0.0  0.0  1.0
3-element Vector{Float64}:
 1.0
 1.0
 1.0
5×3 Matrix{Float64}:
 0.00892886  0.00892886  0.0
 0.120984    0.120984    0.0
 0.0         0.0         0.0
 0.0         0.0         0.0
 0.06187     0.06187     0.0
3-element Vector{Float64}:
 0.19178279394993608
 0.1917827939499361
 0.0
2×7 Matrix{Float64}:
 0.0  0.0  0.0  0.673122  0.692722  1.0  0.45705
 0.0  0.0  0.0  0.326878  0.307278  0.0  0.54295
3-element Vector{Float64}:
 0.19178279394993608
 0.1917827939499361
 0.0
a: [0.008928857882504526 0.008928857882504498 0.0; 0.12098394206549579 0.12098394206549583 0.0; 0.0 0.0 0.0; 0.0 0.0 0.0; 0.06186999400193574 0.06186999400193578 0.0]
b: [0.19178279394993608, 0.1917827939499361, 0.0]
c: [0.0 0.0 0.0 0.6731222966462985 0.6927223872876647 1.0 0.45705006098978307; 0.0 0.0 0.0 0.3268777033537015 0.30727761271233534 0.0 0.5429499390102169]
d: [0.19178279394993608, 0.1917827939499361, 0.0]
comparison (CRT and Glb)on prediction: Dict{Bool, Int64}(0 => 61, 1 => 62)
Dataname	 time	 objv	 lb	 gap	 train_w	 train_g	 test_w	 test_g
/work_bgfs/n/navarrodelacruz/odt/optimal_decision_tree/augmented_datasets/body/body_267.body	 27.23	 0.019178279394993614	 N/A	 N/A	 89.305	 51.07	 91.057	 51.22
