Running 6 processes.
Start training /work_bgfs/n/navarrodelacruz/odt/optimal_decision_tree/augmented_datasets/body/body_234.body with seed 1.
Any[]
(5, 497)
(5, 249)
(5, 125)
(5, 123)
dimension: 5, class: 2
cart cost: 66.67755905511812
size of X: (5, 374)
Using method: Global linear DT optimization
Version identifier: 20.1.0.0 | 2020-11-10 | 9bedb6d68
CPXPARAM_Threads                                 1
CPXPARAM_TimeLimit                               1728000
Tried aggregator 1 time.
Aggregator did 4 substitutions.
Reduced LP has 4870 rows, 1895 columns, and 28444 nonzeros.
Presolve time = 0.02 sec. (8.79 ticks)
Initializing dual steep norms . . .

Iteration log . . .
Iteration:     1   Dual objective     =             0.000000
Perturbation started.
Iteration:   101   Dual objective     =             0.000000
Iteration:   457   Dual objective     =             0.000085
Iteration:   683   Dual objective     =             0.000136
Iteration:   860   Dual objective     =             0.014621
Iteration:  1030   Dual objective     =             0.017663
Iteration:  1261   Dual objective     =             0.017771
Iteration:  1453   Dual objective     =             0.018881
Removing perturbation.
5×3 Matrix{Float64}:
 0.0  0.0  0.0
 0.0  0.0  1.0
 1.0  0.0  0.0
 0.0  1.0  0.0
 0.0  0.0  0.0
3-element Vector{Float64}:
 0.4042228811628237
 0.18054668441930186
 0.3512461206922155
2×7 Matrix{Float64}:
 0.0  0.0  0.0  1.0  1.0  1.0  0.0
 0.0  0.0  0.0  0.0  0.0  0.0  1.0
3-element Vector{Float64}:
 1.0
 1.0
 1.0
5×3 Matrix{Float64}:
 0.0        0.0        0.0
 0.0902024  0.0902024  0.0
 0.0        0.0        0.0
 0.0583799  0.0583799  0.0
 0.0454847  0.0454847  0.0
3-element Vector{Float64}:
 0.19406691581048768
 0.19406691581048766
 0.0
2×7 Matrix{Float64}:
 0.0  0.0  0.0  0.689456  0.691024  1.0  0.458952
 0.0  0.0  0.0  0.310544  0.308976  0.0  0.541048
3-element Vector{Float64}:
 0.19406691581048766
 0.19406691581048766
 0.0
a: [0.0 0.0 0.0; 0.09020237534675266 0.09020237534675271 0.0; 0.0 0.0 0.0; 0.05837987288691204 0.05837987288691236 0.0; 0.04548466757682293 0.04548466757682245 0.0]
b: [0.19406691581048768, 0.19406691581048766, 0.0]
c: [0.0 0.0 0.0 0.689456140157698 0.6910240984179457 1.0 0.45895213445522276; 0.0 0.0 0.0 0.31054385984230204 0.30897590158205435 0.0 0.5410478655447772]
d: [0.19406691581048766, 0.19406691581048766, 0.0]
comparison (CRT and Glb)on prediction: Dict{Bool, Int64}(0 => 57, 1 => 66)
Dataname	 time	 objv	 lb	 gap	 train_w	 train_g	 test_w	 test_g
/work_bgfs/n/navarrodelacruz/odt/optimal_decision_tree/augmented_datasets/body/body_234.body	 27.29	 0.01940669158104877	 N/A	 N/A	 90.909	 51.07	 91.057	 51.22
