Running 6 processes.
Start training /work_bgfs/n/navarrodelacruz/odt/optimal_decision_tree/augmented_datasets/body/body_599.body with seed 1.
Any[]
(5, 497)
(5, 249)
(5, 125)
(5, 123)
dimension: 5, class: 2
cart cost: 74.50433070866139
size of X: (5, 374)
Using method: Global linear DT optimization
Version identifier: 20.1.0.0 | 2020-11-10 | 9bedb6d68
CPXPARAM_Threads                                 1
CPXPARAM_TimeLimit                               1728000
Tried aggregator 1 time.
Aggregator did 4 substitutions.
Reduced LP has 4870 rows, 1895 columns, and 28444 nonzeros.
Presolve time = 0.02 sec. (8.79 ticks)
Initializing dual steep norms . . .

Iteration log . . .
Iteration:     1   Dual objective     =             0.000000
Perturbation started.
Iteration:   101   Dual objective     =             0.000000
Iteration:   439   Dual objective     =             0.000080
Iteration:   592   Dual objective     =             0.000113
Iteration:   769   Dual objective     =             0.000157
Iteration:   922   Dual objective     =             0.017139
Iteration:  1105   Dual objective     =             0.018223
Iteration:  1309   Dual objective     =             0.019181
Removing perturbation.
5×3 Matrix{Float64}:
 0.0  0.0  0.0
 0.0  0.0  1.0
 1.0  0.0  0.0
 0.0  1.0  0.0
 0.0  0.0  0.0
3-element Vector{Float64}:
 0.39742574957547155
 0.1836379514241747
 0.3505061464888922
2×7 Matrix{Float64}:
 0.0  0.0  0.0  1.0  1.0  1.0  0.0
 0.0  0.0  0.0  0.0  0.0  0.0  1.0
3-element Vector{Float64}:
 1.0
 1.0
 1.0
5×3 Matrix{Float64}:
 0.0        0.0        0.0
 0.0484916  0.0484916  0.0
 0.0        0.0        0.0
 0.0        0.0        0.0
 0.142279   0.142279   0.0
3-element Vector{Float64}:
 0.19077038278107414
 0.19077038278107414
 0.0
2×7 Matrix{Float64}:
 0.0  0.0  0.0  0.682144  0.686706  1.0  0.488424
 0.0  0.0  0.0  0.317856  0.313294  0.0  0.511576
3-element Vector{Float64}:
 0.19077038278107414
 0.19077038278107414
 0.0
a: [0.0 0.0 0.0; 0.048491614514380735 0.048491614514380416 0.0; 0.0 0.0 0.0; 0.0 0.0 0.0; 0.1422787682666934 0.14227876826669372 0.0]
b: [0.19077038278107414, 0.19077038278107414, 0.0]
c: [0.0 0.0 0.0 0.6821435092290804 0.6867062040742596 1.0 0.4884238844708477; 0.0 0.0 0.0 0.3178564907709196 0.31329379592574036 0.0 0.5115761155291523]
d: [0.19077038278107414, 0.19077038278107414, 0.0]
comparison (CRT and Glb)on prediction: Dict{Bool, Int64}(0 => 59, 1 => 64)
Dataname	 time	 objv	 lb	 gap	 train_w	 train_g	 test_w	 test_g
/work_bgfs/n/navarrodelacruz/odt/optimal_decision_tree/augmented_datasets/body/body_599.body	 31.8	 0.019077038278107417	 N/A	 N/A	 89.84	 51.07	 92.683	 51.22
