Running 6 processes.
Start training /work_bgfs/n/navarrodelacruz/odt/optimal_decision_tree/augmented_datasets/body/body_483.body with seed 1.
Any[]
(5, 497)
(5, 249)
(5, 125)
(5, 123)
dimension: 5, class: 2
cart cost: 74.50433070866139
size of X: (5, 374)
Using method: Global linear DT optimization
Version identifier: 20.1.0.0 | 2020-11-10 | 9bedb6d68
CPXPARAM_Threads                                 1
CPXPARAM_TimeLimit                               1728000
Tried aggregator 1 time.
Aggregator did 4 substitutions.
Reduced LP has 4870 rows, 1895 columns, and 28444 nonzeros.
Presolve time = 0.02 sec. (8.79 ticks)
Initializing dual steep norms . . .

Iteration log . . .
Iteration:     1   Dual objective     =             0.000000
Perturbation started.
Iteration:   101   Dual objective     =             0.000000
Iteration:   444   Dual objective     =             0.000082
Iteration:   632   Dual objective     =             0.000125
Iteration:   811   Dual objective     =             0.010721
Iteration:   982   Dual objective     =             0.018071
Iteration:  1136   Dual objective     =             0.019154
Iteration:  1310   Dual objective     =             0.019235
Iteration:  1459   Dual objective     =             0.019428
Removing perturbation.
5×3 Matrix{Float64}:
 0.0  0.0  0.0
 0.0  0.0  1.0
 1.0  0.0  0.0
 0.0  1.0  0.0
 0.0  0.0  0.0
3-element Vector{Float64}:
 0.40273276522727297
 0.1815158830925233
 0.35310885070700976
2×7 Matrix{Float64}:
 0.0  0.0  0.0  1.0  1.0  1.0  0.0
 0.0  0.0  0.0  0.0  0.0  0.0  1.0
3-element Vector{Float64}:
 1.0
 1.0
 1.0
5×3 Matrix{Float64}:
 0.0        0.0        0.0
 0.0952103  0.0952103  0.0
 0.0        0.0        0.0
 0.0378569  0.0378569  0.0
 0.0611794  0.0611794  0.0
3-element Vector{Float64}:
 0.1942466471651351
 0.19424664716513507
 0.0
2×7 Matrix{Float64}:
 0.0  0.0  0.0  0.688036  0.684164  1.0  0.464932
 0.0  0.0  0.0  0.311964  0.315836  0.0  0.535068
3-element Vector{Float64}:
 0.1942466471651351
 0.19424664716513507
 0.0
a: [0.0 0.0 0.0; 0.09521028214870222 0.09521028214870217 0.0; 0.0 0.0 0.0; 0.03785692088432541 0.037856920884325435 0.0; 0.06117944413210748 0.06117944413210745 0.0]
b: [0.1942466471651351, 0.19424664716513507, 0.0]
c: [0.0 0.0 0.0 0.6880361279499931 0.6841640444224499 1.0 0.4649324284425168; 0.0 0.0 0.0 0.31196387205000686 0.31583595557755006 0.0 0.5350675715574832]
d: [0.1942466471651351, 0.19424664716513507, 0.0]
comparison (CRT and Glb)on prediction: Dict{Bool, Int64}(0 => 59, 1 => 64)
Dataname	 time	 objv	 lb	 gap	 train_w	 train_g	 test_w	 test_g
/work_bgfs/n/navarrodelacruz/odt/optimal_decision_tree/augmented_datasets/body/body_483.body	 30.83	 0.01942466471651351	 N/A	 N/A	 89.84	 51.07	 91.057	 51.22
