Running 6 processes.
Start training /work_bgfs/n/navarrodelacruz/odt/optimal_decision_tree/augmented_datasets/body/body_367.body with seed 1.
Any[]
(5, 497)
(5, 249)
(5, 125)
(5, 123)
dimension: 5, class: 2
cart cost: 68.63425196850396
size of X: (5, 374)
Using method: Global linear DT optimization
Version identifier: 20.1.0.0 | 2020-11-10 | 9bedb6d68
CPXPARAM_Threads                                 1
CPXPARAM_TimeLimit                               1728000
Tried aggregator 1 time.
Aggregator did 4 substitutions.
Reduced LP has 4870 rows, 1895 columns, and 28444 nonzeros.
Presolve time = 0.02 sec. (8.79 ticks)
Initializing dual steep norms . . .

Iteration log . . .
Iteration:     1   Dual objective     =             0.000000
Perturbation started.
Iteration:   101   Dual objective     =             0.000000
Iteration:   290   Dual objective     =             0.000025
Iteration:   447   Dual objective     =             0.000043
Iteration:   660   Dual objective     =             0.000083
Iteration:   818   Dual objective     =             0.000132
Iteration:  1002   Dual objective     =             0.000174
Iteration:  1159   Dual objective     =             0.000172
Iteration:  1334   Dual objective     =             0.007332
Iteration:  1548   Dual objective     =             0.011543
Iteration:  1719   Dual objective     =             0.018382
Removing perturbation.
5×3 Matrix{Float64}:
 0.0  0.0  0.0
 0.0  0.0  1.0
 1.0  0.0  0.0
 0.0  1.0  0.0
 0.0  0.0  0.0
3-element Vector{Float64}:
 0.40714810872535157
 0.18216410832958035
 0.3758340169789707
2×7 Matrix{Float64}:
 0.0  0.0  0.0  1.0  1.0  1.0  0.0
 0.0  0.0  0.0  0.0  0.0  0.0  1.0
3-element Vector{Float64}:
 1.0
 1.0
 1.0
5×3 Matrix{Float64}:
 0.0        0.0        0.0
 0.0914279  0.0914279  0.0
 0.0        0.0        0.0
 0.0550141  0.0550141  0.0
 0.0473181  0.0473181  0.0
3-element Vector{Float64}:
 0.19376001564987555
 0.19376001564987552
 0.0
2×7 Matrix{Float64}:
 0.0  0.0  0.0  0.670951  0.687561  1.0  0.459947
 0.0  0.0  0.0  0.329049  0.312439  0.0  0.540053
3-element Vector{Float64}:
 0.19376001564987555
 0.19376001564987552
 0.0
a: [0.0 0.0 0.0; 0.09142787574613997 0.09142787574614172 0.0; 0.0 0.0 0.0; 0.05501407939374747 0.055014079393744975 0.0; 0.04731806050998816 0.047318060509988824 0.0]
b: [0.19376001564987555, 0.19376001564987552, 0.0]
c: [0.0 0.0 0.0 0.6709505212027868 0.6875609792372424 1.0 0.4599467062409305; 0.0 0.0 0.0 0.32904947879721325 0.31243902076275765 0.0 0.5400532937590695]
d: [0.19376001564987555, 0.19376001564987552, 0.0]
comparison (CRT and Glb)on prediction: Dict{Bool, Int64}(0 => 57, 1 => 66)
Dataname	 time	 objv	 lb	 gap	 train_w	 train_g	 test_w	 test_g
/work_bgfs/n/navarrodelacruz/odt/optimal_decision_tree/augmented_datasets/body/body_367.body	 27.45	 0.019376001564987554	 N/A	 N/A	 90.642	 51.07	 87.805	 51.22
