Running 6 processes.
Start training /work_bgfs/n/navarrodelacruz/odt/optimal_decision_tree/augmented_datasets/body/body_443.body with seed 1.
Any[]
(5, 497)
(5, 248)
(5, 124)
(5, 125)
dimension: 5, class: 2
cart cost: 70.86936758893283
size of X: (5, 372)
Using method: Global linear DT optimization
Version identifier: 20.1.0.0 | 2020-11-10 | 9bedb6d68
CPXPARAM_Threads                                 1
CPXPARAM_TimeLimit                               1728000
Tried aggregator 1 time.
Aggregator did 4 substitutions.
Reduced LP has 4844 rows, 1885 columns, and 28288 nonzeros.
Presolve time = 0.02 sec. (8.69 ticks)
Initializing dual steep norms . . .

Iteration log . . .
Iteration:     1   Dual objective     =             0.000000
Perturbation started.
Iteration:   101   Dual objective     =             0.000000
Iteration:   454   Dual objective     =             0.000083
Iteration:   640   Dual objective     =             0.000122
Iteration:   808   Dual objective     =             0.006609
Iteration:   977   Dual objective     =             0.016104
Iteration:  1138   Dual objective     =             0.017347
Iteration:  1302   Dual objective     =             0.017440
Iteration:  1491   Dual objective     =             0.019058
Removing perturbation.
5×3 Matrix{Float64}:
 0.0  0.0  0.0
 0.0  1.0  1.0
 1.0  0.0  0.0
 0.0  0.0  0.0
 0.0  0.0  0.0
3-element Vector{Float64}:
 0.4061843262792795
 0.5272247914007049
 0.3765407093833302
2×7 Matrix{Float64}:
 0.0  0.0  0.0  1.0  0.0  1.0  0.0
 0.0  0.0  0.0  0.0  1.0  0.0  1.0
3-element Vector{Float64}:
 1.0
 1.0
 1.0
5×3 Matrix{Float64}:
 0.0        0.0        0.0
 0.0956096  0.0956096  0.0
 0.0        0.0        0.0
 0.0367093  0.0367093  0.0
 0.0619118  0.0619118  0.0
3-element Vector{Float64}:
 0.19423070761027394
 0.19423070761027397
 0.0
2×7 Matrix{Float64}:
 0.0  0.0  0.0  0.689769  0.695571  1.0  0.464939
 0.0  0.0  0.0  0.310231  0.304429  0.0  0.535061
3-element Vector{Float64}:
 0.19423070761027394
 0.19423070761027397
 0.0
a: [0.0 0.0 0.0; 0.0956096232968679 0.09560962329686833 0.0; 0.0 0.0 0.0; 0.036709273990293556 0.036709273990294125 0.0; 0.06191181032311244 0.061911810323111494 0.0]
b: [0.19423070761027394, 0.19423070761027397, 0.0]
c: [0.0 0.0 0.0 0.6897688448358892 0.6955709519430435 1.0 0.46493866191139355; 0.0 0.0 0.0 0.3102311551641108 0.3044290480569565 0.0 0.5350613380886065]
d: [0.19423070761027394, 0.19423070761027397, 0.0]
comparison (CRT and Glb)on prediction: Dict{Bool, Int64}(0 => 63, 1 => 62)
Dataname	 time	 objv	 lb	 gap	 train_w	 train_g	 test_w	 test_g
/work_bgfs/n/navarrodelacruz/odt/optimal_decision_tree/augmented_datasets/body/body_443.body	 27.27	 0.019423070761027394	 N/A	 N/A	 90.323	 50.806	 88.8	 51.2
