Running 6 processes.
Start training /work_bgfs/n/navarrodelacruz/odt/optimal_decision_tree/augmented_datasets/body/body_53.body with seed 1.
Any[]
(5, 497)
(5, 249)
(5, 125)
(5, 123)
dimension: 5, class: 2
cart cost: 90.15787401574806
size of X: (5, 374)
Using method: Global linear DT optimization
Version identifier: 20.1.0.0 | 2020-11-10 | 9bedb6d68
CPXPARAM_Threads                                 1
CPXPARAM_TimeLimit                               1728000
Tried aggregator 1 time.
Aggregator did 4 substitutions.
Reduced LP has 4870 rows, 1895 columns, and 28436 nonzeros.
Presolve time = 0.02 sec. (8.72 ticks)
Initializing dual steep norms . . .

Iteration log . . .
Iteration:     1   Dual objective     =             0.000000
Perturbation started.
Iteration:   101   Dual objective     =             0.000000
Iteration:   471   Dual objective     =             0.000085
Iteration:   633   Dual objective     =             0.000124
Iteration:   828   Dual objective     =             0.013719
Iteration:  1009   Dual objective     =             0.016687
Iteration:  1212   Dual objective     =             0.016998
Iteration:  1366   Dual objective     =             0.017015
Iteration:  1505   Dual objective     =             0.017021
Iteration:  1653   Dual objective     =             0.017027
Iteration:  1828   Dual objective     =             0.019504
Removing perturbation.
5×3 Matrix{Float64}:
 0.0  0.0  0.0
 0.0  0.0  1.0
 1.0  0.0  0.0
 0.0  1.0  0.0
 0.0  0.0  0.0
3-element Vector{Float64}:
 0.45456928215593334
 0.2434258724764311
 0.377357999290146
2×7 Matrix{Float64}:
 0.0  0.0  0.0  1.0  1.0  1.0  0.0
 0.0  0.0  0.0  0.0  0.0  0.0  1.0
3-element Vector{Float64}:
 1.0
 1.0
 1.0
5×3 Matrix{Float64}:
 0.0        0.0        0.0
 0.0955077  0.0955077  0.0
 0.0        0.0        0.0
 0.0375152  0.0375152  0.0
 0.0611     0.0611     0.0
3-element Vector{Float64}:
 0.19412296337952772
 0.19412296337952778
 0.0
2×7 Matrix{Float64}:
 0.0  0.0  0.0  0.688343  0.692464  1.0  0.464799
 0.0  0.0  0.0  0.311657  0.307536  0.0  0.535201
3-element Vector{Float64}:
 0.19412296337952772
 0.19412296337952778
 0.0
a: [0.0 0.0 0.0; 0.09550766883852677 0.09550766883852624 0.0; 0.0 0.0 0.0; 0.03751524902195413 0.03751524902195487 0.0; 0.06110004551904688 0.061100045519046846 0.0]
b: [0.19412296337952772, 0.19412296337952778, 0.0]
c: [0.0 0.0 0.0 0.6883425051626828 0.6924640213371172 1.0 0.4647994647391972; 0.0 0.0 0.0 0.3116574948373172 0.30753597866288285 0.0 0.5352005352608028]
d: [0.19412296337952772, 0.19412296337952778, 0.0]
comparison (CRT and Glb)on prediction: Dict{Bool, Int64}(0 => 56, 1 => 67)
Dataname	 time	 objv	 lb	 gap	 train_w	 train_g	 test_w	 test_g
/work_bgfs/n/navarrodelacruz/odt/optimal_decision_tree/augmented_datasets/body/body_53.body	 31.91	 0.01941229633795277	 N/A	 N/A	 87.701	 51.07	 91.87	 51.22
