Running 6 processes.
Start training /work_bgfs/n/navarrodelacruz/odt/optimal_decision_tree/augmented_datasets/body/body_192.body with seed 1.
Any[]
(5, 497)
(5, 248)
(5, 124)
(5, 125)
dimension: 5, class: 2
cart cost: 71.7025291828794
size of X: (5, 372)
Using method: Global linear DT optimization
Version identifier: 20.1.0.0 | 2020-11-10 | 9bedb6d68
CPXPARAM_Threads                                 1
CPXPARAM_TimeLimit                               1728000
Tried aggregator 1 time.
Aggregator did 4 substitutions.
Reduced LP has 4844 rows, 1885 columns, and 28284 nonzeros.
Presolve time = 0.01 sec. (8.67 ticks)
Initializing dual steep norms . . .

Iteration log . . .
Iteration:     1   Dual objective     =             0.000000
Perturbation started.
Iteration:   101   Dual objective     =             0.000000
Iteration:   444   Dual objective     =             0.000080
Iteration:   624   Dual objective     =             0.000124
Iteration:   801   Dual objective     =             0.010891
Iteration:   986   Dual objective     =             0.018079
Iteration:  1131   Dual objective     =             0.019003
Iteration:  1264   Dual objective     =             0.019506
Removing perturbation.
5×3 Matrix{Float64}:
 0.0  0.0  0.0
 0.0  1.0  1.0
 1.0  0.0  0.0
 0.0  0.0  0.0
 0.0  0.0  0.0
3-element Vector{Float64}:
 0.4484426733478303
 0.5378886623297828
 0.402072703691602
2×7 Matrix{Float64}:
 0.0  0.0  0.0  1.0  0.0  1.0  0.0
 0.0  0.0  0.0  0.0  1.0  0.0  1.0
3-element Vector{Float64}:
 1.0
 1.0
 1.0
5×3 Matrix{Float64}:
 0.0        0.0        0.0
 0.0902174  0.0902174  0.0
 0.0        0.0        0.0
 0.0580382  0.0580382  0.0
 0.0457569  0.0457569  0.0
3-element Vector{Float64}:
 0.19401245601701583
 0.1940124560170159
 0.0
2×7 Matrix{Float64}:
 0.0  0.0  0.0  0.689874  0.690973  1.0  0.459169
 0.0  0.0  0.0  0.310126  0.309027  0.0  0.540831
3-element Vector{Float64}:
 0.19401245601701583
 0.1940124560170159
 0.0
a: [0.0 0.0 0.0; 0.09021737484964953 0.09021737484964984 0.0; 0.0 0.0 0.0; 0.05803822554793215 0.058038225547931255 0.0; 0.04575685561943415 0.045756855619434766 0.0]
b: [0.19401245601701583, 0.1940124560170159, 0.0]
c: [0.0 0.0 0.0 0.6898742924348773 0.690973497623025 1.0 0.4591691962412172; 0.0 0.0 0.0 0.3101257075651227 0.30902650237697504 0.0 0.5408308037587828]
d: [0.19401245601701583, 0.1940124560170159, 0.0]
comparison (CRT and Glb)on prediction: Dict{Bool, Int64}(0 => 53, 1 => 72)
Dataname	 time	 objv	 lb	 gap	 train_w	 train_g	 test_w	 test_g
/work_bgfs/n/navarrodelacruz/odt/optimal_decision_tree/augmented_datasets/body/body_192.body	 27.3	 0.01940124560170159	 N/A	 N/A	 90.054	 51.613	 84.8	 52.0
