Running 6 processes.
Start training /work_bgfs/n/navarrodelacruz/odt/optimal_decision_tree/augmented_datasets/body/body_843.body with seed 1.
Any[]
(5, 497)
(5, 249)
(5, 125)
(5, 123)
dimension: 5, class: 2
cart cost: 82.33110236220473
size of X: (5, 374)
Using method: Global linear DT optimization
Version identifier: 20.1.0.0 | 2020-11-10 | 9bedb6d68
CPXPARAM_Threads                                 1
CPXPARAM_TimeLimit                               1728000
Tried aggregator 1 time.
Aggregator did 4 substitutions.
Reduced LP has 4870 rows, 1895 columns, and 28436 nonzeros.
Presolve time = 0.02 sec. (8.72 ticks)
Initializing dual steep norms . . .

Iteration log . . .
Iteration:     1   Dual objective     =             0.000000
Perturbation started.
Iteration:   101   Dual objective     =             0.000000
Iteration:   409   Dual objective     =             0.000077
Iteration:   556   Dual objective     =             0.000108
Iteration:   748   Dual objective     =             0.000150
Iteration:   907   Dual objective     =             0.015275
Iteration:  1074   Dual objective     =             0.016882
Iteration:  1249   Dual objective     =             0.017556
Iteration:  1387   Dual objective     =             0.018634
Iteration:  1566   Dual objective     =             0.019419
Removing perturbation.
5×3 Matrix{Float64}:
 0.0  0.0  0.0
 0.0  0.0  1.0
 1.0  0.0  0.0
 0.0  1.0  0.0
 0.0  0.0  0.0
3-element Vector{Float64}:
 0.4466019921260074
 0.24490634590233543
 0.3775637442178653
2×7 Matrix{Float64}:
 0.0  0.0  0.0  1.0  1.0  1.0  0.0
 0.0  0.0  0.0  0.0  0.0  0.0  1.0
3-element Vector{Float64}:
 1.0
 1.0
 1.0
5×3 Matrix{Float64}:
 0.0         0.0         0.0
 0.0770449   0.0770449   0.0
 0.0         0.0         0.0
 0.113174    0.113174    0.0
 0.00291324  0.00291324  0.0
3-element Vector{Float64}:
 0.19313196913291567
 0.19313196913291558
 0.0
2×7 Matrix{Float64}:
 0.0  0.0  0.0  0.686722  0.686959  1.0  0.444352
 0.0  0.0  0.0  0.313278  0.313041  0.0  0.555648
3-element Vector{Float64}:
 0.19313196913291567
 0.19313196913291558
 0.0
a: [0.0 0.0 0.0; 0.07704488770916813 0.07704488770916809 0.0; 0.0 0.0 0.0; 0.11317383724871527 0.11317383724871588 0.0; 0.0029132441750322757 0.002913244175031582 0.0]
b: [0.19313196913291567, 0.19313196913291558, 0.0]
c: [0.0 0.0 0.0 0.6867220571104665 0.6869593567915898 1.0 0.44435205390884014; 0.0 0.0 0.0 0.3132779428895335 0.3130406432084102 0.0 0.5556479460911599]
d: [0.19313196913291567, 0.19313196913291558, 0.0]
comparison (CRT and Glb)on prediction: Dict{Bool, Int64}(0 => 54, 1 => 69)
Dataname	 time	 objv	 lb	 gap	 train_w	 train_g	 test_w	 test_g
/work_bgfs/n/navarrodelacruz/odt/optimal_decision_tree/augmented_datasets/body/body_843.body	 27.24	 0.019313196913291576	 N/A	 N/A	 88.77	 51.07	 90.244	 51.22
