Running 6 processes.
Start training /work_bgfs/n/navarrodelacruz/odt/optimal_decision_tree/augmented_datasets/body/body_2.body with seed 1.
Any[]
(5, 497)
(5, 249)
(5, 125)
(5, 123)
dimension: 5, class: 2
cart cost: 67.47270916334664
size of X: (5, 374)
Using method: Global linear DT optimization
Version identifier: 20.1.0.0 | 2020-11-10 | 9bedb6d68
CPXPARAM_Threads                                 1
CPXPARAM_TimeLimit                               1728000
Tried aggregator 1 time.
Aggregator did 4 substitutions.
Reduced LP has 4870 rows, 1895 columns, and 28436 nonzeros.
Presolve time = 0.02 sec. (8.72 ticks)
Initializing dual steep norms . . .

Iteration log . . .
Iteration:     1   Dual objective     =             0.000000
Perturbation started.
Iteration:   101   Dual objective     =             0.000000
Iteration:   250   Dual objective     =             0.000034
Iteration:   396   Dual objective     =             0.000053
Iteration:   614   Dual objective     =             0.000104
Iteration:   794   Dual objective     =             0.000145
Iteration:   971   Dual objective     =             0.008270
Iteration:  1201   Dual objective     =             0.011770
Iteration:  1469   Dual objective     =             0.016974
Iteration:  1668   Dual objective     =             0.017223
Iteration:  1901   Dual objective     =             0.018746
Removing perturbation.
5×3 Matrix{Float64}:
 0.0  0.0  0.0
 0.0  0.0  1.0
 1.0  0.0  0.0
 0.0  1.0  0.0
 0.0  0.0  0.0
3-element Vector{Float64}:
 0.3978361534479946
 0.21953188221967743
 0.3521586835752709
2×7 Matrix{Float64}:
 0.0  0.0  0.0  1.0  1.0  1.0  0.0
 0.0  0.0  0.0  0.0  0.0  0.0  1.0
3-element Vector{Float64}:
 1.0
 1.0
 1.0
5×3 Matrix{Float64}:
 0.0        0.0        0.0
 0.0951875  0.0951875  0.0
 0.0        0.0        0.0
 0.0374408  0.0374408  0.0
 0.0616959  0.0616959  0.0
3-element Vector{Float64}:
 0.19432425533233952
 0.19432425533233957
 0.0
2×7 Matrix{Float64}:
 0.0  0.0  0.0  0.690508  0.70854  1.0  0.465014
 0.0  0.0  0.0  0.309492  0.29146  0.0  0.534986
3-element Vector{Float64}:
 0.19432425533233952
 0.19432425533233957
 0.0
a: [0.0 0.0 0.0; 0.09518753230072702 0.09518753230072696 0.0; 0.0 0.0 0.0; 0.03744084226810977 0.037440842268110126 0.0; 0.06169588076350273 0.061695880763502464 0.0]
b: [0.19432425533233952, 0.19432425533233957, 0.0]
c: [0.0 0.0 0.0 0.6905082562592676 0.7085399802605183 1.0 0.46501366765828045; 0.0 0.0 0.0 0.3094917437407324 0.29146001973948166 0.0 0.5349863323417196]
d: [0.19432425533233952, 0.19432425533233957, 0.0]
comparison (CRT and Glb)on prediction: Dict{Bool, Int64}(0 => 58, 1 => 65)
Dataname	 time	 objv	 lb	 gap	 train_w	 train_g	 test_w	 test_g
/work_bgfs/n/navarrodelacruz/odt/optimal_decision_tree/augmented_datasets/body/body_2.body	 31.39	 0.019432425533233957	 N/A	 N/A	 90.909	 50.535	 92.683	 50.407
