Running 6 processes.
Start training /work_bgfs/n/navarrodelacruz/odt/optimal_decision_tree/augmented_datasets/body/body_662.body with seed 1.
Any[]
(5, 497)
(5, 248)
(5, 124)
(5, 125)
dimension: 5, class: 2
cart cost: 66.15781250000002
size of X: (5, 372)
Using method: Global linear DT optimization
Version identifier: 20.1.0.0 | 2020-11-10 | 9bedb6d68
CPXPARAM_Threads                                 1
CPXPARAM_TimeLimit                               1728000
Tried aggregator 1 time.
Aggregator did 4 substitutions.
Reduced LP has 4844 rows, 1885 columns, and 28280 nonzeros.
Presolve time = 0.02 sec. (8.67 ticks)
Initializing dual steep norms . . .

Iteration log . . .
Iteration:     1   Dual objective     =             0.000000
Perturbation started.
Iteration:   101   Dual objective     =             0.000000
Iteration:   403   Dual objective     =             0.000066
Iteration:   606   Dual objective     =             0.000113
Iteration:   765   Dual objective     =             0.007534
Iteration:   981   Dual objective     =             0.016063
Iteration:  1112   Dual objective     =             0.017702
Iteration:  1312   Dual objective     =             0.018176
Removing perturbation.
5×3 Matrix{Float64}:
 0.0  0.0  0.0
 0.0  0.0  1.0
 1.0  0.0  0.0
 0.0  1.0  0.0
 0.0  0.0  0.0
3-element Vector{Float64}:
 0.40524027878848157
 0.18994201608828049
 0.35245703621303504
2×7 Matrix{Float64}:
 0.0  0.0  0.0  1.0  1.0  1.0  0.0
 0.0  0.0  0.0  0.0  0.0  0.0  1.0
3-element Vector{Float64}:
 1.0
 1.0
 1.0
5×3 Matrix{Float64}:
 0.0        0.0        0.0
 0.0912616  0.0912616  0.0
 0.0        0.0        0.0
 0.0556985  0.0556985  0.0
 0.0469908  0.0469908  0.0
3-element Vector{Float64}:
 0.1939508416594074
 0.19395084165940749
 0.0
2×7 Matrix{Float64}:
 0.0  0.0  0.0  0.68922  0.689892  1.0  0.459739
 0.0  0.0  0.0  0.31078  0.310108  0.0  0.540261
3-element Vector{Float64}:
 0.19395084165940746
 0.19395084165940749
 0.0
a: [0.0 0.0 0.0; 0.09126155618245241 0.09126155618245124 0.0; 0.0 0.0 0.0; 0.055698530352009834 0.05569853035201222 0.0; 0.046990755124945174 0.046990755124943995 0.0]
b: [0.1939508416594074, 0.19395084165940749, 0.0]
c: [0.0 0.0 0.0 0.6892199194720695 0.6898918457612915 1.0 0.4597393248180277; 0.0 0.0 0.0 0.3107800805279305 0.3101081542387085 0.0 0.5402606751819723]
d: [0.19395084165940746, 0.19395084165940749, 0.0]
comparison (CRT and Glb)on prediction: Dict{Bool, Int64}(0 => 58, 1 => 67)
Dataname	 time	 objv	 lb	 gap	 train_w	 train_g	 test_w	 test_g
/work_bgfs/n/navarrodelacruz/odt/optimal_decision_tree/augmented_datasets/body/body_662.body	 33.11	 0.019395084165940747	 N/A	 N/A	 90.86	 51.613	 88.0	 51.2
