Running 6 processes.
Start training /work_bgfs/n/navarrodelacruz/odt/optimal_decision_tree/augmented_datasets/body/body_401.body with seed 1.
Any[]
(5, 497)
(5, 248)
(5, 124)
(5, 125)
dimension: 5, class: 2
cart cost: 64.97608695652177
size of X: (5, 372)
Using method: Global linear DT optimization
Version identifier: 20.1.0.0 | 2020-11-10 | 9bedb6d68
CPXPARAM_Threads                                 1
CPXPARAM_TimeLimit                               1728000
Tried aggregator 1 time.
Aggregator did 4 substitutions.
Reduced LP has 4844 rows, 1885 columns, and 28284 nonzeros.
Presolve time = 0.02 sec. (8.67 ticks)
Initializing dual steep norms . . .

Iteration log . . .
Iteration:     1   Dual objective     =             0.000000
Perturbation started.
Iteration:   101   Dual objective     =             0.000000
Iteration:   249   Dual objective     =             0.000029
Iteration:   440   Dual objective     =             0.000061
Iteration:   722   Dual objective     =             0.000121
Iteration:   887   Dual objective     =             0.000157
Iteration:  1057   Dual objective     =             0.016572
Iteration:  1244   Dual objective     =             0.018324
Iteration:  1393   Dual objective     =             0.018533
Iteration:  1557   Dual objective     =             0.019266
Removing perturbation.
5×3 Matrix{Float64}:
 0.0  0.0  0.0
 0.0  0.0  1.0
 1.0  0.0  0.0
 0.0  1.0  0.0
 0.0  0.0  0.0
3-element Vector{Float64}:
 0.40337219139053837
 0.16609597122364445
 0.37776452873620037
2×7 Matrix{Float64}:
 0.0  0.0  0.0  1.0  1.0  1.0  0.0
 0.0  0.0  0.0  0.0  0.0  0.0  1.0
3-element Vector{Float64}:
 1.0
 1.0
 1.0
5×3 Matrix{Float64}:
 0.0        0.0        0.0
 0.102344   0.102344   0.0
 0.0251431  0.0251431  0.0
 0.040468   0.040468   0.0
 0.0236611  0.0236611  0.0
3-element Vector{Float64}:
 0.19161590505690557
 0.19161590505690557
 0.0
2×7 Matrix{Float64}:
 0.0  0.0  0.0  0.706929  0.706294  1.0  0.446597
 0.0  0.0  0.0  0.293071  0.293706  0.0  0.553403
3-element Vector{Float64}:
 0.19161590505690557
 0.19161590505690557
 0.0
a: [0.0 0.0 0.0; 0.10234370940705403 0.1023437094070541 0.0; 0.025143105228401574 0.025143105228401408 0.0; 0.040467988730052376 0.04046798873005248 0.0; 0.02366110169139762 0.023661101691397596 0.0]
b: [0.19161590505690557, 0.19161590505690557, 0.0]
c: [0.0 0.0 0.0 0.7069292935984037 0.7062944268092042 1.0 0.44659719494107386; 0.0 0.0 0.0 0.29307070640159627 0.2937055731907958 0.0 0.5534028050589261]
d: [0.19161590505690557, 0.19161590505690557, 0.0]
comparison (CRT and Glb)on prediction: Dict{Bool, Int64}(0 => 60, 1 => 65)
Dataname	 time	 objv	 lb	 gap	 train_w	 train_g	 test_w	 test_g
/work_bgfs/n/navarrodelacruz/odt/optimal_decision_tree/augmented_datasets/body/body_401.body	 27.58	 0.019161590505690558	 N/A	 N/A	 91.129	 50.806	 89.6	 51.2
