Running 6 processes.
Start training /work_bgfs/n/navarrodelacruz/odt/optimal_decision_tree/augmented_datasets/body/body_726.body with seed 1.
Any[]
(5, 497)
(5, 249)
(5, 124)
(5, 124)
dimension: 5, class: 2
cart cost: 66.41666666666664
size of X: (5, 373)
Using method: Global linear DT optimization
Version identifier: 20.1.0.0 | 2020-11-10 | 9bedb6d68
CPXPARAM_Threads                                 1
CPXPARAM_TimeLimit                               1728000
Tried aggregator 1 time.
Aggregator did 4 substitutions.
Reduced LP has 4857 rows, 1890 columns, and 28368 nonzeros.
Presolve time = 0.02 sec. (8.76 ticks)
Initializing dual steep norms . . .

Iteration log . . .
Iteration:     1   Dual objective     =             0.000000
Perturbation started.
Iteration:   101   Dual objective     =             0.000000
Iteration:   317   Dual objective     =             0.000053
Iteration:   527   Dual objective     =             0.000104
Iteration:   784   Dual objective     =             0.000160
Iteration:   958   Dual objective     =             0.017035
Iteration:  1105   Dual objective     =             0.019128
Iteration:  1271   Dual objective     =             0.019221
Iteration:  1475   Dual objective     =             0.019401
Removing perturbation.
5×3 Matrix{Float64}:
 0.0  0.0  0.0
 0.0  0.0  1.0
 1.0  0.0  0.0
 0.0  1.0  0.0
 0.0  0.0  0.0
3-element Vector{Float64}:
 0.40568707156186873
 0.18251657643356795
 0.3766145190478211
2×7 Matrix{Float64}:
 0.0  0.0  0.0  1.0  1.0  1.0  0.0
 0.0  0.0  0.0  0.0  0.0  0.0  1.0
3-element Vector{Float64}:
 1.0
 1.0
 1.0
5×3 Matrix{Float64}:
 0.0        0.0        0.0
 0.090561   0.090561   0.0
 0.0        0.0        0.0
 0.0566954  0.0566954  0.0
 0.0466045  0.0466045  0.0
3-element Vector{Float64}:
 0.1938609397885472
 0.19386093978854724
 0.0
2×7 Matrix{Float64}:
 0.0  0.0  0.0  0.691312  0.670276  1.0  0.459823
 0.0  0.0  0.0  0.308688  0.329724  0.0  0.540177
3-element Vector{Float64}:
 0.1938609397885472
 0.19386093978854724
 0.0
a: [0.0 0.0 0.0; 0.09056100300837479 0.09056100300837502 0.0; 0.0 0.0 0.0; 0.05669539921612555 0.05669539921612543 0.0; 0.04660453756404689 0.046604537564046776 0.0]
b: [0.1938609397885472, 0.19386093978854724, 0.0]
c: [0.0 0.0 0.0 0.6913116592534336 0.6702756400280329 1.0 0.45982312170948725; 0.0 0.0 0.0 0.30868834074656637 0.32972435997196714 0.0 0.5401768782905128]
d: [0.1938609397885472, 0.19386093978854724, 0.0]
comparison (CRT and Glb)on prediction: Dict{Bool, Int64}(0 => 54, 1 => 70)
Dataname	 time	 objv	 lb	 gap	 train_w	 train_g	 test_w	 test_g
/work_bgfs/n/navarrodelacruz/odt/optimal_decision_tree/augmented_datasets/body/body_726.body	 27.31	 0.019386093978854723	 N/A	 N/A	 90.885	 51.475	 86.29	 50.806
