Running 6 processes.
Start training /work_bgfs/n/navarrodelacruz/odt/optimal_decision_tree/augmented_datasets/body/body_260.body with seed 1.
Any[]
(5, 497)
(5, 248)
(5, 124)
(5, 125)
dimension: 5, class: 2
cart cost: 87.51328125
size of X: (5, 372)
Using method: Global linear DT optimization
Version identifier: 20.1.0.0 | 2020-11-10 | 9bedb6d68
CPXPARAM_Threads                                 1
CPXPARAM_TimeLimit                               1728000
Tried aggregator 1 time.
Aggregator did 4 substitutions.
Reduced LP has 4844 rows, 1885 columns, and 28284 nonzeros.
Presolve time = 0.02 sec. (8.67 ticks)
Initializing dual steep norms . . .

Iteration log . . .
Iteration:     1   Dual objective     =             0.000000
Perturbation started.
Iteration:   101   Dual objective     =             0.000000
Iteration:   297   Dual objective     =             0.000030
Iteration:   492   Dual objective     =             0.000064
Iteration:   667   Dual objective     =             0.000113
Iteration:   838   Dual objective     =             0.000153
Iteration:  1004   Dual objective     =             0.000191
Iteration:  1214   Dual objective     =             0.012211
Iteration:  1407   Dual objective     =             0.014100
Iteration:  1558   Dual objective     =             0.017710
Iteration:  1752   Dual objective     =             0.018152
Iteration:  1979   Dual objective     =             0.018654
Removing perturbation.
5×3 Matrix{Float64}:
 0.0  0.0  0.0
 0.0  0.0  1.0
 1.0  0.0  0.0
 0.0  1.0  0.0
 0.0  0.0  0.0
3-element Vector{Float64}:
 0.4050116117074243
 0.18518232392831788
 0.4502629305249122
2×7 Matrix{Float64}:
 0.0  0.0  0.0  1.0  1.0  1.0  0.0
 0.0  0.0  0.0  0.0  0.0  0.0  1.0
3-element Vector{Float64}:
 1.0
 1.0
 1.0
5×3 Matrix{Float64}:
 0.0078009   0.0078009   0.0
 0.120838    0.120838    0.0
 0.0         0.0         0.0
 0.00036693  0.00036693  0.0
 0.062549    0.062549    0.0
3-element Vector{Float64}:
 0.1915547220261128
 0.19155472202611276
 0.0
2×7 Matrix{Float64}:
 0.0  0.0  0.0  0.687195  0.703312  1.0  0.457322
 0.0  0.0  0.0  0.312805  0.296688  0.0  0.542678
3-element Vector{Float64}:
 0.1915547220261128
 0.19155472202611276
 0.0
a: [0.007800901458072489 0.0078009014580724635 0.0; 0.12083789362259928 0.12083789362259933 0.0; 0.0 0.0 0.0; 0.0003669299133577386 0.0003669299133576276 0.0; 0.06254899703208329 0.06254899703208333 0.0]
b: [0.1915547220261128, 0.19155472202611276, 0.0]
c: [0.0 0.0 0.0 0.687195331883506 0.7033121271635632 1.0 0.45732214132250193; 0.0 0.0 0.0 0.312804668116494 0.29668787283643683 0.0 0.5426778586774981]
d: [0.1915547220261128, 0.19155472202611276, 0.0]
comparison (CRT and Glb)on prediction: Dict{Bool, Int64}(0 => 51, 1 => 74)
Dataname	 time	 objv	 lb	 gap	 train_w	 train_g	 test_w	 test_g
/work_bgfs/n/navarrodelacruz/odt/optimal_decision_tree/augmented_datasets/body/body_260.body	 30.8	 0.01915547220261128	 N/A	 N/A	 87.903	 51.613	 88.8	 51.2
