Running 6 processes.
Start training /work_bgfs/n/navarrodelacruz/odt/optimal_decision_tree/augmented_datasets/body/body_489.body with seed 1.
Any[]
(5, 497)
(5, 249)
(5, 125)
(5, 123)
dimension: 5, class: 2
cart cost: 68.63425196850396
size of X: (5, 374)
Using method: Global linear DT optimization
Version identifier: 20.1.0.0 | 2020-11-10 | 9bedb6d68
CPXPARAM_Threads                                 1
CPXPARAM_TimeLimit                               1728000
Tried aggregator 1 time.
Aggregator did 4 substitutions.
Reduced LP has 4870 rows, 1895 columns, and 28440 nonzeros.
Presolve time = 0.01 sec. (8.74 ticks)
Initializing dual steep norms . . .

Iteration log . . .
Iteration:     1   Dual objective     =             0.000000
Perturbation started.
Iteration:   101   Dual objective     =             0.000000
Iteration:   443   Dual objective     =             0.000081
Iteration:   651   Dual objective     =             0.001405
Iteration:   833   Dual objective     =             0.010126
Iteration:  1030   Dual objective     =             0.011345
Iteration:  1252   Dual objective     =             0.016624
Iteration:  1424   Dual objective     =             0.019282
Iteration:  1580   Dual objective     =             0.019503
Removing perturbation.
5×3 Matrix{Float64}:
 0.0  0.0  0.0
 0.0  0.0  1.0
 1.0  0.0  0.0
 0.0  1.0  0.0
 0.0  0.0  0.0
3-element Vector{Float64}:
 0.40354680428745937
 0.1840740534091448
 0.37707013793372035
2×7 Matrix{Float64}:
 0.0  0.0  0.0  1.0  1.0  1.0  0.0
 0.0  0.0  0.0  0.0  0.0  0.0  1.0
3-element Vector{Float64}:
 1.0
 1.0
 1.0
5×3 Matrix{Float64}:
 0.0        0.0        0.0
 0.0958434  0.0958434  0.0
 0.0        0.0        0.0
 0.036578   0.036578   0.0
 0.0617556  0.0617556  0.0
3-element Vector{Float64}:
 0.19417701239785667
 0.19417701239785673
 0.0
2×7 Matrix{Float64}:
 0.0  0.0  0.0  0.683809  0.346851  1.0  0.465051
 0.0  0.0  0.0  0.316191  0.653149  0.0  0.534949
3-element Vector{Float64}:
 0.19417701239785667
 0.19417701239785673
 0.0
a: [0.0 0.0 0.0; 0.09584338819828361 0.09584338819828382 0.0; 0.0 0.0 0.0; 0.03657799874716311 0.03657799874716268 0.0; 0.061755625452409924 0.06175562545241026 0.0]
b: [0.19417701239785667, 0.19417701239785673, 0.0]
c: [0.0 0.0 0.0 0.6838092779241491 0.3468514600199594 1.0 0.46505114505815576; 0.0 0.0 0.0 0.31619072207585086 0.6531485399800405 0.0 0.5349488549418442]
d: [0.19417701239785667, 0.19417701239785673, 0.0]
comparison (CRT and Glb)on prediction: Dict{Bool, Int64}(0 => 60, 1 => 63)
Dataname	 time	 objv	 lb	 gap	 train_w	 train_g	 test_w	 test_g
/work_bgfs/n/navarrodelacruz/odt/optimal_decision_tree/augmented_datasets/body/body_489.body	 27.16	 0.019417701239785673	 N/A	 N/A	 90.642	 51.07	 90.244	 51.22
