Running 6 processes.
Start training /work_bgfs/n/navarrodelacruz/odt/optimal_decision_tree/augmented_datasets/body/body_315.body with seed 1.
Any[]
(5, 497)
(5, 248)
(5, 124)
(5, 125)
dimension: 5, class: 2
cart cost: 70.040625
size of X: (5, 372)
Using method: Global linear DT optimization
Version identifier: 20.1.0.0 | 2020-11-10 | 9bedb6d68
CPXPARAM_Threads                                 1
CPXPARAM_TimeLimit                               1728000
Tried aggregator 1 time.
Aggregator did 4 substitutions.
Reduced LP has 4844 rows, 1885 columns, and 28292 nonzeros.
Presolve time = 0.02 sec. (8.74 ticks)
Initializing dual steep norms . . .

Iteration log . . .
Iteration:     1   Dual objective     =             0.000000
Perturbation started.
Iteration:   101   Dual objective     =             0.000000
Iteration:   324   Dual objective     =             0.000029
Iteration:   484   Dual objective     =             0.000068
Iteration:   672   Dual objective     =             0.000117
Iteration:   842   Dual objective     =             0.002564
Iteration:  1114   Dual objective     =             0.015548
Iteration:  1399   Dual objective     =             0.016380
Iteration:  1594   Dual objective     =             0.017720
Iteration:  1760   Dual objective     =             0.019102
Iteration:  1903   Dual objective     =             0.019147
Removing perturbation.
5×3 Matrix{Float64}:
 0.0  0.0  0.0
 0.0  1.0  1.0
 1.0  0.0  0.0
 0.0  0.0  0.0
 0.0  0.0  0.0
3-element Vector{Float64}:
 0.4093791930484222
 0.5194913533342759
 0.375980050134469
2×7 Matrix{Float64}:
 0.0  0.0  0.0  1.0  1.0  1.0  0.0
 0.0  0.0  0.0  0.0  0.0  0.0  1.0
3-element Vector{Float64}:
 1.0
 1.0
 1.0
5×3 Matrix{Float64}:
 0.0         0.0         0.0
 0.112514    0.112514    0.0
 0.00385793  0.00385793  0.0
 0.0124079   0.0124079   0.0
 0.0618582   0.0618582   0.0
3-element Vector{Float64}:
 0.190638108496067
 0.19063810849606705
 0.0
2×7 Matrix{Float64}:
 0.0  0.0  0.0  0.700974  0.712814  1.0  0.463136
 0.0  0.0  0.0  0.299026  0.287186  0.0  0.536864
3-element Vector{Float64}:
 0.190638108496067
 0.19063810849606705
 0.0
a: [0.0 0.0 0.0; 0.11251405134453255 0.11251405134453193 0.0; 0.0038579276460961875 0.0038579276460991574 0.0; 0.01240788467133787 0.012407884671333058 0.0; 0.06185824483410036 0.06185824483410289 0.0]
b: [0.190638108496067, 0.19063810849606705, 0.0]
c: [0.0 0.0 0.0 0.7009741918776564 0.7128143949546504 1.0 0.46313577525556227; 0.0 0.0 0.0 0.2990258081223436 0.2871856050453496 0.0 0.5368642247444377]
d: [0.190638108496067, 0.19063810849606705, 0.0]
comparison (CRT and Glb)on prediction: Dict{Bool, Int64}(0 => 54, 1 => 71)
Dataname	 time	 objv	 lb	 gap	 train_w	 train_g	 test_w	 test_g
/work_bgfs/n/navarrodelacruz/odt/optimal_decision_tree/augmented_datasets/body/body_315.body	 29.98	 0.0190638108496067	 N/A	 N/A	 90.323	 51.613	 88.0	 51.2
