Running 6 processes.
Start training /work_bgfs/n/navarrodelacruz/odt/optimal_decision_tree/augmented_datasets/body/body_996.body with seed 1.
Any[]
(5, 497)
(5, 248)
(5, 124)
(5, 125)
dimension: 5, class: 2
cart cost: 69.76867704280158
size of X: (5, 372)
Using method: Global linear DT optimization
Version identifier: 20.1.0.0 | 2020-11-10 | 9bedb6d68
CPXPARAM_Threads                                 1
CPXPARAM_TimeLimit                               1728000
Tried aggregator 1 time.
Aggregator did 4 substitutions.
Reduced LP has 4844 rows, 1885 columns, and 28284 nonzeros.
Presolve time = 0.02 sec. (8.67 ticks)
Initializing dual steep norms . . .

Iteration log . . .
Iteration:     1   Dual objective     =             0.000000
Perturbation started.
Iteration:   101   Dual objective     =             0.000000
Iteration:   237   Dual objective     =             0.000029
Iteration:   582   Dual objective     =             0.000110
Iteration:   756   Dual objective     =             0.000149
Iteration:   946   Dual objective     =             0.015269
Iteration:  1141   Dual objective     =             0.018263
Iteration:  1285   Dual objective     =             0.018593
Iteration:  1421   Dual objective     =             0.019235
Removing perturbation.
5×3 Matrix{Float64}:
 0.0  0.0  0.0
 0.0  0.0  1.0
 1.0  0.0  0.0
 0.0  1.0  0.0
 0.0  0.0  0.0
3-element Vector{Float64}:
 0.40315149242618653
 0.27150228329402526
 0.3822636527245402
2×7 Matrix{Float64}:
 0.0  0.0  0.0  1.0  1.0  1.0  0.0
 0.0  0.0  0.0  0.0  0.0  0.0  1.0
3-element Vector{Float64}:
 1.0
 1.0
 1.0
5×3 Matrix{Float64}:
 0.0226065   0.0226065   0.0
 0.121209    0.121209    0.0
 0.0         0.0         0.0
 0.00206251  0.00206251  0.0
 0.0455296   0.0455296   0.0
3-element Vector{Float64}:
 0.19140762968950484
 0.1914076296895048
 0.0
2×7 Matrix{Float64}:
 0.0  0.0  0.0  0.698589  0.696545  1.0  0.45149
 0.0  0.0  0.0  0.301411  0.303455  0.0  0.54851
3-element Vector{Float64}:
 0.19140762968950484
 0.1914076296895048
 0.0
a: [0.022606517417269517 0.022606517417270135 0.0; 0.12120901670671722 0.12120901670671724 0.0; 0.0 0.0 0.0; 0.0020625129142500184 0.0020625129142495535 0.0; 0.04552958265126812 0.04552958265126784 0.0]
b: [0.19140762968950484, 0.1914076296895048, 0.0]
c: [0.0 0.0 0.0 0.6985888377477646 0.6965453184382219 1.0 0.45149012841361946; 0.0 0.0 0.0 0.3014111622522354 0.30345468156177813 0.0 0.5485098715863805]
d: [0.19140762968950484, 0.1914076296895048, 0.0]
comparison (CRT and Glb)on prediction: Dict{Bool, Int64}(0 => 57, 1 => 68)
Dataname	 time	 objv	 lb	 gap	 train_w	 train_g	 test_w	 test_g
/work_bgfs/n/navarrodelacruz/odt/optimal_decision_tree/augmented_datasets/body/body_996.body	 31.44	 0.01914076296895048	 N/A	 N/A	 90.323	 51.613	 89.6	 52.0
