Running 6 processes.
Start training /work_bgfs/n/navarrodelacruz/odt/optimal_decision_tree/augmented_datasets/body/body_76.body with seed 1.
Any[]
(5, 497)
(5, 248)
(5, 124)
(5, 125)
dimension: 5, class: 2
cart cost: 71.7025291828794
size of X: (5, 372)
Using method: Global linear DT optimization
Version identifier: 20.1.0.0 | 2020-11-10 | 9bedb6d68
CPXPARAM_Threads                                 1
CPXPARAM_TimeLimit                               1728000
Tried aggregator 1 time.
Aggregator did 4 substitutions.
Reduced LP has 4844 rows, 1885 columns, and 28284 nonzeros.
Presolve time = 0.01 sec. (8.67 ticks)
Initializing dual steep norms . . .

Iteration log . . .
Iteration:     1   Dual objective     =             0.000000
Perturbation started.
Iteration:   101   Dual objective     =             0.000000
Iteration:   218   Dual objective     =             0.000026
Iteration:   425   Dual objective     =             0.000075
Iteration:   606   Dual objective     =             0.000100
Iteration:   821   Dual objective     =             0.000148
Iteration:   999   Dual objective     =             0.011626
Iteration:  1180   Dual objective     =             0.016472
Iteration:  1426   Dual objective     =             0.016926
Iteration:  1609   Dual objective     =             0.019888
Removing perturbation.
5×3 Matrix{Float64}:
 0.0  0.0  0.0
 0.0  0.0  1.0
 1.0  0.0  0.0
 0.0  1.0  0.0
 0.0  0.0  0.0
3-element Vector{Float64}:
 0.3988772144761792
 0.18268880439439905
 0.3778605495704827
2×7 Matrix{Float64}:
 0.0  0.0  0.0  1.0  1.0  1.0  0.0
 0.0  0.0  0.0  0.0  0.0  0.0  1.0
3-element Vector{Float64}:
 1.0
 1.0
 1.0
5×3 Matrix{Float64}:
 0.0        0.0        0.0
 0.122705   0.122705   0.0
 0.0        0.0        0.0
 0.0752281  0.0752281  0.0
 0.0        0.0        0.0
3-element Vector{Float64}:
 0.19793263471260225
 0.19793263471260225
 0.0
2×7 Matrix{Float64}:
 0.0  0.0  0.0  0.686651  0.697354  1.0  0.450257
 0.0  0.0  0.0  0.313349  0.302646  0.0  0.549743
3-element Vector{Float64}:
 0.19793263471260228
 0.19793263471260225
 0.0
a: [0.0 0.0 0.0; 0.1227045467012493 0.1227045467012492 0.0; 0.0 0.0 0.0; 0.075228088011353 0.07522808801135293 0.0; 0.0 0.0 0.0]
b: [0.19793263471260225, 0.19793263471260225, 0.0]
c: [0.0 0.0 0.0 0.6866509898602551 0.69735443460394 1.0 0.45025686774356166; 0.0 0.0 0.0 0.3133490101397449 0.30264556539606 0.0 0.5497431322564383]
d: [0.19793263471260228, 0.19793263471260225, 0.0]
comparison (CRT and Glb)on prediction: Dict{Bool, Int64}(0 => 59, 1 => 66)
Dataname	 time	 objv	 lb	 gap	 train_w	 train_g	 test_w	 test_g
/work_bgfs/n/navarrodelacruz/odt/optimal_decision_tree/augmented_datasets/body/body_76.body	 27.38	 0.01979326347126023	 N/A	 N/A	 90.054	 51.613	 92.8	 52.0
