Running 6 processes.
Start training /work_bgfs/n/navarrodelacruz/odt/optimal_decision_tree/augmented_datasets/body/body_91.body with seed 1.
Any[]
(5, 497)
(5, 248)
(5, 124)
(5, 125)
dimension: 5, class: 2
cart cost: 79.43793774319069
size of X: (5, 372)
Using method: Global linear DT optimization
Version identifier: 20.1.0.0 | 2020-11-10 | 9bedb6d68
CPXPARAM_Threads                                 1
CPXPARAM_TimeLimit                               1728000
Tried aggregator 1 time.
Aggregator did 4 substitutions.
Reduced LP has 4844 rows, 1885 columns, and 28284 nonzeros.
Presolve time = 0.02 sec. (8.67 ticks)
Initializing dual steep norms . . .

Iteration log . . .
Iteration:     1   Dual objective     =             0.000000
Perturbation started.
Iteration:   101   Dual objective     =             0.000000
Iteration:   462   Dual objective     =             0.000077
Iteration:   644   Dual objective     =             0.000118
Iteration:   822   Dual objective     =             0.012613
Iteration:  1001   Dual objective     =             0.016290
Iteration:  1180   Dual objective     =             0.017713
Iteration:  1369   Dual objective     =             0.019217
Removing perturbation.
5×3 Matrix{Float64}:
 0.0  0.0  0.0
 0.0  0.0  1.0
 1.0  0.0  0.0
 0.0  1.0  0.0
 0.0  0.0  0.0
3-element Vector{Float64}:
 0.4038629769612338
 0.18437357287153588
 0.4507235203574236
2×7 Matrix{Float64}:
 0.0  0.0  0.0  1.0  1.0  1.0  0.0
 0.0  0.0  0.0  0.0  0.0  0.0  1.0
3-element Vector{Float64}:
 1.0
 1.0
 1.0
5×3 Matrix{Float64}:
 0.00760681  0.00760681  0.0
 0.121247    0.121247    0.0
 0.0         0.0         0.0
 0.0         0.0         0.0
 0.0627571   0.0627571   0.0
3-element Vector{Float64}:
 0.19161100861206912
 0.1916110086120691
 0.0
2×7 Matrix{Float64}:
 0.0  0.0  0.0  0.697926  0.705936  1.0  0.457191
 0.0  0.0  0.0  0.302074  0.294064  0.0  0.542809
3-element Vector{Float64}:
 0.19161100861206912
 0.1916110086120691
 0.0
a: [0.007606810106671816 0.007606810106671982 0.0; 0.12124709167479908 0.12124709167479886 0.0; 0.0 0.0 0.0; 0.0 0.0 0.0; 0.0627571068305982 0.06275710683059836 0.0]
b: [0.19161100861206912, 0.1916110086120691, 0.0]
c: [0.0 0.0 0.0 0.6979260125723079 0.7059363883955945 1.0 0.4571906281373918; 0.0 0.0 0.0 0.3020739874276921 0.29406361160440553 0.0 0.5428093718626081]
d: [0.19161100861206912, 0.1916110086120691, 0.0]
comparison (CRT and Glb)on prediction: Dict{Bool, Int64}(0 => 46, 1 => 79)
Dataname	 time	 objv	 lb	 gap	 train_w	 train_g	 test_w	 test_g
/work_bgfs/n/navarrodelacruz/odt/optimal_decision_tree/augmented_datasets/body/body_91.body	 27.31	 0.01916110086120691	 N/A	 N/A	 88.978	 51.613	 85.6	 52.0
