Running 6 processes.
Start training /work_bgfs/n/navarrodelacruz/odt/optimal_decision_tree/augmented_datasets/body/body_371.body with seed 1.
Any[]
(5, 497)
(5, 248)
(5, 124)
(5, 125)
dimension: 5, class: 2
cart cost: 69.76867704280158
size of X: (5, 372)
Using method: Global linear DT optimization
Version identifier: 20.1.0.0 | 2020-11-10 | 9bedb6d68
CPXPARAM_Threads                                 1
CPXPARAM_TimeLimit                               1728000
Tried aggregator 1 time.
Aggregator did 4 substitutions.
Reduced LP has 4844 rows, 1885 columns, and 28284 nonzeros.
Presolve time = 0.01 sec. (8.67 ticks)
Initializing dual steep norms . . .

Iteration log . . .
Iteration:     1   Dual objective     =             0.000000
Perturbation started.
Iteration:   101   Dual objective     =             0.000000
Iteration:   458   Dual objective     =             0.000090
Iteration:   621   Dual objective     =             0.000123
Iteration:   803   Dual objective     =             0.004126
Iteration:  1009   Dual objective     =             0.014554
Iteration:  1205   Dual objective     =             0.016321
Iteration:  1360   Dual objective     =             0.018254
Removing perturbation.
5×3 Matrix{Float64}:
 0.0  0.0  0.0
 0.0  1.0  1.0
 1.0  0.0  0.0
 0.0  0.0  0.0
 0.0  0.0  0.0
3-element Vector{Float64}:
 0.40515785426844897
 0.526973753643313
 0.35221399760748257
2×7 Matrix{Float64}:
 0.0  0.0  0.0  1.0  0.0  1.0  0.0
 0.0  0.0  0.0  0.0  1.0  0.0  1.0
3-element Vector{Float64}:
 1.0
 1.0
 1.0
5×3 Matrix{Float64}:
 0.0        0.0        0.0
 0.0976613  0.0976613  0.0
 0.0196594  0.0196594  0.0
 0.0        0.0        0.0
 0.0753237  0.0753237  0.0
3-element Vector{Float64}:
 0.1926444934778688
 0.19264449347786883
 0.0
2×7 Matrix{Float64}:
 0.0  0.0  0.0  0.694265  0.692238  1.0  0.478034
 0.0  0.0  0.0  0.305735  0.307762  0.0  0.521966
3-element Vector{Float64}:
 0.1926444934778688
 0.19264449347786883
 0.0
a: [0.0 0.0 0.0; 0.09766133999229798 0.0976613399922977 0.0; 0.01965940574603868 0.01965940574603886 0.0; 0.0 0.0 0.0; 0.07532374773953214 0.07532374773953224 0.0]
b: [0.1926444934778688, 0.19264449347786883, 0.0]
c: [0.0 0.0 0.0 0.6942652311515857 0.6922382548193349 1.0 0.47803400295295806; 0.0 0.0 0.0 0.30573476884841433 0.3077617451806651 0.0 0.5219659970470419]
d: [0.1926444934778688, 0.19264449347786883, 0.0]
comparison (CRT and Glb)on prediction: Dict{Bool, Int64}(0 => 62, 1 => 63)
Dataname	 time	 objv	 lb	 gap	 train_w	 train_g	 test_w	 test_g
/work_bgfs/n/navarrodelacruz/odt/optimal_decision_tree/augmented_datasets/body/body_371.body	 27.24	 0.019264449347786882	 N/A	 N/A	 90.323	 51.613	 88.8	 52.0
