Running 6 processes.
Start training /work_bgfs/n/navarrodelacruz/odt/optimal_decision_tree/augmented_datasets/body/body_607.body with seed 1.
Any[]
(5, 497)
(5, 249)
(5, 124)
(5, 124)
dimension: 5, class: 2
cart cost: 82.98333333333332
size of X: (5, 373)
Using method: Global linear DT optimization
Version identifier: 20.1.0.0 | 2020-11-10 | 9bedb6d68
CPXPARAM_Threads                                 1
CPXPARAM_TimeLimit                               1728000
Tried aggregator 1 time.
Aggregator did 4 substitutions.
Reduced LP has 4857 rows, 1890 columns, and 28360 nonzeros.
Presolve time = 0.01 sec. (8.69 ticks)
Initializing dual steep norms . . .

Iteration log . . .
Iteration:     1   Dual objective     =             0.000000
Perturbation started.
Iteration:   101   Dual objective     =             0.000000
Iteration:   263   Dual objective     =             0.000034
Iteration:   462   Dual objective     =             0.000084
Iteration:   704   Dual objective     =             0.000140
Iteration:   859   Dual objective     =             0.015774
Iteration:  1045   Dual objective     =             0.017012
Iteration:  1185   Dual objective     =             0.017400
Iteration:  1325   Dual objective     =             0.018436
Iteration:  1510   Dual objective     =             0.018754
Iteration:  1718   Dual objective     =             0.019129
Removing perturbation.
5×3 Matrix{Float64}:
 0.0  0.0  0.0
 0.0  0.0  1.0
 1.0  0.0  0.0
 0.0  1.0  0.0
 0.0  0.0  0.0
3-element Vector{Float64}:
 0.4031708014418186
 0.22635346393888656
 0.452077608713219
2×7 Matrix{Float64}:
 0.0  0.0  0.0  1.0  1.0  1.0  0.0
 0.0  0.0  0.0  0.0  0.0  0.0  1.0
3-element Vector{Float64}:
 1.0
 1.0
 1.0
5×3 Matrix{Float64}:
 0.0        0.0        0.0
 0.104211   0.104211   0.0
 0.0516132  0.0516132  0.0
 0.0126496  0.0126496  0.0
 0.0221749  0.0221749  0.0
3-element Vector{Float64}:
 0.19064901522364952
 0.19064901522364947
 0.0
2×7 Matrix{Float64}:
 0.0  0.0  0.0  0.711439  0.708257  1.0  0.449124
 0.0  0.0  0.0  0.288561  0.291743  0.0  0.550876
3-element Vector{Float64}:
 0.1906490152236495
 0.19064901522364947
 0.0
a: [0.0 0.0 0.0; 0.10421131082486473 0.10421131082486523 0.0; 0.05161318918947881 0.05161318918947877 0.0; 0.012649619848214298 0.012649619848213632 0.0; 0.0221748953610916 0.022174895361091844 0.0]
b: [0.19064901522364952, 0.19064901522364947, 0.0]
c: [0.0 0.0 0.0 0.7114385083134271 0.7082568329157835 1.0 0.44912433604599955; 0.0 0.0 0.0 0.28856149168657286 0.29174316708421655 0.0 0.5508756639540004]
d: [0.1906490152236495, 0.19064901522364947, 0.0]
comparison (CRT and Glb)on prediction: Dict{Bool, Int64}(0 => 48, 1 => 76)
Dataname	 time	 objv	 lb	 gap	 train_w	 train_g	 test_w	 test_g
/work_bgfs/n/navarrodelacruz/odt/optimal_decision_tree/augmented_datasets/body/body_607.body	 27.59	 0.019064901522364945	 N/A	 N/A	 88.472	 51.743	 86.29	 52.419
