Running 6 processes.
Start training /work_bgfs/n/navarrodelacruz/odt/optimal_decision_tree/augmented_datasets/body/body_180.body with seed 1.
Any[]
(5, 497)
(5, 249)
(5, 125)
(5, 123)
dimension: 5, class: 2
cart cost: 76.46102362204722
size of X: (5, 374)
Using method: Global linear DT optimization
Version identifier: 20.1.0.0 | 2020-11-10 | 9bedb6d68
CPXPARAM_Threads                                 1
CPXPARAM_TimeLimit                               1728000
Tried aggregator 1 time.
Aggregator did 4 substitutions.
Reduced LP has 4870 rows, 1895 columns, and 28444 nonzeros.
Presolve time = 0.01 sec. (8.81 ticks)
Initializing dual steep norms . . .

Iteration log . . .
Iteration:     1   Dual objective     =             0.000000
Perturbation started.
Iteration:   101   Dual objective     =             0.000000
Iteration:   301   Dual objective     =             0.000040
Iteration:   531   Dual objective     =             0.000099
Iteration:   708   Dual objective     =             0.000142
Iteration:   880   Dual objective     =             0.006171
Iteration:  1115   Dual objective     =             0.009982
Iteration:  1305   Dual objective     =             0.017824
Iteration:  1473   Dual objective     =             0.018173
Iteration:  1701   Dual objective     =             0.019344
Iteration:  1939   Dual objective     =             0.019490
Removing perturbation.
5×3 Matrix{Float64}:
 0.0  0.0  0.0
 0.0  0.0  1.0
 1.0  0.0  0.0
 0.0  1.0  0.0
 0.0  0.0  0.0
3-element Vector{Float64}:
 0.40447678697857803
 0.18325818469246852
 0.38262430512076306
2×7 Matrix{Float64}:
 0.0  0.0  0.0  1.0  1.0  1.0  0.0
 0.0  0.0  0.0  0.0  0.0  0.0  1.0
3-element Vector{Float64}:
 1.0
 1.0
 1.0
5×3 Matrix{Float64}:
 0.0        0.0        0.0
 0.0950931  0.0950931  0.0
 0.0        0.0        0.0
 0.0377139  0.0377139  0.0
 0.0612591  0.0612591  0.0
3-element Vector{Float64}:
 0.19406610037323616
 0.19406610037323618
 0.0
2×7 Matrix{Float64}:
 0.0  0.0  0.0  0.68978  0.675185  1.0  0.465263
 0.0  0.0  0.0  0.31022  0.324815  0.0  0.534737
3-element Vector{Float64}:
 0.19406610037323616
 0.19406610037323618
 0.0
a: [0.0 0.0 0.0; 0.09509310465758762 0.09509310465758772 0.0; 0.0 0.0 0.0; 0.037713944161598234 0.03771394416159807 0.0; 0.06125905155405025 0.06125905155405037 0.0]
b: [0.19406610037323616, 0.19406610037323618, 0.0]
c: [0.0 0.0 0.0 0.6897801079824291 0.6751852366337192 1.0 0.4652632508439055; 0.0 0.0 0.0 0.31021989201757094 0.3248147633662808 0.0 0.5347367491560945]
d: [0.19406610037323616, 0.19406610037323618, 0.0]
comparison (CRT and Glb)on prediction: Dict{Bool, Int64}(0 => 53, 1 => 70)
Dataname	 time	 objv	 lb	 gap	 train_w	 train_g	 test_w	 test_g
/work_bgfs/n/navarrodelacruz/odt/optimal_decision_tree/augmented_datasets/body/body_180.body	 27.54	 0.01940661003732362	 N/A	 N/A	 89.572	 51.07	 89.431	 51.22
