Running 6 processes.
Start training /work_bgfs/n/navarrodelacruz/odt/optimal_decision_tree/augmented_datasets/body/body_784.body with seed 1.
Any[]
(5, 497)
(5, 248)
(5, 124)
(5, 125)
dimension: 5, class: 2
cart cost: 71.98203125
size of X: (5, 372)
Using method: Global linear DT optimization
Version identifier: 20.1.0.0 | 2020-11-10 | 9bedb6d68
CPXPARAM_Threads                                 1
CPXPARAM_TimeLimit                               1728000
Tried aggregator 1 time.
Aggregator did 4 substitutions.
Reduced LP has 4844 rows, 1885 columns, and 28292 nonzeros.
Presolve time = 0.02 sec. (8.74 ticks)
Initializing dual steep norms . . .

Iteration log . . .
Iteration:     1   Dual objective     =             0.000000
Perturbation started.
Iteration:   101   Dual objective     =             0.000000
Iteration:   471   Dual objective     =             0.000092
Iteration:   624   Dual objective     =             0.000127
Iteration:   858   Dual objective     =             0.016988
Iteration:  1067   Dual objective     =             0.017921
Iteration:  1320   Dual objective     =             0.018533
Iteration:  1482   Dual objective     =             0.019495
Removing perturbation.
5×3 Matrix{Float64}:
 0.0  0.0  0.0
 0.0  0.0  1.0
 1.0  0.0  0.0
 0.0  1.0  0.0
 0.0  0.0  0.0
3-element Vector{Float64}:
 0.403047455051083
 0.16706088675844682
 0.37648363668052864
2×7 Matrix{Float64}:
 0.0  0.0  0.0  1.0  1.0  1.0  0.0
 0.0  0.0  0.0  0.0  0.0  0.0  1.0
3-element Vector{Float64}:
 1.0
 1.0
 1.0
5×3 Matrix{Float64}:
 0.0        0.0        0.0
 0.0910295  0.0910295  0.0
 0.0        0.0        0.0
 0.0550517  0.0550517  0.0
 0.0477705  0.0477705  0.0
3-element Vector{Float64}:
 0.19385181263758355
 0.19385181263758353
 0.0
2×7 Matrix{Float64}:
 0.0  0.0  0.0  0.68741  0.682507  1.0  0.460358
 0.0  0.0  0.0  0.31259  0.317493  0.0  0.539642
3-element Vector{Float64}:
 0.19385181263758355
 0.19385181263758353
 0.0
a: [0.0 0.0 0.0; 0.09102954853408102 0.09102954853408057 0.0; 0.0 0.0 0.0; 0.05505172995975967 0.05505172995975943 0.0; 0.047770534143742924 0.047770534143743514 0.0]
b: [0.19385181263758355, 0.19385181263758353, 0.0]
c: [0.0 0.0 0.0 0.687410059974274 0.6825069195722806 1.0 0.4603583409083408; 0.0 0.0 0.0 0.31258994002572604 0.3174930804277194 0.0 0.5396416590916592]
d: [0.19385181263758355, 0.19385181263758353, 0.0]
comparison (CRT and Glb)on prediction: Dict{Bool, Int64}(0 => 60, 1 => 65)
Dataname	 time	 objv	 lb	 gap	 train_w	 train_g	 test_w	 test_g
/work_bgfs/n/navarrodelacruz/odt/optimal_decision_tree/augmented_datasets/body/body_784.body	 27.38	 0.01938518126375836	 N/A	 N/A	 90.054	 51.613	 91.2	 51.2
