Running 6 processes.
Start training /work_bgfs/n/navarrodelacruz/odt/optimal_decision_tree/augmented_datasets/body/body_860.body with seed 1.
Any[]
(5, 497)
(5, 248)
(5, 124)
(5, 125)
dimension: 5, class: 2
cart cost: 70.040625
size of X: (5, 372)
Using method: Global linear DT optimization
Version identifier: 20.1.0.0 | 2020-11-10 | 9bedb6d68
CPXPARAM_Threads                                 1
CPXPARAM_TimeLimit                               1728000
Tried aggregator 1 time.
Aggregator did 4 substitutions.
Reduced LP has 4844 rows, 1885 columns, and 28292 nonzeros.
Presolve time = 0.02 sec. (8.74 ticks)
Initializing dual steep norms . . .

Iteration log . . .
Iteration:     1   Dual objective     =             0.000000
Perturbation started.
Iteration:   101   Dual objective     =             0.000000
Iteration:   361   Dual objective     =             0.000062
Iteration:   558   Dual objective     =             0.000109
Iteration:   763   Dual objective     =             0.010180
Iteration:   958   Dual objective     =             0.016307
Iteration:  1169   Dual objective     =             0.016760
Iteration:  1372   Dual objective     =             0.018970
Removing perturbation.
5×3 Matrix{Float64}:
 0.0  0.0  0.0
 0.0  0.0  1.0
 1.0  0.0  0.0
 0.0  1.0  0.0
 0.0  0.0  0.0
3-element Vector{Float64}:
 0.40806288697228343
 0.22608946478781575
 0.37638337584534787
2×7 Matrix{Float64}:
 0.0  0.0  0.0  1.0  1.0  1.0  0.0
 0.0  0.0  0.0  0.0  0.0  0.0  1.0
3-element Vector{Float64}:
 1.0
 1.0
 1.0
5×3 Matrix{Float64}:
 0.0        0.0        0.0
 0.0909064  0.0909064  0.0
 0.0        0.0        0.0
 0.0555056  0.0555056  0.0
 0.0474808  0.0474808  0.0
3-element Vector{Float64}:
 0.19389276115885778
 0.1938927611588578
 0.0
2×7 Matrix{Float64}:
 0.0  0.0  0.0  0.692521  0.358643  1.0  0.460015
 0.0  0.0  0.0  0.307479  0.641357  0.0  0.539985
3-element Vector{Float64}:
 0.1938927611588578
 0.19389276115885776
 0.0
a: [0.0 0.0 0.0; 0.09090644418119562 0.0909064441811962 0.0; 0.0 0.0 0.0; 0.0555055637352575 0.05550556373525761 0.0; 0.0474807532424047 0.047480753242404 0.0]
b: [0.19389276115885778, 0.1938927611588578, 0.0]
c: [0.0 0.0 0.0 0.6925205441251403 0.3586425838249254 1.0 0.46001540528595564; 0.0 0.0 0.0 0.3074794558748597 0.6413574161750746 0.0 0.5399845947140444]
d: [0.1938927611588578, 0.19389276115885776, 0.0]
comparison (CRT and Glb)on prediction: Dict{Bool, Int64}(0 => 56, 1 => 69)
Dataname	 time	 objv	 lb	 gap	 train_w	 train_g	 test_w	 test_g
/work_bgfs/n/navarrodelacruz/odt/optimal_decision_tree/augmented_datasets/body/body_860.body	 32.37	 0.019389276115885777	 N/A	 N/A	 90.323	 51.613	 91.2	 51.2
