Running 6 processes.
Start training /work_bgfs/n/navarrodelacruz/odt/optimal_decision_tree/augmented_datasets/body/body_143.body with seed 1.
Any[]
(5, 497)
(5, 248)
(5, 124)
(5, 125)
dimension: 5, class: 2
cart cost: 71.98203125
size of X: (5, 372)
Using method: Global linear DT optimization
Version identifier: 20.1.0.0 | 2020-11-10 | 9bedb6d68
CPXPARAM_Threads                                 1
CPXPARAM_TimeLimit                               1728000
Tried aggregator 1 time.
Aggregator did 4 substitutions.
Reduced LP has 4844 rows, 1885 columns, and 28284 nonzeros.
Presolve time = 0.02 sec. (8.67 ticks)
Initializing dual steep norms . . .

Iteration log . . .
Iteration:     1   Dual objective     =             0.000000
Perturbation started.
Iteration:   101   Dual objective     =             0.000000
Iteration:   488   Dual objective     =             0.000097
Iteration:   661   Dual objective     =             0.000131
Iteration:   816   Dual objective     =             0.000507
Iteration:   987   Dual objective     =             0.016729
Iteration:  1141   Dual objective     =             0.017598
Iteration:  1295   Dual objective     =             0.018252
Iteration:  1452   Dual objective     =             0.019093
Removing perturbation.
5×3 Matrix{Float64}:
 0.0  0.0  0.0
 0.0  0.0  1.0
 1.0  0.0  0.0
 0.0  1.0  0.0
 0.0  0.0  0.0
3-element Vector{Float64}:
 0.40451085555999866
 0.2690432437509948
 0.39813693175453924
2×7 Matrix{Float64}:
 0.0  0.0  0.0  1.0  1.0  1.0  0.0
 0.0  0.0  0.0  0.0  0.0  0.0  1.0
3-element Vector{Float64}:
 1.0
 1.0
 1.0
5×3 Matrix{Float64}:
 0.0        0.0        0.0
 0.0954715  0.0954715  0.0
 0.0        0.0        0.0
 0.0368822  0.0368822  0.0
 0.0615979  0.0615979  0.0
3-element Vector{Float64}:
 0.19395152045330538
 0.19395152045330538
 0.0
2×7 Matrix{Float64}:
 0.0  0.0  0.0  0.692241  0.704506  1.0  0.465225
 0.0  0.0  0.0  0.307759  0.295494  0.0  0.534775
3-element Vector{Float64}:
 0.19395152045330538
 0.19395152045330538
 0.0
a: [0.0 0.0 0.0; 0.09547151065573602 0.09547151065573603 0.0; 0.0 0.0 0.0; 0.03688215460064457 0.03688215460064463 0.0; 0.06159785519692477 0.06159785519692472 0.0]
b: [0.19395152045330538, 0.19395152045330538, 0.0]
c: [0.0 0.0 0.0 0.6922408534855391 0.7045061135639215 1.0 0.4652252774251078; 0.0 0.0 0.0 0.3077591465144609 0.29549388643607855 0.0 0.5347747225748922]
d: [0.19395152045330538, 0.19395152045330538, 0.0]
comparison (CRT and Glb)on prediction: Dict{Bool, Int64}(0 => 52, 1 => 73)
Dataname	 time	 objv	 lb	 gap	 train_w	 train_g	 test_w	 test_g
/work_bgfs/n/navarrodelacruz/odt/optimal_decision_tree/augmented_datasets/body/body_143.body	 27.47	 0.019395152045330533	 N/A	 N/A	 90.054	 51.613	 86.4	 51.2
