Running 6 processes.
Start training /work_bgfs/n/navarrodelacruz/odt/optimal_decision_tree/augmented_datasets/body/body_175.body with seed 1.
Any[]
(5, 497)
(5, 249)
(5, 125)
(5, 123)
dimension: 5, class: 2
cart cost: 72.54763779527556
size of X: (5, 374)
Using method: Global linear DT optimization
Version identifier: 20.1.0.0 | 2020-11-10 | 9bedb6d68
CPXPARAM_Threads                                 1
CPXPARAM_TimeLimit                               1728000
Tried aggregator 1 time.
Aggregator did 4 substitutions.
Reduced LP has 4870 rows, 1895 columns, and 28444 nonzeros.
Presolve time = 0.01 sec. (8.79 ticks)
Initializing dual steep norms . . .

Iteration log . . .
Iteration:     1   Dual objective     =             0.000000
Perturbation started.
Iteration:   101   Dual objective     =             0.000000
Iteration:   285   Dual objective     =             0.000031
Iteration:   481   Dual objective     =             0.000048
Iteration:   695   Dual objective     =             0.000093
Iteration:   907   Dual objective     =             0.000147
Iteration:  1089   Dual objective     =             0.000185
Iteration:  1246   Dual objective     =             0.006142
Iteration:  1413   Dual objective     =             0.012486
Iteration:  1622   Dual objective     =             0.015257
Iteration:  1786   Dual objective     =             0.016120
Iteration:  2056   Dual objective     =             0.017574
Iteration:  2289   Dual objective     =             0.018354
Removing perturbation.
5×3 Matrix{Float64}:
 0.0  0.0  0.0
 0.0  0.0  1.0
 1.0  0.0  0.0
 0.0  1.0  0.0
 0.0  0.0  0.0
3-element Vector{Float64}:
 0.40189617545590206
 0.18295912681457227
 0.3766134061937078
2×7 Matrix{Float64}:
 0.0  0.0  0.0  1.0  1.0  1.0  0.0
 0.0  0.0  0.0  0.0  0.0  0.0  1.0
3-element Vector{Float64}:
 1.0
 1.0
 1.0
5×3 Matrix{Float64}:
 0.00751511  0.00751511  0.0
 0.121002    0.121002    0.0
 0.0         0.0         0.0
 0.0         0.0         0.0
 0.0630582   0.0630582   0.0
3-element Vector{Float64}:
 0.19157545664934397
 0.19157545664934394
 0.0
2×7 Matrix{Float64}:
 0.0  0.0  0.0  0.692507  0.723044  0.0  0.457328
 0.0  0.0  0.0  0.307493  0.276956  1.0  0.542672
3-element Vector{Float64}:
 0.19157545664934397
 0.19157545664934394
 0.0
a: [0.007515114648160966 0.0075151146481612086 0.0; 0.1210021069407482 0.12100210694074823 0.0; 0.0 0.0 0.0; 0.0 0.0 0.0; 0.06305823506043481 0.06305823506043451 0.0]
b: [0.19157545664934397, 0.19157545664934394, 0.0]
c: [0.0 0.0 0.0 0.6925067944573434 0.7230442938274129 0.0 0.45732752633010554; 0.0 0.0 0.0 0.3074932055426566 0.27695570617258713 1.0 0.5426724736698945]
d: [0.19157545664934397, 0.19157545664934394, 0.0]
comparison (CRT and Glb)on prediction: Dict{Bool, Int64}(0 => 60, 1 => 63)
Dataname	 time	 objv	 lb	 gap	 train_w	 train_g	 test_w	 test_g
/work_bgfs/n/navarrodelacruz/odt/optimal_decision_tree/augmented_datasets/body/body_175.body	 27.17	 0.019157545664934394	 N/A	 N/A	 90.107	 51.07	 90.244	 51.22
