Running 6 processes.
Start training /work_bgfs/n/navarrodelacruz/odt/optimal_decision_tree/augmented_datasets/body/body_204.body with seed 1.
Any[]
(5, 497)
(5, 249)
(5, 125)
(5, 123)
dimension: 5, class: 2
cart cost: 74.50433070866139
size of X: (5, 374)
Using method: Global linear DT optimization
Version identifier: 20.1.0.0 | 2020-11-10 | 9bedb6d68
CPXPARAM_Threads                                 1
CPXPARAM_TimeLimit                               1728000
Tried aggregator 1 time.
Aggregator did 4 substitutions.
Reduced LP has 4870 rows, 1895 columns, and 28444 nonzeros.
Presolve time = 0.02 sec. (8.79 ticks)
Initializing dual steep norms . . .

Iteration log . . .
Iteration:     1   Dual objective     =             0.000000
Perturbation started.
Iteration:   101   Dual objective     =             0.000000
Iteration:   393   Dual objective     =             0.000067
Iteration:   588   Dual objective     =             0.000111
Iteration:   780   Dual objective     =             0.000160
Iteration:   975   Dual objective     =             0.016294
Iteration:  1129   Dual objective     =             0.017867
Iteration:  1275   Dual objective     =             0.018400
Iteration:  1452   Dual objective     =             0.018460
Iteration:  1600   Dual objective     =             0.019281
Removing perturbation.
5×3 Matrix{Float64}:
 0.0  0.0  0.0
 0.0  0.0  1.0
 1.0  0.0  0.0
 0.0  1.0  0.0
 0.0  0.0  0.0
3-element Vector{Float64}:
 0.40050260313603503
 0.18188932384018114
 0.3772612386560805
2×7 Matrix{Float64}:
 0.0  0.0  0.0  1.0  1.0  1.0  0.0
 0.0  0.0  0.0  0.0  0.0  0.0  1.0
3-element Vector{Float64}:
 1.0
 1.0
 1.0
5×3 Matrix{Float64}:
 0.0        0.0        0.0
 0.114011   0.114011   0.0
 0.0183692  0.0183692  0.0
 0.0        0.0        0.0
 0.0598675  0.0598675  0.0
3-element Vector{Float64}:
 0.19224756980301747
 0.1922475698030175
 0.0
2×7 Matrix{Float64}:
 0.0  0.0  0.0  0.695345  0.701854  1.0  0.458636
 0.0  0.0  0.0  0.304655  0.298146  0.0  0.541364
3-element Vector{Float64}:
 0.19224756980301747
 0.1922475698030175
 0.0
a: [0.0 0.0 0.0; 0.11401087930511299 0.11401087930511303 0.0; 0.01836918575244137 0.018369185752441355 0.0; 0.0 0.0 0.0; 0.0598675047454631 0.059867504745463124 0.0]
b: [0.19224756980301747, 0.1922475698030175, 0.0]
c: [0.0 0.0 0.0 0.695344548800181 0.7018537893697618 1.0 0.45863590242318353; 0.0 0.0 0.0 0.30465545119981896 0.29814621063023816 0.0 0.5413640975768165]
d: [0.19224756980301747, 0.1922475698030175, 0.0]
comparison (CRT and Glb)on prediction: Dict{Bool, Int64}(0 => 60, 1 => 63)
Dataname	 time	 objv	 lb	 gap	 train_w	 train_g	 test_w	 test_g
/work_bgfs/n/navarrodelacruz/odt/optimal_decision_tree/augmented_datasets/body/body_204.body	 27.43	 0.01922475698030175	 N/A	 N/A	 89.84	 51.07	 91.87	 51.22
